[2026-05-02T05:50:24.402+0000] {taskinstance.py:1956} INFO - Dependencies all met for dep_context=non-requeueable deps ti=<TaskInstance: daily_student_pipeline.extract_group.extract_api manual__2026-05-02T05:50:21.324448+00:00 [queued]>
[2026-05-02T05:50:24.410+0000] {taskinstance.py:1956} INFO - Dependencies all met for dep_context=requeueable deps ti=<TaskInstance: daily_student_pipeline.extract_group.extract_api manual__2026-05-02T05:50:21.324448+00:00 [queued]>
[2026-05-02T05:50:24.411+0000] {taskinstance.py:2170} INFO - Starting attempt 1 of 1
[2026-05-02T05:50:24.424+0000] {taskinstance.py:2191} INFO - Executing <Task(PythonOperator): extract_group.extract_api> on 2026-05-02 05:50:21.324448+00:00
[2026-05-02T05:50:24.430+0000] {standard_task_runner.py:60} INFO - Started process 19476 to run task
[2026-05-02T05:50:24.433+0000] {standard_task_runner.py:87} INFO - Running: ['***', 'tasks', 'run', 'daily_student_pipeline', 'extract_group.extract_api', 'manual__2026-05-02T05:50:21.324448+00:00', '--job-id', '638', '--raw', '--subdir', 'DAGS_FOLDER/daily_student_pipeline.py', '--cfg-path', '/tmp/tmpr7iesbd5']
[2026-05-02T05:50:24.435+0000] {standard_task_runner.py:88} INFO - Job 638: Subtask extract_group.extract_api
[2026-05-02T05:50:24.507+0000] {task_command.py:423} INFO - Running <TaskInstance: daily_student_pipeline.extract_group.extract_api manual__2026-05-02T05:50:21.324448+00:00 [running]> on host 485f600440bc
[2026-05-02T05:50:24.592+0000] {taskinstance.py:2480} INFO - Exporting env vars: AIRFLOW_CTX_DAG_OWNER='nhom8' AIRFLOW_CTX_DAG_ID='daily_student_pipeline' AIRFLOW_CTX_TASK_ID='extract_group.extract_api' AIRFLOW_CTX_EXECUTION_DATE='2026-05-02T05:50:21.324448+00:00' AIRFLOW_CTX_TRY_NUMBER='1' AIRFLOW_CTX_DAG_RUN_ID='manual__2026-05-02T05:50:21.324448+00:00'
[2026-05-02T05:50:25.157+0000] {extract.py:67} INFO -   PostgreSQL | hoc_ky_nam_hoc            →     13 records
[2026-05-02T05:50:25.157+0000] {extract.py:367} INFO - ════════════════════════════════════════════════════════════
[2026-05-02T05:50:25.158+0000] {extract.py:368} INFO - NGUỒN 3 — API/JSON (Portal Tài chính) | Extract
[2026-05-02T05:50:25.158+0000] {extract.py:369} INFO - ════════════════════════════════════════════════════════════
[2026-05-02T05:50:25.163+0000] {extract.py:253} INFO -   API | Tìm thấy 14 JSON file trong: /opt/***/data/api_json
[2026-05-02T05:50:25.240+0000] {extract.py:392} INFO -   API | (taichinh_all.json) → 9,769 records (dedup: 58)
[2026-05-02T05:50:25.353+0000] {minio_client.py:142} INFO -   MinIO ↑ [raw-data] 2026-05-02_05-50/nguon3_tai_chinh.parquet (93.5 KB | 9,769 rows)
[2026-05-02T05:50:25.359+0000] {logging_mixin.py:188} INFO - [Extract API] 9,769 records | run_id=2026-05-02_05-50
[2026-05-02T05:50:25.360+0000] {python.py:201} INFO - Done. Returned value was: 9769
[2026-05-02T05:50:25.387+0000] {taskinstance.py:1138} INFO - Marking task as SUCCESS. dag_id=daily_student_pipeline, task_id=extract_group.extract_api, execution_date=20260502T055021, start_date=20260502T055024, end_date=20260502T055025
[2026-05-02T05:50:25.420+0000] {local_task_job_runner.py:234} INFO - Task exited with return code 0
[2026-05-02T05:50:25.447+0000] {taskinstance.py:3280} INFO - 0 downstream tasks scheduled from follow-on schedule check
