[2026-04-19T07:32:32.176+0000] {taskinstance.py:1956} INFO - Dependencies all met for dep_context=non-requeueable deps ti=<TaskInstance: daily_student_pipeline.extract_data manual__2026-04-19T07:32:30.096013+00:00 [queued]>
[2026-04-19T07:32:32.189+0000] {taskinstance.py:1956} INFO - Dependencies all met for dep_context=requeueable deps ti=<TaskInstance: daily_student_pipeline.extract_data manual__2026-04-19T07:32:30.096013+00:00 [queued]>
[2026-04-19T07:32:32.190+0000] {taskinstance.py:2170} INFO - Starting attempt 1 of 1
[2026-04-19T07:32:32.209+0000] {taskinstance.py:2191} INFO - Executing <Task(PythonOperator): extract_data> on 2026-04-19 07:32:30.096013+00:00
[2026-04-19T07:32:32.213+0000] {standard_task_runner.py:60} INFO - Started process 2288 to run task
[2026-04-19T07:32:32.215+0000] {standard_task_runner.py:87} INFO - Running: ['***', 'tasks', 'run', 'daily_student_pipeline', 'extract_data', 'manual__2026-04-19T07:32:30.096013+00:00', '--job-id', '335', '--raw', '--subdir', 'DAGS_FOLDER/daily_student_pipeline.py', '--cfg-path', '/tmp/tmpz_j06tj0']
[2026-04-19T07:32:32.218+0000] {standard_task_runner.py:88} INFO - Job 335: Subtask extract_data
[2026-04-19T07:32:32.306+0000] {task_command.py:423} INFO - Running <TaskInstance: daily_student_pipeline.extract_data manual__2026-04-19T07:32:30.096013+00:00 [running]> on host eb2cbdc99987
[2026-04-19T07:32:32.523+0000] {taskinstance.py:2480} INFO - Exporting env vars: AIRFLOW_CTX_DAG_OWNER='nhom8' AIRFLOW_CTX_DAG_ID='daily_student_pipeline' AIRFLOW_CTX_TASK_ID='extract_data' AIRFLOW_CTX_EXECUTION_DATE='2026-04-19T07:32:30.096013+00:00' AIRFLOW_CTX_TRY_NUMBER='1' AIRFLOW_CTX_DAG_RUN_ID='manual__2026-04-19T07:32:30.096013+00:00'
[2026-04-19T07:32:34.366+0000] {logging_mixin.py:188} WARNING - [2026-04-19 07:32:34] INFO    etl.extract : ==BẮT ĐẦU FULL EXTRACT==
[2026-04-19T07:32:34.365+0000] {extract.py:281} INFO - ==BẮT ĐẦU FULL EXTRACT==
[2026-04-19T07:32:34.367+0000] {logging_mixin.py:188} WARNING - [2026-04-19 07:32:34] INFO    etl.extract : ======================================================================
[2026-04-19T07:32:34.367+0000] {extract.py:282} INFO - ======================================================================
[2026-04-19T07:32:34.376+0000] {logging_mixin.py:188} WARNING - [2026-04-19 07:32:34] INFO    etl.extract : ════════════════════════════════════════════════════════════
[2026-04-19T07:32:34.376+0000] {extract.py:84} INFO - ════════════════════════════════════════════════════════════
[2026-04-19T07:32:34.377+0000] {logging_mixin.py:188} WARNING - [2026-04-19 07:32:34] INFO    etl.extract : NGUỒN 1 — PostgreSQL (Phòng Đào tạo) | Full Extract
[2026-04-19T07:32:34.377+0000] {extract.py:85} INFO - NGUỒN 1 — PostgreSQL (Phòng Đào tạo) | Full Extract
[2026-04-19T07:32:34.378+0000] {logging_mixin.py:188} WARNING - [2026-04-19 07:32:34] INFO    etl.extract : ════════════════════════════════════════════════════════════
[2026-04-19T07:32:34.378+0000] {extract.py:86} INFO - ════════════════════════════════════════════════════════════
[2026-04-19T07:32:34.453+0000] {logging_mixin.py:188} WARNING - [2026-04-19 07:32:34] INFO    etl.extract :   PostgreSQL | khoa                      →      4 records
[2026-04-19T07:32:34.453+0000] {extract.py:68} INFO -   PostgreSQL | khoa                      →      4 records
[2026-04-19T07:32:34.474+0000] {logging_mixin.py:188} WARNING - [2026-04-19 07:32:34] INFO    etl.extract :   PostgreSQL | nganh                     →      3 records
[2026-04-19T07:32:34.474+0000] {extract.py:68} INFO -   PostgreSQL | nganh                     →      3 records
[2026-04-19T07:32:34.498+0000] {logging_mixin.py:188} WARNING - [2026-04-19 07:32:34] INFO    etl.extract :   PostgreSQL | giang_vien                →     45 records
[2026-04-19T07:32:34.498+0000] {extract.py:68} INFO -   PostgreSQL | giang_vien                →     45 records
[2026-04-19T07:32:34.534+0000] {logging_mixin.py:188} WARNING - [2026-04-19 07:32:34] INFO    etl.extract :   PostgreSQL | lop_hanh_chinh            →     48 records
[2026-04-19T07:32:34.533+0000] {extract.py:68} INFO -   PostgreSQL | lop_hanh_chinh            →     48 records
[2026-04-19T07:32:34.633+0000] {logging_mixin.py:188} WARNING - [2026-04-19 07:32:34] INFO    etl.extract :   PostgreSQL | sinh_vien                 →  1,695 records
[2026-04-19T07:32:34.633+0000] {extract.py:68} INFO -   PostgreSQL | sinh_vien                 →  1,695 records
[2026-04-19T07:32:34.660+0000] {logging_mixin.py:188} WARNING - [2026-04-19 07:32:34] INFO    etl.extract :   PostgreSQL | hoc_phan                  →    121 records
[2026-04-19T07:32:34.660+0000] {extract.py:68} INFO -   PostgreSQL | hoc_phan                  →    121 records
[2026-04-19T07:32:34.672+0000] {logging_mixin.py:188} WARNING - [2026-04-19 07:32:34] INFO    etl.extract :   PostgreSQL | hoc_ky_nam_hoc            →      9 records
[2026-04-19T07:32:34.672+0000] {extract.py:68} INFO -   PostgreSQL | hoc_ky_nam_hoc            →      9 records
[2026-04-19T07:32:35.115+0000] {logging_mixin.py:188} WARNING - [2026-04-19 07:32:35] INFO    etl.extract :   PostgreSQL | dang_ky_hoc_phan          → 57,782 records
[2026-04-19T07:32:35.115+0000] {extract.py:68} INFO -   PostgreSQL | dang_ky_hoc_phan          → 57,782 records
[2026-04-19T07:32:36.041+0000] {logging_mixin.py:188} WARNING - [2026-04-19 07:32:36] INFO    etl.extract :   PostgreSQL | diem_hoc_phan             → 57,292 records
[2026-04-19T07:32:36.041+0000] {extract.py:68} INFO -   PostgreSQL | diem_hoc_phan             → 57,292 records
[2026-04-19T07:32:36.104+0000] {logging_mixin.py:188} WARNING - [2026-04-19 07:32:36] INFO    etl.extract :   PostgreSQL | tong_hop_ket_qua          →  1,695 records
[2026-04-19T07:32:36.104+0000] {extract.py:68} INFO -   PostgreSQL | tong_hop_ket_qua          →  1,695 records
[2026-04-19T07:32:36.106+0000] {logging_mixin.py:188} WARNING - [2026-04-19 07:32:36] INFO    etl.extract :   PostgreSQL | TỔNG: 118,694 records từ 10 bảng
[2026-04-19T07:32:36.106+0000] {extract.py:93} INFO -   PostgreSQL | TỔNG: 118,694 records từ 10 bảng
[2026-04-19T07:32:36.107+0000] {logging_mixin.py:188} WARNING - [2026-04-19 07:32:36] INFO    etl.extract : ════════════════════════════════════════════════════════════
[2026-04-19T07:32:36.107+0000] {extract.py:167} INFO - ════════════════════════════════════════════════════════════
[2026-04-19T07:32:36.108+0000] {logging_mixin.py:188} WARNING - [2026-04-19 07:32:36] INFO    etl.extract : NGUỒN 2 — CSV (Phòng CTSV) | Extract
[2026-04-19T07:32:36.108+0000] {extract.py:168} INFO - NGUỒN 2 — CSV (Phòng CTSV) | Extract
[2026-04-19T07:32:36.109+0000] {logging_mixin.py:188} WARNING - [2026-04-19 07:32:36] INFO    etl.extract : ════════════════════════════════════════════════════════════
[2026-04-19T07:32:36.108+0000] {extract.py:169} INFO - ════════════════════════════════════════════════════════════
[2026-04-19T07:32:36.111+0000] {logging_mixin.py:188} WARNING - [2026-04-19 07:32:36] INFO    etl.extract :   CSV | Tìm thấy 9 file(s)
[2026-04-19T07:32:36.111+0000] {extract.py:178} INFO -   CSV | Tìm thấy 9 file(s)
[2026-04-19T07:32:36.119+0000] {logging_mixin.py:188} WARNING - [2026-04-19 07:32:36] INFO    etl.extract :   CSV | ctsv_HK1_2021_22.csv                →    791 records
[2026-04-19T07:32:36.119+0000] {extract.py:144} INFO -   CSV | ctsv_HK1_2021_22.csv                →    791 records
[2026-04-19T07:32:36.124+0000] {logging_mixin.py:188} WARNING - [2026-04-19 07:32:36] INFO    etl.extract :   CSV | ctsv_HK1_2022_23.csv                →  1,624 records
[2026-04-19T07:32:36.124+0000] {extract.py:144} INFO -   CSV | ctsv_HK1_2022_23.csv                →  1,624 records
[2026-04-19T07:32:36.130+0000] {logging_mixin.py:188} WARNING - [2026-04-19 07:32:36] INFO    etl.extract :   CSV | ctsv_HK1_2023_24.csv                →  2,483 records
[2026-04-19T07:32:36.130+0000] {extract.py:144} INFO -   CSV | ctsv_HK1_2023_24.csv                →  2,483 records
[2026-04-19T07:32:36.137+0000] {logging_mixin.py:188} WARNING - [2026-04-19 07:32:36] INFO    etl.extract :   CSV | ctsv_HK1_2024_25.csv                →  3,341 records
[2026-04-19T07:32:36.137+0000] {extract.py:144} INFO -   CSV | ctsv_HK1_2024_25.csv                →  3,341 records
[2026-04-19T07:32:36.143+0000] {logging_mixin.py:188} WARNING - [2026-04-19 07:32:36] INFO    etl.extract :   CSV | ctsv_HK1_2025_26.csv                →  2,559 records
[2026-04-19T07:32:36.143+0000] {extract.py:144} INFO -   CSV | ctsv_HK1_2025_26.csv                →  2,559 records
[2026-04-19T07:32:36.149+0000] {logging_mixin.py:188} WARNING - [2026-04-19 07:32:36] INFO    etl.extract :   CSV | ctsv_HK2_2021_22.csv                →    789 records
[2026-04-19T07:32:36.149+0000] {extract.py:144} INFO -   CSV | ctsv_HK2_2021_22.csv                →    789 records
[2026-04-19T07:32:36.155+0000] {logging_mixin.py:188} WARNING - [2026-04-19 07:32:36] INFO    etl.extract :   CSV | ctsv_HK2_2022_23.csv                →  1,613 records
[2026-04-19T07:32:36.155+0000] {extract.py:144} INFO -   CSV | ctsv_HK2_2022_23.csv                →  1,613 records
[2026-04-19T07:32:36.162+0000] {logging_mixin.py:188} WARNING - [2026-04-19 07:32:36] INFO    etl.extract :   CSV | ctsv_HK2_2023_24.csv                →  2,480 records
[2026-04-19T07:32:36.162+0000] {extract.py:144} INFO -   CSV | ctsv_HK2_2023_24.csv                →  2,480 records
[2026-04-19T07:32:36.170+0000] {logging_mixin.py:188} WARNING - [2026-04-19 07:32:36] INFO    etl.extract :   CSV | ctsv_HK2_2024_25.csv                →  2,955 records
[2026-04-19T07:32:36.170+0000] {extract.py:144} INFO -   CSV | ctsv_HK2_2024_25.csv                →  2,955 records
[2026-04-19T07:32:36.176+0000] {logging_mixin.py:188} WARNING - [2026-04-19 07:32:36] INFO    etl.extract :   CSV | Loại bỏ 9086 bản ghi trùng
[2026-04-19T07:32:36.176+0000] {extract.py:195} INFO -   CSV | Loại bỏ 9086 bản ghi trùng
[2026-04-19T07:32:36.177+0000] {logging_mixin.py:188} WARNING - [2026-04-19 07:32:36] INFO    etl.extract :   CSV | TỔNG: 9,549 records từ 9 file(s)
[2026-04-19T07:32:36.177+0000] {extract.py:197} INFO -   CSV | TỔNG: 9,549 records từ 9 file(s)
[2026-04-19T07:32:36.240+0000] {logging_mixin.py:188} WARNING - [2026-04-19 07:32:36] INFO    etl.extract :   API | (HTTP) HK HK1-2021-22 →    393 records
[2026-04-19T07:32:36.240+0000] {extract.py:229} INFO -   API | (HTTP) HK HK1-2021-22 →    393 records
[2026-04-19T07:32:36.262+0000] {logging_mixin.py:188} WARNING - [2026-04-19 07:32:36] INFO    etl.extract :   API | (HTTP) HK HK1-2022-23 →    804 records
[2026-04-19T07:32:36.262+0000] {extract.py:229} INFO -   API | (HTTP) HK HK1-2022-23 →    804 records
[2026-04-19T07:32:36.293+0000] {logging_mixin.py:188} WARNING - [2026-04-19 07:32:36] INFO    etl.extract :   API | (HTTP) HK HK1-2023-24 →  1,232 records
[2026-04-19T07:32:36.293+0000] {extract.py:229} INFO -   API | (HTTP) HK HK1-2023-24 →  1,232 records
[2026-04-19T07:32:36.332+0000] {logging_mixin.py:188} WARNING - [2026-04-19 07:32:36] INFO    etl.extract :   API | (HTTP) HK HK1-2024-25 →  1,655 records
[2026-04-19T07:32:36.332+0000] {extract.py:229} INFO -   API | (HTTP) HK HK1-2024-25 →  1,655 records
[2026-04-19T07:32:36.363+0000] {logging_mixin.py:188} WARNING - [2026-04-19 07:32:36] INFO    etl.extract :   API | (HTTP) HK HK1-2025-26 →  1,267 records
[2026-04-19T07:32:36.363+0000] {extract.py:229} INFO -   API | (HTTP) HK HK1-2025-26 →  1,267 records
[2026-04-19T07:32:36.377+0000] {logging_mixin.py:188} WARNING - [2026-04-19 07:32:36] INFO    etl.extract :   API | (HTTP) HK HK2-2021-22 →    394 records
[2026-04-19T07:32:36.377+0000] {extract.py:229} INFO -   API | (HTTP) HK HK2-2021-22 →    394 records
[2026-04-19T07:32:36.399+0000] {logging_mixin.py:188} WARNING - [2026-04-19 07:32:36] INFO    etl.extract :   API | (HTTP) HK HK2-2022-23 →    803 records
[2026-04-19T07:32:36.399+0000] {extract.py:229} INFO -   API | (HTTP) HK HK2-2022-23 →    803 records
[2026-04-19T07:32:36.437+0000] {logging_mixin.py:188} WARNING - [2026-04-19 07:32:36] INFO    etl.extract :   API | (HTTP) HK HK2-2023-24 →  1,226 records
[2026-04-19T07:32:36.436+0000] {extract.py:229} INFO -   API | (HTTP) HK HK2-2023-24 →  1,226 records
[2026-04-19T07:32:36.482+0000] {logging_mixin.py:188} WARNING - [2026-04-19 07:32:36] INFO    etl.extract :   API | (HTTP) HK HK2-2024-25 →  1,525 records
[2026-04-19T07:32:36.482+0000] {extract.py:229} INFO -   API | (HTTP) HK HK2-2024-25 →  1,525 records
[2026-04-19T07:32:36.484+0000] {logging_mixin.py:188} WARNING - [2026-04-19 07:32:36] INFO    etl.extract :   API | TỔNG: 9,299 records từ 9 HK
[2026-04-19T07:32:36.484+0000] {extract.py:270} INFO -   API | TỔNG: 9,299 records từ 9 HK
[2026-04-19T07:32:39.520+0000] {logging_mixin.py:188} WARNING - [2026-04-19 07:32:39] INFO    utils.minio :   MinIO ↑ [raw-data] 2026-04-19_07-32/nguon1_sinh_vien.parquet (47.6 KB | 1,695 rows)
[2026-04-19T07:32:39.520+0000] {minio_client.py:142} INFO -   MinIO ↑ [raw-data] 2026-04-19_07-32/nguon1_sinh_vien.parquet (47.6 KB | 1,695 rows)
[2026-04-19T07:32:39.656+0000] {logging_mixin.py:188} WARNING - [2026-04-19 07:32:39] INFO    utils.minio :   MinIO ↑ [raw-data] 2026-04-19_07-32/nguon1_dang_ky.parquet (505.3 KB | 57,782 rows)
[2026-04-19T07:32:39.656+0000] {minio_client.py:142} INFO -   MinIO ↑ [raw-data] 2026-04-19_07-32/nguon1_dang_ky.parquet (505.3 KB | 57,782 rows)
[2026-04-19T07:32:39.737+0000] {logging_mixin.py:188} WARNING - [2026-04-19 07:32:39] INFO    utils.minio :   MinIO ↑ [raw-data] 2026-04-19_07-32/nguon1_diem.parquet (1185.6 KB | 57,292 rows)
[2026-04-19T07:32:39.737+0000] {minio_client.py:142} INFO -   MinIO ↑ [raw-data] 2026-04-19_07-32/nguon1_diem.parquet (1185.6 KB | 57,292 rows)
[2026-04-19T07:32:39.749+0000] {logging_mixin.py:188} WARNING - [2026-04-19 07:32:39] INFO    utils.minio :   MinIO ↑ [raw-data] 2026-04-19_07-32/nguon1_hoc_phan.parquet (10.3 KB | 121 rows)
[2026-04-19T07:32:39.749+0000] {minio_client.py:142} INFO -   MinIO ↑ [raw-data] 2026-04-19_07-32/nguon1_hoc_phan.parquet (10.3 KB | 121 rows)
[2026-04-19T07:32:39.759+0000] {logging_mixin.py:188} WARNING - [2026-04-19 07:32:39] INFO    utils.minio :   MinIO ↑ [raw-data] 2026-04-19_07-32/nguon1_hoc_ky.parquet (4.1 KB | 9 rows)
[2026-04-19T07:32:39.759+0000] {minio_client.py:142} INFO -   MinIO ↑ [raw-data] 2026-04-19_07-32/nguon1_hoc_ky.parquet (4.1 KB | 9 rows)
[2026-04-19T07:32:39.770+0000] {logging_mixin.py:188} WARNING - [2026-04-19 07:32:39] INFO    utils.minio :   MinIO ↑ [raw-data] 2026-04-19_07-32/nguon1_giang_vien.parquet (8.3 KB | 45 rows)
[2026-04-19T07:32:39.770+0000] {minio_client.py:142} INFO -   MinIO ↑ [raw-data] 2026-04-19_07-32/nguon1_giang_vien.parquet (8.3 KB | 45 rows)
[2026-04-19T07:32:39.781+0000] {logging_mixin.py:188} WARNING - [2026-04-19 07:32:39] INFO    utils.minio :   MinIO ↑ [raw-data] 2026-04-19_07-32/nguon1_khoa.parquet (2.6 KB | 4 rows)
[2026-04-19T07:32:39.780+0000] {minio_client.py:142} INFO -   MinIO ↑ [raw-data] 2026-04-19_07-32/nguon1_khoa.parquet (2.6 KB | 4 rows)
[2026-04-19T07:32:39.791+0000] {logging_mixin.py:188} WARNING - [2026-04-19 07:32:39] INFO    utils.minio :   MinIO ↑ [raw-data] 2026-04-19_07-32/nguon1_nganh.parquet (3.2 KB | 3 rows)
[2026-04-19T07:32:39.791+0000] {minio_client.py:142} INFO -   MinIO ↑ [raw-data] 2026-04-19_07-32/nguon1_nganh.parquet (3.2 KB | 3 rows)
[2026-04-19T07:32:39.801+0000] {logging_mixin.py:188} WARNING - [2026-04-19 07:32:39] INFO    utils.minio :   MinIO ↑ [raw-data] 2026-04-19_07-32/nguon1_lop_hanh_chinh.parquet (4.8 KB | 48 rows)
[2026-04-19T07:32:39.801+0000] {minio_client.py:142} INFO -   MinIO ↑ [raw-data] 2026-04-19_07-32/nguon1_lop_hanh_chinh.parquet (4.8 KB | 48 rows)
[2026-04-19T07:32:39.813+0000] {logging_mixin.py:188} WARNING - [2026-04-19 07:32:39] INFO    utils.minio :   MinIO ↑ [raw-data] 2026-04-19_07-32/nguon1_tong_hop_ket_qua.parquet (22.3 KB | 1,695 rows)
[2026-04-19T07:32:39.813+0000] {minio_client.py:142} INFO -   MinIO ↑ [raw-data] 2026-04-19_07-32/nguon1_tong_hop_ket_qua.parquet (22.3 KB | 1,695 rows)
[2026-04-19T07:32:39.828+0000] {logging_mixin.py:188} WARNING - [2026-04-19 07:32:39] INFO    utils.minio :   MinIO ↑ [raw-data] 2026-04-19_07-32/nguon2_ctsv.parquet (42.4 KB | 9,549 rows)
[2026-04-19T07:32:39.828+0000] {minio_client.py:142} INFO -   MinIO ↑ [raw-data] 2026-04-19_07-32/nguon2_ctsv.parquet (42.4 KB | 9,549 rows)
[2026-04-19T07:32:39.846+0000] {logging_mixin.py:188} WARNING - [2026-04-19 07:32:39] INFO    utils.minio :   MinIO ↑ [raw-data] 2026-04-19_07-32/nguon3_tai_chinh.parquet (95.9 KB | 9,299 rows)
[2026-04-19T07:32:39.846+0000] {minio_client.py:142} INFO -   MinIO ↑ [raw-data] 2026-04-19_07-32/nguon3_tai_chinh.parquet (95.9 KB | 9,299 rows)
[2026-04-19T07:32:39.847+0000] {logging_mixin.py:188} WARNING - [2026-04-19 07:32:39] INFO    utils.minio :   MinIO upload xong: 12/12 files | run_id=2026-04-19_07-32
[2026-04-19T07:32:39.847+0000] {minio_client.py:188} INFO -   MinIO upload xong: 12/12 files | run_id=2026-04-19_07-32
[2026-04-19T07:32:39.848+0000] {logging_mixin.py:188} WARNING - [2026-04-19 07:32:39] INFO    etl.extract :   MinIO staging: 12/12 files OK → run_id=2026-04-19_07-32
[2026-04-19T07:32:39.848+0000] {extract.py:337} INFO -   MinIO staging: 12/12 files OK → run_id=2026-04-19_07-32
[2026-04-19T07:32:39.850+0000] {logging_mixin.py:188} WARNING - [2026-04-19 07:32:39] INFO    etl.extract : ======================================================================
[2026-04-19T07:32:39.850+0000] {extract.py:300} INFO - ======================================================================
[2026-04-19T07:32:39.851+0000] {logging_mixin.py:188} WARNING - [2026-04-19 07:32:39] INFO    etl.extract :  FULL EXTRACT HOÀN TẤT
[2026-04-19T07:32:39.851+0000] {extract.py:301} INFO -  FULL EXTRACT HOÀN TẤT
[2026-04-19T07:32:39.852+0000] {logging_mixin.py:188} WARNING - [2026-04-19 07:32:39] INFO    etl.extract :    khoa                     :        4
[2026-04-19T07:32:39.852+0000] {extract.py:303} INFO -    khoa                     :        4
[2026-04-19T07:32:39.853+0000] {logging_mixin.py:188} WARNING - [2026-04-19 07:32:39] INFO    etl.extract :    nganh                    :        3
[2026-04-19T07:32:39.853+0000] {extract.py:303} INFO -    nganh                    :        3
[2026-04-19T07:32:39.854+0000] {logging_mixin.py:188} WARNING - [2026-04-19 07:32:39] INFO    etl.extract :    giang_vien               :       45
[2026-04-19T07:32:39.854+0000] {extract.py:303} INFO -    giang_vien               :       45
[2026-04-19T07:32:39.855+0000] {logging_mixin.py:188} WARNING - [2026-04-19 07:32:39] INFO    etl.extract :    lop_hanh_chinh           :       48
[2026-04-19T07:32:39.855+0000] {extract.py:303} INFO -    lop_hanh_chinh           :       48
[2026-04-19T07:32:39.856+0000] {logging_mixin.py:188} WARNING - [2026-04-19 07:32:39] INFO    etl.extract :    sinh_vien                :    1,695
[2026-04-19T07:32:39.856+0000] {extract.py:303} INFO -    sinh_vien                :    1,695
[2026-04-19T07:32:39.856+0000] {logging_mixin.py:188} WARNING - [2026-04-19 07:32:39] INFO    etl.extract :    hoc_phan                 :      121
[2026-04-19T07:32:39.856+0000] {extract.py:303} INFO -    hoc_phan                 :      121
[2026-04-19T07:32:39.857+0000] {logging_mixin.py:188} WARNING - [2026-04-19 07:32:39] INFO    etl.extract :    hoc_ky_nam_hoc           :        9
[2026-04-19T07:32:39.857+0000] {extract.py:303} INFO -    hoc_ky_nam_hoc           :        9
[2026-04-19T07:32:39.858+0000] {logging_mixin.py:188} WARNING - [2026-04-19 07:32:39] INFO    etl.extract :    dang_ky_hoc_phan         :   57,782
[2026-04-19T07:32:39.858+0000] {extract.py:303} INFO -    dang_ky_hoc_phan         :   57,782
[2026-04-19T07:32:39.859+0000] {logging_mixin.py:188} WARNING - [2026-04-19 07:32:39] INFO    etl.extract :    diem_hoc_phan            :   57,292
[2026-04-19T07:32:39.859+0000] {extract.py:303} INFO -    diem_hoc_phan            :   57,292
[2026-04-19T07:32:39.859+0000] {logging_mixin.py:188} WARNING - [2026-04-19 07:32:39] INFO    etl.extract :    tong_hop_ket_qua         :    1,695
[2026-04-19T07:32:39.859+0000] {extract.py:303} INFO -    tong_hop_ket_qua         :    1,695
[2026-04-19T07:32:39.860+0000] {logging_mixin.py:188} WARNING - [2026-04-19 07:32:39] INFO    etl.extract :    ctsv_data                :    9,549
[2026-04-19T07:32:39.860+0000] {extract.py:303} INFO -    ctsv_data                :    9,549
[2026-04-19T07:32:39.861+0000] {logging_mixin.py:188} WARNING - [2026-04-19 07:32:39] INFO    etl.extract :    tai_chinh_data           :    9,299
[2026-04-19T07:32:39.861+0000] {extract.py:303} INFO -    tai_chinh_data           :    9,299
[2026-04-19T07:32:39.862+0000] {logging_mixin.py:188} WARNING - [2026-04-19 07:32:39] INFO    etl.extract : ======================================================================
[2026-04-19T07:32:39.862+0000] {extract.py:304} INFO - ======================================================================
[2026-04-19T07:32:39.899+0000] {logging_mixin.py:188} INFO - Extract xong: {'khoa': 4, 'nganh': 3, 'giang_vien': 45, 'lop_hanh_chinh': 48, 'sinh_vien': 1695, 'hoc_phan': 121, 'hoc_ky_nam_hoc': 9, 'dang_ky_hoc_phan': 57782, 'diem_hoc_phan': 57292, 'tong_hop_ket_qua': 1695, 'ctsv_data': 9549, 'tai_chinh_data': 9299}
[2026-04-19T07:32:39.912+0000] {python.py:201} INFO - Done. Returned value was: {'khoa': 4, 'nganh': 3, 'giang_vien': 45, 'lop_hanh_chinh': 48, 'sinh_vien': 1695, 'hoc_phan': 121, 'hoc_ky_nam_hoc': 9, 'dang_ky_hoc_phan': 57782, 'diem_hoc_phan': 57292, 'tong_hop_ket_qua': 1695, 'ctsv_data': 9549, 'tai_chinh_data': 9299}
[2026-04-19T07:32:39.940+0000] {taskinstance.py:1138} INFO - Marking task as SUCCESS. dag_id=daily_student_pipeline, task_id=extract_data, execution_date=20260419T073230, start_date=20260419T073232, end_date=20260419T073239
[2026-04-19T07:32:39.977+0000] {local_task_job_runner.py:234} INFO - Task exited with return code 0
[2026-04-19T07:32:40.007+0000] {taskinstance.py:3280} INFO - 0 downstream tasks scheduled from follow-on schedule check
