[2026-04-19T10:10:07.925+0000] {taskinstance.py:1956} INFO - Dependencies all met for dep_context=non-requeueable deps ti=<TaskInstance: daily_student_pipeline.transform_data manual__2026-04-19T10:09:55.148018+00:00 [queued]>
[2026-04-19T10:10:07.932+0000] {taskinstance.py:1956} INFO - Dependencies all met for dep_context=requeueable deps ti=<TaskInstance: daily_student_pipeline.transform_data manual__2026-04-19T10:09:55.148018+00:00 [queued]>
[2026-04-19T10:10:07.933+0000] {taskinstance.py:2170} INFO - Starting attempt 1 of 1
[2026-04-19T10:10:07.945+0000] {taskinstance.py:2191} INFO - Executing <Task(PythonOperator): transform_data> on 2026-04-19 10:09:55.148018+00:00
[2026-04-19T10:10:07.949+0000] {standard_task_runner.py:60} INFO - Started process 9835 to run task
[2026-04-19T10:10:07.952+0000] {standard_task_runner.py:87} INFO - Running: ['***', 'tasks', 'run', 'daily_student_pipeline', 'transform_data', 'manual__2026-04-19T10:09:55.148018+00:00', '--job-id', '354', '--raw', '--subdir', 'DAGS_FOLDER/daily_student_pipeline.py', '--cfg-path', '/tmp/tmpzd_6im6e']
[2026-04-19T10:10:07.954+0000] {standard_task_runner.py:88} INFO - Job 354: Subtask transform_data
[2026-04-19T10:10:08.040+0000] {task_command.py:423} INFO - Running <TaskInstance: daily_student_pipeline.transform_data manual__2026-04-19T10:09:55.148018+00:00 [running]> on host eb2cbdc99987
[2026-04-19T10:10:08.134+0000] {taskinstance.py:2480} INFO - Exporting env vars: AIRFLOW_CTX_DAG_OWNER='nhom8' AIRFLOW_CTX_DAG_ID='daily_student_pipeline' AIRFLOW_CTX_TASK_ID='transform_data' AIRFLOW_CTX_EXECUTION_DATE='2026-04-19T10:09:55.148018+00:00' AIRFLOW_CTX_TRY_NUMBER='1' AIRFLOW_CTX_DAG_RUN_ID='manual__2026-04-19T10:09:55.148018+00:00'
[2026-04-19T10:10:08.688+0000] {logging_mixin.py:188} WARNING - [2026-04-19 10:10:08] INFO    etl.extract :   Load from MinIO staging: run_id=2026-04-19_10-10
[2026-04-19T10:10:08.688+0000] {extract.py:421} INFO -   Load from MinIO staging: run_id=2026-04-19_10-10
[2026-04-19T10:10:08.718+0000] {logging_mixin.py:188} WARNING - [2026-04-19 10:10:08] INFO    utils.minio :   MinIO ↓ [raw-data] 2026-04-19_10-10/nguon1_khoa.parquet (4 rows)
[2026-04-19T10:10:08.718+0000] {minio_client.py:223} INFO -   MinIO ↓ [raw-data] 2026-04-19_10-10/nguon1_khoa.parquet (4 rows)
[2026-04-19T10:10:09.888+0000] {logging_mixin.py:188} WARNING - [2026-04-19 10:10:09] INFO    utils.minio :   MinIO ↓ [raw-data] 2026-04-19_10-10/nguon1_nganh.parquet (3 rows)
[2026-04-19T10:10:09.888+0000] {minio_client.py:223} INFO -   MinIO ↓ [raw-data] 2026-04-19_10-10/nguon1_nganh.parquet (3 rows)
[2026-04-19T10:10:09.900+0000] {logging_mixin.py:188} WARNING - [2026-04-19 10:10:09] INFO    utils.minio :   MinIO ↓ [raw-data] 2026-04-19_10-10/nguon1_giang_vien.parquet (45 rows)
[2026-04-19T10:10:09.900+0000] {minio_client.py:223} INFO -   MinIO ↓ [raw-data] 2026-04-19_10-10/nguon1_giang_vien.parquet (45 rows)
[2026-04-19T10:10:09.911+0000] {logging_mixin.py:188} WARNING - [2026-04-19 10:10:09] INFO    utils.minio :   MinIO ↓ [raw-data] 2026-04-19_10-10/nguon1_lop_hanh_chinh.parquet (48 rows)
[2026-04-19T10:10:09.911+0000] {minio_client.py:223} INFO -   MinIO ↓ [raw-data] 2026-04-19_10-10/nguon1_lop_hanh_chinh.parquet (48 rows)
[2026-04-19T10:10:09.924+0000] {logging_mixin.py:188} WARNING - [2026-04-19 10:10:09] INFO    utils.minio :   MinIO ↓ [raw-data] 2026-04-19_10-10/nguon1_sinh_vien.parquet (1,695 rows)
[2026-04-19T10:10:09.924+0000] {minio_client.py:223} INFO -   MinIO ↓ [raw-data] 2026-04-19_10-10/nguon1_sinh_vien.parquet (1,695 rows)
[2026-04-19T10:10:09.938+0000] {logging_mixin.py:188} WARNING - [2026-04-19 10:10:09] INFO    utils.minio :   MinIO ↓ [raw-data] 2026-04-19_10-10/nguon1_hoc_phan.parquet (121 rows)
[2026-04-19T10:10:09.938+0000] {minio_client.py:223} INFO -   MinIO ↓ [raw-data] 2026-04-19_10-10/nguon1_hoc_phan.parquet (121 rows)
[2026-04-19T10:10:09.949+0000] {logging_mixin.py:188} WARNING - [2026-04-19 10:10:09] INFO    utils.minio :   MinIO ↓ [raw-data] 2026-04-19_10-10/nguon1_hoc_ky.parquet (9 rows)
[2026-04-19T10:10:09.949+0000] {minio_client.py:223} INFO -   MinIO ↓ [raw-data] 2026-04-19_10-10/nguon1_hoc_ky.parquet (9 rows)
[2026-04-19T10:10:09.974+0000] {logging_mixin.py:188} WARNING - [2026-04-19 10:10:09] INFO    utils.minio :   MinIO ↓ [raw-data] 2026-04-19_10-10/nguon1_dang_ky.parquet (57,784 rows)
[2026-04-19T10:10:09.973+0000] {minio_client.py:223} INFO -   MinIO ↓ [raw-data] 2026-04-19_10-10/nguon1_dang_ky.parquet (57,784 rows)
[2026-04-19T10:10:09.996+0000] {logging_mixin.py:188} WARNING - [2026-04-19 10:10:09] INFO    utils.minio :   MinIO ↓ [raw-data] 2026-04-19_10-10/nguon1_diem.parquet (57,303 rows)
[2026-04-19T10:10:09.996+0000] {minio_client.py:223} INFO -   MinIO ↓ [raw-data] 2026-04-19_10-10/nguon1_diem.parquet (57,303 rows)
[2026-04-19T10:10:10.007+0000] {logging_mixin.py:188} WARNING - [2026-04-19 10:10:10] INFO    utils.minio :   MinIO ↓ [raw-data] 2026-04-19_10-10/nguon1_tong_hop_ket_qua.parquet (1,695 rows)
[2026-04-19T10:10:10.007+0000] {minio_client.py:223} INFO -   MinIO ↓ [raw-data] 2026-04-19_10-10/nguon1_tong_hop_ket_qua.parquet (1,695 rows)
[2026-04-19T10:10:10.019+0000] {logging_mixin.py:188} WARNING - [2026-04-19 10:10:10] INFO    utils.minio :   MinIO ↓ [raw-data] 2026-04-19_10-10/nguon2_ctsv.parquet (9,529 rows)
[2026-04-19T10:10:10.019+0000] {minio_client.py:223} INFO -   MinIO ↓ [raw-data] 2026-04-19_10-10/nguon2_ctsv.parquet (9,529 rows)
[2026-04-19T10:10:10.032+0000] {logging_mixin.py:188} WARNING - [2026-04-19 10:10:10] INFO    utils.minio :   MinIO ↓ [raw-data] 2026-04-19_10-10/nguon3_tai_chinh.parquet (9,225 rows)
[2026-04-19T10:10:10.032+0000] {minio_client.py:223} INFO -   MinIO ↓ [raw-data] 2026-04-19_10-10/nguon3_tai_chinh.parquet (9,225 rows)
[2026-04-19T10:10:10.033+0000] {logging_mixin.py:188} WARNING - [2026-04-19 10:10:10] INFO    etl.extract :  Load from staging OK — run_id=2026-04-19_10-10
[2026-04-19T10:10:10.033+0000] {extract.py:438} INFO -  Load from staging OK — run_id=2026-04-19_10-10
[2026-04-19T10:10:10.035+0000] {logging_mixin.py:188} WARNING - [2026-04-19 10:10:10] INFO    etl.transform : ==BẮT ĐẦU TRANSFORM==
[2026-04-19T10:10:10.035+0000] {transform.py:75} INFO - ==BẮT ĐẦU TRANSFORM==
[2026-04-19T10:10:10.036+0000] {logging_mixin.py:188} WARNING - [2026-04-19 10:10:10] INFO    etl.transform : ======================================================================
[2026-04-19T10:10:10.036+0000] {transform.py:76} INFO - ======================================================================
[2026-04-19T10:10:10.038+0000] {logging_mixin.py:188} WARNING - [2026-04-19 10:10:10] INFO    etl.transform : ── Bước 1: Transform Dimension Tables ──
[2026-04-19T10:10:10.038+0000] {transform.py:80} INFO - ── Bước 1: Transform Dimension Tables ──
[2026-04-19T10:10:10.042+0000] {logging_mixin.py:188} WARNING - [2026-04-19 10:10:10] INFO    etl.transform :   dim_thoi_gian               →      9 records
[2026-04-19T10:10:10.042+0000] {transform.py:190} INFO -   dim_thoi_gian               →      9 records
[2026-04-19T10:10:10.047+0000] {logging_mixin.py:188} WARNING - [2026-04-19 10:10:10] INFO    etl.transform :   dim_giang_vien              →     45 records
[2026-04-19T10:10:10.047+0000] {transform.py:213} INFO -   dim_giang_vien              →     45 records
[2026-04-19T10:10:10.052+0000] {logging_mixin.py:188} WARNING - [2026-04-19 10:10:10] INFO    etl.transform :   dim_hoc_phan                →    121 records
[2026-04-19T10:10:10.052+0000] {transform.py:240} INFO -   dim_hoc_phan                →    121 records
[2026-04-19T10:10:10.064+0000] {logging_mixin.py:188} WARNING - [2026-04-19 10:10:10] INFO    etl.transform :   dim_sinh_vien               →  1,695 records
[2026-04-19T10:10:10.064+0000] {transform.py:306} INFO -   dim_sinh_vien               →  1,695 records
[2026-04-19T10:10:10.066+0000] {logging_mixin.py:188} WARNING - [2026-04-19 10:10:10] INFO    etl.transform : ── Bước 2: Transform Fact Tables ──
[2026-04-19T10:10:10.066+0000] {transform.py:96} INFO - ── Bước 2: Transform Fact Tables ──
[2026-04-19T10:10:11.727+0000] {logging_mixin.py:188} WARNING - [2026-04-19 10:10:10] INFO    etl.transform :   fact_diem                   → 57,303 records
[2026-04-19T10:10:10.134+0000] {transform.py:376} INFO -   fact_diem                   → 57,303 records
[2026-04-19T10:10:11.768+0000] {logging_mixin.py:188} WARNING - [2026-04-19 10:10:11] INFO    etl.transform :   fact_dang_ky               → 57,784 records
[2026-04-19T10:10:11.768+0000] {transform.py:413} INFO -   fact_dang_ky               → 57,784 records
[2026-04-19T10:10:11.782+0000] {logging_mixin.py:188} WARNING - [2026-04-19 10:10:11] INFO    etl.transform :   fact_ren_luyen              →  9,529 records
[2026-04-19T10:10:11.781+0000] {transform.py:445} INFO -   fact_ren_luyen              →  9,529 records
[2026-04-19T10:10:11.789+0000] {logging_mixin.py:188} WARNING - /opt/***/src/etl/transform.py:467 UserWarning: The argument 'infer_datetime_format' is deprecated and will be removed in a future version. A strict version of it is now the default, see https://pandas.pydata.org/pdeps/0004-consistent-to-datetime-parsing.html. You can safely remove this argument.
[2026-04-19T10:10:11.794+0000] {logging_mixin.py:188} WARNING - [2026-04-19 10:10:11] INFO    etl.transform :   fact_tai_chinh              →  9,225 records
[2026-04-19T10:10:11.794+0000] {transform.py:485} INFO -   fact_tai_chinh              →  9,225 records
[2026-04-19T10:10:11.795+0000] {logging_mixin.py:188} WARNING - [2026-04-19 10:10:11] INFO    etl.transform : ======================================================================
[2026-04-19T10:10:11.795+0000] {transform.py:108} INFO - ======================================================================
[2026-04-19T10:10:11.797+0000] {logging_mixin.py:188} WARNING - [2026-04-19 10:10:11] INFO    etl.transform : TRANSFORM HOÀN TẤT
[2026-04-19T10:10:11.797+0000] {transform.py:109} INFO - TRANSFORM HOÀN TẤT
[2026-04-19T10:10:11.799+0000] {logging_mixin.py:188} WARNING - [2026-04-19 10:10:11] INFO    etl.transform :    dim_giang_vien           :       45 records
[2026-04-19T10:10:11.798+0000] {transform.py:111} INFO -    dim_giang_vien           :       45 records
[2026-04-19T10:10:11.800+0000] {logging_mixin.py:188} WARNING - [2026-04-19 10:10:11] INFO    etl.transform :    dim_sinh_vien            :    1,695 records
[2026-04-19T10:10:11.800+0000] {transform.py:111} INFO -    dim_sinh_vien            :    1,695 records
[2026-04-19T10:10:11.801+0000] {logging_mixin.py:188} WARNING - [2026-04-19 10:10:11] INFO    etl.transform :    dim_hoc_phan             :      121 records
[2026-04-19T10:10:11.801+0000] {transform.py:111} INFO -    dim_hoc_phan             :      121 records
[2026-04-19T10:10:11.803+0000] {logging_mixin.py:188} WARNING - [2026-04-19 10:10:11] INFO    etl.transform :    dim_thoi_gian            :        9 records
[2026-04-19T10:10:11.803+0000] {transform.py:111} INFO -    dim_thoi_gian            :        9 records
[2026-04-19T10:10:11.805+0000] {logging_mixin.py:188} WARNING - [2026-04-19 10:10:11] INFO    etl.transform :    fact_diem                :   57,303 records
[2026-04-19T10:10:11.805+0000] {transform.py:111} INFO -    fact_diem                :   57,303 records
[2026-04-19T10:10:11.806+0000] {logging_mixin.py:188} WARNING - [2026-04-19 10:10:11] INFO    etl.transform :    fact_dang_ky             :   57,784 records
[2026-04-19T10:10:11.806+0000] {transform.py:111} INFO -    fact_dang_ky             :   57,784 records
[2026-04-19T10:10:11.807+0000] {logging_mixin.py:188} WARNING - [2026-04-19 10:10:11] INFO    etl.transform :    fact_ren_luyen           :    9,529 records
[2026-04-19T10:10:11.807+0000] {transform.py:111} INFO -    fact_ren_luyen           :    9,529 records
[2026-04-19T10:10:11.809+0000] {logging_mixin.py:188} WARNING - [2026-04-19 10:10:11] INFO    etl.transform :    fact_tai_chinh           :    9,225 records
[2026-04-19T10:10:11.809+0000] {transform.py:111} INFO -    fact_tai_chinh           :    9,225 records
[2026-04-19T10:10:11.810+0000] {logging_mixin.py:188} WARNING - [2026-04-19 10:10:11] INFO    etl.transform : ======================================================================
[2026-04-19T10:10:11.810+0000] {transform.py:112} INFO - ======================================================================
[2026-04-19T10:10:11.832+0000] {logging_mixin.py:188} WARNING - [2026-04-19 10:10:11] INFO    utils.minio :   MinIO ↑ [staging-data] 2026-04-19_10-10/dim_hoc_ky.parquet (5.3 KB | 9 rows)
[2026-04-19T10:10:11.832+0000] {minio_client.py:142} INFO -   MinIO ↑ [staging-data] 2026-04-19_10-10/dim_hoc_ky.parquet (5.3 KB | 9 rows)
[2026-04-19T10:10:11.843+0000] {logging_mixin.py:188} WARNING - [2026-04-19 10:10:11] INFO    utils.minio :   MinIO ↑ [staging-data] 2026-04-19_10-10/dim_giang_vien.parquet (8.9 KB | 45 rows)
[2026-04-19T10:10:11.843+0000] {minio_client.py:142} INFO -   MinIO ↑ [staging-data] 2026-04-19_10-10/dim_giang_vien.parquet (8.9 KB | 45 rows)
[2026-04-19T10:10:11.855+0000] {logging_mixin.py:188} WARNING - [2026-04-19 10:10:11] INFO    utils.minio :   MinIO ↑ [staging-data] 2026-04-19_10-10/dim_hoc_phan.parquet (11.0 KB | 121 rows)
[2026-04-19T10:10:11.855+0000] {minio_client.py:142} INFO -   MinIO ↑ [staging-data] 2026-04-19_10-10/dim_hoc_phan.parquet (11.0 KB | 121 rows)
[2026-04-19T10:10:11.871+0000] {logging_mixin.py:188} WARNING - [2026-04-19 10:10:11] INFO    utils.minio :   MinIO ↑ [staging-data] 2026-04-19_10-10/dim_sinh_vien.parquet (71.4 KB | 1,695 rows)
[2026-04-19T10:10:11.871+0000] {minio_client.py:142} INFO -   MinIO ↑ [staging-data] 2026-04-19_10-10/dim_sinh_vien.parquet (71.4 KB | 1,695 rows)
[2026-04-19T10:10:11.932+0000] {logging_mixin.py:188} WARNING - [2026-04-19 10:10:11] INFO    utils.minio :   MinIO ↑ [staging-data] 2026-04-19_10-10/fact_diem.parquet (867.7 KB | 57,303 rows)
[2026-04-19T10:10:11.932+0000] {minio_client.py:142} INFO -   MinIO ↑ [staging-data] 2026-04-19_10-10/fact_diem.parquet (867.7 KB | 57,303 rows)
[2026-04-19T10:10:11.972+0000] {logging_mixin.py:188} WARNING - [2026-04-19 10:10:11] INFO    utils.minio :   MinIO ↑ [staging-data] 2026-04-19_10-10/fact_dang_ky.parquet (491.0 KB | 57,784 rows)
[2026-04-19T10:10:11.972+0000] {minio_client.py:142} INFO -   MinIO ↑ [staging-data] 2026-04-19_10-10/fact_dang_ky.parquet (491.0 KB | 57,784 rows)
[2026-04-19T10:10:11.990+0000] {logging_mixin.py:188} WARNING - [2026-04-19 10:10:11] INFO    utils.minio :   MinIO ↑ [staging-data] 2026-04-19_10-10/fact_ren_luyen.parquet (41.9 KB | 9,529 rows)
[2026-04-19T10:10:11.990+0000] {minio_client.py:142} INFO -   MinIO ↑ [staging-data] 2026-04-19_10-10/fact_ren_luyen.parquet (41.9 KB | 9,529 rows)
[2026-04-19T10:10:12.012+0000] {logging_mixin.py:188} WARNING - [2026-04-19 10:10:12] INFO    utils.minio :   MinIO ↑ [staging-data] 2026-04-19_10-10/fact_tai_chinh.parquet (92.9 KB | 9,225 rows)
[2026-04-19T10:10:12.012+0000] {minio_client.py:142} INFO -   MinIO ↑ [staging-data] 2026-04-19_10-10/fact_tai_chinh.parquet (92.9 KB | 9,225 rows)
[2026-04-19T10:10:12.014+0000] {logging_mixin.py:188} WARNING - [2026-04-19 10:10:12] INFO    etl.transform :   MinIO staging-data: 8/8 files OK → run_id=2026-04-19_10-10
[2026-04-19T10:10:12.014+0000] {transform.py:141} INFO -   MinIO staging-data: 8/8 files OK → run_id=2026-04-19_10-10
[2026-04-19T10:10:12.043+0000] {logging_mixin.py:188} INFO - Transform xong: {'dim_giang_vien': 45, 'dim_sinh_vien': 1695, 'dim_hoc_phan': 121, 'dim_thoi_gian': 9, 'fact_diem': 57303, 'fact_dang_ky': 57784, 'fact_ren_luyen': 9529, 'fact_tai_chinh': 9225}
[2026-04-19T10:10:12.047+0000] {python.py:201} INFO - Done. Returned value was: {'dim_giang_vien': 45, 'dim_sinh_vien': 1695, 'dim_hoc_phan': 121, 'dim_thoi_gian': 9, 'fact_diem': 57303, 'fact_dang_ky': 57784, 'fact_ren_luyen': 9529, 'fact_tai_chinh': 9225}
[2026-04-19T10:10:12.073+0000] {taskinstance.py:1138} INFO - Marking task as SUCCESS. dag_id=daily_student_pipeline, task_id=transform_data, execution_date=20260419T100955, start_date=20260419T101007, end_date=20260419T101012
[2026-04-19T10:10:12.122+0000] {local_task_job_runner.py:234} INFO - Task exited with return code 0
[2026-04-19T10:10:12.147+0000] {taskinstance.py:3280} INFO - 1 downstream tasks scheduled from follow-on schedule check
