[2026-04-26T02:30:03.707+0000] {taskinstance.py:1956} INFO - Dependencies all met for dep_context=non-requeueable deps ti=<TaskInstance: daily_student_pipeline.extract_data scheduled__2026-04-21T02:00:00+00:00 [queued]>
[2026-04-26T02:30:03.727+0000] {taskinstance.py:1956} INFO - Dependencies all met for dep_context=requeueable deps ti=<TaskInstance: daily_student_pipeline.extract_data scheduled__2026-04-21T02:00:00+00:00 [queued]>
[2026-04-26T02:30:03.728+0000] {taskinstance.py:2170} INFO - Starting attempt 1 of 1
[2026-04-26T02:30:03.747+0000] {taskinstance.py:2191} INFO - Executing <Task(PythonOperator): extract_data> on 2026-04-21 02:00:00+00:00
[2026-04-26T02:30:03.756+0000] {standard_task_runner.py:60} INFO - Started process 283 to run task
[2026-04-26T02:30:03.759+0000] {standard_task_runner.py:87} INFO - Running: ['***', 'tasks', 'run', 'daily_student_pipeline', 'extract_data', 'scheduled__2026-04-21T02:00:00+00:00', '--job-id', '466', '--raw', '--subdir', 'DAGS_FOLDER/daily_student_pipeline.py', '--cfg-path', '/tmp/tmp22ccqai1']
[2026-04-26T02:30:03.765+0000] {standard_task_runner.py:88} INFO - Job 466: Subtask extract_data
[2026-04-26T02:30:03.920+0000] {task_command.py:423} INFO - Running <TaskInstance: daily_student_pipeline.extract_data scheduled__2026-04-21T02:00:00+00:00 [running]> on host 759b8b5e27b5
[2026-04-26T02:30:04.106+0000] {taskinstance.py:2480} INFO - Exporting env vars: AIRFLOW_CTX_DAG_OWNER='nhom8' AIRFLOW_CTX_DAG_ID='daily_student_pipeline' AIRFLOW_CTX_TASK_ID='extract_data' AIRFLOW_CTX_EXECUTION_DATE='2026-04-21T02:00:00+00:00' AIRFLOW_CTX_TRY_NUMBER='1' AIRFLOW_CTX_DAG_RUN_ID='scheduled__2026-04-21T02:00:00+00:00'
[2026-04-26T02:30:05.899+0000] {logging_mixin.py:188} WARNING - [2026-04-26 02:30:05] INFO    etl.extract : ==BẮT ĐẦU FULL EXTRACT==
[2026-04-26T02:30:05.899+0000] {extract.py:416} INFO - ==BẮT ĐẦU FULL EXTRACT==
[2026-04-26T02:30:05.900+0000] {logging_mixin.py:188} WARNING - [2026-04-26 02:30:05] INFO    etl.extract : ======================================================================
[2026-04-26T02:30:05.900+0000] {extract.py:417} INFO - ======================================================================
[2026-04-26T02:30:05.903+0000] {logging_mixin.py:188} WARNING - [2026-04-26 02:30:05] INFO    etl.extract : ════════════════════════════════════════════════════════════
[2026-04-26T02:30:05.903+0000] {extract.py:83} INFO - ════════════════════════════════════════════════════════════
[2026-04-26T02:30:05.905+0000] {logging_mixin.py:188} WARNING - [2026-04-26 02:30:05] INFO    etl.extract : NGUỒN 1 — PostgreSQL (Phòng Đào tạo) | Full Extract
[2026-04-26T02:30:05.905+0000] {extract.py:84} INFO - NGUỒN 1 — PostgreSQL (Phòng Đào tạo) | Full Extract
[2026-04-26T02:30:05.906+0000] {logging_mixin.py:188} WARNING - [2026-04-26 02:30:05] INFO    etl.extract : ════════════════════════════════════════════════════════════
[2026-04-26T02:30:05.906+0000] {extract.py:85} INFO - ════════════════════════════════════════════════════════════
[2026-04-26T02:30:06.008+0000] {logging_mixin.py:188} WARNING - [2026-04-26 02:30:06] INFO    etl.extract :   PostgreSQL | khoa                      →      4 records
[2026-04-26T02:30:06.008+0000] {extract.py:67} INFO -   PostgreSQL | khoa                      →      4 records
[2026-04-26T02:30:06.040+0000] {logging_mixin.py:188} WARNING - [2026-04-26 02:30:06] INFO    etl.extract :   PostgreSQL | nganh                     →      3 records
[2026-04-26T02:30:06.040+0000] {extract.py:67} INFO -   PostgreSQL | nganh                     →      3 records
[2026-04-26T02:30:06.083+0000] {logging_mixin.py:188} WARNING - [2026-04-26 02:30:06] INFO    etl.extract :   PostgreSQL | giang_vien                →     45 records
[2026-04-26T02:30:06.083+0000] {extract.py:67} INFO -   PostgreSQL | giang_vien                →     45 records
[2026-04-26T02:30:06.160+0000] {logging_mixin.py:188} WARNING - [2026-04-26 02:30:06] INFO    etl.extract :   PostgreSQL | lop_hanh_chinh            →     48 records
[2026-04-26T02:30:06.160+0000] {extract.py:67} INFO -   PostgreSQL | lop_hanh_chinh            →     48 records
[2026-04-26T02:30:06.297+0000] {logging_mixin.py:188} WARNING - [2026-04-26 02:30:06] INFO    etl.extract :   PostgreSQL | sinh_vien                 →  1,695 records
[2026-04-26T02:30:06.297+0000] {extract.py:67} INFO -   PostgreSQL | sinh_vien                 →  1,695 records
[2026-04-26T02:30:06.352+0000] {logging_mixin.py:188} WARNING - [2026-04-26 02:30:06] INFO    etl.extract :   PostgreSQL | hoc_phan                  →    121 records
[2026-04-26T02:30:06.352+0000] {extract.py:67} INFO -   PostgreSQL | hoc_phan                  →    121 records
[2026-04-26T02:30:06.417+0000] {logging_mixin.py:188} WARNING - [2026-04-26 02:30:06] INFO    etl.extract :   PostgreSQL | hoc_ky_nam_hoc            →     13 records
[2026-04-26T02:30:06.417+0000] {extract.py:67} INFO -   PostgreSQL | hoc_ky_nam_hoc            →     13 records
[2026-04-26T02:30:07.055+0000] {logging_mixin.py:188} WARNING - [2026-04-26 02:30:07] INFO    etl.extract :   PostgreSQL | dang_ky_hoc_phan          → 55,125 records
[2026-04-26T02:30:07.055+0000] {extract.py:67} INFO -   PostgreSQL | dang_ky_hoc_phan          → 55,125 records
[2026-04-26T02:30:08.520+0000] {logging_mixin.py:188} WARNING - [2026-04-26 02:30:08] INFO    etl.extract :   PostgreSQL | diem_hoc_phan             → 54,640 records
[2026-04-26T02:30:08.520+0000] {extract.py:67} INFO -   PostgreSQL | diem_hoc_phan             → 54,640 records
[2026-04-26T02:30:08.602+0000] {logging_mixin.py:188} WARNING - [2026-04-26 02:30:08] INFO    etl.extract :   PostgreSQL | tong_hop_ket_qua          →  1,695 records
[2026-04-26T02:30:08.602+0000] {extract.py:67} INFO -   PostgreSQL | tong_hop_ket_qua          →  1,695 records
[2026-04-26T02:30:08.604+0000] {logging_mixin.py:188} WARNING - [2026-04-26 02:30:08] INFO    etl.extract :   PostgreSQL | TỔNG: 113,389 records từ 10 bảng
[2026-04-26T02:30:08.604+0000] {extract.py:92} INFO -   PostgreSQL | TỔNG: 113,389 records từ 10 bảng
[2026-04-26T02:30:08.606+0000] {logging_mixin.py:188} WARNING - [2026-04-26 02:30:08] INFO    etl.extract : ════════════════════════════════════════════════════════════
[2026-04-26T02:30:08.606+0000] {extract.py:187} INFO - ════════════════════════════════════════════════════════════
[2026-04-26T02:30:08.607+0000] {logging_mixin.py:188} WARNING - [2026-04-26 02:30:08] INFO    etl.extract : NGUỒN 2 — CSV (Phòng CTSV) | Extract
[2026-04-26T02:30:08.607+0000] {extract.py:188} INFO - NGUỒN 2 — CSV (Phòng CTSV) | Extract
[2026-04-26T02:30:08.608+0000] {logging_mixin.py:188} WARNING - [2026-04-26 02:30:08] INFO    etl.extract : ════════════════════════════════════════════════════════════
[2026-04-26T02:30:08.608+0000] {extract.py:189} INFO - ════════════════════════════════════════════════════════════
[2026-04-26T02:30:08.613+0000] {logging_mixin.py:188} WARNING - [2026-04-26 02:30:08] INFO    etl.extract :   CSV | Tìm thấy 14 file trong: /opt/***/data/csv
[2026-04-26T02:30:08.612+0000] {extract.py:141} INFO -   CSV | Tìm thấy 14 file trong: /opt/***/data/csv
[2026-04-26T02:30:08.614+0000] {logging_mixin.py:188} WARNING - [2026-04-26 02:30:08] INFO    etl.extract :   CSV | Đang đọc từ: /opt/***/data/csv
[2026-04-26T02:30:08.614+0000] {extract.py:193} INFO -   CSV | Đang đọc từ: /opt/***/data/csv
[2026-04-26T02:30:08.617+0000] {logging_mixin.py:188} WARNING - [2026-04-26 02:30:08] INFO    etl.extract :   CSV | Tìm thấy 13 file(s)
[2026-04-26T02:30:08.617+0000] {extract.py:203} INFO -   CSV | Tìm thấy 13 file(s)
[2026-04-26T02:30:08.643+0000] {logging_mixin.py:188} WARNING - [2026-04-26 02:30:08] INFO    etl.extract :   CSV | ctsv_HK1_2021_22.csv                →    791 records
[2026-04-26T02:30:08.643+0000] {extract.py:163} INFO -   CSV | ctsv_HK1_2021_22.csv                →    791 records
[2026-04-26T02:30:08.662+0000] {logging_mixin.py:188} WARNING - [2026-04-26 02:30:08] INFO    etl.extract :   CSV | ctsv_HK1_2022_23.csv                →  1,582 records
[2026-04-26T02:30:08.662+0000] {extract.py:163} INFO -   CSV | ctsv_HK1_2022_23.csv                →  1,582 records
[2026-04-26T02:30:08.678+0000] {logging_mixin.py:188} WARNING - [2026-04-26 02:30:08] INFO    etl.extract :   CSV | ctsv_HK1_2023_24.csv                →  2,411 records
[2026-04-26T02:30:08.677+0000] {extract.py:163} INFO -   CSV | ctsv_HK1_2023_24.csv                →  2,411 records
[2026-04-26T02:30:07.958+0000] {logging_mixin.py:188} WARNING - [2026-04-26 02:30:07] INFO    etl.extract :   CSV | ctsv_HK1_2024_25.csv                →  3,235 records
[2026-04-26T02:30:07.958+0000] {extract.py:163} INFO -   CSV | ctsv_HK1_2024_25.csv                →  3,235 records
[2026-04-26T02:30:07.974+0000] {logging_mixin.py:188} WARNING - [2026-04-26 02:30:07] INFO    etl.extract :   CSV | ctsv_HK1_2025_26.csv                →  2,443 records
[2026-04-26T02:30:07.974+0000] {extract.py:163} INFO -   CSV | ctsv_HK1_2025_26.csv                →  2,443 records
[2026-04-26T02:30:08.001+0000] {logging_mixin.py:188} WARNING - [2026-04-26 02:30:08] INFO    etl.extract :   CSV | ctsv_HK2_2021_22.csv                →    786 records
[2026-04-26T02:30:08.001+0000] {extract.py:163} INFO -   CSV | ctsv_HK2_2021_22.csv                →    786 records
[2026-04-26T02:30:08.019+0000] {logging_mixin.py:188} WARNING - [2026-04-26 02:30:08] INFO    etl.extract :   CSV | ctsv_HK2_2022_23.csv                →  1,571 records
[2026-04-26T02:30:08.019+0000] {extract.py:163} INFO -   CSV | ctsv_HK2_2022_23.csv                →  1,571 records
[2026-04-26T02:30:08.037+0000] {logging_mixin.py:188} WARNING - [2026-04-26 02:30:08] INFO    etl.extract :   CSV | ctsv_HK2_2023_24.csv                →  2,397 records
[2026-04-26T02:30:08.037+0000] {extract.py:163} INFO -   CSV | ctsv_HK2_2023_24.csv                →  2,397 records
[2026-04-26T02:30:08.078+0000] {logging_mixin.py:188} WARNING - [2026-04-26 02:30:08] INFO    etl.extract :   CSV | ctsv_HK2_2024_25.csv                →  2,882 records
[2026-04-26T02:30:08.078+0000] {extract.py:163} INFO -   CSV | ctsv_HK2_2024_25.csv                →  2,882 records
[2026-04-26T02:30:08.103+0000] {logging_mixin.py:188} WARNING - [2026-04-26 02:30:08] INFO    etl.extract :   CSV | ctsv_HK3_2021_22.csv                →     42 records
[2026-04-26T02:30:08.102+0000] {extract.py:163} INFO -   CSV | ctsv_HK3_2021_22.csv                →     42 records
[2026-04-26T02:30:08.138+0000] {logging_mixin.py:188} WARNING - [2026-04-26 02:30:08] INFO    etl.extract :   CSV | ctsv_HK3_2022_23.csv                →     47 records
[2026-04-26T02:30:08.138+0000] {extract.py:163} INFO -   CSV | ctsv_HK3_2022_23.csv                →     47 records
[2026-04-26T02:30:08.185+0000] {logging_mixin.py:188} WARNING - [2026-04-26 02:30:08] INFO    etl.extract :   CSV | ctsv_HK3_2023_24.csv                →    146 records
[2026-04-26T02:30:08.185+0000] {extract.py:163} INFO -   CSV | ctsv_HK3_2023_24.csv                →    146 records
[2026-04-26T02:30:11.728+0000] {logging_mixin.py:188} WARNING - [2026-04-26 02:30:11] INFO    etl.extract :   CSV | ctsv_HK3_2024_25.csv                →     69 records
[2026-04-26T02:30:11.728+0000] {extract.py:163} INFO -   CSV | ctsv_HK3_2024_25.csv                →     69 records
[2026-04-26T02:30:11.755+0000] {logging_mixin.py:188} WARNING - [2026-04-26 02:30:11] INFO    etl.extract :   CSV | Loại bỏ 8927 bản ghi trùng
[2026-04-26T02:30:11.755+0000] {extract.py:220} INFO -   CSV | Loại bỏ 8927 bản ghi trùng
[2026-04-26T02:30:11.767+0000] {logging_mixin.py:188} WARNING - [2026-04-26 02:30:11] INFO    etl.extract :   CSV | TỔNG: 9,475 records từ 13 file(s)
[2026-04-26T02:30:11.766+0000] {extract.py:222} INFO -   CSV | TỔNG: 9,475 records từ 13 file(s)
[2026-04-26T02:30:11.790+0000] {logging_mixin.py:188} WARNING - [2026-04-26 02:30:11] INFO    etl.extract : ════════════════════════════════════════════════════════════
[2026-04-26T02:30:11.790+0000] {extract.py:359} INFO - ════════════════════════════════════════════════════════════
[2026-04-26T02:30:11.801+0000] {logging_mixin.py:188} WARNING - [2026-04-26 02:30:11] INFO    etl.extract : NGUỒN 3 — API/JSON (Portal Tài chính) | Extract
[2026-04-26T02:30:11.800+0000] {extract.py:360} INFO - NGUỒN 3 — API/JSON (Portal Tài chính) | Extract
[2026-04-26T02:30:11.806+0000] {logging_mixin.py:188} WARNING - [2026-04-26 02:30:11] INFO    etl.extract : ════════════════════════════════════════════════════════════
[2026-04-26T02:30:11.806+0000] {extract.py:361} INFO - ════════════════════════════════════════════════════════════
[2026-04-26T02:30:11.810+0000] {logging_mixin.py:188} WARNING - [2026-04-26 02:30:11] INFO    etl.extract :   API | Tìm thấy 14 JSON file trong: /opt/***/data/api_json
[2026-04-26T02:30:11.810+0000] {extract.py:245} INFO -   API | Tìm thấy 14 JSON file trong: /opt/***/data/api_json
[2026-04-26T02:30:11.941+0000] {logging_mixin.py:188} WARNING - [2026-04-26 02:30:11] INFO    etl.extract :   API | (taichinh_all.json) → 9,182 records (dedup: 73)
[2026-04-26T02:30:11.941+0000] {extract.py:384} INFO -   API | (taichinh_all.json) → 9,182 records (dedup: 73)
[2026-04-26T02:30:12.825+0000] {logging_mixin.py:188} WARNING - [2026-04-26 02:30:12] INFO    utils.minio :   MinIO ↑ [raw-data] 2026-04-26_02-30/nguon1_sinh_vien.parquet (47.4 KB | 1,695 rows)
[2026-04-26T02:30:12.825+0000] {minio_client.py:142} INFO -   MinIO ↑ [raw-data] 2026-04-26_02-30/nguon1_sinh_vien.parquet (47.4 KB | 1,695 rows)
[2026-04-26T02:30:12.959+0000] {logging_mixin.py:188} WARNING - [2026-04-26 02:30:12] INFO    utils.minio :   MinIO ↑ [raw-data] 2026-04-26_02-30/nguon1_dang_ky.parquet (462.4 KB | 55,125 rows)
[2026-04-26T02:30:12.959+0000] {minio_client.py:142} INFO -   MinIO ↑ [raw-data] 2026-04-26_02-30/nguon1_dang_ky.parquet (462.4 KB | 55,125 rows)
[2026-04-26T02:30:13.077+0000] {logging_mixin.py:188} WARNING - [2026-04-26 02:30:13] INFO    utils.minio :   MinIO ↑ [raw-data] 2026-04-26_02-30/nguon1_diem.parquet (1135.6 KB | 54,640 rows)
[2026-04-26T02:30:13.077+0000] {minio_client.py:142} INFO -   MinIO ↑ [raw-data] 2026-04-26_02-30/nguon1_diem.parquet (1135.6 KB | 54,640 rows)
[2026-04-26T02:30:13.098+0000] {logging_mixin.py:188} WARNING - [2026-04-26 02:30:13] INFO    utils.minio :   MinIO ↑ [raw-data] 2026-04-26_02-30/nguon1_hoc_phan.parquet (10.3 KB | 121 rows)
[2026-04-26T02:30:13.098+0000] {minio_client.py:142} INFO -   MinIO ↑ [raw-data] 2026-04-26_02-30/nguon1_hoc_phan.parquet (10.3 KB | 121 rows)
[2026-04-26T02:30:13.115+0000] {logging_mixin.py:188} WARNING - [2026-04-26 02:30:13] INFO    utils.minio :   MinIO ↑ [raw-data] 2026-04-26_02-30/nguon1_hoc_ky.parquet (4.2 KB | 13 rows)
[2026-04-26T02:30:13.115+0000] {minio_client.py:142} INFO -   MinIO ↑ [raw-data] 2026-04-26_02-30/nguon1_hoc_ky.parquet (4.2 KB | 13 rows)
[2026-04-26T02:30:13.142+0000] {logging_mixin.py:188} WARNING - [2026-04-26 02:30:13] INFO    utils.minio :   MinIO ↑ [raw-data] 2026-04-26_02-30/nguon1_giang_vien.parquet (8.3 KB | 45 rows)
[2026-04-26T02:30:13.142+0000] {minio_client.py:142} INFO -   MinIO ↑ [raw-data] 2026-04-26_02-30/nguon1_giang_vien.parquet (8.3 KB | 45 rows)
[2026-04-26T02:30:13.162+0000] {logging_mixin.py:188} WARNING - [2026-04-26 02:30:13] INFO    utils.minio :   MinIO ↑ [raw-data] 2026-04-26_02-30/nguon1_khoa.parquet (2.6 KB | 4 rows)
[2026-04-26T02:30:13.162+0000] {minio_client.py:142} INFO -   MinIO ↑ [raw-data] 2026-04-26_02-30/nguon1_khoa.parquet (2.6 KB | 4 rows)
[2026-04-26T02:30:13.180+0000] {logging_mixin.py:188} WARNING - [2026-04-26 02:30:13] INFO    utils.minio :   MinIO ↑ [raw-data] 2026-04-26_02-30/nguon1_nganh.parquet (3.2 KB | 3 rows)
[2026-04-26T02:30:13.180+0000] {minio_client.py:142} INFO -   MinIO ↑ [raw-data] 2026-04-26_02-30/nguon1_nganh.parquet (3.2 KB | 3 rows)
[2026-04-26T02:30:13.196+0000] {logging_mixin.py:188} WARNING - [2026-04-26 02:30:13] INFO    utils.minio :   MinIO ↑ [raw-data] 2026-04-26_02-30/nguon1_lop_hanh_chinh.parquet (4.8 KB | 48 rows)
[2026-04-26T02:30:13.196+0000] {minio_client.py:142} INFO -   MinIO ↑ [raw-data] 2026-04-26_02-30/nguon1_lop_hanh_chinh.parquet (4.8 KB | 48 rows)
[2026-04-26T02:30:13.216+0000] {logging_mixin.py:188} WARNING - [2026-04-26 02:30:13] INFO    utils.minio :   MinIO ↑ [raw-data] 2026-04-26_02-30/nguon1_tong_hop_ket_qua.parquet (22.0 KB | 1,695 rows)
[2026-04-26T02:30:13.216+0000] {minio_client.py:142} INFO -   MinIO ↑ [raw-data] 2026-04-26_02-30/nguon1_tong_hop_ket_qua.parquet (22.0 KB | 1,695 rows)
[2026-04-26T02:30:13.242+0000] {logging_mixin.py:188} WARNING - [2026-04-26 02:30:13] INFO    utils.minio :   MinIO ↑ [raw-data] 2026-04-26_02-30/nguon2_ctsv.parquet (41.8 KB | 9,475 rows)
[2026-04-26T02:30:13.242+0000] {minio_client.py:142} INFO -   MinIO ↑ [raw-data] 2026-04-26_02-30/nguon2_ctsv.parquet (41.8 KB | 9,475 rows)
[2026-04-26T02:30:13.281+0000] {logging_mixin.py:188} WARNING - [2026-04-26 02:30:13] INFO    utils.minio :   MinIO ↑ [raw-data] 2026-04-26_02-30/nguon3_tai_chinh.parquet (86.8 KB | 9,182 rows)
[2026-04-26T02:30:13.281+0000] {minio_client.py:142} INFO -   MinIO ↑ [raw-data] 2026-04-26_02-30/nguon3_tai_chinh.parquet (86.8 KB | 9,182 rows)
[2026-04-26T02:30:13.290+0000] {logging_mixin.py:188} WARNING - [2026-04-26 02:30:13] INFO    utils.minio :   MinIO upload xong: 12/12 files | run_id=2026-04-26_02-30
[2026-04-26T02:30:13.290+0000] {minio_client.py:188} INFO -   MinIO upload xong: 12/12 files | run_id=2026-04-26_02-30
[2026-04-26T02:30:13.292+0000] {logging_mixin.py:188} WARNING - [2026-04-26 02:30:13] INFO    etl.extract :   MinIO staging: 12/12 files OK → run_id=2026-04-26_02-30
[2026-04-26T02:30:13.292+0000] {extract.py:483} INFO -   MinIO staging: 12/12 files OK → run_id=2026-04-26_02-30
[2026-04-26T02:30:13.293+0000] {logging_mixin.py:188} WARNING - [2026-04-26 02:30:13] INFO    etl.extract : ======================================================================
[2026-04-26T02:30:13.293+0000] {extract.py:445} INFO - ======================================================================
[2026-04-26T02:30:13.294+0000] {logging_mixin.py:188} WARNING - [2026-04-26 02:30:13] INFO    etl.extract :  FULL EXTRACT HOÀN TẤT
[2026-04-26T02:30:13.294+0000] {extract.py:446} INFO -  FULL EXTRACT HOÀN TẤT
[2026-04-26T02:30:13.296+0000] {logging_mixin.py:188} WARNING - [2026-04-26 02:30:13] INFO    etl.extract :    ✅ khoa                     :        4
[2026-04-26T02:30:13.296+0000] {extract.py:449} INFO -    ✅ khoa                     :        4
[2026-04-26T02:30:13.297+0000] {logging_mixin.py:188} WARNING - [2026-04-26 02:30:13] INFO    etl.extract :    ✅ nganh                    :        3
[2026-04-26T02:30:13.297+0000] {extract.py:449} INFO -    ✅ nganh                    :        3
[2026-04-26T02:30:13.298+0000] {logging_mixin.py:188} WARNING - [2026-04-26 02:30:13] INFO    etl.extract :    ✅ giang_vien               :       45
[2026-04-26T02:30:13.298+0000] {extract.py:449} INFO -    ✅ giang_vien               :       45
[2026-04-26T02:30:13.299+0000] {logging_mixin.py:188} WARNING - [2026-04-26 02:30:13] INFO    etl.extract :    ✅ lop_hanh_chinh           :       48
[2026-04-26T02:30:13.299+0000] {extract.py:449} INFO -    ✅ lop_hanh_chinh           :       48
[2026-04-26T02:30:13.300+0000] {logging_mixin.py:188} WARNING - [2026-04-26 02:30:13] INFO    etl.extract :    ✅ sinh_vien                :    1,695
[2026-04-26T02:30:13.300+0000] {extract.py:449} INFO -    ✅ sinh_vien                :    1,695
[2026-04-26T02:30:13.302+0000] {logging_mixin.py:188} WARNING - [2026-04-26 02:30:13] INFO    etl.extract :    ✅ hoc_phan                 :      121
[2026-04-26T02:30:13.302+0000] {extract.py:449} INFO -    ✅ hoc_phan                 :      121
[2026-04-26T02:30:13.304+0000] {logging_mixin.py:188} WARNING - [2026-04-26 02:30:13] INFO    etl.extract :    ✅ hoc_ky_nam_hoc           :       13
[2026-04-26T02:30:13.304+0000] {extract.py:449} INFO -    ✅ hoc_ky_nam_hoc           :       13
[2026-04-26T02:30:13.305+0000] {logging_mixin.py:188} WARNING - [2026-04-26 02:30:13] INFO    etl.extract :    ✅ dang_ky_hoc_phan         :   55,125
[2026-04-26T02:30:13.305+0000] {extract.py:449} INFO -    ✅ dang_ky_hoc_phan         :   55,125
[2026-04-26T02:30:13.306+0000] {logging_mixin.py:188} WARNING - [2026-04-26 02:30:13] INFO    etl.extract :    ✅ diem_hoc_phan            :   54,640
[2026-04-26T02:30:13.306+0000] {extract.py:449} INFO -    ✅ diem_hoc_phan            :   54,640
[2026-04-26T02:30:13.308+0000] {logging_mixin.py:188} WARNING - [2026-04-26 02:30:13] INFO    etl.extract :    ✅ tong_hop_ket_qua         :    1,695
[2026-04-26T02:30:13.308+0000] {extract.py:449} INFO -    ✅ tong_hop_ket_qua         :    1,695
[2026-04-26T02:30:13.309+0000] {logging_mixin.py:188} WARNING - [2026-04-26 02:30:13] INFO    etl.extract :    ✅ ctsv_data                :    9,475
[2026-04-26T02:30:13.309+0000] {extract.py:449} INFO -    ✅ ctsv_data                :    9,475
[2026-04-26T02:30:13.311+0000] {logging_mixin.py:188} WARNING - [2026-04-26 02:30:13] INFO    etl.extract :    ✅ tai_chinh_data           :    9,182
[2026-04-26T02:30:13.311+0000] {extract.py:449} INFO -    ✅ tai_chinh_data           :    9,182
[2026-04-26T02:30:13.314+0000] {logging_mixin.py:188} WARNING - [2026-04-26 02:30:13] INFO    etl.extract : ======================================================================
[2026-04-26T02:30:13.313+0000] {extract.py:450} INFO - ======================================================================
[2026-04-26T02:30:13.362+0000] {logging_mixin.py:188} INFO - Extract xong: {'khoa': 4, 'nganh': 3, 'giang_vien': 45, 'lop_hanh_chinh': 48, 'sinh_vien': 1695, 'hoc_phan': 121, 'hoc_ky_nam_hoc': 13, 'dang_ky_hoc_phan': 55125, 'diem_hoc_phan': 54640, 'tong_hop_ket_qua': 1695, 'ctsv_data': 9475, 'tai_chinh_data': 9182}
[2026-04-26T02:30:13.384+0000] {python.py:201} INFO - Done. Returned value was: {'khoa': 4, 'nganh': 3, 'giang_vien': 45, 'lop_hanh_chinh': 48, 'sinh_vien': 1695, 'hoc_phan': 121, 'hoc_ky_nam_hoc': 13, 'dang_ky_hoc_phan': 55125, 'diem_hoc_phan': 54640, 'tong_hop_ket_qua': 1695, 'ctsv_data': 9475, 'tai_chinh_data': 9182}
[2026-04-26T02:30:13.428+0000] {taskinstance.py:1138} INFO - Marking task as SUCCESS. dag_id=daily_student_pipeline, task_id=extract_data, execution_date=20260421T020000, start_date=20260426T023003, end_date=20260426T023013
[2026-04-26T02:30:13.494+0000] {local_task_job_runner.py:234} INFO - Task exited with return code 0
[2026-04-26T02:30:13.525+0000] {taskinstance.py:3280} INFO - 1 downstream tasks scheduled from follow-on schedule check
