[2026-03-28T08:35:40.792+0000] {taskinstance.py:1956} INFO - Dependencies all met for dep_context=non-requeueable deps ti=<TaskInstance: daily_student_pipeline.extract_data manual__2026-03-28T08:35:37.973185+00:00 [queued]>
[2026-03-28T08:35:40.804+0000] {taskinstance.py:1956} INFO - Dependencies all met for dep_context=requeueable deps ti=<TaskInstance: daily_student_pipeline.extract_data manual__2026-03-28T08:35:37.973185+00:00 [queued]>
[2026-03-28T08:35:40.805+0000] {taskinstance.py:2170} INFO - Starting attempt 1 of 1
[2026-03-28T08:35:40.825+0000] {taskinstance.py:2191} INFO - Executing <Task(PythonOperator): extract_data> on 2026-03-28 08:35:37.973185+00:00
[2026-03-28T08:35:40.830+0000] {standard_task_runner.py:60} INFO - Started process 14236 to run task
[2026-03-28T08:35:40.835+0000] {standard_task_runner.py:87} INFO - Running: ['***', 'tasks', 'run', 'daily_student_pipeline', 'extract_data', 'manual__2026-03-28T08:35:37.973185+00:00', '--job-id', '45', '--raw', '--subdir', 'DAGS_FOLDER/daily_student_pipeline.py', '--cfg-path', '/tmp/tmp6pr3ay3w']
[2026-03-28T08:35:40.839+0000] {standard_task_runner.py:88} INFO - Job 45: Subtask extract_data
[2026-03-28T08:35:40.953+0000] {task_command.py:423} INFO - Running <TaskInstance: daily_student_pipeline.extract_data manual__2026-03-28T08:35:37.973185+00:00 [running]> on host 8474c56aea3d
[2026-03-28T08:35:41.083+0000] {taskinstance.py:2480} INFO - Exporting env vars: AIRFLOW_CTX_DAG_OWNER='nhom8' AIRFLOW_CTX_DAG_ID='daily_student_pipeline' AIRFLOW_CTX_TASK_ID='extract_data' AIRFLOW_CTX_EXECUTION_DATE='2026-03-28T08:35:37.973185+00:00' AIRFLOW_CTX_TRY_NUMBER='1' AIRFLOW_CTX_DAG_RUN_ID='manual__2026-03-28T08:35:37.973185+00:00'
[2026-03-28T08:35:44.264+0000] {logging_mixin.py:188} WARNING - [2026-03-28 08:35:44] INFO    etl.extract : 🚀 BẮT ĐẦU FULL EXTRACT
[2026-03-28T08:35:44.263+0000] {extract.py:277} INFO - 🚀 BẮT ĐẦU FULL EXTRACT
[2026-03-28T08:35:44.266+0000] {logging_mixin.py:188} WARNING - [2026-03-28 08:35:44] INFO    etl.extract : ======================================================================
[2026-03-28T08:35:44.266+0000] {extract.py:278} INFO - ======================================================================
[2026-03-28T08:35:44.285+0000] {logging_mixin.py:188} WARNING - [2026-03-28 08:35:44] INFO    etl.extract : ════════════════════════════════════════════════════════════
[2026-03-28T08:35:44.285+0000] {extract.py:82} INFO - ════════════════════════════════════════════════════════════
[2026-03-28T08:35:44.287+0000] {logging_mixin.py:188} WARNING - [2026-03-28 08:35:44] INFO    etl.extract : NGUỒN 1 — PostgreSQL (Phòng Đào tạo) | Full Extract
[2026-03-28T08:35:44.287+0000] {extract.py:83} INFO - NGUỒN 1 — PostgreSQL (Phòng Đào tạo) | Full Extract
[2026-03-28T08:35:44.288+0000] {logging_mixin.py:188} WARNING - [2026-03-28 08:35:44] INFO    etl.extract : ════════════════════════════════════════════════════════════
[2026-03-28T08:35:44.288+0000] {extract.py:84} INFO - ════════════════════════════════════════════════════════════
[2026-03-28T08:35:44.424+0000] {logging_mixin.py:188} WARNING - [2026-03-28 08:35:44] INFO    etl.extract :   PostgreSQL | khoa                      →      4 records
[2026-03-28T08:35:44.424+0000] {extract.py:66} INFO -   PostgreSQL | khoa                      →      4 records
[2026-03-28T08:35:44.453+0000] {logging_mixin.py:188} WARNING - [2026-03-28 08:35:44] INFO    etl.extract :   PostgreSQL | nganh                     →      3 records
[2026-03-28T08:35:44.453+0000] {extract.py:66} INFO -   PostgreSQL | nganh                     →      3 records
[2026-03-28T08:35:44.486+0000] {logging_mixin.py:188} WARNING - [2026-03-28 08:35:44] INFO    etl.extract :   PostgreSQL | giang_vien                →     45 records
[2026-03-28T08:35:44.486+0000] {extract.py:66} INFO -   PostgreSQL | giang_vien                →     45 records
[2026-03-28T08:35:44.531+0000] {logging_mixin.py:188} WARNING - [2026-03-28 08:35:44] INFO    etl.extract :   PostgreSQL | lop_hanh_chinh            →     48 records
[2026-03-28T08:35:44.531+0000] {extract.py:66} INFO -   PostgreSQL | lop_hanh_chinh            →     48 records
[2026-03-28T08:35:44.615+0000] {logging_mixin.py:188} WARNING - [2026-03-28 08:35:44] INFO    etl.extract :   PostgreSQL | sinh_vien                 →  1,695 records
[2026-03-28T08:35:44.615+0000] {extract.py:66} INFO -   PostgreSQL | sinh_vien                 →  1,695 records
[2026-03-28T08:35:44.647+0000] {logging_mixin.py:188} WARNING - [2026-03-28 08:35:44] INFO    etl.extract :   PostgreSQL | hoc_phan                  →    121 records
[2026-03-28T08:35:44.647+0000] {extract.py:66} INFO -   PostgreSQL | hoc_phan                  →    121 records
[2026-03-28T08:35:44.665+0000] {logging_mixin.py:188} WARNING - [2026-03-28 08:35:44] INFO    etl.extract :   PostgreSQL | hoc_ky_nam_hoc            →      9 records
[2026-03-28T08:35:44.665+0000] {extract.py:66} INFO -   PostgreSQL | hoc_ky_nam_hoc            →      9 records
[2026-03-28T08:35:45.069+0000] {logging_mixin.py:188} WARNING - [2026-03-28 08:35:45] INFO    etl.extract :   PostgreSQL | dang_ky_hoc_phan          → 56,173 records
[2026-03-28T08:35:45.069+0000] {extract.py:66} INFO -   PostgreSQL | dang_ky_hoc_phan          → 56,173 records
[2026-03-28T08:35:46.419+0000] {logging_mixin.py:188} WARNING - [2026-03-28 08:35:46] INFO    etl.extract :   PostgreSQL | diem_hoc_phan             → 56,173 records
[2026-03-28T08:35:46.419+0000] {extract.py:66} INFO -   PostgreSQL | diem_hoc_phan             → 56,173 records
[2026-03-28T08:35:46.482+0000] {logging_mixin.py:188} WARNING - [2026-03-28 08:35:46] INFO    etl.extract :   PostgreSQL | tong_hop_ket_qua          →  1,695 records
[2026-03-28T08:35:46.482+0000] {extract.py:66} INFO -   PostgreSQL | tong_hop_ket_qua          →  1,695 records
[2026-03-28T08:35:46.483+0000] {logging_mixin.py:188} WARNING - [2026-03-28 08:35:46] INFO    etl.extract :   PostgreSQL | TỔNG: 115,966 records từ 10 bảng
[2026-03-28T08:35:46.483+0000] {extract.py:91} INFO -   PostgreSQL | TỔNG: 115,966 records từ 10 bảng
[2026-03-28T08:35:46.485+0000] {logging_mixin.py:188} WARNING - [2026-03-28 08:35:46] INFO    etl.extract : ════════════════════════════════════════════════════════════
[2026-03-28T08:35:46.485+0000] {extract.py:163} INFO - ════════════════════════════════════════════════════════════
[2026-03-28T08:35:46.486+0000] {logging_mixin.py:188} WARNING - [2026-03-28 08:35:46] INFO    etl.extract : NGUỒN 2 — CSV (Phòng CTSV) | Extract
[2026-03-28T08:35:46.486+0000] {extract.py:164} INFO - NGUỒN 2 — CSV (Phòng CTSV) | Extract
[2026-03-28T08:35:46.487+0000] {logging_mixin.py:188} WARNING - [2026-03-28 08:35:46] INFO    etl.extract : ════════════════════════════════════════════════════════════
[2026-03-28T08:35:46.487+0000] {extract.py:165} INFO - ════════════════════════════════════════════════════════════
[2026-03-28T08:35:46.491+0000] {logging_mixin.py:188} WARNING - [2026-03-28 08:35:46] INFO    etl.extract :   CSV | Tìm thấy 9 file(s)
[2026-03-28T08:35:46.491+0000] {extract.py:174} INFO -   CSV | Tìm thấy 9 file(s)
[2026-03-28T08:35:46.501+0000] {logging_mixin.py:188} WARNING - [2026-03-28 08:35:46] INFO    etl.extract :   CSV | ctsv_HK1_2021_22.csv                →    390 records
[2026-03-28T08:35:46.501+0000] {extract.py:140} INFO -   CSV | ctsv_HK1_2021_22.csv                →    390 records
[2026-03-28T08:35:46.508+0000] {logging_mixin.py:188} WARNING - [2026-03-28 08:35:46] INFO    etl.extract :   CSV | ctsv_HK1_2022_23.csv                →    803 records
[2026-03-28T08:35:46.508+0000] {extract.py:140} INFO -   CSV | ctsv_HK1_2022_23.csv                →    803 records
[2026-03-28T08:35:46.514+0000] {logging_mixin.py:188} WARNING - [2026-03-28 08:35:46] INFO    etl.extract :   CSV | ctsv_HK1_2023_24.csv                →  1,226 records
[2026-03-28T08:35:46.514+0000] {extract.py:140} INFO -   CSV | ctsv_HK1_2023_24.csv                →  1,226 records
[2026-03-28T08:35:46.520+0000] {logging_mixin.py:188} WARNING - [2026-03-28 08:35:46] INFO    etl.extract :   CSV | ctsv_HK1_2024_25.csv                →  1,665 records
[2026-03-28T08:35:46.520+0000] {extract.py:140} INFO -   CSV | ctsv_HK1_2024_25.csv                →  1,665 records
[2026-03-28T08:35:46.528+0000] {logging_mixin.py:188} WARNING - [2026-03-28 08:35:46] INFO    etl.extract :   CSV | ctsv_HK1_2025_26.csv                →  1,410 records
[2026-03-28T08:35:46.528+0000] {extract.py:140} INFO -   CSV | ctsv_HK1_2025_26.csv                →  1,410 records
[2026-03-28T08:35:46.534+0000] {logging_mixin.py:188} WARNING - [2026-03-28 08:35:46] INFO    etl.extract :   CSV | ctsv_HK2_2021_22.csv                →    386 records
[2026-03-28T08:35:46.534+0000] {extract.py:140} INFO -   CSV | ctsv_HK2_2021_22.csv                →    386 records
[2026-03-28T08:35:46.540+0000] {logging_mixin.py:188} WARNING - [2026-03-28 08:35:46] INFO    etl.extract :   CSV | ctsv_HK2_2022_23.csv                →    797 records
[2026-03-28T08:35:46.539+0000] {extract.py:140} INFO -   CSV | ctsv_HK2_2022_23.csv                →    797 records
[2026-03-28T08:35:46.546+0000] {logging_mixin.py:188} WARNING - [2026-03-28 08:35:46] INFO    etl.extract :   CSV | ctsv_HK2_2023_24.csv                →  1,217 records
[2026-03-28T08:35:46.546+0000] {extract.py:140} INFO -   CSV | ctsv_HK2_2023_24.csv                →  1,217 records
[2026-03-28T08:35:46.552+0000] {logging_mixin.py:188} WARNING - [2026-03-28 08:35:46] INFO    etl.extract :   CSV | ctsv_HK2_2024_25.csv                →  1,622 records
[2026-03-28T08:35:46.552+0000] {extract.py:140} INFO -   CSV | ctsv_HK2_2024_25.csv                →  1,622 records
[2026-03-28T08:35:46.560+0000] {logging_mixin.py:188} WARNING - [2026-03-28 08:35:46] INFO    etl.extract :   CSV | TỔNG: 9,516 records từ 9 file(s)
[2026-03-28T08:35:46.559+0000] {extract.py:193} INFO -   CSV | TỔNG: 9,516 records từ 9 file(s)
[2026-03-28T08:35:46.618+0000] {logging_mixin.py:188} WARNING - [2026-03-28 08:35:46] INFO    etl.extract :   API | (JSON) taichinh_HK1_2021_22.json →    390 records
[2026-03-28T08:35:46.618+0000] {extract.py:242} INFO -   API | (JSON) taichinh_HK1_2021_22.json →    390 records
[2026-03-28T08:35:46.635+0000] {logging_mixin.py:188} WARNING - [2026-03-28 08:35:46] INFO    etl.extract :   API | (JSON) taichinh_HK1_2022_23.json →    803 records
[2026-03-28T08:35:46.635+0000] {extract.py:242} INFO -   API | (JSON) taichinh_HK1_2022_23.json →    803 records
[2026-03-28T08:35:46.655+0000] {logging_mixin.py:188} WARNING - [2026-03-28 08:35:46] INFO    etl.extract :   API | (JSON) taichinh_HK1_2023_24.json →  1,226 records
[2026-03-28T08:35:46.655+0000] {extract.py:242} INFO -   API | (JSON) taichinh_HK1_2023_24.json →  1,226 records
[2026-03-28T08:35:46.679+0000] {logging_mixin.py:188} WARNING - [2026-03-28 08:35:46] INFO    etl.extract :   API | (JSON) taichinh_HK1_2024_25.json →  1,665 records
[2026-03-28T08:35:46.679+0000] {extract.py:242} INFO -   API | (JSON) taichinh_HK1_2024_25.json →  1,665 records
[2026-03-28T08:35:46.711+0000] {logging_mixin.py:188} WARNING - [2026-03-28 08:35:46] INFO    etl.extract :   API | (JSON) taichinh_HK1_2025_26.json →  1,410 records
[2026-03-28T08:35:46.711+0000] {extract.py:242} INFO -   API | (JSON) taichinh_HK1_2025_26.json →  1,410 records
[2026-03-28T08:35:46.726+0000] {logging_mixin.py:188} WARNING - [2026-03-28 08:35:46] INFO    etl.extract :   API | (JSON) taichinh_HK2_2021_22.json →    386 records
[2026-03-28T08:35:46.725+0000] {extract.py:242} INFO -   API | (JSON) taichinh_HK2_2021_22.json →    386 records
[2026-03-28T08:35:46.743+0000] {logging_mixin.py:188} WARNING - [2026-03-28 08:35:46] INFO    etl.extract :   API | (JSON) taichinh_HK2_2022_23.json →    797 records
[2026-03-28T08:35:46.742+0000] {extract.py:242} INFO -   API | (JSON) taichinh_HK2_2022_23.json →    797 records
[2026-03-28T08:35:46.764+0000] {logging_mixin.py:188} WARNING - [2026-03-28 08:35:46] INFO    etl.extract :   API | (JSON) taichinh_HK2_2023_24.json →  1,217 records
[2026-03-28T08:35:46.764+0000] {extract.py:242} INFO -   API | (JSON) taichinh_HK2_2023_24.json →  1,217 records
[2026-03-28T08:35:46.788+0000] {logging_mixin.py:188} WARNING - [2026-03-28 08:35:46] INFO    etl.extract :   API | (JSON) taichinh_HK2_2024_25.json →  1,622 records
[2026-03-28T08:35:46.788+0000] {extract.py:242} INFO -   API | (JSON) taichinh_HK2_2024_25.json →  1,622 records
[2026-03-28T08:35:46.790+0000] {logging_mixin.py:188} WARNING - [2026-03-28 08:35:46] INFO    etl.extract :   API | TỔNG: 9,516 records từ 9 HK
[2026-03-28T08:35:46.790+0000] {extract.py:266} INFO -   API | TỔNG: 9,516 records từ 9 HK
[2026-03-28T08:35:47.144+0000] {logging_mixin.py:188} WARNING - [2026-03-28 08:35:47] INFO    utils.minio :   MinIO ↑ [raw-data] 2026-03-28_08-35/nguon1_sinh_vien.parquet (47.1 KB | 1,695 rows)
[2026-03-28T08:35:47.144+0000] {minio_client.py:142} INFO -   MinIO ↑ [raw-data] 2026-03-28_08-35/nguon1_sinh_vien.parquet (47.1 KB | 1,695 rows)
[2026-03-28T08:35:47.192+0000] {logging_mixin.py:188} WARNING - [2026-03-28 08:35:47] INFO    utils.minio :   MinIO ↑ [raw-data] 2026-03-28_08-35/nguon1_dang_ky.parquet (444.1 KB | 56,173 rows)
[2026-03-28T08:35:47.192+0000] {minio_client.py:142} INFO -   MinIO ↑ [raw-data] 2026-03-28_08-35/nguon1_dang_ky.parquet (444.1 KB | 56,173 rows)
[2026-03-28T08:35:47.241+0000] {logging_mixin.py:188} WARNING - [2026-03-28 08:35:47] INFO    utils.minio :   MinIO ↑ [raw-data] 2026-03-28_08-35/nguon1_diem.parquet (1141.5 KB | 56,173 rows)
[2026-03-28T08:35:47.241+0000] {minio_client.py:142} INFO -   MinIO ↑ [raw-data] 2026-03-28_08-35/nguon1_diem.parquet (1141.5 KB | 56,173 rows)
[2026-03-28T08:35:47.254+0000] {logging_mixin.py:188} WARNING - [2026-03-28 08:35:47] INFO    utils.minio :   MinIO ↑ [raw-data] 2026-03-28_08-35/nguon1_hoc_phan.parquet (10.3 KB | 121 rows)
[2026-03-28T08:35:47.254+0000] {minio_client.py:142} INFO -   MinIO ↑ [raw-data] 2026-03-28_08-35/nguon1_hoc_phan.parquet (10.3 KB | 121 rows)
[2026-03-28T08:35:47.268+0000] {logging_mixin.py:188} WARNING - [2026-03-28 08:35:47] INFO    utils.minio :   MinIO ↑ [raw-data] 2026-03-28_08-35/nguon1_hoc_ky.parquet (4.1 KB | 9 rows)
[2026-03-28T08:35:47.268+0000] {minio_client.py:142} INFO -   MinIO ↑ [raw-data] 2026-03-28_08-35/nguon1_hoc_ky.parquet (4.1 KB | 9 rows)
[2026-03-28T08:35:47.280+0000] {logging_mixin.py:188} WARNING - [2026-03-28 08:35:47] INFO    utils.minio :   MinIO ↑ [raw-data] 2026-03-28_08-35/nguon1_giang_vien.parquet (8.3 KB | 45 rows)
[2026-03-28T08:35:47.280+0000] {minio_client.py:142} INFO -   MinIO ↑ [raw-data] 2026-03-28_08-35/nguon1_giang_vien.parquet (8.3 KB | 45 rows)
[2026-03-28T08:35:47.293+0000] {logging_mixin.py:188} WARNING - [2026-03-28 08:35:47] INFO    utils.minio :   MinIO ↑ [raw-data] 2026-03-28_08-35/nguon1_khoa.parquet (2.6 KB | 4 rows)
[2026-03-28T08:35:47.293+0000] {minio_client.py:142} INFO -   MinIO ↑ [raw-data] 2026-03-28_08-35/nguon1_khoa.parquet (2.6 KB | 4 rows)
[2026-03-28T08:35:47.305+0000] {logging_mixin.py:188} WARNING - [2026-03-28 08:35:47] INFO    utils.minio :   MinIO ↑ [raw-data] 2026-03-28_08-35/nguon1_nganh.parquet (3.2 KB | 3 rows)
[2026-03-28T08:35:47.305+0000] {minio_client.py:142} INFO -   MinIO ↑ [raw-data] 2026-03-28_08-35/nguon1_nganh.parquet (3.2 KB | 3 rows)
[2026-03-28T08:35:47.316+0000] {logging_mixin.py:188} WARNING - [2026-03-28 08:35:47] INFO    utils.minio :   MinIO ↑ [raw-data] 2026-03-28_08-35/nguon1_lop_hanh_chinh.parquet (4.8 KB | 48 rows)
[2026-03-28T08:35:47.316+0000] {minio_client.py:142} INFO -   MinIO ↑ [raw-data] 2026-03-28_08-35/nguon1_lop_hanh_chinh.parquet (4.8 KB | 48 rows)
[2026-03-28T08:35:47.333+0000] {logging_mixin.py:188} WARNING - [2026-03-28 08:35:47] INFO    utils.minio :   MinIO ↑ [raw-data] 2026-03-28_08-35/nguon1_tong_hop_ket_qua.parquet (22.4 KB | 1,695 rows)
[2026-03-28T08:35:47.333+0000] {minio_client.py:142} INFO -   MinIO ↑ [raw-data] 2026-03-28_08-35/nguon1_tong_hop_ket_qua.parquet (22.4 KB | 1,695 rows)
[2026-03-28T08:35:47.352+0000] {logging_mixin.py:188} WARNING - [2026-03-28 08:35:47] INFO    utils.minio :   MinIO ↑ [raw-data] 2026-03-28_08-35/nguon2_ctsv.parquet (39.3 KB | 9,516 rows)
[2026-03-28T08:35:47.352+0000] {minio_client.py:142} INFO -   MinIO ↑ [raw-data] 2026-03-28_08-35/nguon2_ctsv.parquet (39.3 KB | 9,516 rows)
[2026-03-28T08:35:47.373+0000] {logging_mixin.py:188} WARNING - [2026-03-28 08:35:47] INFO    utils.minio :   MinIO ↑ [raw-data] 2026-03-28_08-35/nguon3_tai_chinh.parquet (68.2 KB | 9,516 rows)
[2026-03-28T08:35:47.373+0000] {minio_client.py:142} INFO -   MinIO ↑ [raw-data] 2026-03-28_08-35/nguon3_tai_chinh.parquet (68.2 KB | 9,516 rows)
[2026-03-28T08:35:47.374+0000] {logging_mixin.py:188} WARNING - [2026-03-28 08:35:47] INFO    utils.minio :   MinIO upload xong: 12/12 files | run_id=2026-03-28_08-35
[2026-03-28T08:35:47.374+0000] {minio_client.py:188} INFO -   MinIO upload xong: 12/12 files | run_id=2026-03-28_08-35
[2026-03-28T08:35:47.375+0000] {logging_mixin.py:188} WARNING - [2026-03-28 08:35:47] INFO    etl.extract :   MinIO staging: 12/12 files OK → run_id=2026-03-28_08-35
[2026-03-28T08:35:47.375+0000] {extract.py:333} INFO -   MinIO staging: 12/12 files OK → run_id=2026-03-28_08-35
[2026-03-28T08:35:47.377+0000] {logging_mixin.py:188} WARNING - [2026-03-28 08:35:47] INFO    etl.extract : ======================================================================
[2026-03-28T08:35:47.376+0000] {extract.py:296} INFO - ======================================================================
[2026-03-28T08:35:47.378+0000] {logging_mixin.py:188} WARNING - [2026-03-28 08:35:47] INFO    etl.extract : ✅ FULL EXTRACT HOÀN TẤT
[2026-03-28T08:35:47.378+0000] {extract.py:297} INFO - ✅ FULL EXTRACT HOÀN TẤT
[2026-03-28T08:35:47.379+0000] {logging_mixin.py:188} WARNING - [2026-03-28 08:35:47] INFO    etl.extract :    khoa                     :        4
[2026-03-28T08:35:47.379+0000] {extract.py:299} INFO -    khoa                     :        4
[2026-03-28T08:35:47.380+0000] {logging_mixin.py:188} WARNING - [2026-03-28 08:35:47] INFO    etl.extract :    nganh                    :        3
[2026-03-28T08:35:47.380+0000] {extract.py:299} INFO -    nganh                    :        3
[2026-03-28T08:35:47.381+0000] {logging_mixin.py:188} WARNING - [2026-03-28 08:35:47] INFO    etl.extract :    giang_vien               :       45
[2026-03-28T08:35:47.381+0000] {extract.py:299} INFO -    giang_vien               :       45
[2026-03-28T08:35:47.382+0000] {logging_mixin.py:188} WARNING - [2026-03-28 08:35:47] INFO    etl.extract :    lop_hanh_chinh           :       48
[2026-03-28T08:35:47.382+0000] {extract.py:299} INFO -    lop_hanh_chinh           :       48
[2026-03-28T08:35:47.384+0000] {logging_mixin.py:188} WARNING - [2026-03-28 08:35:47] INFO    etl.extract :    sinh_vien                :    1,695
[2026-03-28T08:35:47.383+0000] {extract.py:299} INFO -    sinh_vien                :    1,695
[2026-03-28T08:35:47.385+0000] {logging_mixin.py:188} WARNING - [2026-03-28 08:35:47] INFO    etl.extract :    hoc_phan                 :      121
[2026-03-28T08:35:47.384+0000] {extract.py:299} INFO -    hoc_phan                 :      121
[2026-03-28T08:35:47.386+0000] {logging_mixin.py:188} WARNING - [2026-03-28 08:35:47] INFO    etl.extract :    hoc_ky_nam_hoc           :        9
[2026-03-28T08:35:47.386+0000] {extract.py:299} INFO -    hoc_ky_nam_hoc           :        9
[2026-03-28T08:35:47.387+0000] {logging_mixin.py:188} WARNING - [2026-03-28 08:35:47] INFO    etl.extract :    dang_ky_hoc_phan         :   56,173
[2026-03-28T08:35:47.387+0000] {extract.py:299} INFO -    dang_ky_hoc_phan         :   56,173
[2026-03-28T08:35:47.388+0000] {logging_mixin.py:188} WARNING - [2026-03-28 08:35:47] INFO    etl.extract :    diem_hoc_phan            :   56,173
[2026-03-28T08:35:47.388+0000] {extract.py:299} INFO -    diem_hoc_phan            :   56,173
[2026-03-28T08:35:47.389+0000] {logging_mixin.py:188} WARNING - [2026-03-28 08:35:47] INFO    etl.extract :    tong_hop_ket_qua         :    1,695
[2026-03-28T08:35:47.389+0000] {extract.py:299} INFO -    tong_hop_ket_qua         :    1,695
[2026-03-28T08:35:47.391+0000] {logging_mixin.py:188} WARNING - [2026-03-28 08:35:47] INFO    etl.extract :    ctsv_data                :    9,516
[2026-03-28T08:35:47.391+0000] {extract.py:299} INFO -    ctsv_data                :    9,516
[2026-03-28T08:35:47.393+0000] {logging_mixin.py:188} WARNING - [2026-03-28 08:35:47] INFO    etl.extract :    tai_chinh_data           :    9,516
[2026-03-28T08:35:47.393+0000] {extract.py:299} INFO -    tai_chinh_data           :    9,516
[2026-03-28T08:35:47.394+0000] {logging_mixin.py:188} WARNING - [2026-03-28 08:35:47] INFO    etl.extract : ======================================================================
[2026-03-28T08:35:47.394+0000] {extract.py:300} INFO - ======================================================================
[2026-03-28T08:35:47.434+0000] {logging_mixin.py:188} INFO - Extract xong: {'khoa': 4, 'nganh': 3, 'giang_vien': 45, 'lop_hanh_chinh': 48, 'sinh_vien': 1695, 'hoc_phan': 121, 'hoc_ky_nam_hoc': 9, 'dang_ky_hoc_phan': 56173, 'diem_hoc_phan': 56173, 'tong_hop_ket_qua': 1695, 'ctsv_data': 9516, 'tai_chinh_data': 9516}
[2026-03-28T08:35:47.443+0000] {python.py:201} INFO - Done. Returned value was: {'khoa': 4, 'nganh': 3, 'giang_vien': 45, 'lop_hanh_chinh': 48, 'sinh_vien': 1695, 'hoc_phan': 121, 'hoc_ky_nam_hoc': 9, 'dang_ky_hoc_phan': 56173, 'diem_hoc_phan': 56173, 'tong_hop_ket_qua': 1695, 'ctsv_data': 9516, 'tai_chinh_data': 9516}
[2026-03-28T08:35:47.473+0000] {taskinstance.py:1138} INFO - Marking task as SUCCESS. dag_id=daily_student_pipeline, task_id=extract_data, execution_date=20260328T083537, start_date=20260328T083540, end_date=20260328T083547
[2026-03-28T08:35:47.507+0000] {local_task_job_runner.py:234} INFO - Task exited with return code 0
[2026-03-28T08:35:47.542+0000] {taskinstance.py:3280} INFO - 0 downstream tasks scheduled from follow-on schedule check
