[2026-05-02T05:40:22.058+0000] {taskinstance.py:1956} INFO - Dependencies all met for dep_context=non-requeueable deps ti=<TaskInstance: daily_student_pipeline.load_data manual__2026-05-02T05:40:03.609119+00:00 [queued]>
[2026-05-02T05:40:22.069+0000] {taskinstance.py:1956} INFO - Dependencies all met for dep_context=requeueable deps ti=<TaskInstance: daily_student_pipeline.load_data manual__2026-05-02T05:40:03.609119+00:00 [queued]>
[2026-05-02T05:40:22.070+0000] {taskinstance.py:2170} INFO - Starting attempt 1 of 1
[2026-05-02T05:40:22.090+0000] {taskinstance.py:2191} INFO - Executing <Task(PythonOperator): load_data> on 2026-05-02 05:40:03.609119+00:00
[2026-05-02T05:40:22.094+0000] {standard_task_runner.py:60} INFO - Started process 18843 to run task
[2026-05-02T05:40:22.098+0000] {standard_task_runner.py:87} INFO - Running: ['***', 'tasks', 'run', 'daily_student_pipeline', 'load_data', 'manual__2026-05-02T05:40:03.609119+00:00', '--job-id', '625', '--raw', '--subdir', 'DAGS_FOLDER/daily_student_pipeline.py', '--cfg-path', '/tmp/tmpwlwp0f5v']
[2026-05-02T05:40:22.101+0000] {standard_task_runner.py:88} INFO - Job 625: Subtask load_data
[2026-05-02T05:40:22.173+0000] {task_command.py:423} INFO - Running <TaskInstance: daily_student_pipeline.load_data manual__2026-05-02T05:40:03.609119+00:00 [running]> on host 485f600440bc
[2026-05-02T05:40:22.281+0000] {taskinstance.py:2480} INFO - Exporting env vars: AIRFLOW_CTX_DAG_OWNER='nhom8' AIRFLOW_CTX_DAG_ID='daily_student_pipeline' AIRFLOW_CTX_TASK_ID='load_data' AIRFLOW_CTX_EXECUTION_DATE='2026-05-02T05:40:03.609119+00:00' AIRFLOW_CTX_TRY_NUMBER='1' AIRFLOW_CTX_DAG_RUN_ID='manual__2026-05-02T05:40:03.609119+00:00'
[2026-05-02T05:40:22.986+0000] {transform.py:159} INFO -   Load TransformedData từ MinIO staging: run_id=2026-05-02_05-40
[2026-05-02T05:40:22.994+0000] {minio_client.py:229} WARNING -   MinIO không tìm thấy: 2026-05-02_05-40/dim_hoc_ky.parquet
[2026-05-02T05:40:23.030+0000] {minio_client.py:223} INFO -   MinIO ↓ [staging-data] 2026-05-02_05-40/dim_giang_vien.parquet (45 rows)
[2026-05-02T05:40:23.044+0000] {minio_client.py:223} INFO -   MinIO ↓ [staging-data] 2026-05-02_05-40/dim_hoc_phan.parquet (121 rows)
[2026-05-02T05:40:23.059+0000] {minio_client.py:223} INFO -   MinIO ↓ [staging-data] 2026-05-02_05-40/dim_sinh_vien.parquet (1,695 rows)
[2026-05-02T05:40:23.063+0000] {minio_client.py:229} WARNING -   MinIO không tìm thấy: 2026-05-02_05-40/fact_diem.parquet
[2026-05-02T05:40:23.067+0000] {minio_client.py:229} WARNING -   MinIO không tìm thấy: 2026-05-02_05-40/fact_dang_ky.parquet
[2026-05-02T05:40:23.078+0000] {minio_client.py:223} INFO -   MinIO ↓ [staging-data] 2026-05-02_05-40/fact_ren_luyen.parquet (10,068 rows)
[2026-05-02T05:40:23.089+0000] {minio_client.py:223} INFO -   MinIO ↓ [staging-data] 2026-05-02_05-40/fact_tai_chinh.parquet (9,769 rows)
[2026-05-02T05:40:23.089+0000] {transform.py:172} INFO - Load from staging-data OK — run_id=2026-05-02_05-40
[2026-05-02T05:40:23.090+0000] {load.py:51} INFO - ==BẮT ĐẦU LOAD VÀO DATA WAREHOUSE==
[2026-05-02T05:40:23.091+0000] {load.py:52} INFO - ======================================================================
[2026-05-02T05:40:23.092+0000] {load.py:121} INFO - Tạo schema warehouse từ warehouse_models.py...
[2026-05-02T05:40:23.105+0000] {load.py:123} INFO -   Schema warehouse OK
[2026-05-02T05:40:23.106+0000] {load.py:57} INFO - ── Bước 1: Load Dimension Tables ──
[2026-05-02T05:40:23.164+0000] {load.py:262} INFO -   dim_giang_vien →     45 records (new: 45)
[2026-05-02T05:40:23.280+0000] {load.py:310} INFO -   dim_hoc_phan   →    121 records (new: 121)
[2026-05-02T05:40:24.998+0000] {load.py:419} INFO -   dim_sinh_vien →  1,695 records (new: 1695, SCD2: 0, fact cascade: 0)
[2026-05-02T05:40:24.999+0000] {load.py:63} INFO - ── Bước 2: Build Surrogate Key Cache ──
[2026-05-02T05:40:25.000+0000] {load.py:126} INFO - Building surrogate key caches...
[2026-05-02T05:40:25.020+0000] {load.py:154} INFO -   SV=1695, HP=121, GV=45, HK=0
[2026-05-02T05:40:25.021+0000] {load.py:66} INFO - ── Bước 3: Load Fact Tables ──
[2026-05-02T05:40:25.021+0000] {load.py:488} INFO -   fact_hoc_tap   → SKIP (empty)
[2026-05-02T05:40:25.022+0000] {load.py:579} INFO -   fact_dang_ky   → SKIP (empty)
[2026-05-02T05:40:25.026+0000] {load.py:686} WARNING -   fact_ctsv | [DEDUP Tầng 1 - DataFrame] Loại bỏ 299 bản ghi trùng (10068 → 9769)
[2026-05-02T05:40:25.034+0000] {load.py:719} WARNING -   fact_ctsv | Bỏ qua 9769 rows: không tìm thấy surrogate key (SV hoặc HK chưa có trong dim)
[2026-05-02T05:40:25.044+0000] {load.py:802} INFO -   fact_ctsv      → SKIP (no valid records)
[2026-05-02T05:40:25.171+0000] {load.py:931} INFO -   fact_tai_chinh | Đã làm sạch 1 cột datetime (NaT → None)
[2026-05-02T05:40:25.235+0000] {load.py:971} INFO -   fact_tai_chinh → SKIP (no valid records)
[2026-05-02T05:40:25.236+0000] {load.py:73} INFO - ── Bước 4: Build Aggregation ──
[2026-05-02T05:40:25.236+0000] {aggregation.py:12} INFO - == BẮT ĐẦU AGGREGATION ==
[2026-05-02T05:40:25.369+0000] {aggregation.py:288} INFO -   agg_student_summary → 1,695 records
[2026-05-02T05:40:25.370+0000] {aggregation.py:14} INFO -   agg_student_summary rebuilt : 1,695
[2026-05-02T05:40:25.370+0000] {aggregation.py:15} INFO - == AGGREGATION HOÀN TẤT ==
[2026-05-02T05:40:25.371+0000] {load.py:77} INFO - ======================================================================
[2026-05-02T05:40:25.373+0000] {load.py:78} INFO - LOAD HOÀN TẤT
[2026-05-02T05:40:25.374+0000] {load.py:81} INFO -   dim_hoc_ky               :        0 records
[2026-05-02T05:40:25.375+0000] {load.py:81} INFO -   dim_giang_vien           :       45 records
[2026-05-02T05:40:25.375+0000] {load.py:81} INFO -   dim_hoc_phan             :      121 records
[2026-05-02T05:40:25.376+0000] {load.py:81} INFO -   dim_sinh_vien            :    1,695 records
[2026-05-02T05:40:25.376+0000] {load.py:81} INFO -   fact_hoc_tap             :        0 records
[2026-05-02T05:40:25.377+0000] {load.py:81} INFO -   fact_dang_ky             :        0 records
[2026-05-02T05:40:25.378+0000] {load.py:81} INFO -   fact_ctsv                :        0 records
[2026-05-02T05:40:25.379+0000] {load.py:81} INFO -   fact_tai_chinh           :        0 records
[2026-05-02T05:40:25.380+0000] {load.py:81} INFO -   agg_student_summary      :    1,695 records
[2026-05-02T05:40:25.380+0000] {load.py:83} INFO -   TỔNG                     :    3,556 records
[2026-05-02T05:40:25.380+0000] {load.py:84} INFO - ======================================================================
[2026-05-02T05:40:28.394+0000] {logging_mixin.py:188} INFO - ============================================================
[2026-05-02T05:40:28.396+0000] {logging_mixin.py:188} INFO - LOAD HOÀN TẤT — Thống kê:
[2026-05-02T05:40:28.396+0000] {logging_mixin.py:188} INFO -   dim_hoc_ky                    :          0 records
[2026-05-02T05:40:28.397+0000] {logging_mixin.py:188} INFO -   dim_giang_vien                :         45 records
[2026-05-02T05:40:28.397+0000] {logging_mixin.py:188} INFO -   dim_hoc_phan                  :        121 records
[2026-05-02T05:40:28.398+0000] {logging_mixin.py:188} INFO -   dim_sinh_vien                 :      1,695 records
[2026-05-02T05:40:28.398+0000] {logging_mixin.py:188} INFO -   fact_hoc_tap                  :          0 records
[2026-05-02T05:40:28.399+0000] {logging_mixin.py:188} INFO -   fact_dang_ky                  :          0 records
[2026-05-02T05:40:28.400+0000] {logging_mixin.py:188} INFO -   fact_ctsv                     :          0 records
[2026-05-02T05:40:28.401+0000] {logging_mixin.py:188} INFO -   fact_tai_chinh                :          0 records
[2026-05-02T05:40:28.401+0000] {logging_mixin.py:188} INFO -   agg_student_summary           :      1,695 records
[2026-05-02T05:40:28.402+0000] {logging_mixin.py:188} INFO -   TỔNG                          :      3,556 records
[2026-05-02T05:40:28.402+0000] {logging_mixin.py:188} INFO - ============================================================
[2026-05-02T05:40:28.403+0000] {python.py:201} INFO - Done. Returned value was: {'dim_hoc_ky': 0, 'dim_giang_vien': 45, 'dim_hoc_phan': 121, 'dim_sinh_vien': 1695, 'fact_hoc_tap': 0, 'fact_dang_ky': 0, 'fact_ctsv': 0, 'fact_tai_chinh': 0, 'agg_student_summary': 1695}
[2026-05-02T05:40:28.428+0000] {taskinstance.py:1138} INFO - Marking task as SUCCESS. dag_id=daily_student_pipeline, task_id=load_data, execution_date=20260502T054003, start_date=20260502T054022, end_date=20260502T054028
[2026-05-02T05:40:28.448+0000] {local_task_job_runner.py:234} INFO - Task exited with return code 0
[2026-05-02T05:40:28.470+0000] {taskinstance.py:3280} INFO - 1 downstream tasks scheduled from follow-on schedule check
