[2026-04-18T09:42:43.012+0000] {taskinstance.py:1956} INFO - Dependencies all met for dep_context=non-requeueable deps ti=<TaskInstance: weekly_summary_pipeline.aggregate_weekly scheduled__2026-04-06T06:00:00+00:00 [queued]>
[2026-04-18T09:42:43.040+0000] {taskinstance.py:1956} INFO - Dependencies all met for dep_context=requeueable deps ti=<TaskInstance: weekly_summary_pipeline.aggregate_weekly scheduled__2026-04-06T06:00:00+00:00 [queued]>
[2026-04-18T09:42:43.043+0000] {taskinstance.py:2170} INFO - Starting attempt 1 of 2
[2026-04-18T09:42:43.114+0000] {taskinstance.py:2191} INFO - Executing <Task(PythonOperator): aggregate_weekly> on 2026-04-06 06:00:00+00:00
[2026-04-18T09:42:43.136+0000] {standard_task_runner.py:60} INFO - Started process 230 to run task
[2026-04-18T09:42:43.164+0000] {standard_task_runner.py:87} INFO - Running: ['***', 'tasks', 'run', 'weekly_summary_pipeline', 'aggregate_weekly', 'scheduled__2026-04-06T06:00:00+00:00', '--job-id', '289', '--raw', '--subdir', 'DAGS_FOLDER/weekly_summary_pipeline.py', '--cfg-path', '/tmp/tmp0igs4wy4']
[2026-04-18T09:42:43.182+0000] {standard_task_runner.py:88} INFO - Job 289: Subtask aggregate_weekly
[2026-04-18T09:42:43.664+0000] {task_command.py:423} INFO - Running <TaskInstance: weekly_summary_pipeline.aggregate_weekly scheduled__2026-04-06T06:00:00+00:00 [running]> on host 1c62953c8918
[2026-04-18T09:42:44.217+0000] {taskinstance.py:2480} INFO - Exporting env vars: AIRFLOW_CTX_DAG_OWNER='nhom8' AIRFLOW_CTX_DAG_ID='weekly_summary_pipeline' AIRFLOW_CTX_TASK_ID='aggregate_weekly' AIRFLOW_CTX_EXECUTION_DATE='2026-04-06T06:00:00+00:00' AIRFLOW_CTX_TRY_NUMBER='1' AIRFLOW_CTX_DAG_RUN_ID='scheduled__2026-04-06T06:00:00+00:00'
[2026-04-18T09:43:00.364+0000] {logging_mixin.py:188} WARNING - [2026-04-18 09:43:00] INFO    etl.aggregation : == WeeklyAggregator: BẮT ĐẦU ==
[2026-04-18T09:43:00.364+0000] {aggregation.py:202} INFO - == WeeklyAggregator: BẮT ĐẦU ==
[2026-04-18T09:43:00.830+0000] {logging_mixin.py:188} WARNING - [2026-04-18 09:43:00] INFO    etl.aggregation :   agg_student_summary → 1,695 records
[2026-04-18T09:43:00.829+0000] {aggregation.py:190} INFO -   agg_student_summary → 1,695 records
[2026-04-18T09:43:00.832+0000] {logging_mixin.py:188} WARNING - [2026-04-18 09:43:00] INFO    etl.aggregation :   agg_student_summary : 1,695 records
[2026-04-18T09:43:00.832+0000] {aggregation.py:210} INFO -   agg_student_summary : 1,695 records
[2026-04-18T09:43:00.833+0000] {logging_mixin.py:188} WARNING - [2026-04-18 09:43:00] INFO    etl.aggregation :   sv_status_synced    : 0 SV cập nhật
[2026-04-18T09:43:00.833+0000] {aggregation.py:211} INFO -   sv_status_synced    : 0 SV cập nhật
[2026-04-18T09:43:00.835+0000] {logging_mixin.py:188} WARNING - [2026-04-18 09:43:00] INFO    etl.aggregation : == WeeklyAggregator: HOÀN TẤT ==
[2026-04-18T09:43:00.835+0000] {aggregation.py:212} INFO - == WeeklyAggregator: HOÀN TẤT ==
[2026-04-18T09:43:00.862+0000] {logging_mixin.py:188} WARNING - [2026-04-18 09:43:00] INFO    validation.ge :   GE | DataValidator khoi tao | GE dir: /opt/***/great_expectations
[2026-04-18T09:43:00.862+0000] {ge_validation.py:162} INFO -   GE | DataValidator khoi tao | GE dir: /opt/***/great_expectations
[2026-04-18T09:43:00.863+0000] {logging_mixin.py:188} WARNING - [2026-04-18 09:43:00] INFO    validation.ge :   GE | Validate warehouse — agg_student_summary
[2026-04-18T09:43:00.863+0000] {ge_validation.py:286} INFO -   GE | Validate warehouse — agg_student_summary
[2026-04-18T09:43:00.878+0000] {logging_mixin.py:188} WARNING - [2026-04-18 09:43:00] INFO    validation.ge :   GE | agg_student_summary: 1695 records
[2026-04-18T09:43:00.877+0000] {ge_validation.py:299} INFO -   GE | agg_student_summary: 1695 records
[2026-04-18T09:43:00.887+0000] {logging_mixin.py:188} WARNING - [2026-04-18 09:43:00] INFO    validation.ge :   GE | Loaded 'warehouse_suite' (7 expectations)
[2026-04-18T09:43:00.887+0000] {ge_validation.py:43} INFO -   GE | Loaded 'warehouse_suite' (7 expectations)
[2026-04-18T09:43:00.901+0000] {data_asset.py:541} INFO - 	7 expectation(s) included in expectation_suite.
[2026-04-18T09:43:00.910+0000] {logging_mixin.py:188} WARNING - [2026-04-18 09:43:00] INFO    validation.ge :   GE | [warehouse_suite] agg_student_summary: 7/7 (OK)
[2026-04-18T09:43:00.910+0000] {ge_validation.py:93} INFO -   GE | [warehouse_suite] agg_student_summary: 7/7 (OK)
[2026-04-18T09:43:00.912+0000] {weekly_summary_pipeline.py:38} INFO - Warehouse OK: 7/7 passed
[2026-04-18T09:43:00.915+0000] {python.py:201} INFO - Done. Returned value was: None
[2026-04-18T09:43:00.934+0000] {taskinstance.py:1138} INFO - Marking task as SUCCESS. dag_id=weekly_summary_pipeline, task_id=aggregate_weekly, execution_date=20260406T060000, start_date=20260418T094243, end_date=20260418T094300
[2026-04-18T09:43:00.995+0000] {local_task_job_runner.py:234} INFO - Task exited with return code 0
[2026-04-18T09:43:01.026+0000] {taskinstance.py:3280} INFO - 1 downstream tasks scheduled from follow-on schedule check
