[2026-04-06T06:22:13.948+0000] {taskinstance.py:1956} INFO - Dependencies all met for dep_context=non-requeueable deps ti=<TaskInstance: daily_student_pipeline.transform_data scheduled__2026-04-05T02:00:00+00:00 [queued]>
[2026-04-06T06:22:13.956+0000] {taskinstance.py:1956} INFO - Dependencies all met for dep_context=requeueable deps ti=<TaskInstance: daily_student_pipeline.transform_data scheduled__2026-04-05T02:00:00+00:00 [queued]>
[2026-04-06T06:22:13.957+0000] {taskinstance.py:2170} INFO - Starting attempt 1 of 1
[2026-04-06T06:22:13.971+0000] {taskinstance.py:2191} INFO - Executing <Task(PythonOperator): transform_data> on 2026-04-05 02:00:00+00:00
[2026-04-06T06:22:13.975+0000] {standard_task_runner.py:60} INFO - Started process 309 to run task
[2026-04-06T06:22:13.978+0000] {standard_task_runner.py:87} INFO - Running: ['***', 'tasks', 'run', 'daily_student_pipeline', 'transform_data', 'scheduled__2026-04-05T02:00:00+00:00', '--job-id', '259', '--raw', '--subdir', 'DAGS_FOLDER/daily_student_pipeline.py', '--cfg-path', '/tmp/tmp8hrl508b']
[2026-04-06T06:22:13.981+0000] {standard_task_runner.py:88} INFO - Job 259: Subtask transform_data
[2026-04-06T06:22:14.061+0000] {task_command.py:423} INFO - Running <TaskInstance: daily_student_pipeline.transform_data scheduled__2026-04-05T02:00:00+00:00 [running]> on host 1c62953c8918
[2026-04-06T06:22:14.161+0000] {taskinstance.py:2480} INFO - Exporting env vars: AIRFLOW_CTX_DAG_OWNER='nhom8' AIRFLOW_CTX_DAG_ID='daily_student_pipeline' AIRFLOW_CTX_TASK_ID='transform_data' AIRFLOW_CTX_EXECUTION_DATE='2026-04-05T02:00:00+00:00' AIRFLOW_CTX_TRY_NUMBER='1' AIRFLOW_CTX_DAG_RUN_ID='scheduled__2026-04-05T02:00:00+00:00'
[2026-04-06T06:22:14.822+0000] {logging_mixin.py:188} WARNING - [2026-04-06 06:22:14] INFO    etl.extract :   Load from MinIO staging: run_id=2026-04-06_06-22
[2026-04-06T06:22:14.822+0000] {extract.py:352} INFO -   Load from MinIO staging: run_id=2026-04-06_06-22
[2026-04-06T06:22:14.856+0000] {logging_mixin.py:188} WARNING - [2026-04-06 06:22:14] INFO    utils.minio :   MinIO ↓ [raw-data] 2026-04-06_06-22/nguon1_khoa.parquet (4 rows)
[2026-04-06T06:22:14.856+0000] {minio_client.py:223} INFO -   MinIO ↓ [raw-data] 2026-04-06_06-22/nguon1_khoa.parquet (4 rows)
[2026-04-06T06:22:14.866+0000] {logging_mixin.py:188} WARNING - [2026-04-06 06:22:14] INFO    utils.minio :   MinIO ↓ [raw-data] 2026-04-06_06-22/nguon1_nganh.parquet (3 rows)
[2026-04-06T06:22:14.866+0000] {minio_client.py:223} INFO -   MinIO ↓ [raw-data] 2026-04-06_06-22/nguon1_nganh.parquet (3 rows)
[2026-04-06T06:22:14.877+0000] {logging_mixin.py:188} WARNING - [2026-04-06 06:22:14] INFO    utils.minio :   MinIO ↓ [raw-data] 2026-04-06_06-22/nguon1_giang_vien.parquet (45 rows)
[2026-04-06T06:22:14.877+0000] {minio_client.py:223} INFO -   MinIO ↓ [raw-data] 2026-04-06_06-22/nguon1_giang_vien.parquet (45 rows)
[2026-04-06T06:22:14.889+0000] {logging_mixin.py:188} WARNING - [2026-04-06 06:22:14] INFO    utils.minio :   MinIO ↓ [raw-data] 2026-04-06_06-22/nguon1_lop_hanh_chinh.parquet (48 rows)
[2026-04-06T06:22:14.889+0000] {minio_client.py:223} INFO -   MinIO ↓ [raw-data] 2026-04-06_06-22/nguon1_lop_hanh_chinh.parquet (48 rows)
[2026-04-06T06:22:14.902+0000] {logging_mixin.py:188} WARNING - [2026-04-06 06:22:14] INFO    utils.minio :   MinIO ↓ [raw-data] 2026-04-06_06-22/nguon1_sinh_vien.parquet (1,695 rows)
[2026-04-06T06:22:14.902+0000] {minio_client.py:223} INFO -   MinIO ↓ [raw-data] 2026-04-06_06-22/nguon1_sinh_vien.parquet (1,695 rows)
[2026-04-06T06:22:14.912+0000] {logging_mixin.py:188} WARNING - [2026-04-06 06:22:14] INFO    utils.minio :   MinIO ↓ [raw-data] 2026-04-06_06-22/nguon1_hoc_phan.parquet (121 rows)
[2026-04-06T06:22:14.912+0000] {minio_client.py:223} INFO -   MinIO ↓ [raw-data] 2026-04-06_06-22/nguon1_hoc_phan.parquet (121 rows)
[2026-04-06T06:22:14.923+0000] {logging_mixin.py:188} WARNING - [2026-04-06 06:22:14] INFO    utils.minio :   MinIO ↓ [raw-data] 2026-04-06_06-22/nguon1_hoc_ky.parquet (9 rows)
[2026-04-06T06:22:14.923+0000] {minio_client.py:223} INFO -   MinIO ↓ [raw-data] 2026-04-06_06-22/nguon1_hoc_ky.parquet (9 rows)
[2026-04-06T06:22:14.946+0000] {logging_mixin.py:188} WARNING - [2026-04-06 06:22:14] INFO    utils.minio :   MinIO ↓ [raw-data] 2026-04-06_06-22/nguon1_dang_ky.parquet (58,001 rows)
[2026-04-06T06:22:14.946+0000] {minio_client.py:223} INFO -   MinIO ↓ [raw-data] 2026-04-06_06-22/nguon1_dang_ky.parquet (58,001 rows)
[2026-04-06T06:22:14.967+0000] {logging_mixin.py:188} WARNING - [2026-04-06 06:22:14] INFO    utils.minio :   MinIO ↓ [raw-data] 2026-04-06_06-22/nguon1_diem.parquet (58,001 rows)
[2026-04-06T06:22:14.967+0000] {minio_client.py:223} INFO -   MinIO ↓ [raw-data] 2026-04-06_06-22/nguon1_diem.parquet (58,001 rows)
[2026-04-06T06:22:14.979+0000] {logging_mixin.py:188} WARNING - [2026-04-06 06:22:14] INFO    utils.minio :   MinIO ↓ [raw-data] 2026-04-06_06-22/nguon1_tong_hop_ket_qua.parquet (1,695 rows)
[2026-04-06T06:22:14.978+0000] {minio_client.py:223} INFO -   MinIO ↓ [raw-data] 2026-04-06_06-22/nguon1_tong_hop_ket_qua.parquet (1,695 rows)
[2026-04-06T06:22:15.001+0000] {logging_mixin.py:188} WARNING - [2026-04-06 06:22:15] INFO    utils.minio :   MinIO ↓ [raw-data] 2026-04-06_06-22/nguon2_ctsv.parquet (9,238 rows)
[2026-04-06T06:22:15.001+0000] {minio_client.py:223} INFO -   MinIO ↓ [raw-data] 2026-04-06_06-22/nguon2_ctsv.parquet (9,238 rows)
[2026-04-06T06:22:15.015+0000] {logging_mixin.py:188} WARNING - [2026-04-06 06:22:15] INFO    utils.minio :   MinIO ↓ [raw-data] 2026-04-06_06-22/nguon3_tai_chinh.parquet (9,238 rows)
[2026-04-06T06:22:15.015+0000] {minio_client.py:223} INFO -   MinIO ↓ [raw-data] 2026-04-06_06-22/nguon3_tai_chinh.parquet (9,238 rows)
[2026-04-06T06:22:15.017+0000] {logging_mixin.py:188} WARNING - [2026-04-06 06:22:15] INFO    etl.extract :  Load from staging OK — run_id=2026-04-06_06-22
[2026-04-06T06:22:15.017+0000] {extract.py:369} INFO -  Load from staging OK — run_id=2026-04-06_06-22
[2026-04-06T06:22:15.019+0000] {logging_mixin.py:188} WARNING - [2026-04-06 06:22:15] INFO    etl.transform : ==BẮT ĐẦU TRANSFORM==
[2026-04-06T06:22:15.019+0000] {transform.py:75} INFO - ==BẮT ĐẦU TRANSFORM==
[2026-04-06T06:22:15.021+0000] {logging_mixin.py:188} WARNING - [2026-04-06 06:22:15] INFO    etl.transform : ======================================================================
[2026-04-06T06:22:15.021+0000] {transform.py:76} INFO - ======================================================================
[2026-04-06T06:22:15.024+0000] {logging_mixin.py:188} WARNING - [2026-04-06 06:22:15] INFO    etl.transform : ── Bước 1: Transform Dimension Tables ──
[2026-04-06T06:22:15.024+0000] {transform.py:80} INFO - ── Bước 1: Transform Dimension Tables ──
[2026-04-06T06:22:15.028+0000] {logging_mixin.py:188} WARNING - [2026-04-06 06:22:15] INFO    etl.transform :   dim_thoi_gian               →      9 records
[2026-04-06T06:22:15.028+0000] {transform.py:190} INFO -   dim_thoi_gian               →      9 records
[2026-04-06T06:22:15.033+0000] {logging_mixin.py:188} WARNING - [2026-04-06 06:22:15] INFO    etl.transform :   dim_giang_vien              →     45 records
[2026-04-06T06:22:15.033+0000] {transform.py:213} INFO -   dim_giang_vien              →     45 records
[2026-04-06T06:22:15.038+0000] {logging_mixin.py:188} WARNING - [2026-04-06 06:22:15] INFO    etl.transform :   dim_hoc_phan                →    121 records
[2026-04-06T06:22:15.038+0000] {transform.py:240} INFO -   dim_hoc_phan                →    121 records
[2026-04-06T06:22:15.053+0000] {logging_mixin.py:188} WARNING - [2026-04-06 06:22:15] INFO    etl.transform :   dim_sinh_vien               →  1,695 records
[2026-04-06T06:22:15.053+0000] {transform.py:306} INFO -   dim_sinh_vien               →  1,695 records
[2026-04-06T06:22:15.055+0000] {logging_mixin.py:188} WARNING - [2026-04-06 06:22:15] INFO    etl.transform : ── Bước 2: Transform Fact Tables ──
[2026-04-06T06:22:15.055+0000] {transform.py:96} INFO - ── Bước 2: Transform Fact Tables ──
[2026-04-06T06:22:15.078+0000] {logging_mixin.py:188} WARNING - [2026-04-06 06:22:15] INFO    etl.transform :   fact_diem | Tính lại điểm tổng kết cho 1160 bản ghi
[2026-04-06T06:22:15.078+0000] {transform.py:356} INFO -   fact_diem | Tính lại điểm tổng kết cho 1160 bản ghi
[2026-04-06T06:22:15.122+0000] {logging_mixin.py:188} WARNING - [2026-04-06 06:22:15] INFO    etl.transform :   fact_diem                   → 58,001 records
[2026-04-06T06:22:15.122+0000] {transform.py:376} INFO -   fact_diem                   → 58,001 records
[2026-04-06T06:22:15.159+0000] {logging_mixin.py:188} WARNING - [2026-04-06 06:22:15] INFO    etl.transform :   fact_dang_ky               → 58,001 records
[2026-04-06T06:22:15.159+0000] {transform.py:413} INFO -   fact_dang_ky               → 58,001 records
[2026-04-06T06:22:15.172+0000] {logging_mixin.py:188} WARNING - [2026-04-06 06:22:15] INFO    etl.transform :   fact_ren_luyen              →  9,238 records
[2026-04-06T06:22:15.172+0000] {transform.py:445} INFO -   fact_ren_luyen              →  9,238 records
[2026-04-06T06:22:15.184+0000] {logging_mixin.py:188} WARNING - [2026-04-06 06:22:15] INFO    etl.transform :   fact_tai_chinh              →  9,238 records
[2026-04-06T06:22:15.184+0000] {transform.py:473} INFO -   fact_tai_chinh              →  9,238 records
[2026-04-06T06:22:15.187+0000] {logging_mixin.py:188} WARNING - [2026-04-06 06:22:15] INFO    etl.transform : ======================================================================
[2026-04-06T06:22:15.187+0000] {transform.py:108} INFO - ======================================================================
[2026-04-06T06:22:15.189+0000] {logging_mixin.py:188} WARNING - [2026-04-06 06:22:15] INFO    etl.transform : TRANSFORM HOÀN TẤT
[2026-04-06T06:22:15.189+0000] {transform.py:109} INFO - TRANSFORM HOÀN TẤT
[2026-04-06T06:22:15.191+0000] {logging_mixin.py:188} WARNING - [2026-04-06 06:22:15] INFO    etl.transform :    dim_giang_vien           :       45 records
[2026-04-06T06:22:15.191+0000] {transform.py:111} INFO -    dim_giang_vien           :       45 records
[2026-04-06T06:22:15.193+0000] {logging_mixin.py:188} WARNING - [2026-04-06 06:22:15] INFO    etl.transform :    dim_sinh_vien            :    1,695 records
[2026-04-06T06:22:15.193+0000] {transform.py:111} INFO -    dim_sinh_vien            :    1,695 records
[2026-04-06T06:22:15.194+0000] {logging_mixin.py:188} WARNING - [2026-04-06 06:22:15] INFO    etl.transform :    dim_hoc_phan             :      121 records
[2026-04-06T06:22:15.194+0000] {transform.py:111} INFO -    dim_hoc_phan             :      121 records
[2026-04-06T06:22:15.196+0000] {logging_mixin.py:188} WARNING - [2026-04-06 06:22:15] INFO    etl.transform :    dim_thoi_gian            :        9 records
[2026-04-06T06:22:15.196+0000] {transform.py:111} INFO -    dim_thoi_gian            :        9 records
[2026-04-06T06:22:15.197+0000] {logging_mixin.py:188} WARNING - [2026-04-06 06:22:15] INFO    etl.transform :    fact_diem                :   58,001 records
[2026-04-06T06:22:15.197+0000] {transform.py:111} INFO -    fact_diem                :   58,001 records
[2026-04-06T06:22:15.198+0000] {logging_mixin.py:188} WARNING - [2026-04-06 06:22:15] INFO    etl.transform :    fact_dang_ky             :   58,001 records
[2026-04-06T06:22:15.198+0000] {transform.py:111} INFO -    fact_dang_ky             :   58,001 records
[2026-04-06T06:22:15.199+0000] {logging_mixin.py:188} WARNING - [2026-04-06 06:22:15] INFO    etl.transform :    fact_ren_luyen           :    9,238 records
[2026-04-06T06:22:15.199+0000] {transform.py:111} INFO -    fact_ren_luyen           :    9,238 records
[2026-04-06T06:22:15.201+0000] {logging_mixin.py:188} WARNING - [2026-04-06 06:22:15] INFO    etl.transform :    fact_tai_chinh           :    9,238 records
[2026-04-06T06:22:15.200+0000] {transform.py:111} INFO -    fact_tai_chinh           :    9,238 records
[2026-04-06T06:22:15.202+0000] {logging_mixin.py:188} WARNING - [2026-04-06 06:22:15] INFO    etl.transform : ======================================================================
[2026-04-06T06:22:15.202+0000] {transform.py:112} INFO - ======================================================================
[2026-04-06T06:22:15.224+0000] {logging_mixin.py:188} WARNING - [2026-04-06 06:22:15] INFO    utils.minio :   MinIO ↑ [staging-data] 2026-04-06_06-22/dim_hoc_ky.parquet (5.3 KB | 9 rows)
[2026-04-06T06:22:15.224+0000] {minio_client.py:142} INFO -   MinIO ↑ [staging-data] 2026-04-06_06-22/dim_hoc_ky.parquet (5.3 KB | 9 rows)
[2026-04-06T06:22:15.235+0000] {logging_mixin.py:188} WARNING - [2026-04-06 06:22:15] INFO    utils.minio :   MinIO ↑ [staging-data] 2026-04-06_06-22/dim_giang_vien.parquet (8.9 KB | 45 rows)
[2026-04-06T06:22:15.235+0000] {minio_client.py:142} INFO -   MinIO ↑ [staging-data] 2026-04-06_06-22/dim_giang_vien.parquet (8.9 KB | 45 rows)
[2026-04-06T06:22:15.248+0000] {logging_mixin.py:188} WARNING - [2026-04-06 06:22:15] INFO    utils.minio :   MinIO ↑ [staging-data] 2026-04-06_06-22/dim_hoc_phan.parquet (11.0 KB | 121 rows)
[2026-04-06T06:22:15.248+0000] {minio_client.py:142} INFO -   MinIO ↑ [staging-data] 2026-04-06_06-22/dim_hoc_phan.parquet (11.0 KB | 121 rows)
[2026-04-06T06:22:15.263+0000] {logging_mixin.py:188} WARNING - [2026-04-06 06:22:15] INFO    utils.minio :   MinIO ↑ [staging-data] 2026-04-06_06-22/dim_sinh_vien.parquet (72.9 KB | 1,695 rows)
[2026-04-06T06:22:15.263+0000] {minio_client.py:142} INFO -   MinIO ↑ [staging-data] 2026-04-06_06-22/dim_sinh_vien.parquet (72.9 KB | 1,695 rows)
[2026-04-06T06:22:15.320+0000] {logging_mixin.py:188} WARNING - [2026-04-06 06:22:15] INFO    utils.minio :   MinIO ↑ [staging-data] 2026-04-06_06-22/fact_diem.parquet (908.9 KB | 58,001 rows)
[2026-04-06T06:22:15.320+0000] {minio_client.py:142} INFO -   MinIO ↑ [staging-data] 2026-04-06_06-22/fact_diem.parquet (908.9 KB | 58,001 rows)
[2026-04-06T06:22:15.361+0000] {logging_mixin.py:188} WARNING - [2026-04-06 06:22:15] INFO    utils.minio :   MinIO ↑ [staging-data] 2026-04-06_06-22/fact_dang_ky.parquet (493.4 KB | 58,001 rows)
[2026-04-06T06:22:15.361+0000] {minio_client.py:142} INFO -   MinIO ↑ [staging-data] 2026-04-06_06-22/fact_dang_ky.parquet (493.4 KB | 58,001 rows)
[2026-04-06T06:22:15.379+0000] {logging_mixin.py:188} WARNING - [2026-04-06 06:22:15] INFO    utils.minio :   MinIO ↑ [staging-data] 2026-04-06_06-22/fact_ren_luyen.parquet (39.7 KB | 9,238 rows)
[2026-04-06T06:22:15.379+0000] {minio_client.py:142} INFO -   MinIO ↑ [staging-data] 2026-04-06_06-22/fact_ren_luyen.parquet (39.7 KB | 9,238 rows)
[2026-04-06T06:22:15.394+0000] {logging_mixin.py:188} WARNING - [2026-04-06 06:22:15] INFO    utils.minio :   MinIO ↑ [staging-data] 2026-04-06_06-22/fact_tai_chinh.parquet (66.6 KB | 9,238 rows)
[2026-04-06T06:22:15.394+0000] {minio_client.py:142} INFO -   MinIO ↑ [staging-data] 2026-04-06_06-22/fact_tai_chinh.parquet (66.6 KB | 9,238 rows)
[2026-04-06T06:22:15.395+0000] {logging_mixin.py:188} WARNING - [2026-04-06 06:22:15] INFO    etl.transform :   MinIO staging-data: 8/8 files OK → run_id=2026-04-06_06-22
[2026-04-06T06:22:15.395+0000] {transform.py:141} INFO -   MinIO staging-data: 8/8 files OK → run_id=2026-04-06_06-22
[2026-04-06T06:22:15.425+0000] {logging_mixin.py:188} INFO - Transform xong: {'dim_giang_vien': 45, 'dim_sinh_vien': 1695, 'dim_hoc_phan': 121, 'dim_thoi_gian': 9, 'fact_diem': 58001, 'fact_dang_ky': 58001, 'fact_ren_luyen': 9238, 'fact_tai_chinh': 9238}
[2026-04-06T06:22:15.430+0000] {python.py:201} INFO - Done. Returned value was: {'dim_giang_vien': 45, 'dim_sinh_vien': 1695, 'dim_hoc_phan': 121, 'dim_thoi_gian': 9, 'fact_diem': 58001, 'fact_dang_ky': 58001, 'fact_ren_luyen': 9238, 'fact_tai_chinh': 9238}
[2026-04-06T06:22:15.454+0000] {taskinstance.py:1138} INFO - Marking task as SUCCESS. dag_id=daily_student_pipeline, task_id=transform_data, execution_date=20260405T020000, start_date=20260406T062213, end_date=20260406T062215
[2026-04-06T06:22:15.517+0000] {local_task_job_runner.py:234} INFO - Task exited with return code 0
[2026-04-06T06:22:15.540+0000] {taskinstance.py:3280} INFO - 1 downstream tasks scheduled from follow-on schedule check
