[2026-04-03T14:32:12.441+0000] {taskinstance.py:1956} INFO - Dependencies all met for dep_context=non-requeueable deps ti=<TaskInstance: daily_student_pipeline.transform_data manual__2026-04-03T14:32:11.520394+00:00 [queued]>
[2026-04-03T14:32:12.453+0000] {taskinstance.py:1956} INFO - Dependencies all met for dep_context=requeueable deps ti=<TaskInstance: daily_student_pipeline.transform_data manual__2026-04-03T14:32:11.520394+00:00 [queued]>
[2026-04-03T14:32:12.454+0000] {taskinstance.py:2170} INFO - Starting attempt 1 of 1
[2026-04-03T14:32:12.473+0000] {taskinstance.py:2191} INFO - Executing <Task(PythonOperator): transform_data> on 2026-04-03 14:32:11.520394+00:00
[2026-04-03T14:32:12.480+0000] {standard_task_runner.py:60} INFO - Started process 3890 to run task
[2026-04-03T14:32:12.485+0000] {standard_task_runner.py:87} INFO - Running: ['***', 'tasks', 'run', 'daily_student_pipeline', 'transform_data', 'manual__2026-04-03T14:32:11.520394+00:00', '--job-id', '148', '--raw', '--subdir', 'DAGS_FOLDER/daily_student_pipeline.py', '--cfg-path', '/tmp/tmpy41pfrz1']
[2026-04-03T14:32:12.491+0000] {standard_task_runner.py:88} INFO - Job 148: Subtask transform_data
[2026-04-03T14:32:12.599+0000] {task_command.py:423} INFO - Running <TaskInstance: daily_student_pipeline.transform_data manual__2026-04-03T14:32:11.520394+00:00 [running]> on host 1c62953c8918
[2026-04-03T14:32:12.750+0000] {taskinstance.py:2480} INFO - Exporting env vars: AIRFLOW_CTX_DAG_OWNER='nhom8' AIRFLOW_CTX_DAG_ID='daily_student_pipeline' AIRFLOW_CTX_TASK_ID='transform_data' AIRFLOW_CTX_EXECUTION_DATE='2026-04-03T14:32:11.520394+00:00' AIRFLOW_CTX_TRY_NUMBER='1' AIRFLOW_CTX_DAG_RUN_ID='manual__2026-04-03T14:32:11.520394+00:00'
[2026-04-03T14:32:17.992+0000] {logging_mixin.py:188} WARNING - [2026-04-03 14:32:17] INFO    utils.minio :   MinIO run mới nhất: 2026-04-03_13-20
[2026-04-03T14:32:17.992+0000] {minio_client.py:283} INFO -   MinIO run mới nhất: 2026-04-03_13-20
[2026-04-03T14:32:17.993+0000] {logging_mixin.py:188} WARNING - [2026-04-03 14:32:17] INFO    etl.extract :   Load from MinIO staging: run_id=2026-04-03_13-20
[2026-04-03T14:32:17.993+0000] {extract.py:352} INFO -   Load from MinIO staging: run_id=2026-04-03_13-20
[2026-04-03T14:32:18.297+0000] {logging_mixin.py:188} WARNING - [2026-04-03 14:32:18] INFO    utils.minio :   MinIO ↓ [raw-data] 2026-04-03_13-20/nguon1_khoa.parquet (4 rows)
[2026-04-03T14:32:18.297+0000] {minio_client.py:223} INFO -   MinIO ↓ [raw-data] 2026-04-03_13-20/nguon1_khoa.parquet (4 rows)
[2026-04-03T14:32:18.314+0000] {logging_mixin.py:188} WARNING - [2026-04-03 14:32:18] INFO    utils.minio :   MinIO ↓ [raw-data] 2026-04-03_13-20/nguon1_nganh.parquet (3 rows)
[2026-04-03T14:32:18.314+0000] {minio_client.py:223} INFO -   MinIO ↓ [raw-data] 2026-04-03_13-20/nguon1_nganh.parquet (3 rows)
[2026-04-03T14:32:18.335+0000] {logging_mixin.py:188} WARNING - [2026-04-03 14:32:18] INFO    utils.minio :   MinIO ↓ [raw-data] 2026-04-03_13-20/nguon1_giang_vien.parquet (45 rows)
[2026-04-03T14:32:18.335+0000] {minio_client.py:223} INFO -   MinIO ↓ [raw-data] 2026-04-03_13-20/nguon1_giang_vien.parquet (45 rows)
[2026-04-03T14:32:18.355+0000] {logging_mixin.py:188} WARNING - [2026-04-03 14:32:18] INFO    utils.minio :   MinIO ↓ [raw-data] 2026-04-03_13-20/nguon1_lop_hanh_chinh.parquet (48 rows)
[2026-04-03T14:32:18.355+0000] {minio_client.py:223} INFO -   MinIO ↓ [raw-data] 2026-04-03_13-20/nguon1_lop_hanh_chinh.parquet (48 rows)
[2026-04-03T14:32:18.406+0000] {logging_mixin.py:188} WARNING - [2026-04-03 14:32:18] INFO    utils.minio :   MinIO ↓ [raw-data] 2026-04-03_13-20/nguon1_sinh_vien.parquet (1,695 rows)
[2026-04-03T14:32:18.406+0000] {minio_client.py:223} INFO -   MinIO ↓ [raw-data] 2026-04-03_13-20/nguon1_sinh_vien.parquet (1,695 rows)
[2026-04-03T14:32:18.424+0000] {logging_mixin.py:188} WARNING - [2026-04-03 14:32:18] INFO    utils.minio :   MinIO ↓ [raw-data] 2026-04-03_13-20/nguon1_hoc_phan.parquet (121 rows)
[2026-04-03T14:32:18.424+0000] {minio_client.py:223} INFO -   MinIO ↓ [raw-data] 2026-04-03_13-20/nguon1_hoc_phan.parquet (121 rows)
[2026-04-03T14:32:18.441+0000] {logging_mixin.py:188} WARNING - [2026-04-03 14:32:18] INFO    utils.minio :   MinIO ↓ [raw-data] 2026-04-03_13-20/nguon1_hoc_ky.parquet (9 rows)
[2026-04-03T14:32:18.441+0000] {minio_client.py:223} INFO -   MinIO ↓ [raw-data] 2026-04-03_13-20/nguon1_hoc_ky.parquet (9 rows)
[2026-04-03T14:32:18.606+0000] {logging_mixin.py:188} WARNING - [2026-04-03 14:32:18] INFO    utils.minio :   MinIO ↓ [raw-data] 2026-04-03_13-20/nguon1_dang_ky.parquet (54,529 rows)
[2026-04-03T14:32:18.606+0000] {minio_client.py:223} INFO -   MinIO ↓ [raw-data] 2026-04-03_13-20/nguon1_dang_ky.parquet (54,529 rows)
[2026-04-03T14:32:19.019+0000] {logging_mixin.py:188} WARNING - [2026-04-03 14:32:19] INFO    utils.minio :   MinIO ↓ [raw-data] 2026-04-03_13-20/nguon1_diem.parquet (54,529 rows)
[2026-04-03T14:32:19.019+0000] {minio_client.py:223} INFO -   MinIO ↓ [raw-data] 2026-04-03_13-20/nguon1_diem.parquet (54,529 rows)
[2026-04-03T14:32:19.040+0000] {logging_mixin.py:188} WARNING - [2026-04-03 14:32:19] INFO    utils.minio :   MinIO ↓ [raw-data] 2026-04-03_13-20/nguon1_tong_hop_ket_qua.parquet (1,695 rows)
[2026-04-03T14:32:19.040+0000] {minio_client.py:223} INFO -   MinIO ↓ [raw-data] 2026-04-03_13-20/nguon1_tong_hop_ket_qua.parquet (1,695 rows)
[2026-04-03T14:32:19.064+0000] {logging_mixin.py:188} WARNING - [2026-04-03 14:32:19] INFO    utils.minio :   MinIO ↓ [raw-data] 2026-04-03_13-20/nguon2_ctsv.parquet (8,990 rows)
[2026-04-03T14:32:19.064+0000] {minio_client.py:223} INFO -   MinIO ↓ [raw-data] 2026-04-03_13-20/nguon2_ctsv.parquet (8,990 rows)
[2026-04-03T14:32:19.088+0000] {logging_mixin.py:188} WARNING - [2026-04-03 14:32:19] INFO    utils.minio :   MinIO ↓ [raw-data] 2026-04-03_13-20/nguon3_tai_chinh.parquet (8,990 rows)
[2026-04-03T14:32:19.088+0000] {minio_client.py:223} INFO -   MinIO ↓ [raw-data] 2026-04-03_13-20/nguon3_tai_chinh.parquet (8,990 rows)
[2026-04-03T14:32:19.091+0000] {logging_mixin.py:188} WARNING - [2026-04-03 14:32:19] INFO    etl.extract :  Load from staging OK — run_id=2026-04-03_13-20
[2026-04-03T14:32:19.091+0000] {extract.py:369} INFO -  Load from staging OK — run_id=2026-04-03_13-20
[2026-04-03T14:32:19.093+0000] {logging_mixin.py:188} WARNING - [2026-04-03 14:32:19] INFO    etl.transform : ==BẮT ĐẦU TRANSFORM==
[2026-04-03T14:32:19.093+0000] {transform.py:67} INFO - ==BẮT ĐẦU TRANSFORM==
[2026-04-03T14:32:19.094+0000] {logging_mixin.py:188} WARNING - [2026-04-03 14:32:19] INFO    etl.transform : ======================================================================
[2026-04-03T14:32:19.094+0000] {transform.py:68} INFO - ======================================================================
[2026-04-03T14:32:19.097+0000] {logging_mixin.py:188} WARNING - [2026-04-03 14:32:19] INFO    etl.transform : ── Bước 1: Transform Dimension Tables ──
[2026-04-03T14:32:19.097+0000] {transform.py:72} INFO - ── Bước 1: Transform Dimension Tables ──
[2026-04-03T14:32:19.116+0000] {logging_mixin.py:188} WARNING - [2026-04-03 14:32:19] INFO    etl.transform :   dim_thoi_gian (→dim_hoc_ky)  →      9 records
[2026-04-03T14:32:19.116+0000] {transform.py:198} INFO -   dim_thoi_gian (→dim_hoc_ky)  →      9 records
[2026-04-03T14:32:19.155+0000] {logging_mixin.py:188} WARNING - [2026-04-03 14:32:19] INFO    etl.transform :   dim_giang_vien              →     45 records
[2026-04-03T14:32:19.155+0000] {transform.py:226} INFO -   dim_giang_vien              →     45 records
[2026-04-03T14:32:19.163+0000] {logging_mixin.py:188} WARNING - [2026-04-03 14:32:19] INFO    etl.transform :   dim_hoc_phan                →    121 records
[2026-04-03T14:32:19.162+0000] {transform.py:258} INFO -   dim_hoc_phan                →    121 records
[2026-04-03T14:32:19.210+0000] {logging_mixin.py:188} WARNING - [2026-04-03 14:32:19] INFO    etl.transform :   dim_sinh_vien               →  1,695 records
[2026-04-03T14:32:19.210+0000] {transform.py:336} INFO -   dim_sinh_vien               →  1,695 records
[2026-04-03T14:32:19.212+0000] {logging_mixin.py:188} WARNING - [2026-04-03 14:32:19] INFO    etl.transform : ── Bước 2: Transform Fact Tables ──
[2026-04-03T14:32:19.212+0000] {transform.py:91} INFO - ── Bước 2: Transform Fact Tables ──
[2026-04-03T14:32:19.544+0000] {logging_mixin.py:188} WARNING - [2026-04-03 14:32:19] INFO    etl.transform :   fact_diem (→fact_hoc_tap)    → 54,529 records
[2026-04-03T14:32:19.544+0000] {transform.py:414} INFO -   fact_diem (→fact_hoc_tap)    → 54,529 records
[2026-04-03T14:32:19.559+0000] {logging_mixin.py:188} WARNING - [2026-04-03 14:32:19] INFO    etl.transform :   fact_ren_luyen (→fact_ctsv)  →  8,990 records
[2026-04-03T14:32:19.559+0000] {transform.py:455} INFO -   fact_ren_luyen (→fact_ctsv)  →  8,990 records
[2026-04-03T14:32:19.578+0000] {logging_mixin.py:188} WARNING - [2026-04-03 14:32:19] INFO    etl.transform :   fact_tai_chinh               →  8,990 records
[2026-04-03T14:32:19.578+0000] {transform.py:492} INFO -   fact_tai_chinh               →  8,990 records
[2026-04-03T14:32:19.580+0000] {logging_mixin.py:188} WARNING - [2026-04-03 14:32:19] INFO    etl.transform : ── Bước 3: Tổng hợp đa nguồn ──
[2026-04-03T14:32:19.580+0000] {transform.py:104} INFO - ── Bước 3: Tổng hợp đa nguồn ──
[2026-04-03T14:32:19.581+0000] {logging_mixin.py:188} WARNING - [2026-04-03 14:32:19] INFO    etl.transform : ======================================================================
[2026-04-03T14:32:19.581+0000] {transform.py:107} INFO - ======================================================================
[2026-04-03T14:32:19.583+0000] {logging_mixin.py:188} WARNING - [2026-04-03 14:32:19] INFO    etl.transform : TRANSFORM HOÀN TẤT
[2026-04-03T14:32:19.583+0000] {transform.py:108} INFO - TRANSFORM HOÀN TẤT
[2026-04-03T14:32:19.584+0000] {logging_mixin.py:188} WARNING - [2026-04-03 14:32:19] INFO    etl.transform :    dim_giang_vien           :       45 records
[2026-04-03T14:32:19.584+0000] {transform.py:110} INFO -    dim_giang_vien           :       45 records
[2026-04-03T14:32:19.585+0000] {logging_mixin.py:188} WARNING - [2026-04-03 14:32:19] INFO    etl.transform :    dim_sinh_vien            :    1,695 records
[2026-04-03T14:32:19.585+0000] {transform.py:110} INFO -    dim_sinh_vien            :    1,695 records
[2026-04-03T14:32:19.586+0000] {logging_mixin.py:188} WARNING - [2026-04-03 14:32:19] INFO    etl.transform :    dim_hoc_phan             :      121 records
[2026-04-03T14:32:19.586+0000] {transform.py:110} INFO -    dim_hoc_phan             :      121 records
[2026-04-03T14:32:19.587+0000] {logging_mixin.py:188} WARNING - [2026-04-03 14:32:19] INFO    etl.transform :    dim_thoi_gian            :        9 records
[2026-04-03T14:32:19.587+0000] {transform.py:110} INFO -    dim_thoi_gian            :        9 records
[2026-04-03T14:32:19.588+0000] {logging_mixin.py:188} WARNING - [2026-04-03 14:32:19] INFO    etl.transform :    fact_diem                :   54,529 records
[2026-04-03T14:32:19.588+0000] {transform.py:110} INFO -    fact_diem                :   54,529 records
[2026-04-03T14:32:19.589+0000] {logging_mixin.py:188} WARNING - [2026-04-03 14:32:19] INFO    etl.transform :    fact_ren_luyen           :    8,990 records
[2026-04-03T14:32:19.589+0000] {transform.py:110} INFO -    fact_ren_luyen           :    8,990 records
[2026-04-03T14:32:19.590+0000] {logging_mixin.py:188} WARNING - [2026-04-03 14:32:19] INFO    etl.transform :    fact_tai_chinh           :    8,990 records
[2026-04-03T14:32:19.590+0000] {transform.py:110} INFO -    fact_tai_chinh           :    8,990 records
[2026-04-03T14:32:19.592+0000] {logging_mixin.py:188} WARNING - [2026-04-03 14:32:19] INFO    etl.transform :    fact_tong_hop_sv         :        0 records
[2026-04-03T14:32:19.592+0000] {transform.py:110} INFO -    fact_tong_hop_sv         :        0 records
[2026-04-03T14:32:19.593+0000] {logging_mixin.py:188} WARNING - [2026-04-03 14:32:19] INFO    etl.transform : ======================================================================
[2026-04-03T14:32:19.593+0000] {transform.py:111} INFO - ======================================================================
[2026-04-03T14:32:19.655+0000] {logging_mixin.py:188} WARNING - [2026-04-03 14:32:19] INFO    utils.minio :   MinIO ↑ [staging-data] 2026-04-03_14-32/dim_hoc_ky.parquet (5.3 KB | 9 rows)
[2026-04-03T14:32:19.655+0000] {minio_client.py:142} INFO -   MinIO ↑ [staging-data] 2026-04-03_14-32/dim_hoc_ky.parquet (5.3 KB | 9 rows)
[2026-04-03T14:32:19.676+0000] {logging_mixin.py:188} WARNING - [2026-04-03 14:32:19] INFO    utils.minio :   MinIO ↑ [staging-data] 2026-04-03_14-32/dim_giang_vien.parquet (8.9 KB | 45 rows)
[2026-04-03T14:32:19.676+0000] {minio_client.py:142} INFO -   MinIO ↑ [staging-data] 2026-04-03_14-32/dim_giang_vien.parquet (8.9 KB | 45 rows)
[2026-04-03T14:32:19.697+0000] {logging_mixin.py:188} WARNING - [2026-04-03 14:32:19] INFO    utils.minio :   MinIO ↑ [staging-data] 2026-04-03_14-32/dim_hoc_phan.parquet (11.0 KB | 121 rows)
[2026-04-03T14:32:19.697+0000] {minio_client.py:142} INFO -   MinIO ↑ [staging-data] 2026-04-03_14-32/dim_hoc_phan.parquet (11.0 KB | 121 rows)
[2026-04-03T14:32:19.731+0000] {logging_mixin.py:188} WARNING - [2026-04-03 14:32:19] INFO    utils.minio :   MinIO ↑ [staging-data] 2026-04-03_14-32/dim_sinh_vien.parquet (71.7 KB | 1,695 rows)
[2026-04-03T14:32:19.730+0000] {minio_client.py:142} INFO -   MinIO ↑ [staging-data] 2026-04-03_14-32/dim_sinh_vien.parquet (71.7 KB | 1,695 rows)
[2026-04-03T14:32:20.016+0000] {logging_mixin.py:188} WARNING - [2026-04-03 14:32:20] INFO    utils.minio :   MinIO ↑ [staging-data] 2026-04-03_14-32/fact_diem.parquet (821.9 KB | 54,529 rows)
[2026-04-03T14:32:20.016+0000] {minio_client.py:142} INFO -   MinIO ↑ [staging-data] 2026-04-03_14-32/fact_diem.parquet (821.9 KB | 54,529 rows)
[2026-04-03T14:32:20.047+0000] {logging_mixin.py:188} WARNING - [2026-04-03 14:32:20] INFO    utils.minio :   MinIO ↑ [staging-data] 2026-04-03_14-32/fact_ren_luyen.parquet (38.8 KB | 8,990 rows)
[2026-04-03T14:32:20.046+0000] {minio_client.py:142} INFO -   MinIO ↑ [staging-data] 2026-04-03_14-32/fact_ren_luyen.parquet (38.8 KB | 8,990 rows)
[2026-04-03T14:32:20.087+0000] {logging_mixin.py:188} WARNING - [2026-04-03 14:32:20] INFO    utils.minio :   MinIO ↑ [staging-data] 2026-04-03_14-32/fact_tai_chinh.parquet (65.1 KB | 8,990 rows)
[2026-04-03T14:32:20.087+0000] {minio_client.py:142} INFO -   MinIO ↑ [staging-data] 2026-04-03_14-32/fact_tai_chinh.parquet (65.1 KB | 8,990 rows)
[2026-04-03T14:32:20.088+0000] {logging_mixin.py:188} WARNING - [2026-04-03 14:32:20] WARNING utils.minio :   MinIO skip (empty): fact_tong_hop_sv.parquet
[2026-04-03T14:32:20.088+0000] {minio_client.py:120} WARNING -   MinIO skip (empty): fact_tong_hop_sv.parquet
[2026-04-03T14:32:20.090+0000] {logging_mixin.py:188} WARNING - [2026-04-03 14:32:20] INFO    etl.transform :   MinIO staging-data: 8/8 files OK → run_id=2026-04-03_14-32
[2026-04-03T14:32:20.090+0000] {transform.py:143} INFO -   MinIO staging-data: 8/8 files OK → run_id=2026-04-03_14-32
[2026-04-03T14:32:20.157+0000] {logging_mixin.py:188} INFO - Transform xong: {'dim_giang_vien': 45, 'dim_sinh_vien': 1695, 'dim_hoc_phan': 121, 'dim_thoi_gian': 9, 'fact_diem': 54529, 'fact_ren_luyen': 8990, 'fact_tai_chinh': 8990, 'fact_tong_hop_sv': 0}
[2026-04-03T14:32:20.160+0000] {python.py:201} INFO - Done. Returned value was: {'dim_giang_vien': 45, 'dim_sinh_vien': 1695, 'dim_hoc_phan': 121, 'dim_thoi_gian': 9, 'fact_diem': 54529, 'fact_ren_luyen': 8990, 'fact_tai_chinh': 8990, 'fact_tong_hop_sv': 0}
[2026-04-03T14:32:20.215+0000] {taskinstance.py:1138} INFO - Marking task as SUCCESS. dag_id=daily_student_pipeline, task_id=transform_data, execution_date=20260403T143211, start_date=20260403T143212, end_date=20260403T143220
[2026-04-03T14:32:20.269+0000] {local_task_job_runner.py:234} INFO - Task exited with return code 0
[2026-04-03T14:32:20.300+0000] {taskinstance.py:3280} INFO - 0 downstream tasks scheduled from follow-on schedule check
