[2026-04-26T09:36:12.545+0000] {taskinstance.py:1956} INFO - Dependencies all met for dep_context=non-requeueable deps ti=<TaskInstance: daily_student_pipeline.transform_data manual__2026-04-26T09:35:57.155829+00:00 [queued]>
[2026-04-26T09:36:12.555+0000] {taskinstance.py:1956} INFO - Dependencies all met for dep_context=requeueable deps ti=<TaskInstance: daily_student_pipeline.transform_data manual__2026-04-26T09:35:57.155829+00:00 [queued]>
[2026-04-26T09:36:12.556+0000] {taskinstance.py:2170} INFO - Starting attempt 1 of 1
[2026-04-26T09:36:12.569+0000] {taskinstance.py:2191} INFO - Executing <Task(PythonOperator): transform_data> on 2026-04-26 09:35:57.155829+00:00
[2026-04-26T09:36:12.577+0000] {standard_task_runner.py:60} INFO - Started process 6385 to run task
[2026-04-26T09:36:12.579+0000] {standard_task_runner.py:87} INFO - Running: ['***', 'tasks', 'run', 'daily_student_pipeline', 'transform_data', 'manual__2026-04-26T09:35:57.155829+00:00', '--job-id', '487', '--raw', '--subdir', 'DAGS_FOLDER/daily_student_pipeline.py', '--cfg-path', '/tmp/tmpcbpbakje']
[2026-04-26T09:36:12.582+0000] {standard_task_runner.py:88} INFO - Job 487: Subtask transform_data
[2026-04-26T09:36:12.661+0000] {task_command.py:423} INFO - Running <TaskInstance: daily_student_pipeline.transform_data manual__2026-04-26T09:35:57.155829+00:00 [running]> on host 759b8b5e27b5
[2026-04-26T09:36:12.751+0000] {taskinstance.py:2480} INFO - Exporting env vars: AIRFLOW_CTX_DAG_OWNER='nhom8' AIRFLOW_CTX_DAG_ID='daily_student_pipeline' AIRFLOW_CTX_TASK_ID='transform_data' AIRFLOW_CTX_EXECUTION_DATE='2026-04-26T09:35:57.155829+00:00' AIRFLOW_CTX_TRY_NUMBER='1' AIRFLOW_CTX_DAG_RUN_ID='manual__2026-04-26T09:35:57.155829+00:00'
[2026-04-26T09:36:13.433+0000] {logging_mixin.py:188} WARNING - [2026-04-26 09:36:13] INFO    etl.extract :   Load from MinIO staging: run_id=2026-04-26_09-36
[2026-04-26T09:36:13.433+0000] {extract.py:502} INFO -   Load from MinIO staging: run_id=2026-04-26_09-36
[2026-04-26T09:36:13.478+0000] {logging_mixin.py:188} WARNING - [2026-04-26 09:36:13] INFO    utils.minio :   MinIO ↓ [raw-data] 2026-04-26_09-36/nguon1_khoa.parquet (4 rows)
[2026-04-26T09:36:13.478+0000] {minio_client.py:223} INFO -   MinIO ↓ [raw-data] 2026-04-26_09-36/nguon1_khoa.parquet (4 rows)
[2026-04-26T09:36:13.490+0000] {logging_mixin.py:188} WARNING - [2026-04-26 09:36:13] INFO    utils.minio :   MinIO ↓ [raw-data] 2026-04-26_09-36/nguon1_nganh.parquet (3 rows)
[2026-04-26T09:36:13.490+0000] {minio_client.py:223} INFO -   MinIO ↓ [raw-data] 2026-04-26_09-36/nguon1_nganh.parquet (3 rows)
[2026-04-26T09:36:13.505+0000] {logging_mixin.py:188} WARNING - [2026-04-26 09:36:13] INFO    utils.minio :   MinIO ↓ [raw-data] 2026-04-26_09-36/nguon1_giang_vien.parquet (45 rows)
[2026-04-26T09:36:13.505+0000] {minio_client.py:223} INFO -   MinIO ↓ [raw-data] 2026-04-26_09-36/nguon1_giang_vien.parquet (45 rows)
[2026-04-26T09:36:13.515+0000] {logging_mixin.py:188} WARNING - [2026-04-26 09:36:13] INFO    utils.minio :   MinIO ↓ [raw-data] 2026-04-26_09-36/nguon1_lop_hanh_chinh.parquet (48 rows)
[2026-04-26T09:36:13.515+0000] {minio_client.py:223} INFO -   MinIO ↓ [raw-data] 2026-04-26_09-36/nguon1_lop_hanh_chinh.parquet (48 rows)
[2026-04-26T09:36:13.526+0000] {logging_mixin.py:188} WARNING - [2026-04-26 09:36:13] INFO    utils.minio :   MinIO ↓ [raw-data] 2026-04-26_09-36/nguon1_sinh_vien.parquet (1,695 rows)
[2026-04-26T09:36:13.526+0000] {minio_client.py:223} INFO -   MinIO ↓ [raw-data] 2026-04-26_09-36/nguon1_sinh_vien.parquet (1,695 rows)
[2026-04-26T09:36:13.536+0000] {logging_mixin.py:188} WARNING - [2026-04-26 09:36:13] INFO    utils.minio :   MinIO ↓ [raw-data] 2026-04-26_09-36/nguon1_hoc_phan.parquet (121 rows)
[2026-04-26T09:36:13.536+0000] {minio_client.py:223} INFO -   MinIO ↓ [raw-data] 2026-04-26_09-36/nguon1_hoc_phan.parquet (121 rows)
[2026-04-26T09:36:13.545+0000] {logging_mixin.py:188} WARNING - [2026-04-26 09:36:13] INFO    utils.minio :   MinIO ↓ [raw-data] 2026-04-26_09-36/nguon1_hoc_ky.parquet (13 rows)
[2026-04-26T09:36:13.545+0000] {minio_client.py:223} INFO -   MinIO ↓ [raw-data] 2026-04-26_09-36/nguon1_hoc_ky.parquet (13 rows)
[2026-04-26T09:36:13.560+0000] {logging_mixin.py:188} WARNING - [2026-04-26 09:36:13] INFO    utils.minio :   MinIO ↓ [raw-data] 2026-04-26_09-36/nguon1_dang_ky.parquet (55,957 rows)
[2026-04-26T09:36:13.560+0000] {minio_client.py:223} INFO -   MinIO ↓ [raw-data] 2026-04-26_09-36/nguon1_dang_ky.parquet (55,957 rows)
[2026-04-26T09:36:13.590+0000] {logging_mixin.py:188} WARNING - [2026-04-26 09:36:13] INFO    utils.minio :   MinIO ↓ [raw-data] 2026-04-26_09-36/nguon1_diem.parquet (55,503 rows)
[2026-04-26T09:36:13.590+0000] {minio_client.py:223} INFO -   MinIO ↓ [raw-data] 2026-04-26_09-36/nguon1_diem.parquet (55,503 rows)
[2026-04-26T09:36:13.600+0000] {logging_mixin.py:188} WARNING - [2026-04-26 09:36:13] INFO    utils.minio :   MinIO ↓ [raw-data] 2026-04-26_09-36/nguon1_tong_hop_ket_qua.parquet (1,695 rows)
[2026-04-26T09:36:13.600+0000] {minio_client.py:223} INFO -   MinIO ↓ [raw-data] 2026-04-26_09-36/nguon1_tong_hop_ket_qua.parquet (1,695 rows)
[2026-04-26T09:36:13.610+0000] {logging_mixin.py:188} WARNING - [2026-04-26 09:36:13] INFO    utils.minio :   MinIO ↓ [raw-data] 2026-04-26_09-36/nguon2_ctsv.parquet (9,963 rows)
[2026-04-26T09:36:13.610+0000] {minio_client.py:223} INFO -   MinIO ↓ [raw-data] 2026-04-26_09-36/nguon2_ctsv.parquet (9,963 rows)
[2026-04-26T09:36:13.621+0000] {logging_mixin.py:188} WARNING - [2026-04-26 09:36:13] INFO    utils.minio :   MinIO ↓ [raw-data] 2026-04-26_09-36/nguon3_tai_chinh.parquet (9,656 rows)
[2026-04-26T09:36:13.621+0000] {minio_client.py:223} INFO -   MinIO ↓ [raw-data] 2026-04-26_09-36/nguon3_tai_chinh.parquet (9,656 rows)
[2026-04-26T09:36:13.622+0000] {logging_mixin.py:188} WARNING - [2026-04-26 09:36:13] INFO    etl.extract :  Load from staging OK — run_id=2026-04-26_09-36
[2026-04-26T09:36:13.622+0000] {extract.py:519} INFO -  Load from staging OK — run_id=2026-04-26_09-36
[2026-04-26T09:36:13.624+0000] {logging_mixin.py:188} WARNING - [2026-04-26 09:36:13] INFO    etl.transform : ==BẮT ĐẦU TRANSFORM==
[2026-04-26T09:36:13.624+0000] {transform.py:75} INFO - ==BẮT ĐẦU TRANSFORM==
[2026-04-26T09:36:13.626+0000] {logging_mixin.py:188} WARNING - [2026-04-26 09:36:13] INFO    etl.transform : ======================================================================
[2026-04-26T09:36:13.626+0000] {transform.py:76} INFO - ======================================================================
[2026-04-26T09:36:13.628+0000] {logging_mixin.py:188} WARNING - [2026-04-26 09:36:13] INFO    etl.transform : ── Bước 1: Transform Dimension Tables ──
[2026-04-26T09:36:13.628+0000] {transform.py:80} INFO - ── Bước 1: Transform Dimension Tables ──
[2026-04-26T09:36:13.632+0000] {logging_mixin.py:188} WARNING - [2026-04-26 09:36:13] INFO    etl.transform :   dim_thoi_gian               →     13 records
[2026-04-26T09:36:13.632+0000] {transform.py:190} INFO -   dim_thoi_gian               →     13 records
[2026-04-26T09:36:13.637+0000] {logging_mixin.py:188} WARNING - [2026-04-26 09:36:13] INFO    etl.transform :   dim_giang_vien              →     45 records
[2026-04-26T09:36:13.637+0000] {transform.py:213} INFO -   dim_giang_vien              →     45 records
[2026-04-26T09:36:13.642+0000] {logging_mixin.py:188} WARNING - [2026-04-26 09:36:13] INFO    etl.transform :   dim_hoc_phan                →    121 records
[2026-04-26T09:36:13.642+0000] {transform.py:240} INFO -   dim_hoc_phan                →    121 records
[2026-04-26T09:36:13.657+0000] {logging_mixin.py:188} WARNING - [2026-04-26 09:36:13] INFO    etl.transform :   dim_sinh_vien               →  1,695 records
[2026-04-26T09:36:13.657+0000] {transform.py:306} INFO -   dim_sinh_vien               →  1,695 records
[2026-04-26T09:36:13.659+0000] {logging_mixin.py:188} WARNING - [2026-04-26 09:36:13] INFO    etl.transform : ── Bước 2: Transform Fact Tables ──
[2026-04-26T09:36:13.658+0000] {transform.py:96} INFO - ── Bước 2: Transform Fact Tables ──
[2026-04-26T09:36:13.722+0000] {logging_mixin.py:188} WARNING - [2026-04-26 09:36:13] INFO    etl.transform :   fact_diem                   → 55,503 records
[2026-04-26T09:36:13.722+0000] {transform.py:376} INFO -   fact_diem                   → 55,503 records
[2026-04-26T09:36:13.759+0000] {logging_mixin.py:188} WARNING - [2026-04-26 09:36:13] INFO    etl.transform :   fact_dang_ky               → 55,957 records
[2026-04-26T09:36:13.759+0000] {transform.py:413} INFO -   fact_dang_ky               → 55,957 records
[2026-04-26T09:36:13.772+0000] {logging_mixin.py:188} WARNING - [2026-04-26 09:36:13] INFO    etl.transform :   fact_ren_luyen              →  9,963 records
[2026-04-26T09:36:13.772+0000] {transform.py:445} INFO -   fact_ren_luyen              →  9,963 records
[2026-04-26T09:36:13.781+0000] {logging_mixin.py:188} WARNING - /opt/***/src/etl/transform.py:467 UserWarning: The argument 'infer_datetime_format' is deprecated and will be removed in a future version. A strict version of it is now the default, see https://pandas.pydata.org/pdeps/0004-consistent-to-datetime-parsing.html. You can safely remove this argument.
[2026-04-26T09:36:13.787+0000] {logging_mixin.py:188} WARNING - [2026-04-26 09:36:13] INFO    etl.transform :   fact_tai_chinh              →  9,656 records
[2026-04-26T09:36:13.787+0000] {transform.py:485} INFO -   fact_tai_chinh              →  9,656 records
[2026-04-26T09:36:13.790+0000] {logging_mixin.py:188} WARNING - [2026-04-26 09:36:13] INFO    etl.transform : ======================================================================
[2026-04-26T09:36:13.789+0000] {transform.py:108} INFO - ======================================================================
[2026-04-26T09:36:13.791+0000] {logging_mixin.py:188} WARNING - [2026-04-26 09:36:13] INFO    etl.transform : TRANSFORM HOÀN TẤT
[2026-04-26T09:36:13.791+0000] {transform.py:109} INFO - TRANSFORM HOÀN TẤT
[2026-04-26T09:36:13.793+0000] {logging_mixin.py:188} WARNING - [2026-04-26 09:36:13] INFO    etl.transform :    dim_giang_vien           :       45 records
[2026-04-26T09:36:13.793+0000] {transform.py:111} INFO -    dim_giang_vien           :       45 records
[2026-04-26T09:36:13.794+0000] {logging_mixin.py:188} WARNING - [2026-04-26 09:36:13] INFO    etl.transform :    dim_sinh_vien            :    1,695 records
[2026-04-26T09:36:13.794+0000] {transform.py:111} INFO -    dim_sinh_vien            :    1,695 records
[2026-04-26T09:36:13.795+0000] {logging_mixin.py:188} WARNING - [2026-04-26 09:36:13] INFO    etl.transform :    dim_hoc_phan             :      121 records
[2026-04-26T09:36:13.795+0000] {transform.py:111} INFO -    dim_hoc_phan             :      121 records
[2026-04-26T09:36:13.795+0000] {logging_mixin.py:188} WARNING - [2026-04-26 09:36:13] INFO    etl.transform :    dim_thoi_gian            :       13 records
[2026-04-26T09:36:13.795+0000] {transform.py:111} INFO -    dim_thoi_gian            :       13 records
[2026-04-26T09:36:13.796+0000] {logging_mixin.py:188} WARNING - [2026-04-26 09:36:13] INFO    etl.transform :    fact_diem                :   55,503 records
[2026-04-26T09:36:13.796+0000] {transform.py:111} INFO -    fact_diem                :   55,503 records
[2026-04-26T09:36:13.797+0000] {logging_mixin.py:188} WARNING - [2026-04-26 09:36:13] INFO    etl.transform :    fact_dang_ky             :   55,957 records
[2026-04-26T09:36:13.797+0000] {transform.py:111} INFO -    fact_dang_ky             :   55,957 records
[2026-04-26T09:36:13.798+0000] {logging_mixin.py:188} WARNING - [2026-04-26 09:36:13] INFO    etl.transform :    fact_ren_luyen           :    9,963 records
[2026-04-26T09:36:13.798+0000] {transform.py:111} INFO -    fact_ren_luyen           :    9,963 records
[2026-04-26T09:36:13.799+0000] {logging_mixin.py:188} WARNING - [2026-04-26 09:36:13] INFO    etl.transform :    fact_tai_chinh           :    9,656 records
[2026-04-26T09:36:13.799+0000] {transform.py:111} INFO -    fact_tai_chinh           :    9,656 records
[2026-04-26T09:36:13.800+0000] {logging_mixin.py:188} WARNING - [2026-04-26 09:36:13] INFO    etl.transform : ======================================================================
[2026-04-26T09:36:13.800+0000] {transform.py:112} INFO - ======================================================================
[2026-04-26T09:36:13.821+0000] {logging_mixin.py:188} WARNING - [2026-04-26 09:36:13] INFO    utils.minio :   MinIO ↑ [staging-data] 2026-04-26_09-36/dim_hoc_ky.parquet (5.4 KB | 13 rows)
[2026-04-26T09:36:13.821+0000] {minio_client.py:142} INFO -   MinIO ↑ [staging-data] 2026-04-26_09-36/dim_hoc_ky.parquet (5.4 KB | 13 rows)
[2026-04-26T09:36:13.833+0000] {logging_mixin.py:188} WARNING - [2026-04-26 09:36:13] INFO    utils.minio :   MinIO ↑ [staging-data] 2026-04-26_09-36/dim_giang_vien.parquet (8.9 KB | 45 rows)
[2026-04-26T09:36:13.833+0000] {minio_client.py:142} INFO -   MinIO ↑ [staging-data] 2026-04-26_09-36/dim_giang_vien.parquet (8.9 KB | 45 rows)
[2026-04-26T09:36:13.843+0000] {logging_mixin.py:188} WARNING - [2026-04-26 09:36:13] INFO    utils.minio :   MinIO ↑ [staging-data] 2026-04-26_09-36/dim_hoc_phan.parquet (11.0 KB | 121 rows)
[2026-04-26T09:36:13.843+0000] {minio_client.py:142} INFO -   MinIO ↑ [staging-data] 2026-04-26_09-36/dim_hoc_phan.parquet (11.0 KB | 121 rows)
[2026-04-26T09:36:13.859+0000] {logging_mixin.py:188} WARNING - [2026-04-26 09:36:13] INFO    utils.minio :   MinIO ↑ [staging-data] 2026-04-26_09-36/dim_sinh_vien.parquet (71.3 KB | 1,695 rows)
[2026-04-26T09:36:13.859+0000] {minio_client.py:142} INFO -   MinIO ↑ [staging-data] 2026-04-26_09-36/dim_sinh_vien.parquet (71.3 KB | 1,695 rows)
[2026-04-26T09:36:13.932+0000] {logging_mixin.py:188} WARNING - [2026-04-26 09:36:13] INFO    utils.minio :   MinIO ↑ [staging-data] 2026-04-26_09-36/fact_diem.parquet (844.6 KB | 55,503 rows)
[2026-04-26T09:36:13.932+0000] {minio_client.py:142} INFO -   MinIO ↑ [staging-data] 2026-04-26_09-36/fact_diem.parquet (844.6 KB | 55,503 rows)
[2026-04-26T09:36:13.986+0000] {logging_mixin.py:188} WARNING - [2026-04-26 09:36:13] INFO    utils.minio :   MinIO ↑ [staging-data] 2026-04-26_09-36/fact_dang_ky.parquet (473.8 KB | 55,957 rows)
[2026-04-26T09:36:13.986+0000] {minio_client.py:142} INFO -   MinIO ↑ [staging-data] 2026-04-26_09-36/fact_dang_ky.parquet (473.8 KB | 55,957 rows)
[2026-04-26T09:36:14.001+0000] {logging_mixin.py:188} WARNING - [2026-04-26 09:36:14] INFO    utils.minio :   MinIO ↑ [staging-data] 2026-04-26_09-36/fact_ren_luyen.parquet (42.0 KB | 9,963 rows)
[2026-04-26T09:36:14.001+0000] {minio_client.py:142} INFO -   MinIO ↑ [staging-data] 2026-04-26_09-36/fact_ren_luyen.parquet (42.0 KB | 9,963 rows)
[2026-04-26T09:36:14.019+0000] {logging_mixin.py:188} WARNING - [2026-04-26 09:36:14] INFO    utils.minio :   MinIO ↑ [staging-data] 2026-04-26_09-36/fact_tai_chinh.parquet (89.0 KB | 9,656 rows)
[2026-04-26T09:36:14.019+0000] {minio_client.py:142} INFO -   MinIO ↑ [staging-data] 2026-04-26_09-36/fact_tai_chinh.parquet (89.0 KB | 9,656 rows)
[2026-04-26T09:36:14.020+0000] {logging_mixin.py:188} WARNING - [2026-04-26 09:36:14] INFO    etl.transform :   MinIO staging-data: 8/8 files OK → run_id=2026-04-26_09-36
[2026-04-26T09:36:14.020+0000] {transform.py:141} INFO -   MinIO staging-data: 8/8 files OK → run_id=2026-04-26_09-36
[2026-04-26T09:36:14.047+0000] {logging_mixin.py:188} INFO - Transform xong: {'dim_giang_vien': 45, 'dim_sinh_vien': 1695, 'dim_hoc_phan': 121, 'dim_thoi_gian': 13, 'fact_diem': 55503, 'fact_dang_ky': 55957, 'fact_ren_luyen': 9963, 'fact_tai_chinh': 9656}
[2026-04-26T09:36:14.051+0000] {python.py:201} INFO - Done. Returned value was: {'dim_giang_vien': 45, 'dim_sinh_vien': 1695, 'dim_hoc_phan': 121, 'dim_thoi_gian': 13, 'fact_diem': 55503, 'fact_dang_ky': 55957, 'fact_ren_luyen': 9963, 'fact_tai_chinh': 9656}
[2026-04-26T09:36:14.072+0000] {taskinstance.py:1138} INFO - Marking task as SUCCESS. dag_id=daily_student_pipeline, task_id=transform_data, execution_date=20260426T093557, start_date=20260426T093612, end_date=20260426T093614
[2026-04-26T09:36:14.119+0000] {local_task_job_runner.py:234} INFO - Task exited with return code 0
[2026-04-26T09:36:14.142+0000] {taskinstance.py:3280} INFO - 1 downstream tasks scheduled from follow-on schedule check
