[2026-04-06T09:04:42.446+0000] {taskinstance.py:1956} INFO - Dependencies all met for dep_context=non-requeueable deps ti=<TaskInstance: daily_student_pipeline.transform_data manual__2026-04-06T09:04:27.726184+00:00 [queued]>
[2026-04-06T09:04:42.459+0000] {taskinstance.py:1956} INFO - Dependencies all met for dep_context=requeueable deps ti=<TaskInstance: daily_student_pipeline.transform_data manual__2026-04-06T09:04:27.726184+00:00 [queued]>
[2026-04-06T09:04:42.460+0000] {taskinstance.py:2170} INFO - Starting attempt 1 of 1
[2026-04-06T09:04:42.479+0000] {taskinstance.py:2191} INFO - Executing <Task(PythonOperator): transform_data> on 2026-04-06 09:04:27.726184+00:00
[2026-04-06T09:04:42.486+0000] {standard_task_runner.py:60} INFO - Started process 4529 to run task
[2026-04-06T09:04:42.490+0000] {standard_task_runner.py:87} INFO - Running: ['***', 'tasks', 'run', 'daily_student_pipeline', 'transform_data', 'manual__2026-04-06T09:04:27.726184+00:00', '--job-id', '269', '--raw', '--subdir', 'DAGS_FOLDER/daily_student_pipeline.py', '--cfg-path', '/tmp/tmpr_w0rk6r']
[2026-04-06T09:04:42.493+0000] {standard_task_runner.py:88} INFO - Job 269: Subtask transform_data
[2026-04-06T09:04:42.604+0000] {task_command.py:423} INFO - Running <TaskInstance: daily_student_pipeline.transform_data manual__2026-04-06T09:04:27.726184+00:00 [running]> on host 1c62953c8918
[2026-04-06T09:04:42.763+0000] {taskinstance.py:2480} INFO - Exporting env vars: AIRFLOW_CTX_DAG_OWNER='nhom8' AIRFLOW_CTX_DAG_ID='daily_student_pipeline' AIRFLOW_CTX_TASK_ID='transform_data' AIRFLOW_CTX_EXECUTION_DATE='2026-04-06T09:04:27.726184+00:00' AIRFLOW_CTX_TRY_NUMBER='1' AIRFLOW_CTX_DAG_RUN_ID='manual__2026-04-06T09:04:27.726184+00:00'
[2026-04-06T09:04:43.804+0000] {logging_mixin.py:188} WARNING - [2026-04-06 09:04:43] INFO    etl.extract :   Load from MinIO staging: run_id=2026-04-06_09-04
[2026-04-06T09:04:43.804+0000] {extract.py:352} INFO -   Load from MinIO staging: run_id=2026-04-06_09-04
[2026-04-06T09:04:43.857+0000] {logging_mixin.py:188} WARNING - [2026-04-06 09:04:43] INFO    utils.minio :   MinIO ↓ [raw-data] 2026-04-06_09-04/nguon1_khoa.parquet (4 rows)
[2026-04-06T09:04:43.857+0000] {minio_client.py:223} INFO -   MinIO ↓ [raw-data] 2026-04-06_09-04/nguon1_khoa.parquet (4 rows)
[2026-04-06T09:04:43.873+0000] {logging_mixin.py:188} WARNING - [2026-04-06 09:04:43] INFO    utils.minio :   MinIO ↓ [raw-data] 2026-04-06_09-04/nguon1_nganh.parquet (3 rows)
[2026-04-06T09:04:43.873+0000] {minio_client.py:223} INFO -   MinIO ↓ [raw-data] 2026-04-06_09-04/nguon1_nganh.parquet (3 rows)
[2026-04-06T09:04:43.902+0000] {logging_mixin.py:188} WARNING - [2026-04-06 09:04:43] INFO    utils.minio :   MinIO ↓ [raw-data] 2026-04-06_09-04/nguon1_giang_vien.parquet (45 rows)
[2026-04-06T09:04:43.901+0000] {minio_client.py:223} INFO -   MinIO ↓ [raw-data] 2026-04-06_09-04/nguon1_giang_vien.parquet (45 rows)
[2026-04-06T09:04:43.947+0000] {logging_mixin.py:188} WARNING - [2026-04-06 09:04:43] INFO    utils.minio :   MinIO ↓ [raw-data] 2026-04-06_09-04/nguon1_lop_hanh_chinh.parquet (48 rows)
[2026-04-06T09:04:43.947+0000] {minio_client.py:223} INFO -   MinIO ↓ [raw-data] 2026-04-06_09-04/nguon1_lop_hanh_chinh.parquet (48 rows)
[2026-04-06T09:04:43.977+0000] {logging_mixin.py:188} WARNING - [2026-04-06 09:04:43] INFO    utils.minio :   MinIO ↓ [raw-data] 2026-04-06_09-04/nguon1_sinh_vien.parquet (1,695 rows)
[2026-04-06T09:04:43.976+0000] {minio_client.py:223} INFO -   MinIO ↓ [raw-data] 2026-04-06_09-04/nguon1_sinh_vien.parquet (1,695 rows)
[2026-04-06T09:04:43.994+0000] {logging_mixin.py:188} WARNING - [2026-04-06 09:04:43] INFO    utils.minio :   MinIO ↓ [raw-data] 2026-04-06_09-04/nguon1_hoc_phan.parquet (121 rows)
[2026-04-06T09:04:43.994+0000] {minio_client.py:223} INFO -   MinIO ↓ [raw-data] 2026-04-06_09-04/nguon1_hoc_phan.parquet (121 rows)
[2026-04-06T09:04:44.010+0000] {logging_mixin.py:188} WARNING - [2026-04-06 09:04:44] INFO    utils.minio :   MinIO ↓ [raw-data] 2026-04-06_09-04/nguon1_hoc_ky.parquet (9 rows)
[2026-04-06T09:04:44.010+0000] {minio_client.py:223} INFO -   MinIO ↓ [raw-data] 2026-04-06_09-04/nguon1_hoc_ky.parquet (9 rows)
[2026-04-06T09:04:44.040+0000] {logging_mixin.py:188} WARNING - [2026-04-06 09:04:44] INFO    utils.minio :   MinIO ↓ [raw-data] 2026-04-06_09-04/nguon1_dang_ky.parquet (58,001 rows)
[2026-04-06T09:04:44.040+0000] {minio_client.py:223} INFO -   MinIO ↓ [raw-data] 2026-04-06_09-04/nguon1_dang_ky.parquet (58,001 rows)
[2026-04-06T09:04:44.068+0000] {logging_mixin.py:188} WARNING - [2026-04-06 09:04:44] INFO    utils.minio :   MinIO ↓ [raw-data] 2026-04-06_09-04/nguon1_diem.parquet (58,001 rows)
[2026-04-06T09:04:44.068+0000] {minio_client.py:223} INFO -   MinIO ↓ [raw-data] 2026-04-06_09-04/nguon1_diem.parquet (58,001 rows)
[2026-04-06T09:04:44.082+0000] {logging_mixin.py:188} WARNING - [2026-04-06 09:04:44] INFO    utils.minio :   MinIO ↓ [raw-data] 2026-04-06_09-04/nguon1_tong_hop_ket_qua.parquet (1,695 rows)
[2026-04-06T09:04:44.082+0000] {minio_client.py:223} INFO -   MinIO ↓ [raw-data] 2026-04-06_09-04/nguon1_tong_hop_ket_qua.parquet (1,695 rows)
[2026-04-06T09:04:44.101+0000] {logging_mixin.py:188} WARNING - [2026-04-06 09:04:44] INFO    utils.minio :   MinIO ↓ [raw-data] 2026-04-06_09-04/nguon2_ctsv.parquet (9,238 rows)
[2026-04-06T09:04:44.101+0000] {minio_client.py:223} INFO -   MinIO ↓ [raw-data] 2026-04-06_09-04/nguon2_ctsv.parquet (9,238 rows)
[2026-04-06T09:04:44.123+0000] {logging_mixin.py:188} WARNING - [2026-04-06 09:04:44] INFO    utils.minio :   MinIO ↓ [raw-data] 2026-04-06_09-04/nguon3_tai_chinh.parquet (9,238 rows)
[2026-04-06T09:04:44.122+0000] {minio_client.py:223} INFO -   MinIO ↓ [raw-data] 2026-04-06_09-04/nguon3_tai_chinh.parquet (9,238 rows)
[2026-04-06T09:04:44.125+0000] {logging_mixin.py:188} WARNING - [2026-04-06 09:04:44] INFO    etl.extract :  Load from staging OK — run_id=2026-04-06_09-04
[2026-04-06T09:04:44.125+0000] {extract.py:369} INFO -  Load from staging OK — run_id=2026-04-06_09-04
[2026-04-06T09:04:44.127+0000] {logging_mixin.py:188} WARNING - [2026-04-06 09:04:44] INFO    etl.transform : ==BẮT ĐẦU TRANSFORM==
[2026-04-06T09:04:44.127+0000] {transform.py:75} INFO - ==BẮT ĐẦU TRANSFORM==
[2026-04-06T09:04:44.129+0000] {logging_mixin.py:188} WARNING - [2026-04-06 09:04:44] INFO    etl.transform : ======================================================================
[2026-04-06T09:04:44.128+0000] {transform.py:76} INFO - ======================================================================
[2026-04-06T09:04:44.132+0000] {logging_mixin.py:188} WARNING - [2026-04-06 09:04:44] INFO    etl.transform : ── Bước 1: Transform Dimension Tables ──
[2026-04-06T09:04:44.132+0000] {transform.py:80} INFO - ── Bước 1: Transform Dimension Tables ──
[2026-04-06T09:04:44.140+0000] {logging_mixin.py:188} WARNING - [2026-04-06 09:04:44] INFO    etl.transform :   dim_thoi_gian               →      9 records
[2026-04-06T09:04:44.140+0000] {transform.py:190} INFO -   dim_thoi_gian               →      9 records
[2026-04-06T09:04:44.146+0000] {logging_mixin.py:188} WARNING - [2026-04-06 09:04:44] INFO    etl.transform :   dim_giang_vien              →     45 records
[2026-04-06T09:04:44.145+0000] {transform.py:213} INFO -   dim_giang_vien              →     45 records
[2026-04-06T09:04:44.153+0000] {logging_mixin.py:188} WARNING - [2026-04-06 09:04:44] INFO    etl.transform :   dim_hoc_phan                →    121 records
[2026-04-06T09:04:44.153+0000] {transform.py:240} INFO -   dim_hoc_phan                →    121 records
[2026-04-06T09:04:44.173+0000] {logging_mixin.py:188} WARNING - [2026-04-06 09:04:44] INFO    etl.transform :   dim_sinh_vien               →  1,695 records
[2026-04-06T09:04:44.173+0000] {transform.py:306} INFO -   dim_sinh_vien               →  1,695 records
[2026-04-06T09:04:44.175+0000] {logging_mixin.py:188} WARNING - [2026-04-06 09:04:44] INFO    etl.transform : ── Bước 2: Transform Fact Tables ──
[2026-04-06T09:04:44.175+0000] {transform.py:96} INFO - ── Bước 2: Transform Fact Tables ──
[2026-04-06T09:04:44.206+0000] {logging_mixin.py:188} WARNING - [2026-04-06 09:04:44] INFO    etl.transform :   fact_diem | Tính lại điểm tổng kết cho 1160 bản ghi
[2026-04-06T09:04:44.206+0000] {transform.py:356} INFO -   fact_diem | Tính lại điểm tổng kết cho 1160 bản ghi
[2026-04-06T09:04:44.286+0000] {logging_mixin.py:188} WARNING - [2026-04-06 09:04:44] INFO    etl.transform :   fact_diem                   → 58,001 records
[2026-04-06T09:04:44.286+0000] {transform.py:376} INFO -   fact_diem                   → 58,001 records
[2026-04-06T09:04:44.354+0000] {logging_mixin.py:188} WARNING - [2026-04-06 09:04:44] INFO    etl.transform :   fact_dang_ky               → 58,001 records
[2026-04-06T09:04:44.354+0000] {transform.py:413} INFO -   fact_dang_ky               → 58,001 records
[2026-04-06T09:04:44.375+0000] {logging_mixin.py:188} WARNING - [2026-04-06 09:04:44] INFO    etl.transform :   fact_ren_luyen              →  9,238 records
[2026-04-06T09:04:44.375+0000] {transform.py:445} INFO -   fact_ren_luyen              →  9,238 records
[2026-04-06T09:04:44.387+0000] {logging_mixin.py:188} WARNING - [2026-04-06 09:04:44] INFO    etl.transform :   fact_tai_chinh              →  9,238 records
[2026-04-06T09:04:44.387+0000] {transform.py:473} INFO -   fact_tai_chinh              →  9,238 records
[2026-04-06T09:04:44.390+0000] {logging_mixin.py:188} WARNING - [2026-04-06 09:04:44] INFO    etl.transform : ======================================================================
[2026-04-06T09:04:44.389+0000] {transform.py:108} INFO - ======================================================================
[2026-04-06T09:04:44.391+0000] {logging_mixin.py:188} WARNING - [2026-04-06 09:04:44] INFO    etl.transform : TRANSFORM HOÀN TẤT
[2026-04-06T09:04:44.391+0000] {transform.py:109} INFO - TRANSFORM HOÀN TẤT
[2026-04-06T09:04:44.393+0000] {logging_mixin.py:188} WARNING - [2026-04-06 09:04:44] INFO    etl.transform :    dim_giang_vien           :       45 records
[2026-04-06T09:04:44.393+0000] {transform.py:111} INFO -    dim_giang_vien           :       45 records
[2026-04-06T09:04:44.395+0000] {logging_mixin.py:188} WARNING - [2026-04-06 09:04:44] INFO    etl.transform :    dim_sinh_vien            :    1,695 records
[2026-04-06T09:04:44.395+0000] {transform.py:111} INFO -    dim_sinh_vien            :    1,695 records
[2026-04-06T09:04:44.397+0000] {logging_mixin.py:188} WARNING - [2026-04-06 09:04:44] INFO    etl.transform :    dim_hoc_phan             :      121 records
[2026-04-06T09:04:44.397+0000] {transform.py:111} INFO -    dim_hoc_phan             :      121 records
[2026-04-06T09:04:44.399+0000] {logging_mixin.py:188} WARNING - [2026-04-06 09:04:44] INFO    etl.transform :    dim_thoi_gian            :        9 records
[2026-04-06T09:04:44.399+0000] {transform.py:111} INFO -    dim_thoi_gian            :        9 records
[2026-04-06T09:04:44.401+0000] {logging_mixin.py:188} WARNING - [2026-04-06 09:04:44] INFO    etl.transform :    fact_diem                :   58,001 records
[2026-04-06T09:04:44.401+0000] {transform.py:111} INFO -    fact_diem                :   58,001 records
[2026-04-06T09:04:44.404+0000] {logging_mixin.py:188} WARNING - [2026-04-06 09:04:44] INFO    etl.transform :    fact_dang_ky             :   58,001 records
[2026-04-06T09:04:44.404+0000] {transform.py:111} INFO -    fact_dang_ky             :   58,001 records
[2026-04-06T09:04:44.406+0000] {logging_mixin.py:188} WARNING - [2026-04-06 09:04:44] INFO    etl.transform :    fact_ren_luyen           :    9,238 records
[2026-04-06T09:04:44.406+0000] {transform.py:111} INFO -    fact_ren_luyen           :    9,238 records
[2026-04-06T09:04:44.408+0000] {logging_mixin.py:188} WARNING - [2026-04-06 09:04:44] INFO    etl.transform :    fact_tai_chinh           :    9,238 records
[2026-04-06T09:04:44.408+0000] {transform.py:111} INFO -    fact_tai_chinh           :    9,238 records
[2026-04-06T09:04:44.410+0000] {logging_mixin.py:188} WARNING - [2026-04-06 09:04:44] INFO    etl.transform : ======================================================================
[2026-04-06T09:04:44.409+0000] {transform.py:112} INFO - ======================================================================
[2026-04-06T09:04:44.459+0000] {logging_mixin.py:188} WARNING - [2026-04-06 09:04:44] INFO    utils.minio :   MinIO ↑ [staging-data] 2026-04-06_09-04/dim_hoc_ky.parquet (5.3 KB | 9 rows)
[2026-04-06T09:04:44.459+0000] {minio_client.py:142} INFO -   MinIO ↑ [staging-data] 2026-04-06_09-04/dim_hoc_ky.parquet (5.3 KB | 9 rows)
[2026-04-06T09:04:44.492+0000] {logging_mixin.py:188} WARNING - [2026-04-06 09:04:44] INFO    utils.minio :   MinIO ↑ [staging-data] 2026-04-06_09-04/dim_giang_vien.parquet (8.9 KB | 45 rows)
[2026-04-06T09:04:44.492+0000] {minio_client.py:142} INFO -   MinIO ↑ [staging-data] 2026-04-06_09-04/dim_giang_vien.parquet (8.9 KB | 45 rows)
[2026-04-06T09:04:44.519+0000] {logging_mixin.py:188} WARNING - [2026-04-06 09:04:44] INFO    utils.minio :   MinIO ↑ [staging-data] 2026-04-06_09-04/dim_hoc_phan.parquet (11.0 KB | 121 rows)
[2026-04-06T09:04:44.519+0000] {minio_client.py:142} INFO -   MinIO ↑ [staging-data] 2026-04-06_09-04/dim_hoc_phan.parquet (11.0 KB | 121 rows)
[2026-04-06T09:04:44.562+0000] {logging_mixin.py:188} WARNING - [2026-04-06 09:04:44] INFO    utils.minio :   MinIO ↑ [staging-data] 2026-04-06_09-04/dim_sinh_vien.parquet (72.9 KB | 1,695 rows)
[2026-04-06T09:04:44.561+0000] {minio_client.py:142} INFO -   MinIO ↑ [staging-data] 2026-04-06_09-04/dim_sinh_vien.parquet (72.9 KB | 1,695 rows)
[2026-04-06T09:04:44.658+0000] {logging_mixin.py:188} WARNING - [2026-04-06 09:04:44] INFO    utils.minio :   MinIO ↑ [staging-data] 2026-04-06_09-04/fact_diem.parquet (908.9 KB | 58,001 rows)
[2026-04-06T09:04:44.657+0000] {minio_client.py:142} INFO -   MinIO ↑ [staging-data] 2026-04-06_09-04/fact_diem.parquet (908.9 KB | 58,001 rows)
[2026-04-06T09:04:44.730+0000] {logging_mixin.py:188} WARNING - [2026-04-06 09:04:44] INFO    utils.minio :   MinIO ↑ [staging-data] 2026-04-06_09-04/fact_dang_ky.parquet (493.4 KB | 58,001 rows)
[2026-04-06T09:04:44.730+0000] {minio_client.py:142} INFO -   MinIO ↑ [staging-data] 2026-04-06_09-04/fact_dang_ky.parquet (493.4 KB | 58,001 rows)
[2026-04-06T09:04:44.763+0000] {logging_mixin.py:188} WARNING - [2026-04-06 09:04:44] INFO    utils.minio :   MinIO ↑ [staging-data] 2026-04-06_09-04/fact_ren_luyen.parquet (39.7 KB | 9,238 rows)
[2026-04-06T09:04:44.762+0000] {minio_client.py:142} INFO -   MinIO ↑ [staging-data] 2026-04-06_09-04/fact_ren_luyen.parquet (39.7 KB | 9,238 rows)
[2026-04-06T09:04:44.788+0000] {logging_mixin.py:188} WARNING - [2026-04-06 09:04:44] INFO    utils.minio :   MinIO ↑ [staging-data] 2026-04-06_09-04/fact_tai_chinh.parquet (66.6 KB | 9,238 rows)
[2026-04-06T09:04:44.788+0000] {minio_client.py:142} INFO -   MinIO ↑ [staging-data] 2026-04-06_09-04/fact_tai_chinh.parquet (66.6 KB | 9,238 rows)
[2026-04-06T09:04:44.790+0000] {logging_mixin.py:188} WARNING - [2026-04-06 09:04:44] INFO    etl.transform :   MinIO staging-data: 8/8 files OK → run_id=2026-04-06_09-04
[2026-04-06T09:04:44.790+0000] {transform.py:141} INFO -   MinIO staging-data: 8/8 files OK → run_id=2026-04-06_09-04
[2026-04-06T09:04:44.867+0000] {logging_mixin.py:188} INFO - Transform xong: {'dim_giang_vien': 45, 'dim_sinh_vien': 1695, 'dim_hoc_phan': 121, 'dim_thoi_gian': 9, 'fact_diem': 58001, 'fact_dang_ky': 58001, 'fact_ren_luyen': 9238, 'fact_tai_chinh': 9238}
[2026-04-06T09:04:44.877+0000] {python.py:201} INFO - Done. Returned value was: {'dim_giang_vien': 45, 'dim_sinh_vien': 1695, 'dim_hoc_phan': 121, 'dim_thoi_gian': 9, 'fact_diem': 58001, 'fact_dang_ky': 58001, 'fact_ren_luyen': 9238, 'fact_tai_chinh': 9238}
[2026-04-06T09:04:44.921+0000] {taskinstance.py:1138} INFO - Marking task as SUCCESS. dag_id=daily_student_pipeline, task_id=transform_data, execution_date=20260406T090427, start_date=20260406T090442, end_date=20260406T090444
[2026-04-06T09:04:44.991+0000] {local_task_job_runner.py:234} INFO - Task exited with return code 0
[2026-04-06T09:04:45.053+0000] {taskinstance.py:3280} INFO - 1 downstream tasks scheduled from follow-on schedule check
