[2026-05-02T06:01:08.556+0000] {taskinstance.py:1956} INFO - Dependencies all met for dep_context=non-requeueable deps ti=<TaskInstance: daily_student_pipeline.alert_success manual__2026-05-02T06:00:14.490714+00:00 [queued]>
[2026-05-02T06:01:08.564+0000] {taskinstance.py:1956} INFO - Dependencies all met for dep_context=requeueable deps ti=<TaskInstance: daily_student_pipeline.alert_success manual__2026-05-02T06:00:14.490714+00:00 [queued]>
[2026-05-02T06:01:08.565+0000] {taskinstance.py:2170} INFO - Starting attempt 1 of 1
[2026-05-02T06:01:08.577+0000] {taskinstance.py:2191} INFO - Executing <Task(PythonOperator): alert_success> on 2026-05-02 06:00:14.490714+00:00
[2026-05-02T06:01:08.581+0000] {standard_task_runner.py:60} INFO - Started process 432 to run task
[2026-05-02T06:01:08.584+0000] {standard_task_runner.py:87} INFO - Running: ['***', 'tasks', 'run', 'daily_student_pipeline', 'alert_success', 'manual__2026-05-02T06:00:14.490714+00:00', '--job-id', '651', '--raw', '--subdir', 'DAGS_FOLDER/daily_student_pipeline.py', '--cfg-path', '/tmp/tmpl68jnu96']
[2026-05-02T06:01:08.586+0000] {standard_task_runner.py:88} INFO - Job 651: Subtask alert_success
[2026-05-02T06:01:08.651+0000] {task_command.py:423} INFO - Running <TaskInstance: daily_student_pipeline.alert_success manual__2026-05-02T06:00:14.490714+00:00 [running]> on host 485f600440bc
[2026-05-02T06:01:08.736+0000] {taskinstance.py:2480} INFO - Exporting env vars: AIRFLOW_CTX_DAG_OWNER='nhom8' AIRFLOW_CTX_DAG_ID='daily_student_pipeline' AIRFLOW_CTX_TASK_ID='alert_success' AIRFLOW_CTX_EXECUTION_DATE='2026-05-02T06:00:14.490714+00:00' AIRFLOW_CTX_TRY_NUMBER='1' AIRFLOW_CTX_DAG_RUN_ID='manual__2026-05-02T06:00:14.490714+00:00'
[2026-05-02T06:01:08.770+0000] {logging_mixin.py:188} INFO - ==================================================
[2026-05-02T06:01:08.771+0000] {logging_mixin.py:188} INFO - ✅ Validation Summary | run_id: 2026-05-02_06-00
[2026-05-02T06:01:08.772+0000] {logging_mixin.py:188} INFO -    Status: PASSED
[2026-05-02T06:01:08.772+0000] {logging_mixin.py:188} INFO -    Evaluated: 51
[2026-05-02T06:01:08.774+0000] {logging_mixin.py:188} INFO -    Passed:    51
[2026-05-02T06:01:08.774+0000] {logging_mixin.py:188} INFO -    Failed:    0
[2026-05-02T06:01:08.775+0000] {logging_mixin.py:188} INFO - ==================================================
[2026-05-02T06:01:08.776+0000] {logging_mixin.py:188} INFO - 
  Records loaded:
[2026-05-02T06:01:08.776+0000] {logging_mixin.py:188} INFO -     dim_hoc_ky               :         13
[2026-05-02T06:01:08.777+0000] {logging_mixin.py:188} INFO -     dim_giang_vien           :         45
[2026-05-02T06:01:08.777+0000] {logging_mixin.py:188} INFO -     dim_hoc_phan             :        121
[2026-05-02T06:01:08.778+0000] {logging_mixin.py:188} INFO -     dim_sinh_vien            :          0
[2026-05-02T06:01:08.778+0000] {logging_mixin.py:188} INFO -     fact_hoc_tap             :     56,087
[2026-05-02T06:01:08.779+0000] {logging_mixin.py:188} INFO -     fact_dang_ky             :     56,515
[2026-05-02T06:01:08.779+0000] {logging_mixin.py:188} INFO -     fact_ctsv                :      9,766
[2026-05-02T06:01:08.780+0000] {logging_mixin.py:188} INFO -     fact_tai_chinh           :      9,766
[2026-05-02T06:01:08.781+0000] {logging_mixin.py:188} INFO -     agg_student_summary      :      1,695
[2026-05-02T06:01:08.781+0000] {logging_mixin.py:188} INFO -     TỔNG                     :    134,008
[2026-05-02T06:01:08.782+0000] {logging_mixin.py:188} INFO - ==================================================
[2026-05-02T06:01:08.789+0000] {python.py:201} INFO - Done. Returned value was: None
[2026-05-02T06:01:08.803+0000] {taskinstance.py:1138} INFO - Marking task as SUCCESS. dag_id=daily_student_pipeline, task_id=alert_success, execution_date=20260502T060014, start_date=20260502T060108, end_date=20260502T060108
[2026-05-02T06:01:08.819+0000] {local_task_job_runner.py:234} INFO - Task exited with return code 0
[2026-05-02T06:01:08.837+0000] {taskinstance.py:3280} INFO - 0 downstream tasks scheduled from follow-on schedule check
