[2026-05-02T05:40:19.964+0000] {taskinstance.py:1956} INFO - Dependencies all met for dep_context=non-requeueable deps ti=<TaskInstance: daily_student_pipeline.transform_data manual__2026-05-02T05:40:03.609119+00:00 [queued]>
[2026-05-02T05:40:19.975+0000] {taskinstance.py:1956} INFO - Dependencies all met for dep_context=requeueable deps ti=<TaskInstance: daily_student_pipeline.transform_data manual__2026-05-02T05:40:03.609119+00:00 [queued]>
[2026-05-02T05:40:19.976+0000] {taskinstance.py:2170} INFO - Starting attempt 1 of 1
[2026-05-02T05:40:19.991+0000] {taskinstance.py:2191} INFO - Executing <Task(PythonOperator): transform_data> on 2026-05-02 05:40:03.609119+00:00
[2026-05-02T05:40:19.996+0000] {standard_task_runner.py:60} INFO - Started process 18795 to run task
[2026-05-02T05:40:19.998+0000] {standard_task_runner.py:87} INFO - Running: ['***', 'tasks', 'run', 'daily_student_pipeline', 'transform_data', 'manual__2026-05-02T05:40:03.609119+00:00', '--job-id', '624', '--raw', '--subdir', 'DAGS_FOLDER/daily_student_pipeline.py', '--cfg-path', '/tmp/tmpx5t5543l']
[2026-05-02T05:40:20.013+0000] {standard_task_runner.py:88} INFO - Job 624: Subtask transform_data
[2026-05-02T05:40:20.102+0000] {task_command.py:423} INFO - Running <TaskInstance: daily_student_pipeline.transform_data manual__2026-05-02T05:40:03.609119+00:00 [running]> on host 485f600440bc
[2026-05-02T05:40:20.191+0000] {taskinstance.py:2480} INFO - Exporting env vars: AIRFLOW_CTX_DAG_OWNER='nhom8' AIRFLOW_CTX_DAG_ID='daily_student_pipeline' AIRFLOW_CTX_TASK_ID='transform_data' AIRFLOW_CTX_EXECUTION_DATE='2026-05-02T05:40:03.609119+00:00' AIRFLOW_CTX_TRY_NUMBER='1' AIRFLOW_CTX_DAG_RUN_ID='manual__2026-05-02T05:40:03.609119+00:00'
[2026-05-02T05:40:20.801+0000] {extract.py:510} INFO -   Load from MinIO staging: run_id=2026-05-02_05-40
[2026-05-02T05:40:20.827+0000] {minio_client.py:223} INFO -   MinIO ↓ [raw-data] 2026-05-02_05-40/nguon1_khoa.parquet (4 rows)
[2026-05-02T05:40:20.843+0000] {minio_client.py:223} INFO -   MinIO ↓ [raw-data] 2026-05-02_05-40/nguon1_nganh.parquet (3 rows)
[2026-05-02T05:40:20.856+0000] {minio_client.py:223} INFO -   MinIO ↓ [raw-data] 2026-05-02_05-40/nguon1_giang_vien.parquet (45 rows)
[2026-05-02T05:40:20.867+0000] {minio_client.py:223} INFO -   MinIO ↓ [raw-data] 2026-05-02_05-40/nguon1_lop_hanh_chinh.parquet (48 rows)
[2026-05-02T05:40:20.879+0000] {minio_client.py:223} INFO -   MinIO ↓ [raw-data] 2026-05-02_05-40/nguon1_sinh_vien.parquet (1,695 rows)
[2026-05-02T05:40:20.888+0000] {minio_client.py:223} INFO -   MinIO ↓ [raw-data] 2026-05-02_05-40/nguon1_hoc_phan.parquet (121 rows)
[2026-05-02T05:40:20.892+0000] {minio_client.py:229} WARNING -   MinIO không tìm thấy: 2026-05-02_05-40/nguon1_hoc_ky.parquet
[2026-05-02T05:40:20.897+0000] {minio_client.py:229} WARNING -   MinIO không tìm thấy: 2026-05-02_05-40/nguon1_dang_ky.parquet
[2026-05-02T05:40:20.900+0000] {minio_client.py:229} WARNING -   MinIO không tìm thấy: 2026-05-02_05-40/nguon1_diem.parquet
[2026-05-02T05:40:20.909+0000] {minio_client.py:223} INFO -   MinIO ↓ [raw-data] 2026-05-02_05-40/nguon1_tong_hop_ket_qua.parquet (1,695 rows)
[2026-05-02T05:40:20.920+0000] {minio_client.py:223} INFO -   MinIO ↓ [raw-data] 2026-05-02_05-40/nguon2_ctsv.parquet (10,068 rows)
[2026-05-02T05:40:20.932+0000] {minio_client.py:223} INFO -   MinIO ↓ [raw-data] 2026-05-02_05-40/nguon3_tai_chinh.parquet (9,769 rows)
[2026-05-02T05:40:20.933+0000] {extract.py:527} INFO -  Load from staging OK — run_id=2026-05-02_05-40
[2026-05-02T05:40:20.933+0000] {transform.py:75} INFO - ==BẮT ĐẦU TRANSFORM==
[2026-05-02T05:40:20.934+0000] {transform.py:76} INFO - ======================================================================
[2026-05-02T05:40:20.935+0000] {transform.py:80} INFO - ── Bước 1: Transform Dimension Tables ──
[2026-05-02T05:40:20.940+0000] {transform.py:213} INFO -   dim_giang_vien              →     45 records
[2026-05-02T05:40:20.943+0000] {transform.py:240} INFO -   dim_hoc_phan                →    121 records
[2026-05-02T05:40:20.954+0000] {transform.py:306} INFO -   dim_sinh_vien               →  1,695 records
[2026-05-02T05:40:20.954+0000] {transform.py:96} INFO - ── Bước 2: Transform Fact Tables ──
[2026-05-02T05:40:20.955+0000] {transform.py:317} WARNING -   fact_diem | Không có dữ liệu điểm hoặc đăng ký
[2026-05-02T05:40:20.956+0000] {transform.py:387} WARNING -   fact_dang_ky | Không có dữ liệu đăng ký
[2026-05-02T05:40:20.968+0000] {transform.py:445} INFO -   fact_ren_luyen              → 10,068 records
[2026-05-02T05:40:20.975+0000] {logging_mixin.py:188} WARNING - /opt/***/src/etl/transform.py:467 UserWarning: The argument 'infer_datetime_format' is deprecated and will be removed in a future version. A strict version of it is now the default, see https://pandas.pydata.org/pdeps/0004-consistent-to-datetime-parsing.html. You can safely remove this argument.
[2026-05-02T05:40:20.984+0000] {transform.py:485} INFO -   fact_tai_chinh              →  9,769 records
[2026-05-02T05:40:20.985+0000] {transform.py:108} INFO - ======================================================================
[2026-05-02T05:40:20.985+0000] {transform.py:109} INFO - TRANSFORM HOÀN TẤT
[2026-05-02T05:40:20.986+0000] {transform.py:111} INFO -    dim_giang_vien           :       45 records
[2026-05-02T05:40:20.987+0000] {transform.py:111} INFO -    dim_sinh_vien            :    1,695 records
[2026-05-02T05:40:20.987+0000] {transform.py:111} INFO -    dim_hoc_phan             :      121 records
[2026-05-02T05:40:20.988+0000] {transform.py:111} INFO -    dim_thoi_gian            :        0 records
[2026-05-02T05:40:20.988+0000] {transform.py:111} INFO -    fact_diem                :        0 records
[2026-05-02T05:40:20.988+0000] {transform.py:111} INFO -    fact_dang_ky             :        0 records
[2026-05-02T05:40:20.989+0000] {transform.py:111} INFO -    fact_ren_luyen           :   10,068 records
[2026-05-02T05:40:20.989+0000] {transform.py:111} INFO -    fact_tai_chinh           :    9,769 records
[2026-05-02T05:40:20.989+0000] {transform.py:112} INFO - ======================================================================
[2026-05-02T05:40:20.997+0000] {minio_client.py:120} WARNING -   MinIO skip (empty): dim_hoc_ky.parquet
[2026-05-02T05:40:21.009+0000] {minio_client.py:142} INFO -   MinIO ↑ [staging-data] 2026-05-02_05-40/dim_giang_vien.parquet (8.9 KB | 45 rows)
[2026-05-02T05:40:21.019+0000] {minio_client.py:142} INFO -   MinIO ↑ [staging-data] 2026-05-02_05-40/dim_hoc_phan.parquet (11.0 KB | 121 rows)
[2026-05-02T05:40:21.034+0000] {minio_client.py:142} INFO -   MinIO ↑ [staging-data] 2026-05-02_05-40/dim_sinh_vien.parquet (71.5 KB | 1,695 rows)
[2026-05-02T05:40:21.034+0000] {minio_client.py:120} WARNING -   MinIO skip (empty): fact_diem.parquet
[2026-05-02T05:40:21.035+0000] {minio_client.py:120} WARNING -   MinIO skip (empty): fact_dang_ky.parquet
[2026-05-02T05:40:21.050+0000] {minio_client.py:142} INFO -   MinIO ↑ [staging-data] 2026-05-02_05-40/fact_ren_luyen.parquet (43.5 KB | 10,068 rows)
[2026-05-02T05:40:21.065+0000] {minio_client.py:142} INFO -   MinIO ↑ [staging-data] 2026-05-02_05-40/fact_tai_chinh.parquet (93.1 KB | 9,769 rows)
[2026-05-02T05:40:21.066+0000] {transform.py:141} INFO -   MinIO staging-data: 8/8 files OK → run_id=2026-05-02_05-40
[2026-05-02T05:40:21.093+0000] {logging_mixin.py:188} INFO - Transform xong: {'dim_giang_vien': 45, 'dim_sinh_vien': 1695, 'dim_hoc_phan': 121, 'dim_thoi_gian': 0, 'fact_diem': 0, 'fact_dang_ky': 0, 'fact_ren_luyen': 10068, 'fact_tai_chinh': 9769}
[2026-05-02T05:40:21.095+0000] {python.py:201} INFO - Done. Returned value was: {'dim_giang_vien': 45, 'dim_sinh_vien': 1695, 'dim_hoc_phan': 121, 'dim_thoi_gian': 0, 'fact_diem': 0, 'fact_dang_ky': 0, 'fact_ren_luyen': 10068, 'fact_tai_chinh': 9769}
[2026-05-02T05:40:21.118+0000] {taskinstance.py:1138} INFO - Marking task as SUCCESS. dag_id=daily_student_pipeline, task_id=transform_data, execution_date=20260502T054003, start_date=20260502T054019, end_date=20260502T054021
[2026-05-02T05:40:21.143+0000] {local_task_job_runner.py:234} INFO - Task exited with return code 0
[2026-05-02T05:40:21.168+0000] {taskinstance.py:3280} INFO - 1 downstream tasks scheduled from follow-on schedule check
