[2026-05-01T02:15:21.823+0000] {taskinstance.py:1956} INFO - Dependencies all met for dep_context=non-requeueable deps ti=<TaskInstance: daily_student_pipeline.extract_group.extract_csv manual__2026-05-01T02:15:15.419040+00:00 [queued]>
[2026-05-01T02:15:21.834+0000] {taskinstance.py:1956} INFO - Dependencies all met for dep_context=requeueable deps ti=<TaskInstance: daily_student_pipeline.extract_group.extract_csv manual__2026-05-01T02:15:15.419040+00:00 [queued]>
[2026-05-01T02:15:21.835+0000] {taskinstance.py:2170} INFO - Starting attempt 1 of 1
[2026-05-01T02:15:21.865+0000] {taskinstance.py:2191} INFO - Executing <Task(PythonOperator): extract_group.extract_csv> on 2026-05-01 02:15:15.419040+00:00
[2026-05-01T02:15:21.872+0000] {standard_task_runner.py:60} INFO - Started process 1506 to run task
[2026-05-01T02:15:21.876+0000] {standard_task_runner.py:87} INFO - Running: ['***', 'tasks', 'run', 'daily_student_pipeline', 'extract_group.extract_csv', 'manual__2026-05-01T02:15:15.419040+00:00', '--job-id', '596', '--raw', '--subdir', 'DAGS_FOLDER/daily_student_pipeline.py', '--cfg-path', '/tmp/tmpaxxcnzu7']
[2026-05-01T02:15:21.879+0000] {standard_task_runner.py:88} INFO - Job 596: Subtask extract_group.extract_csv
[2026-05-01T02:15:21.958+0000] {task_command.py:423} INFO - Running <TaskInstance: daily_student_pipeline.extract_group.extract_csv manual__2026-05-01T02:15:15.419040+00:00 [running]> on host 485f600440bc
[2026-05-01T02:15:22.061+0000] {taskinstance.py:2480} INFO - Exporting env vars: AIRFLOW_CTX_DAG_OWNER='nhom8' AIRFLOW_CTX_DAG_ID='daily_student_pipeline' AIRFLOW_CTX_TASK_ID='extract_group.extract_csv' AIRFLOW_CTX_EXECUTION_DATE='2026-05-01T02:15:15.419040+00:00' AIRFLOW_CTX_TRY_NUMBER='1' AIRFLOW_CTX_DAG_RUN_ID='manual__2026-05-01T02:15:15.419040+00:00'
[2026-05-01T02:15:23.042+0000] {extract.py:195} INFO - ════════════════════════════════════════════════════════════
[2026-05-01T02:15:23.043+0000] {extract.py:196} INFO - NGUỒN 2 — CSV (Phòng CTSV) | Extract
[2026-05-01T02:15:23.044+0000] {extract.py:197} INFO - ════════════════════════════════════════════════════════════
[2026-05-01T02:15:23.058+0000] {extract.py:149} INFO -   CSV | Tìm thấy 14 file trong: /opt/***/data/csv
[2026-05-01T02:15:23.058+0000] {extract.py:201} INFO -   CSV | Đang đọc từ: /opt/***/data/csv
[2026-05-01T02:15:23.062+0000] {extract.py:211} INFO -   CSV | Tìm thấy 13 file(s)
[2026-05-01T02:15:23.230+0000] {extract.py:171} INFO -   CSV | ctsv_HK1_2021_22.csv                →    792 records
[2026-05-01T02:15:23.266+0000] {extract.py:171} INFO -   CSV | ctsv_HK1_2022_23.csv                →  1,593 records
[2026-05-01T02:15:23.321+0000] {extract.py:171} INFO -   CSV | ctsv_HK1_2023_24.csv                →  2,412 records
[2026-05-01T02:15:23.389+0000] {extract.py:171} INFO -   CSV | ctsv_HK1_2024_25.csv                →  3,229 records
[2026-05-01T02:15:23.421+0000] {extract.py:171} INFO -   CSV | ctsv_HK1_2025_26.csv                →  2,436 records
[2026-05-01T02:15:23.490+0000] {extract.py:171} INFO -   CSV | ctsv_HK2_2021_22.csv                →    790 records
[2026-05-01T02:15:23.518+0000] {extract.py:171} INFO -   CSV | ctsv_HK2_2022_23.csv                →  1,572 records
[2026-05-01T02:15:23.547+0000] {extract.py:171} INFO -   CSV | ctsv_HK2_2023_24.csv                →  2,396 records
[2026-05-01T02:15:23.597+0000] {extract.py:171} INFO -   CSV | ctsv_HK2_2024_25.csv                →  2,873 records
[2026-05-01T02:15:23.628+0000] {extract.py:171} INFO -   CSV | ctsv_HK3_2021_22.csv                →    130 records
[2026-05-01T02:15:23.652+0000] {extract.py:171} INFO -   CSV | ctsv_HK3_2022_23.csv                →    219 records
[2026-05-01T02:15:23.680+0000] {extract.py:171} INFO -   CSV | ctsv_HK3_2023_24.csv                →    446 records
[2026-05-01T02:15:23.704+0000] {extract.py:171} INFO -   CSV | ctsv_HK3_2024_25.csv                →    500 records
[2026-05-01T02:15:23.717+0000] {extract.py:228} INFO -   CSV | Loại bỏ 9426 bản ghi trùng
[2026-05-01T02:15:23.719+0000] {extract.py:230} INFO -   CSV | TỔNG: 9,962 records từ 13 file(s)
[2026-05-01T02:15:23.846+0000] {minio_client.py:142} INFO -   MinIO ↑ [raw-data] 2026-05-01_02-15/nguon2_ctsv.parquet (42.5 KB | 9,962 rows)
[2026-05-01T02:15:23.850+0000] {logging_mixin.py:188} INFO - [Extract CSV] 9,962 records | run_id=2026-05-01_02-15
[2026-05-01T02:15:23.851+0000] {python.py:201} INFO - Done. Returned value was: 9962
[2026-05-01T02:15:23.877+0000] {taskinstance.py:1138} INFO - Marking task as SUCCESS. dag_id=daily_student_pipeline, task_id=extract_group.extract_csv, execution_date=20260501T021515, start_date=20260501T021521, end_date=20260501T021523
[2026-05-01T02:15:23.903+0000] {local_task_job_runner.py:234} INFO - Task exited with return code 0
[2026-05-01T02:15:23.928+0000] {taskinstance.py:3280} INFO - 0 downstream tasks scheduled from follow-on schedule check
