[2026-04-18T14:04:01.375+0000] {taskinstance.py:1956} INFO - Dependencies all met for dep_context=non-requeueable deps ti=<TaskInstance: daily_student_pipeline.transform_data manual__2026-04-18T14:03:48.991246+00:00 [queued]>
[2026-04-18T14:04:01.383+0000] {taskinstance.py:1956} INFO - Dependencies all met for dep_context=requeueable deps ti=<TaskInstance: daily_student_pipeline.transform_data manual__2026-04-18T14:03:48.991246+00:00 [queued]>
[2026-04-18T14:04:01.383+0000] {taskinstance.py:2170} INFO - Starting attempt 1 of 1
[2026-04-18T14:04:01.396+0000] {taskinstance.py:2191} INFO - Executing <Task(PythonOperator): transform_data> on 2026-04-18 14:03:48.991246+00:00
[2026-04-18T14:04:01.400+0000] {standard_task_runner.py:60} INFO - Started process 614 to run task
[2026-04-18T14:04:01.403+0000] {standard_task_runner.py:87} INFO - Running: ['***', 'tasks', 'run', 'daily_student_pipeline', 'transform_data', 'manual__2026-04-18T14:03:48.991246+00:00', '--job-id', '314', '--raw', '--subdir', 'DAGS_FOLDER/daily_student_pipeline.py', '--cfg-path', '/tmp/tmp_au9o8pf']
[2026-04-18T14:04:01.406+0000] {standard_task_runner.py:88} INFO - Job 314: Subtask transform_data
[2026-04-18T14:04:01.502+0000] {task_command.py:423} INFO - Running <TaskInstance: daily_student_pipeline.transform_data manual__2026-04-18T14:03:48.991246+00:00 [running]> on host dc2680f839d5
[2026-04-18T14:04:01.602+0000] {taskinstance.py:2480} INFO - Exporting env vars: AIRFLOW_CTX_DAG_OWNER='nhom8' AIRFLOW_CTX_DAG_ID='daily_student_pipeline' AIRFLOW_CTX_TASK_ID='transform_data' AIRFLOW_CTX_EXECUTION_DATE='2026-04-18T14:03:48.991246+00:00' AIRFLOW_CTX_TRY_NUMBER='1' AIRFLOW_CTX_DAG_RUN_ID='manual__2026-04-18T14:03:48.991246+00:00'
[2026-04-18T14:04:02.249+0000] {logging_mixin.py:188} WARNING - [2026-04-18 14:04:02] INFO    etl.extract :   Load from MinIO staging: run_id=2026-04-18_14-03
[2026-04-18T14:04:02.249+0000] {extract.py:354} INFO -   Load from MinIO staging: run_id=2026-04-18_14-03
[2026-04-18T14:04:02.282+0000] {logging_mixin.py:188} WARNING - [2026-04-18 14:04:02] INFO    utils.minio :   MinIO ↓ [raw-data] 2026-04-18_14-03/nguon1_khoa.parquet (4 rows)
[2026-04-18T14:04:02.282+0000] {minio_client.py:223} INFO -   MinIO ↓ [raw-data] 2026-04-18_14-03/nguon1_khoa.parquet (4 rows)
[2026-04-18T14:04:02.298+0000] {logging_mixin.py:188} WARNING - [2026-04-18 14:04:02] INFO    utils.minio :   MinIO ↓ [raw-data] 2026-04-18_14-03/nguon1_nganh.parquet (3 rows)
[2026-04-18T14:04:02.298+0000] {minio_client.py:223} INFO -   MinIO ↓ [raw-data] 2026-04-18_14-03/nguon1_nganh.parquet (3 rows)
[2026-04-18T14:04:02.317+0000] {logging_mixin.py:188} WARNING - [2026-04-18 14:04:02] INFO    utils.minio :   MinIO ↓ [raw-data] 2026-04-18_14-03/nguon1_giang_vien.parquet (45 rows)
[2026-04-18T14:04:02.317+0000] {minio_client.py:223} INFO -   MinIO ↓ [raw-data] 2026-04-18_14-03/nguon1_giang_vien.parquet (45 rows)
[2026-04-18T14:04:02.329+0000] {logging_mixin.py:188} WARNING - [2026-04-18 14:04:02] INFO    utils.minio :   MinIO ↓ [raw-data] 2026-04-18_14-03/nguon1_lop_hanh_chinh.parquet (48 rows)
[2026-04-18T14:04:02.329+0000] {minio_client.py:223} INFO -   MinIO ↓ [raw-data] 2026-04-18_14-03/nguon1_lop_hanh_chinh.parquet (48 rows)
[2026-04-18T14:04:02.342+0000] {logging_mixin.py:188} WARNING - [2026-04-18 14:04:02] INFO    utils.minio :   MinIO ↓ [raw-data] 2026-04-18_14-03/nguon1_sinh_vien.parquet (1,695 rows)
[2026-04-18T14:04:02.342+0000] {minio_client.py:223} INFO -   MinIO ↓ [raw-data] 2026-04-18_14-03/nguon1_sinh_vien.parquet (1,695 rows)
[2026-04-18T14:04:02.356+0000] {logging_mixin.py:188} WARNING - [2026-04-18 14:04:02] INFO    utils.minio :   MinIO ↓ [raw-data] 2026-04-18_14-03/nguon1_hoc_phan.parquet (121 rows)
[2026-04-18T14:04:02.356+0000] {minio_client.py:223} INFO -   MinIO ↓ [raw-data] 2026-04-18_14-03/nguon1_hoc_phan.parquet (121 rows)
[2026-04-18T14:04:02.371+0000] {logging_mixin.py:188} WARNING - [2026-04-18 14:04:02] INFO    utils.minio :   MinIO ↓ [raw-data] 2026-04-18_14-03/nguon1_hoc_ky.parquet (9 rows)
[2026-04-18T14:04:02.371+0000] {minio_client.py:223} INFO -   MinIO ↓ [raw-data] 2026-04-18_14-03/nguon1_hoc_ky.parquet (9 rows)
[2026-04-18T14:04:02.391+0000] {logging_mixin.py:188} WARNING - [2026-04-18 14:04:02] INFO    utils.minio :   MinIO ↓ [raw-data] 2026-04-18_14-03/nguon1_dang_ky.parquet (58,001 rows)
[2026-04-18T14:04:02.391+0000] {minio_client.py:223} INFO -   MinIO ↓ [raw-data] 2026-04-18_14-03/nguon1_dang_ky.parquet (58,001 rows)
[2026-04-18T14:04:02.407+0000] {logging_mixin.py:188} WARNING - [2026-04-18 14:04:02] INFO    utils.minio :   MinIO ↓ [raw-data] 2026-04-18_14-03/nguon1_diem.parquet (58,001 rows)
[2026-04-18T14:04:02.407+0000] {minio_client.py:223} INFO -   MinIO ↓ [raw-data] 2026-04-18_14-03/nguon1_diem.parquet (58,001 rows)
[2026-04-18T14:04:02.418+0000] {logging_mixin.py:188} WARNING - [2026-04-18 14:04:02] INFO    utils.minio :   MinIO ↓ [raw-data] 2026-04-18_14-03/nguon1_tong_hop_ket_qua.parquet (1,695 rows)
[2026-04-18T14:04:02.418+0000] {minio_client.py:223} INFO -   MinIO ↓ [raw-data] 2026-04-18_14-03/nguon1_tong_hop_ket_qua.parquet (1,695 rows)
[2026-04-18T14:04:02.430+0000] {logging_mixin.py:188} WARNING - [2026-04-18 14:04:02] INFO    utils.minio :   MinIO ↓ [raw-data] 2026-04-18_14-03/nguon2_ctsv.parquet (9,238 rows)
[2026-04-18T14:04:02.430+0000] {minio_client.py:223} INFO -   MinIO ↓ [raw-data] 2026-04-18_14-03/nguon2_ctsv.parquet (9,238 rows)
[2026-04-18T14:04:02.441+0000] {logging_mixin.py:188} WARNING - [2026-04-18 14:04:02] INFO    utils.minio :   MinIO ↓ [raw-data] 2026-04-18_14-03/nguon3_tai_chinh.parquet (9,238 rows)
[2026-04-18T14:04:02.441+0000] {minio_client.py:223} INFO -   MinIO ↓ [raw-data] 2026-04-18_14-03/nguon3_tai_chinh.parquet (9,238 rows)
[2026-04-18T14:04:02.442+0000] {logging_mixin.py:188} WARNING - [2026-04-18 14:04:02] INFO    etl.extract :  Load from staging OK — run_id=2026-04-18_14-03
[2026-04-18T14:04:02.442+0000] {extract.py:371} INFO -  Load from staging OK — run_id=2026-04-18_14-03
[2026-04-18T14:04:02.444+0000] {logging_mixin.py:188} WARNING - [2026-04-18 14:04:02] INFO    etl.transform : ==BẮT ĐẦU TRANSFORM==
[2026-04-18T14:04:02.444+0000] {transform.py:75} INFO - ==BẮT ĐẦU TRANSFORM==
[2026-04-18T14:04:02.444+0000] {logging_mixin.py:188} WARNING - [2026-04-18 14:04:02] INFO    etl.transform : ======================================================================
[2026-04-18T14:04:02.444+0000] {transform.py:76} INFO - ======================================================================
[2026-04-18T14:04:02.447+0000] {logging_mixin.py:188} WARNING - [2026-04-18 14:04:02] INFO    etl.transform : ── Bước 1: Transform Dimension Tables ──
[2026-04-18T14:04:02.447+0000] {transform.py:80} INFO - ── Bước 1: Transform Dimension Tables ──
[2026-04-18T14:04:02.450+0000] {logging_mixin.py:188} WARNING - [2026-04-18 14:04:02] INFO    etl.transform :   dim_thoi_gian               →      9 records
[2026-04-18T14:04:02.450+0000] {transform.py:190} INFO -   dim_thoi_gian               →      9 records
[2026-04-18T14:04:02.457+0000] {logging_mixin.py:188} WARNING - [2026-04-18 14:04:02] INFO    etl.transform :   dim_giang_vien              →     45 records
[2026-04-18T14:04:02.457+0000] {transform.py:213} INFO -   dim_giang_vien              →     45 records
[2026-04-18T14:04:02.467+0000] {logging_mixin.py:188} WARNING - [2026-04-18 14:04:02] INFO    etl.transform :   dim_hoc_phan                →    121 records
[2026-04-18T14:04:02.467+0000] {transform.py:240} INFO -   dim_hoc_phan                →    121 records
[2026-04-18T14:04:02.492+0000] {logging_mixin.py:188} WARNING - [2026-04-18 14:04:02] INFO    etl.transform :   dim_sinh_vien               →  1,695 records
[2026-04-18T14:04:02.492+0000] {transform.py:306} INFO -   dim_sinh_vien               →  1,695 records
[2026-04-18T14:04:02.494+0000] {logging_mixin.py:188} WARNING - [2026-04-18 14:04:02] INFO    etl.transform : ── Bước 2: Transform Fact Tables ──
[2026-04-18T14:04:02.494+0000] {transform.py:96} INFO - ── Bước 2: Transform Fact Tables ──
[2026-04-18T14:04:02.568+0000] {logging_mixin.py:188} WARNING - [2026-04-18 14:04:02] INFO    etl.transform :   fact_diem                   → 58,001 records
[2026-04-18T14:04:02.568+0000] {transform.py:376} INFO -   fact_diem                   → 58,001 records
[2026-04-18T14:04:02.611+0000] {logging_mixin.py:188} WARNING - [2026-04-18 14:04:02] INFO    etl.transform :   fact_dang_ky               → 58,001 records
[2026-04-18T14:04:02.611+0000] {transform.py:413} INFO -   fact_dang_ky               → 58,001 records
[2026-04-18T14:04:02.623+0000] {logging_mixin.py:188} WARNING - [2026-04-18 14:04:02] INFO    etl.transform :   fact_ren_luyen              →  9,238 records
[2026-04-18T14:04:02.623+0000] {transform.py:445} INFO -   fact_ren_luyen              →  9,238 records
[2026-04-18T14:04:02.630+0000] {logging_mixin.py:188} WARNING - [2026-04-18 14:04:02] INFO    etl.transform :   fact_tai_chinh              →  9,238 records
[2026-04-18T14:04:02.630+0000] {transform.py:473} INFO -   fact_tai_chinh              →  9,238 records
[2026-04-18T14:04:02.631+0000] {logging_mixin.py:188} WARNING - [2026-04-18 14:04:02] INFO    etl.transform : ======================================================================
[2026-04-18T14:04:02.631+0000] {transform.py:108} INFO - ======================================================================
[2026-04-18T14:04:02.632+0000] {logging_mixin.py:188} WARNING - [2026-04-18 14:04:02] INFO    etl.transform : TRANSFORM HOÀN TẤT
[2026-04-18T14:04:02.632+0000] {transform.py:109} INFO - TRANSFORM HOÀN TẤT
[2026-04-18T14:04:02.633+0000] {logging_mixin.py:188} WARNING - [2026-04-18 14:04:02] INFO    etl.transform :    dim_giang_vien           :       45 records
[2026-04-18T14:04:02.633+0000] {transform.py:111} INFO -    dim_giang_vien           :       45 records
[2026-04-18T14:04:02.634+0000] {logging_mixin.py:188} WARNING - [2026-04-18 14:04:02] INFO    etl.transform :    dim_sinh_vien            :    1,695 records
[2026-04-18T14:04:02.634+0000] {transform.py:111} INFO -    dim_sinh_vien            :    1,695 records
[2026-04-18T14:04:02.636+0000] {logging_mixin.py:188} WARNING - [2026-04-18 14:04:02] INFO    etl.transform :    dim_hoc_phan             :      121 records
[2026-04-18T14:04:02.636+0000] {transform.py:111} INFO -    dim_hoc_phan             :      121 records
[2026-04-18T14:04:02.637+0000] {logging_mixin.py:188} WARNING - [2026-04-18 14:04:02] INFO    etl.transform :    dim_thoi_gian            :        9 records
[2026-04-18T14:04:02.637+0000] {transform.py:111} INFO -    dim_thoi_gian            :        9 records
[2026-04-18T14:04:02.638+0000] {logging_mixin.py:188} WARNING - [2026-04-18 14:04:02] INFO    etl.transform :    fact_diem                :   58,001 records
[2026-04-18T14:04:02.638+0000] {transform.py:111} INFO -    fact_diem                :   58,001 records
[2026-04-18T14:04:02.639+0000] {logging_mixin.py:188} WARNING - [2026-04-18 14:04:02] INFO    etl.transform :    fact_dang_ky             :   58,001 records
[2026-04-18T14:04:02.638+0000] {transform.py:111} INFO -    fact_dang_ky             :   58,001 records
[2026-04-18T14:04:02.639+0000] {logging_mixin.py:188} WARNING - [2026-04-18 14:04:02] INFO    etl.transform :    fact_ren_luyen           :    9,238 records
[2026-04-18T14:04:02.639+0000] {transform.py:111} INFO -    fact_ren_luyen           :    9,238 records
[2026-04-18T14:04:02.640+0000] {logging_mixin.py:188} WARNING - [2026-04-18 14:04:02] INFO    etl.transform :    fact_tai_chinh           :    9,238 records
[2026-04-18T14:04:02.640+0000] {transform.py:111} INFO -    fact_tai_chinh           :    9,238 records
[2026-04-18T14:04:02.641+0000] {logging_mixin.py:188} WARNING - [2026-04-18 14:04:02] INFO    etl.transform : ======================================================================
[2026-04-18T14:04:02.641+0000] {transform.py:112} INFO - ======================================================================
[2026-04-18T14:04:02.662+0000] {logging_mixin.py:188} WARNING - [2026-04-18 14:04:02] INFO    utils.minio :   MinIO ↑ [staging-data] 2026-04-18_14-04/dim_hoc_ky.parquet (5.3 KB | 9 rows)
[2026-04-18T14:04:02.662+0000] {minio_client.py:142} INFO -   MinIO ↑ [staging-data] 2026-04-18_14-04/dim_hoc_ky.parquet (5.3 KB | 9 rows)
[2026-04-18T14:04:02.674+0000] {logging_mixin.py:188} WARNING - [2026-04-18 14:04:02] INFO    utils.minio :   MinIO ↑ [staging-data] 2026-04-18_14-04/dim_giang_vien.parquet (8.9 KB | 45 rows)
[2026-04-18T14:04:02.674+0000] {minio_client.py:142} INFO -   MinIO ↑ [staging-data] 2026-04-18_14-04/dim_giang_vien.parquet (8.9 KB | 45 rows)
[2026-04-18T14:04:02.686+0000] {logging_mixin.py:188} WARNING - [2026-04-18 14:04:02] INFO    utils.minio :   MinIO ↑ [staging-data] 2026-04-18_14-04/dim_hoc_phan.parquet (11.0 KB | 121 rows)
[2026-04-18T14:04:02.686+0000] {minio_client.py:142} INFO -   MinIO ↑ [staging-data] 2026-04-18_14-04/dim_hoc_phan.parquet (11.0 KB | 121 rows)
[2026-04-18T14:04:02.702+0000] {logging_mixin.py:188} WARNING - [2026-04-18 14:04:02] INFO    utils.minio :   MinIO ↑ [staging-data] 2026-04-18_14-04/dim_sinh_vien.parquet (71.8 KB | 1,695 rows)
[2026-04-18T14:04:02.701+0000] {minio_client.py:142} INFO -   MinIO ↑ [staging-data] 2026-04-18_14-04/dim_sinh_vien.parquet (71.8 KB | 1,695 rows)
[2026-04-18T14:04:02.751+0000] {logging_mixin.py:188} WARNING - [2026-04-18 14:04:02] INFO    utils.minio :   MinIO ↑ [staging-data] 2026-04-18_14-04/fact_diem.parquet (880.7 KB | 58,001 rows)
[2026-04-18T14:04:02.751+0000] {minio_client.py:142} INFO -   MinIO ↑ [staging-data] 2026-04-18_14-04/fact_diem.parquet (880.7 KB | 58,001 rows)
[2026-04-18T14:04:02.788+0000] {logging_mixin.py:188} WARNING - [2026-04-18 14:04:02] INFO    utils.minio :   MinIO ↑ [staging-data] 2026-04-18_14-04/fact_dang_ky.parquet (493.4 KB | 58,001 rows)
[2026-04-18T14:04:02.788+0000] {minio_client.py:142} INFO -   MinIO ↑ [staging-data] 2026-04-18_14-04/fact_dang_ky.parquet (493.4 KB | 58,001 rows)
[2026-04-18T14:04:02.803+0000] {logging_mixin.py:188} WARNING - [2026-04-18 14:04:02] INFO    utils.minio :   MinIO ↑ [staging-data] 2026-04-18_14-04/fact_ren_luyen.parquet (39.7 KB | 9,238 rows)
[2026-04-18T14:04:02.803+0000] {minio_client.py:142} INFO -   MinIO ↑ [staging-data] 2026-04-18_14-04/fact_ren_luyen.parquet (39.7 KB | 9,238 rows)
[2026-04-18T14:04:02.820+0000] {logging_mixin.py:188} WARNING - [2026-04-18 14:04:02] INFO    utils.minio :   MinIO ↑ [staging-data] 2026-04-18_14-04/fact_tai_chinh.parquet (66.6 KB | 9,238 rows)
[2026-04-18T14:04:02.820+0000] {minio_client.py:142} INFO -   MinIO ↑ [staging-data] 2026-04-18_14-04/fact_tai_chinh.parquet (66.6 KB | 9,238 rows)
[2026-04-18T14:04:02.823+0000] {logging_mixin.py:188} WARNING - [2026-04-18 14:04:02] INFO    etl.transform :   MinIO staging-data: 8/8 files OK → run_id=2026-04-18_14-04
[2026-04-18T14:04:02.823+0000] {transform.py:141} INFO -   MinIO staging-data: 8/8 files OK → run_id=2026-04-18_14-04
[2026-04-18T14:04:02.862+0000] {logging_mixin.py:188} INFO - Transform xong: {'dim_giang_vien': 45, 'dim_sinh_vien': 1695, 'dim_hoc_phan': 121, 'dim_thoi_gian': 9, 'fact_diem': 58001, 'fact_dang_ky': 58001, 'fact_ren_luyen': 9238, 'fact_tai_chinh': 9238}
[2026-04-18T14:04:02.866+0000] {python.py:201} INFO - Done. Returned value was: {'dim_giang_vien': 45, 'dim_sinh_vien': 1695, 'dim_hoc_phan': 121, 'dim_thoi_gian': 9, 'fact_diem': 58001, 'fact_dang_ky': 58001, 'fact_ren_luyen': 9238, 'fact_tai_chinh': 9238}
[2026-04-18T14:04:02.895+0000] {taskinstance.py:1138} INFO - Marking task as SUCCESS. dag_id=daily_student_pipeline, task_id=transform_data, execution_date=20260418T140348, start_date=20260418T140401, end_date=20260418T140402
[2026-04-18T14:04:02.943+0000] {local_task_job_runner.py:234} INFO - Task exited with return code 0
[2026-04-18T14:04:02.976+0000] {taskinstance.py:3280} INFO - 1 downstream tasks scheduled from follow-on schedule check
