[2026-04-18T09:43:09.006+0000] {taskinstance.py:1956} INFO - Dependencies all met for dep_context=non-requeueable deps ti=<TaskInstance: daily_student_pipeline.load_data scheduled__2026-04-06T02:00:00+00:00 [queued]>
[2026-04-18T09:43:09.017+0000] {taskinstance.py:1956} INFO - Dependencies all met for dep_context=requeueable deps ti=<TaskInstance: daily_student_pipeline.load_data scheduled__2026-04-06T02:00:00+00:00 [queued]>
[2026-04-18T09:43:09.019+0000] {taskinstance.py:2170} INFO - Starting attempt 1 of 1
[2026-04-18T09:43:09.037+0000] {taskinstance.py:2191} INFO - Executing <Task(PythonOperator): load_data> on 2026-04-06 02:00:00+00:00
[2026-04-18T09:43:09.046+0000] {standard_task_runner.py:60} INFO - Started process 576 to run task
[2026-04-18T09:43:09.050+0000] {standard_task_runner.py:87} INFO - Running: ['***', 'tasks', 'run', 'daily_student_pipeline', 'load_data', 'scheduled__2026-04-06T02:00:00+00:00', '--job-id', '298', '--raw', '--subdir', 'DAGS_FOLDER/daily_student_pipeline.py', '--cfg-path', '/tmp/tmp8a0yw9pu']
[2026-04-18T09:43:09.053+0000] {standard_task_runner.py:88} INFO - Job 298: Subtask load_data
[2026-04-18T09:43:09.148+0000] {task_command.py:423} INFO - Running <TaskInstance: daily_student_pipeline.load_data scheduled__2026-04-06T02:00:00+00:00 [running]> on host 1c62953c8918
[2026-04-18T09:43:09.295+0000] {taskinstance.py:2480} INFO - Exporting env vars: AIRFLOW_CTX_DAG_OWNER='nhom8' AIRFLOW_CTX_DAG_ID='daily_student_pipeline' AIRFLOW_CTX_TASK_ID='load_data' AIRFLOW_CTX_EXECUTION_DATE='2026-04-06T02:00:00+00:00' AIRFLOW_CTX_TRY_NUMBER='1' AIRFLOW_CTX_DAG_RUN_ID='scheduled__2026-04-06T02:00:00+00:00'
[2026-04-18T09:43:10.298+0000] {logging_mixin.py:188} WARNING - [2026-04-18 09:43:10] INFO    etl.transform :   Load TransformedData từ MinIO staging: run_id=2026-04-18_09-43
[2026-04-18T09:43:10.298+0000] {transform.py:159} INFO -   Load TransformedData từ MinIO staging: run_id=2026-04-18_09-43
[2026-04-18T09:43:10.340+0000] {logging_mixin.py:188} WARNING - [2026-04-18 09:43:10] INFO    utils.minio :   MinIO ↓ [staging-data] 2026-04-18_09-43/dim_hoc_ky.parquet (9 rows)
[2026-04-18T09:43:10.340+0000] {minio_client.py:223} INFO -   MinIO ↓ [staging-data] 2026-04-18_09-43/dim_hoc_ky.parquet (9 rows)
[2026-04-18T09:43:10.356+0000] {logging_mixin.py:188} WARNING - [2026-04-18 09:43:10] INFO    utils.minio :   MinIO ↓ [staging-data] 2026-04-18_09-43/dim_giang_vien.parquet (45 rows)
[2026-04-18T09:43:10.356+0000] {minio_client.py:223} INFO -   MinIO ↓ [staging-data] 2026-04-18_09-43/dim_giang_vien.parquet (45 rows)
[2026-04-18T09:43:10.373+0000] {logging_mixin.py:188} WARNING - [2026-04-18 09:43:10] INFO    utils.minio :   MinIO ↓ [staging-data] 2026-04-18_09-43/dim_hoc_phan.parquet (121 rows)
[2026-04-18T09:43:10.373+0000] {minio_client.py:223} INFO -   MinIO ↓ [staging-data] 2026-04-18_09-43/dim_hoc_phan.parquet (121 rows)
[2026-04-18T09:43:10.394+0000] {logging_mixin.py:188} WARNING - [2026-04-18 09:43:10] INFO    utils.minio :   MinIO ↓ [staging-data] 2026-04-18_09-43/dim_sinh_vien.parquet (1,695 rows)
[2026-04-18T09:43:10.394+0000] {minio_client.py:223} INFO -   MinIO ↓ [staging-data] 2026-04-18_09-43/dim_sinh_vien.parquet (1,695 rows)
[2026-04-18T09:43:10.426+0000] {logging_mixin.py:188} WARNING - [2026-04-18 09:43:10] INFO    utils.minio :   MinIO ↓ [staging-data] 2026-04-18_09-43/fact_diem.parquet (58,001 rows)
[2026-04-18T09:43:10.426+0000] {minio_client.py:223} INFO -   MinIO ↓ [staging-data] 2026-04-18_09-43/fact_diem.parquet (58,001 rows)
[2026-04-18T09:43:10.445+0000] {logging_mixin.py:188} WARNING - [2026-04-18 09:43:10] INFO    utils.minio :   MinIO ↓ [staging-data] 2026-04-18_09-43/fact_dang_ky.parquet (58,001 rows)
[2026-04-18T09:43:10.445+0000] {minio_client.py:223} INFO -   MinIO ↓ [staging-data] 2026-04-18_09-43/fact_dang_ky.parquet (58,001 rows)
[2026-04-18T09:43:10.459+0000] {logging_mixin.py:188} WARNING - [2026-04-18 09:43:10] INFO    utils.minio :   MinIO ↓ [staging-data] 2026-04-18_09-43/fact_ren_luyen.parquet (9,238 rows)
[2026-04-18T09:43:10.459+0000] {minio_client.py:223} INFO -   MinIO ↓ [staging-data] 2026-04-18_09-43/fact_ren_luyen.parquet (9,238 rows)
[2026-04-18T09:43:10.476+0000] {logging_mixin.py:188} WARNING - [2026-04-18 09:43:10] INFO    utils.minio :   MinIO ↓ [staging-data] 2026-04-18_09-43/fact_tai_chinh.parquet (9,238 rows)
[2026-04-18T09:43:10.475+0000] {minio_client.py:223} INFO -   MinIO ↓ [staging-data] 2026-04-18_09-43/fact_tai_chinh.parquet (9,238 rows)
[2026-04-18T09:43:10.477+0000] {logging_mixin.py:188} WARNING - [2026-04-18 09:43:10] INFO    etl.transform : Load from staging-data OK — run_id=2026-04-18_09-43
[2026-04-18T09:43:10.477+0000] {transform.py:172} INFO - Load from staging-data OK — run_id=2026-04-18_09-43
[2026-04-18T09:43:10.479+0000] {logging_mixin.py:188} WARNING - [2026-04-18 09:43:10] INFO    etl.load : ==BẮT ĐẦU LOAD VÀO DATA WAREHOUSE==
[2026-04-18T09:43:10.478+0000] {load.py:39} INFO - ==BẮT ĐẦU LOAD VÀO DATA WAREHOUSE==
[2026-04-18T09:43:10.479+0000] {logging_mixin.py:188} WARNING - [2026-04-18 09:43:10] INFO    etl.load : ======================================================================
[2026-04-18T09:43:10.479+0000] {load.py:40} INFO - ======================================================================
[2026-04-18T09:43:10.480+0000] {logging_mixin.py:188} WARNING - [2026-04-18 09:43:10] INFO    etl.load : Tạo schema warehouse từ warehouse_models.py...
[2026-04-18T09:43:10.480+0000] {load.py:109} INFO - Tạo schema warehouse từ warehouse_models.py...
[2026-04-18T09:43:10.505+0000] {logging_mixin.py:188} WARNING - [2026-04-18 09:43:10] INFO    etl.load :   Schema warehouse OK
[2026-04-18T09:43:10.505+0000] {load.py:111} INFO -   Schema warehouse OK
[2026-04-18T09:43:10.507+0000] {logging_mixin.py:188} WARNING - [2026-04-18 09:43:10] INFO    etl.load : ── Bước 1: Load Dimension Tables ──
[2026-04-18T09:43:10.507+0000] {load.py:45} INFO - ── Bước 1: Load Dimension Tables ──
[2026-04-18T09:43:10.541+0000] {logging_mixin.py:188} WARNING - [2026-04-18 09:43:10] INFO    etl.load :   dim_hoc_ky     →      9 records (new: 0)
[2026-04-18T09:43:10.541+0000] {load.py:200} INFO -   dim_hoc_ky     →      9 records (new: 0)
[2026-04-18T09:43:10.572+0000] {logging_mixin.py:188} WARNING - [2026-04-18 09:43:10] INFO    etl.load :   dim_giang_vien →     45 records (new: 0)
[2026-04-18T09:43:10.571+0000] {load.py:250} INFO -   dim_giang_vien →     45 records (new: 0)
[2026-04-18T09:43:10.647+0000] {logging_mixin.py:188} WARNING - [2026-04-18 09:43:10] INFO    etl.load :   dim_hoc_phan   →    121 records (new: 0)
[2026-04-18T09:43:10.647+0000] {load.py:298} INFO -   dim_hoc_phan   →    121 records (new: 0)
[2026-04-18T09:43:13.230+0000] {logging_mixin.py:188} WARNING - [2026-04-18 09:43:13] INFO    etl.load :   dim_sinh_vien →  1,695 records (new: 0, SCD2: 0, fact cascade: 0)
[2026-04-18T09:43:13.230+0000] {load.py:407} INFO -   dim_sinh_vien →  1,695 records (new: 0, SCD2: 0, fact cascade: 0)
[2026-04-18T09:43:13.231+0000] {logging_mixin.py:188} WARNING - [2026-04-18 09:43:13] INFO    etl.load : ── Bước 2: Build Surrogate Key Cache ──
[2026-04-18T09:43:13.231+0000] {load.py:51} INFO - ── Bước 2: Build Surrogate Key Cache ──
[2026-04-18T09:43:13.232+0000] {logging_mixin.py:188} WARNING - [2026-04-18 09:43:13] INFO    etl.load : Building surrogate key caches...
[2026-04-18T09:43:13.232+0000] {load.py:114} INFO - Building surrogate key caches...
[2026-04-18T09:43:13.249+0000] {logging_mixin.py:188} WARNING - [2026-04-18 09:43:13] INFO    etl.load :   SV=1695, HP=121, GV=45, HK=9
[2026-04-18T09:43:13.249+0000] {load.py:142} INFO -   SV=1695, HP=121, GV=45, HK=9
[2026-04-18T09:43:13.251+0000] {logging_mixin.py:188} WARNING - [2026-04-18 09:43:13] INFO    etl.load : ── Bước 3: Load Fact Tables ──
[2026-04-18T09:43:13.251+0000] {load.py:54} INFO - ── Bước 3: Load Fact Tables ──
[2026-04-18T09:44:47.418+0000] {logging_mixin.py:188} WARNING - [2026-04-18 09:44:47] INFO    etl.load :   fact_hoc_tap   →      0 records
[2026-04-18T09:44:47.418+0000] {load.py:546} INFO -   fact_hoc_tap   →      0 records
[2026-04-18T09:45:48.798+0000] {logging_mixin.py:188} WARNING - [2026-04-18 09:45:48] INFO    etl.load :   fact_dang_ky   →      0 records
[2026-04-18T09:45:48.798+0000] {load.py:616} INFO -   fact_dang_ky   →      0 records
[2026-04-18T09:45:57.349+0000] {logging_mixin.py:188} WARNING - [2026-04-18 09:45:57] INFO    etl.load :   fact_ctsv      →      0 records
[2026-04-18T09:45:57.349+0000] {load.py:729} INFO -   fact_ctsv      →      0 records
[2026-04-18T09:46:07.677+0000] {logging_mixin.py:188} WARNING - [2026-04-18 09:46:07] INFO    etl.load :   fact_tai_chinh →      0 records
[2026-04-18T09:46:07.677+0000] {load.py:790} INFO -   fact_tai_chinh →      0 records
[2026-04-18T09:46:07.679+0000] {logging_mixin.py:188} WARNING - [2026-04-18 09:46:07] INFO    etl.load : ── Bước 4: Build Aggregation ──
[2026-04-18T09:46:07.679+0000] {load.py:61} INFO - ── Bước 4: Build Aggregation ──
[2026-04-18T09:46:07.680+0000] {logging_mixin.py:188} WARNING - [2026-04-18 09:46:07] INFO    etl.aggregation : == BẮT ĐẦU AGGREGATION ==
[2026-04-18T09:46:07.680+0000] {aggregation.py:13} INFO - == BẮT ĐẦU AGGREGATION ==
[2026-04-18T09:46:07.857+0000] {logging_mixin.py:188} WARNING - [2026-04-18 09:46:07] INFO    etl.aggregation :   agg_student_summary → 1,695 records
[2026-04-18T09:46:07.857+0000] {aggregation.py:190} INFO -   agg_student_summary → 1,695 records
[2026-04-18T09:46:07.859+0000] {logging_mixin.py:188} WARNING - [2026-04-18 09:46:07] INFO    etl.aggregation :   agg_student_summary rebuilt : 1,695
[2026-04-18T09:46:07.859+0000] {aggregation.py:15} INFO -   agg_student_summary rebuilt : 1,695
[2026-04-18T09:46:07.860+0000] {logging_mixin.py:188} WARNING - [2026-04-18 09:46:07] INFO    etl.aggregation : == AGGREGATION HOÀN TẤT ==
[2026-04-18T09:46:07.860+0000] {aggregation.py:16} INFO - == AGGREGATION HOÀN TẤT ==
[2026-04-18T09:46:07.860+0000] {logging_mixin.py:188} WARNING - [2026-04-18 09:46:07] INFO    etl.load : ======================================================================
[2026-04-18T09:46:07.860+0000] {load.py:65} INFO - ======================================================================
[2026-04-18T09:46:07.861+0000] {logging_mixin.py:188} WARNING - [2026-04-18 09:46:07] INFO    etl.load : LOAD HOÀN TẤT
[2026-04-18T09:46:07.861+0000] {load.py:66} INFO - LOAD HOÀN TẤT
[2026-04-18T09:46:07.861+0000] {logging_mixin.py:188} WARNING - [2026-04-18 09:46:07] INFO    etl.load :   dim_hoc_ky               :        9 records
[2026-04-18T09:46:07.861+0000] {load.py:69} INFO -   dim_hoc_ky               :        9 records
[2026-04-18T09:46:07.862+0000] {logging_mixin.py:188} WARNING - [2026-04-18 09:46:07] INFO    etl.load :   dim_giang_vien           :       45 records
[2026-04-18T09:46:07.862+0000] {load.py:69} INFO -   dim_giang_vien           :       45 records
[2026-04-18T09:46:07.863+0000] {logging_mixin.py:188} WARNING - [2026-04-18 09:46:07] INFO    etl.load :   dim_hoc_phan             :      121 records
[2026-04-18T09:46:07.863+0000] {load.py:69} INFO -   dim_hoc_phan             :      121 records
[2026-04-18T09:46:07.864+0000] {logging_mixin.py:188} WARNING - [2026-04-18 09:46:07] INFO    etl.load :   dim_sinh_vien            :        0 records
[2026-04-18T09:46:07.864+0000] {load.py:69} INFO -   dim_sinh_vien            :        0 records
[2026-04-18T09:46:07.864+0000] {logging_mixin.py:188} WARNING - [2026-04-18 09:46:07] INFO    etl.load :   fact_hoc_tap             :        0 records
[2026-04-18T09:46:07.864+0000] {load.py:69} INFO -   fact_hoc_tap             :        0 records
[2026-04-18T09:46:07.865+0000] {logging_mixin.py:188} WARNING - [2026-04-18 09:46:07] INFO    etl.load :   fact_dang_ky             :        0 records
[2026-04-18T09:46:07.865+0000] {load.py:69} INFO -   fact_dang_ky             :        0 records
[2026-04-18T09:46:07.865+0000] {logging_mixin.py:188} WARNING - [2026-04-18 09:46:07] INFO    etl.load :   fact_ctsv                :        0 records
[2026-04-18T09:46:07.865+0000] {load.py:69} INFO -   fact_ctsv                :        0 records
[2026-04-18T09:46:07.866+0000] {logging_mixin.py:188} WARNING - [2026-04-18 09:46:07] INFO    etl.load :   fact_tai_chinh           :        0 records
[2026-04-18T09:46:07.866+0000] {load.py:69} INFO -   fact_tai_chinh           :        0 records
[2026-04-18T09:46:07.867+0000] {logging_mixin.py:188} WARNING - [2026-04-18 09:46:07] INFO    etl.load :   agg_student_summary      :    1,695 records
[2026-04-18T09:46:07.867+0000] {load.py:69} INFO -   agg_student_summary      :    1,695 records
[2026-04-18T09:46:07.868+0000] {logging_mixin.py:188} WARNING - [2026-04-18 09:46:07] INFO    etl.load :   TỔNG                     :    1,870 records
[2026-04-18T09:46:07.868+0000] {load.py:71} INFO -   TỔNG                     :    1,870 records
[2026-04-18T09:46:07.868+0000] {logging_mixin.py:188} WARNING - [2026-04-18 09:46:07] INFO    etl.load : ======================================================================
[2026-04-18T09:46:07.868+0000] {load.py:72} INFO - ======================================================================
[2026-04-18T09:46:07.883+0000] {logging_mixin.py:188} INFO - Load xong: {'dim_hoc_ky': 9, 'dim_giang_vien': 45, 'dim_hoc_phan': 121, 'dim_sinh_vien': 0, 'fact_hoc_tap': 0, 'fact_dang_ky': 0, 'fact_ctsv': 0, 'fact_tai_chinh': 0, 'agg_student_summary': 1695}
[2026-04-18T09:46:07.888+0000] {python.py:201} INFO - Done. Returned value was: {'dim_hoc_ky': 9, 'dim_giang_vien': 45, 'dim_hoc_phan': 121, 'dim_sinh_vien': 0, 'fact_hoc_tap': 0, 'fact_dang_ky': 0, 'fact_ctsv': 0, 'fact_tai_chinh': 0, 'agg_student_summary': 1695}
[2026-04-18T09:46:07.916+0000] {taskinstance.py:1138} INFO - Marking task as SUCCESS. dag_id=daily_student_pipeline, task_id=load_data, execution_date=20260406T020000, start_date=20260418T094309, end_date=20260418T094607
[2026-04-18T09:46:08.009+0000] {local_task_job_runner.py:234} INFO - Task exited with return code 0
[2026-04-18T09:46:08.075+0000] {taskinstance.py:3280} INFO - 1 downstream tasks scheduled from follow-on schedule check
