[2026-04-27T14:52:08.865+0000] {taskinstance.py:1956} INFO - Dependencies all met for dep_context=non-requeueable deps ti=<TaskInstance: daily_student_pipeline.transform_data manual__2026-04-27T14:51:37.887983+00:00 [queued]>
[2026-04-27T14:52:08.874+0000] {taskinstance.py:1956} INFO - Dependencies all met for dep_context=requeueable deps ti=<TaskInstance: daily_student_pipeline.transform_data manual__2026-04-27T14:51:37.887983+00:00 [queued]>
[2026-04-27T14:52:08.875+0000] {taskinstance.py:2170} INFO - Starting attempt 1 of 1
[2026-04-27T14:52:08.889+0000] {taskinstance.py:2191} INFO - Executing <Task(PythonOperator): transform_data> on 2026-04-27 14:51:37.887983+00:00
[2026-04-27T14:52:08.893+0000] {standard_task_runner.py:60} INFO - Started process 23912 to run task
[2026-04-27T14:52:08.896+0000] {standard_task_runner.py:87} INFO - Running: ['***', 'tasks', 'run', 'daily_student_pipeline', 'transform_data', 'manual__2026-04-27T14:51:37.887983+00:00', '--job-id', '535', '--raw', '--subdir', 'DAGS_FOLDER/daily_student_pipeline.py', '--cfg-path', '/tmp/tmp1fsskg8s']
[2026-04-27T14:52:08.898+0000] {standard_task_runner.py:88} INFO - Job 535: Subtask transform_data
[2026-04-27T14:52:08.968+0000] {task_command.py:423} INFO - Running <TaskInstance: daily_student_pipeline.transform_data manual__2026-04-27T14:51:37.887983+00:00 [running]> on host 759b8b5e27b5
[2026-04-27T14:52:09.053+0000] {taskinstance.py:2480} INFO - Exporting env vars: AIRFLOW_CTX_DAG_OWNER='nhom8' AIRFLOW_CTX_DAG_ID='daily_student_pipeline' AIRFLOW_CTX_TASK_ID='transform_data' AIRFLOW_CTX_EXECUTION_DATE='2026-04-27T14:51:37.887983+00:00' AIRFLOW_CTX_TRY_NUMBER='1' AIRFLOW_CTX_DAG_RUN_ID='manual__2026-04-27T14:51:37.887983+00:00'
[2026-04-27T14:52:09.746+0000] {minio_client.py:283} INFO -   MinIO run mới nhất: 2026-04-27_14-51
[2026-04-27T14:52:09.746+0000] {extract.py:502} INFO -   Load from MinIO staging: run_id=2026-04-27_14-51
[2026-04-27T14:52:09.772+0000] {minio_client.py:223} INFO -   MinIO ↓ [raw-data] 2026-04-27_14-51/nguon1_khoa.parquet (4 rows)
[2026-04-27T14:52:09.782+0000] {minio_client.py:223} INFO -   MinIO ↓ [raw-data] 2026-04-27_14-51/nguon1_nganh.parquet (3 rows)
[2026-04-27T14:52:09.794+0000] {minio_client.py:223} INFO -   MinIO ↓ [raw-data] 2026-04-27_14-51/nguon1_giang_vien.parquet (45 rows)
[2026-04-27T14:52:09.805+0000] {minio_client.py:223} INFO -   MinIO ↓ [raw-data] 2026-04-27_14-51/nguon1_lop_hanh_chinh.parquet (48 rows)
[2026-04-27T14:52:09.818+0000] {minio_client.py:223} INFO -   MinIO ↓ [raw-data] 2026-04-27_14-51/nguon1_sinh_vien.parquet (1,695 rows)
[2026-04-27T14:52:09.829+0000] {minio_client.py:223} INFO -   MinIO ↓ [raw-data] 2026-04-27_14-51/nguon1_hoc_phan.parquet (121 rows)
[2026-04-27T14:52:09.835+0000] {minio_client.py:229} WARNING -   MinIO không tìm thấy: 2026-04-27_14-51/nguon1_hoc_ky.parquet
[2026-04-27T14:52:09.841+0000] {minio_client.py:229} WARNING -   MinIO không tìm thấy: 2026-04-27_14-51/nguon1_dang_ky.parquet
[2026-04-27T14:52:09.845+0000] {minio_client.py:229} WARNING -   MinIO không tìm thấy: 2026-04-27_14-51/nguon1_diem.parquet
[2026-04-27T14:52:09.854+0000] {minio_client.py:223} INFO -   MinIO ↓ [raw-data] 2026-04-27_14-51/nguon1_tong_hop_ket_qua.parquet (1,695 rows)
[2026-04-27T14:52:09.865+0000] {minio_client.py:223} INFO -   MinIO ↓ [raw-data] 2026-04-27_14-51/nguon2_ctsv.parquet (9,962 rows)
[2026-04-27T14:52:09.876+0000] {minio_client.py:223} INFO -   MinIO ↓ [raw-data] 2026-04-27_14-51/nguon3_tai_chinh.parquet (9,670 rows)
[2026-04-27T14:52:09.876+0000] {extract.py:519} INFO -  Load from staging OK — run_id=2026-04-27_14-51
[2026-04-27T14:52:09.877+0000] {transform.py:75} INFO - ==BẮT ĐẦU TRANSFORM==
[2026-04-27T14:52:09.877+0000] {transform.py:76} INFO - ======================================================================
[2026-04-27T14:52:09.879+0000] {transform.py:80} INFO - ── Bước 1: Transform Dimension Tables ──
[2026-04-27T14:52:09.883+0000] {transform.py:213} INFO -   dim_giang_vien              →     45 records
[2026-04-27T14:52:09.886+0000] {transform.py:240} INFO -   dim_hoc_phan                →    121 records
[2026-04-27T14:52:09.898+0000] {transform.py:306} INFO -   dim_sinh_vien               →  1,695 records
[2026-04-27T14:52:09.899+0000] {transform.py:96} INFO - ── Bước 2: Transform Fact Tables ──
[2026-04-27T14:52:09.900+0000] {transform.py:317} WARNING -   fact_diem | Không có dữ liệu điểm hoặc đăng ký
[2026-04-27T14:52:09.901+0000] {transform.py:387} WARNING -   fact_dang_ky | Không có dữ liệu đăng ký
[2026-04-27T14:52:09.912+0000] {transform.py:445} INFO -   fact_ren_luyen              →  9,962 records
[2026-04-27T14:52:09.920+0000] {logging_mixin.py:188} WARNING - /opt/***/src/etl/transform.py:467 UserWarning: The argument 'infer_datetime_format' is deprecated and will be removed in a future version. A strict version of it is now the default, see https://pandas.pydata.org/pdeps/0004-consistent-to-datetime-parsing.html. You can safely remove this argument.
[2026-04-27T14:52:09.926+0000] {transform.py:485} INFO -   fact_tai_chinh              →  9,670 records
[2026-04-27T14:52:09.926+0000] {transform.py:108} INFO - ======================================================================
[2026-04-27T14:52:09.927+0000] {transform.py:109} INFO - TRANSFORM HOÀN TẤT
[2026-04-27T14:52:09.928+0000] {transform.py:111} INFO -    dim_giang_vien           :       45 records
[2026-04-27T14:52:09.928+0000] {transform.py:111} INFO -    dim_sinh_vien            :    1,695 records
[2026-04-27T14:52:09.929+0000] {transform.py:111} INFO -    dim_hoc_phan             :      121 records
[2026-04-27T14:52:09.930+0000] {transform.py:111} INFO -    dim_thoi_gian            :        0 records
[2026-04-27T14:52:09.930+0000] {transform.py:111} INFO -    fact_diem                :        0 records
[2026-04-27T14:52:09.931+0000] {transform.py:111} INFO -    fact_dang_ky             :        0 records
[2026-04-27T14:52:09.932+0000] {transform.py:111} INFO -    fact_ren_luyen           :    9,962 records
[2026-04-27T14:52:09.932+0000] {transform.py:111} INFO -    fact_tai_chinh           :    9,670 records
[2026-04-27T14:52:09.933+0000] {transform.py:112} INFO - ======================================================================
[2026-04-27T14:52:09.941+0000] {minio_client.py:120} WARNING -   MinIO skip (empty): dim_hoc_ky.parquet
[2026-04-27T14:52:09.953+0000] {minio_client.py:142} INFO -   MinIO ↑ [staging-data] 2026-04-27_14-52/dim_giang_vien.parquet (8.9 KB | 45 rows)
[2026-04-27T14:52:09.963+0000] {minio_client.py:142} INFO -   MinIO ↑ [staging-data] 2026-04-27_14-52/dim_hoc_phan.parquet (11.0 KB | 121 rows)
[2026-04-27T14:52:09.977+0000] {minio_client.py:142} INFO -   MinIO ↑ [staging-data] 2026-04-27_14-52/dim_sinh_vien.parquet (71.6 KB | 1,695 rows)
[2026-04-27T14:52:09.977+0000] {minio_client.py:120} WARNING -   MinIO skip (empty): fact_diem.parquet
[2026-04-27T14:52:09.978+0000] {minio_client.py:120} WARNING -   MinIO skip (empty): fact_dang_ky.parquet
[2026-04-27T14:52:09.994+0000] {minio_client.py:142} INFO -   MinIO ↑ [staging-data] 2026-04-27_14-52/fact_ren_luyen.parquet (42.0 KB | 9,962 rows)
[2026-04-27T14:52:10.012+0000] {minio_client.py:142} INFO -   MinIO ↑ [staging-data] 2026-04-27_14-52/fact_tai_chinh.parquet (88.7 KB | 9,670 rows)
[2026-04-27T14:52:10.013+0000] {transform.py:141} INFO -   MinIO staging-data: 8/8 files OK → run_id=2026-04-27_14-52
[2026-04-27T14:52:10.041+0000] {logging_mixin.py:188} INFO - Transform xong: {'dim_giang_vien': 45, 'dim_sinh_vien': 1695, 'dim_hoc_phan': 121, 'dim_thoi_gian': 0, 'fact_diem': 0, 'fact_dang_ky': 0, 'fact_ren_luyen': 9962, 'fact_tai_chinh': 9670}
[2026-04-27T14:52:10.042+0000] {python.py:201} INFO - Done. Returned value was: {'dim_giang_vien': 45, 'dim_sinh_vien': 1695, 'dim_hoc_phan': 121, 'dim_thoi_gian': 0, 'fact_diem': 0, 'fact_dang_ky': 0, 'fact_ren_luyen': 9962, 'fact_tai_chinh': 9670}
[2026-04-27T14:52:10.065+0000] {taskinstance.py:1138} INFO - Marking task as SUCCESS. dag_id=daily_student_pipeline, task_id=transform_data, execution_date=20260427T145137, start_date=20260427T145208, end_date=20260427T145210
[2026-04-27T14:52:10.112+0000] {local_task_job_runner.py:234} INFO - Task exited with return code 0
[2026-04-27T14:52:10.137+0000] {taskinstance.py:3280} INFO - 1 downstream tasks scheduled from follow-on schedule check
