[2026-03-26T09:09:16.354+0000] {taskinstance.py:1956} INFO - Dependencies all met for dep_context=non-requeueable deps ti=<TaskInstance: daily_student_pipeline.extract_data manual__2026-03-26T09:09:13.641242+00:00 [queued]>
[2026-03-26T09:09:16.362+0000] {taskinstance.py:1956} INFO - Dependencies all met for dep_context=requeueable deps ti=<TaskInstance: daily_student_pipeline.extract_data manual__2026-03-26T09:09:13.641242+00:00 [queued]>
[2026-03-26T09:09:16.363+0000] {taskinstance.py:2170} INFO - Starting attempt 1 of 1
[2026-03-26T09:09:16.375+0000] {taskinstance.py:2191} INFO - Executing <Task(PythonOperator): extract_data> on 2026-03-26 09:09:13.641242+00:00
[2026-03-26T09:09:16.379+0000] {standard_task_runner.py:60} INFO - Started process 187 to run task
[2026-03-26T09:09:16.384+0000] {standard_task_runner.py:87} INFO - Running: ['***', 'tasks', 'run', 'daily_student_pipeline', 'extract_data', 'manual__2026-03-26T09:09:13.641242+00:00', '--job-id', '62', '--raw', '--subdir', 'DAGS_FOLDER/daily_student_pipeline.py', '--cfg-path', '/tmp/tmpm55pna9l']
[2026-03-26T09:09:16.387+0000] {standard_task_runner.py:88} INFO - Job 62: Subtask extract_data
[2026-03-26T09:09:16.462+0000] {task_command.py:423} INFO - Running <TaskInstance: daily_student_pipeline.extract_data manual__2026-03-26T09:09:13.641242+00:00 [running]> on host 44ca04dda286
[2026-03-26T09:09:16.550+0000] {taskinstance.py:2480} INFO - Exporting env vars: AIRFLOW_CTX_DAG_OWNER='nhom8' AIRFLOW_CTX_DAG_ID='daily_student_pipeline' AIRFLOW_CTX_TASK_ID='extract_data' AIRFLOW_CTX_EXECUTION_DATE='2026-03-26T09:09:13.641242+00:00' AIRFLOW_CTX_TRY_NUMBER='1' AIRFLOW_CTX_DAG_RUN_ID='manual__2026-03-26T09:09:13.641242+00:00'
[2026-03-26T09:09:17.399+0000] {logging_mixin.py:188} WARNING - [2026-03-26 09:09:17] INFO    etl.extract : 🚀 BẮT ĐẦU FULL EXTRACT
[2026-03-26T09:09:17.399+0000] {extract.py:356} INFO - 🚀 BẮT ĐẦU FULL EXTRACT
[2026-03-26T09:09:17.401+0000] {logging_mixin.py:188} WARNING - [2026-03-26 09:09:17] INFO    etl.extract : ======================================================================
[2026-03-26T09:09:17.401+0000] {extract.py:357} INFO - ======================================================================
[2026-03-26T09:09:17.412+0000] {logging_mixin.py:188} WARNING - [2026-03-26 09:09:17] INFO    etl.extract : ════════════════════════════════════════════════════════════
[2026-03-26T09:09:17.412+0000] {extract.py:120} INFO - ════════════════════════════════════════════════════════════
[2026-03-26T09:09:17.413+0000] {logging_mixin.py:188} WARNING - [2026-03-26 09:09:17] INFO    etl.extract : NGUỒN 1 — PostgreSQL (Phòng Đào tạo) | Full Extract
[2026-03-26T09:09:17.413+0000] {extract.py:121} INFO - NGUỒN 1 — PostgreSQL (Phòng Đào tạo) | Full Extract
[2026-03-26T09:09:17.413+0000] {logging_mixin.py:188} WARNING - [2026-03-26 09:09:17] INFO    etl.extract : ════════════════════════════════════════════════════════════
[2026-03-26T09:09:17.413+0000] {extract.py:122} INFO - ════════════════════════════════════════════════════════════
[2026-03-26T09:09:17.419+0000] {logging_mixin.py:188} WARNING - [2026-03-26 09:09:17] ERROR   etl.extract :   PostgreSQL | Lỗi đọc 'khoa': (psycopg2.OperationalError) connection to server at "localhost" (::1), port 5434 failed: Connection refused
	Is the server running on that host and accepting TCP/IP connections?
connection to server at "localhost" (127.0.0.1), port 5434 failed: Connection refused
	Is the server running on that host and accepting TCP/IP connections?

(Background on this error at: https://sqlalche.me/e/14/e3q8)
[2026-03-26T09:09:17.419+0000] {extract.py:101} ERROR -   PostgreSQL | Lỗi đọc 'khoa': (psycopg2.OperationalError) connection to server at "localhost" (::1), port 5434 failed: Connection refused
	Is the server running on that host and accepting TCP/IP connections?
connection to server at "localhost" (127.0.0.1), port 5434 failed: Connection refused
	Is the server running on that host and accepting TCP/IP connections?

(Background on this error at: https://sqlalche.me/e/14/e3q8)
[2026-03-26T09:09:17.421+0000] {logging_mixin.py:188} WARNING - [2026-03-26 09:09:17] ERROR   etl.extract :   PostgreSQL | Lỗi đọc 'nganh': (psycopg2.OperationalError) connection to server at "localhost" (::1), port 5434 failed: Connection refused
	Is the server running on that host and accepting TCP/IP connections?
connection to server at "localhost" (127.0.0.1), port 5434 failed: Connection refused
	Is the server running on that host and accepting TCP/IP connections?

(Background on this error at: https://sqlalche.me/e/14/e3q8)
[2026-03-26T09:09:17.421+0000] {extract.py:101} ERROR -   PostgreSQL | Lỗi đọc 'nganh': (psycopg2.OperationalError) connection to server at "localhost" (::1), port 5434 failed: Connection refused
	Is the server running on that host and accepting TCP/IP connections?
connection to server at "localhost" (127.0.0.1), port 5434 failed: Connection refused
	Is the server running on that host and accepting TCP/IP connections?

(Background on this error at: https://sqlalche.me/e/14/e3q8)
[2026-03-26T09:09:17.423+0000] {logging_mixin.py:188} WARNING - [2026-03-26 09:09:17] ERROR   etl.extract :   PostgreSQL | Lỗi đọc 'giang_vien': (psycopg2.OperationalError) connection to server at "localhost" (::1), port 5434 failed: Connection refused
	Is the server running on that host and accepting TCP/IP connections?
connection to server at "localhost" (127.0.0.1), port 5434 failed: Connection refused
	Is the server running on that host and accepting TCP/IP connections?

(Background on this error at: https://sqlalche.me/e/14/e3q8)
[2026-03-26T09:09:17.423+0000] {extract.py:101} ERROR -   PostgreSQL | Lỗi đọc 'giang_vien': (psycopg2.OperationalError) connection to server at "localhost" (::1), port 5434 failed: Connection refused
	Is the server running on that host and accepting TCP/IP connections?
connection to server at "localhost" (127.0.0.1), port 5434 failed: Connection refused
	Is the server running on that host and accepting TCP/IP connections?

(Background on this error at: https://sqlalche.me/e/14/e3q8)
[2026-03-26T09:09:17.425+0000] {logging_mixin.py:188} WARNING - [2026-03-26 09:09:17] ERROR   etl.extract :   PostgreSQL | Lỗi đọc 'lop_hanh_chinh': (psycopg2.OperationalError) connection to server at "localhost" (::1), port 5434 failed: Connection refused
	Is the server running on that host and accepting TCP/IP connections?
connection to server at "localhost" (127.0.0.1), port 5434 failed: Connection refused
	Is the server running on that host and accepting TCP/IP connections?

(Background on this error at: https://sqlalche.me/e/14/e3q8)
[2026-03-26T09:09:17.425+0000] {extract.py:101} ERROR -   PostgreSQL | Lỗi đọc 'lop_hanh_chinh': (psycopg2.OperationalError) connection to server at "localhost" (::1), port 5434 failed: Connection refused
	Is the server running on that host and accepting TCP/IP connections?
connection to server at "localhost" (127.0.0.1), port 5434 failed: Connection refused
	Is the server running on that host and accepting TCP/IP connections?

(Background on this error at: https://sqlalche.me/e/14/e3q8)
[2026-03-26T09:09:17.426+0000] {logging_mixin.py:188} WARNING - [2026-03-26 09:09:17] ERROR   etl.extract :   PostgreSQL | Lỗi đọc 'sinh_vien': (psycopg2.OperationalError) connection to server at "localhost" (::1), port 5434 failed: Connection refused
	Is the server running on that host and accepting TCP/IP connections?
connection to server at "localhost" (127.0.0.1), port 5434 failed: Connection refused
	Is the server running on that host and accepting TCP/IP connections?

(Background on this error at: https://sqlalche.me/e/14/e3q8)
[2026-03-26T09:09:17.426+0000] {extract.py:101} ERROR -   PostgreSQL | Lỗi đọc 'sinh_vien': (psycopg2.OperationalError) connection to server at "localhost" (::1), port 5434 failed: Connection refused
	Is the server running on that host and accepting TCP/IP connections?
connection to server at "localhost" (127.0.0.1), port 5434 failed: Connection refused
	Is the server running on that host and accepting TCP/IP connections?

(Background on this error at: https://sqlalche.me/e/14/e3q8)
[2026-03-26T09:09:17.427+0000] {logging_mixin.py:188} WARNING - [2026-03-26 09:09:17] ERROR   etl.extract :   PostgreSQL | Lỗi đọc 'hoc_phan': (psycopg2.OperationalError) connection to server at "localhost" (::1), port 5434 failed: Connection refused
	Is the server running on that host and accepting TCP/IP connections?
connection to server at "localhost" (127.0.0.1), port 5434 failed: Connection refused
	Is the server running on that host and accepting TCP/IP connections?

(Background on this error at: https://sqlalche.me/e/14/e3q8)
[2026-03-26T09:09:17.427+0000] {extract.py:101} ERROR -   PostgreSQL | Lỗi đọc 'hoc_phan': (psycopg2.OperationalError) connection to server at "localhost" (::1), port 5434 failed: Connection refused
	Is the server running on that host and accepting TCP/IP connections?
connection to server at "localhost" (127.0.0.1), port 5434 failed: Connection refused
	Is the server running on that host and accepting TCP/IP connections?

(Background on this error at: https://sqlalche.me/e/14/e3q8)
[2026-03-26T09:09:17.429+0000] {logging_mixin.py:188} WARNING - [2026-03-26 09:09:17] ERROR   etl.extract :   PostgreSQL | Lỗi đọc 'hoc_ky_nam_hoc': (psycopg2.OperationalError) connection to server at "localhost" (::1), port 5434 failed: Connection refused
	Is the server running on that host and accepting TCP/IP connections?
connection to server at "localhost" (127.0.0.1), port 5434 failed: Connection refused
	Is the server running on that host and accepting TCP/IP connections?

(Background on this error at: https://sqlalche.me/e/14/e3q8)
[2026-03-26T09:09:17.429+0000] {extract.py:101} ERROR -   PostgreSQL | Lỗi đọc 'hoc_ky_nam_hoc': (psycopg2.OperationalError) connection to server at "localhost" (::1), port 5434 failed: Connection refused
	Is the server running on that host and accepting TCP/IP connections?
connection to server at "localhost" (127.0.0.1), port 5434 failed: Connection refused
	Is the server running on that host and accepting TCP/IP connections?

(Background on this error at: https://sqlalche.me/e/14/e3q8)
[2026-03-26T09:09:17.430+0000] {logging_mixin.py:188} WARNING - [2026-03-26 09:09:17] ERROR   etl.extract :   PostgreSQL | Lỗi đọc 'dang_ky_hoc_phan': (psycopg2.OperationalError) connection to server at "localhost" (::1), port 5434 failed: Connection refused
	Is the server running on that host and accepting TCP/IP connections?
connection to server at "localhost" (127.0.0.1), port 5434 failed: Connection refused
	Is the server running on that host and accepting TCP/IP connections?

(Background on this error at: https://sqlalche.me/e/14/e3q8)
[2026-03-26T09:09:17.430+0000] {extract.py:101} ERROR -   PostgreSQL | Lỗi đọc 'dang_ky_hoc_phan': (psycopg2.OperationalError) connection to server at "localhost" (::1), port 5434 failed: Connection refused
	Is the server running on that host and accepting TCP/IP connections?
connection to server at "localhost" (127.0.0.1), port 5434 failed: Connection refused
	Is the server running on that host and accepting TCP/IP connections?

(Background on this error at: https://sqlalche.me/e/14/e3q8)
[2026-03-26T09:09:17.432+0000] {logging_mixin.py:188} WARNING - [2026-03-26 09:09:17] ERROR   etl.extract :   PostgreSQL | Lỗi đọc 'diem_hoc_phan': (psycopg2.OperationalError) connection to server at "localhost" (::1), port 5434 failed: Connection refused
	Is the server running on that host and accepting TCP/IP connections?
connection to server at "localhost" (127.0.0.1), port 5434 failed: Connection refused
	Is the server running on that host and accepting TCP/IP connections?

(Background on this error at: https://sqlalche.me/e/14/e3q8)
[2026-03-26T09:09:17.432+0000] {extract.py:101} ERROR -   PostgreSQL | Lỗi đọc 'diem_hoc_phan': (psycopg2.OperationalError) connection to server at "localhost" (::1), port 5434 failed: Connection refused
	Is the server running on that host and accepting TCP/IP connections?
connection to server at "localhost" (127.0.0.1), port 5434 failed: Connection refused
	Is the server running on that host and accepting TCP/IP connections?

(Background on this error at: https://sqlalche.me/e/14/e3q8)
[2026-03-26T09:09:17.433+0000] {logging_mixin.py:188} WARNING - [2026-03-26 09:09:17] ERROR   etl.extract :   PostgreSQL | Lỗi đọc 'tong_hop_ket_qua': (psycopg2.OperationalError) connection to server at "localhost" (::1), port 5434 failed: Connection refused
	Is the server running on that host and accepting TCP/IP connections?
connection to server at "localhost" (127.0.0.1), port 5434 failed: Connection refused
	Is the server running on that host and accepting TCP/IP connections?

(Background on this error at: https://sqlalche.me/e/14/e3q8)
[2026-03-26T09:09:17.433+0000] {extract.py:101} ERROR -   PostgreSQL | Lỗi đọc 'tong_hop_ket_qua': (psycopg2.OperationalError) connection to server at "localhost" (::1), port 5434 failed: Connection refused
	Is the server running on that host and accepting TCP/IP connections?
connection to server at "localhost" (127.0.0.1), port 5434 failed: Connection refused
	Is the server running on that host and accepting TCP/IP connections?

(Background on this error at: https://sqlalche.me/e/14/e3q8)
[2026-03-26T09:09:17.434+0000] {logging_mixin.py:188} WARNING - [2026-03-26 09:09:17] INFO    etl.extract :   PostgreSQL | TỔNG: 0 records từ 10 bảng
[2026-03-26T09:09:17.434+0000] {extract.py:129} INFO -   PostgreSQL | TỔNG: 0 records từ 10 bảng
[2026-03-26T09:09:17.434+0000] {logging_mixin.py:188} WARNING - [2026-03-26 09:09:17] INFO    etl.extract : ════════════════════════════════════════════════════════════
[2026-03-26T09:09:17.434+0000] {extract.py:215} INFO - ════════════════════════════════════════════════════════════
[2026-03-26T09:09:17.435+0000] {logging_mixin.py:188} WARNING - [2026-03-26 09:09:17] INFO    etl.extract : NGUỒN 2 — CSV (Phòng CTSV) | Extract
[2026-03-26T09:09:17.435+0000] {extract.py:216} INFO - NGUỒN 2 — CSV (Phòng CTSV) | Extract
[2026-03-26T09:09:17.436+0000] {logging_mixin.py:188} WARNING - [2026-03-26 09:09:17] INFO    etl.extract : ════════════════════════════════════════════════════════════
[2026-03-26T09:09:17.436+0000] {extract.py:217} INFO - ════════════════════════════════════════════════════════════
[2026-03-26T09:09:17.439+0000] {logging_mixin.py:188} WARNING - [2026-03-26 09:09:17] INFO    etl.extract :   CSV | Tìm thấy 9 file(s)
[2026-03-26T09:09:17.439+0000] {extract.py:227} INFO -   CSV | Tìm thấy 9 file(s)
[2026-03-26T09:09:17.571+0000] {logging_mixin.py:188} WARNING - [2026-03-26 09:09:17] INFO    etl.extract :   CSV | ctsv_HK1_2021_22.csv                →    390 records
[2026-03-26T09:09:17.571+0000] {extract.py:190} INFO -   CSV | ctsv_HK1_2021_22.csv                →    390 records
[2026-03-26T09:09:17.592+0000] {logging_mixin.py:188} WARNING - [2026-03-26 09:09:17] INFO    etl.extract :   CSV | ctsv_HK1_2022_23.csv                →    810 records
[2026-03-26T09:09:17.592+0000] {extract.py:190} INFO -   CSV | ctsv_HK1_2022_23.csv                →    810 records
[2026-03-26T09:09:17.638+0000] {logging_mixin.py:188} WARNING - [2026-03-26 09:09:17] INFO    etl.extract :   CSV | ctsv_HK1_2023_24.csv                →  1,245 records
[2026-03-26T09:09:17.638+0000] {extract.py:190} INFO -   CSV | ctsv_HK1_2023_24.csv                →  1,245 records
[2026-03-26T09:09:17.702+0000] {logging_mixin.py:188} WARNING - [2026-03-26 09:09:17] INFO    etl.extract :   CSV | ctsv_HK1_2024_25.csv                →  1,580 records
[2026-03-26T09:09:17.702+0000] {extract.py:190} INFO -   CSV | ctsv_HK1_2024_25.csv                →  1,580 records
[2026-03-26T09:09:17.735+0000] {logging_mixin.py:188} WARNING - [2026-03-26 09:09:17] INFO    etl.extract :   CSV | ctsv_HK1_2025_26.csv                →    125 records
[2026-03-26T09:09:17.735+0000] {extract.py:190} INFO -   CSV | ctsv_HK1_2025_26.csv                →    125 records
[2026-03-26T09:09:17.922+0000] {logging_mixin.py:188} WARNING - [2026-03-26 09:09:17] INFO    etl.extract :   CSV | ctsv_HK2_2021_22.csv                →    390 records
[2026-03-26T09:09:17.922+0000] {extract.py:190} INFO -   CSV | ctsv_HK2_2021_22.csv                →    390 records
[2026-03-26T09:09:17.948+0000] {logging_mixin.py:188} WARNING - [2026-03-26 09:09:17] INFO    etl.extract :   CSV | ctsv_HK2_2022_23.csv                →    810 records
[2026-03-26T09:09:17.948+0000] {extract.py:190} INFO -   CSV | ctsv_HK2_2022_23.csv                →    810 records
[2026-03-26T09:09:17.993+0000] {logging_mixin.py:188} WARNING - [2026-03-26 09:09:17] INFO    etl.extract :   CSV | ctsv_HK2_2023_24.csv                →  1,245 records
[2026-03-26T09:09:17.993+0000] {extract.py:190} INFO -   CSV | ctsv_HK2_2023_24.csv                →  1,245 records
[2026-03-26T09:09:18.018+0000] {logging_mixin.py:188} WARNING - [2026-03-26 09:09:18] INFO    etl.extract :   CSV | ctsv_HK2_2024_25.csv                →  1,361 records
[2026-03-26T09:09:18.017+0000] {extract.py:190} INFO -   CSV | ctsv_HK2_2024_25.csv                →  1,361 records
[2026-03-26T09:09:18.029+0000] {logging_mixin.py:188} WARNING - [2026-03-26 09:09:18] INFO    etl.extract :   CSV | TỔNG: 7,956 records từ 9 file(s)
[2026-03-26T09:09:18.029+0000] {extract.py:247} INFO -   CSV | TỔNG: 7,956 records từ 9 file(s)
[2026-03-26T09:09:33.188+0000] {logging_mixin.py:188} WARNING - [2026-03-26 09:09:33] WARNING etl.extract :   MinIO staging thất bại (pipeline vẫn tiếp tục): Could not connect to the endpoint URL: "http://localhost:9000/raw-data"
[2026-03-26T09:09:33.187+0000] {extract.py:451} WARNING -   MinIO staging thất bại (pipeline vẫn tiếp tục): Could not connect to the endpoint URL: "http://localhost:9000/raw-data"
[2026-03-26T09:09:33.190+0000] {logging_mixin.py:188} WARNING - [2026-03-26 09:09:33] INFO    etl.extract : ======================================================================
[2026-03-26T09:09:33.190+0000] {extract.py:383} INFO - ======================================================================
[2026-03-26T09:09:33.192+0000] {logging_mixin.py:188} WARNING - [2026-03-26 09:09:33] INFO    etl.extract : ✅ FULL EXTRACT HOÀN TẤT
[2026-03-26T09:09:33.192+0000] {extract.py:384} INFO - ✅ FULL EXTRACT HOÀN TẤT
[2026-03-26T09:09:33.194+0000] {logging_mixin.py:188} WARNING - [2026-03-26 09:09:33] INFO    etl.extract :    khoa                     :        0
[2026-03-26T09:09:33.194+0000] {extract.py:386} INFO -    khoa                     :        0
[2026-03-26T09:09:33.195+0000] {logging_mixin.py:188} WARNING - [2026-03-26 09:09:33] INFO    etl.extract :    nganh                    :        0
[2026-03-26T09:09:33.195+0000] {extract.py:386} INFO -    nganh                    :        0
[2026-03-26T09:09:33.196+0000] {logging_mixin.py:188} WARNING - [2026-03-26 09:09:33] INFO    etl.extract :    giang_vien               :        0
[2026-03-26T09:09:33.196+0000] {extract.py:386} INFO -    giang_vien               :        0
[2026-03-26T09:09:33.198+0000] {logging_mixin.py:188} WARNING - [2026-03-26 09:09:33] INFO    etl.extract :    lop_hanh_chinh           :        0
[2026-03-26T09:09:33.198+0000] {extract.py:386} INFO -    lop_hanh_chinh           :        0
[2026-03-26T09:09:33.199+0000] {logging_mixin.py:188} WARNING - [2026-03-26 09:09:33] INFO    etl.extract :    sinh_vien                :        0
[2026-03-26T09:09:33.199+0000] {extract.py:386} INFO -    sinh_vien                :        0
[2026-03-26T09:09:33.200+0000] {logging_mixin.py:188} WARNING - [2026-03-26 09:09:33] INFO    etl.extract :    hoc_phan                 :        0
[2026-03-26T09:09:33.200+0000] {extract.py:386} INFO -    hoc_phan                 :        0
[2026-03-26T09:09:33.201+0000] {logging_mixin.py:188} WARNING - [2026-03-26 09:09:33] INFO    etl.extract :    hoc_ky_nam_hoc           :        0
[2026-03-26T09:09:33.201+0000] {extract.py:386} INFO -    hoc_ky_nam_hoc           :        0
[2026-03-26T09:09:33.202+0000] {logging_mixin.py:188} WARNING - [2026-03-26 09:09:33] INFO    etl.extract :    dang_ky_hoc_phan         :        0
[2026-03-26T09:09:33.202+0000] {extract.py:386} INFO -    dang_ky_hoc_phan         :        0
[2026-03-26T09:09:33.202+0000] {logging_mixin.py:188} WARNING - [2026-03-26 09:09:33] INFO    etl.extract :    diem_hoc_phan            :        0
[2026-03-26T09:09:33.202+0000] {extract.py:386} INFO -    diem_hoc_phan            :        0
[2026-03-26T09:09:33.204+0000] {logging_mixin.py:188} WARNING - [2026-03-26 09:09:33] INFO    etl.extract :    tong_hop_ket_qua         :        0
[2026-03-26T09:09:33.204+0000] {extract.py:386} INFO -    tong_hop_ket_qua         :        0
[2026-03-26T09:09:33.205+0000] {logging_mixin.py:188} WARNING - [2026-03-26 09:09:33] INFO    etl.extract :    ctsv_data                :    7,956
[2026-03-26T09:09:33.204+0000] {extract.py:386} INFO -    ctsv_data                :    7,956
[2026-03-26T09:09:33.205+0000] {logging_mixin.py:188} WARNING - [2026-03-26 09:09:33] INFO    etl.extract :    tai_chinh_data           :        0
[2026-03-26T09:09:33.205+0000] {extract.py:386} INFO -    tai_chinh_data           :        0
[2026-03-26T09:09:33.206+0000] {logging_mixin.py:188} WARNING - [2026-03-26 09:09:33] INFO    etl.extract : ======================================================================
[2026-03-26T09:09:33.206+0000] {extract.py:387} INFO - ======================================================================
[2026-03-26T09:09:33.246+0000] {logging_mixin.py:188} INFO - Extract xong: {'khoa': 0, 'nganh': 0, 'giang_vien': 0, 'lop_hanh_chinh': 0, 'sinh_vien': 0, 'hoc_phan': 0, 'hoc_ky_nam_hoc': 0, 'dang_ky_hoc_phan': 0, 'diem_hoc_phan': 0, 'tong_hop_ket_qua': 0, 'ctsv_data': 7956, 'tai_chinh_data': 0}
[2026-03-26T09:09:33.249+0000] {python.py:201} INFO - Done. Returned value was: {'khoa': 0, 'nganh': 0, 'giang_vien': 0, 'lop_hanh_chinh': 0, 'sinh_vien': 0, 'hoc_phan': 0, 'hoc_ky_nam_hoc': 0, 'dang_ky_hoc_phan': 0, 'diem_hoc_phan': 0, 'tong_hop_ket_qua': 0, 'ctsv_data': 7956, 'tai_chinh_data': 0}
[2026-03-26T09:09:33.283+0000] {taskinstance.py:1138} INFO - Marking task as SUCCESS. dag_id=daily_student_pipeline, task_id=extract_data, execution_date=20260326T090913, start_date=20260326T090916, end_date=20260326T090933
[2026-03-26T09:09:33.332+0000] {local_task_job_runner.py:234} INFO - Task exited with return code 0
[2026-03-26T09:09:33.360+0000] {taskinstance.py:3280} INFO - 0 downstream tasks scheduled from follow-on schedule check
