[2026-04-18T13:05:57.769+0000] {taskinstance.py:1956} INFO - Dependencies all met for dep_context=non-requeueable deps ti=<TaskInstance: daily_student_pipeline.alert_success manual__2026-04-18T13:05:15.894153+00:00 [queued]>
[2026-04-18T13:05:57.777+0000] {taskinstance.py:1956} INFO - Dependencies all met for dep_context=requeueable deps ti=<TaskInstance: daily_student_pipeline.alert_success manual__2026-04-18T13:05:15.894153+00:00 [queued]>
[2026-04-18T13:05:57.778+0000] {taskinstance.py:2170} INFO - Starting attempt 1 of 1
[2026-04-18T13:05:57.789+0000] {taskinstance.py:2191} INFO - Executing <Task(PythonOperator): alert_success> on 2026-04-18 13:05:15.894153+00:00
[2026-04-18T13:05:57.793+0000] {standard_task_runner.py:60} INFO - Started process 951 to run task
[2026-04-18T13:05:57.795+0000] {standard_task_runner.py:87} INFO - Running: ['***', 'tasks', 'run', 'daily_student_pipeline', 'alert_success', 'manual__2026-04-18T13:05:15.894153+00:00', '--job-id', '306', '--raw', '--subdir', 'DAGS_FOLDER/daily_student_pipeline.py', '--cfg-path', '/tmp/tmplc4o320a']
[2026-04-18T13:05:57.797+0000] {standard_task_runner.py:88} INFO - Job 306: Subtask alert_success
[2026-04-18T13:05:57.877+0000] {task_command.py:423} INFO - Running <TaskInstance: daily_student_pipeline.alert_success manual__2026-04-18T13:05:15.894153+00:00 [running]> on host 341217d1a330
[2026-04-18T13:05:57.970+0000] {taskinstance.py:2480} INFO - Exporting env vars: AIRFLOW_CTX_DAG_OWNER='nhom8' AIRFLOW_CTX_DAG_ID='daily_student_pipeline' AIRFLOW_CTX_TASK_ID='alert_success' AIRFLOW_CTX_EXECUTION_DATE='2026-04-18T13:05:15.894153+00:00' AIRFLOW_CTX_TRY_NUMBER='1' AIRFLOW_CTX_DAG_RUN_ID='manual__2026-04-18T13:05:15.894153+00:00'
[2026-04-18T13:05:57.984+0000] {logging_mixin.py:188} INFO - ==================================================
[2026-04-18T13:05:57.985+0000] {logging_mixin.py:188} INFO - ✅ Validation Summary | run_id: 2026-04-18_13-05
[2026-04-18T13:05:57.985+0000] {logging_mixin.py:188} INFO -    Status: PASSED
[2026-04-18T13:05:57.986+0000] {logging_mixin.py:188} INFO -    Evaluated: 51
[2026-04-18T13:05:57.986+0000] {logging_mixin.py:188} INFO -    Passed:    51
[2026-04-18T13:05:57.987+0000] {logging_mixin.py:188} INFO -    Failed:    0
[2026-04-18T13:05:57.987+0000] {logging_mixin.py:188} INFO - ==================================================
[2026-04-18T13:05:57.987+0000] {python.py:201} INFO - Done. Returned value was: None
[2026-04-18T13:05:57.999+0000] {taskinstance.py:1138} INFO - Marking task as SUCCESS. dag_id=daily_student_pipeline, task_id=alert_success, execution_date=20260418T130515, start_date=20260418T130557, end_date=20260418T130557
[2026-04-18T13:05:58.048+0000] {local_task_job_runner.py:234} INFO - Task exited with return code 0
[2026-04-18T13:05:58.067+0000] {taskinstance.py:3280} INFO - 0 downstream tasks scheduled from follow-on schedule check
