[2026-04-06T11:03:41.158+0000] {taskinstance.py:1956} INFO - Dependencies all met for dep_context=non-requeueable deps ti=<TaskInstance: daily_student_pipeline.transform_data manual__2026-04-06T11:03:14.481584+00:00 [queued]>
[2026-04-06T11:03:41.174+0000] {taskinstance.py:1956} INFO - Dependencies all met for dep_context=requeueable deps ti=<TaskInstance: daily_student_pipeline.transform_data manual__2026-04-06T11:03:14.481584+00:00 [queued]>
[2026-04-06T11:03:41.176+0000] {taskinstance.py:2170} INFO - Starting attempt 1 of 1
[2026-04-06T11:03:41.233+0000] {taskinstance.py:2191} INFO - Executing <Task(PythonOperator): transform_data> on 2026-04-06 11:03:14.481584+00:00
[2026-04-06T11:03:41.242+0000] {standard_task_runner.py:60} INFO - Started process 10470 to run task
[2026-04-06T11:03:41.247+0000] {standard_task_runner.py:87} INFO - Running: ['***', 'tasks', 'run', 'daily_student_pipeline', 'transform_data', 'manual__2026-04-06T11:03:14.481584+00:00', '--job-id', '286', '--raw', '--subdir', 'DAGS_FOLDER/daily_student_pipeline.py', '--cfg-path', '/tmp/tmpwjrgf9au']
[2026-04-06T11:03:41.253+0000] {standard_task_runner.py:88} INFO - Job 286: Subtask transform_data
[2026-04-06T11:03:41.416+0000] {task_command.py:423} INFO - Running <TaskInstance: daily_student_pipeline.transform_data manual__2026-04-06T11:03:14.481584+00:00 [running]> on host 1c62953c8918
[2026-04-06T11:03:41.659+0000] {taskinstance.py:2480} INFO - Exporting env vars: AIRFLOW_CTX_DAG_OWNER='nhom8' AIRFLOW_CTX_DAG_ID='daily_student_pipeline' AIRFLOW_CTX_TASK_ID='transform_data' AIRFLOW_CTX_EXECUTION_DATE='2026-04-06T11:03:14.481584+00:00' AIRFLOW_CTX_TRY_NUMBER='1' AIRFLOW_CTX_DAG_RUN_ID='manual__2026-04-06T11:03:14.481584+00:00'
[2026-04-06T11:03:43.442+0000] {logging_mixin.py:188} WARNING - [2026-04-06 11:03:43] INFO    etl.extract :   Load from MinIO staging: run_id=2026-04-06_11-03
[2026-04-06T11:03:43.442+0000] {extract.py:352} INFO -   Load from MinIO staging: run_id=2026-04-06_11-03
[2026-04-06T11:03:43.505+0000] {logging_mixin.py:188} WARNING - [2026-04-06 11:03:43] INFO    utils.minio :   MinIO ↓ [raw-data] 2026-04-06_11-03/nguon1_khoa.parquet (4 rows)
[2026-04-06T11:03:43.505+0000] {minio_client.py:223} INFO -   MinIO ↓ [raw-data] 2026-04-06_11-03/nguon1_khoa.parquet (4 rows)
[2026-04-06T11:03:43.528+0000] {logging_mixin.py:188} WARNING - [2026-04-06 11:03:43] INFO    utils.minio :   MinIO ↓ [raw-data] 2026-04-06_11-03/nguon1_nganh.parquet (3 rows)
[2026-04-06T11:03:43.527+0000] {minio_client.py:223} INFO -   MinIO ↓ [raw-data] 2026-04-06_11-03/nguon1_nganh.parquet (3 rows)
[2026-04-06T11:03:43.556+0000] {logging_mixin.py:188} WARNING - [2026-04-06 11:03:43] INFO    utils.minio :   MinIO ↓ [raw-data] 2026-04-06_11-03/nguon1_giang_vien.parquet (45 rows)
[2026-04-06T11:03:43.556+0000] {minio_client.py:223} INFO -   MinIO ↓ [raw-data] 2026-04-06_11-03/nguon1_giang_vien.parquet (45 rows)
[2026-04-06T11:03:43.582+0000] {logging_mixin.py:188} WARNING - [2026-04-06 11:03:43] INFO    utils.minio :   MinIO ↓ [raw-data] 2026-04-06_11-03/nguon1_lop_hanh_chinh.parquet (48 rows)
[2026-04-06T11:03:43.582+0000] {minio_client.py:223} INFO -   MinIO ↓ [raw-data] 2026-04-06_11-03/nguon1_lop_hanh_chinh.parquet (48 rows)
[2026-04-06T11:03:43.618+0000] {logging_mixin.py:188} WARNING - [2026-04-06 11:03:43] INFO    utils.minio :   MinIO ↓ [raw-data] 2026-04-06_11-03/nguon1_sinh_vien.parquet (1,695 rows)
[2026-04-06T11:03:43.618+0000] {minio_client.py:223} INFO -   MinIO ↓ [raw-data] 2026-04-06_11-03/nguon1_sinh_vien.parquet (1,695 rows)
[2026-04-06T11:03:43.666+0000] {logging_mixin.py:188} WARNING - [2026-04-06 11:03:43] INFO    utils.minio :   MinIO ↓ [raw-data] 2026-04-06_11-03/nguon1_hoc_phan.parquet (121 rows)
[2026-04-06T11:03:43.665+0000] {minio_client.py:223} INFO -   MinIO ↓ [raw-data] 2026-04-06_11-03/nguon1_hoc_phan.parquet (121 rows)
[2026-04-06T11:03:43.698+0000] {logging_mixin.py:188} WARNING - [2026-04-06 11:03:43] INFO    utils.minio :   MinIO ↓ [raw-data] 2026-04-06_11-03/nguon1_hoc_ky.parquet (9 rows)
[2026-04-06T11:03:43.698+0000] {minio_client.py:223} INFO -   MinIO ↓ [raw-data] 2026-04-06_11-03/nguon1_hoc_ky.parquet (9 rows)
[2026-04-06T11:03:43.769+0000] {logging_mixin.py:188} WARNING - [2026-04-06 11:03:43] INFO    utils.minio :   MinIO ↓ [raw-data] 2026-04-06_11-03/nguon1_dang_ky.parquet (58,001 rows)
[2026-04-06T11:03:43.768+0000] {minio_client.py:223} INFO -   MinIO ↓ [raw-data] 2026-04-06_11-03/nguon1_dang_ky.parquet (58,001 rows)
[2026-04-06T11:03:43.833+0000] {logging_mixin.py:188} WARNING - [2026-04-06 11:03:43] INFO    utils.minio :   MinIO ↓ [raw-data] 2026-04-06_11-03/nguon1_diem.parquet (58,001 rows)
[2026-04-06T11:03:43.832+0000] {minio_client.py:223} INFO -   MinIO ↓ [raw-data] 2026-04-06_11-03/nguon1_diem.parquet (58,001 rows)
[2026-04-06T11:03:43.856+0000] {logging_mixin.py:188} WARNING - [2026-04-06 11:03:43] INFO    utils.minio :   MinIO ↓ [raw-data] 2026-04-06_11-03/nguon1_tong_hop_ket_qua.parquet (1,695 rows)
[2026-04-06T11:03:43.856+0000] {minio_client.py:223} INFO -   MinIO ↓ [raw-data] 2026-04-06_11-03/nguon1_tong_hop_ket_qua.parquet (1,695 rows)
[2026-04-06T11:03:43.889+0000] {logging_mixin.py:188} WARNING - [2026-04-06 11:03:43] INFO    utils.minio :   MinIO ↓ [raw-data] 2026-04-06_11-03/nguon2_ctsv.parquet (9,238 rows)
[2026-04-06T11:03:43.888+0000] {minio_client.py:223} INFO -   MinIO ↓ [raw-data] 2026-04-06_11-03/nguon2_ctsv.parquet (9,238 rows)
[2026-04-06T11:03:43.913+0000] {logging_mixin.py:188} WARNING - [2026-04-06 11:03:43] INFO    utils.minio :   MinIO ↓ [raw-data] 2026-04-06_11-03/nguon3_tai_chinh.parquet (9,238 rows)
[2026-04-06T11:03:43.913+0000] {minio_client.py:223} INFO -   MinIO ↓ [raw-data] 2026-04-06_11-03/nguon3_tai_chinh.parquet (9,238 rows)
[2026-04-06T11:03:43.915+0000] {logging_mixin.py:188} WARNING - [2026-04-06 11:03:43] INFO    etl.extract :  Load from staging OK — run_id=2026-04-06_11-03
[2026-04-06T11:03:43.915+0000] {extract.py:369} INFO -  Load from staging OK — run_id=2026-04-06_11-03
[2026-04-06T11:03:43.919+0000] {logging_mixin.py:188} WARNING - [2026-04-06 11:03:43] INFO    etl.transform : ==BẮT ĐẦU TRANSFORM==
[2026-04-06T11:03:43.919+0000] {transform.py:75} INFO - ==BẮT ĐẦU TRANSFORM==
[2026-04-06T11:03:43.922+0000] {logging_mixin.py:188} WARNING - [2026-04-06 11:03:43] INFO    etl.transform : ======================================================================
[2026-04-06T11:03:43.922+0000] {transform.py:76} INFO - ======================================================================
[2026-04-06T11:03:43.927+0000] {logging_mixin.py:188} WARNING - [2026-04-06 11:03:43] INFO    etl.transform : ── Bước 1: Transform Dimension Tables ──
[2026-04-06T11:03:43.927+0000] {transform.py:80} INFO - ── Bước 1: Transform Dimension Tables ──
[2026-04-06T11:03:43.934+0000] {logging_mixin.py:188} WARNING - [2026-04-06 11:03:43] INFO    etl.transform :   dim_thoi_gian               →      9 records
[2026-04-06T11:03:43.934+0000] {transform.py:190} INFO -   dim_thoi_gian               →      9 records
[2026-04-06T11:03:43.944+0000] {logging_mixin.py:188} WARNING - [2026-04-06 11:03:43] INFO    etl.transform :   dim_giang_vien              →     45 records
[2026-04-06T11:03:43.944+0000] {transform.py:213} INFO -   dim_giang_vien              →     45 records
[2026-04-06T11:03:43.952+0000] {logging_mixin.py:188} WARNING - [2026-04-06 11:03:43] INFO    etl.transform :   dim_hoc_phan                →    121 records
[2026-04-06T11:03:43.952+0000] {transform.py:240} INFO -   dim_hoc_phan                →    121 records
[2026-04-06T11:03:43.979+0000] {logging_mixin.py:188} WARNING - [2026-04-06 11:03:43] INFO    etl.transform :   dim_sinh_vien               →  1,695 records
[2026-04-06T11:03:43.979+0000] {transform.py:306} INFO -   dim_sinh_vien               →  1,695 records
[2026-04-06T11:03:43.983+0000] {logging_mixin.py:188} WARNING - [2026-04-06 11:03:43] INFO    etl.transform : ── Bước 2: Transform Fact Tables ──
[2026-04-06T11:03:43.983+0000] {transform.py:96} INFO - ── Bước 2: Transform Fact Tables ──
[2026-04-06T11:03:44.166+0000] {logging_mixin.py:188} WARNING - [2026-04-06 11:03:44] INFO    etl.transform :   fact_diem                   → 58,001 records
[2026-04-06T11:03:44.166+0000] {transform.py:376} INFO -   fact_diem                   → 58,001 records
[2026-04-06T11:03:44.304+0000] {logging_mixin.py:188} WARNING - [2026-04-06 11:03:44] INFO    etl.transform :   fact_dang_ky               → 58,001 records
[2026-04-06T11:03:44.304+0000] {transform.py:413} INFO -   fact_dang_ky               → 58,001 records
[2026-04-06T11:03:44.349+0000] {logging_mixin.py:188} WARNING - [2026-04-06 11:03:44] INFO    etl.transform :   fact_ren_luyen              →  9,238 records
[2026-04-06T11:03:44.349+0000] {transform.py:445} INFO -   fact_ren_luyen              →  9,238 records
[2026-04-06T11:03:44.384+0000] {logging_mixin.py:188} WARNING - [2026-04-06 11:03:44] INFO    etl.transform :   fact_tai_chinh              →  9,238 records
[2026-04-06T11:03:44.384+0000] {transform.py:473} INFO -   fact_tai_chinh              →  9,238 records
[2026-04-06T11:03:44.388+0000] {logging_mixin.py:188} WARNING - [2026-04-06 11:03:44] INFO    etl.transform : ======================================================================
[2026-04-06T11:03:44.388+0000] {transform.py:108} INFO - ======================================================================
[2026-04-06T11:03:44.392+0000] {logging_mixin.py:188} WARNING - [2026-04-06 11:03:44] INFO    etl.transform : TRANSFORM HOÀN TẤT
[2026-04-06T11:03:44.392+0000] {transform.py:109} INFO - TRANSFORM HOÀN TẤT
[2026-04-06T11:03:44.396+0000] {logging_mixin.py:188} WARNING - [2026-04-06 11:03:44] INFO    etl.transform :    dim_giang_vien           :       45 records
[2026-04-06T11:03:44.396+0000] {transform.py:111} INFO -    dim_giang_vien           :       45 records
[2026-04-06T11:03:44.400+0000] {logging_mixin.py:188} WARNING - [2026-04-06 11:03:44] INFO    etl.transform :    dim_sinh_vien            :    1,695 records
[2026-04-06T11:03:44.400+0000] {transform.py:111} INFO -    dim_sinh_vien            :    1,695 records
[2026-04-06T11:03:44.404+0000] {logging_mixin.py:188} WARNING - [2026-04-06 11:03:44] INFO    etl.transform :    dim_hoc_phan             :      121 records
[2026-04-06T11:03:44.404+0000] {transform.py:111} INFO -    dim_hoc_phan             :      121 records
[2026-04-06T11:03:44.409+0000] {logging_mixin.py:188} WARNING - [2026-04-06 11:03:44] INFO    etl.transform :    dim_thoi_gian            :        9 records
[2026-04-06T11:03:44.408+0000] {transform.py:111} INFO -    dim_thoi_gian            :        9 records
[2026-04-06T11:03:44.413+0000] {logging_mixin.py:188} WARNING - [2026-04-06 11:03:44] INFO    etl.transform :    fact_diem                :   58,001 records
[2026-04-06T11:03:44.413+0000] {transform.py:111} INFO -    fact_diem                :   58,001 records
[2026-04-06T11:03:44.418+0000] {logging_mixin.py:188} WARNING - [2026-04-06 11:03:44] INFO    etl.transform :    fact_dang_ky             :   58,001 records
[2026-04-06T11:03:44.418+0000] {transform.py:111} INFO -    fact_dang_ky             :   58,001 records
[2026-04-06T11:03:44.421+0000] {logging_mixin.py:188} WARNING - [2026-04-06 11:03:44] INFO    etl.transform :    fact_ren_luyen           :    9,238 records
[2026-04-06T11:03:44.421+0000] {transform.py:111} INFO -    fact_ren_luyen           :    9,238 records
[2026-04-06T11:03:44.426+0000] {logging_mixin.py:188} WARNING - [2026-04-06 11:03:44] INFO    etl.transform :    fact_tai_chinh           :    9,238 records
[2026-04-06T11:03:44.426+0000] {transform.py:111} INFO -    fact_tai_chinh           :    9,238 records
[2026-04-06T11:03:44.429+0000] {logging_mixin.py:188} WARNING - [2026-04-06 11:03:44] INFO    etl.transform : ======================================================================
[2026-04-06T11:03:44.429+0000] {transform.py:112} INFO - ======================================================================
[2026-04-06T11:03:44.503+0000] {logging_mixin.py:188} WARNING - [2026-04-06 11:03:44] INFO    utils.minio :   MinIO ↑ [staging-data] 2026-04-06_11-03/dim_hoc_ky.parquet (5.3 KB | 9 rows)
[2026-04-06T11:03:44.503+0000] {minio_client.py:142} INFO -   MinIO ↑ [staging-data] 2026-04-06_11-03/dim_hoc_ky.parquet (5.3 KB | 9 rows)
[2026-04-06T11:03:44.536+0000] {logging_mixin.py:188} WARNING - [2026-04-06 11:03:44] INFO    utils.minio :   MinIO ↑ [staging-data] 2026-04-06_11-03/dim_giang_vien.parquet (8.9 KB | 45 rows)
[2026-04-06T11:03:44.535+0000] {minio_client.py:142} INFO -   MinIO ↑ [staging-data] 2026-04-06_11-03/dim_giang_vien.parquet (8.9 KB | 45 rows)
[2026-04-06T11:03:44.568+0000] {logging_mixin.py:188} WARNING - [2026-04-06 11:03:44] INFO    utils.minio :   MinIO ↑ [staging-data] 2026-04-06_11-03/dim_hoc_phan.parquet (11.0 KB | 121 rows)
[2026-04-06T11:03:44.568+0000] {minio_client.py:142} INFO -   MinIO ↑ [staging-data] 2026-04-06_11-03/dim_hoc_phan.parquet (11.0 KB | 121 rows)
[2026-04-06T11:03:44.627+0000] {logging_mixin.py:188} WARNING - [2026-04-06 11:03:44] INFO    utils.minio :   MinIO ↑ [staging-data] 2026-04-06_11-03/dim_sinh_vien.parquet (71.8 KB | 1,695 rows)
[2026-04-06T11:03:44.627+0000] {minio_client.py:142} INFO -   MinIO ↑ [staging-data] 2026-04-06_11-03/dim_sinh_vien.parquet (71.8 KB | 1,695 rows)
[2026-04-06T11:03:44.825+0000] {logging_mixin.py:188} WARNING - [2026-04-06 11:03:44] INFO    utils.minio :   MinIO ↑ [staging-data] 2026-04-06_11-03/fact_diem.parquet (880.7 KB | 58,001 rows)
[2026-04-06T11:03:44.825+0000] {minio_client.py:142} INFO -   MinIO ↑ [staging-data] 2026-04-06_11-03/fact_diem.parquet (880.7 KB | 58,001 rows)
[2026-04-06T11:03:44.966+0000] {logging_mixin.py:188} WARNING - [2026-04-06 11:03:44] INFO    utils.minio :   MinIO ↑ [staging-data] 2026-04-06_11-03/fact_dang_ky.parquet (493.4 KB | 58,001 rows)
[2026-04-06T11:03:44.966+0000] {minio_client.py:142} INFO -   MinIO ↑ [staging-data] 2026-04-06_11-03/fact_dang_ky.parquet (493.4 KB | 58,001 rows)
[2026-04-06T11:03:45.002+0000] {logging_mixin.py:188} WARNING - [2026-04-06 11:03:45] INFO    utils.minio :   MinIO ↑ [staging-data] 2026-04-06_11-03/fact_ren_luyen.parquet (39.7 KB | 9,238 rows)
[2026-04-06T11:03:45.001+0000] {minio_client.py:142} INFO -   MinIO ↑ [staging-data] 2026-04-06_11-03/fact_ren_luyen.parquet (39.7 KB | 9,238 rows)
[2026-04-06T11:03:45.049+0000] {logging_mixin.py:188} WARNING - [2026-04-06 11:03:45] INFO    utils.minio :   MinIO ↑ [staging-data] 2026-04-06_11-03/fact_tai_chinh.parquet (66.6 KB | 9,238 rows)
[2026-04-06T11:03:45.049+0000] {minio_client.py:142} INFO -   MinIO ↑ [staging-data] 2026-04-06_11-03/fact_tai_chinh.parquet (66.6 KB | 9,238 rows)
[2026-04-06T11:03:45.051+0000] {logging_mixin.py:188} WARNING - [2026-04-06 11:03:45] INFO    etl.transform :   MinIO staging-data: 8/8 files OK → run_id=2026-04-06_11-03
[2026-04-06T11:03:45.051+0000] {transform.py:141} INFO -   MinIO staging-data: 8/8 files OK → run_id=2026-04-06_11-03
[2026-04-06T11:03:45.141+0000] {logging_mixin.py:188} INFO - Transform xong: {'dim_giang_vien': 45, 'dim_sinh_vien': 1695, 'dim_hoc_phan': 121, 'dim_thoi_gian': 9, 'fact_diem': 58001, 'fact_dang_ky': 58001, 'fact_ren_luyen': 9238, 'fact_tai_chinh': 9238}
[2026-04-06T11:03:45.148+0000] {python.py:201} INFO - Done. Returned value was: {'dim_giang_vien': 45, 'dim_sinh_vien': 1695, 'dim_hoc_phan': 121, 'dim_thoi_gian': 9, 'fact_diem': 58001, 'fact_dang_ky': 58001, 'fact_ren_luyen': 9238, 'fact_tai_chinh': 9238}
[2026-04-06T11:03:45.221+0000] {taskinstance.py:1138} INFO - Marking task as SUCCESS. dag_id=daily_student_pipeline, task_id=transform_data, execution_date=20260406T110314, start_date=20260406T110341, end_date=20260406T110345
[2026-04-06T11:03:45.353+0000] {local_task_job_runner.py:234} INFO - Task exited with return code 0
[2026-04-06T11:03:45.447+0000] {taskinstance.py:3280} INFO - 1 downstream tasks scheduled from follow-on schedule check
