[2026-05-02T06:00:29.522+0000] {taskinstance.py:1956} INFO - Dependencies all met for dep_context=non-requeueable deps ti=<TaskInstance: daily_student_pipeline.load_data manual__2026-05-02T06:00:14.490714+00:00 [queued]>
[2026-05-02T06:00:29.531+0000] {taskinstance.py:1956} INFO - Dependencies all met for dep_context=requeueable deps ti=<TaskInstance: daily_student_pipeline.load_data manual__2026-05-02T06:00:14.490714+00:00 [queued]>
[2026-05-02T06:00:29.532+0000] {taskinstance.py:2170} INFO - Starting attempt 1 of 1
[2026-05-02T06:00:29.549+0000] {taskinstance.py:2191} INFO - Executing <Task(PythonOperator): load_data> on 2026-05-02 06:00:14.490714+00:00
[2026-05-02T06:00:29.554+0000] {standard_task_runner.py:60} INFO - Started process 377 to run task
[2026-05-02T06:00:29.556+0000] {standard_task_runner.py:87} INFO - Running: ['***', 'tasks', 'run', 'daily_student_pipeline', 'load_data', 'manual__2026-05-02T06:00:14.490714+00:00', '--job-id', '650', '--raw', '--subdir', 'DAGS_FOLDER/daily_student_pipeline.py', '--cfg-path', '/tmp/tmp4c7phgz8']
[2026-05-02T06:00:29.559+0000] {standard_task_runner.py:88} INFO - Job 650: Subtask load_data
[2026-05-02T06:00:29.630+0000] {task_command.py:423} INFO - Running <TaskInstance: daily_student_pipeline.load_data manual__2026-05-02T06:00:14.490714+00:00 [running]> on host 485f600440bc
[2026-05-02T06:00:29.723+0000] {taskinstance.py:2480} INFO - Exporting env vars: AIRFLOW_CTX_DAG_OWNER='nhom8' AIRFLOW_CTX_DAG_ID='daily_student_pipeline' AIRFLOW_CTX_TASK_ID='load_data' AIRFLOW_CTX_EXECUTION_DATE='2026-05-02T06:00:14.490714+00:00' AIRFLOW_CTX_TRY_NUMBER='1' AIRFLOW_CTX_DAG_RUN_ID='manual__2026-05-02T06:00:14.490714+00:00'
[2026-05-02T06:00:30.397+0000] {transform.py:159} INFO -   Load TransformedData từ MinIO staging: run_id=2026-05-02_06-00
[2026-05-02T06:00:30.428+0000] {minio_client.py:223} INFO -   MinIO ↓ [staging-data] 2026-05-02_06-00/dim_hoc_ky.parquet (13 rows)
[2026-05-02T06:00:30.440+0000] {minio_client.py:223} INFO -   MinIO ↓ [staging-data] 2026-05-02_06-00/dim_giang_vien.parquet (45 rows)
[2026-05-02T06:00:30.452+0000] {minio_client.py:223} INFO -   MinIO ↓ [staging-data] 2026-05-02_06-00/dim_hoc_phan.parquet (121 rows)
[2026-05-02T06:00:30.467+0000] {minio_client.py:223} INFO -   MinIO ↓ [staging-data] 2026-05-02_06-00/dim_sinh_vien.parquet (1,695 rows)
[2026-05-02T06:00:30.495+0000] {minio_client.py:223} INFO -   MinIO ↓ [staging-data] 2026-05-02_06-00/fact_diem.parquet (56,087 rows)
[2026-05-02T06:00:30.514+0000] {minio_client.py:223} INFO -   MinIO ↓ [staging-data] 2026-05-02_06-00/fact_dang_ky.parquet (56,515 rows)
[2026-05-02T06:00:30.526+0000] {minio_client.py:223} INFO -   MinIO ↓ [staging-data] 2026-05-02_06-00/fact_ren_luyen.parquet (10,068 rows)
[2026-05-02T06:00:30.538+0000] {minio_client.py:223} INFO -   MinIO ↓ [staging-data] 2026-05-02_06-00/fact_tai_chinh.parquet (9,769 rows)
[2026-05-02T06:00:30.538+0000] {transform.py:172} INFO - Load from staging-data OK — run_id=2026-05-02_06-00
[2026-05-02T06:00:30.539+0000] {load.py:51} INFO - ==BẮT ĐẦU LOAD VÀO DATA WAREHOUSE==
[2026-05-02T06:00:30.540+0000] {load.py:52} INFO - ======================================================================
[2026-05-02T06:00:30.540+0000] {load.py:121} INFO - Tạo schema warehouse từ warehouse_models.py...
[2026-05-02T06:00:30.557+0000] {load.py:123} INFO -   Schema warehouse OK
[2026-05-02T06:00:30.558+0000] {load.py:57} INFO - ── Bước 1: Load Dimension Tables ──
[2026-05-02T06:00:30.590+0000] {load.py:212} INFO -   dim_hoc_ky     →     13 records (new: 13)
[2026-05-02T06:00:30.630+0000] {load.py:262} INFO -   dim_giang_vien →     45 records (new: 0)
[2026-05-02T06:00:30.716+0000] {load.py:310} INFO -   dim_hoc_phan   →    121 records (new: 0)
[2026-05-02T06:00:32.016+0000] {load.py:419} INFO -   dim_sinh_vien →  1,695 records (new: 0, SCD2: 0, fact cascade: 0)
[2026-05-02T06:00:32.017+0000] {load.py:63} INFO - ── Bước 2: Build Surrogate Key Cache ──
[2026-05-02T06:00:32.018+0000] {load.py:126} INFO - Building surrogate key caches...
[2026-05-02T06:00:32.032+0000] {load.py:154} INFO -   SV=1695, HP=121, GV=45, HK=13
[2026-05-02T06:00:32.032+0000] {load.py:66} INFO - ── Bước 3: Load Fact Tables ──
[2026-05-02T06:00:51.976+0000] {load.py:569} INFO -   fact_hoc_tap   → 56,087 records (upserted)
[2026-05-02T06:01:03.814+0000] {load.py:641} INFO -   fact_dang_ky   → 56,515 records (upserted)
[2026-05-02T06:01:03.823+0000] {load.py:686} WARNING -   fact_ctsv | [DEDUP Tầng 1 - DataFrame] Loại bỏ 299 bản ghi trùng (10068 → 9769)
[2026-05-02T06:01:03.830+0000] {load.py:719} WARNING -   fact_ctsv | Bỏ qua 3 rows: không tìm thấy surrogate key (SV hoặc HK chưa có trong dim)
[2026-05-02T06:01:03.887+0000] {load.py:805} INFO -   fact_ctsv | Vectorize OK: 9769 input → 9766 valid records
[2026-05-02T06:01:05.622+0000] {load.py:873} INFO -   fact_ctsv | Tiến độ: 2/2 batches (9,766/9,766 records)
[2026-05-02T06:01:05.623+0000] {load.py:881} INFO -   fact_ctsv      → 9,766 records (upserted) | Đã loại: 299 duplicates
[2026-05-02T06:01:05.638+0000] {load.py:931} INFO -   fact_tai_chinh | Đã làm sạch 1 cột datetime (NaT → None)
[2026-05-02T06:01:07.677+0000] {load.py:1001} INFO -   fact_tai_chinh →  9,766 records (upserted)
[2026-05-02T06:01:07.679+0000] {load.py:73} INFO - ── Bước 4: Build Aggregation ──
[2026-05-02T06:01:07.680+0000] {aggregation.py:12} INFO - == BẮT ĐẦU AGGREGATION ==
[2026-05-02T06:01:07.950+0000] {aggregation.py:288} INFO -   agg_student_summary → 1,695 records
[2026-05-02T06:01:07.951+0000] {aggregation.py:14} INFO -   agg_student_summary rebuilt : 1,695
[2026-05-02T06:01:07.952+0000] {aggregation.py:15} INFO - == AGGREGATION HOÀN TẤT ==
[2026-05-02T06:01:07.952+0000] {load.py:77} INFO - ======================================================================
[2026-05-02T06:01:07.954+0000] {load.py:78} INFO - LOAD HOÀN TẤT
[2026-05-02T06:01:07.954+0000] {load.py:81} INFO -   dim_hoc_ky               :       13 records
[2026-05-02T06:01:07.956+0000] {load.py:81} INFO -   dim_giang_vien           :       45 records
[2026-05-02T06:01:07.956+0000] {load.py:81} INFO -   dim_hoc_phan             :      121 records
[2026-05-02T06:01:07.957+0000] {load.py:81} INFO -   dim_sinh_vien            :        0 records
[2026-05-02T06:01:07.957+0000] {load.py:81} INFO -   fact_hoc_tap             :   56,087 records
[2026-05-02T06:01:07.958+0000] {load.py:81} INFO -   fact_dang_ky             :   56,515 records
[2026-05-02T06:01:07.958+0000] {load.py:81} INFO -   fact_ctsv                :    9,766 records
[2026-05-02T06:01:07.959+0000] {load.py:81} INFO -   fact_tai_chinh           :    9,766 records
[2026-05-02T06:01:07.960+0000] {load.py:81} INFO -   agg_student_summary      :    1,695 records
[2026-05-02T06:01:07.960+0000] {load.py:83} INFO -   TỔNG                     :  134,008 records
[2026-05-02T06:01:07.961+0000] {load.py:84} INFO - ======================================================================
[2026-05-02T06:01:08.001+0000] {logging_mixin.py:188} INFO - ============================================================
[2026-05-02T06:01:08.001+0000] {logging_mixin.py:188} INFO - LOAD HOÀN TẤT — Thống kê:
[2026-05-02T06:01:08.002+0000] {logging_mixin.py:188} INFO -   dim_hoc_ky                    :         13 records
[2026-05-02T06:01:08.003+0000] {logging_mixin.py:188} INFO -   dim_giang_vien                :         45 records
[2026-05-02T06:01:08.004+0000] {logging_mixin.py:188} INFO -   dim_hoc_phan                  :        121 records
[2026-05-02T06:01:08.004+0000] {logging_mixin.py:188} INFO -   dim_sinh_vien                 :          0 records
[2026-05-02T06:01:08.005+0000] {logging_mixin.py:188} INFO -   fact_hoc_tap                  :     56,087 records
[2026-05-02T06:01:08.005+0000] {logging_mixin.py:188} INFO -   fact_dang_ky                  :     56,515 records
[2026-05-02T06:01:08.006+0000] {logging_mixin.py:188} INFO -   fact_ctsv                     :      9,766 records
[2026-05-02T06:01:08.006+0000] {logging_mixin.py:188} INFO -   fact_tai_chinh                :      9,766 records
[2026-05-02T06:01:08.006+0000] {logging_mixin.py:188} INFO -   agg_student_summary           :      1,695 records
[2026-05-02T06:01:08.007+0000] {logging_mixin.py:188} INFO -   TỔNG                          :    134,008 records
[2026-05-02T06:01:08.007+0000] {logging_mixin.py:188} INFO - ============================================================
[2026-05-02T06:01:08.009+0000] {python.py:201} INFO - Done. Returned value was: {'dim_hoc_ky': 13, 'dim_giang_vien': 45, 'dim_hoc_phan': 121, 'dim_sinh_vien': 0, 'fact_hoc_tap': 56087, 'fact_dang_ky': 56515, 'fact_ctsv': 9766, 'fact_tai_chinh': 9766, 'agg_student_summary': 1695}
[2026-05-02T06:01:08.033+0000] {taskinstance.py:1138} INFO - Marking task as SUCCESS. dag_id=daily_student_pipeline, task_id=load_data, execution_date=20260502T060014, start_date=20260502T060029, end_date=20260502T060108
[2026-05-02T06:01:08.057+0000] {local_task_job_runner.py:234} INFO - Task exited with return code 0
[2026-05-02T06:01:08.079+0000] {taskinstance.py:3280} INFO - 1 downstream tasks scheduled from follow-on schedule check
