[2026-04-03T16:12:04.823+0000] {taskinstance.py:1956} INFO - Dependencies all met for dep_context=non-requeueable deps ti=<TaskInstance: daily_student_pipeline.transform_data manual__2026-04-03T16:12:02.494774+00:00 [queued]>
[2026-04-03T16:12:04.840+0000] {taskinstance.py:1956} INFO - Dependencies all met for dep_context=requeueable deps ti=<TaskInstance: daily_student_pipeline.transform_data manual__2026-04-03T16:12:02.494774+00:00 [queued]>
[2026-04-03T16:12:04.841+0000] {taskinstance.py:2170} INFO - Starting attempt 1 of 1
[2026-04-03T16:12:04.889+0000] {taskinstance.py:2191} INFO - Executing <Task(PythonOperator): transform_data> on 2026-04-03 16:12:02.494774+00:00
[2026-04-03T16:12:04.899+0000] {standard_task_runner.py:60} INFO - Started process 8719 to run task
[2026-04-03T16:12:04.904+0000] {standard_task_runner.py:87} INFO - Running: ['***', 'tasks', 'run', 'daily_student_pipeline', 'transform_data', 'manual__2026-04-03T16:12:02.494774+00:00', '--job-id', '157', '--raw', '--subdir', 'DAGS_FOLDER/daily_student_pipeline.py', '--cfg-path', '/tmp/tmp3_r1xg75']
[2026-04-03T16:12:04.907+0000] {standard_task_runner.py:88} INFO - Job 157: Subtask transform_data
[2026-04-03T16:12:05.011+0000] {task_command.py:423} INFO - Running <TaskInstance: daily_student_pipeline.transform_data manual__2026-04-03T16:12:02.494774+00:00 [running]> on host 1c62953c8918
[2026-04-03T16:12:05.173+0000] {taskinstance.py:2480} INFO - Exporting env vars: AIRFLOW_CTX_DAG_OWNER='nhom8' AIRFLOW_CTX_DAG_ID='daily_student_pipeline' AIRFLOW_CTX_TASK_ID='transform_data' AIRFLOW_CTX_EXECUTION_DATE='2026-04-03T16:12:02.494774+00:00' AIRFLOW_CTX_TRY_NUMBER='1' AIRFLOW_CTX_DAG_RUN_ID='manual__2026-04-03T16:12:02.494774+00:00'
[2026-04-03T16:12:09.167+0000] {logging_mixin.py:188} WARNING - [2026-04-03 16:12:09] INFO    utils.minio :   MinIO run mới nhất: 2026-04-03_14-58
[2026-04-03T16:12:09.166+0000] {minio_client.py:283} INFO -   MinIO run mới nhất: 2026-04-03_14-58
[2026-04-03T16:12:09.169+0000] {logging_mixin.py:188} WARNING - [2026-04-03 16:12:09] INFO    etl.extract :   Load from MinIO staging: run_id=2026-04-03_14-58
[2026-04-03T16:12:09.169+0000] {extract.py:352} INFO -   Load from MinIO staging: run_id=2026-04-03_14-58
[2026-04-03T16:12:09.461+0000] {logging_mixin.py:188} WARNING - [2026-04-03 16:12:09] INFO    utils.minio :   MinIO ↓ [raw-data] 2026-04-03_14-58/nguon1_khoa.parquet (4 rows)
[2026-04-03T16:12:09.461+0000] {minio_client.py:223} INFO -   MinIO ↓ [raw-data] 2026-04-03_14-58/nguon1_khoa.parquet (4 rows)
[2026-04-03T16:12:09.476+0000] {logging_mixin.py:188} WARNING - [2026-04-03 16:12:09] INFO    utils.minio :   MinIO ↓ [raw-data] 2026-04-03_14-58/nguon1_nganh.parquet (3 rows)
[2026-04-03T16:12:09.475+0000] {minio_client.py:223} INFO -   MinIO ↓ [raw-data] 2026-04-03_14-58/nguon1_nganh.parquet (3 rows)
[2026-04-03T16:12:09.495+0000] {logging_mixin.py:188} WARNING - [2026-04-03 16:12:09] INFO    utils.minio :   MinIO ↓ [raw-data] 2026-04-03_14-58/nguon1_giang_vien.parquet (45 rows)
[2026-04-03T16:12:09.495+0000] {minio_client.py:223} INFO -   MinIO ↓ [raw-data] 2026-04-03_14-58/nguon1_giang_vien.parquet (45 rows)
[2026-04-03T16:12:09.520+0000] {logging_mixin.py:188} WARNING - [2026-04-03 16:12:09] INFO    utils.minio :   MinIO ↓ [raw-data] 2026-04-03_14-58/nguon1_lop_hanh_chinh.parquet (48 rows)
[2026-04-03T16:12:09.520+0000] {minio_client.py:223} INFO -   MinIO ↓ [raw-data] 2026-04-03_14-58/nguon1_lop_hanh_chinh.parquet (48 rows)
[2026-04-03T16:12:09.656+0000] {logging_mixin.py:188} WARNING - [2026-04-03 16:12:09] INFO    utils.minio :   MinIO ↓ [raw-data] 2026-04-03_14-58/nguon1_sinh_vien.parquet (1,695 rows)
[2026-04-03T16:12:09.656+0000] {minio_client.py:223} INFO -   MinIO ↓ [raw-data] 2026-04-03_14-58/nguon1_sinh_vien.parquet (1,695 rows)
[2026-04-03T16:12:09.707+0000] {logging_mixin.py:188} WARNING - [2026-04-03 16:12:09] INFO    utils.minio :   MinIO ↓ [raw-data] 2026-04-03_14-58/nguon1_hoc_phan.parquet (121 rows)
[2026-04-03T16:12:09.707+0000] {minio_client.py:223} INFO -   MinIO ↓ [raw-data] 2026-04-03_14-58/nguon1_hoc_phan.parquet (121 rows)
[2026-04-03T16:12:09.724+0000] {logging_mixin.py:188} WARNING - [2026-04-03 16:12:09] INFO    utils.minio :   MinIO ↓ [raw-data] 2026-04-03_14-58/nguon1_hoc_ky.parquet (9 rows)
[2026-04-03T16:12:09.724+0000] {minio_client.py:223} INFO -   MinIO ↓ [raw-data] 2026-04-03_14-58/nguon1_hoc_ky.parquet (9 rows)
[2026-04-03T16:12:10.180+0000] {logging_mixin.py:188} WARNING - [2026-04-03 16:12:10] INFO    utils.minio :   MinIO ↓ [raw-data] 2026-04-03_14-58/nguon1_dang_ky.parquet (54,529 rows)
[2026-04-03T16:12:10.179+0000] {minio_client.py:223} INFO -   MinIO ↓ [raw-data] 2026-04-03_14-58/nguon1_dang_ky.parquet (54,529 rows)
[2026-04-03T16:12:10.449+0000] {logging_mixin.py:188} WARNING - [2026-04-03 16:12:10] INFO    utils.minio :   MinIO ↓ [raw-data] 2026-04-03_14-58/nguon1_diem.parquet (54,529 rows)
[2026-04-03T16:12:10.449+0000] {minio_client.py:223} INFO -   MinIO ↓ [raw-data] 2026-04-03_14-58/nguon1_diem.parquet (54,529 rows)
[2026-04-03T16:12:10.468+0000] {logging_mixin.py:188} WARNING - [2026-04-03 16:12:10] INFO    utils.minio :   MinIO ↓ [raw-data] 2026-04-03_14-58/nguon1_tong_hop_ket_qua.parquet (1,695 rows)
[2026-04-03T16:12:10.468+0000] {minio_client.py:223} INFO -   MinIO ↓ [raw-data] 2026-04-03_14-58/nguon1_tong_hop_ket_qua.parquet (1,695 rows)
[2026-04-03T16:12:10.497+0000] {logging_mixin.py:188} WARNING - [2026-04-03 16:12:10] INFO    utils.minio :   MinIO ↓ [raw-data] 2026-04-03_14-58/nguon2_ctsv.parquet (8,990 rows)
[2026-04-03T16:12:10.496+0000] {minio_client.py:223} INFO -   MinIO ↓ [raw-data] 2026-04-03_14-58/nguon2_ctsv.parquet (8,990 rows)
[2026-04-03T16:12:10.531+0000] {logging_mixin.py:188} WARNING - [2026-04-03 16:12:10] INFO    utils.minio :   MinIO ↓ [raw-data] 2026-04-03_14-58/nguon3_tai_chinh.parquet (8,990 rows)
[2026-04-03T16:12:10.531+0000] {minio_client.py:223} INFO -   MinIO ↓ [raw-data] 2026-04-03_14-58/nguon3_tai_chinh.parquet (8,990 rows)
[2026-04-03T16:12:10.534+0000] {logging_mixin.py:188} WARNING - [2026-04-03 16:12:10] INFO    etl.extract :  Load from staging OK — run_id=2026-04-03_14-58
[2026-04-03T16:12:10.534+0000] {extract.py:369} INFO -  Load from staging OK — run_id=2026-04-03_14-58
[2026-04-03T16:12:10.536+0000] {logging_mixin.py:188} WARNING - [2026-04-03 16:12:10] INFO    etl.transform : ==BẮT ĐẦU TRANSFORM==
[2026-04-03T16:12:10.536+0000] {transform.py:67} INFO - ==BẮT ĐẦU TRANSFORM==
[2026-04-03T16:12:10.537+0000] {logging_mixin.py:188} WARNING - [2026-04-03 16:12:10] INFO    etl.transform : ======================================================================
[2026-04-03T16:12:10.537+0000] {transform.py:68} INFO - ======================================================================
[2026-04-03T16:12:10.544+0000] {logging_mixin.py:188} WARNING - [2026-04-03 16:12:10] INFO    etl.transform : ── Bước 1: Transform Dimension Tables ──
[2026-04-03T16:12:10.544+0000] {transform.py:72} INFO - ── Bước 1: Transform Dimension Tables ──
[2026-04-03T16:12:10.561+0000] {logging_mixin.py:188} WARNING - [2026-04-03 16:12:10] INFO    etl.transform :   dim_thoi_gian (→dim_hoc_ky)  →      9 records
[2026-04-03T16:12:10.561+0000] {transform.py:198} INFO -   dim_thoi_gian (→dim_hoc_ky)  →      9 records
[2026-04-03T16:12:10.585+0000] {logging_mixin.py:188} WARNING - [2026-04-03 16:12:10] INFO    etl.transform :   dim_giang_vien              →     45 records
[2026-04-03T16:12:10.585+0000] {transform.py:226} INFO -   dim_giang_vien              →     45 records
[2026-04-03T16:12:10.592+0000] {logging_mixin.py:188} WARNING - [2026-04-03 16:12:10] INFO    etl.transform :   dim_hoc_phan                →    121 records
[2026-04-03T16:12:10.592+0000] {transform.py:258} INFO -   dim_hoc_phan                →    121 records
[2026-04-03T16:12:10.624+0000] {logging_mixin.py:188} WARNING - [2026-04-03 16:12:10] INFO    etl.transform :   dim_sinh_vien               →  1,695 records
[2026-04-03T16:12:10.624+0000] {transform.py:336} INFO -   dim_sinh_vien               →  1,695 records
[2026-04-03T16:12:10.629+0000] {logging_mixin.py:188} WARNING - [2026-04-03 16:12:10] INFO    etl.transform : ── Bước 2: Transform Fact Tables ──
[2026-04-03T16:12:10.629+0000] {transform.py:91} INFO - ── Bước 2: Transform Fact Tables ──
[2026-04-03T16:12:11.151+0000] {logging_mixin.py:188} WARNING - [2026-04-03 16:12:11] INFO    etl.transform :   fact_diem (→fact_hoc_tap)    → 54,529 records
[2026-04-03T16:12:11.151+0000] {transform.py:414} INFO -   fact_diem (→fact_hoc_tap)    → 54,529 records
[2026-04-03T16:12:11.166+0000] {logging_mixin.py:188} WARNING - [2026-04-03 16:12:11] INFO    etl.transform :   fact_ren_luyen (→fact_ctsv)  →  8,990 records
[2026-04-03T16:12:11.166+0000] {transform.py:455} INFO -   fact_ren_luyen (→fact_ctsv)  →  8,990 records
[2026-04-03T16:12:11.180+0000] {logging_mixin.py:188} WARNING - [2026-04-03 16:12:11] INFO    etl.transform :   fact_tai_chinh               →  8,990 records
[2026-04-03T16:12:11.180+0000] {transform.py:492} INFO -   fact_tai_chinh               →  8,990 records
[2026-04-03T16:12:11.183+0000] {logging_mixin.py:188} WARNING - [2026-04-03 16:12:11] INFO    etl.transform : ── Bước 3: Tổng hợp đa nguồn ──
[2026-04-03T16:12:11.183+0000] {transform.py:104} INFO - ── Bước 3: Tổng hợp đa nguồn ──
[2026-04-03T16:12:11.186+0000] {logging_mixin.py:188} WARNING - [2026-04-03 16:12:11] INFO    etl.transform : ======================================================================
[2026-04-03T16:12:11.186+0000] {transform.py:107} INFO - ======================================================================
[2026-04-03T16:12:11.188+0000] {logging_mixin.py:188} WARNING - [2026-04-03 16:12:11] INFO    etl.transform : TRANSFORM HOÀN TẤT
[2026-04-03T16:12:11.188+0000] {transform.py:108} INFO - TRANSFORM HOÀN TẤT
[2026-04-03T16:12:11.189+0000] {logging_mixin.py:188} WARNING - [2026-04-03 16:12:11] INFO    etl.transform :    dim_giang_vien           :       45 records
[2026-04-03T16:12:11.189+0000] {transform.py:110} INFO -    dim_giang_vien           :       45 records
[2026-04-03T16:12:11.191+0000] {logging_mixin.py:188} WARNING - [2026-04-03 16:12:11] INFO    etl.transform :    dim_sinh_vien            :    1,695 records
[2026-04-03T16:12:11.191+0000] {transform.py:110} INFO -    dim_sinh_vien            :    1,695 records
[2026-04-03T16:12:11.192+0000] {logging_mixin.py:188} WARNING - [2026-04-03 16:12:11] INFO    etl.transform :    dim_hoc_phan             :      121 records
[2026-04-03T16:12:11.192+0000] {transform.py:110} INFO -    dim_hoc_phan             :      121 records
[2026-04-03T16:12:11.194+0000] {logging_mixin.py:188} WARNING - [2026-04-03 16:12:11] INFO    etl.transform :    dim_thoi_gian            :        9 records
[2026-04-03T16:12:11.193+0000] {transform.py:110} INFO -    dim_thoi_gian            :        9 records
[2026-04-03T16:12:11.195+0000] {logging_mixin.py:188} WARNING - [2026-04-03 16:12:11] INFO    etl.transform :    fact_diem                :   54,529 records
[2026-04-03T16:12:11.195+0000] {transform.py:110} INFO -    fact_diem                :   54,529 records
[2026-04-03T16:12:11.196+0000] {logging_mixin.py:188} WARNING - [2026-04-03 16:12:11] INFO    etl.transform :    fact_ren_luyen           :    8,990 records
[2026-04-03T16:12:11.196+0000] {transform.py:110} INFO -    fact_ren_luyen           :    8,990 records
[2026-04-03T16:12:11.197+0000] {logging_mixin.py:188} WARNING - [2026-04-03 16:12:11] INFO    etl.transform :    fact_tai_chinh           :    8,990 records
[2026-04-03T16:12:11.197+0000] {transform.py:110} INFO -    fact_tai_chinh           :    8,990 records
[2026-04-03T16:12:11.198+0000] {logging_mixin.py:188} WARNING - [2026-04-03 16:12:11] INFO    etl.transform :    fact_tong_hop_sv         :        0 records
[2026-04-03T16:12:11.198+0000] {transform.py:110} INFO -    fact_tong_hop_sv         :        0 records
[2026-04-03T16:12:11.199+0000] {logging_mixin.py:188} WARNING - [2026-04-03 16:12:11] INFO    etl.transform : ======================================================================
[2026-04-03T16:12:11.199+0000] {transform.py:111} INFO - ======================================================================
[2026-04-03T16:12:11.271+0000] {logging_mixin.py:188} WARNING - [2026-04-03 16:12:11] INFO    utils.minio :   MinIO ↑ [staging-data] 2026-04-03_16-12/dim_hoc_ky.parquet (5.3 KB | 9 rows)
[2026-04-03T16:12:11.271+0000] {minio_client.py:142} INFO -   MinIO ↑ [staging-data] 2026-04-03_16-12/dim_hoc_ky.parquet (5.3 KB | 9 rows)
[2026-04-03T16:12:11.289+0000] {logging_mixin.py:188} WARNING - [2026-04-03 16:12:11] INFO    utils.minio :   MinIO ↑ [staging-data] 2026-04-03_16-12/dim_giang_vien.parquet (8.9 KB | 45 rows)
[2026-04-03T16:12:11.289+0000] {minio_client.py:142} INFO -   MinIO ↑ [staging-data] 2026-04-03_16-12/dim_giang_vien.parquet (8.9 KB | 45 rows)
[2026-04-03T16:12:11.309+0000] {logging_mixin.py:188} WARNING - [2026-04-03 16:12:11] INFO    utils.minio :   MinIO ↑ [staging-data] 2026-04-03_16-12/dim_hoc_phan.parquet (11.0 KB | 121 rows)
[2026-04-03T16:12:11.309+0000] {minio_client.py:142} INFO -   MinIO ↑ [staging-data] 2026-04-03_16-12/dim_hoc_phan.parquet (11.0 KB | 121 rows)
[2026-04-03T16:12:11.357+0000] {logging_mixin.py:188} WARNING - [2026-04-03 16:12:11] INFO    utils.minio :   MinIO ↑ [staging-data] 2026-04-03_16-12/dim_sinh_vien.parquet (71.7 KB | 1,695 rows)
[2026-04-03T16:12:11.356+0000] {minio_client.py:142} INFO -   MinIO ↑ [staging-data] 2026-04-03_16-12/dim_sinh_vien.parquet (71.7 KB | 1,695 rows)
[2026-04-03T16:12:11.867+0000] {logging_mixin.py:188} WARNING - [2026-04-03 16:12:11] INFO    utils.minio :   MinIO ↑ [staging-data] 2026-04-03_16-12/fact_diem.parquet (821.9 KB | 54,529 rows)
[2026-04-03T16:12:11.867+0000] {minio_client.py:142} INFO -   MinIO ↑ [staging-data] 2026-04-03_16-12/fact_diem.parquet (821.9 KB | 54,529 rows)
[2026-04-03T16:12:11.912+0000] {logging_mixin.py:188} WARNING - [2026-04-03 16:12:11] INFO    utils.minio :   MinIO ↑ [staging-data] 2026-04-03_16-12/fact_ren_luyen.parquet (38.8 KB | 8,990 rows)
[2026-04-03T16:12:11.912+0000] {minio_client.py:142} INFO -   MinIO ↑ [staging-data] 2026-04-03_16-12/fact_ren_luyen.parquet (38.8 KB | 8,990 rows)
[2026-04-03T16:12:11.958+0000] {logging_mixin.py:188} WARNING - [2026-04-03 16:12:11] INFO    utils.minio :   MinIO ↑ [staging-data] 2026-04-03_16-12/fact_tai_chinh.parquet (65.1 KB | 8,990 rows)
[2026-04-03T16:12:11.957+0000] {minio_client.py:142} INFO -   MinIO ↑ [staging-data] 2026-04-03_16-12/fact_tai_chinh.parquet (65.1 KB | 8,990 rows)
[2026-04-03T16:12:11.959+0000] {logging_mixin.py:188} WARNING - [2026-04-03 16:12:11] WARNING utils.minio :   MinIO skip (empty): fact_tong_hop_sv.parquet
[2026-04-03T16:12:11.959+0000] {minio_client.py:120} WARNING -   MinIO skip (empty): fact_tong_hop_sv.parquet
[2026-04-03T16:12:11.960+0000] {logging_mixin.py:188} WARNING - [2026-04-03 16:12:11] INFO    etl.transform :   MinIO staging-data: 8/8 files OK → run_id=2026-04-03_16-12
[2026-04-03T16:12:11.960+0000] {transform.py:143} INFO -   MinIO staging-data: 8/8 files OK → run_id=2026-04-03_16-12
[2026-04-03T16:12:12.137+0000] {logging_mixin.py:188} INFO - Transform xong: {'dim_giang_vien': 45, 'dim_sinh_vien': 1695, 'dim_hoc_phan': 121, 'dim_thoi_gian': 9, 'fact_diem': 54529, 'fact_ren_luyen': 8990, 'fact_tai_chinh': 8990, 'fact_tong_hop_sv': 0}
[2026-04-03T16:12:12.143+0000] {python.py:201} INFO - Done. Returned value was: {'dim_giang_vien': 45, 'dim_sinh_vien': 1695, 'dim_hoc_phan': 121, 'dim_thoi_gian': 9, 'fact_diem': 54529, 'fact_ren_luyen': 8990, 'fact_tai_chinh': 8990, 'fact_tong_hop_sv': 0}
[2026-04-03T16:12:12.190+0000] {taskinstance.py:1138} INFO - Marking task as SUCCESS. dag_id=daily_student_pipeline, task_id=transform_data, execution_date=20260403T161202, start_date=20260403T161204, end_date=20260403T161212
[2026-04-03T16:12:12.244+0000] {local_task_job_runner.py:234} INFO - Task exited with return code 0
[2026-04-03T16:12:12.285+0000] {taskinstance.py:3280} INFO - 0 downstream tasks scheduled from follow-on schedule check
