[2026-04-27T14:49:36.269+0000] {taskinstance.py:1956} INFO - Dependencies all met for dep_context=non-requeueable deps ti=<TaskInstance: daily_student_pipeline.transform_data manual__2026-04-27T14:49:01.668300+00:00 [queued]>
[2026-04-27T14:49:36.279+0000] {taskinstance.py:1956} INFO - Dependencies all met for dep_context=requeueable deps ti=<TaskInstance: daily_student_pipeline.transform_data manual__2026-04-27T14:49:01.668300+00:00 [queued]>
[2026-04-27T14:49:36.280+0000] {taskinstance.py:2170} INFO - Starting attempt 1 of 1
[2026-04-27T14:49:36.296+0000] {taskinstance.py:2191} INFO - Executing <Task(PythonOperator): transform_data> on 2026-04-27 14:49:01.668300+00:00
[2026-04-27T14:49:36.302+0000] {standard_task_runner.py:60} INFO - Started process 23642 to run task
[2026-04-27T14:49:36.305+0000] {standard_task_runner.py:87} INFO - Running: ['***', 'tasks', 'run', 'daily_student_pipeline', 'transform_data', 'manual__2026-04-27T14:49:01.668300+00:00', '--job-id', '528', '--raw', '--subdir', 'DAGS_FOLDER/daily_student_pipeline.py', '--cfg-path', '/tmp/tmpozuvg2zf']
[2026-04-27T14:49:36.308+0000] {standard_task_runner.py:88} INFO - Job 528: Subtask transform_data
[2026-04-27T14:49:36.385+0000] {task_command.py:423} INFO - Running <TaskInstance: daily_student_pipeline.transform_data manual__2026-04-27T14:49:01.668300+00:00 [running]> on host 759b8b5e27b5
[2026-04-27T14:49:36.480+0000] {taskinstance.py:2480} INFO - Exporting env vars: AIRFLOW_CTX_DAG_OWNER='nhom8' AIRFLOW_CTX_DAG_ID='daily_student_pipeline' AIRFLOW_CTX_TASK_ID='transform_data' AIRFLOW_CTX_EXECUTION_DATE='2026-04-27T14:49:01.668300+00:00' AIRFLOW_CTX_TRY_NUMBER='1' AIRFLOW_CTX_DAG_RUN_ID='manual__2026-04-27T14:49:01.668300+00:00'
[2026-04-27T14:49:37.128+0000] {minio_client.py:283} INFO -   MinIO run mới nhất: 2026-04-27_14-49
[2026-04-27T14:49:37.129+0000] {extract.py:502} INFO -   Load from MinIO staging: run_id=2026-04-27_14-49
[2026-04-27T14:49:37.159+0000] {minio_client.py:223} INFO -   MinIO ↓ [raw-data] 2026-04-27_14-49/nguon1_khoa.parquet (4 rows)
[2026-04-27T14:49:37.171+0000] {minio_client.py:223} INFO -   MinIO ↓ [raw-data] 2026-04-27_14-49/nguon1_nganh.parquet (3 rows)
[2026-04-27T14:49:37.184+0000] {minio_client.py:223} INFO -   MinIO ↓ [raw-data] 2026-04-27_14-49/nguon1_giang_vien.parquet (45 rows)
[2026-04-27T14:49:37.195+0000] {minio_client.py:223} INFO -   MinIO ↓ [raw-data] 2026-04-27_14-49/nguon1_lop_hanh_chinh.parquet (48 rows)
[2026-04-27T14:49:37.207+0000] {minio_client.py:223} INFO -   MinIO ↓ [raw-data] 2026-04-27_14-49/nguon1_sinh_vien.parquet (1,695 rows)
[2026-04-27T14:49:37.218+0000] {minio_client.py:223} INFO -   MinIO ↓ [raw-data] 2026-04-27_14-49/nguon1_hoc_phan.parquet (121 rows)
[2026-04-27T14:49:37.223+0000] {minio_client.py:229} WARNING -   MinIO không tìm thấy: 2026-04-27_14-49/nguon1_hoc_ky.parquet
[2026-04-27T14:49:37.227+0000] {minio_client.py:229} WARNING -   MinIO không tìm thấy: 2026-04-27_14-49/nguon1_dang_ky.parquet
[2026-04-27T14:49:37.230+0000] {minio_client.py:229} WARNING -   MinIO không tìm thấy: 2026-04-27_14-49/nguon1_diem.parquet
[2026-04-27T14:49:37.241+0000] {minio_client.py:223} INFO -   MinIO ↓ [raw-data] 2026-04-27_14-49/nguon1_tong_hop_ket_qua.parquet (1,695 rows)
[2026-04-27T14:49:37.253+0000] {minio_client.py:223} INFO -   MinIO ↓ [raw-data] 2026-04-27_14-49/nguon2_ctsv.parquet (9,962 rows)
[2026-04-27T14:49:37.264+0000] {minio_client.py:223} INFO -   MinIO ↓ [raw-data] 2026-04-27_14-49/nguon3_tai_chinh.parquet (9,670 rows)
[2026-04-27T14:49:37.264+0000] {extract.py:519} INFO -  Load from staging OK — run_id=2026-04-27_14-49
[2026-04-27T14:49:37.265+0000] {transform.py:75} INFO - ==BẮT ĐẦU TRANSFORM==
[2026-04-27T14:49:37.265+0000] {transform.py:76} INFO - ======================================================================
[2026-04-27T14:49:37.266+0000] {transform.py:80} INFO - ── Bước 1: Transform Dimension Tables ──
[2026-04-27T14:49:37.272+0000] {transform.py:213} INFO -   dim_giang_vien              →     45 records
[2026-04-27T14:49:37.275+0000] {transform.py:240} INFO -   dim_hoc_phan                →    121 records
[2026-04-27T14:49:37.287+0000] {transform.py:306} INFO -   dim_sinh_vien               →  1,695 records
[2026-04-27T14:49:37.287+0000] {transform.py:96} INFO - ── Bước 2: Transform Fact Tables ──
[2026-04-27T14:49:37.288+0000] {transform.py:317} WARNING -   fact_diem | Không có dữ liệu điểm hoặc đăng ký
[2026-04-27T14:49:37.290+0000] {transform.py:387} WARNING -   fact_dang_ky | Không có dữ liệu đăng ký
[2026-04-27T14:49:37.307+0000] {transform.py:445} INFO -   fact_ren_luyen              →  9,962 records
[2026-04-27T14:49:37.315+0000] {logging_mixin.py:188} WARNING - /opt/***/src/etl/transform.py:467 UserWarning: The argument 'infer_datetime_format' is deprecated and will be removed in a future version. A strict version of it is now the default, see https://pandas.pydata.org/pdeps/0004-consistent-to-datetime-parsing.html. You can safely remove this argument.
[2026-04-27T14:49:37.322+0000] {transform.py:485} INFO -   fact_tai_chinh              →  9,670 records
[2026-04-27T14:49:37.323+0000] {transform.py:108} INFO - ======================================================================
[2026-04-27T14:49:37.323+0000] {transform.py:109} INFO - TRANSFORM HOÀN TẤT
[2026-04-27T14:49:37.324+0000] {transform.py:111} INFO -    dim_giang_vien           :       45 records
[2026-04-27T14:49:37.324+0000] {transform.py:111} INFO -    dim_sinh_vien            :    1,695 records
[2026-04-27T14:49:37.324+0000] {transform.py:111} INFO -    dim_hoc_phan             :      121 records
[2026-04-27T14:49:37.325+0000] {transform.py:111} INFO -    dim_thoi_gian            :        0 records
[2026-04-27T14:49:37.325+0000] {transform.py:111} INFO -    fact_diem                :        0 records
[2026-04-27T14:49:37.326+0000] {transform.py:111} INFO -    fact_dang_ky             :        0 records
[2026-04-27T14:49:37.326+0000] {transform.py:111} INFO -    fact_ren_luyen           :    9,962 records
[2026-04-27T14:49:37.326+0000] {transform.py:111} INFO -    fact_tai_chinh           :    9,670 records
[2026-04-27T14:49:37.327+0000] {transform.py:112} INFO - ======================================================================
[2026-04-27T14:49:37.335+0000] {minio_client.py:120} WARNING -   MinIO skip (empty): dim_hoc_ky.parquet
[2026-04-27T14:49:37.349+0000] {minio_client.py:142} INFO -   MinIO ↑ [staging-data] 2026-04-27_14-49/dim_giang_vien.parquet (8.9 KB | 45 rows)
[2026-04-27T14:49:37.360+0000] {minio_client.py:142} INFO -   MinIO ↑ [staging-data] 2026-04-27_14-49/dim_hoc_phan.parquet (11.0 KB | 121 rows)
[2026-04-27T14:49:37.377+0000] {minio_client.py:142} INFO -   MinIO ↑ [staging-data] 2026-04-27_14-49/dim_sinh_vien.parquet (71.6 KB | 1,695 rows)
[2026-04-27T14:49:37.377+0000] {minio_client.py:120} WARNING -   MinIO skip (empty): fact_diem.parquet
[2026-04-27T14:49:37.378+0000] {minio_client.py:120} WARNING -   MinIO skip (empty): fact_dang_ky.parquet
[2026-04-27T14:49:37.394+0000] {minio_client.py:142} INFO -   MinIO ↑ [staging-data] 2026-04-27_14-49/fact_ren_luyen.parquet (42.0 KB | 9,962 rows)
[2026-04-27T14:49:37.412+0000] {minio_client.py:142} INFO -   MinIO ↑ [staging-data] 2026-04-27_14-49/fact_tai_chinh.parquet (88.7 KB | 9,670 rows)
[2026-04-27T14:49:37.413+0000] {transform.py:141} INFO -   MinIO staging-data: 8/8 files OK → run_id=2026-04-27_14-49
[2026-04-27T14:49:37.443+0000] {logging_mixin.py:188} INFO - Transform xong: {'dim_giang_vien': 45, 'dim_sinh_vien': 1695, 'dim_hoc_phan': 121, 'dim_thoi_gian': 0, 'fact_diem': 0, 'fact_dang_ky': 0, 'fact_ren_luyen': 9962, 'fact_tai_chinh': 9670}
[2026-04-27T14:49:37.445+0000] {python.py:201} INFO - Done. Returned value was: {'dim_giang_vien': 45, 'dim_sinh_vien': 1695, 'dim_hoc_phan': 121, 'dim_thoi_gian': 0, 'fact_diem': 0, 'fact_dang_ky': 0, 'fact_ren_luyen': 9962, 'fact_tai_chinh': 9670}
[2026-04-27T14:49:37.470+0000] {taskinstance.py:1138} INFO - Marking task as SUCCESS. dag_id=daily_student_pipeline, task_id=transform_data, execution_date=20260427T144901, start_date=20260427T144936, end_date=20260427T144937
[2026-04-27T14:49:37.521+0000] {local_task_job_runner.py:234} INFO - Task exited with return code 0
[2026-04-27T14:49:37.550+0000] {taskinstance.py:3280} INFO - 1 downstream tasks scheduled from follow-on schedule check
