[2026-03-26T14:09:20.861+0000] {taskinstance.py:1956} INFO - Dependencies all met for dep_context=non-requeueable deps ti=<TaskInstance: daily_student_pipeline.load_data manual__2026-03-26T14:08:57.768844+00:00 [queued]>
[2026-03-26T14:09:20.870+0000] {taskinstance.py:1956} INFO - Dependencies all met for dep_context=requeueable deps ti=<TaskInstance: daily_student_pipeline.load_data manual__2026-03-26T14:08:57.768844+00:00 [queued]>
[2026-03-26T14:09:20.871+0000] {taskinstance.py:2170} INFO - Starting attempt 1 of 1
[2026-03-26T14:09:20.883+0000] {taskinstance.py:2191} INFO - Executing <Task(PythonOperator): load_data> on 2026-03-26 14:08:57.768844+00:00
[2026-03-26T14:09:20.888+0000] {standard_task_runner.py:60} INFO - Started process 1716 to run task
[2026-03-26T14:09:20.893+0000] {standard_task_runner.py:87} INFO - Running: ['***', 'tasks', 'run', 'daily_student_pipeline', 'load_data', 'manual__2026-03-26T14:08:57.768844+00:00', '--job-id', '9', '--raw', '--subdir', 'DAGS_FOLDER/daily_student_pipeline.py', '--cfg-path', '/tmp/tmpzjw559_8']
[2026-03-26T14:09:20.895+0000] {standard_task_runner.py:88} INFO - Job 9: Subtask load_data
[2026-03-26T14:09:20.966+0000] {task_command.py:423} INFO - Running <TaskInstance: daily_student_pipeline.load_data manual__2026-03-26T14:08:57.768844+00:00 [running]> on host 8474c56aea3d
[2026-03-26T14:09:21.047+0000] {taskinstance.py:2480} INFO - Exporting env vars: AIRFLOW_CTX_DAG_OWNER='nhom8' AIRFLOW_CTX_DAG_ID='daily_student_pipeline' AIRFLOW_CTX_TASK_ID='load_data' AIRFLOW_CTX_EXECUTION_DATE='2026-03-26T14:08:57.768844+00:00' AIRFLOW_CTX_TRY_NUMBER='1' AIRFLOW_CTX_DAG_RUN_ID='manual__2026-03-26T14:08:57.768844+00:00'
[2026-03-26T14:09:21.706+0000] {logging_mixin.py:188} WARNING - [2026-03-26 14:09:21] INFO    etl.transform :   Load TransformedData từ MinIO staging: run_id=2026-03-26_14-09
[2026-03-26T14:09:21.706+0000] {transform.py:285} INFO -   Load TransformedData từ MinIO staging: run_id=2026-03-26_14-09
[2026-03-26T14:09:21.767+0000] {logging_mixin.py:188} WARNING - [2026-03-26 14:09:21] INFO    utils.minio :   MinIO ↓ [staging-data] 2026-03-26_14-09/dim_hoc_ky.parquet (9 rows)
[2026-03-26T14:09:21.767+0000] {minio_client.py:223} INFO -   MinIO ↓ [staging-data] 2026-03-26_14-09/dim_hoc_ky.parquet (9 rows)
[2026-03-26T14:09:21.783+0000] {logging_mixin.py:188} WARNING - [2026-03-26 14:09:21] INFO    utils.minio :   MinIO ↓ [staging-data] 2026-03-26_14-09/dim_giang_vien.parquet (45 rows)
[2026-03-26T14:09:21.783+0000] {minio_client.py:223} INFO -   MinIO ↓ [staging-data] 2026-03-26_14-09/dim_giang_vien.parquet (45 rows)
[2026-03-26T14:09:21.799+0000] {logging_mixin.py:188} WARNING - [2026-03-26 14:09:21] INFO    utils.minio :   MinIO ↓ [staging-data] 2026-03-26_14-09/dim_hoc_phan.parquet (121 rows)
[2026-03-26T14:09:21.798+0000] {minio_client.py:223} INFO -   MinIO ↓ [staging-data] 2026-03-26_14-09/dim_hoc_phan.parquet (121 rows)
[2026-03-26T14:09:21.818+0000] {logging_mixin.py:188} WARNING - [2026-03-26 14:09:21] INFO    utils.minio :   MinIO ↓ [staging-data] 2026-03-26_14-09/dim_sinh_vien.parquet (1,695 rows)
[2026-03-26T14:09:21.818+0000] {minio_client.py:223} INFO -   MinIO ↓ [staging-data] 2026-03-26_14-09/dim_sinh_vien.parquet (1,695 rows)
[2026-03-26T14:09:21.843+0000] {logging_mixin.py:188} WARNING - [2026-03-26 14:09:21] INFO    utils.minio :   MinIO ↓ [staging-data] 2026-03-26_14-09/fact_diem.parquet (46,575 rows)
[2026-03-26T14:09:21.843+0000] {minio_client.py:223} INFO -   MinIO ↓ [staging-data] 2026-03-26_14-09/fact_diem.parquet (46,575 rows)
[2026-03-26T14:09:21.859+0000] {logging_mixin.py:188} WARNING - [2026-03-26 14:09:21] INFO    utils.minio :   MinIO ↓ [staging-data] 2026-03-26_14-09/fact_ren_luyen.parquet (7,956 rows)
[2026-03-26T14:09:21.858+0000] {minio_client.py:223} INFO -   MinIO ↓ [staging-data] 2026-03-26_14-09/fact_ren_luyen.parquet (7,956 rows)
[2026-03-26T14:09:21.871+0000] {logging_mixin.py:188} WARNING - [2026-03-26 14:09:21] INFO    utils.minio :   MinIO ↓ [staging-data] 2026-03-26_14-09/fact_tai_chinh.parquet (7,956 rows)
[2026-03-26T14:09:21.871+0000] {minio_client.py:223} INFO -   MinIO ↓ [staging-data] 2026-03-26_14-09/fact_tai_chinh.parquet (7,956 rows)
[2026-03-26T14:09:21.885+0000] {logging_mixin.py:188} WARNING - [2026-03-26 14:09:21] INFO    utils.minio :   MinIO ↓ [staging-data] 2026-03-26_14-09/fact_tong_hop_sv.parquet (7,956 rows)
[2026-03-26T14:09:21.885+0000] {minio_client.py:223} INFO -   MinIO ↓ [staging-data] 2026-03-26_14-09/fact_tong_hop_sv.parquet (7,956 rows)
[2026-03-26T14:09:21.887+0000] {logging_mixin.py:188} WARNING - [2026-03-26 14:09:21] INFO    etl.transform : ✅ Load from staging-data OK — run_id=2026-03-26_14-09
[2026-03-26T14:09:21.887+0000] {transform.py:298} INFO - ✅ Load from staging-data OK — run_id=2026-03-26_14-09
[2026-03-26T14:09:21.888+0000] {logging_mixin.py:188} WARNING - [2026-03-26 14:09:21] INFO    etl.load : 📥 BẮT ĐẦU LOAD VÀO DATA WAREHOUSE
[2026-03-26T14:09:21.888+0000] {load.py:55} INFO - 📥 BẮT ĐẦU LOAD VÀO DATA WAREHOUSE
[2026-03-26T14:09:21.890+0000] {logging_mixin.py:188} WARNING - [2026-03-26 14:09:21] INFO    etl.load : ======================================================================
[2026-03-26T14:09:21.890+0000] {load.py:56} INFO - ======================================================================
[2026-03-26T14:09:21.891+0000] {logging_mixin.py:188} WARNING - [2026-03-26 14:09:21] INFO    etl.load :   Tạo schema warehouse từ warehouse_models.py...
[2026-03-26T14:09:21.891+0000] {load.py:130} INFO -   Tạo schema warehouse từ warehouse_models.py...
[2026-03-26T14:09:21.910+0000] {logging_mixin.py:188} WARNING - [2026-03-26 14:09:21] INFO    etl.load :   Schema warehouse OK ✓
[2026-03-26T14:09:21.910+0000] {load.py:132} INFO -   Schema warehouse OK ✓
[2026-03-26T14:09:21.911+0000] {logging_mixin.py:188} WARNING - [2026-03-26 14:09:21] INFO    etl.load : ── Bước 1: Load Dimension Tables ──
[2026-03-26T14:09:21.911+0000] {load.py:64} INFO - ── Bước 1: Load Dimension Tables ──
[2026-03-26T14:09:21.941+0000] {logging_mixin.py:188} WARNING - [2026-03-26 14:09:21] INFO    etl.load :   dim_hoc_ky       →      9 records (new: 0)
[2026-03-26T14:09:21.941+0000] {load.py:233} INFO -   dim_hoc_ky       →      9 records (new: 0)
[2026-03-26T14:09:22.000+0000] {logging_mixin.py:188} WARNING - [2026-03-26 14:09:22] INFO    etl.load :   dim_giang_vien   →     45 records (new: 0)
[2026-03-26T14:09:22.000+0000] {load.py:282} INFO -   dim_giang_vien   →     45 records (new: 0)
[2026-03-26T14:09:22.120+0000] {logging_mixin.py:188} WARNING - [2026-03-26 14:09:22] INFO    etl.load :   dim_hoc_phan     →    121 records (new: 0)
[2026-03-26T14:09:22.119+0000] {load.py:331} INFO -   dim_hoc_phan     →    121 records (new: 0)
[2026-03-26T14:09:24.063+0000] {logging_mixin.py:188} WARNING - [2026-03-26 14:09:24] INFO    etl.load :   dim_sinh_vien    →  1,695 records (new: 0, SCD2 update: 0)
[2026-03-26T14:09:24.063+0000] {load.py:444} INFO -   dim_sinh_vien    →  1,695 records (new: 0, SCD2 update: 0)
[2026-03-26T14:09:24.065+0000] {logging_mixin.py:188} WARNING - [2026-03-26 14:09:24] INFO    etl.load : ── Bước 2: Build Surrogate Key Cache ──
[2026-03-26T14:09:24.065+0000] {load.py:71} INFO - ── Bước 2: Build Surrogate Key Cache ──
[2026-03-26T14:09:24.067+0000] {logging_mixin.py:188} WARNING - [2026-03-26 14:09:24] INFO    etl.load :   Building surrogate key caches...
[2026-03-26T14:09:24.067+0000] {load.py:140} INFO -   Building surrogate key caches...
[2026-03-26T14:09:24.089+0000] {logging_mixin.py:188} WARNING - [2026-03-26 14:09:24] INFO    etl.load :     SV=1695, HP=121, GV=45, HK=9
[2026-03-26T14:09:24.089+0000] {load.py:172} INFO -     SV=1695, HP=121, GV=45, HK=9
[2026-03-26T14:09:24.091+0000] {logging_mixin.py:188} WARNING - [2026-03-26 14:09:24] INFO    etl.load : ── Bước 3: Load Fact Tables ──
[2026-03-26T14:09:24.091+0000] {load.py:75} INFO - ── Bước 3: Load Fact Tables ──
[2026-03-26T14:12:59.341+0000] {logging_mixin.py:188} WARNING - [2026-03-26 14:12:59] INFO    etl.load :   fact_hoc_tap     →      0 records
[2026-03-26T14:12:59.341+0000] {load.py:534} INFO -   fact_hoc_tap     →      0 records
[2026-03-26T14:13:06.063+0000] {logging_mixin.py:188} WARNING - [2026-03-26 14:13:06] INFO    etl.load :   fact_ctsv        →      0 records
[2026-03-26T14:13:06.063+0000] {load.py:598} INFO -   fact_ctsv        →      0 records
[2026-03-26T14:13:16.707+0000] {logging_mixin.py:188} WARNING - [2026-03-26 14:13:16] INFO    etl.load :   fact_tai_chinh   →      0 records
[2026-03-26T14:13:16.707+0000] {load.py:660} INFO -   fact_tai_chinh   →      0 records
[2026-03-26T14:13:16.709+0000] {logging_mixin.py:188} WARNING - [2026-03-26 14:13:16] INFO    etl.load : ── Bước 4: Load Aggregation ──
[2026-03-26T14:13:16.709+0000] {load.py:81} INFO - ── Bước 4: Load Aggregation ──
[2026-03-26T14:13:18.651+0000] {logging_mixin.py:188} WARNING - [2026-03-26 14:13:18] INFO    etl.load :   agg_student_summary →  1,695 records
[2026-03-26T14:13:18.651+0000] {load.py:749} INFO -   agg_student_summary →  1,695 records
[2026-03-26T14:13:18.653+0000] {logging_mixin.py:188} WARNING - [2026-03-26 14:13:18] INFO    etl.load : ======================================================================
[2026-03-26T14:13:18.653+0000] {load.py:85} INFO - ======================================================================
[2026-03-26T14:13:18.653+0000] {logging_mixin.py:188} WARNING - [2026-03-26 14:13:18] INFO    etl.load : ✅ LOAD HOÀN TẤT
[2026-03-26T14:13:18.653+0000] {load.py:86} INFO - ✅ LOAD HOÀN TẤT
[2026-03-26T14:13:18.654+0000] {logging_mixin.py:188} WARNING - [2026-03-26 14:13:18] INFO    etl.load :    dim_hoc_ky               :        9 records
[2026-03-26T14:13:18.654+0000] {load.py:89} INFO -    dim_hoc_ky               :        9 records
[2026-03-26T14:13:18.655+0000] {logging_mixin.py:188} WARNING - [2026-03-26 14:13:18] INFO    etl.load :    dim_giang_vien           :       45 records
[2026-03-26T14:13:18.655+0000] {load.py:89} INFO -    dim_giang_vien           :       45 records
[2026-03-26T14:13:18.655+0000] {logging_mixin.py:188} WARNING - [2026-03-26 14:13:18] INFO    etl.load :    dim_hoc_phan             :      121 records
[2026-03-26T14:13:18.655+0000] {load.py:89} INFO -    dim_hoc_phan             :      121 records
[2026-03-26T14:13:18.656+0000] {logging_mixin.py:188} WARNING - [2026-03-26 14:13:18] INFO    etl.load :    dim_sinh_vien            :        0 records
[2026-03-26T14:13:18.656+0000] {load.py:89} INFO -    dim_sinh_vien            :        0 records
[2026-03-26T14:13:18.656+0000] {logging_mixin.py:188} WARNING - [2026-03-26 14:13:18] INFO    etl.load :    fact_hoc_tap             :        0 records
[2026-03-26T14:13:18.656+0000] {load.py:89} INFO -    fact_hoc_tap             :        0 records
[2026-03-26T14:13:18.657+0000] {logging_mixin.py:188} WARNING - [2026-03-26 14:13:18] INFO    etl.load :    fact_ctsv                :        0 records
[2026-03-26T14:13:18.657+0000] {load.py:89} INFO -    fact_ctsv                :        0 records
[2026-03-26T14:13:18.657+0000] {logging_mixin.py:188} WARNING - [2026-03-26 14:13:18] INFO    etl.load :    fact_tai_chinh           :        0 records
[2026-03-26T14:13:18.657+0000] {load.py:89} INFO -    fact_tai_chinh           :        0 records
[2026-03-26T14:13:18.658+0000] {logging_mixin.py:188} WARNING - [2026-03-26 14:13:18] INFO    etl.load :    agg_student_summary      :    1,695 records
[2026-03-26T14:13:18.658+0000] {load.py:89} INFO -    agg_student_summary      :    1,695 records
[2026-03-26T14:13:18.659+0000] {logging_mixin.py:188} WARNING - [2026-03-26 14:13:18] INFO    etl.load :    TỔNG                     :    1,870 records
[2026-03-26T14:13:18.659+0000] {load.py:91} INFO -    TỔNG                     :    1,870 records
[2026-03-26T14:13:18.660+0000] {logging_mixin.py:188} WARNING - [2026-03-26 14:13:18] INFO    etl.load : ======================================================================
[2026-03-26T14:13:18.660+0000] {load.py:92} INFO - ======================================================================
[2026-03-26T14:13:18.676+0000] {logging_mixin.py:188} INFO - Load xong: {'dim_hoc_ky': 9, 'dim_giang_vien': 45, 'dim_hoc_phan': 121, 'dim_sinh_vien': 0, 'fact_hoc_tap': 0, 'fact_ctsv': 0, 'fact_tai_chinh': 0, 'agg_student_summary': 1695}
[2026-03-26T14:13:18.681+0000] {python.py:201} INFO - Done. Returned value was: {'dim_hoc_ky': 9, 'dim_giang_vien': 45, 'dim_hoc_phan': 121, 'dim_sinh_vien': 0, 'fact_hoc_tap': 0, 'fact_ctsv': 0, 'fact_tai_chinh': 0, 'agg_student_summary': 1695}
[2026-03-26T14:13:18.705+0000] {taskinstance.py:1138} INFO - Marking task as SUCCESS. dag_id=daily_student_pipeline, task_id=load_data, execution_date=20260326T140857, start_date=20260326T140920, end_date=20260326T141318
[2026-03-26T14:13:18.779+0000] {local_task_job_runner.py:234} INFO - Task exited with return code 0
[2026-03-26T14:13:18.803+0000] {taskinstance.py:3280} INFO - 1 downstream tasks scheduled from follow-on schedule check
