[2026-03-26T14:09:20.864+0000] {taskinstance.py:1956} INFO - Dependencies all met for dep_context=non-requeueable deps ti=<TaskInstance: daily_student_pipeline.load_data scheduled__2026-03-25T02:00:00+00:00 [queued]>
[2026-03-26T14:09:20.873+0000] {taskinstance.py:1956} INFO - Dependencies all met for dep_context=requeueable deps ti=<TaskInstance: daily_student_pipeline.load_data scheduled__2026-03-25T02:00:00+00:00 [queued]>
[2026-03-26T14:09:20.874+0000] {taskinstance.py:2170} INFO - Starting attempt 1 of 1
[2026-03-26T14:09:20.886+0000] {taskinstance.py:2191} INFO - Executing <Task(PythonOperator): load_data> on 2026-03-25 02:00:00+00:00
[2026-03-26T14:09:20.891+0000] {standard_task_runner.py:60} INFO - Started process 1717 to run task
[2026-03-26T14:09:20.894+0000] {standard_task_runner.py:87} INFO - Running: ['***', 'tasks', 'run', 'daily_student_pipeline', 'load_data', 'scheduled__2026-03-25T02:00:00+00:00', '--job-id', '10', '--raw', '--subdir', 'DAGS_FOLDER/daily_student_pipeline.py', '--cfg-path', '/tmp/tmpw3a2yktc']
[2026-03-26T14:09:20.896+0000] {standard_task_runner.py:88} INFO - Job 10: Subtask load_data
[2026-03-26T14:09:20.966+0000] {task_command.py:423} INFO - Running <TaskInstance: daily_student_pipeline.load_data scheduled__2026-03-25T02:00:00+00:00 [running]> on host 8474c56aea3d
[2026-03-26T14:09:21.046+0000] {taskinstance.py:2480} INFO - Exporting env vars: AIRFLOW_CTX_DAG_OWNER='nhom8' AIRFLOW_CTX_DAG_ID='daily_student_pipeline' AIRFLOW_CTX_TASK_ID='load_data' AIRFLOW_CTX_EXECUTION_DATE='2026-03-25T02:00:00+00:00' AIRFLOW_CTX_TRY_NUMBER='1' AIRFLOW_CTX_DAG_RUN_ID='scheduled__2026-03-25T02:00:00+00:00'
[2026-03-26T14:09:21.728+0000] {logging_mixin.py:188} WARNING - [2026-03-26 14:09:21] INFO    etl.transform :   Load TransformedData từ MinIO staging: run_id=2026-03-26_14-09
[2026-03-26T14:09:21.727+0000] {transform.py:285} INFO -   Load TransformedData từ MinIO staging: run_id=2026-03-26_14-09
[2026-03-26T14:09:21.777+0000] {logging_mixin.py:188} WARNING - [2026-03-26 14:09:21] INFO    utils.minio :   MinIO ↓ [staging-data] 2026-03-26_14-09/dim_hoc_ky.parquet (9 rows)
[2026-03-26T14:09:21.777+0000] {minio_client.py:223} INFO -   MinIO ↓ [staging-data] 2026-03-26_14-09/dim_hoc_ky.parquet (9 rows)
[2026-03-26T14:09:21.792+0000] {logging_mixin.py:188} WARNING - [2026-03-26 14:09:21] INFO    utils.minio :   MinIO ↓ [staging-data] 2026-03-26_14-09/dim_giang_vien.parquet (45 rows)
[2026-03-26T14:09:21.792+0000] {minio_client.py:223} INFO -   MinIO ↓ [staging-data] 2026-03-26_14-09/dim_giang_vien.parquet (45 rows)
[2026-03-26T14:09:21.805+0000] {logging_mixin.py:188} WARNING - [2026-03-26 14:09:21] INFO    utils.minio :   MinIO ↓ [staging-data] 2026-03-26_14-09/dim_hoc_phan.parquet (121 rows)
[2026-03-26T14:09:21.805+0000] {minio_client.py:223} INFO -   MinIO ↓ [staging-data] 2026-03-26_14-09/dim_hoc_phan.parquet (121 rows)
[2026-03-26T14:09:21.827+0000] {logging_mixin.py:188} WARNING - [2026-03-26 14:09:21] INFO    utils.minio :   MinIO ↓ [staging-data] 2026-03-26_14-09/dim_sinh_vien.parquet (1,695 rows)
[2026-03-26T14:09:21.827+0000] {minio_client.py:223} INFO -   MinIO ↓ [staging-data] 2026-03-26_14-09/dim_sinh_vien.parquet (1,695 rows)
[2026-03-26T14:09:21.851+0000] {logging_mixin.py:188} WARNING - [2026-03-26 14:09:21] INFO    utils.minio :   MinIO ↓ [staging-data] 2026-03-26_14-09/fact_diem.parquet (46,575 rows)
[2026-03-26T14:09:21.851+0000] {minio_client.py:223} INFO -   MinIO ↓ [staging-data] 2026-03-26_14-09/fact_diem.parquet (46,575 rows)
[2026-03-26T14:09:21.866+0000] {logging_mixin.py:188} WARNING - [2026-03-26 14:09:21] INFO    utils.minio :   MinIO ↓ [staging-data] 2026-03-26_14-09/fact_ren_luyen.parquet (7,956 rows)
[2026-03-26T14:09:21.866+0000] {minio_client.py:223} INFO -   MinIO ↓ [staging-data] 2026-03-26_14-09/fact_ren_luyen.parquet (7,956 rows)
[2026-03-26T14:09:21.879+0000] {logging_mixin.py:188} WARNING - [2026-03-26 14:09:21] INFO    utils.minio :   MinIO ↓ [staging-data] 2026-03-26_14-09/fact_tai_chinh.parquet (7,956 rows)
[2026-03-26T14:09:21.879+0000] {minio_client.py:223} INFO -   MinIO ↓ [staging-data] 2026-03-26_14-09/fact_tai_chinh.parquet (7,956 rows)
[2026-03-26T14:09:21.893+0000] {logging_mixin.py:188} WARNING - [2026-03-26 14:09:21] INFO    utils.minio :   MinIO ↓ [staging-data] 2026-03-26_14-09/fact_tong_hop_sv.parquet (7,956 rows)
[2026-03-26T14:09:21.892+0000] {minio_client.py:223} INFO -   MinIO ↓ [staging-data] 2026-03-26_14-09/fact_tong_hop_sv.parquet (7,956 rows)
[2026-03-26T14:09:21.894+0000] {logging_mixin.py:188} WARNING - [2026-03-26 14:09:21] INFO    etl.transform : ✅ Load from staging-data OK — run_id=2026-03-26_14-09
[2026-03-26T14:09:21.894+0000] {transform.py:298} INFO - ✅ Load from staging-data OK — run_id=2026-03-26_14-09
[2026-03-26T14:09:21.896+0000] {logging_mixin.py:188} WARNING - [2026-03-26 14:09:21] INFO    etl.load : 📥 BẮT ĐẦU LOAD VÀO DATA WAREHOUSE
[2026-03-26T14:09:21.896+0000] {load.py:55} INFO - 📥 BẮT ĐẦU LOAD VÀO DATA WAREHOUSE
[2026-03-26T14:09:21.900+0000] {logging_mixin.py:188} WARNING - [2026-03-26 14:09:21] INFO    etl.load : ======================================================================
[2026-03-26T14:09:21.900+0000] {load.py:56} INFO - ======================================================================
[2026-03-26T14:09:21.902+0000] {logging_mixin.py:188} WARNING - [2026-03-26 14:09:21] INFO    etl.load :   Tạo schema warehouse từ warehouse_models.py...
[2026-03-26T14:09:21.902+0000] {load.py:130} INFO -   Tạo schema warehouse từ warehouse_models.py...
[2026-03-26T14:09:21.920+0000] {logging_mixin.py:188} WARNING - [2026-03-26 14:09:21] INFO    etl.load :   Schema warehouse OK ✓
[2026-03-26T14:09:21.920+0000] {load.py:132} INFO -   Schema warehouse OK ✓
[2026-03-26T14:09:21.923+0000] {logging_mixin.py:188} WARNING - [2026-03-26 14:09:21] INFO    etl.load : ── Bước 1: Load Dimension Tables ──
[2026-03-26T14:09:21.923+0000] {load.py:64} INFO - ── Bước 1: Load Dimension Tables ──
[2026-03-26T14:09:21.952+0000] {logging_mixin.py:188} WARNING - [2026-03-26 14:09:21] INFO    etl.load :   dim_hoc_ky       →      9 records (new: 0)
[2026-03-26T14:09:21.952+0000] {load.py:233} INFO -   dim_hoc_ky       →      9 records (new: 0)
[2026-03-26T14:09:22.009+0000] {logging_mixin.py:188} WARNING - [2026-03-26 14:09:22] INFO    etl.load :   dim_giang_vien   →     45 records (new: 0)
[2026-03-26T14:09:22.009+0000] {load.py:282} INFO -   dim_giang_vien   →     45 records (new: 0)
[2026-03-26T14:09:22.126+0000] {logging_mixin.py:188} WARNING - [2026-03-26 14:09:22] INFO    etl.load :   dim_hoc_phan     →    121 records (new: 0)
[2026-03-26T14:09:22.126+0000] {load.py:331} INFO -   dim_hoc_phan     →    121 records (new: 0)
[2026-03-26T14:09:24.056+0000] {logging_mixin.py:188} WARNING - [2026-03-26 14:09:24] INFO    etl.load :   dim_sinh_vien    →  1,695 records (new: 0, SCD2 update: 0)
[2026-03-26T14:09:24.056+0000] {load.py:444} INFO -   dim_sinh_vien    →  1,695 records (new: 0, SCD2 update: 0)
[2026-03-26T14:09:24.058+0000] {logging_mixin.py:188} WARNING - [2026-03-26 14:09:24] INFO    etl.load : ── Bước 2: Build Surrogate Key Cache ──
[2026-03-26T14:09:24.058+0000] {load.py:71} INFO - ── Bước 2: Build Surrogate Key Cache ──
[2026-03-26T14:09:24.061+0000] {logging_mixin.py:188} WARNING - [2026-03-26 14:09:24] INFO    etl.load :   Building surrogate key caches...
[2026-03-26T14:09:24.060+0000] {load.py:140} INFO -   Building surrogate key caches...
[2026-03-26T14:09:24.084+0000] {logging_mixin.py:188} WARNING - [2026-03-26 14:09:24] INFO    etl.load :     SV=1695, HP=121, GV=45, HK=9
[2026-03-26T14:09:24.084+0000] {load.py:172} INFO -     SV=1695, HP=121, GV=45, HK=9
[2026-03-26T14:09:24.086+0000] {logging_mixin.py:188} WARNING - [2026-03-26 14:09:24] INFO    etl.load : ── Bước 3: Load Fact Tables ──
[2026-03-26T14:09:24.086+0000] {load.py:75} INFO - ── Bước 3: Load Fact Tables ──
[2026-03-26T14:11:33.016+0000] {logging_mixin.py:188} WARNING - [2026-03-26 14:11:33] INFO    etl.load :   fact_hoc_tap     →      0 records
[2026-03-26T14:11:33.016+0000] {load.py:534} INFO -   fact_hoc_tap     →      0 records
[2026-03-26T14:11:43.110+0000] {logging_mixin.py:188} WARNING - [2026-03-26 14:11:43] INFO    etl.load :   fact_ctsv        →  7,956 records
[2026-03-26T14:11:43.109+0000] {load.py:598} INFO -   fact_ctsv        →  7,956 records
[2026-03-26T14:11:51.905+0000] {logging_mixin.py:188} WARNING - [2026-03-26 14:11:51] INFO    etl.load :   fact_tai_chinh   →      0 records
[2026-03-26T14:11:51.905+0000] {load.py:660} INFO -   fact_tai_chinh   →      0 records
[2026-03-26T14:11:51.909+0000] {logging_mixin.py:188} WARNING - [2026-03-26 14:11:51] INFO    etl.load : ── Bước 4: Load Aggregation ──
[2026-03-26T14:11:51.909+0000] {load.py:81} INFO - ── Bước 4: Load Aggregation ──
[2026-03-26T14:11:54.230+0000] {logging_mixin.py:188} WARNING - [2026-03-26 14:11:54] INFO    etl.load :   agg_student_summary →  1,695 records
[2026-03-26T14:11:54.230+0000] {load.py:749} INFO -   agg_student_summary →  1,695 records
[2026-03-26T14:11:54.232+0000] {logging_mixin.py:188} WARNING - [2026-03-26 14:11:54] INFO    etl.load : ======================================================================
[2026-03-26T14:11:54.232+0000] {load.py:85} INFO - ======================================================================
[2026-03-26T14:11:54.233+0000] {logging_mixin.py:188} WARNING - [2026-03-26 14:11:54] INFO    etl.load : ✅ LOAD HOÀN TẤT
[2026-03-26T14:11:54.233+0000] {load.py:86} INFO - ✅ LOAD HOÀN TẤT
[2026-03-26T14:11:54.237+0000] {logging_mixin.py:188} WARNING - [2026-03-26 14:11:54] INFO    etl.load :    dim_hoc_ky               :        9 records
[2026-03-26T14:11:54.235+0000] {load.py:89} INFO -    dim_hoc_ky               :        9 records
[2026-03-26T14:11:54.239+0000] {logging_mixin.py:188} WARNING - [2026-03-26 14:11:54] INFO    etl.load :    dim_giang_vien           :       45 records
[2026-03-26T14:11:54.239+0000] {load.py:89} INFO -    dim_giang_vien           :       45 records
[2026-03-26T14:11:54.240+0000] {logging_mixin.py:188} WARNING - [2026-03-26 14:11:54] INFO    etl.load :    dim_hoc_phan             :      121 records
[2026-03-26T14:11:54.240+0000] {load.py:89} INFO -    dim_hoc_phan             :      121 records
[2026-03-26T14:11:54.242+0000] {logging_mixin.py:188} WARNING - [2026-03-26 14:11:54] INFO    etl.load :    dim_sinh_vien            :        0 records
[2026-03-26T14:11:54.242+0000] {load.py:89} INFO -    dim_sinh_vien            :        0 records
[2026-03-26T14:11:54.244+0000] {logging_mixin.py:188} WARNING - [2026-03-26 14:11:54] INFO    etl.load :    fact_hoc_tap             :        0 records
[2026-03-26T14:11:54.244+0000] {load.py:89} INFO -    fact_hoc_tap             :        0 records
[2026-03-26T14:11:54.244+0000] {logging_mixin.py:188} WARNING - [2026-03-26 14:11:54] INFO    etl.load :    fact_ctsv                :    7,956 records
[2026-03-26T14:11:54.244+0000] {load.py:89} INFO -    fact_ctsv                :    7,956 records
[2026-03-26T14:11:54.245+0000] {logging_mixin.py:188} WARNING - [2026-03-26 14:11:54] INFO    etl.load :    fact_tai_chinh           :        0 records
[2026-03-26T14:11:54.245+0000] {load.py:89} INFO -    fact_tai_chinh           :        0 records
[2026-03-26T14:11:54.246+0000] {logging_mixin.py:188} WARNING - [2026-03-26 14:11:54] INFO    etl.load :    agg_student_summary      :    1,695 records
[2026-03-26T14:11:54.246+0000] {load.py:89} INFO -    agg_student_summary      :    1,695 records
[2026-03-26T14:11:54.246+0000] {logging_mixin.py:188} WARNING - [2026-03-26 14:11:54] INFO    etl.load :    TỔNG                     :    9,826 records
[2026-03-26T14:11:54.246+0000] {load.py:91} INFO -    TỔNG                     :    9,826 records
[2026-03-26T14:11:54.247+0000] {logging_mixin.py:188} WARNING - [2026-03-26 14:11:54] INFO    etl.load : ======================================================================
[2026-03-26T14:11:54.247+0000] {load.py:92} INFO - ======================================================================
[2026-03-26T14:11:54.266+0000] {logging_mixin.py:188} INFO - Load xong: {'dim_hoc_ky': 9, 'dim_giang_vien': 45, 'dim_hoc_phan': 121, 'dim_sinh_vien': 0, 'fact_hoc_tap': 0, 'fact_ctsv': 7956, 'fact_tai_chinh': 0, 'agg_student_summary': 1695}
[2026-03-26T14:11:54.269+0000] {python.py:201} INFO - Done. Returned value was: {'dim_hoc_ky': 9, 'dim_giang_vien': 45, 'dim_hoc_phan': 121, 'dim_sinh_vien': 0, 'fact_hoc_tap': 0, 'fact_ctsv': 7956, 'fact_tai_chinh': 0, 'agg_student_summary': 1695}
[2026-03-26T14:11:54.295+0000] {taskinstance.py:1138} INFO - Marking task as SUCCESS. dag_id=daily_student_pipeline, task_id=load_data, execution_date=20260325T020000, start_date=20260326T140920, end_date=20260326T141154
[2026-03-26T14:11:54.345+0000] {local_task_job_runner.py:234} INFO - Task exited with return code 0
[2026-03-26T14:11:54.380+0000] {taskinstance.py:3280} INFO - 1 downstream tasks scheduled from follow-on schedule check
