[2026-04-27T14:24:07.372+0000] {taskinstance.py:1956} INFO - Dependencies all met for dep_context=non-requeueable deps ti=<TaskInstance: daily_student_pipeline.transform_data manual__2026-04-27T14:23:34.468693+00:00 [queued]>
[2026-04-27T14:24:07.382+0000] {taskinstance.py:1956} INFO - Dependencies all met for dep_context=requeueable deps ti=<TaskInstance: daily_student_pipeline.transform_data manual__2026-04-27T14:23:34.468693+00:00 [queued]>
[2026-04-27T14:24:07.383+0000] {taskinstance.py:2170} INFO - Starting attempt 1 of 1
[2026-04-27T14:24:07.397+0000] {taskinstance.py:2191} INFO - Executing <Task(PythonOperator): transform_data> on 2026-04-27 14:23:34.468693+00:00
[2026-04-27T14:24:07.402+0000] {standard_task_runner.py:60} INFO - Started process 22321 to run task
[2026-04-27T14:24:07.405+0000] {standard_task_runner.py:87} INFO - Running: ['***', 'tasks', 'run', 'daily_student_pipeline', 'transform_data', 'manual__2026-04-27T14:23:34.468693+00:00', '--job-id', '520', '--raw', '--subdir', 'DAGS_FOLDER/daily_student_pipeline.py', '--cfg-path', '/tmp/tmpdbxou15y']
[2026-04-27T14:24:07.408+0000] {standard_task_runner.py:88} INFO - Job 520: Subtask transform_data
[2026-04-27T14:24:07.476+0000] {task_command.py:423} INFO - Running <TaskInstance: daily_student_pipeline.transform_data manual__2026-04-27T14:23:34.468693+00:00 [running]> on host 759b8b5e27b5
[2026-04-27T14:24:07.562+0000] {taskinstance.py:2480} INFO - Exporting env vars: AIRFLOW_CTX_DAG_OWNER='nhom8' AIRFLOW_CTX_DAG_ID='daily_student_pipeline' AIRFLOW_CTX_TASK_ID='transform_data' AIRFLOW_CTX_EXECUTION_DATE='2026-04-27T14:23:34.468693+00:00' AIRFLOW_CTX_TRY_NUMBER='1' AIRFLOW_CTX_DAG_RUN_ID='manual__2026-04-27T14:23:34.468693+00:00'
[2026-04-27T14:24:08.185+0000] {minio_client.py:283} INFO -   MinIO run mới nhất: 2026-04-27_14-23
[2026-04-27T14:24:08.185+0000] {extract.py:502} INFO -   Load from MinIO staging: run_id=2026-04-27_14-23
[2026-04-27T14:24:08.221+0000] {minio_client.py:223} INFO -   MinIO ↓ [raw-data] 2026-04-27_14-23/nguon1_khoa.parquet (4 rows)
[2026-04-27T14:24:08.232+0000] {minio_client.py:223} INFO -   MinIO ↓ [raw-data] 2026-04-27_14-23/nguon1_nganh.parquet (3 rows)
[2026-04-27T14:24:08.244+0000] {minio_client.py:223} INFO -   MinIO ↓ [raw-data] 2026-04-27_14-23/nguon1_giang_vien.parquet (45 rows)
[2026-04-27T14:24:08.255+0000] {minio_client.py:223} INFO -   MinIO ↓ [raw-data] 2026-04-27_14-23/nguon1_lop_hanh_chinh.parquet (48 rows)
[2026-04-27T14:24:08.268+0000] {minio_client.py:223} INFO -   MinIO ↓ [raw-data] 2026-04-27_14-23/nguon1_sinh_vien.parquet (1,695 rows)
[2026-04-27T14:24:08.280+0000] {minio_client.py:223} INFO -   MinIO ↓ [raw-data] 2026-04-27_14-23/nguon1_hoc_phan.parquet (121 rows)
[2026-04-27T14:24:08.284+0000] {minio_client.py:229} WARNING -   MinIO không tìm thấy: 2026-04-27_14-23/nguon1_hoc_ky.parquet
[2026-04-27T14:24:08.289+0000] {minio_client.py:229} WARNING -   MinIO không tìm thấy: 2026-04-27_14-23/nguon1_dang_ky.parquet
[2026-04-27T14:24:08.292+0000] {minio_client.py:229} WARNING -   MinIO không tìm thấy: 2026-04-27_14-23/nguon1_diem.parquet
[2026-04-27T14:24:08.303+0000] {minio_client.py:223} INFO -   MinIO ↓ [raw-data] 2026-04-27_14-23/nguon1_tong_hop_ket_qua.parquet (1,695 rows)
[2026-04-27T14:24:08.314+0000] {minio_client.py:223} INFO -   MinIO ↓ [raw-data] 2026-04-27_14-23/nguon2_ctsv.parquet (9,962 rows)
[2026-04-27T14:24:08.327+0000] {minio_client.py:223} INFO -   MinIO ↓ [raw-data] 2026-04-27_14-23/nguon3_tai_chinh.parquet (9,670 rows)
[2026-04-27T14:24:08.328+0000] {extract.py:519} INFO -  Load from staging OK — run_id=2026-04-27_14-23
[2026-04-27T14:24:08.328+0000] {transform.py:75} INFO - ==BẮT ĐẦU TRANSFORM==
[2026-04-27T14:24:08.328+0000] {transform.py:76} INFO - ======================================================================
[2026-04-27T14:24:08.330+0000] {transform.py:80} INFO - ── Bước 1: Transform Dimension Tables ──
[2026-04-27T14:24:08.334+0000] {transform.py:213} INFO -   dim_giang_vien              →     45 records
[2026-04-27T14:24:08.338+0000] {transform.py:240} INFO -   dim_hoc_phan                →    121 records
[2026-04-27T14:24:08.351+0000] {transform.py:306} INFO -   dim_sinh_vien               →  1,695 records
[2026-04-27T14:24:08.351+0000] {transform.py:96} INFO - ── Bước 2: Transform Fact Tables ──
[2026-04-27T14:24:08.352+0000] {transform.py:317} WARNING -   fact_diem | Không có dữ liệu điểm hoặc đăng ký
[2026-04-27T14:24:08.352+0000] {transform.py:387} WARNING -   fact_dang_ky | Không có dữ liệu đăng ký
[2026-04-27T14:24:08.366+0000] {transform.py:445} INFO -   fact_ren_luyen              →  9,962 records
[2026-04-27T14:24:08.374+0000] {logging_mixin.py:188} WARNING - /opt/***/src/etl/transform.py:467 UserWarning: The argument 'infer_datetime_format' is deprecated and will be removed in a future version. A strict version of it is now the default, see https://pandas.pydata.org/pdeps/0004-consistent-to-datetime-parsing.html. You can safely remove this argument.
[2026-04-27T14:24:08.380+0000] {transform.py:485} INFO -   fact_tai_chinh              →  9,670 records
[2026-04-27T14:24:08.381+0000] {transform.py:108} INFO - ======================================================================
[2026-04-27T14:24:08.382+0000] {transform.py:109} INFO - TRANSFORM HOÀN TẤT
[2026-04-27T14:24:08.383+0000] {transform.py:111} INFO -    dim_giang_vien           :       45 records
[2026-04-27T14:24:08.383+0000] {transform.py:111} INFO -    dim_sinh_vien            :    1,695 records
[2026-04-27T14:24:08.384+0000] {transform.py:111} INFO -    dim_hoc_phan             :      121 records
[2026-04-27T14:24:08.385+0000] {transform.py:111} INFO -    dim_thoi_gian            :        0 records
[2026-04-27T14:24:08.385+0000] {transform.py:111} INFO -    fact_diem                :        0 records
[2026-04-27T14:24:08.386+0000] {transform.py:111} INFO -    fact_dang_ky             :        0 records
[2026-04-27T14:24:08.386+0000] {transform.py:111} INFO -    fact_ren_luyen           :    9,962 records
[2026-04-27T14:24:08.387+0000] {transform.py:111} INFO -    fact_tai_chinh           :    9,670 records
[2026-04-27T14:24:08.387+0000] {transform.py:112} INFO - ======================================================================
[2026-04-27T14:24:08.398+0000] {minio_client.py:120} WARNING -   MinIO skip (empty): dim_hoc_ky.parquet
[2026-04-27T14:24:08.410+0000] {minio_client.py:142} INFO -   MinIO ↑ [staging-data] 2026-04-27_14-24/dim_giang_vien.parquet (8.9 KB | 45 rows)
[2026-04-27T14:24:08.421+0000] {minio_client.py:142} INFO -   MinIO ↑ [staging-data] 2026-04-27_14-24/dim_hoc_phan.parquet (11.0 KB | 121 rows)
[2026-04-27T14:24:08.437+0000] {minio_client.py:142} INFO -   MinIO ↑ [staging-data] 2026-04-27_14-24/dim_sinh_vien.parquet (71.6 KB | 1,695 rows)
[2026-04-27T14:24:08.438+0000] {minio_client.py:120} WARNING -   MinIO skip (empty): fact_diem.parquet
[2026-04-27T14:24:08.439+0000] {minio_client.py:120} WARNING -   MinIO skip (empty): fact_dang_ky.parquet
[2026-04-27T14:24:08.457+0000] {minio_client.py:142} INFO -   MinIO ↑ [staging-data] 2026-04-27_14-24/fact_ren_luyen.parquet (42.0 KB | 9,962 rows)
[2026-04-27T14:24:08.475+0000] {minio_client.py:142} INFO -   MinIO ↑ [staging-data] 2026-04-27_14-24/fact_tai_chinh.parquet (88.7 KB | 9,670 rows)
[2026-04-27T14:24:08.475+0000] {transform.py:141} INFO -   MinIO staging-data: 8/8 files OK → run_id=2026-04-27_14-24
[2026-04-27T14:24:08.505+0000] {logging_mixin.py:188} INFO - Transform xong: {'dim_giang_vien': 45, 'dim_sinh_vien': 1695, 'dim_hoc_phan': 121, 'dim_thoi_gian': 0, 'fact_diem': 0, 'fact_dang_ky': 0, 'fact_ren_luyen': 9962, 'fact_tai_chinh': 9670}
[2026-04-27T14:24:08.508+0000] {python.py:201} INFO - Done. Returned value was: {'dim_giang_vien': 45, 'dim_sinh_vien': 1695, 'dim_hoc_phan': 121, 'dim_thoi_gian': 0, 'fact_diem': 0, 'fact_dang_ky': 0, 'fact_ren_luyen': 9962, 'fact_tai_chinh': 9670}
[2026-04-27T14:24:08.533+0000] {taskinstance.py:1138} INFO - Marking task as SUCCESS. dag_id=daily_student_pipeline, task_id=transform_data, execution_date=20260427T142334, start_date=20260427T142407, end_date=20260427T142408
[2026-04-27T14:24:08.582+0000] {local_task_job_runner.py:234} INFO - Task exited with return code 0
[2026-04-27T14:24:08.607+0000] {taskinstance.py:3280} INFO - 1 downstream tasks scheduled from follow-on schedule check
