[2026-04-19T14:20:35.711+0000] {taskinstance.py:1956} INFO - Dependencies all met for dep_context=non-requeueable deps ti=<TaskInstance: daily_student_pipeline.transform_data manual__2026-04-19T14:20:13.473520+00:00 [queued]>
[2026-04-19T14:20:35.719+0000] {taskinstance.py:1956} INFO - Dependencies all met for dep_context=requeueable deps ti=<TaskInstance: daily_student_pipeline.transform_data manual__2026-04-19T14:20:13.473520+00:00 [queued]>
[2026-04-19T14:20:35.720+0000] {taskinstance.py:2170} INFO - Starting attempt 1 of 1
[2026-04-19T14:20:35.734+0000] {taskinstance.py:2191} INFO - Executing <Task(PythonOperator): transform_data> on 2026-04-19 14:20:13.473520+00:00
[2026-04-19T14:20:35.740+0000] {standard_task_runner.py:60} INFO - Started process 2527 to run task
[2026-04-19T14:20:35.742+0000] {standard_task_runner.py:87} INFO - Running: ['***', 'tasks', 'run', 'daily_student_pipeline', 'transform_data', 'manual__2026-04-19T14:20:13.473520+00:00', '--job-id', '367', '--raw', '--subdir', 'DAGS_FOLDER/daily_student_pipeline.py', '--cfg-path', '/tmp/tmp4eocz5p4']
[2026-04-19T14:20:35.745+0000] {standard_task_runner.py:88} INFO - Job 367: Subtask transform_data
[2026-04-19T14:20:35.834+0000] {task_command.py:423} INFO - Running <TaskInstance: daily_student_pipeline.transform_data manual__2026-04-19T14:20:13.473520+00:00 [running]> on host eb2cbdc99987
[2026-04-19T14:20:35.924+0000] {taskinstance.py:2480} INFO - Exporting env vars: AIRFLOW_CTX_DAG_OWNER='nhom8' AIRFLOW_CTX_DAG_ID='daily_student_pipeline' AIRFLOW_CTX_TASK_ID='transform_data' AIRFLOW_CTX_EXECUTION_DATE='2026-04-19T14:20:13.473520+00:00' AIRFLOW_CTX_TRY_NUMBER='1' AIRFLOW_CTX_DAG_RUN_ID='manual__2026-04-19T14:20:13.473520+00:00'
[2026-04-19T14:20:36.530+0000] {logging_mixin.py:188} WARNING - [2026-04-19 14:20:36] INFO    etl.extract :   Load from MinIO staging: run_id=2026-04-19_14-20
[2026-04-19T14:20:36.529+0000] {extract.py:421} INFO -   Load from MinIO staging: run_id=2026-04-19_14-20
[2026-04-19T14:20:36.561+0000] {logging_mixin.py:188} WARNING - [2026-04-19 14:20:36] INFO    utils.minio :   MinIO ↓ [raw-data] 2026-04-19_14-20/nguon1_khoa.parquet (4 rows)
[2026-04-19T14:20:36.561+0000] {minio_client.py:223} INFO -   MinIO ↓ [raw-data] 2026-04-19_14-20/nguon1_khoa.parquet (4 rows)
[2026-04-19T14:20:36.572+0000] {logging_mixin.py:188} WARNING - [2026-04-19 14:20:36] INFO    utils.minio :   MinIO ↓ [raw-data] 2026-04-19_14-20/nguon1_nganh.parquet (3 rows)
[2026-04-19T14:20:36.572+0000] {minio_client.py:223} INFO -   MinIO ↓ [raw-data] 2026-04-19_14-20/nguon1_nganh.parquet (3 rows)
[2026-04-19T14:20:36.582+0000] {logging_mixin.py:188} WARNING - [2026-04-19 14:20:36] INFO    utils.minio :   MinIO ↓ [raw-data] 2026-04-19_14-20/nguon1_giang_vien.parquet (45 rows)
[2026-04-19T14:20:36.582+0000] {minio_client.py:223} INFO -   MinIO ↓ [raw-data] 2026-04-19_14-20/nguon1_giang_vien.parquet (45 rows)
[2026-04-19T14:20:36.593+0000] {logging_mixin.py:188} WARNING - [2026-04-19 14:20:36] INFO    utils.minio :   MinIO ↓ [raw-data] 2026-04-19_14-20/nguon1_lop_hanh_chinh.parquet (48 rows)
[2026-04-19T14:20:36.592+0000] {minio_client.py:223} INFO -   MinIO ↓ [raw-data] 2026-04-19_14-20/nguon1_lop_hanh_chinh.parquet (48 rows)
[2026-04-19T14:20:36.605+0000] {logging_mixin.py:188} WARNING - [2026-04-19 14:20:36] INFO    utils.minio :   MinIO ↓ [raw-data] 2026-04-19_14-20/nguon1_sinh_vien.parquet (1,695 rows)
[2026-04-19T14:20:36.605+0000] {minio_client.py:223} INFO -   MinIO ↓ [raw-data] 2026-04-19_14-20/nguon1_sinh_vien.parquet (1,695 rows)
[2026-04-19T14:20:36.614+0000] {logging_mixin.py:188} WARNING - [2026-04-19 14:20:36] INFO    utils.minio :   MinIO ↓ [raw-data] 2026-04-19_14-20/nguon1_hoc_phan.parquet (121 rows)
[2026-04-19T14:20:36.614+0000] {minio_client.py:223} INFO -   MinIO ↓ [raw-data] 2026-04-19_14-20/nguon1_hoc_phan.parquet (121 rows)
[2026-04-19T14:20:36.624+0000] {logging_mixin.py:188} WARNING - [2026-04-19 14:20:36] INFO    utils.minio :   MinIO ↓ [raw-data] 2026-04-19_14-20/nguon1_hoc_ky.parquet (13 rows)
[2026-04-19T14:20:36.623+0000] {minio_client.py:223} INFO -   MinIO ↓ [raw-data] 2026-04-19_14-20/nguon1_hoc_ky.parquet (13 rows)
[2026-04-19T14:20:36.640+0000] {logging_mixin.py:188} WARNING - [2026-04-19 14:20:36] INFO    utils.minio :   MinIO ↓ [raw-data] 2026-04-19_14-20/nguon1_dang_ky.parquet (56,454 rows)
[2026-04-19T14:20:36.639+0000] {minio_client.py:223} INFO -   MinIO ↓ [raw-data] 2026-04-19_14-20/nguon1_dang_ky.parquet (56,454 rows)
[2026-04-19T14:20:36.671+0000] {logging_mixin.py:188} WARNING - [2026-04-19 14:20:36] INFO    utils.minio :   MinIO ↓ [raw-data] 2026-04-19_14-20/nguon1_diem.parquet (55,974 rows)
[2026-04-19T14:20:36.671+0000] {minio_client.py:223} INFO -   MinIO ↓ [raw-data] 2026-04-19_14-20/nguon1_diem.parquet (55,974 rows)
[2026-04-19T14:20:36.682+0000] {logging_mixin.py:188} WARNING - [2026-04-19 14:20:36] INFO    utils.minio :   MinIO ↓ [raw-data] 2026-04-19_14-20/nguon1_tong_hop_ket_qua.parquet (1,695 rows)
[2026-04-19T14:20:36.682+0000] {minio_client.py:223} INFO -   MinIO ↓ [raw-data] 2026-04-19_14-20/nguon1_tong_hop_ket_qua.parquet (1,695 rows)
[2026-04-19T14:20:36.694+0000] {logging_mixin.py:188} WARNING - [2026-04-19 14:20:36] INFO    utils.minio :   MinIO ↓ [raw-data] 2026-04-19_14-20/nguon2_ctsv.parquet (9,587 rows)
[2026-04-19T14:20:36.694+0000] {minio_client.py:223} INFO -   MinIO ↓ [raw-data] 2026-04-19_14-20/nguon2_ctsv.parquet (9,587 rows)
[2026-04-19T14:20:36.706+0000] {logging_mixin.py:188} WARNING - [2026-04-19 14:20:36] INFO    utils.minio :   MinIO ↓ [raw-data] 2026-04-19_14-20/nguon3_tai_chinh.parquet (9,382 rows)
[2026-04-19T14:20:36.705+0000] {minio_client.py:223} INFO -   MinIO ↓ [raw-data] 2026-04-19_14-20/nguon3_tai_chinh.parquet (9,382 rows)
[2026-04-19T14:20:36.707+0000] {logging_mixin.py:188} WARNING - [2026-04-19 14:20:36] INFO    etl.extract :  Load from staging OK — run_id=2026-04-19_14-20
[2026-04-19T14:20:36.707+0000] {extract.py:438} INFO -  Load from staging OK — run_id=2026-04-19_14-20
[2026-04-19T14:20:36.708+0000] {logging_mixin.py:188} WARNING - [2026-04-19 14:20:36] INFO    etl.transform : ==BẮT ĐẦU TRANSFORM==
[2026-04-19T14:20:36.708+0000] {transform.py:75} INFO - ==BẮT ĐẦU TRANSFORM==
[2026-04-19T14:20:36.709+0000] {logging_mixin.py:188} WARNING - [2026-04-19 14:20:36] INFO    etl.transform : ======================================================================
[2026-04-19T14:20:36.709+0000] {transform.py:76} INFO - ======================================================================
[2026-04-19T14:20:36.711+0000] {logging_mixin.py:188} WARNING - [2026-04-19 14:20:36] INFO    etl.transform : ── Bước 1: Transform Dimension Tables ──
[2026-04-19T14:20:36.711+0000] {transform.py:80} INFO - ── Bước 1: Transform Dimension Tables ──
[2026-04-19T14:20:36.715+0000] {logging_mixin.py:188} WARNING - [2026-04-19 14:20:36] INFO    etl.transform :   dim_thoi_gian               →     13 records
[2026-04-19T14:20:36.715+0000] {transform.py:190} INFO -   dim_thoi_gian               →     13 records
[2026-04-19T14:20:36.720+0000] {logging_mixin.py:188} WARNING - [2026-04-19 14:20:36] INFO    etl.transform :   dim_giang_vien              →     45 records
[2026-04-19T14:20:36.720+0000] {transform.py:213} INFO -   dim_giang_vien              →     45 records
[2026-04-19T14:20:36.724+0000] {logging_mixin.py:188} WARNING - [2026-04-19 14:20:36] INFO    etl.transform :   dim_hoc_phan                →    121 records
[2026-04-19T14:20:36.724+0000] {transform.py:240} INFO -   dim_hoc_phan                →    121 records
[2026-04-19T14:20:36.736+0000] {logging_mixin.py:188} WARNING - [2026-04-19 14:20:36] INFO    etl.transform :   dim_sinh_vien               →  1,695 records
[2026-04-19T14:20:36.736+0000] {transform.py:306} INFO -   dim_sinh_vien               →  1,695 records
[2026-04-19T14:20:36.738+0000] {logging_mixin.py:188} WARNING - [2026-04-19 14:20:36] INFO    etl.transform : ── Bước 2: Transform Fact Tables ──
[2026-04-19T14:20:36.738+0000] {transform.py:96} INFO - ── Bước 2: Transform Fact Tables ──
[2026-04-19T14:20:36.799+0000] {logging_mixin.py:188} WARNING - [2026-04-19 14:20:36] INFO    etl.transform :   fact_diem                   → 55,974 records
[2026-04-19T14:20:36.799+0000] {transform.py:376} INFO -   fact_diem                   → 55,974 records
[2026-04-19T14:20:36.845+0000] {logging_mixin.py:188} WARNING - [2026-04-19 14:20:36] INFO    etl.transform :   fact_dang_ky               → 56,454 records
[2026-04-19T14:20:36.845+0000] {transform.py:413} INFO -   fact_dang_ky               → 56,454 records
[2026-04-19T14:20:36.859+0000] {logging_mixin.py:188} WARNING - [2026-04-19 14:20:36] INFO    etl.transform :   fact_ren_luyen              →  9,587 records
[2026-04-19T14:20:36.859+0000] {transform.py:445} INFO -   fact_ren_luyen              →  9,587 records
[2026-04-19T14:20:36.866+0000] {logging_mixin.py:188} WARNING - /opt/***/src/etl/transform.py:467 UserWarning: The argument 'infer_datetime_format' is deprecated and will be removed in a future version. A strict version of it is now the default, see https://pandas.pydata.org/pdeps/0004-consistent-to-datetime-parsing.html. You can safely remove this argument.
[2026-04-19T14:20:36.871+0000] {logging_mixin.py:188} WARNING - [2026-04-19 14:20:36] INFO    etl.transform :   fact_tai_chinh              →  9,382 records
[2026-04-19T14:20:36.871+0000] {transform.py:485} INFO -   fact_tai_chinh              →  9,382 records
[2026-04-19T14:20:36.873+0000] {logging_mixin.py:188} WARNING - [2026-04-19 14:20:36] INFO    etl.transform : ======================================================================
[2026-04-19T14:20:36.873+0000] {transform.py:108} INFO - ======================================================================
[2026-04-19T14:20:36.874+0000] {logging_mixin.py:188} WARNING - [2026-04-19 14:20:36] INFO    etl.transform : TRANSFORM HOÀN TẤT
[2026-04-19T14:20:36.874+0000] {transform.py:109} INFO - TRANSFORM HOÀN TẤT
[2026-04-19T14:20:36.875+0000] {logging_mixin.py:188} WARNING - [2026-04-19 14:20:36] INFO    etl.transform :    dim_giang_vien           :       45 records
[2026-04-19T14:20:36.875+0000] {transform.py:111} INFO -    dim_giang_vien           :       45 records
[2026-04-19T14:20:36.876+0000] {logging_mixin.py:188} WARNING - [2026-04-19 14:20:36] INFO    etl.transform :    dim_sinh_vien            :    1,695 records
[2026-04-19T14:20:36.876+0000] {transform.py:111} INFO -    dim_sinh_vien            :    1,695 records
[2026-04-19T14:20:36.878+0000] {logging_mixin.py:188} WARNING - [2026-04-19 14:20:36] INFO    etl.transform :    dim_hoc_phan             :      121 records
[2026-04-19T14:20:36.877+0000] {transform.py:111} INFO -    dim_hoc_phan             :      121 records
[2026-04-19T14:20:36.878+0000] {logging_mixin.py:188} WARNING - [2026-04-19 14:20:36] INFO    etl.transform :    dim_thoi_gian            :       13 records
[2026-04-19T14:20:36.878+0000] {transform.py:111} INFO -    dim_thoi_gian            :       13 records
[2026-04-19T14:20:36.880+0000] {logging_mixin.py:188} WARNING - [2026-04-19 14:20:36] INFO    etl.transform :    fact_diem                :   55,974 records
[2026-04-19T14:20:36.880+0000] {transform.py:111} INFO -    fact_diem                :   55,974 records
[2026-04-19T14:20:36.880+0000] {logging_mixin.py:188} WARNING - [2026-04-19 14:20:36] INFO    etl.transform :    fact_dang_ky             :   56,454 records
[2026-04-19T14:20:36.880+0000] {transform.py:111} INFO -    fact_dang_ky             :   56,454 records
[2026-04-19T14:20:36.881+0000] {logging_mixin.py:188} WARNING - [2026-04-19 14:20:36] INFO    etl.transform :    fact_ren_luyen           :    9,587 records
[2026-04-19T14:20:36.881+0000] {transform.py:111} INFO -    fact_ren_luyen           :    9,587 records
[2026-04-19T14:20:36.882+0000] {logging_mixin.py:188} WARNING - [2026-04-19 14:20:36] INFO    etl.transform :    fact_tai_chinh           :    9,382 records
[2026-04-19T14:20:36.882+0000] {transform.py:111} INFO -    fact_tai_chinh           :    9,382 records
[2026-04-19T14:20:36.884+0000] {logging_mixin.py:188} WARNING - [2026-04-19 14:20:36] INFO    etl.transform : ======================================================================
[2026-04-19T14:20:36.883+0000] {transform.py:112} INFO - ======================================================================
[2026-04-19T14:20:36.904+0000] {logging_mixin.py:188} WARNING - [2026-04-19 14:20:36] INFO    utils.minio :   MinIO ↑ [staging-data] 2026-04-19_14-20/dim_hoc_ky.parquet (5.4 KB | 13 rows)
[2026-04-19T14:20:36.904+0000] {minio_client.py:142} INFO -   MinIO ↑ [staging-data] 2026-04-19_14-20/dim_hoc_ky.parquet (5.4 KB | 13 rows)
[2026-04-19T14:20:36.915+0000] {logging_mixin.py:188} WARNING - [2026-04-19 14:20:36] INFO    utils.minio :   MinIO ↑ [staging-data] 2026-04-19_14-20/dim_giang_vien.parquet (8.9 KB | 45 rows)
[2026-04-19T14:20:36.915+0000] {minio_client.py:142} INFO -   MinIO ↑ [staging-data] 2026-04-19_14-20/dim_giang_vien.parquet (8.9 KB | 45 rows)
[2026-04-19T14:20:36.927+0000] {logging_mixin.py:188} WARNING - [2026-04-19 14:20:36] INFO    utils.minio :   MinIO ↑ [staging-data] 2026-04-19_14-20/dim_hoc_phan.parquet (11.0 KB | 121 rows)
[2026-04-19T14:20:36.927+0000] {minio_client.py:142} INFO -   MinIO ↑ [staging-data] 2026-04-19_14-20/dim_hoc_phan.parquet (11.0 KB | 121 rows)
[2026-04-19T14:20:36.947+0000] {logging_mixin.py:188} WARNING - [2026-04-19 14:20:36] INFO    utils.minio :   MinIO ↑ [staging-data] 2026-04-19_14-20/dim_sinh_vien.parquet (71.7 KB | 1,695 rows)
[2026-04-19T14:20:36.947+0000] {minio_client.py:142} INFO -   MinIO ↑ [staging-data] 2026-04-19_14-20/dim_sinh_vien.parquet (71.7 KB | 1,695 rows)
[2026-04-19T14:20:37.008+0000] {logging_mixin.py:188} WARNING - [2026-04-19 14:20:37] INFO    utils.minio :   MinIO ↑ [staging-data] 2026-04-19_14-20/fact_diem.parquet (850.5 KB | 55,974 rows)
[2026-04-19T14:20:37.008+0000] {minio_client.py:142} INFO -   MinIO ↑ [staging-data] 2026-04-19_14-20/fact_diem.parquet (850.5 KB | 55,974 rows)
[2026-04-19T14:20:37.060+0000] {logging_mixin.py:188} WARNING - [2026-04-19 14:20:37] INFO    utils.minio :   MinIO ↑ [staging-data] 2026-04-19_14-20/fact_dang_ky.parquet (487.0 KB | 56,454 rows)
[2026-04-19T14:20:37.060+0000] {minio_client.py:142} INFO -   MinIO ↑ [staging-data] 2026-04-19_14-20/fact_dang_ky.parquet (487.0 KB | 56,454 rows)
[2026-04-19T14:20:37.078+0000] {logging_mixin.py:188} WARNING - [2026-04-19 14:20:37] INFO    utils.minio :   MinIO ↑ [staging-data] 2026-04-19_14-20/fact_ren_luyen.parquet (41.8 KB | 9,587 rows)
[2026-04-19T14:20:37.078+0000] {minio_client.py:142} INFO -   MinIO ↑ [staging-data] 2026-04-19_14-20/fact_ren_luyen.parquet (41.8 KB | 9,587 rows)
[2026-04-19T14:20:37.096+0000] {logging_mixin.py:188} WARNING - [2026-04-19 14:20:37] INFO    utils.minio :   MinIO ↑ [staging-data] 2026-04-19_14-20/fact_tai_chinh.parquet (93.6 KB | 9,382 rows)
[2026-04-19T14:20:37.096+0000] {minio_client.py:142} INFO -   MinIO ↑ [staging-data] 2026-04-19_14-20/fact_tai_chinh.parquet (93.6 KB | 9,382 rows)
[2026-04-19T14:20:37.097+0000] {logging_mixin.py:188} WARNING - [2026-04-19 14:20:37] INFO    etl.transform :   MinIO staging-data: 8/8 files OK → run_id=2026-04-19_14-20
[2026-04-19T14:20:37.097+0000] {transform.py:141} INFO -   MinIO staging-data: 8/8 files OK → run_id=2026-04-19_14-20
[2026-04-19T14:20:37.129+0000] {logging_mixin.py:188} INFO - Transform xong: {'dim_giang_vien': 45, 'dim_sinh_vien': 1695, 'dim_hoc_phan': 121, 'dim_thoi_gian': 13, 'fact_diem': 55974, 'fact_dang_ky': 56454, 'fact_ren_luyen': 9587, 'fact_tai_chinh': 9382}
[2026-04-19T14:20:37.132+0000] {python.py:201} INFO - Done. Returned value was: {'dim_giang_vien': 45, 'dim_sinh_vien': 1695, 'dim_hoc_phan': 121, 'dim_thoi_gian': 13, 'fact_diem': 55974, 'fact_dang_ky': 56454, 'fact_ren_luyen': 9587, 'fact_tai_chinh': 9382}
[2026-04-19T14:20:37.156+0000] {taskinstance.py:1138} INFO - Marking task as SUCCESS. dag_id=daily_student_pipeline, task_id=transform_data, execution_date=20260419T142013, start_date=20260419T142035, end_date=20260419T142037
[2026-04-19T14:20:37.198+0000] {local_task_job_runner.py:234} INFO - Task exited with return code 0
[2026-04-19T14:20:37.222+0000] {taskinstance.py:3280} INFO - 1 downstream tasks scheduled from follow-on schedule check
