[2026-04-06T09:30:41.510+0000] {taskinstance.py:1956} INFO - Dependencies all met for dep_context=non-requeueable deps ti=<TaskInstance: daily_student_pipeline.alert_success manual__2026-04-06T09:26:24.559175+00:00 [queued]>
[2026-04-06T09:30:41.523+0000] {taskinstance.py:1956} INFO - Dependencies all met for dep_context=requeueable deps ti=<TaskInstance: daily_student_pipeline.alert_success manual__2026-04-06T09:26:24.559175+00:00 [queued]>
[2026-04-06T09:30:41.524+0000] {taskinstance.py:2170} INFO - Starting attempt 1 of 1
[2026-04-06T09:30:41.546+0000] {taskinstance.py:2191} INFO - Executing <Task(PythonOperator): alert_success> on 2026-04-06 09:26:24.559175+00:00
[2026-04-06T09:30:41.553+0000] {standard_task_runner.py:60} INFO - Started process 6081 to run task
[2026-04-06T09:30:41.556+0000] {standard_task_runner.py:87} INFO - Running: ['***', 'tasks', 'run', 'daily_student_pipeline', 'alert_success', 'manual__2026-04-06T09:26:24.559175+00:00', '--job-id', '278', '--raw', '--subdir', 'DAGS_FOLDER/daily_student_pipeline.py', '--cfg-path', '/tmp/tmp8dn1c4vf']
[2026-04-06T09:30:41.559+0000] {standard_task_runner.py:88} INFO - Job 278: Subtask alert_success
[2026-04-06T09:30:41.667+0000] {task_command.py:423} INFO - Running <TaskInstance: daily_student_pipeline.alert_success manual__2026-04-06T09:26:24.559175+00:00 [running]> on host 1c62953c8918
[2026-04-06T09:30:41.810+0000] {taskinstance.py:2480} INFO - Exporting env vars: AIRFLOW_CTX_DAG_OWNER='nhom8' AIRFLOW_CTX_DAG_ID='daily_student_pipeline' AIRFLOW_CTX_TASK_ID='alert_success' AIRFLOW_CTX_EXECUTION_DATE='2026-04-06T09:26:24.559175+00:00' AIRFLOW_CTX_TRY_NUMBER='1' AIRFLOW_CTX_DAG_RUN_ID='manual__2026-04-06T09:26:24.559175+00:00'
[2026-04-06T09:30:41.831+0000] {logging_mixin.py:188} INFO - ==================================================
[2026-04-06T09:30:41.832+0000] {logging_mixin.py:188} INFO - ✅ Validation Summary | run_id: 2026-04-06_09-26
[2026-04-06T09:30:41.833+0000] {logging_mixin.py:188} INFO -    Status: PASSED
[2026-04-06T09:30:41.834+0000] {logging_mixin.py:188} INFO -    Evaluated: 51
[2026-04-06T09:30:41.834+0000] {logging_mixin.py:188} INFO -    Passed:    51
[2026-04-06T09:30:41.836+0000] {logging_mixin.py:188} INFO -    Failed:    0
[2026-04-06T09:30:41.836+0000] {logging_mixin.py:188} INFO - ==================================================
[2026-04-06T09:30:41.837+0000] {python.py:201} INFO - Done. Returned value was: None
[2026-04-06T09:30:41.852+0000] {taskinstance.py:1138} INFO - Marking task as SUCCESS. dag_id=daily_student_pipeline, task_id=alert_success, execution_date=20260406T092624, start_date=20260406T093041, end_date=20260406T093041
[2026-04-06T09:30:41.891+0000] {local_task_job_runner.py:234} INFO - Task exited with return code 0
[2026-04-06T09:30:41.919+0000] {taskinstance.py:3280} INFO - 0 downstream tasks scheduled from follow-on schedule check
