[2026-04-18T09:42:43.459+0000] {taskinstance.py:1956} INFO - Dependencies all met for dep_context=non-requeueable deps ti=<TaskInstance: daily_student_pipeline.extract_data scheduled__2026-04-17T02:00:00+00:00 [queued]>
[2026-04-18T09:42:43.489+0000] {taskinstance.py:1956} INFO - Dependencies all met for dep_context=requeueable deps ti=<TaskInstance: daily_student_pipeline.extract_data scheduled__2026-04-17T02:00:00+00:00 [queued]>
[2026-04-18T09:42:43.490+0000] {taskinstance.py:2170} INFO - Starting attempt 1 of 1
[2026-04-18T09:42:43.528+0000] {taskinstance.py:2191} INFO - Executing <Task(PythonOperator): extract_data> on 2026-04-17 02:00:00+00:00
[2026-04-18T09:42:43.548+0000] {standard_task_runner.py:60} INFO - Started process 232 to run task
[2026-04-18T09:42:43.558+0000] {standard_task_runner.py:87} INFO - Running: ['***', 'tasks', 'run', 'daily_student_pipeline', 'extract_data', 'scheduled__2026-04-17T02:00:00+00:00', '--job-id', '291', '--raw', '--subdir', 'DAGS_FOLDER/daily_student_pipeline.py', '--cfg-path', '/tmp/tmpme4mwnp0']
[2026-04-18T09:42:43.591+0000] {standard_task_runner.py:88} INFO - Job 291: Subtask extract_data
[2026-04-18T09:42:43.988+0000] {task_command.py:423} INFO - Running <TaskInstance: daily_student_pipeline.extract_data scheduled__2026-04-17T02:00:00+00:00 [running]> on host 1c62953c8918
[2026-04-18T09:42:44.472+0000] {taskinstance.py:2480} INFO - Exporting env vars: AIRFLOW_CTX_DAG_OWNER='nhom8' AIRFLOW_CTX_DAG_ID='daily_student_pipeline' AIRFLOW_CTX_TASK_ID='extract_data' AIRFLOW_CTX_EXECUTION_DATE='2026-04-17T02:00:00+00:00' AIRFLOW_CTX_TRY_NUMBER='1' AIRFLOW_CTX_DAG_RUN_ID='scheduled__2026-04-17T02:00:00+00:00'
[2026-04-18T09:42:48.401+0000] {logging_mixin.py:188} WARNING - [2026-04-18 09:42:48] INFO    etl.extract : ==BẮT ĐẦU FULL EXTRACT==
[2026-04-18T09:42:48.401+0000] {extract.py:279} INFO - ==BẮT ĐẦU FULL EXTRACT==
[2026-04-18T09:42:48.407+0000] {logging_mixin.py:188} WARNING - [2026-04-18 09:42:48] INFO    etl.extract : ======================================================================
[2026-04-18T09:42:48.407+0000] {extract.py:280} INFO - ======================================================================
[2026-04-18T09:42:48.424+0000] {logging_mixin.py:188} WARNING - [2026-04-18 09:42:48] INFO    etl.extract : ════════════════════════════════════════════════════════════
[2026-04-18T09:42:48.424+0000] {extract.py:83} INFO - ════════════════════════════════════════════════════════════
[2026-04-18T09:42:48.434+0000] {logging_mixin.py:188} WARNING - [2026-04-18 09:42:48] INFO    etl.extract : NGUỒN 1 — PostgreSQL (Phòng Đào tạo) | Full Extract
[2026-04-18T09:42:48.433+0000] {extract.py:84} INFO - NGUỒN 1 — PostgreSQL (Phòng Đào tạo) | Full Extract
[2026-04-18T09:42:48.438+0000] {logging_mixin.py:188} WARNING - [2026-04-18 09:42:48] INFO    etl.extract : ════════════════════════════════════════════════════════════
[2026-04-18T09:42:48.437+0000] {extract.py:85} INFO - ════════════════════════════════════════════════════════════
[2026-04-18T09:42:48.921+0000] {logging_mixin.py:188} WARNING - [2026-04-18 09:42:48] INFO    etl.extract :   PostgreSQL | khoa                      →      4 records
[2026-04-18T09:42:48.921+0000] {extract.py:67} INFO -   PostgreSQL | khoa                      →      4 records
[2026-04-18T09:42:49.028+0000] {logging_mixin.py:188} WARNING - [2026-04-18 09:42:49] INFO    etl.extract :   PostgreSQL | nganh                     →      3 records
[2026-04-18T09:42:49.027+0000] {extract.py:67} INFO -   PostgreSQL | nganh                     →      3 records
[2026-04-18T09:42:49.170+0000] {logging_mixin.py:188} WARNING - [2026-04-18 09:42:49] INFO    etl.extract :   PostgreSQL | giang_vien                →     45 records
[2026-04-18T09:42:49.169+0000] {extract.py:67} INFO -   PostgreSQL | giang_vien                →     45 records
[2026-04-18T09:42:49.372+0000] {logging_mixin.py:188} WARNING - [2026-04-18 09:42:49] INFO    etl.extract :   PostgreSQL | lop_hanh_chinh            →     48 records
[2026-04-18T09:42:49.372+0000] {extract.py:67} INFO -   PostgreSQL | lop_hanh_chinh            →     48 records
[2026-04-18T09:42:49.669+0000] {logging_mixin.py:188} WARNING - [2026-04-18 09:42:49] INFO    etl.extract :   PostgreSQL | sinh_vien                 →  1,695 records
[2026-04-18T09:42:49.669+0000] {extract.py:67} INFO -   PostgreSQL | sinh_vien                 →  1,695 records
[2026-04-18T09:42:49.804+0000] {logging_mixin.py:188} WARNING - [2026-04-18 09:42:49] INFO    etl.extract :   PostgreSQL | hoc_phan                  →    121 records
[2026-04-18T09:42:49.804+0000] {extract.py:67} INFO -   PostgreSQL | hoc_phan                  →    121 records
[2026-04-18T09:42:49.866+0000] {logging_mixin.py:188} WARNING - [2026-04-18 09:42:49] INFO    etl.extract :   PostgreSQL | hoc_ky_nam_hoc            →      9 records
[2026-04-18T09:42:49.866+0000] {extract.py:67} INFO -   PostgreSQL | hoc_ky_nam_hoc            →      9 records
[2026-04-18T09:42:52.154+0000] {logging_mixin.py:188} WARNING - [2026-04-18 09:42:52] INFO    etl.extract :   PostgreSQL | dang_ky_hoc_phan          → 58,001 records
[2026-04-18T09:42:52.154+0000] {extract.py:67} INFO -   PostgreSQL | dang_ky_hoc_phan          → 58,001 records
[2026-04-18T09:42:54.808+0000] {logging_mixin.py:188} WARNING - [2026-04-18 09:42:54] INFO    etl.extract :   PostgreSQL | diem_hoc_phan             → 58,001 records
[2026-04-18T09:42:54.807+0000] {extract.py:67} INFO -   PostgreSQL | diem_hoc_phan             → 58,001 records
[2026-04-18T09:42:54.979+0000] {logging_mixin.py:188} WARNING - [2026-04-18 09:42:54] INFO    etl.extract :   PostgreSQL | tong_hop_ket_qua          →  1,695 records
[2026-04-18T09:42:54.979+0000] {extract.py:67} INFO -   PostgreSQL | tong_hop_ket_qua          →  1,695 records
[2026-04-18T09:42:54.981+0000] {logging_mixin.py:188} WARNING - [2026-04-18 09:42:54] INFO    etl.extract :   PostgreSQL | TỔNG: 119,622 records từ 10 bảng
[2026-04-18T09:42:54.981+0000] {extract.py:92} INFO -   PostgreSQL | TỔNG: 119,622 records từ 10 bảng
[2026-04-18T09:42:54.983+0000] {logging_mixin.py:188} WARNING - [2026-04-18 09:42:54] INFO    etl.extract : ════════════════════════════════════════════════════════════
[2026-04-18T09:42:54.983+0000] {extract.py:165} INFO - ════════════════════════════════════════════════════════════
[2026-04-18T09:42:54.984+0000] {logging_mixin.py:188} WARNING - [2026-04-18 09:42:54] INFO    etl.extract : NGUỒN 2 — CSV (Phòng CTSV) | Extract
[2026-04-18T09:42:54.984+0000] {extract.py:166} INFO - NGUỒN 2 — CSV (Phòng CTSV) | Extract
[2026-04-18T09:42:54.985+0000] {logging_mixin.py:188} WARNING - [2026-04-18 09:42:54] INFO    etl.extract : ════════════════════════════════════════════════════════════
[2026-04-18T09:42:54.985+0000] {extract.py:167} INFO - ════════════════════════════════════════════════════════════
[2026-04-18T09:42:54.990+0000] {logging_mixin.py:188} WARNING - [2026-04-18 09:42:54] INFO    etl.extract :   CSV | Tìm thấy 9 file(s)
[2026-04-18T09:42:54.990+0000] {extract.py:176} INFO -   CSV | Tìm thấy 9 file(s)
[2026-04-18T09:42:55.117+0000] {logging_mixin.py:188} WARNING - [2026-04-18 09:42:55] INFO    etl.extract :   CSV | ctsv_HK1_2021_22.csv                →    780 records
[2026-04-18T09:42:55.117+0000] {extract.py:142} INFO -   CSV | ctsv_HK1_2021_22.csv                →    780 records
[2026-04-18T09:42:55.154+0000] {logging_mixin.py:188} WARNING - [2026-04-18 09:42:55] INFO    etl.extract :   CSV | ctsv_HK1_2022_23.csv                →  1,611 records
[2026-04-18T09:42:55.154+0000] {extract.py:142} INFO -   CSV | ctsv_HK1_2022_23.csv                →  1,611 records
[2026-04-18T09:42:55.195+0000] {logging_mixin.py:188} WARNING - [2026-04-18 09:42:55] INFO    etl.extract :   CSV | ctsv_HK1_2023_24.csv                →  2,466 records
[2026-04-18T09:42:55.195+0000] {extract.py:142} INFO -   CSV | ctsv_HK1_2023_24.csv                →  2,466 records
[2026-04-18T09:42:55.339+0000] {logging_mixin.py:188} WARNING - [2026-04-18 09:42:55] INFO    etl.extract :   CSV | ctsv_HK1_2024_25.csv                →  3,306 records
[2026-04-18T09:42:55.339+0000] {extract.py:142} INFO -   CSV | ctsv_HK1_2024_25.csv                →  3,306 records
[2026-04-18T09:42:55.357+0000] {logging_mixin.py:188} WARNING - [2026-04-18 09:42:55] INFO    etl.extract :   CSV | ctsv_HK1_2025_26.csv                →  2,506 records
[2026-04-18T09:42:55.357+0000] {extract.py:142} INFO -   CSV | ctsv_HK1_2025_26.csv                →  2,506 records
[2026-04-18T09:42:55.376+0000] {logging_mixin.py:188} WARNING - [2026-04-18 09:42:55] INFO    etl.extract :   CSV | ctsv_HK2_2021_22.csv                →    780 records
[2026-04-18T09:42:55.376+0000] {extract.py:142} INFO -   CSV | ctsv_HK2_2021_22.csv                →    780 records
[2026-04-18T09:42:55.398+0000] {logging_mixin.py:188} WARNING - [2026-04-18 09:42:55] INFO    etl.extract :   CSV | ctsv_HK2_2022_23.csv                →  1,604 records
[2026-04-18T09:42:55.398+0000] {extract.py:142} INFO -   CSV | ctsv_HK2_2022_23.csv                →  1,604 records
[2026-04-18T09:42:55.428+0000] {logging_mixin.py:188} WARNING - [2026-04-18 09:42:55] INFO    etl.extract :   CSV | ctsv_HK2_2023_24.csv                →  2,453 records
[2026-04-18T09:42:55.428+0000] {extract.py:142} INFO -   CSV | ctsv_HK2_2023_24.csv                →  2,453 records
[2026-04-18T09:42:55.552+0000] {logging_mixin.py:188} WARNING - [2026-04-18 09:42:55] INFO    etl.extract :   CSV | ctsv_HK2_2024_25.csv                →  2,915 records
[2026-04-18T09:42:55.552+0000] {extract.py:142} INFO -   CSV | ctsv_HK2_2024_25.csv                →  2,915 records
[2026-04-18T09:42:55.578+0000] {logging_mixin.py:188} WARNING - [2026-04-18 09:42:55] INFO    etl.extract :   CSV | Loại bỏ 9183 bản ghi trùng
[2026-04-18T09:42:55.578+0000] {extract.py:193} INFO -   CSV | Loại bỏ 9183 bản ghi trùng
[2026-04-18T09:42:55.582+0000] {logging_mixin.py:188} WARNING - [2026-04-18 09:42:55] INFO    etl.extract :   CSV | TỔNG: 9,238 records từ 9 file(s)
[2026-04-18T09:42:55.582+0000] {extract.py:195} INFO -   CSV | TỔNG: 9,238 records từ 9 file(s)
[2026-04-18T09:42:55.673+0000] {logging_mixin.py:188} WARNING - [2026-04-18 09:42:55] INFO    etl.extract :   API | (JSON) taichinh_HK1_2021_22.json →    390 records
[2026-04-18T09:42:55.673+0000] {extract.py:244} INFO -   API | (JSON) taichinh_HK1_2021_22.json →    390 records
[2026-04-18T09:42:55.740+0000] {logging_mixin.py:188} WARNING - [2026-04-18 09:42:55] INFO    etl.extract :   API | (JSON) taichinh_HK1_2022_23.json →    802 records
[2026-04-18T09:42:55.739+0000] {extract.py:244} INFO -   API | (JSON) taichinh_HK1_2022_23.json →    802 records
[2026-04-18T09:42:55.800+0000] {logging_mixin.py:188} WARNING - [2026-04-18 09:42:55] INFO    etl.extract :   API | (JSON) taichinh_HK1_2023_24.json →  1,229 records
[2026-04-18T09:42:55.800+0000] {extract.py:244} INFO -   API | (JSON) taichinh_HK1_2023_24.json →  1,229 records
[2026-04-18T09:42:55.863+0000] {logging_mixin.py:188} WARNING - [2026-04-18 09:42:55] INFO    etl.extract :   API | (JSON) taichinh_HK1_2024_25.json →  1,646 records
[2026-04-18T09:42:55.863+0000] {extract.py:244} INFO -   API | (JSON) taichinh_HK1_2024_25.json →  1,646 records
[2026-04-18T09:42:55.918+0000] {logging_mixin.py:188} WARNING - [2026-04-18 09:42:55] INFO    etl.extract :   API | (JSON) taichinh_HK1_2025_26.json →  1,245 records
[2026-04-18T09:42:55.918+0000] {extract.py:244} INFO -   API | (JSON) taichinh_HK1_2025_26.json →  1,245 records
[2026-04-18T09:42:55.970+0000] {logging_mixin.py:188} WARNING - [2026-04-18 09:42:55] INFO    etl.extract :   API | (JSON) taichinh_HK2_2021_22.json →    390 records
[2026-04-18T09:42:55.970+0000] {extract.py:244} INFO -   API | (JSON) taichinh_HK2_2021_22.json →    390 records
[2026-04-18T09:42:56.031+0000] {logging_mixin.py:188} WARNING - [2026-04-18 09:42:56] INFO    etl.extract :   API | (JSON) taichinh_HK2_2022_23.json →    799 records
[2026-04-18T09:42:56.030+0000] {extract.py:244} INFO -   API | (JSON) taichinh_HK2_2022_23.json →    799 records
[2026-04-18T09:42:56.100+0000] {logging_mixin.py:188} WARNING - [2026-04-18 09:42:56] INFO    etl.extract :   API | (JSON) taichinh_HK2_2023_24.json →  1,223 records
[2026-04-18T09:42:56.099+0000] {extract.py:244} INFO -   API | (JSON) taichinh_HK2_2023_24.json →  1,223 records
[2026-04-18T09:42:56.180+0000] {logging_mixin.py:188} WARNING - [2026-04-18 09:42:56] INFO    etl.extract :   API | (JSON) taichinh_HK2_2024_25.json →  1,514 records
[2026-04-18T09:42:56.180+0000] {extract.py:244} INFO -   API | (JSON) taichinh_HK2_2024_25.json →  1,514 records
[2026-04-18T09:42:56.217+0000] {logging_mixin.py:188} WARNING - [2026-04-18 09:42:56] INFO    etl.extract :   API | TỔNG: 9,238 records từ 9 HK
[2026-04-18T09:42:56.216+0000] {extract.py:268} INFO -   API | TỔNG: 9,238 records từ 9 HK
[2026-04-18T09:42:58.412+0000] {logging_mixin.py:188} WARNING - [2026-04-18 09:42:58] INFO    utils.minio :   MinIO ↑ [raw-data] 2026-04-18_09-42/nguon1_sinh_vien.parquet (47.6 KB | 1,695 rows)
[2026-04-18T09:42:58.412+0000] {minio_client.py:142} INFO -   MinIO ↑ [raw-data] 2026-04-18_09-42/nguon1_sinh_vien.parquet (47.6 KB | 1,695 rows)
[2026-04-18T09:42:59.025+0000] {logging_mixin.py:188} WARNING - [2026-04-18 09:42:59] INFO    utils.minio :   MinIO ↑ [raw-data] 2026-04-18_09-42/nguon1_dang_ky.parquet (493.4 KB | 58,001 rows)
[2026-04-18T09:42:59.025+0000] {minio_client.py:142} INFO -   MinIO ↑ [raw-data] 2026-04-18_09-42/nguon1_dang_ky.parquet (493.4 KB | 58,001 rows)
[2026-04-18T09:42:59.175+0000] {logging_mixin.py:188} WARNING - [2026-04-18 09:42:59] INFO    utils.minio :   MinIO ↑ [raw-data] 2026-04-18_09-42/nguon1_diem.parquet (1180.5 KB | 58,001 rows)
[2026-04-18T09:42:59.175+0000] {minio_client.py:142} INFO -   MinIO ↑ [raw-data] 2026-04-18_09-42/nguon1_diem.parquet (1180.5 KB | 58,001 rows)
[2026-04-18T09:42:59.198+0000] {logging_mixin.py:188} WARNING - [2026-04-18 09:42:59] INFO    utils.minio :   MinIO ↑ [raw-data] 2026-04-18_09-42/nguon1_hoc_phan.parquet (10.3 KB | 121 rows)
[2026-04-18T09:42:59.197+0000] {minio_client.py:142} INFO -   MinIO ↑ [raw-data] 2026-04-18_09-42/nguon1_hoc_phan.parquet (10.3 KB | 121 rows)
[2026-04-18T09:42:59.218+0000] {logging_mixin.py:188} WARNING - [2026-04-18 09:42:59] INFO    utils.minio :   MinIO ↑ [raw-data] 2026-04-18_09-42/nguon1_hoc_ky.parquet (4.1 KB | 9 rows)
[2026-04-18T09:42:59.218+0000] {minio_client.py:142} INFO -   MinIO ↑ [raw-data] 2026-04-18_09-42/nguon1_hoc_ky.parquet (4.1 KB | 9 rows)
[2026-04-18T09:42:59.246+0000] {logging_mixin.py:188} WARNING - [2026-04-18 09:42:59] INFO    utils.minio :   MinIO ↑ [raw-data] 2026-04-18_09-42/nguon1_giang_vien.parquet (8.3 KB | 45 rows)
[2026-04-18T09:42:59.246+0000] {minio_client.py:142} INFO -   MinIO ↑ [raw-data] 2026-04-18_09-42/nguon1_giang_vien.parquet (8.3 KB | 45 rows)
[2026-04-18T09:42:59.272+0000] {logging_mixin.py:188} WARNING - [2026-04-18 09:42:59] INFO    utils.minio :   MinIO ↑ [raw-data] 2026-04-18_09-42/nguon1_khoa.parquet (2.6 KB | 4 rows)
[2026-04-18T09:42:59.272+0000] {minio_client.py:142} INFO -   MinIO ↑ [raw-data] 2026-04-18_09-42/nguon1_khoa.parquet (2.6 KB | 4 rows)
[2026-04-18T09:42:59.302+0000] {logging_mixin.py:188} WARNING - [2026-04-18 09:42:59] INFO    utils.minio :   MinIO ↑ [raw-data] 2026-04-18_09-42/nguon1_nganh.parquet (3.2 KB | 3 rows)
[2026-04-18T09:42:59.302+0000] {minio_client.py:142} INFO -   MinIO ↑ [raw-data] 2026-04-18_09-42/nguon1_nganh.parquet (3.2 KB | 3 rows)
[2026-04-18T09:42:59.326+0000] {logging_mixin.py:188} WARNING - [2026-04-18 09:42:59] INFO    utils.minio :   MinIO ↑ [raw-data] 2026-04-18_09-42/nguon1_lop_hanh_chinh.parquet (4.8 KB | 48 rows)
[2026-04-18T09:42:59.326+0000] {minio_client.py:142} INFO -   MinIO ↑ [raw-data] 2026-04-18_09-42/nguon1_lop_hanh_chinh.parquet (4.8 KB | 48 rows)
[2026-04-18T09:42:59.371+0000] {logging_mixin.py:188} WARNING - [2026-04-18 09:42:59] INFO    utils.minio :   MinIO ↑ [raw-data] 2026-04-18_09-42/nguon1_tong_hop_ket_qua.parquet (21.6 KB | 1,695 rows)
[2026-04-18T09:42:59.371+0000] {minio_client.py:142} INFO -   MinIO ↑ [raw-data] 2026-04-18_09-42/nguon1_tong_hop_ket_qua.parquet (21.6 KB | 1,695 rows)
[2026-04-18T09:42:59.414+0000] {logging_mixin.py:188} WARNING - [2026-04-18 09:42:59] INFO    utils.minio :   MinIO ↑ [raw-data] 2026-04-18_09-42/nguon2_ctsv.parquet (38.2 KB | 9,238 rows)
[2026-04-18T09:42:59.413+0000] {minio_client.py:142} INFO -   MinIO ↑ [raw-data] 2026-04-18_09-42/nguon2_ctsv.parquet (38.2 KB | 9,238 rows)
[2026-04-18T09:42:59.454+0000] {logging_mixin.py:188} WARNING - [2026-04-18 09:42:59] INFO    utils.minio :   MinIO ↑ [raw-data] 2026-04-18_09-42/nguon3_tai_chinh.parquet (66.6 KB | 9,238 rows)
[2026-04-18T09:42:59.453+0000] {minio_client.py:142} INFO -   MinIO ↑ [raw-data] 2026-04-18_09-42/nguon3_tai_chinh.parquet (66.6 KB | 9,238 rows)
[2026-04-18T09:42:59.457+0000] {logging_mixin.py:188} WARNING - [2026-04-18 09:42:59] INFO    utils.minio :   MinIO upload xong: 12/12 files | run_id=2026-04-18_09-42
[2026-04-18T09:42:59.457+0000] {minio_client.py:188} INFO -   MinIO upload xong: 12/12 files | run_id=2026-04-18_09-42
[2026-04-18T09:42:59.459+0000] {logging_mixin.py:188} WARNING - [2026-04-18 09:42:59] INFO    etl.extract :   MinIO staging: 12/12 files OK → run_id=2026-04-18_09-42
[2026-04-18T09:42:59.459+0000] {extract.py:335} INFO -   MinIO staging: 12/12 files OK → run_id=2026-04-18_09-42
[2026-04-18T09:42:59.463+0000] {logging_mixin.py:188} WARNING - [2026-04-18 09:42:59] INFO    etl.extract : ======================================================================
[2026-04-18T09:42:59.462+0000] {extract.py:298} INFO - ======================================================================
[2026-04-18T09:42:59.465+0000] {logging_mixin.py:188} WARNING - [2026-04-18 09:42:59] INFO    etl.extract :  FULL EXTRACT HOÀN TẤT
[2026-04-18T09:42:59.465+0000] {extract.py:299} INFO -  FULL EXTRACT HOÀN TẤT
[2026-04-18T09:42:59.468+0000] {logging_mixin.py:188} WARNING - [2026-04-18 09:42:59] INFO    etl.extract :    khoa                     :        4
[2026-04-18T09:42:59.468+0000] {extract.py:301} INFO -    khoa                     :        4
[2026-04-18T09:42:59.473+0000] {logging_mixin.py:188} WARNING - [2026-04-18 09:42:59] INFO    etl.extract :    nganh                    :        3
[2026-04-18T09:42:59.473+0000] {extract.py:301} INFO -    nganh                    :        3
[2026-04-18T09:42:59.479+0000] {logging_mixin.py:188} WARNING - [2026-04-18 09:42:59] INFO    etl.extract :    giang_vien               :       45
[2026-04-18T09:42:59.478+0000] {extract.py:301} INFO -    giang_vien               :       45
[2026-04-18T09:42:59.481+0000] {logging_mixin.py:188} WARNING - [2026-04-18 09:42:59] INFO    etl.extract :    lop_hanh_chinh           :       48
[2026-04-18T09:42:59.480+0000] {extract.py:301} INFO -    lop_hanh_chinh           :       48
[2026-04-18T09:42:59.484+0000] {logging_mixin.py:188} WARNING - [2026-04-18 09:42:59] INFO    etl.extract :    sinh_vien                :    1,695
[2026-04-18T09:42:59.484+0000] {extract.py:301} INFO -    sinh_vien                :    1,695
[2026-04-18T09:42:59.487+0000] {logging_mixin.py:188} WARNING - [2026-04-18 09:42:59] INFO    etl.extract :    hoc_phan                 :      121
[2026-04-18T09:42:59.487+0000] {extract.py:301} INFO -    hoc_phan                 :      121
[2026-04-18T09:42:59.490+0000] {logging_mixin.py:188} WARNING - [2026-04-18 09:42:59] INFO    etl.extract :    hoc_ky_nam_hoc           :        9
[2026-04-18T09:42:59.490+0000] {extract.py:301} INFO -    hoc_ky_nam_hoc           :        9
[2026-04-18T09:42:59.492+0000] {logging_mixin.py:188} WARNING - [2026-04-18 09:42:59] INFO    etl.extract :    dang_ky_hoc_phan         :   58,001
[2026-04-18T09:42:59.492+0000] {extract.py:301} INFO -    dang_ky_hoc_phan         :   58,001
[2026-04-18T09:42:59.494+0000] {logging_mixin.py:188} WARNING - [2026-04-18 09:42:59] INFO    etl.extract :    diem_hoc_phan            :   58,001
[2026-04-18T09:42:59.494+0000] {extract.py:301} INFO -    diem_hoc_phan            :   58,001
[2026-04-18T09:42:59.496+0000] {logging_mixin.py:188} WARNING - [2026-04-18 09:42:59] INFO    etl.extract :    tong_hop_ket_qua         :    1,695
[2026-04-18T09:42:59.496+0000] {extract.py:301} INFO -    tong_hop_ket_qua         :    1,695
[2026-04-18T09:42:59.499+0000] {logging_mixin.py:188} WARNING - [2026-04-18 09:42:59] INFO    etl.extract :    ctsv_data                :    9,238
[2026-04-18T09:42:59.499+0000] {extract.py:301} INFO -    ctsv_data                :    9,238
[2026-04-18T09:42:59.502+0000] {logging_mixin.py:188} WARNING - [2026-04-18 09:42:59] INFO    etl.extract :    tai_chinh_data           :    9,238
[2026-04-18T09:42:59.502+0000] {extract.py:301} INFO -    tai_chinh_data           :    9,238
[2026-04-18T09:42:59.507+0000] {logging_mixin.py:188} WARNING - [2026-04-18 09:42:59] INFO    etl.extract : ======================================================================
[2026-04-18T09:42:59.507+0000] {extract.py:302} INFO - ======================================================================
[2026-04-18T09:42:59.599+0000] {logging_mixin.py:188} INFO - Extract xong: {'khoa': 4, 'nganh': 3, 'giang_vien': 45, 'lop_hanh_chinh': 48, 'sinh_vien': 1695, 'hoc_phan': 121, 'hoc_ky_nam_hoc': 9, 'dang_ky_hoc_phan': 58001, 'diem_hoc_phan': 58001, 'tong_hop_ket_qua': 1695, 'ctsv_data': 9238, 'tai_chinh_data': 9238}
[2026-04-18T09:42:59.626+0000] {python.py:201} INFO - Done. Returned value was: {'khoa': 4, 'nganh': 3, 'giang_vien': 45, 'lop_hanh_chinh': 48, 'sinh_vien': 1695, 'hoc_phan': 121, 'hoc_ky_nam_hoc': 9, 'dang_ky_hoc_phan': 58001, 'diem_hoc_phan': 58001, 'tong_hop_ket_qua': 1695, 'ctsv_data': 9238, 'tai_chinh_data': 9238}
[2026-04-18T09:42:59.690+0000] {taskinstance.py:1138} INFO - Marking task as SUCCESS. dag_id=daily_student_pipeline, task_id=extract_data, execution_date=20260417T020000, start_date=20260418T094243, end_date=20260418T094259
[2026-04-18T09:42:59.848+0000] {local_task_job_runner.py:234} INFO - Task exited with return code 0
[2026-04-18T09:42:59.937+0000] {taskinstance.py:3280} INFO - 0 downstream tasks scheduled from follow-on schedule check
