[2026-04-19T10:10:45.359+0000] {taskinstance.py:1956} INFO - Dependencies all met for dep_context=non-requeueable deps ti=<TaskInstance: daily_student_pipeline.alert_success manual__2026-04-19T10:09:55.148018+00:00 [queued]>
[2026-04-19T10:10:45.366+0000] {taskinstance.py:1956} INFO - Dependencies all met for dep_context=requeueable deps ti=<TaskInstance: daily_student_pipeline.alert_success manual__2026-04-19T10:09:55.148018+00:00 [queued]>
[2026-04-19T10:10:45.367+0000] {taskinstance.py:2170} INFO - Starting attempt 1 of 1
[2026-04-19T10:10:45.376+0000] {taskinstance.py:2191} INFO - Executing <Task(PythonOperator): alert_success> on 2026-04-19 10:09:55.148018+00:00
[2026-04-19T10:10:45.381+0000] {standard_task_runner.py:60} INFO - Started process 9972 to run task
[2026-04-19T10:10:45.384+0000] {standard_task_runner.py:87} INFO - Running: ['***', 'tasks', 'run', 'daily_student_pipeline', 'alert_success', 'manual__2026-04-19T10:09:55.148018+00:00', '--job-id', '356', '--raw', '--subdir', 'DAGS_FOLDER/daily_student_pipeline.py', '--cfg-path', '/tmp/tmpk9q4d_y8']
[2026-04-19T10:10:45.386+0000] {standard_task_runner.py:88} INFO - Job 356: Subtask alert_success
[2026-04-19T10:10:45.450+0000] {task_command.py:423} INFO - Running <TaskInstance: daily_student_pipeline.alert_success manual__2026-04-19T10:09:55.148018+00:00 [running]> on host eb2cbdc99987
[2026-04-19T10:10:45.545+0000] {taskinstance.py:2480} INFO - Exporting env vars: AIRFLOW_CTX_DAG_OWNER='nhom8' AIRFLOW_CTX_DAG_ID='daily_student_pipeline' AIRFLOW_CTX_TASK_ID='alert_success' AIRFLOW_CTX_EXECUTION_DATE='2026-04-19T10:09:55.148018+00:00' AIRFLOW_CTX_TRY_NUMBER='1' AIRFLOW_CTX_DAG_RUN_ID='manual__2026-04-19T10:09:55.148018+00:00'
[2026-04-19T10:10:45.560+0000] {logging_mixin.py:188} INFO - ==================================================
[2026-04-19T10:10:45.560+0000] {logging_mixin.py:188} INFO - ✅ Validation Summary | run_id: 2026-04-19_10-10
[2026-04-19T10:10:45.561+0000] {logging_mixin.py:188} INFO -    Status: PASSED
[2026-04-19T10:10:45.562+0000] {logging_mixin.py:188} INFO -    Evaluated: 51
[2026-04-19T10:10:45.562+0000] {logging_mixin.py:188} INFO -    Passed:    51
[2026-04-19T10:10:45.562+0000] {logging_mixin.py:188} INFO -    Failed:    0
[2026-04-19T10:10:45.563+0000] {logging_mixin.py:188} INFO - ==================================================
[2026-04-19T10:10:45.563+0000] {python.py:201} INFO - Done. Returned value was: None
[2026-04-19T10:10:45.573+0000] {taskinstance.py:1138} INFO - Marking task as SUCCESS. dag_id=daily_student_pipeline, task_id=alert_success, execution_date=20260419T100955, start_date=20260419T101045, end_date=20260419T101045
[2026-04-19T10:10:45.597+0000] {local_task_job_runner.py:234} INFO - Task exited with return code 0
[2026-04-19T10:10:45.618+0000] {taskinstance.py:3280} INFO - 0 downstream tasks scheduled from follow-on schedule check
