[2026-05-01T02:00:03.481+0000] {taskinstance.py:1956} INFO - Dependencies all met for dep_context=non-requeueable deps ti=<TaskInstance: daily_student_pipeline.extract_group.extract_api scheduled__2026-04-30T02:00:00+00:00 [queued]>
[2026-05-01T02:00:03.490+0000] {taskinstance.py:1956} INFO - Dependencies all met for dep_context=requeueable deps ti=<TaskInstance: daily_student_pipeline.extract_group.extract_api scheduled__2026-04-30T02:00:00+00:00 [queued]>
[2026-05-01T02:00:03.491+0000] {taskinstance.py:2170} INFO - Starting attempt 1 of 1
[2026-05-01T02:00:03.502+0000] {taskinstance.py:2191} INFO - Executing <Task(PythonOperator): extract_group.extract_api> on 2026-04-30 02:00:00+00:00
[2026-05-01T02:00:03.507+0000] {standard_task_runner.py:60} INFO - Started process 763 to run task
[2026-05-01T02:00:03.509+0000] {standard_task_runner.py:87} INFO - Running: ['***', 'tasks', 'run', 'daily_student_pipeline', 'extract_group.extract_api', 'scheduled__2026-04-30T02:00:00+00:00', '--job-id', '593', '--raw', '--subdir', 'DAGS_FOLDER/daily_student_pipeline.py', '--cfg-path', '/tmp/tmpvbmqextr']
[2026-05-01T02:00:03.512+0000] {standard_task_runner.py:88} INFO - Job 593: Subtask extract_group.extract_api
[2026-05-01T02:00:03.579+0000] {task_command.py:423} INFO - Running <TaskInstance: daily_student_pipeline.extract_group.extract_api scheduled__2026-04-30T02:00:00+00:00 [running]> on host 485f600440bc
[2026-05-01T02:00:03.660+0000] {taskinstance.py:2480} INFO - Exporting env vars: AIRFLOW_CTX_DAG_OWNER='nhom8' AIRFLOW_CTX_DAG_ID='daily_student_pipeline' AIRFLOW_CTX_TASK_ID='extract_group.extract_api' AIRFLOW_CTX_EXECUTION_DATE='2026-04-30T02:00:00+00:00' AIRFLOW_CTX_TRY_NUMBER='1' AIRFLOW_CTX_DAG_RUN_ID='scheduled__2026-04-30T02:00:00+00:00'
[2026-05-01T02:00:06.651+0000] {extract.py:67} INFO -   PostgreSQL | hoc_ky_nam_hoc            →     13 records
[2026-05-01T02:00:06.652+0000] {extract.py:367} INFO - ════════════════════════════════════════════════════════════
[2026-05-01T02:00:06.653+0000] {extract.py:368} INFO - NGUỒN 3 — API/JSON (Portal Tài chính) | Extract
[2026-05-01T02:00:06.653+0000] {extract.py:369} INFO - ════════════════════════════════════════════════════════════
[2026-05-01T02:00:06.658+0000] {extract.py:253} INFO -   API | Tìm thấy 14 JSON file trong: /opt/***/data/api_json
[2026-05-01T02:00:06.733+0000] {extract.py:392} INFO -   API | (taichinh_all.json) → 9,675 records (dedup: 64)
[2026-05-01T02:00:06.846+0000] {minio_client.py:142} INFO -   MinIO ↑ [raw-data] 2026-05-01_02-00/nguon3_tai_chinh.parquet (95.6 KB | 9,675 rows)
[2026-05-01T02:00:06.851+0000] {logging_mixin.py:188} INFO - [Extract API] 9,675 records | run_id=2026-05-01_02-00
[2026-05-01T02:00:06.852+0000] {python.py:201} INFO - Done. Returned value was: 9675
[2026-05-01T02:00:06.880+0000] {taskinstance.py:1138} INFO - Marking task as SUCCESS. dag_id=daily_student_pipeline, task_id=extract_group.extract_api, execution_date=20260430T020000, start_date=20260501T020003, end_date=20260501T020006
[2026-05-01T02:00:06.904+0000] {local_task_job_runner.py:234} INFO - Task exited with return code 0
[2026-05-01T02:00:06.927+0000] {taskinstance.py:3280} INFO - 0 downstream tasks scheduled from follow-on schedule check
