[2026-04-28T00:56:30.470+0000] {processor.py:161} INFO - Started process (PID=187) to work on /opt/airflow/dags/weekly_summary_pipeline.py
[2026-04-28T00:56:30.472+0000] {processor.py:830} INFO - Processing file /opt/airflow/dags/weekly_summary_pipeline.py for tasks to queue
[2026-04-28T00:56:30.475+0000] {logging_mixin.py:188} INFO - [2026-04-28T00:56:30.474+0000] {dagbag.py:538} INFO - Filling up the DagBag from /opt/airflow/dags/weekly_summary_pipeline.py
[2026-04-28T00:56:30.511+0000] {processor.py:840} INFO - DAG(s) 'weekly_summary_pipeline' retrieved from /opt/airflow/dags/weekly_summary_pipeline.py
[2026-04-28T00:56:30.579+0000] {logging_mixin.py:188} INFO - [2026-04-28T00:56:30.578+0000] {dag.py:3036} INFO - Sync 1 DAGs
[2026-04-28T00:56:30.613+0000] {logging_mixin.py:188} INFO - [2026-04-28T00:56:30.613+0000] {dag.py:3823} INFO - Setting next_dagrun for weekly_summary_pipeline to 2026-04-27 06:00:00+00:00, run_after=2026-05-04 06:00:00+00:00
[2026-04-28T00:56:30.643+0000] {processor.py:183} INFO - Processing /opt/airflow/dags/weekly_summary_pipeline.py took 0.178 seconds
[2026-04-28T00:57:01.012+0000] {processor.py:161} INFO - Started process (PID=202) to work on /opt/airflow/dags/weekly_summary_pipeline.py
[2026-04-28T00:57:01.013+0000] {processor.py:830} INFO - Processing file /opt/airflow/dags/weekly_summary_pipeline.py for tasks to queue
[2026-04-28T00:57:01.014+0000] {logging_mixin.py:188} INFO - [2026-04-28T00:57:01.014+0000] {dagbag.py:538} INFO - Filling up the DagBag from /opt/airflow/dags/weekly_summary_pipeline.py
[2026-04-28T00:57:01.035+0000] {processor.py:840} INFO - DAG(s) 'weekly_summary_pipeline' retrieved from /opt/airflow/dags/weekly_summary_pipeline.py
[2026-04-28T00:57:01.049+0000] {logging_mixin.py:188} INFO - [2026-04-28T00:57:01.049+0000] {dag.py:3036} INFO - Sync 1 DAGs
[2026-04-28T00:57:01.072+0000] {logging_mixin.py:188} INFO - [2026-04-28T00:57:01.072+0000] {dag.py:3823} INFO - Setting next_dagrun for weekly_summary_pipeline to 2026-04-27 06:00:00+00:00, run_after=2026-05-04 06:00:00+00:00
[2026-04-28T00:57:01.091+0000] {processor.py:183} INFO - Processing /opt/airflow/dags/weekly_summary_pipeline.py took 0.083 seconds
[2026-04-28T00:57:32.109+0000] {processor.py:161} INFO - Started process (PID=225) to work on /opt/airflow/dags/weekly_summary_pipeline.py
[2026-04-28T00:57:32.110+0000] {processor.py:830} INFO - Processing file /opt/airflow/dags/weekly_summary_pipeline.py for tasks to queue
[2026-04-28T00:57:32.111+0000] {logging_mixin.py:188} INFO - [2026-04-28T00:57:32.111+0000] {dagbag.py:538} INFO - Filling up the DagBag from /opt/airflow/dags/weekly_summary_pipeline.py
[2026-04-28T00:57:32.128+0000] {processor.py:840} INFO - DAG(s) 'weekly_summary_pipeline' retrieved from /opt/airflow/dags/weekly_summary_pipeline.py
[2026-04-28T00:57:32.246+0000] {logging_mixin.py:188} INFO - [2026-04-28T00:57:32.246+0000] {dag.py:3036} INFO - Sync 1 DAGs
[2026-04-28T00:57:32.263+0000] {logging_mixin.py:188} INFO - [2026-04-28T00:57:32.263+0000] {dag.py:3823} INFO - Setting next_dagrun for weekly_summary_pipeline to 2026-04-27 06:00:00+00:00, run_after=2026-05-04 06:00:00+00:00
[2026-04-28T00:57:32.282+0000] {processor.py:183} INFO - Processing /opt/airflow/dags/weekly_summary_pipeline.py took 0.174 seconds
[2026-04-28T00:58:02.501+0000] {processor.py:161} INFO - Started process (PID=248) to work on /opt/airflow/dags/weekly_summary_pipeline.py
[2026-04-28T00:58:02.502+0000] {processor.py:830} INFO - Processing file /opt/airflow/dags/weekly_summary_pipeline.py for tasks to queue
[2026-04-28T00:58:02.503+0000] {logging_mixin.py:188} INFO - [2026-04-28T00:58:02.503+0000] {dagbag.py:538} INFO - Filling up the DagBag from /opt/airflow/dags/weekly_summary_pipeline.py
[2026-04-28T00:58:02.523+0000] {processor.py:840} INFO - DAG(s) 'weekly_summary_pipeline' retrieved from /opt/airflow/dags/weekly_summary_pipeline.py
[2026-04-28T00:58:02.555+0000] {logging_mixin.py:188} INFO - [2026-04-28T00:58:02.554+0000] {dag.py:3036} INFO - Sync 1 DAGs
[2026-04-28T00:58:02.575+0000] {logging_mixin.py:188} INFO - [2026-04-28T00:58:02.575+0000] {dag.py:3823} INFO - Setting next_dagrun for weekly_summary_pipeline to 2026-04-27 06:00:00+00:00, run_after=2026-05-04 06:00:00+00:00
[2026-04-28T00:58:02.597+0000] {processor.py:183} INFO - Processing /opt/airflow/dags/weekly_summary_pipeline.py took 0.099 seconds
[2026-04-28T00:58:33.055+0000] {processor.py:161} INFO - Started process (PID=271) to work on /opt/airflow/dags/weekly_summary_pipeline.py
[2026-04-28T00:58:33.056+0000] {processor.py:830} INFO - Processing file /opt/airflow/dags/weekly_summary_pipeline.py for tasks to queue
[2026-04-28T00:58:33.057+0000] {logging_mixin.py:188} INFO - [2026-04-28T00:58:33.057+0000] {dagbag.py:538} INFO - Filling up the DagBag from /opt/airflow/dags/weekly_summary_pipeline.py
[2026-04-28T00:58:33.082+0000] {processor.py:840} INFO - DAG(s) 'weekly_summary_pipeline' retrieved from /opt/airflow/dags/weekly_summary_pipeline.py
[2026-04-28T00:58:33.111+0000] {logging_mixin.py:188} INFO - [2026-04-28T00:58:33.111+0000] {dag.py:3036} INFO - Sync 1 DAGs
[2026-04-28T00:58:33.136+0000] {logging_mixin.py:188} INFO - [2026-04-28T00:58:33.136+0000] {dag.py:3823} INFO - Setting next_dagrun for weekly_summary_pipeline to 2026-04-27 06:00:00+00:00, run_after=2026-05-04 06:00:00+00:00
[2026-04-28T00:58:33.158+0000] {processor.py:183} INFO - Processing /opt/airflow/dags/weekly_summary_pipeline.py took 0.106 seconds
[2026-04-28T00:59:03.743+0000] {processor.py:161} INFO - Started process (PID=294) to work on /opt/airflow/dags/weekly_summary_pipeline.py
[2026-04-28T00:59:03.745+0000] {processor.py:830} INFO - Processing file /opt/airflow/dags/weekly_summary_pipeline.py for tasks to queue
[2026-04-28T00:59:03.746+0000] {logging_mixin.py:188} INFO - [2026-04-28T00:59:03.746+0000] {dagbag.py:538} INFO - Filling up the DagBag from /opt/airflow/dags/weekly_summary_pipeline.py
[2026-04-28T00:59:03.782+0000] {processor.py:840} INFO - DAG(s) 'weekly_summary_pipeline' retrieved from /opt/airflow/dags/weekly_summary_pipeline.py
[2026-04-28T00:59:03.816+0000] {logging_mixin.py:188} INFO - [2026-04-28T00:59:03.815+0000] {dag.py:3036} INFO - Sync 1 DAGs
[2026-04-28T00:59:03.841+0000] {logging_mixin.py:188} INFO - [2026-04-28T00:59:03.841+0000] {dag.py:3823} INFO - Setting next_dagrun for weekly_summary_pipeline to 2026-04-27 06:00:00+00:00, run_after=2026-05-04 06:00:00+00:00
[2026-04-28T00:59:03.861+0000] {processor.py:183} INFO - Processing /opt/airflow/dags/weekly_summary_pipeline.py took 0.123 seconds
[2026-04-28T00:59:34.430+0000] {processor.py:161} INFO - Started process (PID=317) to work on /opt/airflow/dags/weekly_summary_pipeline.py
[2026-04-28T00:59:34.432+0000] {processor.py:830} INFO - Processing file /opt/airflow/dags/weekly_summary_pipeline.py for tasks to queue
[2026-04-28T00:59:34.432+0000] {logging_mixin.py:188} INFO - [2026-04-28T00:59:34.432+0000] {dagbag.py:538} INFO - Filling up the DagBag from /opt/airflow/dags/weekly_summary_pipeline.py
[2026-04-28T00:59:34.454+0000] {processor.py:840} INFO - DAG(s) 'weekly_summary_pipeline' retrieved from /opt/airflow/dags/weekly_summary_pipeline.py
[2026-04-28T00:59:34.484+0000] {logging_mixin.py:188} INFO - [2026-04-28T00:59:34.483+0000] {dag.py:3036} INFO - Sync 1 DAGs
[2026-04-28T00:59:34.508+0000] {logging_mixin.py:188} INFO - [2026-04-28T00:59:34.508+0000] {dag.py:3823} INFO - Setting next_dagrun for weekly_summary_pipeline to 2026-04-27 06:00:00+00:00, run_after=2026-05-04 06:00:00+00:00
[2026-04-28T00:59:34.526+0000] {processor.py:183} INFO - Processing /opt/airflow/dags/weekly_summary_pipeline.py took 0.100 seconds
[2026-04-28T01:00:05.245+0000] {processor.py:161} INFO - Started process (PID=340) to work on /opt/airflow/dags/weekly_summary_pipeline.py
[2026-04-28T01:00:05.246+0000] {processor.py:830} INFO - Processing file /opt/airflow/dags/weekly_summary_pipeline.py for tasks to queue
[2026-04-28T01:00:05.248+0000] {logging_mixin.py:188} INFO - [2026-04-28T01:00:05.247+0000] {dagbag.py:538} INFO - Filling up the DagBag from /opt/airflow/dags/weekly_summary_pipeline.py
[2026-04-28T01:00:05.283+0000] {processor.py:840} INFO - DAG(s) 'weekly_summary_pipeline' retrieved from /opt/airflow/dags/weekly_summary_pipeline.py
[2026-04-28T01:00:05.322+0000] {logging_mixin.py:188} INFO - [2026-04-28T01:00:05.322+0000] {dag.py:3036} INFO - Sync 1 DAGs
[2026-04-28T01:00:05.351+0000] {logging_mixin.py:188} INFO - [2026-04-28T01:00:05.351+0000] {dag.py:3823} INFO - Setting next_dagrun for weekly_summary_pipeline to 2026-04-27 06:00:00+00:00, run_after=2026-05-04 06:00:00+00:00
[2026-04-28T01:00:05.377+0000] {processor.py:183} INFO - Processing /opt/airflow/dags/weekly_summary_pipeline.py took 0.134 seconds
[2026-04-28T01:00:36.089+0000] {processor.py:161} INFO - Started process (PID=363) to work on /opt/airflow/dags/weekly_summary_pipeline.py
[2026-04-28T01:00:36.090+0000] {processor.py:830} INFO - Processing file /opt/airflow/dags/weekly_summary_pipeline.py for tasks to queue
[2026-04-28T01:00:36.091+0000] {logging_mixin.py:188} INFO - [2026-04-28T01:00:36.091+0000] {dagbag.py:538} INFO - Filling up the DagBag from /opt/airflow/dags/weekly_summary_pipeline.py
[2026-04-28T01:00:36.116+0000] {processor.py:840} INFO - DAG(s) 'weekly_summary_pipeline' retrieved from /opt/airflow/dags/weekly_summary_pipeline.py
[2026-04-28T01:00:36.157+0000] {logging_mixin.py:188} INFO - [2026-04-28T01:00:36.157+0000] {dag.py:3036} INFO - Sync 1 DAGs
[2026-04-28T01:00:36.187+0000] {logging_mixin.py:188} INFO - [2026-04-28T01:00:36.187+0000] {dag.py:3823} INFO - Setting next_dagrun for weekly_summary_pipeline to 2026-04-27 06:00:00+00:00, run_after=2026-05-04 06:00:00+00:00
[2026-04-28T01:00:36.208+0000] {processor.py:183} INFO - Processing /opt/airflow/dags/weekly_summary_pipeline.py took 0.123 seconds
[2026-04-28T01:01:06.850+0000] {processor.py:161} INFO - Started process (PID=386) to work on /opt/airflow/dags/weekly_summary_pipeline.py
[2026-04-28T01:01:06.851+0000] {processor.py:830} INFO - Processing file /opt/airflow/dags/weekly_summary_pipeline.py for tasks to queue
[2026-04-28T01:01:06.852+0000] {logging_mixin.py:188} INFO - [2026-04-28T01:01:06.851+0000] {dagbag.py:538} INFO - Filling up the DagBag from /opt/airflow/dags/weekly_summary_pipeline.py
[2026-04-28T01:01:06.869+0000] {processor.py:840} INFO - DAG(s) 'weekly_summary_pipeline' retrieved from /opt/airflow/dags/weekly_summary_pipeline.py
[2026-04-28T01:01:06.897+0000] {logging_mixin.py:188} INFO - [2026-04-28T01:01:06.897+0000] {dag.py:3036} INFO - Sync 1 DAGs
[2026-04-28T01:01:06.920+0000] {logging_mixin.py:188} INFO - [2026-04-28T01:01:06.920+0000] {dag.py:3823} INFO - Setting next_dagrun for weekly_summary_pipeline to 2026-04-27 06:00:00+00:00, run_after=2026-05-04 06:00:00+00:00
[2026-04-28T01:01:06.941+0000] {processor.py:183} INFO - Processing /opt/airflow/dags/weekly_summary_pipeline.py took 0.094 seconds
[2026-04-28T01:01:37.557+0000] {processor.py:161} INFO - Started process (PID=409) to work on /opt/airflow/dags/weekly_summary_pipeline.py
[2026-04-28T01:01:37.558+0000] {processor.py:830} INFO - Processing file /opt/airflow/dags/weekly_summary_pipeline.py for tasks to queue
[2026-04-28T01:01:37.559+0000] {logging_mixin.py:188} INFO - [2026-04-28T01:01:37.559+0000] {dagbag.py:538} INFO - Filling up the DagBag from /opt/airflow/dags/weekly_summary_pipeline.py
[2026-04-28T01:01:37.575+0000] {processor.py:840} INFO - DAG(s) 'weekly_summary_pipeline' retrieved from /opt/airflow/dags/weekly_summary_pipeline.py
[2026-04-28T01:01:37.600+0000] {logging_mixin.py:188} INFO - [2026-04-28T01:01:37.600+0000] {dag.py:3036} INFO - Sync 1 DAGs
[2026-04-28T01:01:37.621+0000] {logging_mixin.py:188} INFO - [2026-04-28T01:01:37.621+0000] {dag.py:3823} INFO - Setting next_dagrun for weekly_summary_pipeline to 2026-04-27 06:00:00+00:00, run_after=2026-05-04 06:00:00+00:00
[2026-04-28T01:01:37.643+0000] {processor.py:183} INFO - Processing /opt/airflow/dags/weekly_summary_pipeline.py took 0.088 seconds
[2026-04-28T01:02:08.304+0000] {processor.py:161} INFO - Started process (PID=432) to work on /opt/airflow/dags/weekly_summary_pipeline.py
[2026-04-28T01:02:08.305+0000] {processor.py:830} INFO - Processing file /opt/airflow/dags/weekly_summary_pipeline.py for tasks to queue
[2026-04-28T01:02:08.306+0000] {logging_mixin.py:188} INFO - [2026-04-28T01:02:08.305+0000] {dagbag.py:538} INFO - Filling up the DagBag from /opt/airflow/dags/weekly_summary_pipeline.py
[2026-04-28T01:02:08.325+0000] {processor.py:840} INFO - DAG(s) 'weekly_summary_pipeline' retrieved from /opt/airflow/dags/weekly_summary_pipeline.py
[2026-04-28T01:02:08.353+0000] {logging_mixin.py:188} INFO - [2026-04-28T01:02:08.352+0000] {dag.py:3036} INFO - Sync 1 DAGs
[2026-04-28T01:02:08.381+0000] {logging_mixin.py:188} INFO - [2026-04-28T01:02:08.381+0000] {dag.py:3823} INFO - Setting next_dagrun for weekly_summary_pipeline to 2026-04-27 06:00:00+00:00, run_after=2026-05-04 06:00:00+00:00
[2026-04-28T01:02:08.411+0000] {processor.py:183} INFO - Processing /opt/airflow/dags/weekly_summary_pipeline.py took 0.110 seconds
[2026-04-28T01:02:39.132+0000] {processor.py:161} INFO - Started process (PID=455) to work on /opt/airflow/dags/weekly_summary_pipeline.py
[2026-04-28T01:02:39.133+0000] {processor.py:830} INFO - Processing file /opt/airflow/dags/weekly_summary_pipeline.py for tasks to queue
[2026-04-28T01:02:39.135+0000] {logging_mixin.py:188} INFO - [2026-04-28T01:02:39.134+0000] {dagbag.py:538} INFO - Filling up the DagBag from /opt/airflow/dags/weekly_summary_pipeline.py
[2026-04-28T01:02:39.161+0000] {processor.py:840} INFO - DAG(s) 'weekly_summary_pipeline' retrieved from /opt/airflow/dags/weekly_summary_pipeline.py
[2026-04-28T01:02:39.186+0000] {logging_mixin.py:188} INFO - [2026-04-28T01:02:39.185+0000] {dag.py:3036} INFO - Sync 1 DAGs
[2026-04-28T01:02:39.214+0000] {logging_mixin.py:188} INFO - [2026-04-28T01:02:39.213+0000] {dag.py:3823} INFO - Setting next_dagrun for weekly_summary_pipeline to 2026-04-27 06:00:00+00:00, run_after=2026-05-04 06:00:00+00:00
[2026-04-28T01:02:39.232+0000] {processor.py:183} INFO - Processing /opt/airflow/dags/weekly_summary_pipeline.py took 0.103 seconds
[2026-04-28T01:03:09.808+0000] {processor.py:161} INFO - Started process (PID=470) to work on /opt/airflow/dags/weekly_summary_pipeline.py
[2026-04-28T01:03:09.809+0000] {processor.py:830} INFO - Processing file /opt/airflow/dags/weekly_summary_pipeline.py for tasks to queue
[2026-04-28T01:03:09.810+0000] {logging_mixin.py:188} INFO - [2026-04-28T01:03:09.810+0000] {dagbag.py:538} INFO - Filling up the DagBag from /opt/airflow/dags/weekly_summary_pipeline.py
[2026-04-28T01:03:09.833+0000] {processor.py:840} INFO - DAG(s) 'weekly_summary_pipeline' retrieved from /opt/airflow/dags/weekly_summary_pipeline.py
[2026-04-28T01:03:09.861+0000] {logging_mixin.py:188} INFO - [2026-04-28T01:03:09.861+0000] {dag.py:3036} INFO - Sync 1 DAGs
[2026-04-28T01:03:09.885+0000] {logging_mixin.py:188} INFO - [2026-04-28T01:03:09.884+0000] {dag.py:3823} INFO - Setting next_dagrun for weekly_summary_pipeline to 2026-04-27 06:00:00+00:00, run_after=2026-05-04 06:00:00+00:00
[2026-04-28T01:03:09.912+0000] {processor.py:183} INFO - Processing /opt/airflow/dags/weekly_summary_pipeline.py took 0.106 seconds
[2026-04-28T01:03:40.435+0000] {processor.py:161} INFO - Started process (PID=493) to work on /opt/airflow/dags/weekly_summary_pipeline.py
[2026-04-28T01:03:40.436+0000] {processor.py:830} INFO - Processing file /opt/airflow/dags/weekly_summary_pipeline.py for tasks to queue
[2026-04-28T01:03:40.437+0000] {logging_mixin.py:188} INFO - [2026-04-28T01:03:40.436+0000] {dagbag.py:538} INFO - Filling up the DagBag from /opt/airflow/dags/weekly_summary_pipeline.py
[2026-04-28T01:03:40.456+0000] {processor.py:840} INFO - DAG(s) 'weekly_summary_pipeline' retrieved from /opt/airflow/dags/weekly_summary_pipeline.py
[2026-04-28T01:03:40.484+0000] {logging_mixin.py:188} INFO - [2026-04-28T01:03:40.484+0000] {dag.py:3036} INFO - Sync 1 DAGs
[2026-04-28T01:03:40.510+0000] {logging_mixin.py:188} INFO - [2026-04-28T01:03:40.510+0000] {dag.py:3823} INFO - Setting next_dagrun for weekly_summary_pipeline to 2026-04-27 06:00:00+00:00, run_after=2026-05-04 06:00:00+00:00
[2026-04-28T01:03:40.529+0000] {processor.py:183} INFO - Processing /opt/airflow/dags/weekly_summary_pipeline.py took 0.097 seconds
[2026-04-28T01:04:11.259+0000] {processor.py:161} INFO - Started process (PID=516) to work on /opt/airflow/dags/weekly_summary_pipeline.py
[2026-04-28T01:04:11.260+0000] {processor.py:830} INFO - Processing file /opt/airflow/dags/weekly_summary_pipeline.py for tasks to queue
[2026-04-28T01:04:11.261+0000] {logging_mixin.py:188} INFO - [2026-04-28T01:04:11.261+0000] {dagbag.py:538} INFO - Filling up the DagBag from /opt/airflow/dags/weekly_summary_pipeline.py
[2026-04-28T01:04:11.290+0000] {processor.py:840} INFO - DAG(s) 'weekly_summary_pipeline' retrieved from /opt/airflow/dags/weekly_summary_pipeline.py
[2026-04-28T01:04:11.333+0000] {logging_mixin.py:188} INFO - [2026-04-28T01:04:11.332+0000] {dag.py:3036} INFO - Sync 1 DAGs
[2026-04-28T01:04:11.379+0000] {logging_mixin.py:188} INFO - [2026-04-28T01:04:11.379+0000] {dag.py:3823} INFO - Setting next_dagrun for weekly_summary_pipeline to 2026-04-27 06:00:00+00:00, run_after=2026-05-04 06:00:00+00:00
[2026-04-28T01:04:11.421+0000] {processor.py:183} INFO - Processing /opt/airflow/dags/weekly_summary_pipeline.py took 0.165 seconds
[2026-04-28T01:04:42.128+0000] {processor.py:161} INFO - Started process (PID=539) to work on /opt/airflow/dags/weekly_summary_pipeline.py
[2026-04-28T01:04:42.129+0000] {processor.py:830} INFO - Processing file /opt/airflow/dags/weekly_summary_pipeline.py for tasks to queue
[2026-04-28T01:04:42.130+0000] {logging_mixin.py:188} INFO - [2026-04-28T01:04:42.130+0000] {dagbag.py:538} INFO - Filling up the DagBag from /opt/airflow/dags/weekly_summary_pipeline.py
[2026-04-28T01:04:42.151+0000] {processor.py:840} INFO - DAG(s) 'weekly_summary_pipeline' retrieved from /opt/airflow/dags/weekly_summary_pipeline.py
[2026-04-28T01:04:42.176+0000] {logging_mixin.py:188} INFO - [2026-04-28T01:04:42.176+0000] {dag.py:3036} INFO - Sync 1 DAGs
[2026-04-28T01:04:42.197+0000] {logging_mixin.py:188} INFO - [2026-04-28T01:04:42.197+0000] {dag.py:3823} INFO - Setting next_dagrun for weekly_summary_pipeline to 2026-04-27 06:00:00+00:00, run_after=2026-05-04 06:00:00+00:00
[2026-04-28T01:04:42.215+0000] {processor.py:183} INFO - Processing /opt/airflow/dags/weekly_summary_pipeline.py took 0.090 seconds
[2026-04-28T01:05:12.829+0000] {processor.py:161} INFO - Started process (PID=562) to work on /opt/airflow/dags/weekly_summary_pipeline.py
[2026-04-28T01:05:12.830+0000] {processor.py:830} INFO - Processing file /opt/airflow/dags/weekly_summary_pipeline.py for tasks to queue
[2026-04-28T01:05:12.832+0000] {logging_mixin.py:188} INFO - [2026-04-28T01:05:12.831+0000] {dagbag.py:538} INFO - Filling up the DagBag from /opt/airflow/dags/weekly_summary_pipeline.py
[2026-04-28T01:05:12.854+0000] {processor.py:840} INFO - DAG(s) 'weekly_summary_pipeline' retrieved from /opt/airflow/dags/weekly_summary_pipeline.py
[2026-04-28T01:05:12.882+0000] {logging_mixin.py:188} INFO - [2026-04-28T01:05:12.881+0000] {dag.py:3036} INFO - Sync 1 DAGs
[2026-04-28T01:05:12.905+0000] {logging_mixin.py:188} INFO - [2026-04-28T01:05:12.905+0000] {dag.py:3823} INFO - Setting next_dagrun for weekly_summary_pipeline to 2026-04-27 06:00:00+00:00, run_after=2026-05-04 06:00:00+00:00
[2026-04-28T01:05:12.927+0000] {processor.py:183} INFO - Processing /opt/airflow/dags/weekly_summary_pipeline.py took 0.101 seconds
[2026-04-28T01:05:43.835+0000] {processor.py:161} INFO - Started process (PID=585) to work on /opt/airflow/dags/weekly_summary_pipeline.py
[2026-04-28T01:05:43.836+0000] {processor.py:830} INFO - Processing file /opt/airflow/dags/weekly_summary_pipeline.py for tasks to queue
[2026-04-28T01:05:43.837+0000] {logging_mixin.py:188} INFO - [2026-04-28T01:05:43.837+0000] {dagbag.py:538} INFO - Filling up the DagBag from /opt/airflow/dags/weekly_summary_pipeline.py
[2026-04-28T01:05:43.857+0000] {processor.py:840} INFO - DAG(s) 'weekly_summary_pipeline' retrieved from /opt/airflow/dags/weekly_summary_pipeline.py
[2026-04-28T01:05:43.898+0000] {logging_mixin.py:188} INFO - [2026-04-28T01:05:43.897+0000] {dag.py:3036} INFO - Sync 1 DAGs
[2026-04-28T01:05:43.922+0000] {logging_mixin.py:188} INFO - [2026-04-28T01:05:43.922+0000] {dag.py:3823} INFO - Setting next_dagrun for weekly_summary_pipeline to 2026-04-27 06:00:00+00:00, run_after=2026-05-04 06:00:00+00:00
[2026-04-28T01:05:43.942+0000] {processor.py:183} INFO - Processing /opt/airflow/dags/weekly_summary_pipeline.py took 0.110 seconds
[2026-04-28T01:06:14.620+0000] {processor.py:161} INFO - Started process (PID=608) to work on /opt/airflow/dags/weekly_summary_pipeline.py
[2026-04-28T01:06:14.621+0000] {processor.py:830} INFO - Processing file /opt/airflow/dags/weekly_summary_pipeline.py for tasks to queue
[2026-04-28T01:06:14.623+0000] {logging_mixin.py:188} INFO - [2026-04-28T01:06:14.622+0000] {dagbag.py:538} INFO - Filling up the DagBag from /opt/airflow/dags/weekly_summary_pipeline.py
[2026-04-28T01:06:14.647+0000] {processor.py:840} INFO - DAG(s) 'weekly_summary_pipeline' retrieved from /opt/airflow/dags/weekly_summary_pipeline.py
[2026-04-28T01:06:14.685+0000] {logging_mixin.py:188} INFO - [2026-04-28T01:06:14.685+0000] {dag.py:3036} INFO - Sync 1 DAGs
[2026-04-28T01:06:14.710+0000] {logging_mixin.py:188} INFO - [2026-04-28T01:06:14.710+0000] {dag.py:3823} INFO - Setting next_dagrun for weekly_summary_pipeline to 2026-04-27 06:00:00+00:00, run_after=2026-05-04 06:00:00+00:00
[2026-04-28T01:06:14.734+0000] {processor.py:183} INFO - Processing /opt/airflow/dags/weekly_summary_pipeline.py took 0.116 seconds
[2026-04-28T01:06:45.634+0000] {processor.py:161} INFO - Started process (PID=631) to work on /opt/airflow/dags/weekly_summary_pipeline.py
[2026-04-28T01:06:45.635+0000] {processor.py:830} INFO - Processing file /opt/airflow/dags/weekly_summary_pipeline.py for tasks to queue
[2026-04-28T01:06:45.636+0000] {logging_mixin.py:188} INFO - [2026-04-28T01:06:45.635+0000] {dagbag.py:538} INFO - Filling up the DagBag from /opt/airflow/dags/weekly_summary_pipeline.py
[2026-04-28T01:06:45.654+0000] {processor.py:840} INFO - DAG(s) 'weekly_summary_pipeline' retrieved from /opt/airflow/dags/weekly_summary_pipeline.py
[2026-04-28T01:06:45.679+0000] {logging_mixin.py:188} INFO - [2026-04-28T01:06:45.679+0000] {dag.py:3036} INFO - Sync 1 DAGs
[2026-04-28T01:06:45.700+0000] {logging_mixin.py:188} INFO - [2026-04-28T01:06:45.700+0000] {dag.py:3823} INFO - Setting next_dagrun for weekly_summary_pipeline to 2026-04-27 06:00:00+00:00, run_after=2026-05-04 06:00:00+00:00
[2026-04-28T01:06:45.719+0000] {processor.py:183} INFO - Processing /opt/airflow/dags/weekly_summary_pipeline.py took 0.087 seconds
[2026-04-28T01:07:16.453+0000] {processor.py:161} INFO - Started process (PID=654) to work on /opt/airflow/dags/weekly_summary_pipeline.py
[2026-04-28T01:07:16.454+0000] {processor.py:830} INFO - Processing file /opt/airflow/dags/weekly_summary_pipeline.py for tasks to queue
[2026-04-28T01:07:16.455+0000] {logging_mixin.py:188} INFO - [2026-04-28T01:07:16.455+0000] {dagbag.py:538} INFO - Filling up the DagBag from /opt/airflow/dags/weekly_summary_pipeline.py
[2026-04-28T01:07:16.477+0000] {processor.py:840} INFO - DAG(s) 'weekly_summary_pipeline' retrieved from /opt/airflow/dags/weekly_summary_pipeline.py
[2026-04-28T01:07:16.509+0000] {logging_mixin.py:188} INFO - [2026-04-28T01:07:16.509+0000] {dag.py:3036} INFO - Sync 1 DAGs
[2026-04-28T01:07:16.540+0000] {logging_mixin.py:188} INFO - [2026-04-28T01:07:16.539+0000] {dag.py:3823} INFO - Setting next_dagrun for weekly_summary_pipeline to 2026-04-27 06:00:00+00:00, run_after=2026-05-04 06:00:00+00:00
[2026-04-28T01:07:16.569+0000] {processor.py:183} INFO - Processing /opt/airflow/dags/weekly_summary_pipeline.py took 0.119 seconds
[2026-04-28T01:07:47.187+0000] {processor.py:161} INFO - Started process (PID=677) to work on /opt/airflow/dags/weekly_summary_pipeline.py
[2026-04-28T01:07:47.188+0000] {processor.py:830} INFO - Processing file /opt/airflow/dags/weekly_summary_pipeline.py for tasks to queue
[2026-04-28T01:07:47.189+0000] {logging_mixin.py:188} INFO - [2026-04-28T01:07:47.189+0000] {dagbag.py:538} INFO - Filling up the DagBag from /opt/airflow/dags/weekly_summary_pipeline.py
[2026-04-28T01:07:47.208+0000] {processor.py:840} INFO - DAG(s) 'weekly_summary_pipeline' retrieved from /opt/airflow/dags/weekly_summary_pipeline.py
[2026-04-28T01:07:47.232+0000] {logging_mixin.py:188} INFO - [2026-04-28T01:07:47.232+0000] {dag.py:3036} INFO - Sync 1 DAGs
[2026-04-28T01:07:47.254+0000] {logging_mixin.py:188} INFO - [2026-04-28T01:07:47.254+0000] {dag.py:3823} INFO - Setting next_dagrun for weekly_summary_pipeline to 2026-04-27 06:00:00+00:00, run_after=2026-05-04 06:00:00+00:00
[2026-04-28T01:07:47.274+0000] {processor.py:183} INFO - Processing /opt/airflow/dags/weekly_summary_pipeline.py took 0.089 seconds
[2026-04-28T01:08:18.112+0000] {processor.py:161} INFO - Started process (PID=700) to work on /opt/airflow/dags/weekly_summary_pipeline.py
[2026-04-28T01:08:18.113+0000] {processor.py:830} INFO - Processing file /opt/airflow/dags/weekly_summary_pipeline.py for tasks to queue
[2026-04-28T01:08:18.114+0000] {logging_mixin.py:188} INFO - [2026-04-28T01:08:18.114+0000] {dagbag.py:538} INFO - Filling up the DagBag from /opt/airflow/dags/weekly_summary_pipeline.py
[2026-04-28T01:08:18.149+0000] {processor.py:840} INFO - DAG(s) 'weekly_summary_pipeline' retrieved from /opt/airflow/dags/weekly_summary_pipeline.py
[2026-04-28T01:08:18.184+0000] {logging_mixin.py:188} INFO - [2026-04-28T01:08:18.184+0000] {dag.py:3036} INFO - Sync 1 DAGs
[2026-04-28T01:08:18.207+0000] {logging_mixin.py:188} INFO - [2026-04-28T01:08:18.207+0000] {dag.py:3823} INFO - Setting next_dagrun for weekly_summary_pipeline to 2026-04-27 06:00:00+00:00, run_after=2026-05-04 06:00:00+00:00
[2026-04-28T01:08:18.229+0000] {processor.py:183} INFO - Processing /opt/airflow/dags/weekly_summary_pipeline.py took 0.129 seconds
[2026-04-28T01:08:48.803+0000] {processor.py:161} INFO - Started process (PID=723) to work on /opt/airflow/dags/weekly_summary_pipeline.py
[2026-04-28T01:08:48.804+0000] {processor.py:830} INFO - Processing file /opt/airflow/dags/weekly_summary_pipeline.py for tasks to queue
[2026-04-28T01:08:48.805+0000] {logging_mixin.py:188} INFO - [2026-04-28T01:08:48.805+0000] {dagbag.py:538} INFO - Filling up the DagBag from /opt/airflow/dags/weekly_summary_pipeline.py
[2026-04-28T01:08:48.823+0000] {processor.py:840} INFO - DAG(s) 'weekly_summary_pipeline' retrieved from /opt/airflow/dags/weekly_summary_pipeline.py
[2026-04-28T01:08:48.854+0000] {logging_mixin.py:188} INFO - [2026-04-28T01:08:48.854+0000] {dag.py:3036} INFO - Sync 1 DAGs
[2026-04-28T01:08:48.914+0000] {logging_mixin.py:188} INFO - [2026-04-28T01:08:48.913+0000] {dag.py:3823} INFO - Setting next_dagrun for weekly_summary_pipeline to 2026-04-27 06:00:00+00:00, run_after=2026-05-04 06:00:00+00:00
[2026-04-28T01:08:48.944+0000] {processor.py:183} INFO - Processing /opt/airflow/dags/weekly_summary_pipeline.py took 0.145 seconds
[2026-04-28T01:09:19.851+0000] {processor.py:161} INFO - Started process (PID=738) to work on /opt/airflow/dags/weekly_summary_pipeline.py
[2026-04-28T01:09:19.853+0000] {processor.py:830} INFO - Processing file /opt/airflow/dags/weekly_summary_pipeline.py for tasks to queue
[2026-04-28T01:09:19.853+0000] {logging_mixin.py:188} INFO - [2026-04-28T01:09:19.853+0000] {dagbag.py:538} INFO - Filling up the DagBag from /opt/airflow/dags/weekly_summary_pipeline.py
[2026-04-28T01:09:19.881+0000] {processor.py:840} INFO - DAG(s) 'weekly_summary_pipeline' retrieved from /opt/airflow/dags/weekly_summary_pipeline.py
[2026-04-28T01:09:19.914+0000] {logging_mixin.py:188} INFO - [2026-04-28T01:09:19.914+0000] {dag.py:3036} INFO - Sync 1 DAGs
[2026-04-28T01:09:19.948+0000] {logging_mixin.py:188} INFO - [2026-04-28T01:09:19.948+0000] {dag.py:3823} INFO - Setting next_dagrun for weekly_summary_pipeline to 2026-04-27 06:00:00+00:00, run_after=2026-05-04 06:00:00+00:00
[2026-04-28T01:09:19.971+0000] {processor.py:183} INFO - Processing /opt/airflow/dags/weekly_summary_pipeline.py took 0.122 seconds
