[2026-04-28T03:37:31.901+0000] {taskinstance.py:1956} INFO - Dependencies all met for dep_context=non-requeueable deps ti=<TaskInstance: daily_student_pipeline.alert_success manual__2026-04-28T03:37:04.301001+00:00 [queued]>
[2026-04-28T03:37:31.910+0000] {taskinstance.py:1956} INFO - Dependencies all met for dep_context=requeueable deps ti=<TaskInstance: daily_student_pipeline.alert_success manual__2026-04-28T03:37:04.301001+00:00 [queued]>
[2026-04-28T03:37:31.910+0000] {taskinstance.py:2170} INFO - Starting attempt 1 of 1
[2026-04-28T03:37:31.924+0000] {taskinstance.py:2191} INFO - Executing <Task(PythonOperator): alert_success> on 2026-04-28 03:37:04.301001+00:00
[2026-04-28T03:37:31.930+0000] {standard_task_runner.py:60} INFO - Started process 646 to run task
[2026-04-28T03:37:31.933+0000] {standard_task_runner.py:87} INFO - Running: ['***', 'tasks', 'run', 'daily_student_pipeline', 'alert_success', 'manual__2026-04-28T03:37:04.301001+00:00', '--job-id', '573', '--raw', '--subdir', 'DAGS_FOLDER/daily_student_pipeline.py', '--cfg-path', '/tmp/tmpthxp_ypl']
[2026-04-28T03:37:31.936+0000] {standard_task_runner.py:88} INFO - Job 573: Subtask alert_success
[2026-04-28T03:37:32.003+0000] {task_command.py:423} INFO - Running <TaskInstance: daily_student_pipeline.alert_success manual__2026-04-28T03:37:04.301001+00:00 [running]> on host 6b19557e5822
[2026-04-28T03:37:32.093+0000] {taskinstance.py:2480} INFO - Exporting env vars: AIRFLOW_CTX_DAG_OWNER='nhom8' AIRFLOW_CTX_DAG_ID='daily_student_pipeline' AIRFLOW_CTX_TASK_ID='alert_success' AIRFLOW_CTX_EXECUTION_DATE='2026-04-28T03:37:04.301001+00:00' AIRFLOW_CTX_TRY_NUMBER='1' AIRFLOW_CTX_DAG_RUN_ID='manual__2026-04-28T03:37:04.301001+00:00'
[2026-04-28T03:37:32.109+0000] {logging_mixin.py:188} INFO - ==================================================
[2026-04-28T03:37:32.110+0000] {logging_mixin.py:188} INFO - ✅ Validation Summary | run_id: 2026-04-28_03-37
[2026-04-28T03:37:32.111+0000] {logging_mixin.py:188} INFO -    Status: PASSED
[2026-04-28T03:37:32.111+0000] {logging_mixin.py:188} INFO -    Evaluated: 40
[2026-04-28T03:37:32.111+0000] {logging_mixin.py:188} INFO -    Passed:    40
[2026-04-28T03:37:32.112+0000] {logging_mixin.py:188} INFO -    Failed:    0
[2026-04-28T03:37:32.112+0000] {logging_mixin.py:188} INFO - ==================================================
[2026-04-28T03:37:32.112+0000] {python.py:201} INFO - Done. Returned value was: None
[2026-04-28T03:37:32.123+0000] {taskinstance.py:1138} INFO - Marking task as SUCCESS. dag_id=daily_student_pipeline, task_id=alert_success, execution_date=20260428T033704, start_date=20260428T033731, end_date=20260428T033732
[2026-04-28T03:37:32.139+0000] {local_task_job_runner.py:234} INFO - Task exited with return code 0
[2026-04-28T03:37:32.159+0000] {taskinstance.py:3280} INFO - 0 downstream tasks scheduled from follow-on schedule check
