[2026-03-28T16:50:53.630+0000] {taskinstance.py:1956} INFO - Dependencies all met for dep_context=non-requeueable deps ti=<TaskInstance: daily_student_pipeline.transform_data manual__2026-03-28T16:50:37.823419+00:00 [queued]>
[2026-03-28T16:50:53.640+0000] {taskinstance.py:1956} INFO - Dependencies all met for dep_context=requeueable deps ti=<TaskInstance: daily_student_pipeline.transform_data manual__2026-03-28T16:50:37.823419+00:00 [queued]>
[2026-03-28T16:50:53.641+0000] {taskinstance.py:2170} INFO - Starting attempt 1 of 1
[2026-03-28T16:50:53.652+0000] {taskinstance.py:2191} INFO - Executing <Task(PythonOperator): transform_data> on 2026-03-28 16:50:37.823419+00:00
[2026-03-28T16:50:53.658+0000] {standard_task_runner.py:60} INFO - Started process 29044 to run task
[2026-03-28T16:50:53.661+0000] {standard_task_runner.py:87} INFO - Running: ['***', 'tasks', 'run', 'daily_student_pipeline', 'transform_data', 'manual__2026-03-28T16:50:37.823419+00:00', '--job-id', '52', '--raw', '--subdir', 'DAGS_FOLDER/daily_student_pipeline.py', '--cfg-path', '/tmp/tmp4ezyx8od']
[2026-03-28T16:50:53.663+0000] {standard_task_runner.py:88} INFO - Job 52: Subtask transform_data
[2026-03-28T16:50:53.743+0000] {task_command.py:423} INFO - Running <TaskInstance: daily_student_pipeline.transform_data manual__2026-03-28T16:50:37.823419+00:00 [running]> on host 8474c56aea3d
[2026-03-28T16:50:53.834+0000] {taskinstance.py:2480} INFO - Exporting env vars: AIRFLOW_CTX_DAG_OWNER='nhom8' AIRFLOW_CTX_DAG_ID='daily_student_pipeline' AIRFLOW_CTX_TASK_ID='transform_data' AIRFLOW_CTX_EXECUTION_DATE='2026-03-28T16:50:37.823419+00:00' AIRFLOW_CTX_TRY_NUMBER='1' AIRFLOW_CTX_DAG_RUN_ID='manual__2026-03-28T16:50:37.823419+00:00'
[2026-03-28T16:50:54.554+0000] {logging_mixin.py:188} WARNING - [2026-03-28 16:50:54] INFO    etl.extract :   Load from MinIO staging: run_id=2026-03-28_16-50
[2026-03-28T16:50:54.554+0000] {extract.py:352} INFO -   Load from MinIO staging: run_id=2026-03-28_16-50
[2026-03-28T16:50:54.586+0000] {logging_mixin.py:188} WARNING - [2026-03-28 16:50:54] INFO    utils.minio :   MinIO ↓ [raw-data] 2026-03-28_16-50/nguon1_khoa.parquet (4 rows)
[2026-03-28T16:50:54.586+0000] {minio_client.py:223} INFO -   MinIO ↓ [raw-data] 2026-03-28_16-50/nguon1_khoa.parquet (4 rows)
[2026-03-28T16:50:54.600+0000] {logging_mixin.py:188} WARNING - [2026-03-28 16:50:54] INFO    utils.minio :   MinIO ↓ [raw-data] 2026-03-28_16-50/nguon1_nganh.parquet (3 rows)
[2026-03-28T16:50:54.600+0000] {minio_client.py:223} INFO -   MinIO ↓ [raw-data] 2026-03-28_16-50/nguon1_nganh.parquet (3 rows)
[2026-03-28T16:50:54.614+0000] {logging_mixin.py:188} WARNING - [2026-03-28 16:50:54] INFO    utils.minio :   MinIO ↓ [raw-data] 2026-03-28_16-50/nguon1_giang_vien.parquet (45 rows)
[2026-03-28T16:50:54.614+0000] {minio_client.py:223} INFO -   MinIO ↓ [raw-data] 2026-03-28_16-50/nguon1_giang_vien.parquet (45 rows)
[2026-03-28T16:50:54.625+0000] {logging_mixin.py:188} WARNING - [2026-03-28 16:50:54] INFO    utils.minio :   MinIO ↓ [raw-data] 2026-03-28_16-50/nguon1_lop_hanh_chinh.parquet (48 rows)
[2026-03-28T16:50:54.625+0000] {minio_client.py:223} INFO -   MinIO ↓ [raw-data] 2026-03-28_16-50/nguon1_lop_hanh_chinh.parquet (48 rows)
[2026-03-28T16:50:54.639+0000] {logging_mixin.py:188} WARNING - [2026-03-28 16:50:54] INFO    utils.minio :   MinIO ↓ [raw-data] 2026-03-28_16-50/nguon1_sinh_vien.parquet (1,695 rows)
[2026-03-28T16:50:54.639+0000] {minio_client.py:223} INFO -   MinIO ↓ [raw-data] 2026-03-28_16-50/nguon1_sinh_vien.parquet (1,695 rows)
[2026-03-28T16:50:54.652+0000] {logging_mixin.py:188} WARNING - [2026-03-28 16:50:54] INFO    utils.minio :   MinIO ↓ [raw-data] 2026-03-28_16-50/nguon1_hoc_phan.parquet (121 rows)
[2026-03-28T16:50:54.652+0000] {minio_client.py:223} INFO -   MinIO ↓ [raw-data] 2026-03-28_16-50/nguon1_hoc_phan.parquet (121 rows)
[2026-03-28T16:50:54.668+0000] {logging_mixin.py:188} WARNING - [2026-03-28 16:50:54] INFO    utils.minio :   MinIO ↓ [raw-data] 2026-03-28_16-50/nguon1_hoc_ky.parquet (9 rows)
[2026-03-28T16:50:54.668+0000] {minio_client.py:223} INFO -   MinIO ↓ [raw-data] 2026-03-28_16-50/nguon1_hoc_ky.parquet (9 rows)
[2026-03-28T16:50:54.713+0000] {logging_mixin.py:188} WARNING - [2026-03-28 16:50:54] INFO    utils.minio :   MinIO ↓ [raw-data] 2026-03-28_16-50/nguon1_dang_ky.parquet (52,893 rows)
[2026-03-28T16:50:54.712+0000] {minio_client.py:223} INFO -   MinIO ↓ [raw-data] 2026-03-28_16-50/nguon1_dang_ky.parquet (52,893 rows)
[2026-03-28T16:50:54.744+0000] {logging_mixin.py:188} WARNING - [2026-03-28 16:50:54] INFO    utils.minio :   MinIO ↓ [raw-data] 2026-03-28_16-50/nguon1_diem.parquet (52,893 rows)
[2026-03-28T16:50:54.744+0000] {minio_client.py:223} INFO -   MinIO ↓ [raw-data] 2026-03-28_16-50/nguon1_diem.parquet (52,893 rows)
[2026-03-28T16:50:54.758+0000] {logging_mixin.py:188} WARNING - [2026-03-28 16:50:54] INFO    utils.minio :   MinIO ↓ [raw-data] 2026-03-28_16-50/nguon1_tong_hop_ket_qua.parquet (1,695 rows)
[2026-03-28T16:50:54.758+0000] {minio_client.py:223} INFO -   MinIO ↓ [raw-data] 2026-03-28_16-50/nguon1_tong_hop_ket_qua.parquet (1,695 rows)
[2026-03-28T16:50:54.779+0000] {logging_mixin.py:188} WARNING - [2026-03-28 16:50:54] INFO    utils.minio :   MinIO ↓ [raw-data] 2026-03-28_16-50/nguon2_ctsv.parquet (8,737 rows)
[2026-03-28T16:50:54.779+0000] {minio_client.py:223} INFO -   MinIO ↓ [raw-data] 2026-03-28_16-50/nguon2_ctsv.parquet (8,737 rows)
[2026-03-28T16:50:54.804+0000] {logging_mixin.py:188} WARNING - [2026-03-28 16:50:54] INFO    utils.minio :   MinIO ↓ [raw-data] 2026-03-28_16-50/nguon3_tai_chinh.parquet (8,737 rows)
[2026-03-28T16:50:54.804+0000] {minio_client.py:223} INFO -   MinIO ↓ [raw-data] 2026-03-28_16-50/nguon3_tai_chinh.parquet (8,737 rows)
[2026-03-28T16:50:54.805+0000] {logging_mixin.py:188} WARNING - [2026-03-28 16:50:54] INFO    etl.extract :  Load from staging OK — run_id=2026-03-28_16-50
[2026-03-28T16:50:54.805+0000] {extract.py:369} INFO -  Load from staging OK — run_id=2026-03-28_16-50
[2026-03-28T16:50:54.807+0000] {logging_mixin.py:188} WARNING - [2026-03-28 16:50:54] INFO    etl.transform : ==BẮT ĐẦU TRANSFORM==
[2026-03-28T16:50:54.807+0000] {transform.py:68} INFO - ==BẮT ĐẦU TRANSFORM==
[2026-03-28T16:50:54.808+0000] {logging_mixin.py:188} WARNING - [2026-03-28 16:50:54] INFO    etl.transform : ======================================================================
[2026-03-28T16:50:54.808+0000] {transform.py:69} INFO - ======================================================================
[2026-03-28T16:50:54.811+0000] {logging_mixin.py:188} WARNING - [2026-03-28 16:50:54] INFO    etl.transform : ── Bước 1: Transform Dimension Tables ──
[2026-03-28T16:50:54.811+0000] {transform.py:73} INFO - ── Bước 1: Transform Dimension Tables ──
[2026-03-28T16:50:54.820+0000] {logging_mixin.py:188} WARNING - [2026-03-28 16:50:54] INFO    etl.transform :   dim_thoi_gian (→dim_hoc_ky)  →      9 records
[2026-03-28T16:50:54.819+0000] {transform.py:199} INFO -   dim_thoi_gian (→dim_hoc_ky)  →      9 records
[2026-03-28T16:50:54.832+0000] {logging_mixin.py:188} WARNING - [2026-03-28 16:50:54] INFO    etl.transform :   dim_giang_vien              →     45 records
[2026-03-28T16:50:54.832+0000] {transform.py:227} INFO -   dim_giang_vien              →     45 records
[2026-03-28T16:50:54.838+0000] {logging_mixin.py:188} WARNING - [2026-03-28 16:50:54] INFO    etl.transform :   dim_hoc_phan                →    121 records
[2026-03-28T16:50:54.838+0000] {transform.py:259} INFO -   dim_hoc_phan                →    121 records
[2026-03-28T16:50:54.855+0000] {logging_mixin.py:188} WARNING - [2026-03-28 16:50:54] INFO    etl.transform :   dim_sinh_vien               →  1,695 records
[2026-03-28T16:50:54.855+0000] {transform.py:337} INFO -   dim_sinh_vien               →  1,695 records
[2026-03-28T16:50:54.857+0000] {logging_mixin.py:188} WARNING - [2026-03-28 16:50:54] INFO    etl.transform : ── Bước 2: Transform Fact Tables ──
[2026-03-28T16:50:54.857+0000] {transform.py:92} INFO - ── Bước 2: Transform Fact Tables ──
[2026-03-28T16:50:54.933+0000] {logging_mixin.py:188} WARNING - [2026-03-28 16:50:54] INFO    etl.transform :   fact_diem (→fact_hoc_tap)    → 52,893 records
[2026-03-28T16:50:54.933+0000] {transform.py:415} INFO -   fact_diem (→fact_hoc_tap)    → 52,893 records
[2026-03-28T16:50:54.945+0000] {logging_mixin.py:188} WARNING - [2026-03-28 16:50:54] INFO    etl.transform :   fact_ren_luyen (→fact_ctsv)  →  8,737 records
[2026-03-28T16:50:54.945+0000] {transform.py:456} INFO -   fact_ren_luyen (→fact_ctsv)  →  8,737 records
[2026-03-28T16:50:54.954+0000] {logging_mixin.py:188} WARNING - [2026-03-28 16:50:54] INFO    etl.transform :   fact_tai_chinh               →  8,737 records
[2026-03-28T16:50:54.954+0000] {transform.py:493} INFO -   fact_tai_chinh               →  8,737 records
[2026-03-28T16:50:54.956+0000] {logging_mixin.py:188} WARNING - [2026-03-28 16:50:54] INFO    etl.transform : ── Bước 3: Tổng hợp đa nguồn ──
[2026-03-28T16:50:54.956+0000] {transform.py:105} INFO - ── Bước 3: Tổng hợp đa nguồn ──
[2026-03-28T16:50:54.958+0000] {logging_mixin.py:188} WARNING - [2026-03-28 16:50:54] INFO    etl.transform : ======================================================================
[2026-03-28T16:50:54.958+0000] {transform.py:108} INFO - ======================================================================
[2026-03-28T16:50:54.960+0000] {logging_mixin.py:188} WARNING - [2026-03-28 16:50:54] INFO    etl.transform : TRANSFORM HOÀN TẤT
[2026-03-28T16:50:54.960+0000] {transform.py:109} INFO - TRANSFORM HOÀN TẤT
[2026-03-28T16:50:54.961+0000] {logging_mixin.py:188} WARNING - [2026-03-28 16:50:54] INFO    etl.transform :    dim_giang_vien           :       45 records
[2026-03-28T16:50:54.961+0000] {transform.py:111} INFO -    dim_giang_vien           :       45 records
[2026-03-28T16:50:54.963+0000] {logging_mixin.py:188} WARNING - [2026-03-28 16:50:54] INFO    etl.transform :    dim_sinh_vien            :    1,695 records
[2026-03-28T16:50:54.963+0000] {transform.py:111} INFO -    dim_sinh_vien            :    1,695 records
[2026-03-28T16:50:54.964+0000] {logging_mixin.py:188} WARNING - [2026-03-28 16:50:54] INFO    etl.transform :    dim_hoc_phan             :      121 records
[2026-03-28T16:50:54.964+0000] {transform.py:111} INFO -    dim_hoc_phan             :      121 records
[2026-03-28T16:50:54.964+0000] {logging_mixin.py:188} WARNING - [2026-03-28 16:50:54] INFO    etl.transform :    dim_thoi_gian            :        9 records
[2026-03-28T16:50:54.964+0000] {transform.py:111} INFO -    dim_thoi_gian            :        9 records
[2026-03-28T16:50:54.966+0000] {logging_mixin.py:188} WARNING - [2026-03-28 16:50:54] INFO    etl.transform :    fact_diem                :   52,893 records
[2026-03-28T16:50:54.965+0000] {transform.py:111} INFO -    fact_diem                :   52,893 records
[2026-03-28T16:50:54.967+0000] {logging_mixin.py:188} WARNING - [2026-03-28 16:50:54] INFO    etl.transform :    fact_ren_luyen           :    8,737 records
[2026-03-28T16:50:54.967+0000] {transform.py:111} INFO -    fact_ren_luyen           :    8,737 records
[2026-03-28T16:50:54.969+0000] {logging_mixin.py:188} WARNING - [2026-03-28 16:50:54] INFO    etl.transform :    fact_tai_chinh           :    8,737 records
[2026-03-28T16:50:54.968+0000] {transform.py:111} INFO -    fact_tai_chinh           :    8,737 records
[2026-03-28T16:50:54.969+0000] {logging_mixin.py:188} WARNING - [2026-03-28 16:50:54] INFO    etl.transform :    fact_tong_hop_sv         :        0 records
[2026-03-28T16:50:54.969+0000] {transform.py:111} INFO -    fact_tong_hop_sv         :        0 records
[2026-03-28T16:50:54.970+0000] {logging_mixin.py:188} WARNING - [2026-03-28 16:50:54] INFO    etl.transform : ======================================================================
[2026-03-28T16:50:54.970+0000] {transform.py:112} INFO - ======================================================================
[2026-03-28T16:50:54.994+0000] {logging_mixin.py:188} WARNING - [2026-03-28 16:50:54] INFO    utils.minio :   MinIO ↑ [staging-data] 2026-03-28_16-50/dim_hoc_ky.parquet (5.3 KB | 9 rows)
[2026-03-28T16:50:54.994+0000] {minio_client.py:142} INFO -   MinIO ↑ [staging-data] 2026-03-28_16-50/dim_hoc_ky.parquet (5.3 KB | 9 rows)
[2026-03-28T16:50:55.006+0000] {logging_mixin.py:188} WARNING - [2026-03-28 16:50:55] INFO    utils.minio :   MinIO ↑ [staging-data] 2026-03-28_16-50/dim_giang_vien.parquet (8.9 KB | 45 rows)
[2026-03-28T16:50:55.006+0000] {minio_client.py:142} INFO -   MinIO ↑ [staging-data] 2026-03-28_16-50/dim_giang_vien.parquet (8.9 KB | 45 rows)
[2026-03-28T16:50:55.018+0000] {logging_mixin.py:188} WARNING - [2026-03-28 16:50:55] INFO    utils.minio :   MinIO ↑ [staging-data] 2026-03-28_16-50/dim_hoc_phan.parquet (11.0 KB | 121 rows)
[2026-03-28T16:50:55.018+0000] {minio_client.py:142} INFO -   MinIO ↑ [staging-data] 2026-03-28_16-50/dim_hoc_phan.parquet (11.0 KB | 121 rows)
[2026-03-28T16:50:55.038+0000] {logging_mixin.py:188} WARNING - [2026-03-28 16:50:55] INFO    utils.minio :   MinIO ↑ [staging-data] 2026-03-28_16-50/dim_sinh_vien.parquet (71.8 KB | 1,695 rows)
[2026-03-28T16:50:55.037+0000] {minio_client.py:142} INFO -   MinIO ↑ [staging-data] 2026-03-28_16-50/dim_sinh_vien.parquet (71.8 KB | 1,695 rows)
[2026-03-28T16:50:55.103+0000] {logging_mixin.py:188} WARNING - [2026-03-28 16:50:55] INFO    utils.minio :   MinIO ↑ [staging-data] 2026-03-28_16-50/fact_diem.parquet (798.3 KB | 52,893 rows)
[2026-03-28T16:50:55.103+0000] {minio_client.py:142} INFO -   MinIO ↑ [staging-data] 2026-03-28_16-50/fact_diem.parquet (798.3 KB | 52,893 rows)
[2026-03-28T16:50:55.126+0000] {logging_mixin.py:188} WARNING - [2026-03-28 16:50:55] INFO    utils.minio :   MinIO ↑ [staging-data] 2026-03-28_16-50/fact_ren_luyen.parquet (38.0 KB | 8,737 rows)
[2026-03-28T16:50:55.125+0000] {minio_client.py:142} INFO -   MinIO ↑ [staging-data] 2026-03-28_16-50/fact_ren_luyen.parquet (38.0 KB | 8,737 rows)
[2026-03-28T16:50:55.144+0000] {logging_mixin.py:188} WARNING - [2026-03-28 16:50:55] INFO    utils.minio :   MinIO ↑ [staging-data] 2026-03-28_16-50/fact_tai_chinh.parquet (62.3 KB | 8,737 rows)
[2026-03-28T16:50:55.144+0000] {minio_client.py:142} INFO -   MinIO ↑ [staging-data] 2026-03-28_16-50/fact_tai_chinh.parquet (62.3 KB | 8,737 rows)
[2026-03-28T16:50:55.145+0000] {logging_mixin.py:188} WARNING - [2026-03-28 16:50:55] WARNING utils.minio :   MinIO skip (empty): fact_tong_hop_sv.parquet
[2026-03-28T16:50:55.145+0000] {minio_client.py:120} WARNING -   MinIO skip (empty): fact_tong_hop_sv.parquet
[2026-03-28T16:50:55.147+0000] {logging_mixin.py:188} WARNING - [2026-03-28 16:50:55] INFO    etl.transform :   MinIO staging-data: 8/8 files OK → run_id=2026-03-28_16-50
[2026-03-28T16:50:55.146+0000] {transform.py:144} INFO -   MinIO staging-data: 8/8 files OK → run_id=2026-03-28_16-50
[2026-03-28T16:50:55.182+0000] {logging_mixin.py:188} INFO - Transform xong: {'dim_giang_vien': 45, 'dim_sinh_vien': 1695, 'dim_hoc_phan': 121, 'dim_thoi_gian': 9, 'fact_diem': 52893, 'fact_ren_luyen': 8737, 'fact_tai_chinh': 8737, 'fact_tong_hop_sv': 0}
[2026-03-28T16:50:55.185+0000] {python.py:201} INFO - Done. Returned value was: {'dim_giang_vien': 45, 'dim_sinh_vien': 1695, 'dim_hoc_phan': 121, 'dim_thoi_gian': 9, 'fact_diem': 52893, 'fact_ren_luyen': 8737, 'fact_tai_chinh': 8737, 'fact_tong_hop_sv': 0}
[2026-03-28T16:50:55.210+0000] {taskinstance.py:1138} INFO - Marking task as SUCCESS. dag_id=daily_student_pipeline, task_id=transform_data, execution_date=20260328T165037, start_date=20260328T165053, end_date=20260328T165055
[2026-03-28T16:50:55.241+0000] {local_task_job_runner.py:234} INFO - Task exited with return code 0
[2026-03-28T16:50:55.270+0000] {taskinstance.py:3280} INFO - 1 downstream tasks scheduled from follow-on schedule check
