[2026-05-02T05:50:33.865+0000] {taskinstance.py:1956} INFO - Dependencies all met for dep_context=non-requeueable deps ti=<TaskInstance: daily_student_pipeline.load_data manual__2026-05-02T05:50:21.324448+00:00 [queued]>
[2026-05-02T05:50:33.873+0000] {taskinstance.py:1956} INFO - Dependencies all met for dep_context=requeueable deps ti=<TaskInstance: daily_student_pipeline.load_data manual__2026-05-02T05:50:21.324448+00:00 [queued]>
[2026-05-02T05:50:33.874+0000] {taskinstance.py:2170} INFO - Starting attempt 1 of 1
[2026-05-02T05:50:33.887+0000] {taskinstance.py:2191} INFO - Executing <Task(PythonOperator): load_data> on 2026-05-02 05:50:21.324448+00:00
[2026-05-02T05:50:33.892+0000] {standard_task_runner.py:60} INFO - Started process 19602 to run task
[2026-05-02T05:50:33.895+0000] {standard_task_runner.py:87} INFO - Running: ['***', 'tasks', 'run', 'daily_student_pipeline', 'load_data', 'manual__2026-05-02T05:50:21.324448+00:00', '--job-id', '641', '--raw', '--subdir', 'DAGS_FOLDER/daily_student_pipeline.py', '--cfg-path', '/tmp/tmpw_y8_5ta']
[2026-05-02T05:50:33.897+0000] {standard_task_runner.py:88} INFO - Job 641: Subtask load_data
[2026-05-02T05:50:33.958+0000] {task_command.py:423} INFO - Running <TaskInstance: daily_student_pipeline.load_data manual__2026-05-02T05:50:21.324448+00:00 [running]> on host 485f600440bc
[2026-05-02T05:50:34.036+0000] {taskinstance.py:2480} INFO - Exporting env vars: AIRFLOW_CTX_DAG_OWNER='nhom8' AIRFLOW_CTX_DAG_ID='daily_student_pipeline' AIRFLOW_CTX_TASK_ID='load_data' AIRFLOW_CTX_EXECUTION_DATE='2026-05-02T05:50:21.324448+00:00' AIRFLOW_CTX_TRY_NUMBER='1' AIRFLOW_CTX_DAG_RUN_ID='manual__2026-05-02T05:50:21.324448+00:00'
[2026-05-02T05:50:34.636+0000] {transform.py:159} INFO -   Load TransformedData từ MinIO staging: run_id=2026-05-02_05-50
[2026-05-02T05:50:34.641+0000] {minio_client.py:229} WARNING -   MinIO không tìm thấy: 2026-05-02_05-50/dim_hoc_ky.parquet
[2026-05-02T05:50:34.665+0000] {minio_client.py:223} INFO -   MinIO ↓ [staging-data] 2026-05-02_05-50/dim_giang_vien.parquet (45 rows)
[2026-05-02T05:50:34.673+0000] {minio_client.py:223} INFO -   MinIO ↓ [staging-data] 2026-05-02_05-50/dim_hoc_phan.parquet (121 rows)
[2026-05-02T05:50:34.685+0000] {minio_client.py:223} INFO -   MinIO ↓ [staging-data] 2026-05-02_05-50/dim_sinh_vien.parquet (1,695 rows)
[2026-05-02T05:50:34.689+0000] {minio_client.py:229} WARNING -   MinIO không tìm thấy: 2026-05-02_05-50/fact_diem.parquet
[2026-05-02T05:50:34.692+0000] {minio_client.py:229} WARNING -   MinIO không tìm thấy: 2026-05-02_05-50/fact_dang_ky.parquet
[2026-05-02T05:50:34.701+0000] {minio_client.py:223} INFO -   MinIO ↓ [staging-data] 2026-05-02_05-50/fact_ren_luyen.parquet (10,068 rows)
[2026-05-02T05:50:34.711+0000] {minio_client.py:223} INFO -   MinIO ↓ [staging-data] 2026-05-02_05-50/fact_tai_chinh.parquet (9,769 rows)
[2026-05-02T05:50:34.712+0000] {transform.py:172} INFO - Load from staging-data OK — run_id=2026-05-02_05-50
[2026-05-02T05:50:34.712+0000] {load.py:51} INFO - ==BẮT ĐẦU LOAD VÀO DATA WAREHOUSE==
[2026-05-02T05:50:34.713+0000] {load.py:52} INFO - ======================================================================
[2026-05-02T05:50:34.713+0000] {load.py:121} INFO - Tạo schema warehouse từ warehouse_models.py...
[2026-05-02T05:50:34.724+0000] {load.py:123} INFO -   Schema warehouse OK
[2026-05-02T05:50:34.725+0000] {load.py:57} INFO - ── Bước 1: Load Dimension Tables ──
[2026-05-02T05:50:34.768+0000] {load.py:262} INFO -   dim_giang_vien →     45 records (new: 0)
[2026-05-02T05:50:34.854+0000] {load.py:310} INFO -   dim_hoc_phan   →    121 records (new: 0)
[2026-05-02T05:50:36.246+0000] {load.py:419} INFO -   dim_sinh_vien →  1,695 records (new: 0, SCD2: 0, fact cascade: 0)
[2026-05-02T05:50:36.247+0000] {load.py:63} INFO - ── Bước 2: Build Surrogate Key Cache ──
[2026-05-02T05:50:36.248+0000] {load.py:126} INFO - Building surrogate key caches...
[2026-05-02T05:50:36.262+0000] {load.py:154} INFO -   SV=1695, HP=121, GV=45, HK=0
[2026-05-02T05:50:36.263+0000] {load.py:66} INFO - ── Bước 3: Load Fact Tables ──
[2026-05-02T05:50:36.264+0000] {load.py:488} INFO -   fact_hoc_tap   → SKIP (empty)
[2026-05-02T05:50:36.264+0000] {load.py:579} INFO -   fact_dang_ky   → SKIP (empty)
[2026-05-02T05:50:36.267+0000] {load.py:686} WARNING -   fact_ctsv | [DEDUP Tầng 1 - DataFrame] Loại bỏ 299 bản ghi trùng (10068 → 9769)
[2026-05-02T05:50:36.274+0000] {load.py:719} WARNING -   fact_ctsv | Bỏ qua 9769 rows: không tìm thấy surrogate key (SV hoặc HK chưa có trong dim)
[2026-05-02T05:50:36.282+0000] {load.py:802} INFO -   fact_ctsv      → SKIP (no valid records)
[2026-05-02T05:50:36.293+0000] {load.py:931} INFO -   fact_tai_chinh | Đã làm sạch 1 cột datetime (NaT → None)
[2026-05-02T05:50:36.459+0000] {load.py:971} INFO -   fact_tai_chinh → SKIP (no valid records)
[2026-05-02T05:50:36.460+0000] {load.py:73} INFO - ── Bước 4: Build Aggregation ──
[2026-05-02T05:50:36.461+0000] {aggregation.py:12} INFO - == BẮT ĐẦU AGGREGATION ==
[2026-05-02T05:50:36.589+0000] {aggregation.py:288} INFO -   agg_student_summary → 1,695 records
[2026-05-02T05:50:36.590+0000] {aggregation.py:14} INFO -   agg_student_summary rebuilt : 1,695
[2026-05-02T05:50:36.590+0000] {aggregation.py:15} INFO - == AGGREGATION HOÀN TẤT ==
[2026-05-02T05:50:36.591+0000] {load.py:77} INFO - ======================================================================
[2026-05-02T05:50:36.591+0000] {load.py:78} INFO - LOAD HOÀN TẤT
[2026-05-02T05:50:36.592+0000] {load.py:81} INFO -   dim_hoc_ky               :        0 records
[2026-05-02T05:50:36.592+0000] {load.py:81} INFO -   dim_giang_vien           :       45 records
[2026-05-02T05:50:36.593+0000] {load.py:81} INFO -   dim_hoc_phan             :      121 records
[2026-05-02T05:50:36.593+0000] {load.py:81} INFO -   dim_sinh_vien            :        0 records
[2026-05-02T05:50:36.593+0000] {load.py:81} INFO -   fact_hoc_tap             :        0 records
[2026-05-02T05:50:36.594+0000] {load.py:81} INFO -   fact_dang_ky             :        0 records
[2026-05-02T05:50:36.594+0000] {load.py:81} INFO -   fact_ctsv                :        0 records
[2026-05-02T05:50:36.594+0000] {load.py:81} INFO -   fact_tai_chinh           :        0 records
[2026-05-02T05:50:36.595+0000] {load.py:81} INFO -   agg_student_summary      :    1,695 records
[2026-05-02T05:50:36.595+0000] {load.py:83} INFO -   TỔNG                     :    1,861 records
[2026-05-02T05:50:36.595+0000] {load.py:84} INFO - ======================================================================
[2026-05-02T05:50:36.629+0000] {logging_mixin.py:188} INFO - ============================================================
[2026-05-02T05:50:36.630+0000] {logging_mixin.py:188} INFO - LOAD HOÀN TẤT — Thống kê:
[2026-05-02T05:50:36.631+0000] {logging_mixin.py:188} INFO -   dim_hoc_ky                    :          0 records
[2026-05-02T05:50:36.631+0000] {logging_mixin.py:188} INFO -   dim_giang_vien                :         45 records
[2026-05-02T05:50:36.632+0000] {logging_mixin.py:188} INFO -   dim_hoc_phan                  :        121 records
[2026-05-02T05:50:36.633+0000] {logging_mixin.py:188} INFO -   dim_sinh_vien                 :          0 records
[2026-05-02T05:50:36.633+0000] {logging_mixin.py:188} INFO -   fact_hoc_tap                  :          0 records
[2026-05-02T05:50:36.634+0000] {logging_mixin.py:188} INFO -   fact_dang_ky                  :          0 records
[2026-05-02T05:50:36.634+0000] {logging_mixin.py:188} INFO -   fact_ctsv                     :          0 records
[2026-05-02T05:50:36.634+0000] {logging_mixin.py:188} INFO -   fact_tai_chinh                :          0 records
[2026-05-02T05:50:36.635+0000] {logging_mixin.py:188} INFO -   agg_student_summary           :      1,695 records
[2026-05-02T05:50:36.635+0000] {logging_mixin.py:188} INFO -   TỔNG                          :      1,861 records
[2026-05-02T05:50:36.636+0000] {logging_mixin.py:188} INFO - ============================================================
[2026-05-02T05:50:36.637+0000] {python.py:201} INFO - Done. Returned value was: {'dim_hoc_ky': 0, 'dim_giang_vien': 45, 'dim_hoc_phan': 121, 'dim_sinh_vien': 0, 'fact_hoc_tap': 0, 'fact_dang_ky': 0, 'fact_ctsv': 0, 'fact_tai_chinh': 0, 'agg_student_summary': 1695}
[2026-05-02T05:50:36.662+0000] {taskinstance.py:1138} INFO - Marking task as SUCCESS. dag_id=daily_student_pipeline, task_id=load_data, execution_date=20260502T055021, start_date=20260502T055033, end_date=20260502T055036
[2026-05-02T05:50:36.685+0000] {local_task_job_runner.py:234} INFO - Task exited with return code 0
[2026-05-02T05:50:36.710+0000] {taskinstance.py:3280} INFO - 1 downstream tasks scheduled from follow-on schedule check
