[2026-04-05T16:23:30.344+0000] {taskinstance.py:1956} INFO - Dependencies all met for dep_context=non-requeueable deps ti=<TaskInstance: daily_student_pipeline.transform_data manual__2026-04-05T16:23:12.265796+00:00 [queued]>
[2026-04-05T16:23:30.355+0000] {taskinstance.py:1956} INFO - Dependencies all met for dep_context=requeueable deps ti=<TaskInstance: daily_student_pipeline.transform_data manual__2026-04-05T16:23:12.265796+00:00 [queued]>
[2026-04-05T16:23:30.356+0000] {taskinstance.py:2170} INFO - Starting attempt 1 of 1
[2026-04-05T16:23:30.367+0000] {taskinstance.py:2191} INFO - Executing <Task(PythonOperator): transform_data> on 2026-04-05 16:23:12.265796+00:00
[2026-04-05T16:23:30.373+0000] {standard_task_runner.py:60} INFO - Started process 27697 to run task
[2026-04-05T16:23:30.376+0000] {standard_task_runner.py:87} INFO - Running: ['***', 'tasks', 'run', 'daily_student_pipeline', 'transform_data', 'manual__2026-04-05T16:23:12.265796+00:00', '--job-id', '246', '--raw', '--subdir', 'DAGS_FOLDER/daily_student_pipeline.py', '--cfg-path', '/tmp/tmpbk4vamo2']
[2026-04-05T16:23:30.379+0000] {standard_task_runner.py:88} INFO - Job 246: Subtask transform_data
[2026-04-05T16:23:30.469+0000] {task_command.py:423} INFO - Running <TaskInstance: daily_student_pipeline.transform_data manual__2026-04-05T16:23:12.265796+00:00 [running]> on host 1c62953c8918
[2026-04-05T16:23:30.574+0000] {taskinstance.py:2480} INFO - Exporting env vars: AIRFLOW_CTX_DAG_OWNER='nhom8' AIRFLOW_CTX_DAG_ID='daily_student_pipeline' AIRFLOW_CTX_TASK_ID='transform_data' AIRFLOW_CTX_EXECUTION_DATE='2026-04-05T16:23:12.265796+00:00' AIRFLOW_CTX_TRY_NUMBER='1' AIRFLOW_CTX_DAG_RUN_ID='manual__2026-04-05T16:23:12.265796+00:00'
[2026-04-05T16:23:31.316+0000] {logging_mixin.py:188} WARNING - [2026-04-05 16:23:31] INFO    etl.extract :   Load from MinIO staging: run_id=2026-04-05_16-23
[2026-04-05T16:23:31.316+0000] {extract.py:352} INFO -   Load from MinIO staging: run_id=2026-04-05_16-23
[2026-04-05T16:23:31.345+0000] {logging_mixin.py:188} WARNING - [2026-04-05 16:23:31] INFO    utils.minio :   MinIO ↓ [raw-data] 2026-04-05_16-23/nguon1_khoa.parquet (4 rows)
[2026-04-05T16:23:31.345+0000] {minio_client.py:223} INFO -   MinIO ↓ [raw-data] 2026-04-05_16-23/nguon1_khoa.parquet (4 rows)
[2026-04-05T16:23:31.357+0000] {logging_mixin.py:188} WARNING - [2026-04-05 16:23:31] INFO    utils.minio :   MinIO ↓ [raw-data] 2026-04-05_16-23/nguon1_nganh.parquet (3 rows)
[2026-04-05T16:23:31.357+0000] {minio_client.py:223} INFO -   MinIO ↓ [raw-data] 2026-04-05_16-23/nguon1_nganh.parquet (3 rows)
[2026-04-05T16:23:31.370+0000] {logging_mixin.py:188} WARNING - [2026-04-05 16:23:31] INFO    utils.minio :   MinIO ↓ [raw-data] 2026-04-05_16-23/nguon1_giang_vien.parquet (45 rows)
[2026-04-05T16:23:31.370+0000] {minio_client.py:223} INFO -   MinIO ↓ [raw-data] 2026-04-05_16-23/nguon1_giang_vien.parquet (45 rows)
[2026-04-05T16:23:31.382+0000] {logging_mixin.py:188} WARNING - [2026-04-05 16:23:31] INFO    utils.minio :   MinIO ↓ [raw-data] 2026-04-05_16-23/nguon1_lop_hanh_chinh.parquet (48 rows)
[2026-04-05T16:23:31.382+0000] {minio_client.py:223} INFO -   MinIO ↓ [raw-data] 2026-04-05_16-23/nguon1_lop_hanh_chinh.parquet (48 rows)
[2026-04-05T16:23:31.397+0000] {logging_mixin.py:188} WARNING - [2026-04-05 16:23:31] INFO    utils.minio :   MinIO ↓ [raw-data] 2026-04-05_16-23/nguon1_sinh_vien.parquet (1,695 rows)
[2026-04-05T16:23:31.397+0000] {minio_client.py:223} INFO -   MinIO ↓ [raw-data] 2026-04-05_16-23/nguon1_sinh_vien.parquet (1,695 rows)
[2026-04-05T16:23:31.407+0000] {logging_mixin.py:188} WARNING - [2026-04-05 16:23:31] INFO    utils.minio :   MinIO ↓ [raw-data] 2026-04-05_16-23/nguon1_hoc_phan.parquet (121 rows)
[2026-04-05T16:23:31.407+0000] {minio_client.py:223} INFO -   MinIO ↓ [raw-data] 2026-04-05_16-23/nguon1_hoc_phan.parquet (121 rows)
[2026-04-05T16:23:31.418+0000] {logging_mixin.py:188} WARNING - [2026-04-05 16:23:31] INFO    utils.minio :   MinIO ↓ [raw-data] 2026-04-05_16-23/nguon1_hoc_ky.parquet (9 rows)
[2026-04-05T16:23:31.418+0000] {minio_client.py:223} INFO -   MinIO ↓ [raw-data] 2026-04-05_16-23/nguon1_hoc_ky.parquet (9 rows)
[2026-04-05T16:23:31.446+0000] {logging_mixin.py:188} WARNING - [2026-04-05 16:23:31] INFO    utils.minio :   MinIO ↓ [raw-data] 2026-04-05_16-23/nguon1_dang_ky.parquet (58,001 rows)
[2026-04-05T16:23:31.446+0000] {minio_client.py:223} INFO -   MinIO ↓ [raw-data] 2026-04-05_16-23/nguon1_dang_ky.parquet (58,001 rows)
[2026-04-05T16:23:31.480+0000] {logging_mixin.py:188} WARNING - [2026-04-05 16:23:31] INFO    utils.minio :   MinIO ↓ [raw-data] 2026-04-05_16-23/nguon1_diem.parquet (58,001 rows)
[2026-04-05T16:23:31.480+0000] {minio_client.py:223} INFO -   MinIO ↓ [raw-data] 2026-04-05_16-23/nguon1_diem.parquet (58,001 rows)
[2026-04-05T16:23:31.493+0000] {logging_mixin.py:188} WARNING - [2026-04-05 16:23:31] INFO    utils.minio :   MinIO ↓ [raw-data] 2026-04-05_16-23/nguon1_tong_hop_ket_qua.parquet (1,695 rows)
[2026-04-05T16:23:31.493+0000] {minio_client.py:223} INFO -   MinIO ↓ [raw-data] 2026-04-05_16-23/nguon1_tong_hop_ket_qua.parquet (1,695 rows)
[2026-04-05T16:23:31.509+0000] {logging_mixin.py:188} WARNING - [2026-04-05 16:23:31] INFO    utils.minio :   MinIO ↓ [raw-data] 2026-04-05_16-23/nguon2_ctsv.parquet (9,238 rows)
[2026-04-05T16:23:31.509+0000] {minio_client.py:223} INFO -   MinIO ↓ [raw-data] 2026-04-05_16-23/nguon2_ctsv.parquet (9,238 rows)
[2026-04-05T16:23:31.523+0000] {logging_mixin.py:188} WARNING - [2026-04-05 16:23:31] INFO    utils.minio :   MinIO ↓ [raw-data] 2026-04-05_16-23/nguon3_tai_chinh.parquet (9,238 rows)
[2026-04-05T16:23:31.522+0000] {minio_client.py:223} INFO -   MinIO ↓ [raw-data] 2026-04-05_16-23/nguon3_tai_chinh.parquet (9,238 rows)
[2026-04-05T16:23:31.524+0000] {logging_mixin.py:188} WARNING - [2026-04-05 16:23:31] INFO    etl.extract :  Load from staging OK — run_id=2026-04-05_16-23
[2026-04-05T16:23:31.524+0000] {extract.py:369} INFO -  Load from staging OK — run_id=2026-04-05_16-23
[2026-04-05T16:23:31.526+0000] {logging_mixin.py:188} WARNING - [2026-04-05 16:23:31] INFO    etl.transform : ==BẮT ĐẦU TRANSFORM==
[2026-04-05T16:23:31.526+0000] {transform.py:67} INFO - ==BẮT ĐẦU TRANSFORM==
[2026-04-05T16:23:31.528+0000] {logging_mixin.py:188} WARNING - [2026-04-05 16:23:31] INFO    etl.transform : ======================================================================
[2026-04-05T16:23:31.528+0000] {transform.py:68} INFO - ======================================================================
[2026-04-05T16:23:31.530+0000] {logging_mixin.py:188} WARNING - [2026-04-05 16:23:31] INFO    etl.transform : ── Bước 1: Transform Dimension Tables ──
[2026-04-05T16:23:31.530+0000] {transform.py:72} INFO - ── Bước 1: Transform Dimension Tables ──
[2026-04-05T16:23:31.536+0000] {logging_mixin.py:188} WARNING - [2026-04-05 16:23:31] INFO    etl.transform :   dim_thoi_gian               →      9 records
[2026-04-05T16:23:31.536+0000] {transform.py:189} INFO -   dim_thoi_gian               →      9 records
[2026-04-05T16:23:31.542+0000] {logging_mixin.py:188} WARNING - [2026-04-05 16:23:31] INFO    etl.transform :   dim_giang_vien              →     45 records
[2026-04-05T16:23:31.542+0000] {transform.py:212} INFO -   dim_giang_vien              →     45 records
[2026-04-05T16:23:31.547+0000] {logging_mixin.py:188} WARNING - [2026-04-05 16:23:31] INFO    etl.transform :   dim_hoc_phan                →    121 records
[2026-04-05T16:23:31.547+0000] {transform.py:240} INFO -   dim_hoc_phan                →    121 records
[2026-04-05T16:23:31.563+0000] {logging_mixin.py:188} WARNING - [2026-04-05 16:23:31] INFO    etl.transform :   dim_sinh_vien               →  1,695 records
[2026-04-05T16:23:31.563+0000] {transform.py:304} INFO -   dim_sinh_vien               →  1,695 records
[2026-04-05T16:23:31.566+0000] {logging_mixin.py:188} WARNING - [2026-04-05 16:23:31] INFO    etl.transform : ── Bước 2: Transform Fact Tables ──
[2026-04-05T16:23:31.566+0000] {transform.py:86} INFO - ── Bước 2: Transform Fact Tables ──
[2026-04-05T16:23:31.589+0000] {logging_mixin.py:188} WARNING - [2026-04-05 16:23:31] INFO    etl.transform :   fact_diem | Tính lại điểm tổng kết cho 1160 bản ghi
[2026-04-05T16:23:31.588+0000] {transform.py:354} INFO -   fact_diem | Tính lại điểm tổng kết cho 1160 bản ghi
[2026-04-05T16:23:31.636+0000] {logging_mixin.py:188} WARNING - [2026-04-05 16:23:31] INFO    etl.transform :   fact_diem                   → 58,001 records
[2026-04-05T16:23:31.635+0000] {transform.py:374} INFO -   fact_diem                   → 58,001 records
[2026-04-05T16:23:31.664+0000] {logging_mixin.py:188} WARNING - [2026-04-05 16:23:31] INFO    etl.transform :   fact_ren_luyen              →  9,238 records
[2026-04-05T16:23:31.664+0000] {transform.py:411} INFO -   fact_ren_luyen              →  9,238 records
[2026-04-05T16:23:31.674+0000] {logging_mixin.py:188} WARNING - [2026-04-05 16:23:31] INFO    etl.transform :   fact_tai_chinh              →  9,238 records
[2026-04-05T16:23:31.674+0000] {transform.py:432} INFO -   fact_tai_chinh              →  9,238 records
[2026-04-05T16:23:31.676+0000] {logging_mixin.py:188} WARNING - [2026-04-05 16:23:31] INFO    etl.transform : ======================================================================
[2026-04-05T16:23:31.676+0000] {transform.py:94} INFO - ======================================================================
[2026-04-05T16:23:31.678+0000] {logging_mixin.py:188} WARNING - [2026-04-05 16:23:31] INFO    etl.transform : TRANSFORM HOÀN TẤT
[2026-04-05T16:23:31.678+0000] {transform.py:95} INFO - TRANSFORM HOÀN TẤT
[2026-04-05T16:23:31.679+0000] {logging_mixin.py:188} WARNING - [2026-04-05 16:23:31] INFO    etl.transform :    dim_giang_vien           :       45 records
[2026-04-05T16:23:31.679+0000] {transform.py:97} INFO -    dim_giang_vien           :       45 records
[2026-04-05T16:23:31.681+0000] {logging_mixin.py:188} WARNING - [2026-04-05 16:23:31] INFO    etl.transform :    dim_sinh_vien            :    1,695 records
[2026-04-05T16:23:31.681+0000] {transform.py:97} INFO -    dim_sinh_vien            :    1,695 records
[2026-04-05T16:23:31.682+0000] {logging_mixin.py:188} WARNING - [2026-04-05 16:23:31] INFO    etl.transform :    dim_hoc_phan             :      121 records
[2026-04-05T16:23:31.682+0000] {transform.py:97} INFO -    dim_hoc_phan             :      121 records
[2026-04-05T16:23:31.683+0000] {logging_mixin.py:188} WARNING - [2026-04-05 16:23:31] INFO    etl.transform :    dim_thoi_gian            :        9 records
[2026-04-05T16:23:31.683+0000] {transform.py:97} INFO -    dim_thoi_gian            :        9 records
[2026-04-05T16:23:31.685+0000] {logging_mixin.py:188} WARNING - [2026-04-05 16:23:31] INFO    etl.transform :    fact_diem                :   58,001 records
[2026-04-05T16:23:31.685+0000] {transform.py:97} INFO -    fact_diem                :   58,001 records
[2026-04-05T16:23:31.686+0000] {logging_mixin.py:188} WARNING - [2026-04-05 16:23:31] INFO    etl.transform :    fact_ren_luyen           :    9,238 records
[2026-04-05T16:23:31.686+0000] {transform.py:97} INFO -    fact_ren_luyen           :    9,238 records
[2026-04-05T16:23:31.687+0000] {logging_mixin.py:188} WARNING - [2026-04-05 16:23:31] INFO    etl.transform :    fact_tai_chinh           :    9,238 records
[2026-04-05T16:23:31.687+0000] {transform.py:97} INFO -    fact_tai_chinh           :    9,238 records
[2026-04-05T16:23:31.689+0000] {logging_mixin.py:188} WARNING - [2026-04-05 16:23:31] INFO    etl.transform : ======================================================================
[2026-04-05T16:23:31.689+0000] {transform.py:98} INFO - ======================================================================
[2026-04-05T16:23:31.711+0000] {logging_mixin.py:188} WARNING - [2026-04-05 16:23:31] INFO    utils.minio :   MinIO ↑ [staging-data] 2026-04-05_16-23/dim_hoc_ky.parquet (5.3 KB | 9 rows)
[2026-04-05T16:23:31.711+0000] {minio_client.py:142} INFO -   MinIO ↑ [staging-data] 2026-04-05_16-23/dim_hoc_ky.parquet (5.3 KB | 9 rows)
[2026-04-05T16:23:31.726+0000] {logging_mixin.py:188} WARNING - [2026-04-05 16:23:31] INFO    utils.minio :   MinIO ↑ [staging-data] 2026-04-05_16-23/dim_giang_vien.parquet (8.9 KB | 45 rows)
[2026-04-05T16:23:31.725+0000] {minio_client.py:142} INFO -   MinIO ↑ [staging-data] 2026-04-05_16-23/dim_giang_vien.parquet (8.9 KB | 45 rows)
[2026-04-05T16:23:31.739+0000] {logging_mixin.py:188} WARNING - [2026-04-05 16:23:31] INFO    utils.minio :   MinIO ↑ [staging-data] 2026-04-05_16-23/dim_hoc_phan.parquet (11.0 KB | 121 rows)
[2026-04-05T16:23:31.739+0000] {minio_client.py:142} INFO -   MinIO ↑ [staging-data] 2026-04-05_16-23/dim_hoc_phan.parquet (11.0 KB | 121 rows)
[2026-04-05T16:23:31.774+0000] {logging_mixin.py:188} WARNING - [2026-04-05 16:23:31] INFO    utils.minio :   MinIO ↑ [staging-data] 2026-04-05_16-23/dim_sinh_vien.parquet (72.9 KB | 1,695 rows)
[2026-04-05T16:23:31.774+0000] {minio_client.py:142} INFO -   MinIO ↑ [staging-data] 2026-04-05_16-23/dim_sinh_vien.parquet (72.9 KB | 1,695 rows)
[2026-04-05T16:23:31.867+0000] {logging_mixin.py:188} WARNING - [2026-04-05 16:23:31] INFO    utils.minio :   MinIO ↑ [staging-data] 2026-04-05_16-23/fact_diem.parquet (908.9 KB | 58,001 rows)
[2026-04-05T16:23:31.867+0000] {minio_client.py:142} INFO -   MinIO ↑ [staging-data] 2026-04-05_16-23/fact_diem.parquet (908.9 KB | 58,001 rows)
[2026-04-05T16:23:31.889+0000] {logging_mixin.py:188} WARNING - [2026-04-05 16:23:31] INFO    utils.minio :   MinIO ↑ [staging-data] 2026-04-05_16-23/fact_ren_luyen.parquet (39.7 KB | 9,238 rows)
[2026-04-05T16:23:31.889+0000] {minio_client.py:142} INFO -   MinIO ↑ [staging-data] 2026-04-05_16-23/fact_ren_luyen.parquet (39.7 KB | 9,238 rows)
[2026-04-05T16:23:31.914+0000] {logging_mixin.py:188} WARNING - [2026-04-05 16:23:31] INFO    utils.minio :   MinIO ↑ [staging-data] 2026-04-05_16-23/fact_tai_chinh.parquet (66.6 KB | 9,238 rows)
[2026-04-05T16:23:31.914+0000] {minio_client.py:142} INFO -   MinIO ↑ [staging-data] 2026-04-05_16-23/fact_tai_chinh.parquet (66.6 KB | 9,238 rows)
[2026-04-05T16:23:31.916+0000] {logging_mixin.py:188} WARNING - [2026-04-05 16:23:31] INFO    etl.transform :   MinIO staging-data: 7/7 files OK → run_id=2026-04-05_16-23
[2026-04-05T16:23:31.916+0000] {transform.py:130} INFO -   MinIO staging-data: 7/7 files OK → run_id=2026-04-05_16-23
[2026-04-05T16:23:31.950+0000] {logging_mixin.py:188} INFO - Transform xong: {'dim_giang_vien': 45, 'dim_sinh_vien': 1695, 'dim_hoc_phan': 121, 'dim_thoi_gian': 9, 'fact_diem': 58001, 'fact_ren_luyen': 9238, 'fact_tai_chinh': 9238}
[2026-04-05T16:23:31.953+0000] {python.py:201} INFO - Done. Returned value was: {'dim_giang_vien': 45, 'dim_sinh_vien': 1695, 'dim_hoc_phan': 121, 'dim_thoi_gian': 9, 'fact_diem': 58001, 'fact_ren_luyen': 9238, 'fact_tai_chinh': 9238}
[2026-04-05T16:23:31.983+0000] {taskinstance.py:1138} INFO - Marking task as SUCCESS. dag_id=daily_student_pipeline, task_id=transform_data, execution_date=20260405T162312, start_date=20260405T162330, end_date=20260405T162331
[2026-04-05T16:23:32.036+0000] {local_task_job_runner.py:234} INFO - Task exited with return code 0
[2026-04-05T16:23:32.064+0000] {taskinstance.py:3280} INFO - 1 downstream tasks scheduled from follow-on schedule check
