[2026-04-20T10:25:03.920+0000] {taskinstance.py:1956} INFO - Dependencies all met for dep_context=non-requeueable deps ti=<TaskInstance: daily_student_pipeline.extract_data manual__2026-04-20T10:25:01.520645+00:00 [queued]>
[2026-04-20T10:25:03.930+0000] {taskinstance.py:1956} INFO - Dependencies all met for dep_context=requeueable deps ti=<TaskInstance: daily_student_pipeline.extract_data manual__2026-04-20T10:25:01.520645+00:00 [queued]>
[2026-04-20T10:25:03.931+0000] {taskinstance.py:2170} INFO - Starting attempt 1 of 1
[2026-04-20T10:25:03.948+0000] {taskinstance.py:2191} INFO - Executing <Task(PythonOperator): extract_data> on 2026-04-20 10:25:01.520645+00:00
[2026-04-20T10:25:03.954+0000] {standard_task_runner.py:60} INFO - Started process 3060 to run task
[2026-04-20T10:25:03.957+0000] {standard_task_runner.py:87} INFO - Running: ['***', 'tasks', 'run', 'daily_student_pipeline', 'extract_data', 'manual__2026-04-20T10:25:01.520645+00:00', '--job-id', '406', '--raw', '--subdir', 'DAGS_FOLDER/daily_student_pipeline.py', '--cfg-path', '/tmp/tmpp7p8reef']
[2026-04-20T10:25:03.962+0000] {standard_task_runner.py:88} INFO - Job 406: Subtask extract_data
[2026-04-20T10:25:04.031+0000] {task_command.py:423} INFO - Running <TaskInstance: daily_student_pipeline.extract_data manual__2026-04-20T10:25:01.520645+00:00 [running]> on host 759b8b5e27b5
[2026-04-20T10:25:04.156+0000] {taskinstance.py:2480} INFO - Exporting env vars: AIRFLOW_CTX_DAG_OWNER='nhom8' AIRFLOW_CTX_DAG_ID='daily_student_pipeline' AIRFLOW_CTX_TASK_ID='extract_data' AIRFLOW_CTX_EXECUTION_DATE='2026-04-20T10:25:01.520645+00:00' AIRFLOW_CTX_TRY_NUMBER='1' AIRFLOW_CTX_DAG_RUN_ID='manual__2026-04-20T10:25:01.520645+00:00'
[2026-04-20T10:25:05.078+0000] {logging_mixin.py:188} WARNING - [2026-04-20 10:25:05] INFO    etl.extract : ==BẮT ĐẦU FULL EXTRACT==
[2026-04-20T10:25:05.078+0000] {extract.py:346} INFO - ==BẮT ĐẦU FULL EXTRACT==
[2026-04-20T10:25:05.080+0000] {logging_mixin.py:188} WARNING - [2026-04-20 10:25:05] INFO    etl.extract : ======================================================================
[2026-04-20T10:25:05.080+0000] {extract.py:347} INFO - ======================================================================
[2026-04-20T10:25:05.084+0000] {logging_mixin.py:188} WARNING - [2026-04-20 10:25:05] INFO    etl.extract : ════════════════════════════════════════════════════════════
[2026-04-20T10:25:05.084+0000] {extract.py:84} INFO - ════════════════════════════════════════════════════════════
[2026-04-20T10:25:05.086+0000] {logging_mixin.py:188} WARNING - [2026-04-20 10:25:05] INFO    etl.extract : NGUỒN 1 — PostgreSQL (Phòng Đào tạo) | Full Extract
[2026-04-20T10:25:05.086+0000] {extract.py:85} INFO - NGUỒN 1 — PostgreSQL (Phòng Đào tạo) | Full Extract
[2026-04-20T10:25:05.088+0000] {logging_mixin.py:188} WARNING - [2026-04-20 10:25:05] INFO    etl.extract : ════════════════════════════════════════════════════════════
[2026-04-20T10:25:05.088+0000] {extract.py:86} INFO - ════════════════════════════════════════════════════════════
[2026-04-20T10:25:05.137+0000] {logging_mixin.py:188} WARNING - [2026-04-20 10:25:05] INFO    etl.extract :   PostgreSQL | khoa                      →      4 records
[2026-04-20T10:25:05.137+0000] {extract.py:68} INFO -   PostgreSQL | khoa                      →      4 records
[2026-04-20T10:25:05.158+0000] {logging_mixin.py:188} WARNING - [2026-04-20 10:25:05] INFO    etl.extract :   PostgreSQL | nganh                     →      3 records
[2026-04-20T10:25:05.158+0000] {extract.py:68} INFO -   PostgreSQL | nganh                     →      3 records
[2026-04-20T10:25:05.183+0000] {logging_mixin.py:188} WARNING - [2026-04-20 10:25:05] INFO    etl.extract :   PostgreSQL | giang_vien                →     45 records
[2026-04-20T10:25:05.183+0000] {extract.py:68} INFO -   PostgreSQL | giang_vien                →     45 records
[2026-04-20T10:25:05.227+0000] {logging_mixin.py:188} WARNING - [2026-04-20 10:25:05] INFO    etl.extract :   PostgreSQL | lop_hanh_chinh            →     48 records
[2026-04-20T10:25:05.227+0000] {extract.py:68} INFO -   PostgreSQL | lop_hanh_chinh            →     48 records
[2026-04-20T10:25:05.286+0000] {logging_mixin.py:188} WARNING - [2026-04-20 10:25:05] INFO    etl.extract :   PostgreSQL | sinh_vien                 →  1,695 records
[2026-04-20T10:25:05.285+0000] {extract.py:68} INFO -   PostgreSQL | sinh_vien                 →  1,695 records
[2026-04-20T10:25:05.310+0000] {logging_mixin.py:188} WARNING - [2026-04-20 10:25:05] INFO    etl.extract :   PostgreSQL | hoc_phan                  →    121 records
[2026-04-20T10:25:05.310+0000] {extract.py:68} INFO -   PostgreSQL | hoc_phan                  →    121 records
[2026-04-20T10:25:05.322+0000] {logging_mixin.py:188} WARNING - [2026-04-20 10:25:05] INFO    etl.extract :   PostgreSQL | hoc_ky_nam_hoc            →     13 records
[2026-04-20T10:25:05.322+0000] {extract.py:68} INFO -   PostgreSQL | hoc_ky_nam_hoc            →     13 records
[2026-04-20T10:25:05.451+0000] {logging_mixin.py:188} WARNING - [2026-04-20 10:25:05] INFO    etl.extract :   PostgreSQL | dang_ky_hoc_phan          → 55,125 records
[2026-04-20T10:25:05.451+0000] {extract.py:68} INFO -   PostgreSQL | dang_ky_hoc_phan          → 55,125 records
[2026-04-20T10:25:06.063+0000] {logging_mixin.py:188} WARNING - [2026-04-20 10:25:06] INFO    etl.extract :   PostgreSQL | diem_hoc_phan             → 54,640 records
[2026-04-20T10:25:06.063+0000] {extract.py:68} INFO -   PostgreSQL | diem_hoc_phan             → 54,640 records
[2026-04-20T10:25:06.124+0000] {logging_mixin.py:188} WARNING - [2026-04-20 10:25:06] INFO    etl.extract :   PostgreSQL | tong_hop_ket_qua          →  1,695 records
[2026-04-20T10:25:06.124+0000] {extract.py:68} INFO -   PostgreSQL | tong_hop_ket_qua          →  1,695 records
[2026-04-20T10:25:06.125+0000] {logging_mixin.py:188} WARNING - [2026-04-20 10:25:06] INFO    etl.extract :   PostgreSQL | TỔNG: 113,389 records từ 10 bảng
[2026-04-20T10:25:06.125+0000] {extract.py:93} INFO -   PostgreSQL | TỔNG: 113,389 records từ 10 bảng
[2026-04-20T10:25:06.125+0000] {logging_mixin.py:188} WARNING - [2026-04-20 10:25:06] INFO    etl.extract : ════════════════════════════════════════════════════════════
[2026-04-20T10:25:06.125+0000] {extract.py:167} INFO - ════════════════════════════════════════════════════════════
[2026-04-20T10:25:06.126+0000] {logging_mixin.py:188} WARNING - [2026-04-20 10:25:06] INFO    etl.extract : NGUỒN 2 — CSV (Phòng CTSV) | Extract
[2026-04-20T10:25:06.126+0000] {extract.py:168} INFO - NGUỒN 2 — CSV (Phòng CTSV) | Extract
[2026-04-20T10:25:06.127+0000] {logging_mixin.py:188} WARNING - [2026-04-20 10:25:06] INFO    etl.extract : ════════════════════════════════════════════════════════════
[2026-04-20T10:25:06.127+0000] {extract.py:169} INFO - ════════════════════════════════════════════════════════════
[2026-04-20T10:25:06.130+0000] {logging_mixin.py:188} WARNING - [2026-04-20 10:25:06] INFO    etl.extract :   CSV | Tìm thấy 13 file(s)
[2026-04-20T10:25:06.130+0000] {extract.py:178} INFO -   CSV | Tìm thấy 13 file(s)
[2026-04-20T10:25:06.140+0000] {logging_mixin.py:188} WARNING - [2026-04-20 10:25:06] INFO    etl.extract :   CSV | ctsv_HK1_2021_22.csv                →    789 records
[2026-04-20T10:25:06.139+0000] {extract.py:144} INFO -   CSV | ctsv_HK1_2021_22.csv                →    789 records
[2026-04-20T10:25:06.147+0000] {logging_mixin.py:188} WARNING - [2026-04-20 10:25:06] INFO    etl.extract :   CSV | ctsv_HK1_2022_23.csv                →  1,581 records
[2026-04-20T10:25:06.147+0000] {extract.py:144} INFO -   CSV | ctsv_HK1_2022_23.csv                →  1,581 records
[2026-04-20T10:25:06.156+0000] {logging_mixin.py:188} WARNING - [2026-04-20 10:25:06] INFO    etl.extract :   CSV | ctsv_HK1_2023_24.csv                →  2,411 records
[2026-04-20T10:25:06.156+0000] {extract.py:144} INFO -   CSV | ctsv_HK1_2023_24.csv                →  2,411 records
[2026-04-20T10:25:06.167+0000] {logging_mixin.py:188} WARNING - [2026-04-20 10:25:06] INFO    etl.extract :   CSV | ctsv_HK1_2024_25.csv                →  3,235 records
[2026-04-20T10:25:06.167+0000] {extract.py:144} INFO -   CSV | ctsv_HK1_2024_25.csv                →  3,235 records
[2026-04-20T10:25:06.176+0000] {logging_mixin.py:188} WARNING - [2026-04-20 10:25:06] INFO    etl.extract :   CSV | ctsv_HK1_2025_26.csv                →  2,444 records
[2026-04-20T10:25:06.176+0000] {extract.py:144} INFO -   CSV | ctsv_HK1_2025_26.csv                →  2,444 records
[2026-04-20T10:25:06.183+0000] {logging_mixin.py:188} WARNING - [2026-04-20 10:25:06] INFO    etl.extract :   CSV | ctsv_HK2_2021_22.csv                →    785 records
[2026-04-20T10:25:06.183+0000] {extract.py:144} INFO -   CSV | ctsv_HK2_2021_22.csv                →    785 records
[2026-04-20T10:25:06.190+0000] {logging_mixin.py:188} WARNING - [2026-04-20 10:25:06] INFO    etl.extract :   CSV | ctsv_HK2_2022_23.csv                →  1,571 records
[2026-04-20T10:25:06.190+0000] {extract.py:144} INFO -   CSV | ctsv_HK2_2022_23.csv                →  1,571 records
[2026-04-20T10:25:06.198+0000] {logging_mixin.py:188} WARNING - [2026-04-20 10:25:06] INFO    etl.extract :   CSV | ctsv_HK2_2023_24.csv                →  2,397 records
[2026-04-20T10:25:06.198+0000] {extract.py:144} INFO -   CSV | ctsv_HK2_2023_24.csv                →  2,397 records
[2026-04-20T10:25:06.215+0000] {logging_mixin.py:188} WARNING - [2026-04-20 10:25:06] INFO    etl.extract :   CSV | ctsv_HK2_2024_25.csv                →  2,883 records
[2026-04-20T10:25:06.215+0000] {extract.py:144} INFO -   CSV | ctsv_HK2_2024_25.csv                →  2,883 records
[2026-04-20T10:25:06.225+0000] {logging_mixin.py:188} WARNING - [2026-04-20 10:25:06] INFO    etl.extract :   CSV | ctsv_HK3_2021_22.csv                →     42 records
[2026-04-20T10:25:06.225+0000] {extract.py:144} INFO -   CSV | ctsv_HK3_2021_22.csv                →     42 records
[2026-04-20T10:25:06.233+0000] {logging_mixin.py:188} WARNING - [2026-04-20 10:25:06] INFO    etl.extract :   CSV | ctsv_HK3_2022_23.csv                →     49 records
[2026-04-20T10:25:06.233+0000] {extract.py:144} INFO -   CSV | ctsv_HK3_2022_23.csv                →     49 records
[2026-04-20T10:25:06.243+0000] {logging_mixin.py:188} WARNING - [2026-04-20 10:25:06] INFO    etl.extract :   CSV | ctsv_HK3_2023_24.csv                →    146 records
[2026-04-20T10:25:06.243+0000] {extract.py:144} INFO -   CSV | ctsv_HK3_2023_24.csv                →    146 records
[2026-04-20T10:25:06.249+0000] {logging_mixin.py:188} WARNING - [2026-04-20 10:25:06] INFO    etl.extract :   CSV | ctsv_HK3_2024_25.csv                →     69 records
[2026-04-20T10:25:06.249+0000] {extract.py:144} INFO -   CSV | ctsv_HK3_2024_25.csv                →     69 records
[2026-04-20T10:25:06.257+0000] {logging_mixin.py:188} WARNING - [2026-04-20 10:25:06] INFO    etl.extract :   CSV | Loại bỏ 8927 bản ghi trùng
[2026-04-20T10:25:06.256+0000] {extract.py:195} INFO -   CSV | Loại bỏ 8927 bản ghi trùng
[2026-04-20T10:25:06.258+0000] {logging_mixin.py:188} WARNING - [2026-04-20 10:25:06] INFO    etl.extract :   CSV | TỔNG: 9,475 records từ 13 file(s)
[2026-04-20T10:25:06.258+0000] {extract.py:197} INFO -   CSV | TỔNG: 9,475 records từ 13 file(s)
[2026-04-20T10:25:06.299+0000] {logging_mixin.py:188} WARNING - [2026-04-20 10:25:06] INFO    etl.extract :   API | metadata: generated_at=None, schema_version=None
[2026-04-20T10:25:06.299+0000] {extract.py:232} INFO -   API | metadata: generated_at=None, schema_version=None
[2026-04-20T10:25:06.302+0000] {logging_mixin.py:188} WARNING - [2026-04-20 10:25:06] WARNING etl.extract :   API | (HTTP) HK HK1-2021-22: Loại bỏ 2 duplicate records (ma_sinh_vien, hoc_ky)
[2026-04-20T10:25:06.302+0000] {extract.py:254} WARNING -   API | (HTTP) HK HK1-2021-22: Loại bỏ 2 duplicate records (ma_sinh_vien, hoc_ky)
[2026-04-20T10:25:06.303+0000] {logging_mixin.py:188} WARNING - [2026-04-20 10:25:06] INFO    etl.extract :   API | (HTTP) HK HK1-2021-22 →    390 records
[2026-04-20T10:25:06.303+0000] {extract.py:259} INFO -   API | (HTTP) HK HK1-2021-22 →    390 records
[2026-04-20T10:25:06.322+0000] {logging_mixin.py:188} WARNING - [2026-04-20 10:25:06] INFO    etl.extract :   API | metadata: generated_at=None, schema_version=None
[2026-04-20T10:25:06.322+0000] {extract.py:232} INFO -   API | metadata: generated_at=None, schema_version=None
[2026-04-20T10:25:06.325+0000] {logging_mixin.py:188} WARNING - [2026-04-20 10:25:06] WARNING etl.extract :   API | (HTTP) HK HK1-2022-23: Loại bỏ 6 duplicate records (ma_sinh_vien, hoc_ky)
[2026-04-20T10:25:06.325+0000] {extract.py:254} WARNING -   API | (HTTP) HK HK1-2022-23: Loại bỏ 6 duplicate records (ma_sinh_vien, hoc_ky)
[2026-04-20T10:25:06.327+0000] {logging_mixin.py:188} WARNING - [2026-04-20 10:25:06] INFO    etl.extract :   API | (HTTP) HK HK1-2022-23 →    776 records
[2026-04-20T10:25:06.327+0000] {extract.py:259} INFO -   API | (HTTP) HK HK1-2022-23 →    776 records
[2026-04-20T10:25:06.350+0000] {logging_mixin.py:188} WARNING - [2026-04-20 10:25:06] INFO    etl.extract :   API | metadata: generated_at=None, schema_version=None
[2026-04-20T10:25:06.350+0000] {extract.py:232} INFO -   API | metadata: generated_at=None, schema_version=None
[2026-04-20T10:25:06.353+0000] {logging_mixin.py:188} WARNING - [2026-04-20 10:25:06] WARNING etl.extract :   API | (HTTP) HK HK1-2023-24: Loại bỏ 10 duplicate records (ma_sinh_vien, hoc_ky)
[2026-04-20T10:25:06.353+0000] {extract.py:254} WARNING -   API | (HTTP) HK HK1-2023-24: Loại bỏ 10 duplicate records (ma_sinh_vien, hoc_ky)
[2026-04-20T10:25:06.354+0000] {logging_mixin.py:188} WARNING - [2026-04-20 10:25:06] INFO    etl.extract :   API | (HTTP) HK HK1-2023-24 →  1,182 records
[2026-04-20T10:25:06.354+0000] {extract.py:259} INFO -   API | (HTTP) HK HK1-2023-24 →  1,182 records
[2026-04-20T10:25:06.382+0000] {logging_mixin.py:188} WARNING - [2026-04-20 10:25:06] INFO    etl.extract :   API | metadata: generated_at=None, schema_version=None
[2026-04-20T10:25:06.382+0000] {extract.py:232} INFO -   API | metadata: generated_at=None, schema_version=None
[2026-04-20T10:25:06.385+0000] {logging_mixin.py:188} WARNING - [2026-04-20 10:25:06] WARNING etl.extract :   API | (HTTP) HK HK1-2024-25: Loại bỏ 14 duplicate records (ma_sinh_vien, hoc_ky)
[2026-04-20T10:25:06.385+0000] {extract.py:254} WARNING -   API | (HTTP) HK HK1-2024-25: Loại bỏ 14 duplicate records (ma_sinh_vien, hoc_ky)
[2026-04-20T10:25:06.386+0000] {logging_mixin.py:188} WARNING - [2026-04-20 10:25:06] INFO    etl.extract :   API | (HTTP) HK HK1-2024-25 →  1,596 records
[2026-04-20T10:25:06.386+0000] {extract.py:259} INFO -   API | (HTTP) HK HK1-2024-25 →  1,596 records
[2026-04-20T10:25:06.413+0000] {logging_mixin.py:188} WARNING - [2026-04-20 10:25:06] INFO    etl.extract :   API | metadata: generated_at=None, schema_version=None
[2026-04-20T10:25:06.413+0000] {extract.py:232} INFO -   API | metadata: generated_at=None, schema_version=None
[2026-04-20T10:25:06.416+0000] {logging_mixin.py:188} WARNING - [2026-04-20 10:25:06] WARNING etl.extract :   API | (HTTP) HK HK1-2025-26: Loại bỏ 12 duplicate records (ma_sinh_vien, hoc_ky)
[2026-04-20T10:25:06.416+0000] {extract.py:254} WARNING -   API | (HTTP) HK HK1-2025-26: Loại bỏ 12 duplicate records (ma_sinh_vien, hoc_ky)
[2026-04-20T10:25:06.417+0000] {logging_mixin.py:188} WARNING - [2026-04-20 10:25:06] INFO    etl.extract :   API | (HTTP) HK HK1-2025-26 →  1,216 records
[2026-04-20T10:25:06.417+0000] {extract.py:259} INFO -   API | (HTTP) HK HK1-2025-26 →  1,216 records
[2026-04-20T10:25:06.441+0000] {logging_mixin.py:188} WARNING - [2026-04-20 10:25:06] INFO    etl.extract :   API | metadata: generated_at=None, schema_version=None
[2026-04-20T10:25:06.440+0000] {extract.py:232} INFO -   API | metadata: generated_at=None, schema_version=None
[2026-04-20T10:25:06.443+0000] {logging_mixin.py:188} WARNING - [2026-04-20 10:25:06] WARNING etl.extract :   API | (HTTP) HK HK2-2021-22: Loại bỏ 1 duplicate records (ma_sinh_vien, hoc_ky)
[2026-04-20T10:25:06.443+0000] {extract.py:254} WARNING -   API | (HTTP) HK HK2-2021-22: Loại bỏ 1 duplicate records (ma_sinh_vien, hoc_ky)
[2026-04-20T10:25:06.444+0000] {logging_mixin.py:188} WARNING - [2026-04-20 10:25:06] INFO    etl.extract :   API | (HTTP) HK HK2-2021-22 →    390 records
[2026-04-20T10:25:06.444+0000] {extract.py:259} INFO -   API | (HTTP) HK HK2-2021-22 →    390 records
[2026-04-20T10:25:06.464+0000] {logging_mixin.py:188} WARNING - [2026-04-20 10:25:06] INFO    etl.extract :   API | metadata: generated_at=None, schema_version=None
[2026-04-20T10:25:06.464+0000] {extract.py:232} INFO -   API | metadata: generated_at=None, schema_version=None
[2026-04-20T10:25:06.467+0000] {logging_mixin.py:188} WARNING - [2026-04-20 10:25:06] WARNING etl.extract :   API | (HTTP) HK HK2-2022-23: Loại bỏ 8 duplicate records (ma_sinh_vien, hoc_ky)
[2026-04-20T10:25:06.467+0000] {extract.py:254} WARNING -   API | (HTTP) HK HK2-2022-23: Loại bỏ 8 duplicate records (ma_sinh_vien, hoc_ky)
[2026-04-20T10:25:06.468+0000] {logging_mixin.py:188} WARNING - [2026-04-20 10:25:06] INFO    etl.extract :   API | (HTTP) HK HK2-2022-23 →    776 records
[2026-04-20T10:25:06.468+0000] {extract.py:259} INFO -   API | (HTTP) HK HK2-2022-23 →    776 records
[2026-04-20T10:25:06.491+0000] {logging_mixin.py:188} WARNING - [2026-04-20 10:25:06] INFO    etl.extract :   API | metadata: generated_at=None, schema_version=None
[2026-04-20T10:25:06.491+0000] {extract.py:232} INFO -   API | metadata: generated_at=None, schema_version=None
[2026-04-20T10:25:06.495+0000] {logging_mixin.py:188} WARNING - [2026-04-20 10:25:06] WARNING etl.extract :   API | (HTTP) HK HK2-2023-24: Loại bỏ 8 duplicate records (ma_sinh_vien, hoc_ky)
[2026-04-20T10:25:06.495+0000] {extract.py:254} WARNING -   API | (HTTP) HK HK2-2023-24: Loại bỏ 8 duplicate records (ma_sinh_vien, hoc_ky)
[2026-04-20T10:25:06.496+0000] {logging_mixin.py:188} WARNING - [2026-04-20 10:25:06] INFO    etl.extract :   API | (HTTP) HK HK2-2023-24 →  1,183 records
[2026-04-20T10:25:06.496+0000] {extract.py:259} INFO -   API | (HTTP) HK HK2-2023-24 →  1,183 records
[2026-04-20T10:25:06.520+0000] {logging_mixin.py:188} WARNING - [2026-04-20 10:25:06] INFO    etl.extract :   API | metadata: generated_at=None, schema_version=None
[2026-04-20T10:25:06.520+0000] {extract.py:232} INFO -   API | metadata: generated_at=None, schema_version=None
[2026-04-20T10:25:06.523+0000] {logging_mixin.py:188} WARNING - [2026-04-20 10:25:06] WARNING etl.extract :   API | (HTTP) HK HK2-2024-25: Loại bỏ 21 duplicate records (ma_sinh_vien, hoc_ky)
[2026-04-20T10:25:06.523+0000] {extract.py:254} WARNING -   API | (HTTP) HK HK2-2024-25: Loại bỏ 21 duplicate records (ma_sinh_vien, hoc_ky)
[2026-04-20T10:25:06.525+0000] {logging_mixin.py:188} WARNING - [2026-04-20 10:25:06] INFO    etl.extract :   API | (HTTP) HK HK2-2024-25 →  1,475 records
[2026-04-20T10:25:06.525+0000] {extract.py:259} INFO -   API | (HTTP) HK HK2-2024-25 →  1,475 records
[2026-04-20T10:25:06.534+0000] {logging_mixin.py:188} WARNING - [2026-04-20 10:25:06] INFO    etl.extract :   API | metadata: generated_at=None, schema_version=None
[2026-04-20T10:25:06.534+0000] {extract.py:232} INFO -   API | metadata: generated_at=None, schema_version=None
[2026-04-20T10:25:06.537+0000] {logging_mixin.py:188} WARNING - [2026-04-20 10:25:06] INFO    etl.extract :   API | (HTTP) HK HK3-2021-22 →     23 records
[2026-04-20T10:25:06.536+0000] {extract.py:259} INFO -   API | (HTTP) HK HK3-2021-22 →     23 records
[2026-04-20T10:25:06.545+0000] {logging_mixin.py:188} WARNING - [2026-04-20 10:25:06] INFO    etl.extract :   API | metadata: generated_at=None, schema_version=None
[2026-04-20T10:25:06.545+0000] {extract.py:232} INFO -   API | metadata: generated_at=None, schema_version=None
[2026-04-20T10:25:06.547+0000] {logging_mixin.py:188} WARNING - [2026-04-20 10:25:06] INFO    etl.extract :   API | (HTTP) HK HK3-2022-23 →     37 records
[2026-04-20T10:25:06.547+0000] {extract.py:259} INFO -   API | (HTTP) HK HK3-2022-23 →     37 records
[2026-04-20T10:25:06.556+0000] {logging_mixin.py:188} WARNING - [2026-04-20 10:25:06] INFO    etl.extract :   API | metadata: generated_at=None, schema_version=None
[2026-04-20T10:25:06.556+0000] {extract.py:232} INFO -   API | metadata: generated_at=None, schema_version=None
[2026-04-20T10:25:06.558+0000] {logging_mixin.py:188} WARNING - [2026-04-20 10:25:06] INFO    etl.extract :   API | (HTTP) HK HK3-2023-24 →     61 records
[2026-04-20T10:25:06.558+0000] {extract.py:259} INFO -   API | (HTTP) HK HK3-2023-24 →     61 records
[2026-04-20T10:25:06.567+0000] {logging_mixin.py:188} WARNING - [2026-04-20 10:25:06] INFO    etl.extract :   API | metadata: generated_at=None, schema_version=None
[2026-04-20T10:25:06.566+0000] {extract.py:232} INFO -   API | metadata: generated_at=None, schema_version=None
[2026-04-20T10:25:06.569+0000] {logging_mixin.py:188} WARNING - [2026-04-20 10:25:06] INFO    etl.extract :   API | (HTTP) HK HK3-2024-25 →     41 records
[2026-04-20T10:25:06.569+0000] {extract.py:259} INFO -   API | (HTTP) HK HK3-2024-25 →     41 records
[2026-04-20T10:25:06.571+0000] {logging_mixin.py:188} WARNING - [2026-04-20 10:25:06] INFO    etl.extract :   API | TỔNG: 9,146 records từ 13 HK
[2026-04-20T10:25:06.571+0000] {extract.py:335} INFO -   API | TỔNG: 9,146 records từ 13 HK
[2026-04-20T10:25:06.843+0000] {logging_mixin.py:188} WARNING - [2026-04-20 10:25:06] INFO    utils.minio :   MinIO ↑ [raw-data] 2026-04-20_10-25/nguon1_sinh_vien.parquet (47.4 KB | 1,695 rows)
[2026-04-20T10:25:06.843+0000] {minio_client.py:142} INFO -   MinIO ↑ [raw-data] 2026-04-20_10-25/nguon1_sinh_vien.parquet (47.4 KB | 1,695 rows)
[2026-04-20T10:25:06.891+0000] {logging_mixin.py:188} WARNING - [2026-04-20 10:25:06] INFO    utils.minio :   MinIO ↑ [raw-data] 2026-04-20_10-25/nguon1_dang_ky.parquet (462.4 KB | 55,125 rows)
[2026-04-20T10:25:06.891+0000] {minio_client.py:142} INFO -   MinIO ↑ [raw-data] 2026-04-20_10-25/nguon1_dang_ky.parquet (462.4 KB | 55,125 rows)
[2026-04-20T10:25:06.935+0000] {logging_mixin.py:188} WARNING - [2026-04-20 10:25:06] INFO    utils.minio :   MinIO ↑ [raw-data] 2026-04-20_10-25/nguon1_diem.parquet (1135.6 KB | 54,640 rows)
[2026-04-20T10:25:06.935+0000] {minio_client.py:142} INFO -   MinIO ↑ [raw-data] 2026-04-20_10-25/nguon1_diem.parquet (1135.6 KB | 54,640 rows)
[2026-04-20T10:25:06.945+0000] {logging_mixin.py:188} WARNING - [2026-04-20 10:25:06] INFO    utils.minio :   MinIO ↑ [raw-data] 2026-04-20_10-25/nguon1_hoc_phan.parquet (10.3 KB | 121 rows)
[2026-04-20T10:25:06.945+0000] {minio_client.py:142} INFO -   MinIO ↑ [raw-data] 2026-04-20_10-25/nguon1_hoc_phan.parquet (10.3 KB | 121 rows)
[2026-04-20T10:25:06.954+0000] {logging_mixin.py:188} WARNING - [2026-04-20 10:25:06] INFO    utils.minio :   MinIO ↑ [raw-data] 2026-04-20_10-25/nguon1_hoc_ky.parquet (4.2 KB | 13 rows)
[2026-04-20T10:25:06.954+0000] {minio_client.py:142} INFO -   MinIO ↑ [raw-data] 2026-04-20_10-25/nguon1_hoc_ky.parquet (4.2 KB | 13 rows)
[2026-04-20T10:25:06.964+0000] {logging_mixin.py:188} WARNING - [2026-04-20 10:25:06] INFO    utils.minio :   MinIO ↑ [raw-data] 2026-04-20_10-25/nguon1_giang_vien.parquet (8.3 KB | 45 rows)
[2026-04-20T10:25:06.964+0000] {minio_client.py:142} INFO -   MinIO ↑ [raw-data] 2026-04-20_10-25/nguon1_giang_vien.parquet (8.3 KB | 45 rows)
[2026-04-20T10:25:06.972+0000] {logging_mixin.py:188} WARNING - [2026-04-20 10:25:06] INFO    utils.minio :   MinIO ↑ [raw-data] 2026-04-20_10-25/nguon1_khoa.parquet (2.6 KB | 4 rows)
[2026-04-20T10:25:06.972+0000] {minio_client.py:142} INFO -   MinIO ↑ [raw-data] 2026-04-20_10-25/nguon1_khoa.parquet (2.6 KB | 4 rows)
[2026-04-20T10:25:06.981+0000] {logging_mixin.py:188} WARNING - [2026-04-20 10:25:06] INFO    utils.minio :   MinIO ↑ [raw-data] 2026-04-20_10-25/nguon1_nganh.parquet (3.2 KB | 3 rows)
[2026-04-20T10:25:06.981+0000] {minio_client.py:142} INFO -   MinIO ↑ [raw-data] 2026-04-20_10-25/nguon1_nganh.parquet (3.2 KB | 3 rows)
[2026-04-20T10:25:06.992+0000] {logging_mixin.py:188} WARNING - [2026-04-20 10:25:06] INFO    utils.minio :   MinIO ↑ [raw-data] 2026-04-20_10-25/nguon1_lop_hanh_chinh.parquet (4.8 KB | 48 rows)
[2026-04-20T10:25:06.991+0000] {minio_client.py:142} INFO -   MinIO ↑ [raw-data] 2026-04-20_10-25/nguon1_lop_hanh_chinh.parquet (4.8 KB | 48 rows)
[2026-04-20T10:25:07.003+0000] {logging_mixin.py:188} WARNING - [2026-04-20 10:25:07] INFO    utils.minio :   MinIO ↑ [raw-data] 2026-04-20_10-25/nguon1_tong_hop_ket_qua.parquet (22.0 KB | 1,695 rows)
[2026-04-20T10:25:07.003+0000] {minio_client.py:142} INFO -   MinIO ↑ [raw-data] 2026-04-20_10-25/nguon1_tong_hop_ket_qua.parquet (22.0 KB | 1,695 rows)
[2026-04-20T10:25:07.020+0000] {logging_mixin.py:188} WARNING - [2026-04-20 10:25:07] INFO    utils.minio :   MinIO ↑ [raw-data] 2026-04-20_10-25/nguon2_ctsv.parquet (41.8 KB | 9,475 rows)
[2026-04-20T10:25:07.020+0000] {minio_client.py:142} INFO -   MinIO ↑ [raw-data] 2026-04-20_10-25/nguon2_ctsv.parquet (41.8 KB | 9,475 rows)
[2026-04-20T10:25:07.039+0000] {logging_mixin.py:188} WARNING - [2026-04-20 10:25:07] INFO    utils.minio :   MinIO ↑ [raw-data] 2026-04-20_10-25/nguon3_tai_chinh.parquet (85.6 KB | 9,146 rows)
[2026-04-20T10:25:07.039+0000] {minio_client.py:142} INFO -   MinIO ↑ [raw-data] 2026-04-20_10-25/nguon3_tai_chinh.parquet (85.6 KB | 9,146 rows)
[2026-04-20T10:25:07.040+0000] {logging_mixin.py:188} WARNING - [2026-04-20 10:25:07] INFO    utils.minio :   MinIO upload xong: 12/12 files | run_id=2026-04-20_10-25
[2026-04-20T10:25:07.040+0000] {minio_client.py:188} INFO -   MinIO upload xong: 12/12 files | run_id=2026-04-20_10-25
[2026-04-20T10:25:07.041+0000] {logging_mixin.py:188} WARNING - [2026-04-20 10:25:07] INFO    etl.extract :   MinIO staging: 12/12 files OK → run_id=2026-04-20_10-25
[2026-04-20T10:25:07.041+0000] {extract.py:402} INFO -   MinIO staging: 12/12 files OK → run_id=2026-04-20_10-25
[2026-04-20T10:25:07.044+0000] {logging_mixin.py:188} WARNING - [2026-04-20 10:25:07] INFO    etl.extract : ======================================================================
[2026-04-20T10:25:07.044+0000] {extract.py:365} INFO - ======================================================================
[2026-04-20T10:25:07.045+0000] {logging_mixin.py:188} WARNING - [2026-04-20 10:25:07] INFO    etl.extract :  FULL EXTRACT HOÀN TẤT
[2026-04-20T10:25:07.045+0000] {extract.py:366} INFO -  FULL EXTRACT HOÀN TẤT
[2026-04-20T10:25:07.046+0000] {logging_mixin.py:188} WARNING - [2026-04-20 10:25:07] INFO    etl.extract :    khoa                     :        4
[2026-04-20T10:25:07.046+0000] {extract.py:368} INFO -    khoa                     :        4
[2026-04-20T10:25:07.047+0000] {logging_mixin.py:188} WARNING - [2026-04-20 10:25:07] INFO    etl.extract :    nganh                    :        3
[2026-04-20T10:25:07.047+0000] {extract.py:368} INFO -    nganh                    :        3
[2026-04-20T10:25:07.048+0000] {logging_mixin.py:188} WARNING - [2026-04-20 10:25:07] INFO    etl.extract :    giang_vien               :       45
[2026-04-20T10:25:07.048+0000] {extract.py:368} INFO -    giang_vien               :       45
[2026-04-20T10:25:07.048+0000] {logging_mixin.py:188} WARNING - [2026-04-20 10:25:07] INFO    etl.extract :    lop_hanh_chinh           :       48
[2026-04-20T10:25:07.048+0000] {extract.py:368} INFO -    lop_hanh_chinh           :       48
[2026-04-20T10:25:07.049+0000] {logging_mixin.py:188} WARNING - [2026-04-20 10:25:07] INFO    etl.extract :    sinh_vien                :    1,695
[2026-04-20T10:25:07.049+0000] {extract.py:368} INFO -    sinh_vien                :    1,695
[2026-04-20T10:25:07.050+0000] {logging_mixin.py:188} WARNING - [2026-04-20 10:25:07] INFO    etl.extract :    hoc_phan                 :      121
[2026-04-20T10:25:07.050+0000] {extract.py:368} INFO -    hoc_phan                 :      121
[2026-04-20T10:25:07.050+0000] {logging_mixin.py:188} WARNING - [2026-04-20 10:25:07] INFO    etl.extract :    hoc_ky_nam_hoc           :       13
[2026-04-20T10:25:07.050+0000] {extract.py:368} INFO -    hoc_ky_nam_hoc           :       13
[2026-04-20T10:25:07.051+0000] {logging_mixin.py:188} WARNING - [2026-04-20 10:25:07] INFO    etl.extract :    dang_ky_hoc_phan         :   55,125
[2026-04-20T10:25:07.051+0000] {extract.py:368} INFO -    dang_ky_hoc_phan         :   55,125
[2026-04-20T10:25:07.052+0000] {logging_mixin.py:188} WARNING - [2026-04-20 10:25:07] INFO    etl.extract :    diem_hoc_phan            :   54,640
[2026-04-20T10:25:07.052+0000] {extract.py:368} INFO -    diem_hoc_phan            :   54,640
[2026-04-20T10:25:07.053+0000] {logging_mixin.py:188} WARNING - [2026-04-20 10:25:07] INFO    etl.extract :    tong_hop_ket_qua         :    1,695
[2026-04-20T10:25:07.053+0000] {extract.py:368} INFO -    tong_hop_ket_qua         :    1,695
[2026-04-20T10:25:07.054+0000] {logging_mixin.py:188} WARNING - [2026-04-20 10:25:07] INFO    etl.extract :    ctsv_data                :    9,475
[2026-04-20T10:25:07.054+0000] {extract.py:368} INFO -    ctsv_data                :    9,475
[2026-04-20T10:25:07.055+0000] {logging_mixin.py:188} WARNING - [2026-04-20 10:25:07] INFO    etl.extract :    tai_chinh_data           :    9,146
[2026-04-20T10:25:07.055+0000] {extract.py:368} INFO -    tai_chinh_data           :    9,146
[2026-04-20T10:25:07.055+0000] {logging_mixin.py:188} WARNING - [2026-04-20 10:25:07] INFO    etl.extract : ======================================================================
[2026-04-20T10:25:07.055+0000] {extract.py:369} INFO - ======================================================================
[2026-04-20T10:25:07.089+0000] {logging_mixin.py:188} INFO - Extract xong: {'khoa': 4, 'nganh': 3, 'giang_vien': 45, 'lop_hanh_chinh': 48, 'sinh_vien': 1695, 'hoc_phan': 121, 'hoc_ky_nam_hoc': 13, 'dang_ky_hoc_phan': 55125, 'diem_hoc_phan': 54640, 'tong_hop_ket_qua': 1695, 'ctsv_data': 9475, 'tai_chinh_data': 9146}
[2026-04-20T10:25:07.100+0000] {python.py:201} INFO - Done. Returned value was: {'khoa': 4, 'nganh': 3, 'giang_vien': 45, 'lop_hanh_chinh': 48, 'sinh_vien': 1695, 'hoc_phan': 121, 'hoc_ky_nam_hoc': 13, 'dang_ky_hoc_phan': 55125, 'diem_hoc_phan': 54640, 'tong_hop_ket_qua': 1695, 'ctsv_data': 9475, 'tai_chinh_data': 9146}
[2026-04-20T10:25:07.125+0000] {taskinstance.py:1138} INFO - Marking task as SUCCESS. dag_id=daily_student_pipeline, task_id=extract_data, execution_date=20260420T102501, start_date=20260420T102503, end_date=20260420T102507
[2026-04-20T10:25:07.169+0000] {local_task_job_runner.py:234} INFO - Task exited with return code 0
[2026-04-20T10:25:07.194+0000] {taskinstance.py:3280} INFO - 1 downstream tasks scheduled from follow-on schedule check
