[2026-04-26T02:30:02.007+0000] {processor.py:161} INFO - Started process (PID=266) to work on /opt/airflow/dags/daily_student_pipeline.py
[2026-04-26T02:30:02.009+0000] {processor.py:830} INFO - Processing file /opt/airflow/dags/daily_student_pipeline.py for tasks to queue
[2026-04-26T02:30:02.013+0000] {logging_mixin.py:188} INFO - [2026-04-26T02:30:02.012+0000] {dagbag.py:538} INFO - Filling up the DagBag from /opt/airflow/dags/daily_student_pipeline.py
[2026-04-26T02:30:02.074+0000] {processor.py:840} INFO - DAG(s) 'daily_student_pipeline' retrieved from /opt/airflow/dags/daily_student_pipeline.py
[2026-04-26T02:30:02.206+0000] {logging_mixin.py:188} INFO - [2026-04-26T02:30:02.205+0000] {dag.py:3036} INFO - Sync 1 DAGs
[2026-04-26T02:30:02.275+0000] {logging_mixin.py:188} INFO - [2026-04-26T02:30:02.274+0000] {dag.py:3823} INFO - Setting next_dagrun for daily_student_pipeline to 2026-04-25 02:00:00+00:00, run_after=2026-04-26 02:00:00+00:00
[2026-04-26T02:30:02.353+0000] {processor.py:183} INFO - Processing /opt/airflow/dags/daily_student_pipeline.py took 0.356 seconds
[2026-04-26T02:30:32.712+0000] {processor.py:161} INFO - Started process (PID=698) to work on /opt/airflow/dags/daily_student_pipeline.py
[2026-04-26T02:30:32.714+0000] {processor.py:830} INFO - Processing file /opt/airflow/dags/daily_student_pipeline.py for tasks to queue
[2026-04-26T02:30:32.715+0000] {logging_mixin.py:188} INFO - [2026-04-26T02:30:32.714+0000] {dagbag.py:538} INFO - Filling up the DagBag from /opt/airflow/dags/daily_student_pipeline.py
[2026-04-26T02:30:32.739+0000] {processor.py:840} INFO - DAG(s) 'daily_student_pipeline' retrieved from /opt/airflow/dags/daily_student_pipeline.py
[2026-04-26T02:30:32.756+0000] {logging_mixin.py:188} INFO - [2026-04-26T02:30:32.756+0000] {dag.py:3036} INFO - Sync 1 DAGs
[2026-04-26T02:30:32.778+0000] {logging_mixin.py:188} INFO - [2026-04-26T02:30:32.778+0000] {dag.py:3823} INFO - Setting next_dagrun for daily_student_pipeline to 2026-04-26 02:00:00+00:00, run_after=2026-04-27 02:00:00+00:00
[2026-04-26T02:30:32.812+0000] {processor.py:183} INFO - Processing /opt/airflow/dags/daily_student_pipeline.py took 0.103 seconds
[2026-04-26T02:31:03.016+0000] {processor.py:161} INFO - Started process (PID=725) to work on /opt/airflow/dags/daily_student_pipeline.py
[2026-04-26T02:31:03.017+0000] {processor.py:830} INFO - Processing file /opt/airflow/dags/daily_student_pipeline.py for tasks to queue
[2026-04-26T02:31:03.018+0000] {logging_mixin.py:188} INFO - [2026-04-26T02:31:03.018+0000] {dagbag.py:538} INFO - Filling up the DagBag from /opt/airflow/dags/daily_student_pipeline.py
[2026-04-26T02:31:03.040+0000] {processor.py:840} INFO - DAG(s) 'daily_student_pipeline' retrieved from /opt/airflow/dags/daily_student_pipeline.py
[2026-04-26T02:31:03.141+0000] {logging_mixin.py:188} INFO - [2026-04-26T02:31:03.141+0000] {dag.py:3036} INFO - Sync 1 DAGs
[2026-04-26T02:31:03.163+0000] {logging_mixin.py:188} INFO - [2026-04-26T02:31:03.163+0000] {dag.py:3823} INFO - Setting next_dagrun for daily_student_pipeline to 2026-04-26 02:00:00+00:00, run_after=2026-04-27 02:00:00+00:00
[2026-04-26T02:31:03.192+0000] {processor.py:183} INFO - Processing /opt/airflow/dags/daily_student_pipeline.py took 0.178 seconds
