[2026-04-06T09:26:39.836+0000] {taskinstance.py:1956} INFO - Dependencies all met for dep_context=non-requeueable deps ti=<TaskInstance: daily_student_pipeline.transform_data manual__2026-04-06T09:26:24.559175+00:00 [queued]>
[2026-04-06T09:26:39.860+0000] {taskinstance.py:1956} INFO - Dependencies all met for dep_context=requeueable deps ti=<TaskInstance: daily_student_pipeline.transform_data manual__2026-04-06T09:26:24.559175+00:00 [queued]>
[2026-04-06T09:26:39.861+0000] {taskinstance.py:2170} INFO - Starting attempt 1 of 1
[2026-04-06T09:26:39.896+0000] {taskinstance.py:2191} INFO - Executing <Task(PythonOperator): transform_data> on 2026-04-06 09:26:24.559175+00:00
[2026-04-06T09:26:39.911+0000] {standard_task_runner.py:60} INFO - Started process 5790 to run task
[2026-04-06T09:26:39.918+0000] {standard_task_runner.py:87} INFO - Running: ['***', 'tasks', 'run', 'daily_student_pipeline', 'transform_data', 'manual__2026-04-06T09:26:24.559175+00:00', '--job-id', '276', '--raw', '--subdir', 'DAGS_FOLDER/daily_student_pipeline.py', '--cfg-path', '/tmp/tmpyg57krb5']
[2026-04-06T09:26:39.924+0000] {standard_task_runner.py:88} INFO - Job 276: Subtask transform_data
[2026-04-06T09:26:40.096+0000] {task_command.py:423} INFO - Running <TaskInstance: daily_student_pipeline.transform_data manual__2026-04-06T09:26:24.559175+00:00 [running]> on host 1c62953c8918
[2026-04-06T09:26:40.267+0000] {taskinstance.py:2480} INFO - Exporting env vars: AIRFLOW_CTX_DAG_OWNER='nhom8' AIRFLOW_CTX_DAG_ID='daily_student_pipeline' AIRFLOW_CTX_TASK_ID='transform_data' AIRFLOW_CTX_EXECUTION_DATE='2026-04-06T09:26:24.559175+00:00' AIRFLOW_CTX_TRY_NUMBER='1' AIRFLOW_CTX_DAG_RUN_ID='manual__2026-04-06T09:26:24.559175+00:00'
[2026-04-06T09:26:41.631+0000] {logging_mixin.py:188} WARNING - [2026-04-06 09:26:41] INFO    etl.extract :   Load from MinIO staging: run_id=2026-04-06_09-26
[2026-04-06T09:26:41.630+0000] {extract.py:352} INFO -   Load from MinIO staging: run_id=2026-04-06_09-26
[2026-04-06T09:26:41.673+0000] {logging_mixin.py:188} WARNING - [2026-04-06 09:26:41] INFO    utils.minio :   MinIO ↓ [raw-data] 2026-04-06_09-26/nguon1_khoa.parquet (4 rows)
[2026-04-06T09:26:41.673+0000] {minio_client.py:223} INFO -   MinIO ↓ [raw-data] 2026-04-06_09-26/nguon1_khoa.parquet (4 rows)
[2026-04-06T09:26:41.695+0000] {logging_mixin.py:188} WARNING - [2026-04-06 09:26:41] INFO    utils.minio :   MinIO ↓ [raw-data] 2026-04-06_09-26/nguon1_nganh.parquet (3 rows)
[2026-04-06T09:26:41.695+0000] {minio_client.py:223} INFO -   MinIO ↓ [raw-data] 2026-04-06_09-26/nguon1_nganh.parquet (3 rows)
[2026-04-06T09:26:41.722+0000] {logging_mixin.py:188} WARNING - [2026-04-06 09:26:41] INFO    utils.minio :   MinIO ↓ [raw-data] 2026-04-06_09-26/nguon1_giang_vien.parquet (45 rows)
[2026-04-06T09:26:41.722+0000] {minio_client.py:223} INFO -   MinIO ↓ [raw-data] 2026-04-06_09-26/nguon1_giang_vien.parquet (45 rows)
[2026-04-06T09:26:41.752+0000] {logging_mixin.py:188} WARNING - [2026-04-06 09:26:41] INFO    utils.minio :   MinIO ↓ [raw-data] 2026-04-06_09-26/nguon1_lop_hanh_chinh.parquet (48 rows)
[2026-04-06T09:26:41.752+0000] {minio_client.py:223} INFO -   MinIO ↓ [raw-data] 2026-04-06_09-26/nguon1_lop_hanh_chinh.parquet (48 rows)
[2026-04-06T09:26:41.782+0000] {logging_mixin.py:188} WARNING - [2026-04-06 09:26:41] INFO    utils.minio :   MinIO ↓ [raw-data] 2026-04-06_09-26/nguon1_sinh_vien.parquet (1,695 rows)
[2026-04-06T09:26:41.782+0000] {minio_client.py:223} INFO -   MinIO ↓ [raw-data] 2026-04-06_09-26/nguon1_sinh_vien.parquet (1,695 rows)
[2026-04-06T09:26:41.809+0000] {logging_mixin.py:188} WARNING - [2026-04-06 09:26:41] INFO    utils.minio :   MinIO ↓ [raw-data] 2026-04-06_09-26/nguon1_hoc_phan.parquet (121 rows)
[2026-04-06T09:26:41.809+0000] {minio_client.py:223} INFO -   MinIO ↓ [raw-data] 2026-04-06_09-26/nguon1_hoc_phan.parquet (121 rows)
[2026-04-06T09:26:41.830+0000] {logging_mixin.py:188} WARNING - [2026-04-06 09:26:41] INFO    utils.minio :   MinIO ↓ [raw-data] 2026-04-06_09-26/nguon1_hoc_ky.parquet (9 rows)
[2026-04-06T09:26:41.830+0000] {minio_client.py:223} INFO -   MinIO ↓ [raw-data] 2026-04-06_09-26/nguon1_hoc_ky.parquet (9 rows)
[2026-04-06T09:26:41.867+0000] {logging_mixin.py:188} WARNING - [2026-04-06 09:26:41] INFO    utils.minio :   MinIO ↓ [raw-data] 2026-04-06_09-26/nguon1_dang_ky.parquet (58,001 rows)
[2026-04-06T09:26:41.867+0000] {minio_client.py:223} INFO -   MinIO ↓ [raw-data] 2026-04-06_09-26/nguon1_dang_ky.parquet (58,001 rows)
[2026-04-06T09:26:41.906+0000] {logging_mixin.py:188} WARNING - [2026-04-06 09:26:41] INFO    utils.minio :   MinIO ↓ [raw-data] 2026-04-06_09-26/nguon1_diem.parquet (58,001 rows)
[2026-04-06T09:26:41.906+0000] {minio_client.py:223} INFO -   MinIO ↓ [raw-data] 2026-04-06_09-26/nguon1_diem.parquet (58,001 rows)
[2026-04-06T09:26:41.927+0000] {logging_mixin.py:188} WARNING - [2026-04-06 09:26:41] INFO    utils.minio :   MinIO ↓ [raw-data] 2026-04-06_09-26/nguon1_tong_hop_ket_qua.parquet (1,695 rows)
[2026-04-06T09:26:41.927+0000] {minio_client.py:223} INFO -   MinIO ↓ [raw-data] 2026-04-06_09-26/nguon1_tong_hop_ket_qua.parquet (1,695 rows)
[2026-04-06T09:26:41.959+0000] {logging_mixin.py:188} WARNING - [2026-04-06 09:26:41] INFO    utils.minio :   MinIO ↓ [raw-data] 2026-04-06_09-26/nguon2_ctsv.parquet (9,238 rows)
[2026-04-06T09:26:41.959+0000] {minio_client.py:223} INFO -   MinIO ↓ [raw-data] 2026-04-06_09-26/nguon2_ctsv.parquet (9,238 rows)
[2026-04-06T09:26:41.984+0000] {logging_mixin.py:188} WARNING - [2026-04-06 09:26:41] INFO    utils.minio :   MinIO ↓ [raw-data] 2026-04-06_09-26/nguon3_tai_chinh.parquet (9,238 rows)
[2026-04-06T09:26:41.983+0000] {minio_client.py:223} INFO -   MinIO ↓ [raw-data] 2026-04-06_09-26/nguon3_tai_chinh.parquet (9,238 rows)
[2026-04-06T09:26:41.986+0000] {logging_mixin.py:188} WARNING - [2026-04-06 09:26:41] INFO    etl.extract :  Load from staging OK — run_id=2026-04-06_09-26
[2026-04-06T09:26:41.986+0000] {extract.py:369} INFO -  Load from staging OK — run_id=2026-04-06_09-26
[2026-04-06T09:26:41.989+0000] {logging_mixin.py:188} WARNING - [2026-04-06 09:26:41] INFO    etl.transform : ==BẮT ĐẦU TRANSFORM==
[2026-04-06T09:26:41.989+0000] {transform.py:75} INFO - ==BẮT ĐẦU TRANSFORM==
[2026-04-06T09:26:41.991+0000] {logging_mixin.py:188} WARNING - [2026-04-06 09:26:41] INFO    etl.transform : ======================================================================
[2026-04-06T09:26:41.991+0000] {transform.py:76} INFO - ======================================================================
[2026-04-06T09:26:41.995+0000] {logging_mixin.py:188} WARNING - [2026-04-06 09:26:41] INFO    etl.transform : ── Bước 1: Transform Dimension Tables ──
[2026-04-06T09:26:41.995+0000] {transform.py:80} INFO - ── Bước 1: Transform Dimension Tables ──
[2026-04-06T09:26:42.004+0000] {logging_mixin.py:188} WARNING - [2026-04-06 09:26:42] INFO    etl.transform :   dim_thoi_gian               →      9 records
[2026-04-06T09:26:42.004+0000] {transform.py:190} INFO -   dim_thoi_gian               →      9 records
[2026-04-06T09:26:42.013+0000] {logging_mixin.py:188} WARNING - [2026-04-06 09:26:42] INFO    etl.transform :   dim_giang_vien              →     45 records
[2026-04-06T09:26:42.013+0000] {transform.py:213} INFO -   dim_giang_vien              →     45 records
[2026-04-06T09:26:42.020+0000] {logging_mixin.py:188} WARNING - [2026-04-06 09:26:42] INFO    etl.transform :   dim_hoc_phan                →    121 records
[2026-04-06T09:26:42.020+0000] {transform.py:240} INFO -   dim_hoc_phan                →    121 records
[2026-04-06T09:26:42.076+0000] {logging_mixin.py:188} WARNING - [2026-04-06 09:26:42] INFO    etl.transform :   dim_sinh_vien               →  1,695 records
[2026-04-06T09:26:42.076+0000] {transform.py:306} INFO -   dim_sinh_vien               →  1,695 records
[2026-04-06T09:26:42.080+0000] {logging_mixin.py:188} WARNING - [2026-04-06 09:26:42] INFO    etl.transform : ── Bước 2: Transform Fact Tables ──
[2026-04-06T09:26:42.079+0000] {transform.py:96} INFO - ── Bước 2: Transform Fact Tables ──
[2026-04-06T09:26:42.163+0000] {logging_mixin.py:188} WARNING - [2026-04-06 09:26:42] INFO    etl.transform :   fact_diem | Tính lại điểm tổng kết cho 1160 bản ghi
[2026-04-06T09:26:42.163+0000] {transform.py:356} INFO -   fact_diem | Tính lại điểm tổng kết cho 1160 bản ghi
[2026-04-06T09:26:42.235+0000] {logging_mixin.py:188} WARNING - [2026-04-06 09:26:42] INFO    etl.transform :   fact_diem                   → 58,001 records
[2026-04-06T09:26:42.235+0000] {transform.py:376} INFO -   fact_diem                   → 58,001 records
[2026-04-06T09:26:42.336+0000] {logging_mixin.py:188} WARNING - [2026-04-06 09:26:42] INFO    etl.transform :   fact_dang_ky               → 58,001 records
[2026-04-06T09:26:42.336+0000] {transform.py:413} INFO -   fact_dang_ky               → 58,001 records
[2026-04-06T09:26:42.371+0000] {logging_mixin.py:188} WARNING - [2026-04-06 09:26:42] INFO    etl.transform :   fact_ren_luyen              →  9,238 records
[2026-04-06T09:26:42.371+0000] {transform.py:445} INFO -   fact_ren_luyen              →  9,238 records
[2026-04-06T09:26:42.393+0000] {logging_mixin.py:188} WARNING - [2026-04-06 09:26:42] INFO    etl.transform :   fact_tai_chinh              →  9,238 records
[2026-04-06T09:26:42.393+0000] {transform.py:473} INFO -   fact_tai_chinh              →  9,238 records
[2026-04-06T09:26:42.395+0000] {logging_mixin.py:188} WARNING - [2026-04-06 09:26:42] INFO    etl.transform : ======================================================================
[2026-04-06T09:26:42.395+0000] {transform.py:108} INFO - ======================================================================
[2026-04-06T09:26:42.397+0000] {logging_mixin.py:188} WARNING - [2026-04-06 09:26:42] INFO    etl.transform : TRANSFORM HOÀN TẤT
[2026-04-06T09:26:42.397+0000] {transform.py:109} INFO - TRANSFORM HOÀN TẤT
[2026-04-06T09:26:42.399+0000] {logging_mixin.py:188} WARNING - [2026-04-06 09:26:42] INFO    etl.transform :    dim_giang_vien           :       45 records
[2026-04-06T09:26:42.399+0000] {transform.py:111} INFO -    dim_giang_vien           :       45 records
[2026-04-06T09:26:42.402+0000] {logging_mixin.py:188} WARNING - [2026-04-06 09:26:42] INFO    etl.transform :    dim_sinh_vien            :    1,695 records
[2026-04-06T09:26:42.402+0000] {transform.py:111} INFO -    dim_sinh_vien            :    1,695 records
[2026-04-06T09:26:42.404+0000] {logging_mixin.py:188} WARNING - [2026-04-06 09:26:42] INFO    etl.transform :    dim_hoc_phan             :      121 records
[2026-04-06T09:26:42.404+0000] {transform.py:111} INFO -    dim_hoc_phan             :      121 records
[2026-04-06T09:26:42.406+0000] {logging_mixin.py:188} WARNING - [2026-04-06 09:26:42] INFO    etl.transform :    dim_thoi_gian            :        9 records
[2026-04-06T09:26:42.406+0000] {transform.py:111} INFO -    dim_thoi_gian            :        9 records
[2026-04-06T09:26:42.409+0000] {logging_mixin.py:188} WARNING - [2026-04-06 09:26:42] INFO    etl.transform :    fact_diem                :   58,001 records
[2026-04-06T09:26:42.409+0000] {transform.py:111} INFO -    fact_diem                :   58,001 records
[2026-04-06T09:26:42.413+0000] {logging_mixin.py:188} WARNING - [2026-04-06 09:26:42] INFO    etl.transform :    fact_dang_ky             :   58,001 records
[2026-04-06T09:26:42.412+0000] {transform.py:111} INFO -    fact_dang_ky             :   58,001 records
[2026-04-06T09:26:42.415+0000] {logging_mixin.py:188} WARNING - [2026-04-06 09:26:42] INFO    etl.transform :    fact_ren_luyen           :    9,238 records
[2026-04-06T09:26:42.415+0000] {transform.py:111} INFO -    fact_ren_luyen           :    9,238 records
[2026-04-06T09:26:42.417+0000] {logging_mixin.py:188} WARNING - [2026-04-06 09:26:42] INFO    etl.transform :    fact_tai_chinh           :    9,238 records
[2026-04-06T09:26:42.417+0000] {transform.py:111} INFO -    fact_tai_chinh           :    9,238 records
[2026-04-06T09:26:42.419+0000] {logging_mixin.py:188} WARNING - [2026-04-06 09:26:42] INFO    etl.transform : ======================================================================
[2026-04-06T09:26:42.419+0000] {transform.py:112} INFO - ======================================================================
[2026-04-06T09:26:42.469+0000] {logging_mixin.py:188} WARNING - [2026-04-06 09:26:42] INFO    utils.minio :   MinIO ↑ [staging-data] 2026-04-06_09-26/dim_hoc_ky.parquet (5.3 KB | 9 rows)
[2026-04-06T09:26:42.469+0000] {minio_client.py:142} INFO -   MinIO ↑ [staging-data] 2026-04-06_09-26/dim_hoc_ky.parquet (5.3 KB | 9 rows)
[2026-04-06T09:26:42.488+0000] {logging_mixin.py:188} WARNING - [2026-04-06 09:26:42] INFO    utils.minio :   MinIO ↑ [staging-data] 2026-04-06_09-26/dim_giang_vien.parquet (8.9 KB | 45 rows)
[2026-04-06T09:26:42.488+0000] {minio_client.py:142} INFO -   MinIO ↑ [staging-data] 2026-04-06_09-26/dim_giang_vien.parquet (8.9 KB | 45 rows)
[2026-04-06T09:26:42.506+0000] {logging_mixin.py:188} WARNING - [2026-04-06 09:26:42] INFO    utils.minio :   MinIO ↑ [staging-data] 2026-04-06_09-26/dim_hoc_phan.parquet (11.0 KB | 121 rows)
[2026-04-06T09:26:42.505+0000] {minio_client.py:142} INFO -   MinIO ↑ [staging-data] 2026-04-06_09-26/dim_hoc_phan.parquet (11.0 KB | 121 rows)
[2026-04-06T09:26:42.586+0000] {logging_mixin.py:188} WARNING - [2026-04-06 09:26:42] INFO    utils.minio :   MinIO ↑ [staging-data] 2026-04-06_09-26/dim_sinh_vien.parquet (72.9 KB | 1,695 rows)
[2026-04-06T09:26:42.585+0000] {minio_client.py:142} INFO -   MinIO ↑ [staging-data] 2026-04-06_09-26/dim_sinh_vien.parquet (72.9 KB | 1,695 rows)
[2026-04-06T09:26:42.736+0000] {logging_mixin.py:188} WARNING - [2026-04-06 09:26:42] INFO    utils.minio :   MinIO ↑ [staging-data] 2026-04-06_09-26/fact_diem.parquet (908.9 KB | 58,001 rows)
[2026-04-06T09:26:42.736+0000] {minio_client.py:142} INFO -   MinIO ↑ [staging-data] 2026-04-06_09-26/fact_diem.parquet (908.9 KB | 58,001 rows)
[2026-04-06T09:26:42.829+0000] {logging_mixin.py:188} WARNING - [2026-04-06 09:26:42] INFO    utils.minio :   MinIO ↑ [staging-data] 2026-04-06_09-26/fact_dang_ky.parquet (493.4 KB | 58,001 rows)
[2026-04-06T09:26:42.829+0000] {minio_client.py:142} INFO -   MinIO ↑ [staging-data] 2026-04-06_09-26/fact_dang_ky.parquet (493.4 KB | 58,001 rows)
[2026-04-06T09:26:42.885+0000] {logging_mixin.py:188} WARNING - [2026-04-06 09:26:42] INFO    utils.minio :   MinIO ↑ [staging-data] 2026-04-06_09-26/fact_ren_luyen.parquet (39.7 KB | 9,238 rows)
[2026-04-06T09:26:42.885+0000] {minio_client.py:142} INFO -   MinIO ↑ [staging-data] 2026-04-06_09-26/fact_ren_luyen.parquet (39.7 KB | 9,238 rows)
[2026-04-06T09:26:42.953+0000] {logging_mixin.py:188} WARNING - [2026-04-06 09:26:42] INFO    utils.minio :   MinIO ↑ [staging-data] 2026-04-06_09-26/fact_tai_chinh.parquet (66.6 KB | 9,238 rows)
[2026-04-06T09:26:42.953+0000] {minio_client.py:142} INFO -   MinIO ↑ [staging-data] 2026-04-06_09-26/fact_tai_chinh.parquet (66.6 KB | 9,238 rows)
[2026-04-06T09:26:42.956+0000] {logging_mixin.py:188} WARNING - [2026-04-06 09:26:42] INFO    etl.transform :   MinIO staging-data: 8/8 files OK → run_id=2026-04-06_09-26
[2026-04-06T09:26:42.956+0000] {transform.py:141} INFO -   MinIO staging-data: 8/8 files OK → run_id=2026-04-06_09-26
[2026-04-06T09:26:43.017+0000] {logging_mixin.py:188} INFO - Transform xong: {'dim_giang_vien': 45, 'dim_sinh_vien': 1695, 'dim_hoc_phan': 121, 'dim_thoi_gian': 9, 'fact_diem': 58001, 'fact_dang_ky': 58001, 'fact_ren_luyen': 9238, 'fact_tai_chinh': 9238}
[2026-04-06T09:26:43.022+0000] {python.py:201} INFO - Done. Returned value was: {'dim_giang_vien': 45, 'dim_sinh_vien': 1695, 'dim_hoc_phan': 121, 'dim_thoi_gian': 9, 'fact_diem': 58001, 'fact_dang_ky': 58001, 'fact_ren_luyen': 9238, 'fact_tai_chinh': 9238}
[2026-04-06T09:26:43.077+0000] {taskinstance.py:1138} INFO - Marking task as SUCCESS. dag_id=daily_student_pipeline, task_id=transform_data, execution_date=20260406T092624, start_date=20260406T092639, end_date=20260406T092643
[2026-04-06T09:26:43.132+0000] {local_task_job_runner.py:234} INFO - Task exited with return code 0
[2026-04-06T09:26:43.187+0000] {taskinstance.py:3280} INFO - 1 downstream tasks scheduled from follow-on schedule check
