[2026-04-18T14:04:03.421+0000] {taskinstance.py:1956} INFO - Dependencies all met for dep_context=non-requeueable deps ti=<TaskInstance: daily_student_pipeline.load_data manual__2026-04-18T14:03:48.991246+00:00 [queued]>
[2026-04-18T14:04:03.431+0000] {taskinstance.py:1956} INFO - Dependencies all met for dep_context=requeueable deps ti=<TaskInstance: daily_student_pipeline.load_data manual__2026-04-18T14:03:48.991246+00:00 [queued]>
[2026-04-18T14:04:03.432+0000] {taskinstance.py:2170} INFO - Starting attempt 1 of 1
[2026-04-18T14:04:03.457+0000] {taskinstance.py:2191} INFO - Executing <Task(PythonOperator): load_data> on 2026-04-18 14:03:48.991246+00:00
[2026-04-18T14:04:03.461+0000] {standard_task_runner.py:60} INFO - Started process 687 to run task
[2026-04-18T14:04:03.463+0000] {standard_task_runner.py:87} INFO - Running: ['***', 'tasks', 'run', 'daily_student_pipeline', 'load_data', 'manual__2026-04-18T14:03:48.991246+00:00', '--job-id', '315', '--raw', '--subdir', 'DAGS_FOLDER/daily_student_pipeline.py', '--cfg-path', '/tmp/tmp6t5myku9']
[2026-04-18T14:04:03.465+0000] {standard_task_runner.py:88} INFO - Job 315: Subtask load_data
[2026-04-18T14:04:03.537+0000] {task_command.py:423} INFO - Running <TaskInstance: daily_student_pipeline.load_data manual__2026-04-18T14:03:48.991246+00:00 [running]> on host dc2680f839d5
[2026-04-18T14:04:03.624+0000] {taskinstance.py:2480} INFO - Exporting env vars: AIRFLOW_CTX_DAG_OWNER='nhom8' AIRFLOW_CTX_DAG_ID='daily_student_pipeline' AIRFLOW_CTX_TASK_ID='load_data' AIRFLOW_CTX_EXECUTION_DATE='2026-04-18T14:03:48.991246+00:00' AIRFLOW_CTX_TRY_NUMBER='1' AIRFLOW_CTX_DAG_RUN_ID='manual__2026-04-18T14:03:48.991246+00:00'
[2026-04-18T14:04:04.367+0000] {logging_mixin.py:188} WARNING - [2026-04-18 14:04:04] INFO    etl.transform :   Load TransformedData từ MinIO staging: run_id=2026-04-18_14-04
[2026-04-18T14:04:04.367+0000] {transform.py:159} INFO -   Load TransformedData từ MinIO staging: run_id=2026-04-18_14-04
[2026-04-18T14:04:04.399+0000] {logging_mixin.py:188} WARNING - [2026-04-18 14:04:04] INFO    utils.minio :   MinIO ↓ [staging-data] 2026-04-18_14-04/dim_hoc_ky.parquet (9 rows)
[2026-04-18T14:04:04.399+0000] {minio_client.py:223} INFO -   MinIO ↓ [staging-data] 2026-04-18_14-04/dim_hoc_ky.parquet (9 rows)
[2026-04-18T14:04:04.411+0000] {logging_mixin.py:188} WARNING - [2026-04-18 14:04:04] INFO    utils.minio :   MinIO ↓ [staging-data] 2026-04-18_14-04/dim_giang_vien.parquet (45 rows)
[2026-04-18T14:04:04.411+0000] {minio_client.py:223} INFO -   MinIO ↓ [staging-data] 2026-04-18_14-04/dim_giang_vien.parquet (45 rows)
[2026-04-18T14:04:04.422+0000] {logging_mixin.py:188} WARNING - [2026-04-18 14:04:04] INFO    utils.minio :   MinIO ↓ [staging-data] 2026-04-18_14-04/dim_hoc_phan.parquet (121 rows)
[2026-04-18T14:04:04.422+0000] {minio_client.py:223} INFO -   MinIO ↓ [staging-data] 2026-04-18_14-04/dim_hoc_phan.parquet (121 rows)
[2026-04-18T14:04:04.438+0000] {logging_mixin.py:188} WARNING - [2026-04-18 14:04:04] INFO    utils.minio :   MinIO ↓ [staging-data] 2026-04-18_14-04/dim_sinh_vien.parquet (1,695 rows)
[2026-04-18T14:04:04.438+0000] {minio_client.py:223} INFO -   MinIO ↓ [staging-data] 2026-04-18_14-04/dim_sinh_vien.parquet (1,695 rows)
[2026-04-18T14:04:04.462+0000] {logging_mixin.py:188} WARNING - [2026-04-18 14:04:04] INFO    utils.minio :   MinIO ↓ [staging-data] 2026-04-18_14-04/fact_diem.parquet (58,001 rows)
[2026-04-18T14:04:04.462+0000] {minio_client.py:223} INFO -   MinIO ↓ [staging-data] 2026-04-18_14-04/fact_diem.parquet (58,001 rows)
[2026-04-18T14:04:04.479+0000] {logging_mixin.py:188} WARNING - [2026-04-18 14:04:04] INFO    utils.minio :   MinIO ↓ [staging-data] 2026-04-18_14-04/fact_dang_ky.parquet (58,001 rows)
[2026-04-18T14:04:04.479+0000] {minio_client.py:223} INFO -   MinIO ↓ [staging-data] 2026-04-18_14-04/fact_dang_ky.parquet (58,001 rows)
[2026-04-18T14:04:04.491+0000] {logging_mixin.py:188} WARNING - [2026-04-18 14:04:04] INFO    utils.minio :   MinIO ↓ [staging-data] 2026-04-18_14-04/fact_ren_luyen.parquet (9,238 rows)
[2026-04-18T14:04:04.490+0000] {minio_client.py:223} INFO -   MinIO ↓ [staging-data] 2026-04-18_14-04/fact_ren_luyen.parquet (9,238 rows)
[2026-04-18T14:04:04.502+0000] {logging_mixin.py:188} WARNING - [2026-04-18 14:04:04] INFO    utils.minio :   MinIO ↓ [staging-data] 2026-04-18_14-04/fact_tai_chinh.parquet (9,238 rows)
[2026-04-18T14:04:04.502+0000] {minio_client.py:223} INFO -   MinIO ↓ [staging-data] 2026-04-18_14-04/fact_tai_chinh.parquet (9,238 rows)
[2026-04-18T14:04:04.503+0000] {logging_mixin.py:188} WARNING - [2026-04-18 14:04:04] INFO    etl.transform : Load from staging-data OK — run_id=2026-04-18_14-04
[2026-04-18T14:04:04.503+0000] {transform.py:172} INFO - Load from staging-data OK — run_id=2026-04-18_14-04
[2026-04-18T14:04:04.504+0000] {logging_mixin.py:188} WARNING - [2026-04-18 14:04:04] INFO    etl.load : ==BẮT ĐẦU LOAD VÀO DATA WAREHOUSE==
[2026-04-18T14:04:04.504+0000] {load.py:39} INFO - ==BẮT ĐẦU LOAD VÀO DATA WAREHOUSE==
[2026-04-18T14:04:04.505+0000] {logging_mixin.py:188} WARNING - [2026-04-18 14:04:04] INFO    etl.load : ======================================================================
[2026-04-18T14:04:04.505+0000] {load.py:40} INFO - ======================================================================
[2026-04-18T14:04:04.506+0000] {logging_mixin.py:188} WARNING - [2026-04-18 14:04:04] INFO    etl.load : Tạo schema warehouse từ warehouse_models.py...
[2026-04-18T14:04:04.506+0000] {load.py:109} INFO - Tạo schema warehouse từ warehouse_models.py...
[2026-04-18T14:04:04.545+0000] {logging_mixin.py:188} WARNING - [2026-04-18 14:04:04] INFO    etl.load :   Schema warehouse OK
[2026-04-18T14:04:04.545+0000] {load.py:111} INFO -   Schema warehouse OK
[2026-04-18T14:04:04.547+0000] {logging_mixin.py:188} WARNING - [2026-04-18 14:04:04] INFO    etl.load : ── Bước 1: Load Dimension Tables ──
[2026-04-18T14:04:04.547+0000] {load.py:45} INFO - ── Bước 1: Load Dimension Tables ──
[2026-04-18T14:04:04.589+0000] {logging_mixin.py:188} WARNING - [2026-04-18 14:04:04] INFO    etl.load :   dim_hoc_ky     →      9 records (new: 9)
[2026-04-18T14:04:04.589+0000] {load.py:200} INFO -   dim_hoc_ky     →      9 records (new: 9)
[2026-04-18T14:04:04.630+0000] {logging_mixin.py:188} WARNING - [2026-04-18 14:04:04] INFO    etl.load :   dim_giang_vien →     45 records (new: 45)
[2026-04-18T14:04:04.630+0000] {load.py:250} INFO -   dim_giang_vien →     45 records (new: 45)
[2026-04-18T14:04:04.729+0000] {logging_mixin.py:188} WARNING - [2026-04-18 14:04:04] INFO    etl.load :   dim_hoc_phan   →    121 records (new: 121)
[2026-04-18T14:04:04.729+0000] {load.py:298} INFO -   dim_hoc_phan   →    121 records (new: 121)
[2026-04-18T14:04:06.277+0000] {logging_mixin.py:188} WARNING - [2026-04-18 14:04:06] INFO    etl.load :   dim_sinh_vien →  1,695 records (new: 1695, SCD2: 0, fact cascade: 0)
[2026-04-18T14:04:06.277+0000] {load.py:407} INFO -   dim_sinh_vien →  1,695 records (new: 1695, SCD2: 0, fact cascade: 0)
[2026-04-18T14:04:06.279+0000] {logging_mixin.py:188} WARNING - [2026-04-18 14:04:06] INFO    etl.load : ── Bước 2: Build Surrogate Key Cache ──
[2026-04-18T14:04:06.279+0000] {load.py:51} INFO - ── Bước 2: Build Surrogate Key Cache ──
[2026-04-18T14:04:06.280+0000] {logging_mixin.py:188} WARNING - [2026-04-18 14:04:06] INFO    etl.load : Building surrogate key caches...
[2026-04-18T14:04:06.280+0000] {load.py:114} INFO - Building surrogate key caches...
[2026-04-18T14:04:06.294+0000] {logging_mixin.py:188} WARNING - [2026-04-18 14:04:06] INFO    etl.load :   SV=1695, HP=121, GV=45, HK=9
[2026-04-18T14:04:06.294+0000] {load.py:142} INFO -   SV=1695, HP=121, GV=45, HK=9
[2026-04-18T14:04:06.296+0000] {logging_mixin.py:188} WARNING - [2026-04-18 14:04:06] INFO    etl.load : ── Bước 3: Load Fact Tables ──
[2026-04-18T14:04:06.296+0000] {load.py:54} INFO - ── Bước 3: Load Fact Tables ──
[2026-04-18T14:04:08.809+0000] {logging_mixin.py:188} WARNING - [2026-04-18 14:04:08] ERROR   etl.load :   fact_hoc_tap | Lỗi: DataLoader._chunked() missing 1 required positional argument: 'lst'
[2026-04-18T14:04:08.809+0000] {load.py:561} ERROR -   fact_hoc_tap | Lỗi: DataLoader._chunked() missing 1 required positional argument: 'lst'
[2026-04-18T14:04:10.627+0000] {logging_mixin.py:188} WARNING - [2026-04-18 14:04:10] ERROR   etl.load :   fact_dang_ky | Lỗi: DataLoader._chunked() missing 1 required positional argument: 'lst'
[2026-04-18T14:04:10.627+0000] {load.py:633} ERROR -   fact_dang_ky | Lỗi: DataLoader._chunked() missing 1 required positional argument: 'lst'
[2026-04-18T14:04:10.872+0000] {logging_mixin.py:188} WARNING - [2026-04-18 14:04:10] ERROR   etl.load :   fact_ctsv | Lỗi: DataLoader._chunked() missing 1 required positional argument: 'lst'
[2026-04-18T14:04:10.872+0000] {load.py:743} ERROR -   fact_ctsv | Lỗi: DataLoader._chunked() missing 1 required positional argument: 'lst'
[2026-04-18T14:04:11.150+0000] {logging_mixin.py:188} WARNING - [2026-04-18 14:04:11] ERROR   etl.load :   fact_tai_chinh | Lỗi: DataLoader._chunked() missing 1 required positional argument: 'lst'
[2026-04-18T14:04:11.150+0000] {load.py:810} ERROR -   fact_tai_chinh | Lỗi: DataLoader._chunked() missing 1 required positional argument: 'lst'
[2026-04-18T14:04:11.153+0000] {logging_mixin.py:188} WARNING - [2026-04-18 14:04:11] INFO    etl.load : ── Bước 4: Build Aggregation ──
[2026-04-18T14:04:11.153+0000] {load.py:61} INFO - ── Bước 4: Build Aggregation ──
[2026-04-18T14:04:11.154+0000] {logging_mixin.py:188} WARNING - [2026-04-18 14:04:11] INFO    etl.aggregation : == BẮT ĐẦU AGGREGATION ==
[2026-04-18T14:04:11.154+0000] {aggregation.py:12} INFO - == BẮT ĐẦU AGGREGATION ==
[2026-04-18T14:04:11.312+0000] {logging_mixin.py:188} WARNING - [2026-04-18 14:04:11] INFO    etl.aggregation :   agg_student_summary → 1,695 records
[2026-04-18T14:04:11.312+0000] {aggregation.py:189} INFO -   agg_student_summary → 1,695 records
[2026-04-18T14:04:11.314+0000] {logging_mixin.py:188} WARNING - [2026-04-18 14:04:11] INFO    etl.aggregation :   agg_student_summary rebuilt : 1,695
[2026-04-18T14:04:11.314+0000] {aggregation.py:14} INFO -   agg_student_summary rebuilt : 1,695
[2026-04-18T14:04:11.317+0000] {logging_mixin.py:188} WARNING - [2026-04-18 14:04:11] INFO    etl.aggregation : == AGGREGATION HOÀN TẤT ==
[2026-04-18T14:04:11.317+0000] {aggregation.py:15} INFO - == AGGREGATION HOÀN TẤT ==
[2026-04-18T14:04:11.318+0000] {logging_mixin.py:188} WARNING - [2026-04-18 14:04:11] INFO    etl.load : ======================================================================
[2026-04-18T14:04:11.318+0000] {load.py:65} INFO - ======================================================================
[2026-04-18T14:04:11.319+0000] {logging_mixin.py:188} WARNING - [2026-04-18 14:04:11] INFO    etl.load : LOAD HOÀN TẤT
[2026-04-18T14:04:11.319+0000] {load.py:66} INFO - LOAD HOÀN TẤT
[2026-04-18T14:04:11.320+0000] {logging_mixin.py:188} WARNING - [2026-04-18 14:04:11] INFO    etl.load :   dim_hoc_ky               :        9 records
[2026-04-18T14:04:11.320+0000] {load.py:69} INFO -   dim_hoc_ky               :        9 records
[2026-04-18T14:04:11.320+0000] {logging_mixin.py:188} WARNING - [2026-04-18 14:04:11] INFO    etl.load :   dim_giang_vien           :       45 records
[2026-04-18T14:04:11.320+0000] {load.py:69} INFO -   dim_giang_vien           :       45 records
[2026-04-18T14:04:11.321+0000] {logging_mixin.py:188} WARNING - [2026-04-18 14:04:11] INFO    etl.load :   dim_hoc_phan             :      121 records
[2026-04-18T14:04:11.321+0000] {load.py:69} INFO -   dim_hoc_phan             :      121 records
[2026-04-18T14:04:11.322+0000] {logging_mixin.py:188} WARNING - [2026-04-18 14:04:11] INFO    etl.load :   dim_sinh_vien            :    1,695 records
[2026-04-18T14:04:11.322+0000] {load.py:69} INFO -   dim_sinh_vien            :    1,695 records
[2026-04-18T14:04:11.323+0000] {logging_mixin.py:188} WARNING - [2026-04-18 14:04:11] INFO    etl.load :   fact_hoc_tap             :        0 records
[2026-04-18T14:04:11.323+0000] {load.py:69} INFO -   fact_hoc_tap             :        0 records
[2026-04-18T14:04:11.323+0000] {logging_mixin.py:188} WARNING - [2026-04-18 14:04:11] INFO    etl.load :   fact_dang_ky             :        0 records
[2026-04-18T14:04:11.323+0000] {load.py:69} INFO -   fact_dang_ky             :        0 records
[2026-04-18T14:04:11.324+0000] {logging_mixin.py:188} WARNING - [2026-04-18 14:04:11] INFO    etl.load :   fact_ctsv                :        0 records
[2026-04-18T14:04:11.324+0000] {load.py:69} INFO -   fact_ctsv                :        0 records
[2026-04-18T14:04:11.324+0000] {logging_mixin.py:188} WARNING - [2026-04-18 14:04:11] INFO    etl.load :   fact_tai_chinh           :        0 records
[2026-04-18T14:04:11.324+0000] {load.py:69} INFO -   fact_tai_chinh           :        0 records
[2026-04-18T14:04:11.325+0000] {logging_mixin.py:188} WARNING - [2026-04-18 14:04:11] INFO    etl.load :   agg_student_summary      :    1,695 records
[2026-04-18T14:04:11.325+0000] {load.py:69} INFO -   agg_student_summary      :    1,695 records
[2026-04-18T14:04:11.325+0000] {logging_mixin.py:188} WARNING - [2026-04-18 14:04:11] INFO    etl.load :   TỔNG                     :    3,565 records
[2026-04-18T14:04:11.325+0000] {load.py:71} INFO -   TỔNG                     :    3,565 records
[2026-04-18T14:04:11.326+0000] {logging_mixin.py:188} WARNING - [2026-04-18 14:04:11] INFO    etl.load : ======================================================================
[2026-04-18T14:04:11.326+0000] {load.py:72} INFO - ======================================================================
[2026-04-18T14:04:11.340+0000] {logging_mixin.py:188} INFO - Load xong: {'dim_hoc_ky': 9, 'dim_giang_vien': 45, 'dim_hoc_phan': 121, 'dim_sinh_vien': 1695, 'fact_hoc_tap': 0, 'fact_dang_ky': 0, 'fact_ctsv': 0, 'fact_tai_chinh': 0, 'agg_student_summary': 1695}
[2026-04-18T14:04:11.343+0000] {python.py:201} INFO - Done. Returned value was: {'dim_hoc_ky': 9, 'dim_giang_vien': 45, 'dim_hoc_phan': 121, 'dim_sinh_vien': 1695, 'fact_hoc_tap': 0, 'fact_dang_ky': 0, 'fact_ctsv': 0, 'fact_tai_chinh': 0, 'agg_student_summary': 1695}
[2026-04-18T14:04:11.368+0000] {taskinstance.py:1138} INFO - Marking task as SUCCESS. dag_id=daily_student_pipeline, task_id=load_data, execution_date=20260418T140348, start_date=20260418T140403, end_date=20260418T140411
[2026-04-18T14:04:11.435+0000] {local_task_job_runner.py:234} INFO - Task exited with return code 0
[2026-04-18T14:04:11.457+0000] {taskinstance.py:3280} INFO - 1 downstream tasks scheduled from follow-on schedule check
