[2026-03-28T08:35:49.914+0000] {taskinstance.py:1956} INFO - Dependencies all met for dep_context=non-requeueable deps ti=<TaskInstance: daily_student_pipeline.transform_data manual__2026-03-28T08:35:37.973185+00:00 [queued]>
[2026-03-28T08:35:49.922+0000] {taskinstance.py:1956} INFO - Dependencies all met for dep_context=requeueable deps ti=<TaskInstance: daily_student_pipeline.transform_data manual__2026-03-28T08:35:37.973185+00:00 [queued]>
[2026-03-28T08:35:49.923+0000] {taskinstance.py:2170} INFO - Starting attempt 1 of 1
[2026-03-28T08:35:49.935+0000] {taskinstance.py:2191} INFO - Executing <Task(PythonOperator): transform_data> on 2026-03-28 08:35:37.973185+00:00
[2026-03-28T08:35:49.940+0000] {standard_task_runner.py:60} INFO - Started process 14323 to run task
[2026-03-28T08:35:49.943+0000] {standard_task_runner.py:87} INFO - Running: ['***', 'tasks', 'run', 'daily_student_pipeline', 'transform_data', 'manual__2026-03-28T08:35:37.973185+00:00', '--job-id', '47', '--raw', '--subdir', 'DAGS_FOLDER/daily_student_pipeline.py', '--cfg-path', '/tmp/tmpjigktpy4']
[2026-03-28T08:35:49.945+0000] {standard_task_runner.py:88} INFO - Job 47: Subtask transform_data
[2026-03-28T08:35:50.015+0000] {task_command.py:423} INFO - Running <TaskInstance: daily_student_pipeline.transform_data manual__2026-03-28T08:35:37.973185+00:00 [running]> on host 8474c56aea3d
[2026-03-28T08:35:50.104+0000] {taskinstance.py:2480} INFO - Exporting env vars: AIRFLOW_CTX_DAG_OWNER='nhom8' AIRFLOW_CTX_DAG_ID='daily_student_pipeline' AIRFLOW_CTX_TASK_ID='transform_data' AIRFLOW_CTX_EXECUTION_DATE='2026-03-28T08:35:37.973185+00:00' AIRFLOW_CTX_TRY_NUMBER='1' AIRFLOW_CTX_DAG_RUN_ID='manual__2026-03-28T08:35:37.973185+00:00'
[2026-03-28T08:35:50.806+0000] {logging_mixin.py:188} WARNING - [2026-03-28 08:35:50] INFO    etl.extract :   Load from MinIO staging: run_id=2026-03-28_08-35
[2026-03-28T08:35:50.806+0000] {extract.py:352} INFO -   Load from MinIO staging: run_id=2026-03-28_08-35
[2026-03-28T08:35:50.837+0000] {logging_mixin.py:188} WARNING - [2026-03-28 08:35:50] INFO    utils.minio :   MinIO ↓ [raw-data] 2026-03-28_08-35/nguon1_khoa.parquet (4 rows)
[2026-03-28T08:35:50.837+0000] {minio_client.py:223} INFO -   MinIO ↓ [raw-data] 2026-03-28_08-35/nguon1_khoa.parquet (4 rows)
[2026-03-28T08:35:50.851+0000] {logging_mixin.py:188} WARNING - [2026-03-28 08:35:50] INFO    utils.minio :   MinIO ↓ [raw-data] 2026-03-28_08-35/nguon1_nganh.parquet (3 rows)
[2026-03-28T08:35:50.851+0000] {minio_client.py:223} INFO -   MinIO ↓ [raw-data] 2026-03-28_08-35/nguon1_nganh.parquet (3 rows)
[2026-03-28T08:35:50.867+0000] {logging_mixin.py:188} WARNING - [2026-03-28 08:35:50] INFO    utils.minio :   MinIO ↓ [raw-data] 2026-03-28_08-35/nguon1_giang_vien.parquet (45 rows)
[2026-03-28T08:35:50.867+0000] {minio_client.py:223} INFO -   MinIO ↓ [raw-data] 2026-03-28_08-35/nguon1_giang_vien.parquet (45 rows)
[2026-03-28T08:35:50.880+0000] {logging_mixin.py:188} WARNING - [2026-03-28 08:35:50] INFO    utils.minio :   MinIO ↓ [raw-data] 2026-03-28_08-35/nguon1_lop_hanh_chinh.parquet (48 rows)
[2026-03-28T08:35:50.879+0000] {minio_client.py:223} INFO -   MinIO ↓ [raw-data] 2026-03-28_08-35/nguon1_lop_hanh_chinh.parquet (48 rows)
[2026-03-28T08:35:50.896+0000] {logging_mixin.py:188} WARNING - [2026-03-28 08:35:50] INFO    utils.minio :   MinIO ↓ [raw-data] 2026-03-28_08-35/nguon1_sinh_vien.parquet (1,695 rows)
[2026-03-28T08:35:50.896+0000] {minio_client.py:223} INFO -   MinIO ↓ [raw-data] 2026-03-28_08-35/nguon1_sinh_vien.parquet (1,695 rows)
[2026-03-28T08:35:50.909+0000] {logging_mixin.py:188} WARNING - [2026-03-28 08:35:50] INFO    utils.minio :   MinIO ↓ [raw-data] 2026-03-28_08-35/nguon1_hoc_phan.parquet (121 rows)
[2026-03-28T08:35:50.909+0000] {minio_client.py:223} INFO -   MinIO ↓ [raw-data] 2026-03-28_08-35/nguon1_hoc_phan.parquet (121 rows)
[2026-03-28T08:35:50.922+0000] {logging_mixin.py:188} WARNING - [2026-03-28 08:35:50] INFO    utils.minio :   MinIO ↓ [raw-data] 2026-03-28_08-35/nguon1_hoc_ky.parquet (9 rows)
[2026-03-28T08:35:50.922+0000] {minio_client.py:223} INFO -   MinIO ↓ [raw-data] 2026-03-28_08-35/nguon1_hoc_ky.parquet (9 rows)
[2026-03-28T08:35:50.941+0000] {logging_mixin.py:188} WARNING - [2026-03-28 08:35:50] INFO    utils.minio :   MinIO ↓ [raw-data] 2026-03-28_08-35/nguon1_dang_ky.parquet (56,173 rows)
[2026-03-28T08:35:50.941+0000] {minio_client.py:223} INFO -   MinIO ↓ [raw-data] 2026-03-28_08-35/nguon1_dang_ky.parquet (56,173 rows)
[2026-03-28T08:35:50.966+0000] {logging_mixin.py:188} WARNING - [2026-03-28 08:35:50] INFO    utils.minio :   MinIO ↓ [raw-data] 2026-03-28_08-35/nguon1_diem.parquet (56,173 rows)
[2026-03-28T08:35:50.965+0000] {minio_client.py:223} INFO -   MinIO ↓ [raw-data] 2026-03-28_08-35/nguon1_diem.parquet (56,173 rows)
[2026-03-28T08:35:50.980+0000] {logging_mixin.py:188} WARNING - [2026-03-28 08:35:50] INFO    utils.minio :   MinIO ↓ [raw-data] 2026-03-28_08-35/nguon1_tong_hop_ket_qua.parquet (1,695 rows)
[2026-03-28T08:35:50.980+0000] {minio_client.py:223} INFO -   MinIO ↓ [raw-data] 2026-03-28_08-35/nguon1_tong_hop_ket_qua.parquet (1,695 rows)
[2026-03-28T08:35:50.992+0000] {logging_mixin.py:188} WARNING - [2026-03-28 08:35:50] INFO    utils.minio :   MinIO ↓ [raw-data] 2026-03-28_08-35/nguon2_ctsv.parquet (9,516 rows)
[2026-03-28T08:35:50.992+0000] {minio_client.py:223} INFO -   MinIO ↓ [raw-data] 2026-03-28_08-35/nguon2_ctsv.parquet (9,516 rows)
[2026-03-28T08:35:51.005+0000] {logging_mixin.py:188} WARNING - [2026-03-28 08:35:51] INFO    utils.minio :   MinIO ↓ [raw-data] 2026-03-28_08-35/nguon3_tai_chinh.parquet (9,516 rows)
[2026-03-28T08:35:51.005+0000] {minio_client.py:223} INFO -   MinIO ↓ [raw-data] 2026-03-28_08-35/nguon3_tai_chinh.parquet (9,516 rows)
[2026-03-28T08:35:51.007+0000] {logging_mixin.py:188} WARNING - [2026-03-28 08:35:51] INFO    etl.extract : ✅ Load from staging OK — run_id=2026-03-28_08-35
[2026-03-28T08:35:51.007+0000] {extract.py:369} INFO - ✅ Load from staging OK — run_id=2026-03-28_08-35
[2026-03-28T08:35:51.008+0000] {logging_mixin.py:188} WARNING - [2026-03-28 08:35:51] INFO    etl.transform : 🔄 BẮT ĐẦU TRANSFORM
[2026-03-28T08:35:51.008+0000] {transform.py:68} INFO - 🔄 BẮT ĐẦU TRANSFORM
[2026-03-28T08:35:51.009+0000] {logging_mixin.py:188} WARNING - [2026-03-28 08:35:51] INFO    etl.transform : ======================================================================
[2026-03-28T08:35:51.009+0000] {transform.py:69} INFO - ======================================================================
[2026-03-28T08:35:51.011+0000] {logging_mixin.py:188} WARNING - [2026-03-28 08:35:51] INFO    etl.transform : ── Bước 1: Transform Dimension Tables ──
[2026-03-28T08:35:51.011+0000] {transform.py:73} INFO - ── Bước 1: Transform Dimension Tables ──
[2026-03-28T08:35:51.016+0000] {logging_mixin.py:188} WARNING - [2026-03-28 08:35:51] INFO    etl.transform :   dim_thoi_gian (→dim_hoc_ky)  →      9 records
[2026-03-28T08:35:51.016+0000] {transform.py:206} INFO -   dim_thoi_gian (→dim_hoc_ky)  →      9 records
[2026-03-28T08:35:51.022+0000] {logging_mixin.py:188} WARNING - [2026-03-28 08:35:51] INFO    etl.transform :   dim_giang_vien              →     45 records
[2026-03-28T08:35:51.022+0000] {transform.py:234} INFO -   dim_giang_vien              →     45 records
[2026-03-28T08:35:51.027+0000] {logging_mixin.py:188} WARNING - [2026-03-28 08:35:51] INFO    etl.transform :   dim_hoc_phan                →    121 records
[2026-03-28T08:35:51.027+0000] {transform.py:266} INFO -   dim_hoc_phan                →    121 records
[2026-03-28T08:35:51.042+0000] {logging_mixin.py:188} WARNING - [2026-03-28 08:35:51] INFO    etl.transform :   dim_sinh_vien               →  1,695 records
[2026-03-28T08:35:51.042+0000] {transform.py:344} INFO -   dim_sinh_vien               →  1,695 records
[2026-03-28T08:35:51.044+0000] {logging_mixin.py:188} WARNING - [2026-03-28 08:35:51] INFO    etl.transform : ── Bước 2: Transform Fact Tables ──
[2026-03-28T08:35:51.044+0000] {transform.py:92} INFO - ── Bước 2: Transform Fact Tables ──
[2026-03-28T08:35:51.117+0000] {logging_mixin.py:188} WARNING - [2026-03-28 08:35:51] INFO    etl.transform :   fact_diem (→fact_hoc_tap)    → 56,173 records
[2026-03-28T08:35:51.116+0000] {transform.py:422} INFO -   fact_diem (→fact_hoc_tap)    → 56,173 records
[2026-03-28T08:35:51.129+0000] {logging_mixin.py:188} WARNING - [2026-03-28 08:35:51] INFO    etl.transform :   fact_ren_luyen (→fact_ctsv)  →  9,516 records
[2026-03-28T08:35:51.129+0000] {transform.py:463} INFO -   fact_ren_luyen (→fact_ctsv)  →  9,516 records
[2026-03-28T08:35:51.138+0000] {logging_mixin.py:188} WARNING - [2026-03-28 08:35:51] INFO    etl.transform :   fact_tai_chinh               →  9,516 records
[2026-03-28T08:35:51.137+0000] {transform.py:500} INFO -   fact_tai_chinh               →  9,516 records
[2026-03-28T08:35:51.140+0000] {logging_mixin.py:188} WARNING - [2026-03-28 08:35:51] INFO    etl.transform : ── Bước 3: Tổng hợp đa nguồn ──
[2026-03-28T08:35:51.140+0000] {transform.py:105} INFO - ── Bước 3: Tổng hợp đa nguồn ──
[2026-03-28T08:35:54.357+0000] {logging_mixin.py:188} WARNING - [2026-03-28 08:35:54] INFO    etl.transform :   agg_student_summary          →  9,516 records
[2026-03-28T08:35:54.357+0000] {transform.py:586} INFO -   agg_student_summary          →  9,516 records
[2026-03-28T08:35:54.359+0000] {logging_mixin.py:188} WARNING - [2026-03-28 08:35:54] INFO    etl.transform :     → Cảnh báo học vụ:         808
[2026-03-28T08:35:54.359+0000] {transform.py:592} INFO -     → Cảnh báo học vụ:         808
[2026-03-28T08:35:54.361+0000] {logging_mixin.py:188} WARNING - [2026-03-28 08:35:54] INFO    etl.transform :     → Đủ ĐK học bổng:         915
[2026-03-28T08:35:54.361+0000] {transform.py:593} INFO -     → Đủ ĐK học bổng:         915
[2026-03-28T08:35:54.363+0000] {logging_mixin.py:188} WARNING - [2026-03-28 08:35:54] INFO    etl.transform :     → Nguy cơ bỏ học:          135
[2026-03-28T08:35:54.362+0000] {transform.py:594} INFO -     → Nguy cơ bỏ học:          135
[2026-03-28T08:35:54.363+0000] {logging_mixin.py:188} WARNING - [2026-03-28 08:35:54] INFO    etl.transform : ======================================================================
[2026-03-28T08:35:54.363+0000] {transform.py:115} INFO - ======================================================================
[2026-03-28T08:35:54.365+0000] {logging_mixin.py:188} WARNING - [2026-03-28 08:35:54] INFO    etl.transform : ✅ TRANSFORM HOÀN TẤT
[2026-03-28T08:35:54.365+0000] {transform.py:116} INFO - ✅ TRANSFORM HOÀN TẤT
[2026-03-28T08:35:54.366+0000] {logging_mixin.py:188} WARNING - [2026-03-28 08:35:54] INFO    etl.transform :    dim_giang_vien           :       45 records
[2026-03-28T08:35:54.366+0000] {transform.py:118} INFO -    dim_giang_vien           :       45 records
[2026-03-28T08:35:54.367+0000] {logging_mixin.py:188} WARNING - [2026-03-28 08:35:54] INFO    etl.transform :    dim_sinh_vien            :    1,695 records
[2026-03-28T08:35:54.367+0000] {transform.py:118} INFO -    dim_sinh_vien            :    1,695 records
[2026-03-28T08:35:54.368+0000] {logging_mixin.py:188} WARNING - [2026-03-28 08:35:54] INFO    etl.transform :    dim_hoc_phan             :      121 records
[2026-03-28T08:35:54.368+0000] {transform.py:118} INFO -    dim_hoc_phan             :      121 records
[2026-03-28T08:35:54.369+0000] {logging_mixin.py:188} WARNING - [2026-03-28 08:35:54] INFO    etl.transform :    dim_thoi_gian            :        9 records
[2026-03-28T08:35:54.369+0000] {transform.py:118} INFO -    dim_thoi_gian            :        9 records
[2026-03-28T08:35:54.370+0000] {logging_mixin.py:188} WARNING - [2026-03-28 08:35:54] INFO    etl.transform :    fact_diem                :   56,173 records
[2026-03-28T08:35:54.370+0000] {transform.py:118} INFO -    fact_diem                :   56,173 records
[2026-03-28T08:35:54.371+0000] {logging_mixin.py:188} WARNING - [2026-03-28 08:35:54] INFO    etl.transform :    fact_ren_luyen           :    9,516 records
[2026-03-28T08:35:54.370+0000] {transform.py:118} INFO -    fact_ren_luyen           :    9,516 records
[2026-03-28T08:35:54.371+0000] {logging_mixin.py:188} WARNING - [2026-03-28 08:35:54] INFO    etl.transform :    fact_tai_chinh           :    9,516 records
[2026-03-28T08:35:54.371+0000] {transform.py:118} INFO -    fact_tai_chinh           :    9,516 records
[2026-03-28T08:35:54.372+0000] {logging_mixin.py:188} WARNING - [2026-03-28 08:35:54] INFO    etl.transform :    fact_tong_hop_sv         :    9,516 records
[2026-03-28T08:35:54.372+0000] {transform.py:118} INFO -    fact_tong_hop_sv         :    9,516 records
[2026-03-28T08:35:54.373+0000] {logging_mixin.py:188} WARNING - [2026-03-28 08:35:54] INFO    etl.transform : ======================================================================
[2026-03-28T08:35:54.373+0000] {transform.py:119} INFO - ======================================================================
[2026-03-28T08:35:54.392+0000] {logging_mixin.py:188} WARNING - [2026-03-28 08:35:54] INFO    utils.minio :   MinIO ↑ [staging-data] 2026-03-28_08-35/dim_hoc_ky.parquet (5.3 KB | 9 rows)
[2026-03-28T08:35:54.392+0000] {minio_client.py:142} INFO -   MinIO ↑ [staging-data] 2026-03-28_08-35/dim_hoc_ky.parquet (5.3 KB | 9 rows)
[2026-03-28T08:35:54.403+0000] {logging_mixin.py:188} WARNING - [2026-03-28 08:35:54] INFO    utils.minio :   MinIO ↑ [staging-data] 2026-03-28_08-35/dim_giang_vien.parquet (8.9 KB | 45 rows)
[2026-03-28T08:35:54.403+0000] {minio_client.py:142} INFO -   MinIO ↑ [staging-data] 2026-03-28_08-35/dim_giang_vien.parquet (8.9 KB | 45 rows)
[2026-03-28T08:35:54.415+0000] {logging_mixin.py:188} WARNING - [2026-03-28 08:35:54] INFO    utils.minio :   MinIO ↑ [staging-data] 2026-03-28_08-35/dim_hoc_phan.parquet (11.0 KB | 121 rows)
[2026-03-28T08:35:54.414+0000] {minio_client.py:142} INFO -   MinIO ↑ [staging-data] 2026-03-28_08-35/dim_hoc_phan.parquet (11.0 KB | 121 rows)
[2026-03-28T08:35:54.433+0000] {logging_mixin.py:188} WARNING - [2026-03-28 08:35:54] INFO    utils.minio :   MinIO ↑ [staging-data] 2026-03-28_08-35/dim_sinh_vien.parquet (71.3 KB | 1,695 rows)
[2026-03-28T08:35:54.432+0000] {minio_client.py:142} INFO -   MinIO ↑ [staging-data] 2026-03-28_08-35/dim_sinh_vien.parquet (71.3 KB | 1,695 rows)
[2026-03-28T08:35:54.500+0000] {logging_mixin.py:188} WARNING - [2026-03-28 08:35:54] INFO    utils.minio :   MinIO ↑ [staging-data] 2026-03-28_08-35/fact_diem.parquet (817.3 KB | 56,173 rows)
[2026-03-28T08:35:54.500+0000] {minio_client.py:142} INFO -   MinIO ↑ [staging-data] 2026-03-28_08-35/fact_diem.parquet (817.3 KB | 56,173 rows)
[2026-03-28T08:35:54.517+0000] {logging_mixin.py:188} WARNING - [2026-03-28 08:35:54] INFO    utils.minio :   MinIO ↑ [staging-data] 2026-03-28_08-35/fact_ren_luyen.parquet (40.8 KB | 9,516 rows)
[2026-03-28T08:35:54.517+0000] {minio_client.py:142} INFO -   MinIO ↑ [staging-data] 2026-03-28_08-35/fact_ren_luyen.parquet (40.8 KB | 9,516 rows)
[2026-03-28T08:35:54.539+0000] {logging_mixin.py:188} WARNING - [2026-03-28 08:35:54] INFO    utils.minio :   MinIO ↑ [staging-data] 2026-03-28_08-35/fact_tai_chinh.parquet (68.3 KB | 9,516 rows)
[2026-03-28T08:35:54.539+0000] {minio_client.py:142} INFO -   MinIO ↑ [staging-data] 2026-03-28_08-35/fact_tai_chinh.parquet (68.3 KB | 9,516 rows)
[2026-03-28T08:35:54.566+0000] {logging_mixin.py:188} WARNING - [2026-03-28 08:35:54] INFO    utils.minio :   MinIO ↑ [staging-data] 2026-03-28_08-35/fact_tong_hop_sv.parquet (119.1 KB | 9,516 rows)
[2026-03-28T08:35:54.566+0000] {minio_client.py:142} INFO -   MinIO ↑ [staging-data] 2026-03-28_08-35/fact_tong_hop_sv.parquet (119.1 KB | 9,516 rows)
[2026-03-28T08:35:54.568+0000] {logging_mixin.py:188} WARNING - [2026-03-28 08:35:54] INFO    etl.transform :   MinIO staging-data: 8/8 files OK → run_id=2026-03-28_08-35
[2026-03-28T08:35:54.568+0000] {transform.py:151} INFO -   MinIO staging-data: 8/8 files OK → run_id=2026-03-28_08-35
[2026-03-28T08:35:54.597+0000] {logging_mixin.py:188} INFO - Transform xong: {'dim_giang_vien': 45, 'dim_sinh_vien': 1695, 'dim_hoc_phan': 121, 'dim_thoi_gian': 9, 'fact_diem': 56173, 'fact_ren_luyen': 9516, 'fact_tai_chinh': 9516, 'fact_tong_hop_sv': 9516}
[2026-03-28T08:35:54.600+0000] {python.py:201} INFO - Done. Returned value was: {'dim_giang_vien': 45, 'dim_sinh_vien': 1695, 'dim_hoc_phan': 121, 'dim_thoi_gian': 9, 'fact_diem': 56173, 'fact_ren_luyen': 9516, 'fact_tai_chinh': 9516, 'fact_tong_hop_sv': 9516}
[2026-03-28T08:35:54.626+0000] {taskinstance.py:1138} INFO - Marking task as SUCCESS. dag_id=daily_student_pipeline, task_id=transform_data, execution_date=20260328T083537, start_date=20260328T083549, end_date=20260328T083554
[2026-03-28T08:35:54.678+0000] {local_task_job_runner.py:234} INFO - Task exited with return code 0
[2026-03-28T08:35:54.707+0000] {taskinstance.py:3280} INFO - 1 downstream tasks scheduled from follow-on schedule check
