[2026-04-19T08:13:49.253+0000] {taskinstance.py:1956} INFO - Dependencies all met for dep_context=non-requeueable deps ti=<TaskInstance: daily_student_pipeline.transform_data manual__2026-04-19T08:13:26.634612+00:00 [queued]>
[2026-04-19T08:13:49.261+0000] {taskinstance.py:1956} INFO - Dependencies all met for dep_context=requeueable deps ti=<TaskInstance: daily_student_pipeline.transform_data manual__2026-04-19T08:13:26.634612+00:00 [queued]>
[2026-04-19T08:13:49.262+0000] {taskinstance.py:2170} INFO - Starting attempt 1 of 1
[2026-04-19T08:13:49.274+0000] {taskinstance.py:2191} INFO - Executing <Task(PythonOperator): transform_data> on 2026-04-19 08:13:26.634612+00:00
[2026-04-19T08:13:49.278+0000] {standard_task_runner.py:60} INFO - Started process 4256 to run task
[2026-04-19T08:13:49.282+0000] {standard_task_runner.py:87} INFO - Running: ['***', 'tasks', 'run', 'daily_student_pipeline', 'transform_data', 'manual__2026-04-19T08:13:26.634612+00:00', '--job-id', '339', '--raw', '--subdir', 'DAGS_FOLDER/daily_student_pipeline.py', '--cfg-path', '/tmp/tmpoouym3t2']
[2026-04-19T08:13:49.284+0000] {standard_task_runner.py:88} INFO - Job 339: Subtask transform_data
[2026-04-19T08:13:49.424+0000] {task_command.py:423} INFO - Running <TaskInstance: daily_student_pipeline.transform_data manual__2026-04-19T08:13:26.634612+00:00 [running]> on host eb2cbdc99987
[2026-04-19T08:13:49.526+0000] {taskinstance.py:2480} INFO - Exporting env vars: AIRFLOW_CTX_DAG_OWNER='nhom8' AIRFLOW_CTX_DAG_ID='daily_student_pipeline' AIRFLOW_CTX_TASK_ID='transform_data' AIRFLOW_CTX_EXECUTION_DATE='2026-04-19T08:13:26.634612+00:00' AIRFLOW_CTX_TRY_NUMBER='1' AIRFLOW_CTX_DAG_RUN_ID='manual__2026-04-19T08:13:26.634612+00:00'
[2026-04-19T08:13:50.449+0000] {logging_mixin.py:188} WARNING - [2026-04-19 08:13:50] INFO    etl.extract :   Load from MinIO staging: run_id=2026-04-19_08-13
[2026-04-19T08:13:50.449+0000] {extract.py:421} INFO -   Load from MinIO staging: run_id=2026-04-19_08-13
[2026-04-19T08:13:50.499+0000] {logging_mixin.py:188} WARNING - [2026-04-19 08:13:50] INFO    utils.minio :   MinIO ↓ [raw-data] 2026-04-19_08-13/nguon1_khoa.parquet (4 rows)
[2026-04-19T08:13:50.498+0000] {minio_client.py:223} INFO -   MinIO ↓ [raw-data] 2026-04-19_08-13/nguon1_khoa.parquet (4 rows)
[2026-04-19T08:13:50.510+0000] {logging_mixin.py:188} WARNING - [2026-04-19 08:13:50] INFO    utils.minio :   MinIO ↓ [raw-data] 2026-04-19_08-13/nguon1_nganh.parquet (3 rows)
[2026-04-19T08:13:50.510+0000] {minio_client.py:223} INFO -   MinIO ↓ [raw-data] 2026-04-19_08-13/nguon1_nganh.parquet (3 rows)
[2026-04-19T08:13:50.525+0000] {logging_mixin.py:188} WARNING - [2026-04-19 08:13:50] INFO    utils.minio :   MinIO ↓ [raw-data] 2026-04-19_08-13/nguon1_giang_vien.parquet (45 rows)
[2026-04-19T08:13:50.525+0000] {minio_client.py:223} INFO -   MinIO ↓ [raw-data] 2026-04-19_08-13/nguon1_giang_vien.parquet (45 rows)
[2026-04-19T08:13:50.538+0000] {logging_mixin.py:188} WARNING - [2026-04-19 08:13:50] INFO    utils.minio :   MinIO ↓ [raw-data] 2026-04-19_08-13/nguon1_lop_hanh_chinh.parquet (48 rows)
[2026-04-19T08:13:50.538+0000] {minio_client.py:223} INFO -   MinIO ↓ [raw-data] 2026-04-19_08-13/nguon1_lop_hanh_chinh.parquet (48 rows)
[2026-04-19T08:13:50.565+0000] {logging_mixin.py:188} WARNING - [2026-04-19 08:13:50] INFO    utils.minio :   MinIO ↓ [raw-data] 2026-04-19_08-13/nguon1_sinh_vien.parquet (1,695 rows)
[2026-04-19T08:13:50.565+0000] {minio_client.py:223} INFO -   MinIO ↓ [raw-data] 2026-04-19_08-13/nguon1_sinh_vien.parquet (1,695 rows)
[2026-04-19T08:13:50.577+0000] {logging_mixin.py:188} WARNING - [2026-04-19 08:13:50] INFO    utils.minio :   MinIO ↓ [raw-data] 2026-04-19_08-13/nguon1_hoc_phan.parquet (121 rows)
[2026-04-19T08:13:50.577+0000] {minio_client.py:223} INFO -   MinIO ↓ [raw-data] 2026-04-19_08-13/nguon1_hoc_phan.parquet (121 rows)
[2026-04-19T08:13:50.586+0000] {logging_mixin.py:188} WARNING - [2026-04-19 08:13:50] INFO    utils.minio :   MinIO ↓ [raw-data] 2026-04-19_08-13/nguon1_hoc_ky.parquet (9 rows)
[2026-04-19T08:13:50.586+0000] {minio_client.py:223} INFO -   MinIO ↓ [raw-data] 2026-04-19_08-13/nguon1_hoc_ky.parquet (9 rows)
[2026-04-19T08:13:50.611+0000] {logging_mixin.py:188} WARNING - [2026-04-19 08:13:50] INFO    utils.minio :   MinIO ↓ [raw-data] 2026-04-19_08-13/nguon1_dang_ky.parquet (57,782 rows)
[2026-04-19T08:13:50.610+0000] {minio_client.py:223} INFO -   MinIO ↓ [raw-data] 2026-04-19_08-13/nguon1_dang_ky.parquet (57,782 rows)
[2026-04-19T08:13:50.631+0000] {logging_mixin.py:188} WARNING - [2026-04-19 08:13:50] INFO    utils.minio :   MinIO ↓ [raw-data] 2026-04-19_08-13/nguon1_diem.parquet (57,292 rows)
[2026-04-19T08:13:50.631+0000] {minio_client.py:223} INFO -   MinIO ↓ [raw-data] 2026-04-19_08-13/nguon1_diem.parquet (57,292 rows)
[2026-04-19T08:13:50.642+0000] {logging_mixin.py:188} WARNING - [2026-04-19 08:13:50] INFO    utils.minio :   MinIO ↓ [raw-data] 2026-04-19_08-13/nguon1_tong_hop_ket_qua.parquet (1,695 rows)
[2026-04-19T08:13:50.642+0000] {minio_client.py:223} INFO -   MinIO ↓ [raw-data] 2026-04-19_08-13/nguon1_tong_hop_ket_qua.parquet (1,695 rows)
[2026-04-19T08:13:50.652+0000] {logging_mixin.py:188} WARNING - [2026-04-19 08:13:50] INFO    utils.minio :   MinIO ↓ [raw-data] 2026-04-19_08-13/nguon2_ctsv.parquet (9,549 rows)
[2026-04-19T08:13:50.652+0000] {minio_client.py:223} INFO -   MinIO ↓ [raw-data] 2026-04-19_08-13/nguon2_ctsv.parquet (9,549 rows)
[2026-04-19T08:13:50.667+0000] {logging_mixin.py:188} WARNING - [2026-04-19 08:13:50] INFO    utils.minio :   MinIO ↓ [raw-data] 2026-04-19_08-13/nguon3_tai_chinh.parquet (9,225 rows)
[2026-04-19T08:13:50.667+0000] {minio_client.py:223} INFO -   MinIO ↓ [raw-data] 2026-04-19_08-13/nguon3_tai_chinh.parquet (9,225 rows)
[2026-04-19T08:13:50.668+0000] {logging_mixin.py:188} WARNING - [2026-04-19 08:13:50] INFO    etl.extract :  Load from staging OK — run_id=2026-04-19_08-13
[2026-04-19T08:13:50.668+0000] {extract.py:438} INFO -  Load from staging OK — run_id=2026-04-19_08-13
[2026-04-19T08:13:50.670+0000] {logging_mixin.py:188} WARNING - [2026-04-19 08:13:50] INFO    etl.transform : ==BẮT ĐẦU TRANSFORM==
[2026-04-19T08:13:50.670+0000] {transform.py:75} INFO - ==BẮT ĐẦU TRANSFORM==
[2026-04-19T08:13:50.671+0000] {logging_mixin.py:188} WARNING - [2026-04-19 08:13:50] INFO    etl.transform : ======================================================================
[2026-04-19T08:13:50.671+0000] {transform.py:76} INFO - ======================================================================
[2026-04-19T08:13:50.673+0000] {logging_mixin.py:188} WARNING - [2026-04-19 08:13:50] INFO    etl.transform : ── Bước 1: Transform Dimension Tables ──
[2026-04-19T08:13:50.673+0000] {transform.py:80} INFO - ── Bước 1: Transform Dimension Tables ──
[2026-04-19T08:13:50.681+0000] {logging_mixin.py:188} WARNING - [2026-04-19 08:13:50] INFO    etl.transform :   dim_thoi_gian               →      9 records
[2026-04-19T08:13:50.681+0000] {transform.py:190} INFO -   dim_thoi_gian               →      9 records
[2026-04-19T08:13:50.686+0000] {logging_mixin.py:188} WARNING - [2026-04-19 08:13:50] INFO    etl.transform :   dim_giang_vien              →     45 records
[2026-04-19T08:13:50.686+0000] {transform.py:213} INFO -   dim_giang_vien              →     45 records
[2026-04-19T08:13:50.690+0000] {logging_mixin.py:188} WARNING - [2026-04-19 08:13:50] INFO    etl.transform :   dim_hoc_phan                →    121 records
[2026-04-19T08:13:50.690+0000] {transform.py:240} INFO -   dim_hoc_phan                →    121 records
[2026-04-19T08:13:50.702+0000] {logging_mixin.py:188} WARNING - [2026-04-19 08:13:50] INFO    etl.transform :   dim_sinh_vien               →  1,695 records
[2026-04-19T08:13:50.702+0000] {transform.py:306} INFO -   dim_sinh_vien               →  1,695 records
[2026-04-19T08:13:50.704+0000] {logging_mixin.py:188} WARNING - [2026-04-19 08:13:50] INFO    etl.transform : ── Bước 2: Transform Fact Tables ──
[2026-04-19T08:13:50.704+0000] {transform.py:96} INFO - ── Bước 2: Transform Fact Tables ──
[2026-04-19T08:13:50.766+0000] {logging_mixin.py:188} WARNING - [2026-04-19 08:13:50] INFO    etl.transform :   fact_diem                   → 57,292 records
[2026-04-19T08:13:50.766+0000] {transform.py:376} INFO -   fact_diem                   → 57,292 records
[2026-04-19T08:13:50.808+0000] {logging_mixin.py:188} WARNING - [2026-04-19 08:13:50] INFO    etl.transform :   fact_dang_ky               → 57,782 records
[2026-04-19T08:13:50.808+0000] {transform.py:413} INFO -   fact_dang_ky               → 57,782 records
[2026-04-19T08:13:50.822+0000] {logging_mixin.py:188} WARNING - [2026-04-19 08:13:50] INFO    etl.transform :   fact_ren_luyen              →  9,549 records
[2026-04-19T08:13:50.822+0000] {transform.py:445} INFO -   fact_ren_luyen              →  9,549 records
[2026-04-19T08:13:50.830+0000] {logging_mixin.py:188} WARNING - /opt/***/src/etl/transform.py:467 UserWarning: The argument 'infer_datetime_format' is deprecated and will be removed in a future version. A strict version of it is now the default, see https://pandas.pydata.org/pdeps/0004-consistent-to-datetime-parsing.html. You can safely remove this argument.
[2026-04-19T08:13:50.840+0000] {logging_mixin.py:188} WARNING - [2026-04-19 08:13:50] INFO    etl.transform :   fact_tai_chinh              →  9,225 records
[2026-04-19T08:13:50.840+0000] {transform.py:485} INFO -   fact_tai_chinh              →  9,225 records
[2026-04-19T08:13:50.841+0000] {logging_mixin.py:188} WARNING - [2026-04-19 08:13:50] INFO    etl.transform : ======================================================================
[2026-04-19T08:13:50.841+0000] {transform.py:108} INFO - ======================================================================
[2026-04-19T08:13:50.843+0000] {logging_mixin.py:188} WARNING - [2026-04-19 08:13:50] INFO    etl.transform : TRANSFORM HOÀN TẤT
[2026-04-19T08:13:50.843+0000] {transform.py:109} INFO - TRANSFORM HOÀN TẤT
[2026-04-19T08:13:50.844+0000] {logging_mixin.py:188} WARNING - [2026-04-19 08:13:50] INFO    etl.transform :    dim_giang_vien           :       45 records
[2026-04-19T08:13:50.844+0000] {transform.py:111} INFO -    dim_giang_vien           :       45 records
[2026-04-19T08:13:50.845+0000] {logging_mixin.py:188} WARNING - [2026-04-19 08:13:50] INFO    etl.transform :    dim_sinh_vien            :    1,695 records
[2026-04-19T08:13:50.845+0000] {transform.py:111} INFO -    dim_sinh_vien            :    1,695 records
[2026-04-19T08:13:50.846+0000] {logging_mixin.py:188} WARNING - [2026-04-19 08:13:50] INFO    etl.transform :    dim_hoc_phan             :      121 records
[2026-04-19T08:13:50.846+0000] {transform.py:111} INFO -    dim_hoc_phan             :      121 records
[2026-04-19T08:13:50.847+0000] {logging_mixin.py:188} WARNING - [2026-04-19 08:13:50] INFO    etl.transform :    dim_thoi_gian            :        9 records
[2026-04-19T08:13:50.847+0000] {transform.py:111} INFO -    dim_thoi_gian            :        9 records
[2026-04-19T08:13:50.848+0000] {logging_mixin.py:188} WARNING - [2026-04-19 08:13:50] INFO    etl.transform :    fact_diem                :   57,292 records
[2026-04-19T08:13:50.848+0000] {transform.py:111} INFO -    fact_diem                :   57,292 records
[2026-04-19T08:13:50.849+0000] {logging_mixin.py:188} WARNING - [2026-04-19 08:13:50] INFO    etl.transform :    fact_dang_ky             :   57,782 records
[2026-04-19T08:13:50.849+0000] {transform.py:111} INFO -    fact_dang_ky             :   57,782 records
[2026-04-19T08:13:50.850+0000] {logging_mixin.py:188} WARNING - [2026-04-19 08:13:50] INFO    etl.transform :    fact_ren_luyen           :    9,549 records
[2026-04-19T08:13:50.850+0000] {transform.py:111} INFO -    fact_ren_luyen           :    9,549 records
[2026-04-19T08:13:50.851+0000] {logging_mixin.py:188} WARNING - [2026-04-19 08:13:50] INFO    etl.transform :    fact_tai_chinh           :    9,225 records
[2026-04-19T08:13:50.851+0000] {transform.py:111} INFO -    fact_tai_chinh           :    9,225 records
[2026-04-19T08:13:50.851+0000] {logging_mixin.py:188} WARNING - [2026-04-19 08:13:50] INFO    etl.transform : ======================================================================
[2026-04-19T08:13:50.851+0000] {transform.py:112} INFO - ======================================================================
[2026-04-19T08:13:50.874+0000] {logging_mixin.py:188} WARNING - [2026-04-19 08:13:50] INFO    utils.minio :   MinIO ↑ [staging-data] 2026-04-19_08-13/dim_hoc_ky.parquet (5.3 KB | 9 rows)
[2026-04-19T08:13:50.874+0000] {minio_client.py:142} INFO -   MinIO ↑ [staging-data] 2026-04-19_08-13/dim_hoc_ky.parquet (5.3 KB | 9 rows)
[2026-04-19T08:13:50.885+0000] {logging_mixin.py:188} WARNING - [2026-04-19 08:13:50] INFO    utils.minio :   MinIO ↑ [staging-data] 2026-04-19_08-13/dim_giang_vien.parquet (8.9 KB | 45 rows)
[2026-04-19T08:13:50.885+0000] {minio_client.py:142} INFO -   MinIO ↑ [staging-data] 2026-04-19_08-13/dim_giang_vien.parquet (8.9 KB | 45 rows)
[2026-04-19T08:13:50.897+0000] {logging_mixin.py:188} WARNING - [2026-04-19 08:13:50] INFO    utils.minio :   MinIO ↑ [staging-data] 2026-04-19_08-13/dim_hoc_phan.parquet (11.0 KB | 121 rows)
[2026-04-19T08:13:50.897+0000] {minio_client.py:142} INFO -   MinIO ↑ [staging-data] 2026-04-19_08-13/dim_hoc_phan.parquet (11.0 KB | 121 rows)
[2026-04-19T08:13:50.911+0000] {logging_mixin.py:188} WARNING - [2026-04-19 08:13:50] INFO    utils.minio :   MinIO ↑ [staging-data] 2026-04-19_08-13/dim_sinh_vien.parquet (71.8 KB | 1,695 rows)
[2026-04-19T08:13:50.911+0000] {minio_client.py:142} INFO -   MinIO ↑ [staging-data] 2026-04-19_08-13/dim_sinh_vien.parquet (71.8 KB | 1,695 rows)
[2026-04-19T08:13:50.962+0000] {logging_mixin.py:188} WARNING - [2026-04-19 08:13:50] INFO    utils.minio :   MinIO ↑ [staging-data] 2026-04-19_08-13/fact_diem.parquet (881.7 KB | 57,292 rows)
[2026-04-19T08:13:50.962+0000] {minio_client.py:142} INFO -   MinIO ↑ [staging-data] 2026-04-19_08-13/fact_diem.parquet (881.7 KB | 57,292 rows)
[2026-04-19T08:13:51.004+0000] {logging_mixin.py:188} WARNING - [2026-04-19 08:13:51] INFO    utils.minio :   MinIO ↑ [staging-data] 2026-04-19_08-13/fact_dang_ky.parquet (505.3 KB | 57,782 rows)
[2026-04-19T08:13:51.004+0000] {minio_client.py:142} INFO -   MinIO ↑ [staging-data] 2026-04-19_08-13/fact_dang_ky.parquet (505.3 KB | 57,782 rows)
[2026-04-19T08:13:51.020+0000] {logging_mixin.py:188} WARNING - [2026-04-19 08:13:51] INFO    utils.minio :   MinIO ↑ [staging-data] 2026-04-19_08-13/fact_ren_luyen.parquet (42.0 KB | 9,549 rows)
[2026-04-19T08:13:51.020+0000] {minio_client.py:142} INFO -   MinIO ↑ [staging-data] 2026-04-19_08-13/fact_ren_luyen.parquet (42.0 KB | 9,549 rows)
[2026-04-19T08:13:51.036+0000] {logging_mixin.py:188} WARNING - [2026-04-19 08:13:51] INFO    utils.minio :   MinIO ↑ [staging-data] 2026-04-19_08-13/fact_tai_chinh.parquet (92.9 KB | 9,225 rows)
[2026-04-19T08:13:51.036+0000] {minio_client.py:142} INFO -   MinIO ↑ [staging-data] 2026-04-19_08-13/fact_tai_chinh.parquet (92.9 KB | 9,225 rows)
[2026-04-19T08:13:51.038+0000] {logging_mixin.py:188} WARNING - [2026-04-19 08:13:51] INFO    etl.transform :   MinIO staging-data: 8/8 files OK → run_id=2026-04-19_08-13
[2026-04-19T08:13:51.038+0000] {transform.py:141} INFO -   MinIO staging-data: 8/8 files OK → run_id=2026-04-19_08-13
[2026-04-19T08:13:51.066+0000] {logging_mixin.py:188} INFO - Transform xong: {'dim_giang_vien': 45, 'dim_sinh_vien': 1695, 'dim_hoc_phan': 121, 'dim_thoi_gian': 9, 'fact_diem': 57292, 'fact_dang_ky': 57782, 'fact_ren_luyen': 9549, 'fact_tai_chinh': 9225}
[2026-04-19T08:13:51.070+0000] {python.py:201} INFO - Done. Returned value was: {'dim_giang_vien': 45, 'dim_sinh_vien': 1695, 'dim_hoc_phan': 121, 'dim_thoi_gian': 9, 'fact_diem': 57292, 'fact_dang_ky': 57782, 'fact_ren_luyen': 9549, 'fact_tai_chinh': 9225}
[2026-04-19T08:13:51.093+0000] {taskinstance.py:1138} INFO - Marking task as SUCCESS. dag_id=daily_student_pipeline, task_id=transform_data, execution_date=20260419T081326, start_date=20260419T081349, end_date=20260419T081351
[2026-04-19T08:13:51.139+0000] {local_task_job_runner.py:234} INFO - Task exited with return code 0
[2026-04-19T08:13:51.163+0000] {taskinstance.py:3280} INFO - 1 downstream tasks scheduled from follow-on schedule check
