[2026-04-20T10:25:11.618+0000] {taskinstance.py:1956} INFO - Dependencies all met for dep_context=non-requeueable deps ti=<TaskInstance: daily_student_pipeline.transform_data manual__2026-04-20T10:25:01.520645+00:00 [queued]>
[2026-04-20T10:25:11.626+0000] {taskinstance.py:1956} INFO - Dependencies all met for dep_context=requeueable deps ti=<TaskInstance: daily_student_pipeline.transform_data manual__2026-04-20T10:25:01.520645+00:00 [queued]>
[2026-04-20T10:25:11.626+0000] {taskinstance.py:2170} INFO - Starting attempt 1 of 1
[2026-04-20T10:25:11.637+0000] {taskinstance.py:2191} INFO - Executing <Task(PythonOperator): transform_data> on 2026-04-20 10:25:01.520645+00:00
[2026-04-20T10:25:11.641+0000] {standard_task_runner.py:60} INFO - Started process 3176 to run task
[2026-04-20T10:25:11.644+0000] {standard_task_runner.py:87} INFO - Running: ['***', 'tasks', 'run', 'daily_student_pipeline', 'transform_data', 'manual__2026-04-20T10:25:01.520645+00:00', '--job-id', '408', '--raw', '--subdir', 'DAGS_FOLDER/daily_student_pipeline.py', '--cfg-path', '/tmp/tmp_490e65c']
[2026-04-20T10:25:11.646+0000] {standard_task_runner.py:88} INFO - Job 408: Subtask transform_data
[2026-04-20T10:25:11.708+0000] {task_command.py:423} INFO - Running <TaskInstance: daily_student_pipeline.transform_data manual__2026-04-20T10:25:01.520645+00:00 [running]> on host 759b8b5e27b5
[2026-04-20T10:25:11.793+0000] {taskinstance.py:2480} INFO - Exporting env vars: AIRFLOW_CTX_DAG_OWNER='nhom8' AIRFLOW_CTX_DAG_ID='daily_student_pipeline' AIRFLOW_CTX_TASK_ID='transform_data' AIRFLOW_CTX_EXECUTION_DATE='2026-04-20T10:25:01.520645+00:00' AIRFLOW_CTX_TRY_NUMBER='1' AIRFLOW_CTX_DAG_RUN_ID='manual__2026-04-20T10:25:01.520645+00:00'
[2026-04-20T10:25:12.547+0000] {logging_mixin.py:188} WARNING - [2026-04-20 10:25:12] INFO    etl.extract :   Load from MinIO staging: run_id=2026-04-20_10-25
[2026-04-20T10:25:12.547+0000] {extract.py:421} INFO -   Load from MinIO staging: run_id=2026-04-20_10-25
[2026-04-20T10:25:12.578+0000] {logging_mixin.py:188} WARNING - [2026-04-20 10:25:12] INFO    utils.minio :   MinIO ↓ [raw-data] 2026-04-20_10-25/nguon1_khoa.parquet (4 rows)
[2026-04-20T10:25:12.578+0000] {minio_client.py:223} INFO -   MinIO ↓ [raw-data] 2026-04-20_10-25/nguon1_khoa.parquet (4 rows)
[2026-04-20T10:25:12.591+0000] {logging_mixin.py:188} WARNING - [2026-04-20 10:25:12] INFO    utils.minio :   MinIO ↓ [raw-data] 2026-04-20_10-25/nguon1_nganh.parquet (3 rows)
[2026-04-20T10:25:12.591+0000] {minio_client.py:223} INFO -   MinIO ↓ [raw-data] 2026-04-20_10-25/nguon1_nganh.parquet (3 rows)
[2026-04-20T10:25:12.605+0000] {logging_mixin.py:188} WARNING - [2026-04-20 10:25:12] INFO    utils.minio :   MinIO ↓ [raw-data] 2026-04-20_10-25/nguon1_giang_vien.parquet (45 rows)
[2026-04-20T10:25:12.605+0000] {minio_client.py:223} INFO -   MinIO ↓ [raw-data] 2026-04-20_10-25/nguon1_giang_vien.parquet (45 rows)
[2026-04-20T10:25:12.616+0000] {logging_mixin.py:188} WARNING - [2026-04-20 10:25:12] INFO    utils.minio :   MinIO ↓ [raw-data] 2026-04-20_10-25/nguon1_lop_hanh_chinh.parquet (48 rows)
[2026-04-20T10:25:12.616+0000] {minio_client.py:223} INFO -   MinIO ↓ [raw-data] 2026-04-20_10-25/nguon1_lop_hanh_chinh.parquet (48 rows)
[2026-04-20T10:25:12.628+0000] {logging_mixin.py:188} WARNING - [2026-04-20 10:25:12] INFO    utils.minio :   MinIO ↓ [raw-data] 2026-04-20_10-25/nguon1_sinh_vien.parquet (1,695 rows)
[2026-04-20T10:25:12.628+0000] {minio_client.py:223} INFO -   MinIO ↓ [raw-data] 2026-04-20_10-25/nguon1_sinh_vien.parquet (1,695 rows)
[2026-04-20T10:25:12.639+0000] {logging_mixin.py:188} WARNING - [2026-04-20 10:25:12] INFO    utils.minio :   MinIO ↓ [raw-data] 2026-04-20_10-25/nguon1_hoc_phan.parquet (121 rows)
[2026-04-20T10:25:12.639+0000] {minio_client.py:223} INFO -   MinIO ↓ [raw-data] 2026-04-20_10-25/nguon1_hoc_phan.parquet (121 rows)
[2026-04-20T10:25:12.648+0000] {logging_mixin.py:188} WARNING - [2026-04-20 10:25:12] INFO    utils.minio :   MinIO ↓ [raw-data] 2026-04-20_10-25/nguon1_hoc_ky.parquet (13 rows)
[2026-04-20T10:25:12.648+0000] {minio_client.py:223} INFO -   MinIO ↓ [raw-data] 2026-04-20_10-25/nguon1_hoc_ky.parquet (13 rows)
[2026-04-20T10:25:12.664+0000] {logging_mixin.py:188} WARNING - [2026-04-20 10:25:12] INFO    utils.minio :   MinIO ↓ [raw-data] 2026-04-20_10-25/nguon1_dang_ky.parquet (55,125 rows)
[2026-04-20T10:25:12.664+0000] {minio_client.py:223} INFO -   MinIO ↓ [raw-data] 2026-04-20_10-25/nguon1_dang_ky.parquet (55,125 rows)
[2026-04-20T10:25:12.680+0000] {logging_mixin.py:188} WARNING - [2026-04-20 10:25:12] INFO    utils.minio :   MinIO ↓ [raw-data] 2026-04-20_10-25/nguon1_diem.parquet (54,640 rows)
[2026-04-20T10:25:12.680+0000] {minio_client.py:223} INFO -   MinIO ↓ [raw-data] 2026-04-20_10-25/nguon1_diem.parquet (54,640 rows)
[2026-04-20T10:25:12.691+0000] {logging_mixin.py:188} WARNING - [2026-04-20 10:25:12] INFO    utils.minio :   MinIO ↓ [raw-data] 2026-04-20_10-25/nguon1_tong_hop_ket_qua.parquet (1,695 rows)
[2026-04-20T10:25:12.691+0000] {minio_client.py:223} INFO -   MinIO ↓ [raw-data] 2026-04-20_10-25/nguon1_tong_hop_ket_qua.parquet (1,695 rows)
[2026-04-20T10:25:12.702+0000] {logging_mixin.py:188} WARNING - [2026-04-20 10:25:12] INFO    utils.minio :   MinIO ↓ [raw-data] 2026-04-20_10-25/nguon2_ctsv.parquet (9,475 rows)
[2026-04-20T10:25:12.702+0000] {minio_client.py:223} INFO -   MinIO ↓ [raw-data] 2026-04-20_10-25/nguon2_ctsv.parquet (9,475 rows)
[2026-04-20T10:25:12.714+0000] {logging_mixin.py:188} WARNING - [2026-04-20 10:25:12] INFO    utils.minio :   MinIO ↓ [raw-data] 2026-04-20_10-25/nguon3_tai_chinh.parquet (9,146 rows)
[2026-04-20T10:25:12.714+0000] {minio_client.py:223} INFO -   MinIO ↓ [raw-data] 2026-04-20_10-25/nguon3_tai_chinh.parquet (9,146 rows)
[2026-04-20T10:25:12.715+0000] {logging_mixin.py:188} WARNING - [2026-04-20 10:25:12] INFO    etl.extract :  Load from staging OK — run_id=2026-04-20_10-25
[2026-04-20T10:25:12.715+0000] {extract.py:438} INFO -  Load from staging OK — run_id=2026-04-20_10-25
[2026-04-20T10:25:12.716+0000] {logging_mixin.py:188} WARNING - [2026-04-20 10:25:12] INFO    etl.transform : ==BẮT ĐẦU TRANSFORM==
[2026-04-20T10:25:12.716+0000] {transform.py:75} INFO - ==BẮT ĐẦU TRANSFORM==
[2026-04-20T10:25:12.717+0000] {logging_mixin.py:188} WARNING - [2026-04-20 10:25:12] INFO    etl.transform : ======================================================================
[2026-04-20T10:25:12.717+0000] {transform.py:76} INFO - ======================================================================
[2026-04-20T10:25:12.719+0000] {logging_mixin.py:188} WARNING - [2026-04-20 10:25:12] INFO    etl.transform : ── Bước 1: Transform Dimension Tables ──
[2026-04-20T10:25:12.719+0000] {transform.py:80} INFO - ── Bước 1: Transform Dimension Tables ──
[2026-04-20T10:25:12.722+0000] {logging_mixin.py:188} WARNING - [2026-04-20 10:25:12] INFO    etl.transform :   dim_thoi_gian               →     13 records
[2026-04-20T10:25:12.722+0000] {transform.py:190} INFO -   dim_thoi_gian               →     13 records
[2026-04-20T10:25:12.727+0000] {logging_mixin.py:188} WARNING - [2026-04-20 10:25:12] INFO    etl.transform :   dim_giang_vien              →     45 records
[2026-04-20T10:25:12.727+0000] {transform.py:213} INFO -   dim_giang_vien              →     45 records
[2026-04-20T10:25:12.732+0000] {logging_mixin.py:188} WARNING - [2026-04-20 10:25:12] INFO    etl.transform :   dim_hoc_phan                →    121 records
[2026-04-20T10:25:12.732+0000] {transform.py:240} INFO -   dim_hoc_phan                →    121 records
[2026-04-20T10:25:12.752+0000] {logging_mixin.py:188} WARNING - [2026-04-20 10:25:12] INFO    etl.transform :   dim_sinh_vien               →  1,695 records
[2026-04-20T10:25:12.752+0000] {transform.py:306} INFO -   dim_sinh_vien               →  1,695 records
[2026-04-20T10:25:12.753+0000] {logging_mixin.py:188} WARNING - [2026-04-20 10:25:12] INFO    etl.transform : ── Bước 2: Transform Fact Tables ──
[2026-04-20T10:25:12.753+0000] {transform.py:96} INFO - ── Bước 2: Transform Fact Tables ──
[2026-04-20T10:25:12.814+0000] {logging_mixin.py:188} WARNING - [2026-04-20 10:25:12] INFO    etl.transform :   fact_diem                   → 54,640 records
[2026-04-20T10:25:12.814+0000] {transform.py:376} INFO -   fact_diem                   → 54,640 records
[2026-04-20T10:25:12.847+0000] {logging_mixin.py:188} WARNING - [2026-04-20 10:25:12] INFO    etl.transform :   fact_dang_ky               → 55,125 records
[2026-04-20T10:25:12.846+0000] {transform.py:413} INFO -   fact_dang_ky               → 55,125 records
[2026-04-20T10:25:12.861+0000] {logging_mixin.py:188} WARNING - [2026-04-20 10:25:12] INFO    etl.transform :   fact_ren_luyen              →  9,475 records
[2026-04-20T10:25:12.861+0000] {transform.py:445} INFO -   fact_ren_luyen              →  9,475 records
[2026-04-20T10:25:12.868+0000] {logging_mixin.py:188} WARNING - /opt/***/src/etl/transform.py:467 UserWarning: The argument 'infer_datetime_format' is deprecated and will be removed in a future version. A strict version of it is now the default, see https://pandas.pydata.org/pdeps/0004-consistent-to-datetime-parsing.html. You can safely remove this argument.
[2026-04-20T10:25:12.874+0000] {logging_mixin.py:188} WARNING - [2026-04-20 10:25:12] INFO    etl.transform :   fact_tai_chinh              →  9,146 records
[2026-04-20T10:25:12.874+0000] {transform.py:485} INFO -   fact_tai_chinh              →  9,146 records
[2026-04-20T10:25:12.875+0000] {logging_mixin.py:188} WARNING - [2026-04-20 10:25:12] INFO    etl.transform : ======================================================================
[2026-04-20T10:25:12.875+0000] {transform.py:108} INFO - ======================================================================
[2026-04-20T10:25:12.877+0000] {logging_mixin.py:188} WARNING - [2026-04-20 10:25:12] INFO    etl.transform : TRANSFORM HOÀN TẤT
[2026-04-20T10:25:12.877+0000] {transform.py:109} INFO - TRANSFORM HOÀN TẤT
[2026-04-20T10:25:12.878+0000] {logging_mixin.py:188} WARNING - [2026-04-20 10:25:12] INFO    etl.transform :    dim_giang_vien           :       45 records
[2026-04-20T10:25:12.878+0000] {transform.py:111} INFO -    dim_giang_vien           :       45 records
[2026-04-20T10:25:12.879+0000] {logging_mixin.py:188} WARNING - [2026-04-20 10:25:12] INFO    etl.transform :    dim_sinh_vien            :    1,695 records
[2026-04-20T10:25:12.879+0000] {transform.py:111} INFO -    dim_sinh_vien            :    1,695 records
[2026-04-20T10:25:12.881+0000] {logging_mixin.py:188} WARNING - [2026-04-20 10:25:12] INFO    etl.transform :    dim_hoc_phan             :      121 records
[2026-04-20T10:25:12.880+0000] {transform.py:111} INFO -    dim_hoc_phan             :      121 records
[2026-04-20T10:25:12.882+0000] {logging_mixin.py:188} WARNING - [2026-04-20 10:25:12] INFO    etl.transform :    dim_thoi_gian            :       13 records
[2026-04-20T10:25:12.882+0000] {transform.py:111} INFO -    dim_thoi_gian            :       13 records
[2026-04-20T10:25:12.883+0000] {logging_mixin.py:188} WARNING - [2026-04-20 10:25:12] INFO    etl.transform :    fact_diem                :   54,640 records
[2026-04-20T10:25:12.883+0000] {transform.py:111} INFO -    fact_diem                :   54,640 records
[2026-04-20T10:25:12.884+0000] {logging_mixin.py:188} WARNING - [2026-04-20 10:25:12] INFO    etl.transform :    fact_dang_ky             :   55,125 records
[2026-04-20T10:25:12.884+0000] {transform.py:111} INFO -    fact_dang_ky             :   55,125 records
[2026-04-20T10:25:12.884+0000] {logging_mixin.py:188} WARNING - [2026-04-20 10:25:12] INFO    etl.transform :    fact_ren_luyen           :    9,475 records
[2026-04-20T10:25:12.884+0000] {transform.py:111} INFO -    fact_ren_luyen           :    9,475 records
[2026-04-20T10:25:12.885+0000] {logging_mixin.py:188} WARNING - [2026-04-20 10:25:12] INFO    etl.transform :    fact_tai_chinh           :    9,146 records
[2026-04-20T10:25:12.885+0000] {transform.py:111} INFO -    fact_tai_chinh           :    9,146 records
[2026-04-20T10:25:12.886+0000] {logging_mixin.py:188} WARNING - [2026-04-20 10:25:12] INFO    etl.transform : ======================================================================
[2026-04-20T10:25:12.886+0000] {transform.py:112} INFO - ======================================================================
[2026-04-20T10:25:12.904+0000] {logging_mixin.py:188} WARNING - [2026-04-20 10:25:12] INFO    utils.minio :   MinIO ↑ [staging-data] 2026-04-20_10-25/dim_hoc_ky.parquet (5.4 KB | 13 rows)
[2026-04-20T10:25:12.904+0000] {minio_client.py:142} INFO -   MinIO ↑ [staging-data] 2026-04-20_10-25/dim_hoc_ky.parquet (5.4 KB | 13 rows)
[2026-04-20T10:25:12.914+0000] {logging_mixin.py:188} WARNING - [2026-04-20 10:25:12] INFO    utils.minio :   MinIO ↑ [staging-data] 2026-04-20_10-25/dim_giang_vien.parquet (8.9 KB | 45 rows)
[2026-04-20T10:25:12.914+0000] {minio_client.py:142} INFO -   MinIO ↑ [staging-data] 2026-04-20_10-25/dim_giang_vien.parquet (8.9 KB | 45 rows)
[2026-04-20T10:25:12.924+0000] {logging_mixin.py:188} WARNING - [2026-04-20 10:25:12] INFO    utils.minio :   MinIO ↑ [staging-data] 2026-04-20_10-25/dim_hoc_phan.parquet (11.0 KB | 121 rows)
[2026-04-20T10:25:12.924+0000] {minio_client.py:142} INFO -   MinIO ↑ [staging-data] 2026-04-20_10-25/dim_hoc_phan.parquet (11.0 KB | 121 rows)
[2026-04-20T10:25:12.937+0000] {logging_mixin.py:188} WARNING - [2026-04-20 10:25:12] INFO    utils.minio :   MinIO ↑ [staging-data] 2026-04-20_10-25/dim_sinh_vien.parquet (71.7 KB | 1,695 rows)
[2026-04-20T10:25:12.937+0000] {minio_client.py:142} INFO -   MinIO ↑ [staging-data] 2026-04-20_10-25/dim_sinh_vien.parquet (71.7 KB | 1,695 rows)
[2026-04-20T10:25:12.990+0000] {logging_mixin.py:188} WARNING - [2026-04-20 10:25:12] INFO    utils.minio :   MinIO ↑ [staging-data] 2026-04-20_10-25/fact_diem.parquet (816.7 KB | 54,640 rows)
[2026-04-20T10:25:12.990+0000] {minio_client.py:142} INFO -   MinIO ↑ [staging-data] 2026-04-20_10-25/fact_diem.parquet (816.7 KB | 54,640 rows)
[2026-04-20T10:25:13.027+0000] {logging_mixin.py:188} WARNING - [2026-04-20 10:25:13] INFO    utils.minio :   MinIO ↑ [staging-data] 2026-04-20_10-25/fact_dang_ky.parquet (462.4 KB | 55,125 rows)
[2026-04-20T10:25:13.027+0000] {minio_client.py:142} INFO -   MinIO ↑ [staging-data] 2026-04-20_10-25/fact_dang_ky.parquet (462.4 KB | 55,125 rows)
[2026-04-20T10:25:13.043+0000] {logging_mixin.py:188} WARNING - [2026-04-20 10:25:13] INFO    utils.minio :   MinIO ↑ [staging-data] 2026-04-20_10-25/fact_ren_luyen.parquet (41.1 KB | 9,475 rows)
[2026-04-20T10:25:13.043+0000] {minio_client.py:142} INFO -   MinIO ↑ [staging-data] 2026-04-20_10-25/fact_ren_luyen.parquet (41.1 KB | 9,475 rows)
[2026-04-20T10:25:13.057+0000] {logging_mixin.py:188} WARNING - [2026-04-20 10:25:13] INFO    utils.minio :   MinIO ↑ [staging-data] 2026-04-20_10-25/fact_tai_chinh.parquet (85.1 KB | 9,146 rows)
[2026-04-20T10:25:13.057+0000] {minio_client.py:142} INFO -   MinIO ↑ [staging-data] 2026-04-20_10-25/fact_tai_chinh.parquet (85.1 KB | 9,146 rows)
[2026-04-20T10:25:13.058+0000] {logging_mixin.py:188} WARNING - [2026-04-20 10:25:13] INFO    etl.transform :   MinIO staging-data: 8/8 files OK → run_id=2026-04-20_10-25
[2026-04-20T10:25:13.058+0000] {transform.py:141} INFO -   MinIO staging-data: 8/8 files OK → run_id=2026-04-20_10-25
[2026-04-20T10:25:13.086+0000] {logging_mixin.py:188} INFO - Transform xong: {'dim_giang_vien': 45, 'dim_sinh_vien': 1695, 'dim_hoc_phan': 121, 'dim_thoi_gian': 13, 'fact_diem': 54640, 'fact_dang_ky': 55125, 'fact_ren_luyen': 9475, 'fact_tai_chinh': 9146}
[2026-04-20T10:25:13.089+0000] {python.py:201} INFO - Done. Returned value was: {'dim_giang_vien': 45, 'dim_sinh_vien': 1695, 'dim_hoc_phan': 121, 'dim_thoi_gian': 13, 'fact_diem': 54640, 'fact_dang_ky': 55125, 'fact_ren_luyen': 9475, 'fact_tai_chinh': 9146}
[2026-04-20T10:25:13.114+0000] {taskinstance.py:1138} INFO - Marking task as SUCCESS. dag_id=daily_student_pipeline, task_id=transform_data, execution_date=20260420T102501, start_date=20260420T102511, end_date=20260420T102513
[2026-04-20T10:25:13.181+0000] {local_task_job_runner.py:234} INFO - Task exited with return code 0
[2026-04-20T10:25:13.205+0000] {taskinstance.py:3280} INFO - 1 downstream tasks scheduled from follow-on schedule check
