[2026-03-26T08:44:59.764+0000] {taskinstance.py:1956} INFO - Dependencies all met for dep_context=non-requeueable deps ti=<TaskInstance: daily_student_pipeline.extract_data manual__2026-03-26T08:39:45.821782+00:00 [queued]>
[2026-03-26T08:44:59.777+0000] {taskinstance.py:1956} INFO - Dependencies all met for dep_context=requeueable deps ti=<TaskInstance: daily_student_pipeline.extract_data manual__2026-03-26T08:39:45.821782+00:00 [queued]>
[2026-03-26T08:44:59.778+0000] {taskinstance.py:2170} INFO - Starting attempt 2 of 2
[2026-03-26T08:44:59.792+0000] {taskinstance.py:2191} INFO - Executing <Task(PythonOperator): extract_data> on 2026-03-26 08:39:45.821782+00:00
[2026-03-26T08:44:59.801+0000] {standard_task_runner.py:60} INFO - Started process 1016 to run task
[2026-03-26T08:44:59.816+0000] {standard_task_runner.py:87} INFO - Running: ['***', 'tasks', 'run', 'daily_student_pipeline', 'extract_data', 'manual__2026-03-26T08:39:45.821782+00:00', '--job-id', '50', '--raw', '--subdir', 'DAGS_FOLDER/daily_student_pipeline.py', '--cfg-path', '/tmp/tmptt39eeme']
[2026-03-26T08:44:59.828+0000] {standard_task_runner.py:88} INFO - Job 50: Subtask extract_data
[2026-03-26T08:45:00.091+0000] {task_command.py:423} INFO - Running <TaskInstance: daily_student_pipeline.extract_data manual__2026-03-26T08:39:45.821782+00:00 [running]> on host 44ca04dda286
[2026-03-26T08:45:00.276+0000] {taskinstance.py:2480} INFO - Exporting env vars: AIRFLOW_CTX_DAG_OWNER='nhom8' AIRFLOW_CTX_DAG_ID='daily_student_pipeline' AIRFLOW_CTX_TASK_ID='extract_data' AIRFLOW_CTX_EXECUTION_DATE='2026-03-26T08:39:45.821782+00:00' AIRFLOW_CTX_TRY_NUMBER='2' AIRFLOW_CTX_DAG_RUN_ID='manual__2026-03-26T08:39:45.821782+00:00'
[2026-03-26T08:45:01.109+0000] {taskinstance.py:2698} ERROR - Task failed with exception
Traceback (most recent call last):
  File "/home/airflow/.local/lib/python3.11/site-packages/airflow/models/taskinstance.py", line 433, in _execute_task
    result = execute_callable(context=context, **execute_callable_kwargs)
             ^^^^^^^^^^^^^^^^^^^^^^^^^^^^^^^^^^^^^^^^^^^^^^^^^^^^^^^^^^^^
  File "/home/airflow/.local/lib/python3.11/site-packages/airflow/operators/python.py", line 199, in execute
    return_value = self.execute_callable()
                   ^^^^^^^^^^^^^^^^^^^^^^^
  File "/home/airflow/.local/lib/python3.11/site-packages/airflow/operators/python.py", line 216, in execute_callable
    return self.python_callable(*self.op_args, **self.op_kwargs)
           ^^^^^^^^^^^^^^^^^^^^^^^^^^^^^^^^^^^^^^^^^^^^^^^^^^^^^
  File "/opt/airflow/dags/daily_student_pipeline.py", line 30, in task_extract
    from src.etl.extract import DataExtractor
  File "/opt/airflow/src/etl/extract.py", line 27, in <module>
    from src.config.database import source_engine
  File "/opt/airflow/src/config/database.py", line 8, in <module>
    from sqlalchemy.orm import sessionmaker, DeclarativeBase
ImportError: cannot import name 'DeclarativeBase' from 'sqlalchemy.orm' (/home/airflow/.local/lib/python3.11/site-packages/sqlalchemy/orm/__init__.py)
[2026-03-26T08:45:01.175+0000] {taskinstance.py:1138} INFO - Marking task as FAILED. dag_id=daily_student_pipeline, task_id=extract_data, execution_date=20260326T083945, start_date=20260326T084459, end_date=20260326T084501
[2026-03-26T08:45:01.196+0000] {standard_task_runner.py:107} ERROR - Failed to execute job 50 for task extract_data (cannot import name 'DeclarativeBase' from 'sqlalchemy.orm' (/home/airflow/.local/lib/python3.11/site-packages/sqlalchemy/orm/__init__.py); 1016)
[2026-03-26T08:45:01.235+0000] {local_task_job_runner.py:234} INFO - Task exited with return code 1
[2026-03-26T08:45:01.257+0000] {taskinstance.py:3280} INFO - 0 downstream tasks scheduled from follow-on schedule check
