[2026-04-02T13:26:45.625+0000] {taskinstance.py:1956} INFO - Dependencies all met for dep_context=non-requeueable deps ti=<TaskInstance: daily_student_pipeline.load_data manual__2026-04-02T13:26:34.312734+00:00 [queued]>
[2026-04-02T13:26:45.637+0000] {taskinstance.py:1956} INFO - Dependencies all met for dep_context=requeueable deps ti=<TaskInstance: daily_student_pipeline.load_data manual__2026-04-02T13:26:34.312734+00:00 [queued]>
[2026-04-02T13:26:45.637+0000] {taskinstance.py:2170} INFO - Starting attempt 1 of 1
[2026-04-02T13:26:45.651+0000] {taskinstance.py:2191} INFO - Executing <Task(PythonOperator): load_data> on 2026-04-02 13:26:34.312734+00:00
[2026-04-02T13:26:45.659+0000] {standard_task_runner.py:60} INFO - Started process 429 to run task
[2026-04-02T13:26:45.663+0000] {standard_task_runner.py:87} INFO - Running: ['***', 'tasks', 'run', 'daily_student_pipeline', 'load_data', 'manual__2026-04-02T13:26:34.312734+00:00', '--job-id', '108', '--raw', '--subdir', 'DAGS_FOLDER/daily_student_pipeline.py', '--cfg-path', '/tmp/tmp83tde05x']
[2026-04-02T13:26:45.665+0000] {standard_task_runner.py:88} INFO - Job 108: Subtask load_data
[2026-04-02T13:26:45.738+0000] {task_command.py:423} INFO - Running <TaskInstance: daily_student_pipeline.load_data manual__2026-04-02T13:26:34.312734+00:00 [running]> on host 1c62953c8918
[2026-04-02T13:26:45.843+0000] {taskinstance.py:2480} INFO - Exporting env vars: AIRFLOW_CTX_DAG_OWNER='nhom8' AIRFLOW_CTX_DAG_ID='daily_student_pipeline' AIRFLOW_CTX_TASK_ID='load_data' AIRFLOW_CTX_EXECUTION_DATE='2026-04-02T13:26:34.312734+00:00' AIRFLOW_CTX_TRY_NUMBER='1' AIRFLOW_CTX_DAG_RUN_ID='manual__2026-04-02T13:26:34.312734+00:00'
[2026-04-02T13:26:46.600+0000] {logging_mixin.py:188} WARNING - [2026-04-02 13:26:46] INFO    etl.transform :   Load TransformedData từ MinIO staging: run_id=2026-04-02_13-26
[2026-04-02T13:26:46.600+0000] {transform.py:163} INFO -   Load TransformedData từ MinIO staging: run_id=2026-04-02_13-26
[2026-04-02T13:26:46.630+0000] {logging_mixin.py:188} WARNING - [2026-04-02 13:26:46] INFO    utils.minio :   MinIO ↓ [staging-data] 2026-04-02_13-26/dim_hoc_ky.parquet (9 rows)
[2026-04-02T13:26:46.630+0000] {minio_client.py:223} INFO -   MinIO ↓ [staging-data] 2026-04-02_13-26/dim_hoc_ky.parquet (9 rows)
[2026-04-02T13:26:46.641+0000] {logging_mixin.py:188} WARNING - [2026-04-02 13:26:46] INFO    utils.minio :   MinIO ↓ [staging-data] 2026-04-02_13-26/dim_giang_vien.parquet (45 rows)
[2026-04-02T13:26:46.641+0000] {minio_client.py:223} INFO -   MinIO ↓ [staging-data] 2026-04-02_13-26/dim_giang_vien.parquet (45 rows)
[2026-04-02T13:26:46.651+0000] {logging_mixin.py:188} WARNING - [2026-04-02 13:26:46] INFO    utils.minio :   MinIO ↓ [staging-data] 2026-04-02_13-26/dim_hoc_phan.parquet (121 rows)
[2026-04-02T13:26:46.651+0000] {minio_client.py:223} INFO -   MinIO ↓ [staging-data] 2026-04-02_13-26/dim_hoc_phan.parquet (121 rows)
[2026-04-02T13:26:46.665+0000] {logging_mixin.py:188} WARNING - [2026-04-02 13:26:46] INFO    utils.minio :   MinIO ↓ [staging-data] 2026-04-02_13-26/dim_sinh_vien.parquet (1,695 rows)
[2026-04-02T13:26:46.665+0000] {minio_client.py:223} INFO -   MinIO ↓ [staging-data] 2026-04-02_13-26/dim_sinh_vien.parquet (1,695 rows)
[2026-04-02T13:26:46.686+0000] {logging_mixin.py:188} WARNING - [2026-04-02 13:26:46] INFO    utils.minio :   MinIO ↓ [staging-data] 2026-04-02_13-26/fact_diem.parquet (54,529 rows)
[2026-04-02T13:26:46.686+0000] {minio_client.py:223} INFO -   MinIO ↓ [staging-data] 2026-04-02_13-26/fact_diem.parquet (54,529 rows)
[2026-04-02T13:26:46.698+0000] {logging_mixin.py:188} WARNING - [2026-04-02 13:26:46] INFO    utils.minio :   MinIO ↓ [staging-data] 2026-04-02_13-26/fact_ren_luyen.parquet (8,990 rows)
[2026-04-02T13:26:46.698+0000] {minio_client.py:223} INFO -   MinIO ↓ [staging-data] 2026-04-02_13-26/fact_ren_luyen.parquet (8,990 rows)
[2026-04-02T13:26:46.709+0000] {logging_mixin.py:188} WARNING - [2026-04-02 13:26:46] INFO    utils.minio :   MinIO ↓ [staging-data] 2026-04-02_13-26/fact_tai_chinh.parquet (8,990 rows)
[2026-04-02T13:26:46.709+0000] {minio_client.py:223} INFO -   MinIO ↓ [staging-data] 2026-04-02_13-26/fact_tai_chinh.parquet (8,990 rows)
[2026-04-02T13:26:46.715+0000] {logging_mixin.py:188} WARNING - [2026-04-02 13:26:46] WARNING utils.minio :   MinIO không tìm thấy: 2026-04-02_13-26/fact_tong_hop_sv.parquet
[2026-04-02T13:26:46.715+0000] {minio_client.py:229} WARNING -   MinIO không tìm thấy: 2026-04-02_13-26/fact_tong_hop_sv.parquet
[2026-04-02T13:26:46.717+0000] {logging_mixin.py:188} WARNING - [2026-04-02 13:26:46] INFO    etl.transform : Load from staging-data OK — run_id=2026-04-02_13-26
[2026-04-02T13:26:46.717+0000] {transform.py:176} INFO - Load from staging-data OK — run_id=2026-04-02_13-26
[2026-04-02T13:26:46.719+0000] {logging_mixin.py:188} WARNING - [2026-04-02 13:26:46] INFO    etl.load : ==BẮT ĐẦU LOAD VÀO DATA WAREHOUSE==
[2026-04-02T13:26:46.719+0000] {load.py:34} INFO - ==BẮT ĐẦU LOAD VÀO DATA WAREHOUSE==
[2026-04-02T13:26:46.720+0000] {logging_mixin.py:188} WARNING - [2026-04-02 13:26:46] INFO    etl.load : ======================================================================
[2026-04-02T13:26:46.720+0000] {load.py:35} INFO - ======================================================================
[2026-04-02T13:26:46.722+0000] {logging_mixin.py:188} WARNING - [2026-04-02 13:26:46] INFO    etl.load : 🔧 Tạo schema warehouse từ warehouse_models.py...
[2026-04-02T13:26:46.722+0000] {load.py:96} INFO - 🔧 Tạo schema warehouse từ warehouse_models.py...
[2026-04-02T13:26:46.740+0000] {logging_mixin.py:188} WARNING - [2026-04-02 13:26:46] INFO    etl.load :   Schema warehouse OK ✓
[2026-04-02T13:26:46.740+0000] {load.py:98} INFO -   Schema warehouse OK ✓
[2026-04-02T13:26:46.742+0000] {logging_mixin.py:188} WARNING - [2026-04-02 13:26:46] INFO    etl.load : ── Bước 1: Load Dimension Tables ──
[2026-04-02T13:26:46.742+0000] {load.py:41} INFO - ── Bước 1: Load Dimension Tables ──
[2026-04-02T13:26:46.765+0000] {logging_mixin.py:188} WARNING - [2026-04-02 13:26:46] INFO    etl.load :   dim_hoc_ky     →      9 records (new: 0)
[2026-04-02T13:26:46.765+0000] {load.py:185} INFO -   dim_hoc_ky     →      9 records (new: 0)
[2026-04-02T13:26:46.799+0000] {logging_mixin.py:188} WARNING - [2026-04-02 13:26:46] INFO    etl.load :   dim_giang_vien →     45 records (new: 0)
[2026-04-02T13:26:46.799+0000] {load.py:234} INFO -   dim_giang_vien →     45 records (new: 0)
[2026-04-02T13:26:46.901+0000] {logging_mixin.py:188} WARNING - [2026-04-02 13:26:46] INFO    etl.load :   dim_hoc_phan   →    121 records (new: 0)
[2026-04-02T13:26:46.900+0000] {load.py:282} INFO -   dim_hoc_phan   →    121 records (new: 0)
[2026-04-02T13:26:49.045+0000] {logging_mixin.py:188} WARNING - [2026-04-02 13:26:49] INFO    etl.load :   dim_sinh_vien →  1,695 records (new: 0, SCD2: 0, fact cascade: 0)
[2026-04-02T13:26:49.044+0000] {load.py:390} INFO -   dim_sinh_vien →  1,695 records (new: 0, SCD2: 0, fact cascade: 0)
[2026-04-02T13:26:49.046+0000] {logging_mixin.py:188} WARNING - [2026-04-02 13:26:49] INFO    etl.load : ── Bước 2: Build Surrogate Key Cache ──
[2026-04-02T13:26:49.046+0000] {load.py:47} INFO - ── Bước 2: Build Surrogate Key Cache ──
[2026-04-02T13:26:49.047+0000] {logging_mixin.py:188} WARNING - [2026-04-02 13:26:49] INFO    etl.load :  Building surrogate key caches...
[2026-04-02T13:26:49.047+0000] {load.py:101} INFO -  Building surrogate key caches...
[2026-04-02T13:26:49.061+0000] {logging_mixin.py:188} WARNING - [2026-04-02 13:26:49] INFO    etl.load :   SV=1695, HP=121, GV=45, HK=9
[2026-04-02T13:26:49.061+0000] {load.py:129} INFO -   SV=1695, HP=121, GV=45, HK=9
[2026-04-02T13:26:49.062+0000] {logging_mixin.py:188} WARNING - [2026-04-02 13:26:49] INFO    etl.load : ── Bước 3: Load Fact Tables ──
[2026-04-02T13:26:49.062+0000] {load.py:50} INFO - ── Bước 3: Load Fact Tables ──
[2026-04-02T13:28:03.457+0000] {logging_mixin.py:188} WARNING - [2026-04-02 13:28:03] INFO    etl.load :   fact_hoc_tap   →      0 records
[2026-04-02T13:28:03.456+0000] {load.py:522} INFO -   fact_hoc_tap   →      0 records
[2026-04-02T13:28:11.997+0000] {logging_mixin.py:188} WARNING - [2026-04-02 13:28:11] INFO    etl.load :   fact_ctsv      →      0 records
[2026-04-02T13:28:11.997+0000] {load.py:641} INFO -   fact_ctsv      →      0 records
[2026-04-02T13:28:19.645+0000] {logging_mixin.py:188} WARNING - [2026-04-02 13:28:19] INFO    etl.load :   fact_tai_chinh →      0 records
[2026-04-02T13:28:19.645+0000] {load.py:702} INFO -   fact_tai_chinh →      0 records
[2026-04-02T13:28:19.647+0000] {logging_mixin.py:188} WARNING - [2026-04-02 13:28:19] INFO    etl.load : ── Bước 4: Build Aggregation ──
[2026-04-02T13:28:19.647+0000] {load.py:55} INFO - ── Bước 4: Build Aggregation ──
[2026-04-02T13:28:19.648+0000] {logging_mixin.py:188} WARNING - [2026-04-02 13:28:19] INFO    etl.aggregation : == BẮT ĐẦU AGGREGATION ==
[2026-04-02T13:28:19.648+0000] {aggregation.py:13} INFO - == BẮT ĐẦU AGGREGATION ==
[2026-04-02T13:28:19.850+0000] {logging_mixin.py:188} WARNING - [2026-04-02 13:28:19] INFO    etl.aggregation :  agg_student_summary → 1,695 records
[2026-04-02T13:28:19.850+0000] {aggregation.py:171} INFO -  agg_student_summary → 1,695 records
[2026-04-02T13:28:19.854+0000] {logging_mixin.py:188} WARNING - [2026-04-02 13:28:19] INFO    etl.aggregation :  agg_student_summary rebuilt : 1,695
[2026-04-02T13:28:19.853+0000] {aggregation.py:18} INFO -  agg_student_summary rebuilt : 1,695
[2026-04-02T13:28:19.855+0000] {logging_mixin.py:188} WARNING - [2026-04-02 13:28:19] INFO    etl.aggregation : == AGGREGATION HOÀN TẤT ==
[2026-04-02T13:28:19.855+0000] {aggregation.py:19} INFO - == AGGREGATION HOÀN TẤT ==
[2026-04-02T13:28:19.856+0000] {logging_mixin.py:188} WARNING - [2026-04-02 13:28:19] INFO    etl.load : ======================================================================
[2026-04-02T13:28:19.856+0000] {load.py:59} INFO - ======================================================================
[2026-04-02T13:28:19.857+0000] {logging_mixin.py:188} WARNING - [2026-04-02 13:28:19] INFO    etl.load : LOAD HOÀN TẤT
[2026-04-02T13:28:19.857+0000] {load.py:60} INFO - LOAD HOÀN TẤT
[2026-04-02T13:28:19.857+0000] {logging_mixin.py:188} WARNING - [2026-04-02 13:28:19] INFO    etl.load :   dim_hoc_ky               :        9 records
[2026-04-02T13:28:19.857+0000] {load.py:63} INFO -   dim_hoc_ky               :        9 records
[2026-04-02T13:28:19.858+0000] {logging_mixin.py:188} WARNING - [2026-04-02 13:28:19] INFO    etl.load :   dim_giang_vien           :       45 records
[2026-04-02T13:28:19.858+0000] {load.py:63} INFO -   dim_giang_vien           :       45 records
[2026-04-02T13:28:19.859+0000] {logging_mixin.py:188} WARNING - [2026-04-02 13:28:19] INFO    etl.load :   dim_hoc_phan             :      121 records
[2026-04-02T13:28:19.859+0000] {load.py:63} INFO -   dim_hoc_phan             :      121 records
[2026-04-02T13:28:19.859+0000] {logging_mixin.py:188} WARNING - [2026-04-02 13:28:19] INFO    etl.load :   dim_sinh_vien            :        0 records
[2026-04-02T13:28:19.859+0000] {load.py:63} INFO -   dim_sinh_vien            :        0 records
[2026-04-02T13:28:19.860+0000] {logging_mixin.py:188} WARNING - [2026-04-02 13:28:19] INFO    etl.load :   fact_hoc_tap             :        0 records
[2026-04-02T13:28:19.860+0000] {load.py:63} INFO -   fact_hoc_tap             :        0 records
[2026-04-02T13:28:19.860+0000] {logging_mixin.py:188} WARNING - [2026-04-02 13:28:19] INFO    etl.load :   fact_ctsv                :        0 records
[2026-04-02T13:28:19.860+0000] {load.py:63} INFO -   fact_ctsv                :        0 records
[2026-04-02T13:28:19.861+0000] {logging_mixin.py:188} WARNING - [2026-04-02 13:28:19] INFO    etl.load :   fact_tai_chinh           :        0 records
[2026-04-02T13:28:19.861+0000] {load.py:63} INFO -   fact_tai_chinh           :        0 records
[2026-04-02T13:28:19.861+0000] {logging_mixin.py:188} WARNING - [2026-04-02 13:28:19] INFO    etl.load :   agg_student_summary      :    1,695 records
[2026-04-02T13:28:19.861+0000] {load.py:63} INFO -   agg_student_summary      :    1,695 records
[2026-04-02T13:28:19.863+0000] {logging_mixin.py:188} WARNING - [2026-04-02 13:28:19] INFO    etl.load :   TỔNG                     :    1,870 records
[2026-04-02T13:28:19.863+0000] {load.py:65} INFO -   TỔNG                     :    1,870 records
[2026-04-02T13:28:19.864+0000] {logging_mixin.py:188} WARNING - [2026-04-02 13:28:19] INFO    etl.load : ======================================================================
[2026-04-02T13:28:19.864+0000] {load.py:66} INFO - ======================================================================
[2026-04-02T13:28:19.878+0000] {logging_mixin.py:188} INFO - Load xong: {'dim_hoc_ky': 9, 'dim_giang_vien': 45, 'dim_hoc_phan': 121, 'dim_sinh_vien': 0, 'fact_hoc_tap': 0, 'fact_ctsv': 0, 'fact_tai_chinh': 0, 'agg_student_summary': 1695}
[2026-04-02T13:28:19.881+0000] {python.py:201} INFO - Done. Returned value was: {'dim_hoc_ky': 9, 'dim_giang_vien': 45, 'dim_hoc_phan': 121, 'dim_sinh_vien': 0, 'fact_hoc_tap': 0, 'fact_ctsv': 0, 'fact_tai_chinh': 0, 'agg_student_summary': 1695}
[2026-04-02T13:28:19.912+0000] {taskinstance.py:1138} INFO - Marking task as SUCCESS. dag_id=daily_student_pipeline, task_id=load_data, execution_date=20260402T132634, start_date=20260402T132645, end_date=20260402T132819
[2026-04-02T13:28:19.960+0000] {local_task_job_runner.py:234} INFO - Task exited with return code 0
[2026-04-02T13:28:19.990+0000] {taskinstance.py:3280} INFO - 1 downstream tasks scheduled from follow-on schedule check
