[2026-05-01T02:15:40.383+0000] {taskinstance.py:1956} INFO - Dependencies all met for dep_context=non-requeueable deps ti=<TaskInstance: daily_student_pipeline.alert_success manual__2026-05-01T02:15:15.419040+00:00 [queued]>
[2026-05-01T02:15:40.390+0000] {taskinstance.py:1956} INFO - Dependencies all met for dep_context=requeueable deps ti=<TaskInstance: daily_student_pipeline.alert_success manual__2026-05-01T02:15:15.419040+00:00 [queued]>
[2026-05-01T02:15:40.391+0000] {taskinstance.py:2170} INFO - Starting attempt 1 of 1
[2026-05-01T02:15:40.404+0000] {taskinstance.py:2191} INFO - Executing <Task(PythonOperator): alert_success> on 2026-05-01 02:15:15.419040+00:00
[2026-05-01T02:15:40.409+0000] {standard_task_runner.py:60} INFO - Started process 1659 to run task
[2026-05-01T02:15:40.412+0000] {standard_task_runner.py:87} INFO - Running: ['***', 'tasks', 'run', 'daily_student_pipeline', 'alert_success', 'manual__2026-05-01T02:15:15.419040+00:00', '--job-id', '602', '--raw', '--subdir', 'DAGS_FOLDER/daily_student_pipeline.py', '--cfg-path', '/tmp/tmp_ddg_fuz']
[2026-05-01T02:15:40.414+0000] {standard_task_runner.py:88} INFO - Job 602: Subtask alert_success
[2026-05-01T02:15:40.481+0000] {task_command.py:423} INFO - Running <TaskInstance: daily_student_pipeline.alert_success manual__2026-05-01T02:15:15.419040+00:00 [running]> on host 485f600440bc
[2026-05-01T02:15:40.565+0000] {taskinstance.py:2480} INFO - Exporting env vars: AIRFLOW_CTX_DAG_OWNER='nhom8' AIRFLOW_CTX_DAG_ID='daily_student_pipeline' AIRFLOW_CTX_TASK_ID='alert_success' AIRFLOW_CTX_EXECUTION_DATE='2026-05-01T02:15:15.419040+00:00' AIRFLOW_CTX_TRY_NUMBER='1' AIRFLOW_CTX_DAG_RUN_ID='manual__2026-05-01T02:15:15.419040+00:00'
[2026-05-01T02:15:40.600+0000] {logging_mixin.py:188} INFO - ==================================================
[2026-05-01T02:15:40.601+0000] {logging_mixin.py:188} INFO - ✅ Validation Summary | run_id: 2026-05-01_02-15
[2026-05-01T02:15:40.603+0000] {logging_mixin.py:188} INFO -    Status: PASSED
[2026-05-01T02:15:40.604+0000] {logging_mixin.py:188} INFO -    Evaluated: 40
[2026-05-01T02:15:40.604+0000] {logging_mixin.py:188} INFO -    Passed:    40
[2026-05-01T02:15:40.605+0000] {logging_mixin.py:188} INFO -    Failed:    0
[2026-05-01T02:15:40.606+0000] {logging_mixin.py:188} INFO - ==================================================
[2026-05-01T02:15:40.606+0000] {logging_mixin.py:188} INFO - 
  Records loaded:
[2026-05-01T02:15:40.606+0000] {logging_mixin.py:188} INFO -     dim_hoc_ky               :          0
[2026-05-01T02:15:40.607+0000] {logging_mixin.py:188} INFO -     dim_giang_vien           :         45
[2026-05-01T02:15:40.607+0000] {logging_mixin.py:188} INFO -     dim_hoc_phan             :        121
[2026-05-01T02:15:40.608+0000] {logging_mixin.py:188} INFO -     dim_sinh_vien            :         25
[2026-05-01T02:15:40.608+0000] {logging_mixin.py:188} INFO -     fact_hoc_tap             :          0
[2026-05-01T02:15:40.609+0000] {logging_mixin.py:188} INFO -     fact_dang_ky             :          0
[2026-05-01T02:15:40.609+0000] {logging_mixin.py:188} INFO -     fact_ctsv                :      9,665
[2026-05-01T02:15:40.610+0000] {logging_mixin.py:188} INFO -     fact_tai_chinh           :      9,665
[2026-05-01T02:15:40.610+0000] {logging_mixin.py:188} INFO -     agg_student_summary      :      1,695
[2026-05-01T02:15:40.611+0000] {logging_mixin.py:188} INFO -     TỔNG                     :     21,216
[2026-05-01T02:15:40.611+0000] {logging_mixin.py:188} INFO - ==================================================
[2026-05-01T02:15:40.615+0000] {python.py:201} INFO - Done. Returned value was: None
[2026-05-01T02:15:40.625+0000] {taskinstance.py:1138} INFO - Marking task as SUCCESS. dag_id=daily_student_pipeline, task_id=alert_success, execution_date=20260501T021515, start_date=20260501T021540, end_date=20260501T021540
[2026-05-01T02:15:40.640+0000] {local_task_job_runner.py:234} INFO - Task exited with return code 0
[2026-05-01T02:15:40.658+0000] {taskinstance.py:3280} INFO - 0 downstream tasks scheduled from follow-on schedule check
