[2026-04-06T06:25:59.517+0000] {taskinstance.py:1956} INFO - Dependencies all met for dep_context=non-requeueable deps ti=<TaskInstance: daily_student_pipeline.alert_success scheduled__2026-04-05T02:00:00+00:00 [queued]>
[2026-04-06T06:25:59.529+0000] {taskinstance.py:1956} INFO - Dependencies all met for dep_context=requeueable deps ti=<TaskInstance: daily_student_pipeline.alert_success scheduled__2026-04-05T02:00:00+00:00 [queued]>
[2026-04-06T06:25:59.530+0000] {taskinstance.py:2170} INFO - Starting attempt 1 of 1
[2026-04-06T06:25:59.547+0000] {taskinstance.py:2191} INFO - Executing <Task(PythonOperator): alert_success> on 2026-04-05 02:00:00+00:00
[2026-04-06T06:25:59.553+0000] {standard_task_runner.py:60} INFO - Started process 578 to run task
[2026-04-06T06:25:59.556+0000] {standard_task_runner.py:87} INFO - Running: ['***', 'tasks', 'run', 'daily_student_pipeline', 'alert_success', 'scheduled__2026-04-05T02:00:00+00:00', '--job-id', '261', '--raw', '--subdir', 'DAGS_FOLDER/daily_student_pipeline.py', '--cfg-path', '/tmp/tmpuvcctsfg']
[2026-04-06T06:25:59.559+0000] {standard_task_runner.py:88} INFO - Job 261: Subtask alert_success
[2026-04-06T06:25:59.511+0000] {task_command.py:423} INFO - Running <TaskInstance: daily_student_pipeline.alert_success scheduled__2026-04-05T02:00:00+00:00 [running]> on host 1c62953c8918
[2026-04-06T06:25:59.648+0000] {taskinstance.py:2480} INFO - Exporting env vars: AIRFLOW_CTX_DAG_OWNER='nhom8' AIRFLOW_CTX_DAG_ID='daily_student_pipeline' AIRFLOW_CTX_TASK_ID='alert_success' AIRFLOW_CTX_EXECUTION_DATE='2026-04-05T02:00:00+00:00' AIRFLOW_CTX_TRY_NUMBER='1' AIRFLOW_CTX_DAG_RUN_ID='scheduled__2026-04-05T02:00:00+00:00'
[2026-04-06T06:25:59.668+0000] {logging_mixin.py:188} INFO - ==================================================
[2026-04-06T06:25:59.669+0000] {logging_mixin.py:188} INFO - ✅ Validation Summary | run_id: 2026-04-06_06-22
[2026-04-06T06:25:59.670+0000] {logging_mixin.py:188} INFO -    Status: PASSED
[2026-04-06T06:25:59.672+0000] {logging_mixin.py:188} INFO -    Evaluated: 51
[2026-04-06T06:25:59.673+0000] {logging_mixin.py:188} INFO -    Passed:    51
[2026-04-06T06:25:59.673+0000] {logging_mixin.py:188} INFO -    Failed:    0
[2026-04-06T06:25:59.674+0000] {logging_mixin.py:188} INFO - ==================================================
[2026-04-06T06:25:59.675+0000] {python.py:201} INFO - Done. Returned value was: None
[2026-04-06T06:25:59.058+0000] {taskinstance.py:1138} INFO - Marking task as SUCCESS. dag_id=daily_student_pipeline, task_id=alert_success, execution_date=20260405T020000, start_date=20260406T062559, end_date=20260406T062559
[2026-04-06T06:25:59.118+0000] {local_task_job_runner.py:234} INFO - Task exited with return code 0
[2026-04-06T06:25:59.141+0000] {taskinstance.py:3280} INFO - 0 downstream tasks scheduled from follow-on schedule check
