[2026-03-29T02:34:08.462+0000] {taskinstance.py:1956} INFO - Dependencies all met for dep_context=non-requeueable deps ti=<TaskInstance: daily_student_pipeline.load_data scheduled__2026-03-28T02:00:00+00:00 [queued]>
[2026-03-29T02:34:08.486+0000] {taskinstance.py:1956} INFO - Dependencies all met for dep_context=requeueable deps ti=<TaskInstance: daily_student_pipeline.load_data scheduled__2026-03-28T02:00:00+00:00 [queued]>
[2026-03-29T02:34:08.487+0000] {taskinstance.py:2170} INFO - Starting attempt 1 of 1
[2026-03-29T02:34:08.509+0000] {taskinstance.py:2191} INFO - Executing <Task(PythonOperator): load_data> on 2026-03-28 02:00:00+00:00
[2026-03-29T02:34:08.518+0000] {standard_task_runner.py:60} INFO - Started process 428 to run task
[2026-03-29T02:34:08.521+0000] {standard_task_runner.py:87} INFO - Running: ['***', 'tasks', 'run', 'daily_student_pipeline', 'load_data', 'scheduled__2026-03-28T02:00:00+00:00', '--job-id', '59', '--raw', '--subdir', 'DAGS_FOLDER/daily_student_pipeline.py', '--cfg-path', '/tmp/tmp0cmp37ew']
[2026-03-29T02:34:08.524+0000] {standard_task_runner.py:88} INFO - Job 59: Subtask load_data
[2026-03-29T02:34:08.649+0000] {task_command.py:423} INFO - Running <TaskInstance: daily_student_pipeline.load_data scheduled__2026-03-28T02:00:00+00:00 [running]> on host 8474c56aea3d
[2026-03-29T02:34:08.811+0000] {taskinstance.py:2480} INFO - Exporting env vars: AIRFLOW_CTX_DAG_OWNER='nhom8' AIRFLOW_CTX_DAG_ID='daily_student_pipeline' AIRFLOW_CTX_TASK_ID='load_data' AIRFLOW_CTX_EXECUTION_DATE='2026-03-28T02:00:00+00:00' AIRFLOW_CTX_TRY_NUMBER='1' AIRFLOW_CTX_DAG_RUN_ID='scheduled__2026-03-28T02:00:00+00:00'
[2026-03-29T02:34:09.631+0000] {logging_mixin.py:188} WARNING - [2026-03-29 02:34:09] INFO    etl.transform :   Load TransformedData từ MinIO staging: run_id=2026-03-29_02-34
[2026-03-29T02:34:09.631+0000] {transform.py:163} INFO -   Load TransformedData từ MinIO staging: run_id=2026-03-29_02-34
[2026-03-29T02:34:09.670+0000] {logging_mixin.py:188} WARNING - [2026-03-29 02:34:09] INFO    utils.minio :   MinIO ↓ [staging-data] 2026-03-29_02-34/dim_hoc_ky.parquet (9 rows)
[2026-03-29T02:34:09.669+0000] {minio_client.py:223} INFO -   MinIO ↓ [staging-data] 2026-03-29_02-34/dim_hoc_ky.parquet (9 rows)
[2026-03-29T02:34:09.684+0000] {logging_mixin.py:188} WARNING - [2026-03-29 02:34:09] INFO    utils.minio :   MinIO ↓ [staging-data] 2026-03-29_02-34/dim_giang_vien.parquet (45 rows)
[2026-03-29T02:34:09.684+0000] {minio_client.py:223} INFO -   MinIO ↓ [staging-data] 2026-03-29_02-34/dim_giang_vien.parquet (45 rows)
[2026-03-29T02:34:09.697+0000] {logging_mixin.py:188} WARNING - [2026-03-29 02:34:09] INFO    utils.minio :   MinIO ↓ [staging-data] 2026-03-29_02-34/dim_hoc_phan.parquet (121 rows)
[2026-03-29T02:34:09.697+0000] {minio_client.py:223} INFO -   MinIO ↓ [staging-data] 2026-03-29_02-34/dim_hoc_phan.parquet (121 rows)
[2026-03-29T02:34:09.714+0000] {logging_mixin.py:188} WARNING - [2026-03-29 02:34:09] INFO    utils.minio :   MinIO ↓ [staging-data] 2026-03-29_02-34/dim_sinh_vien.parquet (1,695 rows)
[2026-03-29T02:34:09.714+0000] {minio_client.py:223} INFO -   MinIO ↓ [staging-data] 2026-03-29_02-34/dim_sinh_vien.parquet (1,695 rows)
[2026-03-29T02:34:09.735+0000] {logging_mixin.py:188} WARNING - [2026-03-29 02:34:09] INFO    utils.minio :   MinIO ↓ [staging-data] 2026-03-29_02-34/fact_diem.parquet (52,893 rows)
[2026-03-29T02:34:09.735+0000] {minio_client.py:223} INFO -   MinIO ↓ [staging-data] 2026-03-29_02-34/fact_diem.parquet (52,893 rows)
[2026-03-29T02:34:09.749+0000] {logging_mixin.py:188} WARNING - [2026-03-29 02:34:09] INFO    utils.minio :   MinIO ↓ [staging-data] 2026-03-29_02-34/fact_ren_luyen.parquet (8,737 rows)
[2026-03-29T02:34:09.749+0000] {minio_client.py:223} INFO -   MinIO ↓ [staging-data] 2026-03-29_02-34/fact_ren_luyen.parquet (8,737 rows)
[2026-03-29T02:34:09.762+0000] {logging_mixin.py:188} WARNING - [2026-03-29 02:34:09] INFO    utils.minio :   MinIO ↓ [staging-data] 2026-03-29_02-34/fact_tai_chinh.parquet (8,737 rows)
[2026-03-29T02:34:09.762+0000] {minio_client.py:223} INFO -   MinIO ↓ [staging-data] 2026-03-29_02-34/fact_tai_chinh.parquet (8,737 rows)
[2026-03-29T02:34:09.768+0000] {logging_mixin.py:188} WARNING - [2026-03-29 02:34:09] WARNING utils.minio :   MinIO không tìm thấy: 2026-03-29_02-34/fact_tong_hop_sv.parquet
[2026-03-29T02:34:09.768+0000] {minio_client.py:229} WARNING -   MinIO không tìm thấy: 2026-03-29_02-34/fact_tong_hop_sv.parquet
[2026-03-29T02:34:09.770+0000] {logging_mixin.py:188} WARNING - [2026-03-29 02:34:09] INFO    etl.transform : Load from staging-data OK — run_id=2026-03-29_02-34
[2026-03-29T02:34:09.770+0000] {transform.py:176} INFO - Load from staging-data OK — run_id=2026-03-29_02-34
[2026-03-29T02:34:09.773+0000] {logging_mixin.py:188} WARNING - [2026-03-29 02:34:09] INFO    etl.load : ==BẮT ĐẦU LOAD VÀO DATA WAREHOUSE==
[2026-03-29T02:34:09.773+0000] {load.py:34} INFO - ==BẮT ĐẦU LOAD VÀO DATA WAREHOUSE==
[2026-03-29T02:34:09.774+0000] {logging_mixin.py:188} WARNING - [2026-03-29 02:34:09] INFO    etl.load : ======================================================================
[2026-03-29T02:34:09.774+0000] {load.py:35} INFO - ======================================================================
[2026-03-29T02:34:09.775+0000] {logging_mixin.py:188} WARNING - [2026-03-29 02:34:09] INFO    etl.load : 🔧 Tạo schema warehouse từ warehouse_models.py...
[2026-03-29T02:34:09.775+0000] {load.py:96} INFO - 🔧 Tạo schema warehouse từ warehouse_models.py...
[2026-03-29T02:34:09.813+0000] {logging_mixin.py:188} WARNING - [2026-03-29 02:34:09] INFO    etl.load :   Schema warehouse OK ✓
[2026-03-29T02:34:09.813+0000] {load.py:98} INFO -   Schema warehouse OK ✓
[2026-03-29T02:34:09.814+0000] {logging_mixin.py:188} WARNING - [2026-03-29 02:34:09] INFO    etl.load : ── Bước 1: Load Dimension Tables ──
[2026-03-29T02:34:09.814+0000] {load.py:41} INFO - ── Bước 1: Load Dimension Tables ──
[2026-03-29T02:34:09.858+0000] {logging_mixin.py:188} WARNING - [2026-03-29 02:34:09] INFO    etl.load :   dim_hoc_ky     →      9 records (new: 0)
[2026-03-29T02:34:09.857+0000] {load.py:185} INFO -   dim_hoc_ky     →      9 records (new: 0)
[2026-03-29T02:34:09.911+0000] {logging_mixin.py:188} WARNING - [2026-03-29 02:34:09] INFO    etl.load :   dim_giang_vien →     45 records (new: 0)
[2026-03-29T02:34:09.911+0000] {load.py:234} INFO -   dim_giang_vien →     45 records (new: 0)
[2026-03-29T02:34:10.081+0000] {logging_mixin.py:188} WARNING - [2026-03-29 02:34:10] INFO    etl.load :   dim_hoc_phan   →    121 records (new: 0)
[2026-03-29T02:34:10.080+0000] {load.py:282} INFO -   dim_hoc_phan   →    121 records (new: 0)
[2026-03-29T02:34:13.684+0000] {logging_mixin.py:188} WARNING - [2026-03-29 02:34:13] INFO    etl.load :   dim_sinh_vien →  1,695 records (new: 0, SCD2: 1, fact cascade: 24)
[2026-03-29T02:34:13.684+0000] {load.py:390} INFO -   dim_sinh_vien →  1,695 records (new: 0, SCD2: 1, fact cascade: 24)
[2026-03-29T02:34:13.688+0000] {logging_mixin.py:188} WARNING - [2026-03-29 02:34:13] INFO    etl.load : ── Bước 2: Build Surrogate Key Cache ──
[2026-03-29T02:34:13.688+0000] {load.py:47} INFO - ── Bước 2: Build Surrogate Key Cache ──
[2026-03-29T02:34:13.693+0000] {logging_mixin.py:188} WARNING - [2026-03-29 02:34:13] INFO    etl.load :  Building surrogate key caches...
[2026-03-29T02:34:13.693+0000] {load.py:101} INFO -  Building surrogate key caches...
[2026-03-29T02:34:13.724+0000] {logging_mixin.py:188} WARNING - [2026-03-29 02:34:13] INFO    etl.load :   SV=1695, HP=121, GV=45, HK=9
[2026-03-29T02:34:13.724+0000] {load.py:129} INFO -   SV=1695, HP=121, GV=45, HK=9
[2026-03-29T02:34:13.727+0000] {logging_mixin.py:188} WARNING - [2026-03-29 02:34:13] INFO    etl.load : ── Bước 3: Load Fact Tables ──
[2026-03-29T02:34:13.727+0000] {load.py:50} INFO - ── Bước 3: Load Fact Tables ──
[2026-03-29T02:35:56.340+0000] {logging_mixin.py:188} WARNING - [2026-03-29 02:35:56] INFO    etl.load :   fact_hoc_tap   →      0 records
[2026-03-29T02:35:56.340+0000] {load.py:522} INFO -   fact_hoc_tap   →      0 records
[2026-03-29T02:36:03.212+0000] {logging_mixin.py:188} WARNING - [2026-03-29 02:36:03] INFO    etl.load :   fact_ctsv      →      0 records
[2026-03-29T02:36:03.211+0000] {load.py:641} INFO -   fact_ctsv      →      0 records
[2026-03-29T02:36:11.363+0000] {logging_mixin.py:188} WARNING - [2026-03-29 02:36:11] INFO    etl.load :   fact_tai_chinh →      0 records
[2026-03-29T02:36:11.363+0000] {load.py:702} INFO -   fact_tai_chinh →      0 records
[2026-03-29T02:36:11.365+0000] {logging_mixin.py:188} WARNING - [2026-03-29 02:36:11] INFO    etl.load : ── Bước 4: Build Aggregation ──
[2026-03-29T02:36:11.365+0000] {load.py:55} INFO - ── Bước 4: Build Aggregation ──
[2026-03-29T02:36:11.366+0000] {logging_mixin.py:188} WARNING - [2026-03-29 02:36:11] INFO    etl.aggregation : == BẮT ĐẦU AGGREGATION ==
[2026-03-29T02:36:11.366+0000] {aggregation.py:13} INFO - == BẮT ĐẦU AGGREGATION ==
[2026-03-29T02:36:11.590+0000] {logging_mixin.py:188} WARNING - [2026-03-29 02:36:11] INFO    etl.aggregation :  agg_student_summary → 1,695 records
[2026-03-29T02:36:11.590+0000] {aggregation.py:170} INFO -  agg_student_summary → 1,695 records
[2026-03-29T02:36:11.598+0000] {logging_mixin.py:188} WARNING - [2026-03-29 02:36:11] INFO    etl.aggregation :  dim_sinh_vien synced → current 'Thôi học' = 194
[2026-03-29T02:36:11.598+0000] {aggregation.py:209} INFO -  dim_sinh_vien synced → current 'Thôi học' = 194
[2026-03-29T02:36:11.599+0000] {logging_mixin.py:188} WARNING - [2026-03-29 02:36:11] INFO    etl.aggregation :  agg_student_summary rebuilt : 1,695
[2026-03-29T02:36:11.599+0000] {aggregation.py:16} INFO -  agg_student_summary rebuilt : 1,695
[2026-03-29T02:36:11.599+0000] {logging_mixin.py:188} WARNING - [2026-03-29 02:36:11] INFO    etl.aggregation :  dim_sinh_vien synced       : 194
[2026-03-29T02:36:11.599+0000] {aggregation.py:17} INFO -  dim_sinh_vien synced       : 194
[2026-03-29T02:36:11.600+0000] {logging_mixin.py:188} WARNING - [2026-03-29 02:36:11] INFO    etl.aggregation : == AGGREGATION HOÀN TẤT ==
[2026-03-29T02:36:11.600+0000] {aggregation.py:18} INFO - == AGGREGATION HOÀN TẤT ==
[2026-03-29T02:36:11.601+0000] {logging_mixin.py:188} WARNING - [2026-03-29 02:36:11] INFO    etl.load : ======================================================================
[2026-03-29T02:36:11.601+0000] {load.py:59} INFO - ======================================================================
[2026-03-29T02:36:11.602+0000] {logging_mixin.py:188} WARNING - [2026-03-29 02:36:11] INFO    etl.load : LOAD HOÀN TẤT
[2026-03-29T02:36:11.602+0000] {load.py:60} INFO - LOAD HOÀN TẤT
[2026-03-29T02:36:11.603+0000] {logging_mixin.py:188} WARNING - [2026-03-29 02:36:11] INFO    etl.load :   dim_hoc_ky               :        9 records
[2026-03-29T02:36:11.603+0000] {load.py:63} INFO -   dim_hoc_ky               :        9 records
[2026-03-29T02:36:11.603+0000] {logging_mixin.py:188} WARNING - [2026-03-29 02:36:11] INFO    etl.load :   dim_giang_vien           :       45 records
[2026-03-29T02:36:11.603+0000] {load.py:63} INFO -   dim_giang_vien           :       45 records
[2026-03-29T02:36:11.604+0000] {logging_mixin.py:188} WARNING - [2026-03-29 02:36:11] INFO    etl.load :   dim_hoc_phan             :      121 records
[2026-03-29T02:36:11.604+0000] {load.py:63} INFO -   dim_hoc_phan             :      121 records
[2026-03-29T02:36:11.604+0000] {logging_mixin.py:188} WARNING - [2026-03-29 02:36:11] INFO    etl.load :   dim_sinh_vien            :        1 records
[2026-03-29T02:36:11.604+0000] {load.py:63} INFO -   dim_sinh_vien            :        1 records
[2026-03-29T02:36:11.605+0000] {logging_mixin.py:188} WARNING - [2026-03-29 02:36:11] INFO    etl.load :   fact_hoc_tap             :        0 records
[2026-03-29T02:36:11.605+0000] {load.py:63} INFO -   fact_hoc_tap             :        0 records
[2026-03-29T02:36:11.605+0000] {logging_mixin.py:188} WARNING - [2026-03-29 02:36:11] INFO    etl.load :   fact_ctsv                :        0 records
[2026-03-29T02:36:11.605+0000] {load.py:63} INFO -   fact_ctsv                :        0 records
[2026-03-29T02:36:11.606+0000] {logging_mixin.py:188} WARNING - [2026-03-29 02:36:11] INFO    etl.load :   fact_tai_chinh           :        0 records
[2026-03-29T02:36:11.606+0000] {load.py:63} INFO -   fact_tai_chinh           :        0 records
[2026-03-29T02:36:11.606+0000] {logging_mixin.py:188} WARNING - [2026-03-29 02:36:11] INFO    etl.load :   agg_student_summary      :    1,695 records
[2026-03-29T02:36:11.606+0000] {load.py:63} INFO -   agg_student_summary      :    1,695 records
[2026-03-29T02:36:11.607+0000] {logging_mixin.py:188} WARNING - [2026-03-29 02:36:11] INFO    etl.load :   TỔNG                     :    1,871 records
[2026-03-29T02:36:11.607+0000] {load.py:65} INFO -   TỔNG                     :    1,871 records
[2026-03-29T02:36:11.607+0000] {logging_mixin.py:188} WARNING - [2026-03-29 02:36:11] INFO    etl.load : ======================================================================
[2026-03-29T02:36:11.607+0000] {load.py:66} INFO - ======================================================================
[2026-03-29T02:36:11.621+0000] {logging_mixin.py:188} INFO - Load xong: {'dim_hoc_ky': 9, 'dim_giang_vien': 45, 'dim_hoc_phan': 121, 'dim_sinh_vien': 1, 'fact_hoc_tap': 0, 'fact_ctsv': 0, 'fact_tai_chinh': 0, 'agg_student_summary': 1695}
[2026-03-29T02:36:11.626+0000] {python.py:201} INFO - Done. Returned value was: {'dim_hoc_ky': 9, 'dim_giang_vien': 45, 'dim_hoc_phan': 121, 'dim_sinh_vien': 1, 'fact_hoc_tap': 0, 'fact_ctsv': 0, 'fact_tai_chinh': 0, 'agg_student_summary': 1695}
[2026-03-29T02:36:11.648+0000] {taskinstance.py:1138} INFO - Marking task as SUCCESS. dag_id=daily_student_pipeline, task_id=load_data, execution_date=20260328T020000, start_date=20260329T023408, end_date=20260329T023611
[2026-03-29T02:36:11.708+0000] {local_task_job_runner.py:234} INFO - Task exited with return code 0
[2026-03-29T02:36:11.744+0000] {taskinstance.py:3280} INFO - 1 downstream tasks scheduled from follow-on schedule check
