[2026-04-05T15:46:55.481+0000] {taskinstance.py:1956} INFO - Dependencies all met for dep_context=non-requeueable deps ti=<TaskInstance: daily_student_pipeline.transform_data manual__2026-04-05T15:46:42.723605+00:00 [queued]>
[2026-04-05T15:46:55.489+0000] {taskinstance.py:1956} INFO - Dependencies all met for dep_context=requeueable deps ti=<TaskInstance: daily_student_pipeline.transform_data manual__2026-04-05T15:46:42.723605+00:00 [queued]>
[2026-04-05T15:46:55.490+0000] {taskinstance.py:2170} INFO - Starting attempt 1 of 1
[2026-04-05T15:46:55.501+0000] {taskinstance.py:2191} INFO - Executing <Task(PythonOperator): transform_data> on 2026-04-05 15:46:42.723605+00:00
[2026-04-05T15:46:55.506+0000] {standard_task_runner.py:60} INFO - Started process 25737 to run task
[2026-04-05T15:46:55.509+0000] {standard_task_runner.py:87} INFO - Running: ['***', 'tasks', 'run', 'daily_student_pipeline', 'transform_data', 'manual__2026-04-05T15:46:42.723605+00:00', '--job-id', '238', '--raw', '--subdir', 'DAGS_FOLDER/daily_student_pipeline.py', '--cfg-path', '/tmp/tmpim0stcn6']
[2026-04-05T15:46:55.512+0000] {standard_task_runner.py:88} INFO - Job 238: Subtask transform_data
[2026-04-05T15:46:55.586+0000] {task_command.py:423} INFO - Running <TaskInstance: daily_student_pipeline.transform_data manual__2026-04-05T15:46:42.723605+00:00 [running]> on host 1c62953c8918
[2026-04-05T15:46:55.672+0000] {taskinstance.py:2480} INFO - Exporting env vars: AIRFLOW_CTX_DAG_OWNER='nhom8' AIRFLOW_CTX_DAG_ID='daily_student_pipeline' AIRFLOW_CTX_TASK_ID='transform_data' AIRFLOW_CTX_EXECUTION_DATE='2026-04-05T15:46:42.723605+00:00' AIRFLOW_CTX_TRY_NUMBER='1' AIRFLOW_CTX_DAG_RUN_ID='manual__2026-04-05T15:46:42.723605+00:00'
[2026-04-05T15:46:56.348+0000] {logging_mixin.py:188} WARNING - [2026-04-05 15:46:56] INFO    etl.extract :   Load from MinIO staging: run_id=2026-04-05_15-46
[2026-04-05T15:46:56.347+0000] {extract.py:352} INFO -   Load from MinIO staging: run_id=2026-04-05_15-46
[2026-04-05T15:46:56.380+0000] {logging_mixin.py:188} WARNING - [2026-04-05 15:46:56] INFO    utils.minio :   MinIO ↓ [raw-data] 2026-04-05_15-46/nguon1_khoa.parquet (4 rows)
[2026-04-05T15:46:56.380+0000] {minio_client.py:223} INFO -   MinIO ↓ [raw-data] 2026-04-05_15-46/nguon1_khoa.parquet (4 rows)
[2026-04-05T15:46:56.393+0000] {logging_mixin.py:188} WARNING - [2026-04-05 15:46:56] INFO    utils.minio :   MinIO ↓ [raw-data] 2026-04-05_15-46/nguon1_nganh.parquet (3 rows)
[2026-04-05T15:46:56.393+0000] {minio_client.py:223} INFO -   MinIO ↓ [raw-data] 2026-04-05_15-46/nguon1_nganh.parquet (3 rows)
[2026-04-05T15:46:56.407+0000] {logging_mixin.py:188} WARNING - [2026-04-05 15:46:56] INFO    utils.minio :   MinIO ↓ [raw-data] 2026-04-05_15-46/nguon1_giang_vien.parquet (45 rows)
[2026-04-05T15:46:56.407+0000] {minio_client.py:223} INFO -   MinIO ↓ [raw-data] 2026-04-05_15-46/nguon1_giang_vien.parquet (45 rows)
[2026-04-05T15:46:56.419+0000] {logging_mixin.py:188} WARNING - [2026-04-05 15:46:56] INFO    utils.minio :   MinIO ↓ [raw-data] 2026-04-05_15-46/nguon1_lop_hanh_chinh.parquet (48 rows)
[2026-04-05T15:46:56.419+0000] {minio_client.py:223} INFO -   MinIO ↓ [raw-data] 2026-04-05_15-46/nguon1_lop_hanh_chinh.parquet (48 rows)
[2026-04-05T15:46:56.434+0000] {logging_mixin.py:188} WARNING - [2026-04-05 15:46:56] INFO    utils.minio :   MinIO ↓ [raw-data] 2026-04-05_15-46/nguon1_sinh_vien.parquet (1,695 rows)
[2026-04-05T15:46:56.433+0000] {minio_client.py:223} INFO -   MinIO ↓ [raw-data] 2026-04-05_15-46/nguon1_sinh_vien.parquet (1,695 rows)
[2026-04-05T15:46:56.446+0000] {logging_mixin.py:188} WARNING - [2026-04-05 15:46:56] INFO    utils.minio :   MinIO ↓ [raw-data] 2026-04-05_15-46/nguon1_hoc_phan.parquet (121 rows)
[2026-04-05T15:46:56.446+0000] {minio_client.py:223} INFO -   MinIO ↓ [raw-data] 2026-04-05_15-46/nguon1_hoc_phan.parquet (121 rows)
[2026-04-05T15:46:56.457+0000] {logging_mixin.py:188} WARNING - [2026-04-05 15:46:56] INFO    utils.minio :   MinIO ↓ [raw-data] 2026-04-05_15-46/nguon1_hoc_ky.parquet (9 rows)
[2026-04-05T15:46:56.457+0000] {minio_client.py:223} INFO -   MinIO ↓ [raw-data] 2026-04-05_15-46/nguon1_hoc_ky.parquet (9 rows)
[2026-04-05T15:46:56.489+0000] {logging_mixin.py:188} WARNING - [2026-04-05 15:46:56] INFO    utils.minio :   MinIO ↓ [raw-data] 2026-04-05_15-46/nguon1_dang_ky.parquet (58,001 rows)
[2026-04-05T15:46:56.489+0000] {minio_client.py:223} INFO -   MinIO ↓ [raw-data] 2026-04-05_15-46/nguon1_dang_ky.parquet (58,001 rows)
[2026-04-05T15:46:56.514+0000] {logging_mixin.py:188} WARNING - [2026-04-05 15:46:56] INFO    utils.minio :   MinIO ↓ [raw-data] 2026-04-05_15-46/nguon1_diem.parquet (58,001 rows)
[2026-04-05T15:46:56.514+0000] {minio_client.py:223} INFO -   MinIO ↓ [raw-data] 2026-04-05_15-46/nguon1_diem.parquet (58,001 rows)
[2026-04-05T15:46:56.525+0000] {logging_mixin.py:188} WARNING - [2026-04-05 15:46:56] INFO    utils.minio :   MinIO ↓ [raw-data] 2026-04-05_15-46/nguon1_tong_hop_ket_qua.parquet (1,695 rows)
[2026-04-05T15:46:56.525+0000] {minio_client.py:223} INFO -   MinIO ↓ [raw-data] 2026-04-05_15-46/nguon1_tong_hop_ket_qua.parquet (1,695 rows)
[2026-04-05T15:46:56.543+0000] {logging_mixin.py:188} WARNING - [2026-04-05 15:46:56] INFO    utils.minio :   MinIO ↓ [raw-data] 2026-04-05_15-46/nguon2_ctsv.parquet (9,238 rows)
[2026-04-05T15:46:56.543+0000] {minio_client.py:223} INFO -   MinIO ↓ [raw-data] 2026-04-05_15-46/nguon2_ctsv.parquet (9,238 rows)
[2026-04-05T15:46:56.559+0000] {logging_mixin.py:188} WARNING - [2026-04-05 15:46:56] INFO    utils.minio :   MinIO ↓ [raw-data] 2026-04-05_15-46/nguon3_tai_chinh.parquet (9,238 rows)
[2026-04-05T15:46:56.558+0000] {minio_client.py:223} INFO -   MinIO ↓ [raw-data] 2026-04-05_15-46/nguon3_tai_chinh.parquet (9,238 rows)
[2026-04-05T15:46:56.560+0000] {logging_mixin.py:188} WARNING - [2026-04-05 15:46:56] INFO    etl.extract :  Load from staging OK — run_id=2026-04-05_15-46
[2026-04-05T15:46:56.560+0000] {extract.py:369} INFO -  Load from staging OK — run_id=2026-04-05_15-46
[2026-04-05T15:46:56.564+0000] {logging_mixin.py:188} WARNING - [2026-04-05 15:46:56] INFO    etl.transform : ======================================================================
[2026-04-05T15:46:56.564+0000] {transform.py:259} INFO - ======================================================================
[2026-04-05T15:46:56.566+0000] {logging_mixin.py:188} WARNING - [2026-04-05 15:46:56] INFO    etl.transform : BẮT ĐẦU TRANSFORM
[2026-04-05T15:46:56.566+0000] {transform.py:260} INFO - BẮT ĐẦU TRANSFORM
[2026-04-05T15:46:56.567+0000] {logging_mixin.py:188} WARNING - [2026-04-05 15:46:56] INFO    etl.transform : ======================================================================
[2026-04-05T15:46:56.567+0000] {transform.py:261} INFO - ======================================================================
[2026-04-05T15:46:56.570+0000] {logging_mixin.py:188} WARNING - [2026-04-05 15:46:56] INFO    etl.transform : ── Bước 1: Transform Dimension Tables ──
[2026-04-05T15:46:56.570+0000] {transform.py:266} INFO - ── Bước 1: Transform Dimension Tables ──
[2026-04-05T15:46:56.577+0000] {logging_mixin.py:188} WARNING - [2026-04-05 15:46:56] INFO    etl.transform :   dim_hoc_ky                →        9 records ✓
[2026-04-05T15:46:56.577+0000] {transform.py:213} INFO -   dim_hoc_ky                →        9 records ✓
[2026-04-05T15:46:56.585+0000] {logging_mixin.py:188} WARNING - [2026-04-05 15:46:56] INFO    etl.transform : [left_join] 'dim_giang_vien ← khoa': join OK (45 records, 0 unmatched)
[2026-04-05T15:46:56.584+0000] {transform.py:168} INFO - [left_join] 'dim_giang_vien ← khoa': join OK (45 records, 0 unmatched)
[2026-04-05T15:46:56.588+0000] {logging_mixin.py:188} WARNING - [2026-04-05 15:46:56] INFO    etl.transform :   dim_giang_vien            →       45 records ✓
[2026-04-05T15:46:56.588+0000] {transform.py:213} INFO -   dim_giang_vien            →       45 records ✓
[2026-04-05T15:46:56.593+0000] {logging_mixin.py:188} WARNING - [2026-04-05 15:46:56] WARNING etl.transform : [dim_hoc_phan] 2 records có so_tin_chi không hợp lệ (ngoài [1,10] hoặc NULL)
[2026-04-05T15:46:56.593+0000] {transform.py:459} WARNING - [dim_hoc_phan] 2 records có so_tin_chi không hợp lệ (ngoài [1,10] hoặc NULL)
[2026-04-05T15:46:56.597+0000] {logging_mixin.py:188} WARNING - [2026-04-05 15:46:56] INFO    etl.transform : [left_join] 'dim_hoc_phan ← khoa': join OK (121 records, 0 unmatched)
[2026-04-05T15:46:56.597+0000] {transform.py:168} INFO - [left_join] 'dim_hoc_phan ← khoa': join OK (121 records, 0 unmatched)
[2026-04-05T15:46:56.598+0000] {logging_mixin.py:188} WARNING - [2026-04-05 15:46:56] INFO    etl.transform :   dim_hoc_phan              →      121 records ✓
[2026-04-05T15:46:56.598+0000] {transform.py:213} INFO -   dim_hoc_phan              →      121 records ✓
[2026-04-05T15:46:56.606+0000] {logging_mixin.py:188} WARNING - [2026-04-05 15:46:56] INFO    etl.transform : [left_join] 'dim_sinh_vien ← nganh': join OK (1695 records, 0 unmatched)
[2026-04-05T15:46:56.606+0000] {transform.py:168} INFO - [left_join] 'dim_sinh_vien ← nganh': join OK (1695 records, 0 unmatched)
[2026-04-05T15:46:56.610+0000] {logging_mixin.py:188} WARNING - [2026-04-05 15:46:56] INFO    etl.transform : [left_join] 'dim_sinh_vien ← khoa': join OK (1695 records, 0 unmatched)
[2026-04-05T15:46:56.610+0000] {transform.py:168} INFO - [left_join] 'dim_sinh_vien ← khoa': join OK (1695 records, 0 unmatched)
[2026-04-05T15:46:56.615+0000] {logging_mixin.py:188} WARNING - [2026-04-05 15:46:56] INFO    etl.transform : [left_join] 'dim_sinh_vien ← lop': join OK (1695 records, 0 unmatched)
[2026-04-05T15:46:56.615+0000] {transform.py:168} INFO - [left_join] 'dim_sinh_vien ← lop': join OK (1695 records, 0 unmatched)
[2026-04-05T15:46:56.622+0000] {logging_mixin.py:188} WARNING - [2026-04-05 15:46:56] INFO    etl.transform :   dim_sinh_vien             →    1,695 records ✓
[2026-04-05T15:46:56.622+0000] {transform.py:213} INFO -   dim_sinh_vien             →    1,695 records ✓
[2026-04-05T15:46:56.624+0000] {logging_mixin.py:188} WARNING - [2026-04-05 15:46:56] INFO    etl.transform : ── Bước 2: Transform Fact Tables ──
[2026-04-05T15:46:56.624+0000] {transform.py:288} INFO - ── Bước 2: Transform Fact Tables ──
[2026-04-05T15:46:56.654+0000] {logging_mixin.py:188} WARNING - [2026-04-05 15:46:56] INFO    etl.transform : [fact_diem] Tính lại diem_tong_ket cho 1160 bản ghi
[2026-04-05T15:46:56.653+0000] {transform.py:692} INFO - [fact_diem] Tính lại diem_tong_ket cho 1160 bản ghi
[2026-04-05T15:46:56.656+0000] {taskinstance.py:2698} ERROR - Task failed with exception
Traceback (most recent call last):
  File "/home/airflow/.local/lib/python3.11/site-packages/airflow/models/taskinstance.py", line 433, in _execute_task
    result = execute_callable(context=context, **execute_callable_kwargs)
             ^^^^^^^^^^^^^^^^^^^^^^^^^^^^^^^^^^^^^^^^^^^^^^^^^^^^^^^^^^^^
  File "/home/airflow/.local/lib/python3.11/site-packages/airflow/operators/python.py", line 199, in execute
    return_value = self.execute_callable()
                   ^^^^^^^^^^^^^^^^^^^^^^^
  File "/home/airflow/.local/lib/python3.11/site-packages/airflow/operators/python.py", line 216, in execute_callable
    return self.python_callable(*self.op_args, **self.op_kwargs)
           ^^^^^^^^^^^^^^^^^^^^^^^^^^^^^^^^^^^^^^^^^^^^^^^^^^^^^
  File "/opt/airflow/dags/daily_student_pipeline.py", line 129, in task_transform
    transformed = transformer.transform_all(data)
                  ^^^^^^^^^^^^^^^^^^^^^^^^^^^^^^^
  File "/opt/airflow/src/etl/transform.py", line 290, in transform_all
    result.fact_diem      = self._transform_fact_diem(
                            ^^^^^^^^^^^^^^^^^^^^^^^^^^
  File "/opt/airflow/src/etl/transform.py", line 708, in _transform_fact_diem
    self._to_letter_grade
AttributeError: 'DataTransformer' object has no attribute '_to_letter_grade'
[2026-04-05T15:46:56.686+0000] {taskinstance.py:1138} INFO - Marking task as FAILED. dag_id=daily_student_pipeline, task_id=transform_data, execution_date=20260405T154642, start_date=20260405T154655, end_date=20260405T154656
[2026-04-05T15:46:56.701+0000] {standard_task_runner.py:107} ERROR - Failed to execute job 238 for task transform_data ('DataTransformer' object has no attribute '_to_letter_grade'; 25737)
[2026-04-05T15:46:56.751+0000] {local_task_job_runner.py:234} INFO - Task exited with return code 1
[2026-04-05T15:46:56.777+0000] {taskinstance.py:3280} INFO - 0 downstream tasks scheduled from follow-on schedule check
