[2026-05-02T04:14:15.330+0000] {taskinstance.py:1956} INFO - Dependencies all met for dep_context=non-requeueable deps ti=<TaskInstance: daily_student_pipeline.extract_group.extract_postgres manual__2026-05-02T04:14:09.109508+00:00 [queued]>
[2026-05-02T04:14:15.338+0000] {taskinstance.py:1956} INFO - Dependencies all met for dep_context=requeueable deps ti=<TaskInstance: daily_student_pipeline.extract_group.extract_postgres manual__2026-05-02T04:14:09.109508+00:00 [queued]>
[2026-05-02T04:14:15.339+0000] {taskinstance.py:2170} INFO - Starting attempt 1 of 1
[2026-05-02T04:14:15.353+0000] {taskinstance.py:2191} INFO - Executing <Task(PythonOperator): extract_group.extract_postgres> on 2026-05-02 04:14:09.109508+00:00
[2026-05-02T04:14:15.359+0000] {standard_task_runner.py:60} INFO - Started process 17046 to run task
[2026-05-02T04:14:15.362+0000] {standard_task_runner.py:87} INFO - Running: ['***', 'tasks', 'run', 'daily_student_pipeline', 'extract_group.extract_postgres', 'manual__2026-05-02T04:14:09.109508+00:00', '--job-id', '614', '--raw', '--subdir', 'DAGS_FOLDER/daily_student_pipeline.py', '--cfg-path', '/tmp/tmphhdl0daz']
[2026-05-02T04:14:15.366+0000] {standard_task_runner.py:88} INFO - Job 614: Subtask extract_group.extract_postgres
[2026-05-02T04:14:15.489+0000] {task_command.py:423} INFO - Running <TaskInstance: daily_student_pipeline.extract_group.extract_postgres manual__2026-05-02T04:14:09.109508+00:00 [running]> on host 485f600440bc
[2026-05-02T04:14:16.084+0000] {taskinstance.py:2480} INFO - Exporting env vars: AIRFLOW_CTX_DAG_OWNER='nhom8' AIRFLOW_CTX_DAG_ID='daily_student_pipeline' AIRFLOW_CTX_TASK_ID='extract_group.extract_postgres' AIRFLOW_CTX_EXECUTION_DATE='2026-05-02T04:14:09.109508+00:00' AIRFLOW_CTX_TRY_NUMBER='1' AIRFLOW_CTX_DAG_RUN_ID='manual__2026-05-02T04:14:09.109508+00:00'
[2026-05-02T04:14:18.921+0000] {extract.py:83} INFO - ════════════════════════════════════════════════════════════
[2026-05-02T04:14:18.923+0000] {extract.py:84} INFO - NGUỒN 1 — PostgreSQL (Phòng Đào tạo) | Full Extract
[2026-05-02T04:14:18.924+0000] {extract.py:85} INFO - ════════════════════════════════════════════════════════════
[2026-05-02T04:14:18.983+0000] {extract.py:67} INFO -   PostgreSQL | khoa                      →      4 records
[2026-05-02T04:14:19.063+0000] {extract.py:67} INFO -   PostgreSQL | nganh                     →      3 records
[2026-05-02T04:14:19.111+0000] {extract.py:67} INFO -   PostgreSQL | giang_vien                →     45 records
[2026-05-02T04:14:19.158+0000] {extract.py:67} INFO -   PostgreSQL | lop_hanh_chinh            →     48 records
[2026-05-02T04:14:19.254+0000] {extract.py:67} INFO -   PostgreSQL | sinh_vien                 →  1,695 records
[2026-05-02T04:14:19.288+0000] {extract.py:67} INFO -   PostgreSQL | hoc_phan                  →    121 records
[2026-05-02T04:14:19.304+0000] {extract.py:67} INFO -   PostgreSQL | hoc_ky_nam_hoc            →     13 records
[2026-05-02T04:14:20.325+0000] {extract.py:67} INFO -   PostgreSQL | dang_ky_hoc_phan          → 55,971 records
[2026-05-02T04:14:20.953+0000] {extract.py:67} INFO -   PostgreSQL | diem_hoc_phan             → 55,535 records
[2026-05-02T04:14:21.028+0000] {extract.py:67} INFO -   PostgreSQL | tong_hop_ket_qua          →  1,695 records
[2026-05-02T04:14:21.028+0000] {extract.py:92} INFO -   PostgreSQL | TỔNG: 115,130 records từ 10 bảng
[2026-05-02T04:14:21.245+0000] {minio_client.py:142} INFO -   MinIO ↑ [raw-data] 2026-05-02_04-14/nguon1_khoa.parquet (2.6 KB | 4 rows)
[2026-05-02T04:14:21.257+0000] {minio_client.py:142} INFO -   MinIO ↑ [raw-data] 2026-05-02_04-14/nguon1_nganh.parquet (3.2 KB | 3 rows)
[2026-05-02T04:14:21.273+0000] {minio_client.py:142} INFO -   MinIO ↑ [raw-data] 2026-05-02_04-14/nguon1_giang_vien.parquet (8.3 KB | 45 rows)
[2026-05-02T04:14:21.291+0000] {minio_client.py:142} INFO -   MinIO ↑ [raw-data] 2026-05-02_04-14/nguon1_lop_hanh_chinh.parquet (4.8 KB | 48 rows)
[2026-05-02T04:14:21.367+0000] {minio_client.py:142} INFO -   MinIO ↑ [raw-data] 2026-05-02_04-14/nguon1_sinh_vien.parquet (47.5 KB | 1,695 rows)
[2026-05-02T04:14:21.382+0000] {minio_client.py:142} INFO -   MinIO ↑ [raw-data] 2026-05-02_04-14/nguon1_hoc_phan.parquet (10.3 KB | 121 rows)
[2026-05-02T04:14:21.403+0000] {minio_client.py:142} INFO -   MinIO ↑ [raw-data] 2026-05-02_04-14/nguon1_hoc_ky_nam_hoc.parquet (4.2 KB | 13 rows)
[2026-05-02T04:14:21.497+0000] {minio_client.py:142} INFO -   MinIO ↑ [raw-data] 2026-05-02_04-14/nguon1_dang_ky_hoc_phan.parquet (480.5 KB | 55,971 rows)
[2026-05-02T04:14:21.578+0000] {minio_client.py:142} INFO -   MinIO ↑ [raw-data] 2026-05-02_04-14/nguon1_diem_hoc_phan.parquet (1156.2 KB | 55,535 rows)
[2026-05-02T04:14:21.596+0000] {minio_client.py:142} INFO -   MinIO ↑ [raw-data] 2026-05-02_04-14/nguon1_tong_hop_ket_qua.parquet (22.1 KB | 1,695 rows)
[2026-05-02T04:14:21.602+0000] {logging_mixin.py:188} INFO - [Extract PG] 115,130 records | run_id=2026-05-02_04-14
[2026-05-02T04:14:21.614+0000] {python.py:201} INFO - Done. Returned value was: 115130
[2026-05-02T04:14:21.640+0000] {taskinstance.py:1138} INFO - Marking task as SUCCESS. dag_id=daily_student_pipeline, task_id=extract_group.extract_postgres, execution_date=20260502T041409, start_date=20260502T041415, end_date=20260502T041421
[2026-05-02T04:14:21.669+0000] {local_task_job_runner.py:234} INFO - Task exited with return code 0
[2026-05-02T04:14:21.694+0000] {taskinstance.py:3280} INFO - 1 downstream tasks scheduled from follow-on schedule check
