[2026-04-20T10:54:41.477+0000] {taskinstance.py:1956} INFO - Dependencies all met for dep_context=non-requeueable deps ti=<TaskInstance: daily_student_pipeline.transform_data manual__2026-04-20T10:54:29.788954+00:00 [queued]>
[2026-04-20T10:54:41.484+0000] {taskinstance.py:1956} INFO - Dependencies all met for dep_context=requeueable deps ti=<TaskInstance: daily_student_pipeline.transform_data manual__2026-04-20T10:54:29.788954+00:00 [queued]>
[2026-04-20T10:54:41.485+0000] {taskinstance.py:2170} INFO - Starting attempt 1 of 1
[2026-04-20T10:54:41.495+0000] {taskinstance.py:2191} INFO - Executing <Task(PythonOperator): transform_data> on 2026-04-20 10:54:29.788954+00:00
[2026-04-20T10:54:41.499+0000] {standard_task_runner.py:60} INFO - Started process 5030 to run task
[2026-04-20T10:54:41.502+0000] {standard_task_runner.py:87} INFO - Running: ['***', 'tasks', 'run', 'daily_student_pipeline', 'transform_data', 'manual__2026-04-20T10:54:29.788954+00:00', '--job-id', '422', '--raw', '--subdir', 'DAGS_FOLDER/daily_student_pipeline.py', '--cfg-path', '/tmp/tmprxrzelhr']
[2026-04-20T10:54:41.504+0000] {standard_task_runner.py:88} INFO - Job 422: Subtask transform_data
[2026-04-20T10:54:41.570+0000] {task_command.py:423} INFO - Running <TaskInstance: daily_student_pipeline.transform_data manual__2026-04-20T10:54:29.788954+00:00 [running]> on host 759b8b5e27b5
[2026-04-20T10:54:41.651+0000] {taskinstance.py:2480} INFO - Exporting env vars: AIRFLOW_CTX_DAG_OWNER='nhom8' AIRFLOW_CTX_DAG_ID='daily_student_pipeline' AIRFLOW_CTX_TASK_ID='transform_data' AIRFLOW_CTX_EXECUTION_DATE='2026-04-20T10:54:29.788954+00:00' AIRFLOW_CTX_TRY_NUMBER='1' AIRFLOW_CTX_DAG_RUN_ID='manual__2026-04-20T10:54:29.788954+00:00'
[2026-04-20T10:54:42.227+0000] {logging_mixin.py:188} WARNING - [2026-04-20 10:54:42] INFO    etl.extract :   Load from MinIO staging: run_id=2026-04-20_10-54
[2026-04-20T10:54:42.227+0000] {extract.py:421} INFO -   Load from MinIO staging: run_id=2026-04-20_10-54
[2026-04-20T10:54:42.251+0000] {logging_mixin.py:188} WARNING - [2026-04-20 10:54:42] INFO    utils.minio :   MinIO ↓ [raw-data] 2026-04-20_10-54/nguon1_khoa.parquet (4 rows)
[2026-04-20T10:54:42.251+0000] {minio_client.py:223} INFO -   MinIO ↓ [raw-data] 2026-04-20_10-54/nguon1_khoa.parquet (4 rows)
[2026-04-20T10:54:42.260+0000] {logging_mixin.py:188} WARNING - [2026-04-20 10:54:42] INFO    utils.minio :   MinIO ↓ [raw-data] 2026-04-20_10-54/nguon1_nganh.parquet (3 rows)
[2026-04-20T10:54:42.260+0000] {minio_client.py:223} INFO -   MinIO ↓ [raw-data] 2026-04-20_10-54/nguon1_nganh.parquet (3 rows)
[2026-04-20T10:54:42.269+0000] {logging_mixin.py:188} WARNING - [2026-04-20 10:54:42] INFO    utils.minio :   MinIO ↓ [raw-data] 2026-04-20_10-54/nguon1_giang_vien.parquet (45 rows)
[2026-04-20T10:54:42.269+0000] {minio_client.py:223} INFO -   MinIO ↓ [raw-data] 2026-04-20_10-54/nguon1_giang_vien.parquet (45 rows)
[2026-04-20T10:54:42.278+0000] {logging_mixin.py:188} WARNING - [2026-04-20 10:54:42] INFO    utils.minio :   MinIO ↓ [raw-data] 2026-04-20_10-54/nguon1_lop_hanh_chinh.parquet (48 rows)
[2026-04-20T10:54:42.278+0000] {minio_client.py:223} INFO -   MinIO ↓ [raw-data] 2026-04-20_10-54/nguon1_lop_hanh_chinh.parquet (48 rows)
[2026-04-20T10:54:42.290+0000] {logging_mixin.py:188} WARNING - [2026-04-20 10:54:42] INFO    utils.minio :   MinIO ↓ [raw-data] 2026-04-20_10-54/nguon1_sinh_vien.parquet (1,695 rows)
[2026-04-20T10:54:42.290+0000] {minio_client.py:223} INFO -   MinIO ↓ [raw-data] 2026-04-20_10-54/nguon1_sinh_vien.parquet (1,695 rows)
[2026-04-20T10:54:42.299+0000] {logging_mixin.py:188} WARNING - [2026-04-20 10:54:42] INFO    utils.minio :   MinIO ↓ [raw-data] 2026-04-20_10-54/nguon1_hoc_phan.parquet (121 rows)
[2026-04-20T10:54:42.299+0000] {minio_client.py:223} INFO -   MinIO ↓ [raw-data] 2026-04-20_10-54/nguon1_hoc_phan.parquet (121 rows)
[2026-04-20T10:54:42.308+0000] {logging_mixin.py:188} WARNING - [2026-04-20 10:54:42] INFO    utils.minio :   MinIO ↓ [raw-data] 2026-04-20_10-54/nguon1_hoc_ky.parquet (13 rows)
[2026-04-20T10:54:42.308+0000] {minio_client.py:223} INFO -   MinIO ↓ [raw-data] 2026-04-20_10-54/nguon1_hoc_ky.parquet (13 rows)
[2026-04-20T10:54:42.324+0000] {logging_mixin.py:188} WARNING - [2026-04-20 10:54:42] INFO    utils.minio :   MinIO ↓ [raw-data] 2026-04-20_10-54/nguon1_dang_ky.parquet (55,125 rows)
[2026-04-20T10:54:42.324+0000] {minio_client.py:223} INFO -   MinIO ↓ [raw-data] 2026-04-20_10-54/nguon1_dang_ky.parquet (55,125 rows)
[2026-04-20T10:54:42.341+0000] {logging_mixin.py:188} WARNING - [2026-04-20 10:54:42] INFO    utils.minio :   MinIO ↓ [raw-data] 2026-04-20_10-54/nguon1_diem.parquet (54,640 rows)
[2026-04-20T10:54:42.341+0000] {minio_client.py:223} INFO -   MinIO ↓ [raw-data] 2026-04-20_10-54/nguon1_diem.parquet (54,640 rows)
[2026-04-20T10:54:42.351+0000] {logging_mixin.py:188} WARNING - [2026-04-20 10:54:42] INFO    utils.minio :   MinIO ↓ [raw-data] 2026-04-20_10-54/nguon1_tong_hop_ket_qua.parquet (1,695 rows)
[2026-04-20T10:54:42.351+0000] {minio_client.py:223} INFO -   MinIO ↓ [raw-data] 2026-04-20_10-54/nguon1_tong_hop_ket_qua.parquet (1,695 rows)
[2026-04-20T10:54:42.368+0000] {logging_mixin.py:188} WARNING - [2026-04-20 10:54:42] INFO    utils.minio :   MinIO ↓ [raw-data] 2026-04-20_10-54/nguon2_ctsv.parquet (9,475 rows)
[2026-04-20T10:54:42.368+0000] {minio_client.py:223} INFO -   MinIO ↓ [raw-data] 2026-04-20_10-54/nguon2_ctsv.parquet (9,475 rows)
[2026-04-20T10:54:42.379+0000] {logging_mixin.py:188} WARNING - [2026-04-20 10:54:42] INFO    utils.minio :   MinIO ↓ [raw-data] 2026-04-20_10-54/nguon3_tai_chinh.parquet (9,146 rows)
[2026-04-20T10:54:42.379+0000] {minio_client.py:223} INFO -   MinIO ↓ [raw-data] 2026-04-20_10-54/nguon3_tai_chinh.parquet (9,146 rows)
[2026-04-20T10:54:42.381+0000] {logging_mixin.py:188} WARNING - [2026-04-20 10:54:42] INFO    etl.extract :  Load from staging OK — run_id=2026-04-20_10-54
[2026-04-20T10:54:42.381+0000] {extract.py:438} INFO -  Load from staging OK — run_id=2026-04-20_10-54
[2026-04-20T10:54:42.382+0000] {logging_mixin.py:188} WARNING - [2026-04-20 10:54:42] INFO    etl.transform : ==BẮT ĐẦU TRANSFORM==
[2026-04-20T10:54:42.382+0000] {transform.py:75} INFO - ==BẮT ĐẦU TRANSFORM==
[2026-04-20T10:54:42.383+0000] {logging_mixin.py:188} WARNING - [2026-04-20 10:54:42] INFO    etl.transform : ======================================================================
[2026-04-20T10:54:42.383+0000] {transform.py:76} INFO - ======================================================================
[2026-04-20T10:54:42.386+0000] {logging_mixin.py:188} WARNING - [2026-04-20 10:54:42] INFO    etl.transform : ── Bước 1: Transform Dimension Tables ──
[2026-04-20T10:54:42.386+0000] {transform.py:80} INFO - ── Bước 1: Transform Dimension Tables ──
[2026-04-20T10:54:42.389+0000] {logging_mixin.py:188} WARNING - [2026-04-20 10:54:42] INFO    etl.transform :   dim_thoi_gian               →     13 records
[2026-04-20T10:54:42.389+0000] {transform.py:190} INFO -   dim_thoi_gian               →     13 records
[2026-04-20T10:54:42.393+0000] {logging_mixin.py:188} WARNING - [2026-04-20 10:54:42] INFO    etl.transform :   dim_giang_vien              →     45 records
[2026-04-20T10:54:42.393+0000] {transform.py:213} INFO -   dim_giang_vien              →     45 records
[2026-04-20T10:54:42.397+0000] {logging_mixin.py:188} WARNING - [2026-04-20 10:54:42] INFO    etl.transform :   dim_hoc_phan                →    121 records
[2026-04-20T10:54:42.397+0000] {transform.py:240} INFO -   dim_hoc_phan                →    121 records
[2026-04-20T10:54:42.409+0000] {logging_mixin.py:188} WARNING - [2026-04-20 10:54:42] INFO    etl.transform :   dim_sinh_vien               →  1,695 records
[2026-04-20T10:54:42.408+0000] {transform.py:306} INFO -   dim_sinh_vien               →  1,695 records
[2026-04-20T10:54:42.410+0000] {logging_mixin.py:188} WARNING - [2026-04-20 10:54:42] INFO    etl.transform : ── Bước 2: Transform Fact Tables ──
[2026-04-20T10:54:42.410+0000] {transform.py:96} INFO - ── Bước 2: Transform Fact Tables ──
[2026-04-20T10:54:42.465+0000] {logging_mixin.py:188} WARNING - [2026-04-20 10:54:42] INFO    etl.transform :   fact_diem                   → 54,640 records
[2026-04-20T10:54:42.465+0000] {transform.py:376} INFO -   fact_diem                   → 54,640 records
[2026-04-20T10:54:42.499+0000] {logging_mixin.py:188} WARNING - [2026-04-20 10:54:42] INFO    etl.transform :   fact_dang_ky               → 55,125 records
[2026-04-20T10:54:42.499+0000] {transform.py:413} INFO -   fact_dang_ky               → 55,125 records
[2026-04-20T10:54:42.512+0000] {logging_mixin.py:188} WARNING - [2026-04-20 10:54:42] INFO    etl.transform :   fact_ren_luyen              →  9,475 records
[2026-04-20T10:54:42.512+0000] {transform.py:445} INFO -   fact_ren_luyen              →  9,475 records
[2026-04-20T10:54:42.521+0000] {logging_mixin.py:188} WARNING - /opt/***/src/etl/transform.py:467 UserWarning: The argument 'infer_datetime_format' is deprecated and will be removed in a future version. A strict version of it is now the default, see https://pandas.pydata.org/pdeps/0004-consistent-to-datetime-parsing.html. You can safely remove this argument.
[2026-04-20T10:54:42.526+0000] {logging_mixin.py:188} WARNING - [2026-04-20 10:54:42] INFO    etl.transform :   fact_tai_chinh              →  9,146 records
[2026-04-20T10:54:42.526+0000] {transform.py:485} INFO -   fact_tai_chinh              →  9,146 records
[2026-04-20T10:54:42.528+0000] {logging_mixin.py:188} WARNING - [2026-04-20 10:54:42] INFO    etl.transform : ======================================================================
[2026-04-20T10:54:42.528+0000] {transform.py:108} INFO - ======================================================================
[2026-04-20T10:54:42.529+0000] {logging_mixin.py:188} WARNING - [2026-04-20 10:54:42] INFO    etl.transform : TRANSFORM HOÀN TẤT
[2026-04-20T10:54:42.529+0000] {transform.py:109} INFO - TRANSFORM HOÀN TẤT
[2026-04-20T10:54:42.530+0000] {logging_mixin.py:188} WARNING - [2026-04-20 10:54:42] INFO    etl.transform :    dim_giang_vien           :       45 records
[2026-04-20T10:54:42.530+0000] {transform.py:111} INFO -    dim_giang_vien           :       45 records
[2026-04-20T10:54:42.531+0000] {logging_mixin.py:188} WARNING - [2026-04-20 10:54:42] INFO    etl.transform :    dim_sinh_vien            :    1,695 records
[2026-04-20T10:54:42.531+0000] {transform.py:111} INFO -    dim_sinh_vien            :    1,695 records
[2026-04-20T10:54:42.532+0000] {logging_mixin.py:188} WARNING - [2026-04-20 10:54:42] INFO    etl.transform :    dim_hoc_phan             :      121 records
[2026-04-20T10:54:42.532+0000] {transform.py:111} INFO -    dim_hoc_phan             :      121 records
[2026-04-20T10:54:42.532+0000] {logging_mixin.py:188} WARNING - [2026-04-20 10:54:42] INFO    etl.transform :    dim_thoi_gian            :       13 records
[2026-04-20T10:54:42.532+0000] {transform.py:111} INFO -    dim_thoi_gian            :       13 records
[2026-04-20T10:54:42.533+0000] {logging_mixin.py:188} WARNING - [2026-04-20 10:54:42] INFO    etl.transform :    fact_diem                :   54,640 records
[2026-04-20T10:54:42.533+0000] {transform.py:111} INFO -    fact_diem                :   54,640 records
[2026-04-20T10:54:42.533+0000] {logging_mixin.py:188} WARNING - [2026-04-20 10:54:42] INFO    etl.transform :    fact_dang_ky             :   55,125 records
[2026-04-20T10:54:42.533+0000] {transform.py:111} INFO -    fact_dang_ky             :   55,125 records
[2026-04-20T10:54:42.534+0000] {logging_mixin.py:188} WARNING - [2026-04-20 10:54:42] INFO    etl.transform :    fact_ren_luyen           :    9,475 records
[2026-04-20T10:54:42.534+0000] {transform.py:111} INFO -    fact_ren_luyen           :    9,475 records
[2026-04-20T10:54:42.534+0000] {logging_mixin.py:188} WARNING - [2026-04-20 10:54:42] INFO    etl.transform :    fact_tai_chinh           :    9,146 records
[2026-04-20T10:54:42.534+0000] {transform.py:111} INFO -    fact_tai_chinh           :    9,146 records
[2026-04-20T10:54:42.535+0000] {logging_mixin.py:188} WARNING - [2026-04-20 10:54:42] INFO    etl.transform : ======================================================================
[2026-04-20T10:54:42.535+0000] {transform.py:112} INFO - ======================================================================
[2026-04-20T10:54:42.555+0000] {logging_mixin.py:188} WARNING - [2026-04-20 10:54:42] INFO    utils.minio :   MinIO ↑ [staging-data] 2026-04-20_10-54/dim_hoc_ky.parquet (5.4 KB | 13 rows)
[2026-04-20T10:54:42.554+0000] {minio_client.py:142} INFO -   MinIO ↑ [staging-data] 2026-04-20_10-54/dim_hoc_ky.parquet (5.4 KB | 13 rows)
[2026-04-20T10:54:42.563+0000] {logging_mixin.py:188} WARNING - [2026-04-20 10:54:42] INFO    utils.minio :   MinIO ↑ [staging-data] 2026-04-20_10-54/dim_giang_vien.parquet (8.9 KB | 45 rows)
[2026-04-20T10:54:42.563+0000] {minio_client.py:142} INFO -   MinIO ↑ [staging-data] 2026-04-20_10-54/dim_giang_vien.parquet (8.9 KB | 45 rows)
[2026-04-20T10:54:42.572+0000] {logging_mixin.py:188} WARNING - [2026-04-20 10:54:42] INFO    utils.minio :   MinIO ↑ [staging-data] 2026-04-20_10-54/dim_hoc_phan.parquet (11.0 KB | 121 rows)
[2026-04-20T10:54:42.572+0000] {minio_client.py:142} INFO -   MinIO ↑ [staging-data] 2026-04-20_10-54/dim_hoc_phan.parquet (11.0 KB | 121 rows)
[2026-04-20T10:54:42.585+0000] {logging_mixin.py:188} WARNING - [2026-04-20 10:54:42] INFO    utils.minio :   MinIO ↑ [staging-data] 2026-04-20_10-54/dim_sinh_vien.parquet (71.7 KB | 1,695 rows)
[2026-04-20T10:54:42.585+0000] {minio_client.py:142} INFO -   MinIO ↑ [staging-data] 2026-04-20_10-54/dim_sinh_vien.parquet (71.7 KB | 1,695 rows)
[2026-04-20T10:54:42.637+0000] {logging_mixin.py:188} WARNING - [2026-04-20 10:54:42] INFO    utils.minio :   MinIO ↑ [staging-data] 2026-04-20_10-54/fact_diem.parquet (816.7 KB | 54,640 rows)
[2026-04-20T10:54:42.637+0000] {minio_client.py:142} INFO -   MinIO ↑ [staging-data] 2026-04-20_10-54/fact_diem.parquet (816.7 KB | 54,640 rows)
[2026-04-20T10:54:42.673+0000] {logging_mixin.py:188} WARNING - [2026-04-20 10:54:42] INFO    utils.minio :   MinIO ↑ [staging-data] 2026-04-20_10-54/fact_dang_ky.parquet (462.4 KB | 55,125 rows)
[2026-04-20T10:54:42.672+0000] {minio_client.py:142} INFO -   MinIO ↑ [staging-data] 2026-04-20_10-54/fact_dang_ky.parquet (462.4 KB | 55,125 rows)
[2026-04-20T10:54:42.692+0000] {logging_mixin.py:188} WARNING - [2026-04-20 10:54:42] INFO    utils.minio :   MinIO ↑ [staging-data] 2026-04-20_10-54/fact_ren_luyen.parquet (41.2 KB | 9,475 rows)
[2026-04-20T10:54:42.692+0000] {minio_client.py:142} INFO -   MinIO ↑ [staging-data] 2026-04-20_10-54/fact_ren_luyen.parquet (41.2 KB | 9,475 rows)
[2026-04-20T10:54:42.708+0000] {logging_mixin.py:188} WARNING - [2026-04-20 10:54:42] INFO    utils.minio :   MinIO ↑ [staging-data] 2026-04-20_10-54/fact_tai_chinh.parquet (85.1 KB | 9,146 rows)
[2026-04-20T10:54:42.708+0000] {minio_client.py:142} INFO -   MinIO ↑ [staging-data] 2026-04-20_10-54/fact_tai_chinh.parquet (85.1 KB | 9,146 rows)
[2026-04-20T10:54:42.709+0000] {logging_mixin.py:188} WARNING - [2026-04-20 10:54:42] INFO    etl.transform :   MinIO staging-data: 8/8 files OK → run_id=2026-04-20_10-54
[2026-04-20T10:54:42.709+0000] {transform.py:141} INFO -   MinIO staging-data: 8/8 files OK → run_id=2026-04-20_10-54
[2026-04-20T10:54:42.737+0000] {logging_mixin.py:188} INFO - Transform xong: {'dim_giang_vien': 45, 'dim_sinh_vien': 1695, 'dim_hoc_phan': 121, 'dim_thoi_gian': 13, 'fact_diem': 54640, 'fact_dang_ky': 55125, 'fact_ren_luyen': 9475, 'fact_tai_chinh': 9146}
[2026-04-20T10:54:42.743+0000] {python.py:201} INFO - Done. Returned value was: {'dim_giang_vien': 45, 'dim_sinh_vien': 1695, 'dim_hoc_phan': 121, 'dim_thoi_gian': 13, 'fact_diem': 54640, 'fact_dang_ky': 55125, 'fact_ren_luyen': 9475, 'fact_tai_chinh': 9146}
[2026-04-20T10:54:42.765+0000] {taskinstance.py:1138} INFO - Marking task as SUCCESS. dag_id=daily_student_pipeline, task_id=transform_data, execution_date=20260420T105429, start_date=20260420T105441, end_date=20260420T105442
[2026-04-20T10:54:42.797+0000] {local_task_job_runner.py:234} INFO - Task exited with return code 0
[2026-04-20T10:54:42.822+0000] {taskinstance.py:3280} INFO - 1 downstream tasks scheduled from follow-on schedule check
