[2026-03-28T03:19:39.812+0000] {taskinstance.py:1956} INFO - Dependencies all met for dep_context=non-requeueable deps ti=<TaskInstance: daily_student_pipeline.extract_data manual__2026-03-28T03:19:36.640535+00:00 [queued]>
[2026-03-28T03:19:39.822+0000] {taskinstance.py:1956} INFO - Dependencies all met for dep_context=requeueable deps ti=<TaskInstance: daily_student_pipeline.extract_data manual__2026-03-28T03:19:36.640535+00:00 [queued]>
[2026-03-28T03:19:39.823+0000] {taskinstance.py:2170} INFO - Starting attempt 1 of 1
[2026-03-28T03:19:39.840+0000] {taskinstance.py:2191} INFO - Executing <Task(PythonOperator): extract_data> on 2026-03-28 03:19:36.640535+00:00
[2026-03-28T03:19:39.845+0000] {standard_task_runner.py:60} INFO - Started process 1176 to run task
[2026-03-28T03:19:39.847+0000] {standard_task_runner.py:87} INFO - Running: ['***', 'tasks', 'run', 'daily_student_pipeline', 'extract_data', 'manual__2026-03-28T03:19:36.640535+00:00', '--job-id', '33', '--raw', '--subdir', 'DAGS_FOLDER/daily_student_pipeline.py', '--cfg-path', '/tmp/tmphe8pjmly']
[2026-03-28T03:19:39.849+0000] {standard_task_runner.py:88} INFO - Job 33: Subtask extract_data
[2026-03-28T03:19:39.932+0000] {task_command.py:423} INFO - Running <TaskInstance: daily_student_pipeline.extract_data manual__2026-03-28T03:19:36.640535+00:00 [running]> on host 8474c56aea3d
[2026-03-28T03:19:40.071+0000] {taskinstance.py:2480} INFO - Exporting env vars: AIRFLOW_CTX_DAG_OWNER='nhom8' AIRFLOW_CTX_DAG_ID='daily_student_pipeline' AIRFLOW_CTX_TASK_ID='extract_data' AIRFLOW_CTX_EXECUTION_DATE='2026-03-28T03:19:36.640535+00:00' AIRFLOW_CTX_TRY_NUMBER='1' AIRFLOW_CTX_DAG_RUN_ID='manual__2026-03-28T03:19:36.640535+00:00'
[2026-03-28T03:19:42.409+0000] {logging_mixin.py:188} WARNING - [2026-03-28 03:19:42] INFO    etl.extract : 🚀 BẮT ĐẦU FULL EXTRACT
[2026-03-28T03:19:42.408+0000] {extract.py:356} INFO - 🚀 BẮT ĐẦU FULL EXTRACT
[2026-03-28T03:19:42.412+0000] {logging_mixin.py:188} WARNING - [2026-03-28 03:19:42] INFO    etl.extract : ======================================================================
[2026-03-28T03:19:42.412+0000] {extract.py:357} INFO - ======================================================================
[2026-03-28T03:19:42.425+0000] {logging_mixin.py:188} WARNING - [2026-03-28 03:19:42] INFO    etl.extract : ════════════════════════════════════════════════════════════
[2026-03-28T03:19:42.425+0000] {extract.py:120} INFO - ════════════════════════════════════════════════════════════
[2026-03-28T03:19:42.427+0000] {logging_mixin.py:188} WARNING - [2026-03-28 03:19:42] INFO    etl.extract : NGUỒN 1 — PostgreSQL (Phòng Đào tạo) | Full Extract
[2026-03-28T03:19:42.427+0000] {extract.py:121} INFO - NGUỒN 1 — PostgreSQL (Phòng Đào tạo) | Full Extract
[2026-03-28T03:19:42.428+0000] {logging_mixin.py:188} WARNING - [2026-03-28 03:19:42] INFO    etl.extract : ════════════════════════════════════════════════════════════
[2026-03-28T03:19:42.428+0000] {extract.py:122} INFO - ════════════════════════════════════════════════════════════
[2026-03-28T03:19:42.533+0000] {logging_mixin.py:188} WARNING - [2026-03-28 03:19:42] INFO    etl.extract :   PostgreSQL | khoa                      →      4 records
[2026-03-28T03:19:42.533+0000] {extract.py:98} INFO -   PostgreSQL | khoa                      →      4 records
[2026-03-28T03:19:42.555+0000] {logging_mixin.py:188} WARNING - [2026-03-28 03:19:42] INFO    etl.extract :   PostgreSQL | nganh                     →      3 records
[2026-03-28T03:19:42.555+0000] {extract.py:98} INFO -   PostgreSQL | nganh                     →      3 records
[2026-03-28T03:19:42.582+0000] {logging_mixin.py:188} WARNING - [2026-03-28 03:19:42] INFO    etl.extract :   PostgreSQL | giang_vien                →     45 records
[2026-03-28T03:19:42.582+0000] {extract.py:98} INFO -   PostgreSQL | giang_vien                →     45 records
[2026-03-28T03:19:42.640+0000] {logging_mixin.py:188} WARNING - [2026-03-28 03:19:42] INFO    etl.extract :   PostgreSQL | lop_hanh_chinh            →     48 records
[2026-03-28T03:19:42.640+0000] {extract.py:98} INFO -   PostgreSQL | lop_hanh_chinh            →     48 records
[2026-03-28T03:19:42.714+0000] {logging_mixin.py:188} WARNING - [2026-03-28 03:19:42] INFO    etl.extract :   PostgreSQL | sinh_vien                 →  1,695 records
[2026-03-28T03:19:42.714+0000] {extract.py:98} INFO -   PostgreSQL | sinh_vien                 →  1,695 records
[2026-03-28T03:19:42.738+0000] {logging_mixin.py:188} WARNING - [2026-03-28 03:19:42] INFO    etl.extract :   PostgreSQL | hoc_phan                  →    121 records
[2026-03-28T03:19:42.738+0000] {extract.py:98} INFO -   PostgreSQL | hoc_phan                  →    121 records
[2026-03-28T03:19:42.752+0000] {logging_mixin.py:188} WARNING - [2026-03-28 03:19:42] INFO    etl.extract :   PostgreSQL | hoc_ky_nam_hoc            →      9 records
[2026-03-28T03:19:42.752+0000] {extract.py:98} INFO -   PostgreSQL | hoc_ky_nam_hoc            →      9 records
[2026-03-28T03:19:43.294+0000] {logging_mixin.py:188} WARNING - [2026-03-28 03:19:43] INFO    etl.extract :   PostgreSQL | dang_ky_hoc_phan          → 47,969 records
[2026-03-28T03:19:43.293+0000] {extract.py:98} INFO -   PostgreSQL | dang_ky_hoc_phan          → 47,969 records
[2026-03-28T03:19:44.324+0000] {logging_mixin.py:188} WARNING - [2026-03-28 03:19:44] INFO    etl.extract :   PostgreSQL | diem_hoc_phan             → 47,969 records
[2026-03-28T03:19:44.323+0000] {extract.py:98} INFO -   PostgreSQL | diem_hoc_phan             → 47,969 records
[2026-03-28T03:19:44.434+0000] {logging_mixin.py:188} WARNING - [2026-03-28 03:19:44] INFO    etl.extract :   PostgreSQL | tong_hop_ket_qua          →  1,695 records
[2026-03-28T03:19:44.434+0000] {extract.py:98} INFO -   PostgreSQL | tong_hop_ket_qua          →  1,695 records
[2026-03-28T03:19:44.435+0000] {logging_mixin.py:188} WARNING - [2026-03-28 03:19:44] INFO    etl.extract :   PostgreSQL | TỔNG: 99,558 records từ 10 bảng
[2026-03-28T03:19:44.435+0000] {extract.py:129} INFO -   PostgreSQL | TỔNG: 99,558 records từ 10 bảng
[2026-03-28T03:19:44.437+0000] {logging_mixin.py:188} WARNING - [2026-03-28 03:19:44] INFO    etl.extract : ════════════════════════════════════════════════════════════
[2026-03-28T03:19:44.437+0000] {extract.py:215} INFO - ════════════════════════════════════════════════════════════
[2026-03-28T03:19:44.438+0000] {logging_mixin.py:188} WARNING - [2026-03-28 03:19:44] INFO    etl.extract : NGUỒN 2 — CSV (Phòng CTSV) | Extract
[2026-03-28T03:19:44.438+0000] {extract.py:216} INFO - NGUỒN 2 — CSV (Phòng CTSV) | Extract
[2026-03-28T03:19:44.440+0000] {logging_mixin.py:188} WARNING - [2026-03-28 03:19:44] INFO    etl.extract : ════════════════════════════════════════════════════════════
[2026-03-28T03:19:44.440+0000] {extract.py:217} INFO - ════════════════════════════════════════════════════════════
[2026-03-28T03:19:44.445+0000] {logging_mixin.py:188} WARNING - [2026-03-28 03:19:44] INFO    etl.extract :   CSV | Tìm thấy 9 file(s)
[2026-03-28T03:19:44.445+0000] {extract.py:227} INFO -   CSV | Tìm thấy 9 file(s)
[2026-03-28T03:19:44.461+0000] {logging_mixin.py:188} WARNING - [2026-03-28 03:19:44] INFO    etl.extract :   CSV | ctsv_HK1_2021_22.csv                →    390 records
[2026-03-28T03:19:44.461+0000] {extract.py:190} INFO -   CSV | ctsv_HK1_2021_22.csv                →    390 records
[2026-03-28T03:19:44.469+0000] {logging_mixin.py:188} WARNING - [2026-03-28 03:19:44] INFO    etl.extract :   CSV | ctsv_HK1_2022_23.csv                →    800 records
[2026-03-28T03:19:44.468+0000] {extract.py:190} INFO -   CSV | ctsv_HK1_2022_23.csv                →    800 records
[2026-03-28T03:19:44.475+0000] {logging_mixin.py:188} WARNING - [2026-03-28 03:19:44] INFO    etl.extract :   CSV | ctsv_HK1_2023_24.csv                →  1,229 records
[2026-03-28T03:19:44.475+0000] {extract.py:190} INFO -   CSV | ctsv_HK1_2023_24.csv                →  1,229 records
[2026-03-28T03:19:44.482+0000] {logging_mixin.py:188} WARNING - [2026-03-28 03:19:44] INFO    etl.extract :   CSV | ctsv_HK1_2024_25.csv                →  1,663 records
[2026-03-28T03:19:44.482+0000] {extract.py:190} INFO -   CSV | ctsv_HK1_2024_25.csv                →  1,663 records
[2026-03-28T03:19:44.489+0000] {logging_mixin.py:188} WARNING - [2026-03-28 03:19:44] INFO    etl.extract :   CSV | ctsv_HK1_2025_26.csv                →    196 records
[2026-03-28T03:19:44.488+0000] {extract.py:190} INFO -   CSV | ctsv_HK1_2025_26.csv                →    196 records
[2026-03-28T03:19:44.494+0000] {logging_mixin.py:188} WARNING - [2026-03-28 03:19:44] INFO    etl.extract :   CSV | ctsv_HK2_2021_22.csv                →    383 records
[2026-03-28T03:19:44.494+0000] {extract.py:190} INFO -   CSV | ctsv_HK2_2021_22.csv                →    383 records
[2026-03-28T03:19:44.499+0000] {logging_mixin.py:188} WARNING - [2026-03-28 03:19:44] INFO    etl.extract :   CSV | ctsv_HK2_2022_23.csv                →    796 records
[2026-03-28T03:19:44.499+0000] {extract.py:190} INFO -   CSV | ctsv_HK2_2022_23.csv                →    796 records
[2026-03-28T03:19:44.505+0000] {logging_mixin.py:188} WARNING - [2026-03-28 03:19:44] INFO    etl.extract :   CSV | ctsv_HK2_2023_24.csv                →  1,220 records
[2026-03-28T03:19:44.505+0000] {extract.py:190} INFO -   CSV | ctsv_HK2_2023_24.csv                →  1,220 records
[2026-03-28T03:19:44.512+0000] {logging_mixin.py:188} WARNING - [2026-03-28 03:19:44] INFO    etl.extract :   CSV | ctsv_HK2_2024_25.csv                →  1,570 records
[2026-03-28T03:19:44.511+0000] {extract.py:190} INFO -   CSV | ctsv_HK2_2024_25.csv                →  1,570 records
[2026-03-28T03:19:44.520+0000] {logging_mixin.py:188} WARNING - [2026-03-28 03:19:44] INFO    etl.extract :   CSV | TỔNG: 8,247 records từ 9 file(s)
[2026-03-28T03:19:44.520+0000] {extract.py:247} INFO -   CSV | TỔNG: 8,247 records từ 9 file(s)
[2026-03-28T03:19:44.544+0000] {logging_mixin.py:188} WARNING - [2026-03-28 03:19:44] INFO    etl.extract :   API | (JSON) taichinh_HK1_2021_22.json →    390 records
[2026-03-28T03:19:44.544+0000] {extract.py:312} INFO -   API | (JSON) taichinh_HK1_2021_22.json →    390 records
[2026-03-28T03:19:44.562+0000] {logging_mixin.py:188} WARNING - [2026-03-28 03:19:44] INFO    etl.extract :   API | (JSON) taichinh_HK1_2022_23.json →    800 records
[2026-03-28T03:19:44.562+0000] {extract.py:312} INFO -   API | (JSON) taichinh_HK1_2022_23.json →    800 records
[2026-03-28T03:19:44.595+0000] {logging_mixin.py:188} WARNING - [2026-03-28 03:19:44] INFO    etl.extract :   API | (JSON) taichinh_HK1_2023_24.json →  1,229 records
[2026-03-28T03:19:44.595+0000] {extract.py:312} INFO -   API | (JSON) taichinh_HK1_2023_24.json →  1,229 records
[2026-03-28T03:19:44.616+0000] {logging_mixin.py:188} WARNING - [2026-03-28 03:19:44] INFO    etl.extract :   API | (JSON) taichinh_HK1_2024_25.json →  1,663 records
[2026-03-28T03:19:44.616+0000] {extract.py:312} INFO -   API | (JSON) taichinh_HK1_2024_25.json →  1,663 records
[2026-03-28T03:19:44.628+0000] {logging_mixin.py:188} WARNING - [2026-03-28 03:19:44] INFO    etl.extract :   API | (JSON) taichinh_HK1_2025_26.json →    196 records
[2026-03-28T03:19:44.628+0000] {extract.py:312} INFO -   API | (JSON) taichinh_HK1_2025_26.json →    196 records
[2026-03-28T03:19:44.642+0000] {logging_mixin.py:188} WARNING - [2026-03-28 03:19:44] INFO    etl.extract :   API | (JSON) taichinh_HK2_2021_22.json →    383 records
[2026-03-28T03:19:44.642+0000] {extract.py:312} INFO -   API | (JSON) taichinh_HK2_2021_22.json →    383 records
[2026-03-28T03:19:44.659+0000] {logging_mixin.py:188} WARNING - [2026-03-28 03:19:44] INFO    etl.extract :   API | (JSON) taichinh_HK2_2022_23.json →    796 records
[2026-03-28T03:19:44.658+0000] {extract.py:312} INFO -   API | (JSON) taichinh_HK2_2022_23.json →    796 records
[2026-03-28T03:19:44.676+0000] {logging_mixin.py:188} WARNING - [2026-03-28 03:19:44] INFO    etl.extract :   API | (JSON) taichinh_HK2_2023_24.json →  1,220 records
[2026-03-28T03:19:44.676+0000] {extract.py:312} INFO -   API | (JSON) taichinh_HK2_2023_24.json →  1,220 records
[2026-03-28T03:19:44.697+0000] {logging_mixin.py:188} WARNING - [2026-03-28 03:19:44] INFO    etl.extract :   API | (JSON) taichinh_HK2_2024_25.json →  1,570 records
[2026-03-28T03:19:44.697+0000] {extract.py:312} INFO -   API | (JSON) taichinh_HK2_2024_25.json →  1,570 records
[2026-03-28T03:19:44.699+0000] {logging_mixin.py:188} WARNING - [2026-03-28 03:19:44] INFO    etl.extract :   API | TỔNG: 8,247 records từ 9 HK
[2026-03-28T03:19:44.699+0000] {extract.py:338} INFO -   API | TỔNG: 8,247 records từ 9 HK
[2026-03-28T03:19:45.088+0000] {logging_mixin.py:188} WARNING - [2026-03-28 03:19:45] INFO    utils.minio :   MinIO ↑ [raw-data] 2026-03-28_03-19/nguon1_sinh_vien.parquet (47.2 KB | 1,695 rows)
[2026-03-28T03:19:45.088+0000] {minio_client.py:142} INFO -   MinIO ↑ [raw-data] 2026-03-28_03-19/nguon1_sinh_vien.parquet (47.2 KB | 1,695 rows)
[2026-03-28T03:19:45.137+0000] {logging_mixin.py:188} WARNING - [2026-03-28 03:19:45] INFO    utils.minio :   MinIO ↑ [raw-data] 2026-03-28_03-19/nguon1_dang_ky.parquet (382.5 KB | 47,969 rows)
[2026-03-28T03:19:45.136+0000] {minio_client.py:142} INFO -   MinIO ↑ [raw-data] 2026-03-28_03-19/nguon1_dang_ky.parquet (382.5 KB | 47,969 rows)
[2026-03-28T03:19:45.180+0000] {logging_mixin.py:188} WARNING - [2026-03-28 03:19:45] INFO    utils.minio :   MinIO ↑ [raw-data] 2026-03-28_03-19/nguon1_diem.parquet (978.1 KB | 47,969 rows)
[2026-03-28T03:19:45.180+0000] {minio_client.py:142} INFO -   MinIO ↑ [raw-data] 2026-03-28_03-19/nguon1_diem.parquet (978.1 KB | 47,969 rows)
[2026-03-28T03:19:45.191+0000] {logging_mixin.py:188} WARNING - [2026-03-28 03:19:45] INFO    utils.minio :   MinIO ↑ [raw-data] 2026-03-28_03-19/nguon1_hoc_phan.parquet (10.3 KB | 121 rows)
[2026-03-28T03:19:45.191+0000] {minio_client.py:142} INFO -   MinIO ↑ [raw-data] 2026-03-28_03-19/nguon1_hoc_phan.parquet (10.3 KB | 121 rows)
[2026-03-28T03:19:45.203+0000] {logging_mixin.py:188} WARNING - [2026-03-28 03:19:45] INFO    utils.minio :   MinIO ↑ [raw-data] 2026-03-28_03-19/nguon1_hoc_ky.parquet (4.1 KB | 9 rows)
[2026-03-28T03:19:45.203+0000] {minio_client.py:142} INFO -   MinIO ↑ [raw-data] 2026-03-28_03-19/nguon1_hoc_ky.parquet (4.1 KB | 9 rows)
[2026-03-28T03:19:45.215+0000] {logging_mixin.py:188} WARNING - [2026-03-28 03:19:45] INFO    utils.minio :   MinIO ↑ [raw-data] 2026-03-28_03-19/nguon1_giang_vien.parquet (8.3 KB | 45 rows)
[2026-03-28T03:19:45.215+0000] {minio_client.py:142} INFO -   MinIO ↑ [raw-data] 2026-03-28_03-19/nguon1_giang_vien.parquet (8.3 KB | 45 rows)
[2026-03-28T03:19:45.229+0000] {logging_mixin.py:188} WARNING - [2026-03-28 03:19:45] INFO    utils.minio :   MinIO ↑ [raw-data] 2026-03-28_03-19/nguon1_khoa.parquet (2.6 KB | 4 rows)
[2026-03-28T03:19:45.229+0000] {minio_client.py:142} INFO -   MinIO ↑ [raw-data] 2026-03-28_03-19/nguon1_khoa.parquet (2.6 KB | 4 rows)
[2026-03-28T03:19:45.239+0000] {logging_mixin.py:188} WARNING - [2026-03-28 03:19:45] INFO    utils.minio :   MinIO ↑ [raw-data] 2026-03-28_03-19/nguon1_nganh.parquet (3.2 KB | 3 rows)
[2026-03-28T03:19:45.239+0000] {minio_client.py:142} INFO -   MinIO ↑ [raw-data] 2026-03-28_03-19/nguon1_nganh.parquet (3.2 KB | 3 rows)
[2026-03-28T03:19:45.251+0000] {logging_mixin.py:188} WARNING - [2026-03-28 03:19:45] INFO    utils.minio :   MinIO ↑ [raw-data] 2026-03-28_03-19/nguon1_lop_hanh_chinh.parquet (4.8 KB | 48 rows)
[2026-03-28T03:19:45.251+0000] {minio_client.py:142} INFO -   MinIO ↑ [raw-data] 2026-03-28_03-19/nguon1_lop_hanh_chinh.parquet (4.8 KB | 48 rows)
[2026-03-28T03:19:45.263+0000] {logging_mixin.py:188} WARNING - [2026-03-28 03:19:45] INFO    utils.minio :   MinIO ↑ [raw-data] 2026-03-28_03-19/nguon1_tong_hop_ket_qua.parquet (22.1 KB | 1,695 rows)
[2026-03-28T03:19:45.263+0000] {minio_client.py:142} INFO -   MinIO ↑ [raw-data] 2026-03-28_03-19/nguon1_tong_hop_ket_qua.parquet (22.1 KB | 1,695 rows)
[2026-03-28T03:19:45.279+0000] {logging_mixin.py:188} WARNING - [2026-03-28 03:19:45] INFO    utils.minio :   MinIO ↑ [raw-data] 2026-03-28_03-19/nguon2_ctsv.parquet (35.9 KB | 8,247 rows)
[2026-03-28T03:19:45.278+0000] {minio_client.py:142} INFO -   MinIO ↑ [raw-data] 2026-03-28_03-19/nguon2_ctsv.parquet (35.9 KB | 8,247 rows)
[2026-03-28T03:19:45.303+0000] {logging_mixin.py:188} WARNING - [2026-03-28 03:19:45] INFO    utils.minio :   MinIO ↑ [raw-data] 2026-03-28_03-19/nguon3_tai_chinh.parquet (59.7 KB | 8,247 rows)
[2026-03-28T03:19:45.303+0000] {minio_client.py:142} INFO -   MinIO ↑ [raw-data] 2026-03-28_03-19/nguon3_tai_chinh.parquet (59.7 KB | 8,247 rows)
[2026-03-28T03:19:45.311+0000] {logging_mixin.py:188} WARNING - [2026-03-28 03:19:45] INFO    utils.minio :   MinIO upload xong: 12/12 files | run_id=2026-03-28_03-19
[2026-03-28T03:19:45.311+0000] {minio_client.py:188} INFO -   MinIO upload xong: 12/12 files | run_id=2026-03-28_03-19
[2026-03-28T03:19:45.315+0000] {logging_mixin.py:188} WARNING - [2026-03-28 03:19:45] INFO    etl.extract :   MinIO staging: 12/12 files OK → run_id=2026-03-28_03-19
[2026-03-28T03:19:45.315+0000] {extract.py:443} INFO -   MinIO staging: 12/12 files OK → run_id=2026-03-28_03-19
[2026-03-28T03:19:45.318+0000] {logging_mixin.py:188} WARNING - [2026-03-28 03:19:45] INFO    etl.extract : ======================================================================
[2026-03-28T03:19:45.318+0000] {extract.py:383} INFO - ======================================================================
[2026-03-28T03:19:45.321+0000] {logging_mixin.py:188} WARNING - [2026-03-28 03:19:45] INFO    etl.extract : ✅ FULL EXTRACT HOÀN TẤT
[2026-03-28T03:19:45.321+0000] {extract.py:384} INFO - ✅ FULL EXTRACT HOÀN TẤT
[2026-03-28T03:19:45.323+0000] {logging_mixin.py:188} WARNING - [2026-03-28 03:19:45] INFO    etl.extract :    khoa                     :        4
[2026-03-28T03:19:45.323+0000] {extract.py:386} INFO -    khoa                     :        4
[2026-03-28T03:19:45.324+0000] {logging_mixin.py:188} WARNING - [2026-03-28 03:19:45] INFO    etl.extract :    nganh                    :        3
[2026-03-28T03:19:45.324+0000] {extract.py:386} INFO -    nganh                    :        3
[2026-03-28T03:19:45.326+0000] {logging_mixin.py:188} WARNING - [2026-03-28 03:19:45] INFO    etl.extract :    giang_vien               :       45
[2026-03-28T03:19:45.326+0000] {extract.py:386} INFO -    giang_vien               :       45
[2026-03-28T03:19:45.328+0000] {logging_mixin.py:188} WARNING - [2026-03-28 03:19:45] INFO    etl.extract :    lop_hanh_chinh           :       48
[2026-03-28T03:19:45.328+0000] {extract.py:386} INFO -    lop_hanh_chinh           :       48
[2026-03-28T03:19:45.329+0000] {logging_mixin.py:188} WARNING - [2026-03-28 03:19:45] INFO    etl.extract :    sinh_vien                :    1,695
[2026-03-28T03:19:45.329+0000] {extract.py:386} INFO -    sinh_vien                :    1,695
[2026-03-28T03:19:45.330+0000] {logging_mixin.py:188} WARNING - [2026-03-28 03:19:45] INFO    etl.extract :    hoc_phan                 :      121
[2026-03-28T03:19:45.330+0000] {extract.py:386} INFO -    hoc_phan                 :      121
[2026-03-28T03:19:45.332+0000] {logging_mixin.py:188} WARNING - [2026-03-28 03:19:45] INFO    etl.extract :    hoc_ky_nam_hoc           :        9
[2026-03-28T03:19:45.332+0000] {extract.py:386} INFO -    hoc_ky_nam_hoc           :        9
[2026-03-28T03:19:45.334+0000] {logging_mixin.py:188} WARNING - [2026-03-28 03:19:45] INFO    etl.extract :    dang_ky_hoc_phan         :   47,969
[2026-03-28T03:19:45.333+0000] {extract.py:386} INFO -    dang_ky_hoc_phan         :   47,969
[2026-03-28T03:19:45.335+0000] {logging_mixin.py:188} WARNING - [2026-03-28 03:19:45] INFO    etl.extract :    diem_hoc_phan            :   47,969
[2026-03-28T03:19:45.335+0000] {extract.py:386} INFO -    diem_hoc_phan            :   47,969
[2026-03-28T03:19:45.336+0000] {logging_mixin.py:188} WARNING - [2026-03-28 03:19:45] INFO    etl.extract :    tong_hop_ket_qua         :    1,695
[2026-03-28T03:19:45.336+0000] {extract.py:386} INFO -    tong_hop_ket_qua         :    1,695
[2026-03-28T03:19:45.337+0000] {logging_mixin.py:188} WARNING - [2026-03-28 03:19:45] INFO    etl.extract :    ctsv_data                :    8,247
[2026-03-28T03:19:45.337+0000] {extract.py:386} INFO -    ctsv_data                :    8,247
[2026-03-28T03:19:45.338+0000] {logging_mixin.py:188} WARNING - [2026-03-28 03:19:45] INFO    etl.extract :    tai_chinh_data           :    8,247
[2026-03-28T03:19:45.338+0000] {extract.py:386} INFO -    tai_chinh_data           :    8,247
[2026-03-28T03:19:45.339+0000] {logging_mixin.py:188} WARNING - [2026-03-28 03:19:45] INFO    etl.extract : ======================================================================
[2026-03-28T03:19:45.339+0000] {extract.py:387} INFO - ======================================================================
[2026-03-28T03:19:45.408+0000] {logging_mixin.py:188} INFO - Extract xong: {'khoa': 4, 'nganh': 3, 'giang_vien': 45, 'lop_hanh_chinh': 48, 'sinh_vien': 1695, 'hoc_phan': 121, 'hoc_ky_nam_hoc': 9, 'dang_ky_hoc_phan': 47969, 'diem_hoc_phan': 47969, 'tong_hop_ket_qua': 1695, 'ctsv_data': 8247, 'tai_chinh_data': 8247}
[2026-03-28T03:19:45.418+0000] {python.py:201} INFO - Done. Returned value was: {'khoa': 4, 'nganh': 3, 'giang_vien': 45, 'lop_hanh_chinh': 48, 'sinh_vien': 1695, 'hoc_phan': 121, 'hoc_ky_nam_hoc': 9, 'dang_ky_hoc_phan': 47969, 'diem_hoc_phan': 47969, 'tong_hop_ket_qua': 1695, 'ctsv_data': 8247, 'tai_chinh_data': 8247}
[2026-03-28T03:19:45.445+0000] {taskinstance.py:1138} INFO - Marking task as SUCCESS. dag_id=daily_student_pipeline, task_id=extract_data, execution_date=20260328T031936, start_date=20260328T031939, end_date=20260328T031945
[2026-03-28T03:19:45.501+0000] {local_task_job_runner.py:234} INFO - Task exited with return code 0
[2026-03-28T03:19:45.530+0000] {taskinstance.py:3280} INFO - 1 downstream tasks scheduled from follow-on schedule check
