[2026-04-18T09:43:01.344+0000] {taskinstance.py:1956} INFO - Dependencies all met for dep_context=non-requeueable deps ti=<TaskInstance: weekly_summary_pipeline.generate_report scheduled__2026-04-06T06:00:00+00:00 [queued]>
[2026-04-18T09:43:01.360+0000] {taskinstance.py:1956} INFO - Dependencies all met for dep_context=requeueable deps ti=<TaskInstance: weekly_summary_pipeline.generate_report scheduled__2026-04-06T06:00:00+00:00 [queued]>
[2026-04-18T09:43:01.361+0000] {taskinstance.py:2170} INFO - Starting attempt 1 of 2
[2026-04-18T09:43:01.385+0000] {taskinstance.py:2191} INFO - Executing <Task(PythonOperator): generate_report> on 2026-04-06 06:00:00+00:00
[2026-04-18T09:43:01.396+0000] {standard_task_runner.py:60} INFO - Started process 349 to run task
[2026-04-18T09:43:01.400+0000] {standard_task_runner.py:87} INFO - Running: ['***', 'tasks', 'run', 'weekly_summary_pipeline', 'generate_report', 'scheduled__2026-04-06T06:00:00+00:00', '--job-id', '294', '--raw', '--subdir', 'DAGS_FOLDER/weekly_summary_pipeline.py', '--cfg-path', '/tmp/tmp8tmts96v']
[2026-04-18T09:43:01.405+0000] {standard_task_runner.py:88} INFO - Job 294: Subtask generate_report
[2026-04-18T09:43:01.525+0000] {task_command.py:423} INFO - Running <TaskInstance: weekly_summary_pipeline.generate_report scheduled__2026-04-06T06:00:00+00:00 [running]> on host 1c62953c8918
[2026-04-18T09:43:01.618+0000] {taskinstance.py:2480} INFO - Exporting env vars: AIRFLOW_CTX_DAG_OWNER='nhom8' AIRFLOW_CTX_DAG_ID='weekly_summary_pipeline' AIRFLOW_CTX_TASK_ID='generate_report' AIRFLOW_CTX_EXECUTION_DATE='2026-04-06T06:00:00+00:00' AIRFLOW_CTX_TRY_NUMBER='1' AIRFLOW_CTX_DAG_RUN_ID='scheduled__2026-04-06T06:00:00+00:00'
[2026-04-18T09:43:01.727+0000] {logging_mixin.py:188} WARNING - [2026-04-18 09:43:01] INFO    etl.aggregation : == WeeklyReporter: Đang tạo báo cáo tuần ==
[2026-04-18T09:43:01.726+0000] {aggregation.py:221} INFO - == WeeklyReporter: Đang tạo báo cáo tuần ==
[2026-04-18T09:43:01.789+0000] {logging_mixin.py:188} WARNING - [2026-04-18 09:43:01] INFO    etl.aggregation :   sv_canh_bao   : 412
[2026-04-18T09:43:01.789+0000] {aggregation.py:282} INFO -   sv_canh_bao   : 412
[2026-04-18T09:43:01.791+0000] {logging_mixin.py:188} WARNING - [2026-04-18 09:43:01] INFO    etl.aggregation :   sv_hoc_bong   : 76
[2026-04-18T09:43:01.790+0000] {aggregation.py:283} INFO -   sv_hoc_bong   : 76
[2026-04-18T09:43:01.792+0000] {logging_mixin.py:188} WARNING - [2026-04-18 09:43:01] INFO    etl.aggregation :   ty_le_dat     : 94.4%
[2026-04-18T09:43:01.792+0000] {aggregation.py:284} INFO -   ty_le_dat     : 94.4%
[2026-04-18T09:43:01.793+0000] {logging_mixin.py:188} WARNING - [2026-04-18 09:43:01] INFO    etl.aggregation :   sv_rui_ro_cao : 78
[2026-04-18T09:43:01.793+0000] {aggregation.py:285} INFO -   sv_rui_ro_cao : 78
[2026-04-18T09:43:01.794+0000] {logging_mixin.py:188} WARNING - [2026-04-18 09:43:01] INFO    etl.aggregation : == WeeklyReporter: HOÀN TẤT ==
[2026-04-18T09:43:01.794+0000] {aggregation.py:286} INFO - == WeeklyReporter: HOÀN TẤT ==
[2026-04-18T09:43:01.795+0000] {logging_mixin.py:188} INFO - ============================================================
[2026-04-18T09:43:01.796+0000] {logging_mixin.py:188} INFO - BÁO CÁO TUẦN
[2026-04-18T09:43:01.796+0000] {logging_mixin.py:188} INFO -   SV cảnh báo học vụ : 412
[2026-04-18T09:43:01.796+0000] {logging_mixin.py:188} INFO -   SV đủ ĐK học bổng  : 76
[2026-04-18T09:43:01.797+0000] {logging_mixin.py:188} INFO -   Tỷ lệ đạt môn TB   : 94.4%
[2026-04-18T09:43:01.797+0000] {logging_mixin.py:188} INFO - ============================================================
[2026-04-18T09:43:01.815+0000] {python.py:201} INFO - Done. Returned value was: None
[2026-04-18T09:43:01.830+0000] {taskinstance.py:1138} INFO - Marking task as SUCCESS. dag_id=weekly_summary_pipeline, task_id=generate_report, execution_date=20260406T060000, start_date=20260418T094301, end_date=20260418T094301
[2026-04-18T09:43:01.858+0000] {local_task_job_runner.py:234} INFO - Task exited with return code 0
[2026-04-18T09:43:01.884+0000] {taskinstance.py:3280} INFO - 0 downstream tasks scheduled from follow-on schedule check
