[2026-04-21T06:53:17.696+0000] {taskinstance.py:1956} INFO - Dependencies all met for dep_context=non-requeueable deps ti=<TaskInstance: daily_student_pipeline.transform_data manual__2026-04-21T06:53:08.704570+00:00 [queued]>
[2026-04-21T06:53:17.706+0000] {taskinstance.py:1956} INFO - Dependencies all met for dep_context=requeueable deps ti=<TaskInstance: daily_student_pipeline.transform_data manual__2026-04-21T06:53:08.704570+00:00 [queued]>
[2026-04-21T06:53:17.706+0000] {taskinstance.py:2170} INFO - Starting attempt 1 of 1
[2026-04-21T06:53:17.719+0000] {taskinstance.py:2191} INFO - Executing <Task(PythonOperator): transform_data> on 2026-04-21 06:53:08.704570+00:00
[2026-04-21T06:53:17.723+0000] {standard_task_runner.py:60} INFO - Started process 3397 to run task
[2026-04-21T06:53:17.726+0000] {standard_task_runner.py:87} INFO - Running: ['***', 'tasks', 'run', 'daily_student_pipeline', 'transform_data', 'manual__2026-04-21T06:53:08.704570+00:00', '--job-id', '452', '--raw', '--subdir', 'DAGS_FOLDER/daily_student_pipeline.py', '--cfg-path', '/tmp/tmpme6dx029']
[2026-04-21T06:53:17.733+0000] {standard_task_runner.py:88} INFO - Job 452: Subtask transform_data
[2026-04-21T06:53:17.799+0000] {task_command.py:423} INFO - Running <TaskInstance: daily_student_pipeline.transform_data manual__2026-04-21T06:53:08.704570+00:00 [running]> on host 759b8b5e27b5
[2026-04-21T06:53:17.882+0000] {taskinstance.py:2480} INFO - Exporting env vars: AIRFLOW_CTX_DAG_OWNER='nhom8' AIRFLOW_CTX_DAG_ID='daily_student_pipeline' AIRFLOW_CTX_TASK_ID='transform_data' AIRFLOW_CTX_EXECUTION_DATE='2026-04-21T06:53:08.704570+00:00' AIRFLOW_CTX_TRY_NUMBER='1' AIRFLOW_CTX_DAG_RUN_ID='manual__2026-04-21T06:53:08.704570+00:00'
[2026-04-21T06:53:18.554+0000] {logging_mixin.py:188} WARNING - [2026-04-21 06:53:18] INFO    etl.extract :   Load from MinIO staging: run_id=2026-04-21_06-53
[2026-04-21T06:53:18.554+0000] {extract.py:502} INFO -   Load from MinIO staging: run_id=2026-04-21_06-53
[2026-04-21T06:53:18.583+0000] {logging_mixin.py:188} WARNING - [2026-04-21 06:53:18] INFO    utils.minio :   MinIO ↓ [raw-data] 2026-04-21_06-53/nguon1_khoa.parquet (4 rows)
[2026-04-21T06:53:18.583+0000] {minio_client.py:223} INFO -   MinIO ↓ [raw-data] 2026-04-21_06-53/nguon1_khoa.parquet (4 rows)
[2026-04-21T06:53:18.593+0000] {logging_mixin.py:188} WARNING - [2026-04-21 06:53:18] INFO    utils.minio :   MinIO ↓ [raw-data] 2026-04-21_06-53/nguon1_nganh.parquet (3 rows)
[2026-04-21T06:53:18.593+0000] {minio_client.py:223} INFO -   MinIO ↓ [raw-data] 2026-04-21_06-53/nguon1_nganh.parquet (3 rows)
[2026-04-21T06:53:18.604+0000] {logging_mixin.py:188} WARNING - [2026-04-21 06:53:18] INFO    utils.minio :   MinIO ↓ [raw-data] 2026-04-21_06-53/nguon1_giang_vien.parquet (45 rows)
[2026-04-21T06:53:18.604+0000] {minio_client.py:223} INFO -   MinIO ↓ [raw-data] 2026-04-21_06-53/nguon1_giang_vien.parquet (45 rows)
[2026-04-21T06:53:18.614+0000] {logging_mixin.py:188} WARNING - [2026-04-21 06:53:18] INFO    utils.minio :   MinIO ↓ [raw-data] 2026-04-21_06-53/nguon1_lop_hanh_chinh.parquet (48 rows)
[2026-04-21T06:53:18.614+0000] {minio_client.py:223} INFO -   MinIO ↓ [raw-data] 2026-04-21_06-53/nguon1_lop_hanh_chinh.parquet (48 rows)
[2026-04-21T06:53:18.625+0000] {logging_mixin.py:188} WARNING - [2026-04-21 06:53:18] INFO    utils.minio :   MinIO ↓ [raw-data] 2026-04-21_06-53/nguon1_sinh_vien.parquet (1,695 rows)
[2026-04-21T06:53:18.625+0000] {minio_client.py:223} INFO -   MinIO ↓ [raw-data] 2026-04-21_06-53/nguon1_sinh_vien.parquet (1,695 rows)
[2026-04-21T06:53:18.635+0000] {logging_mixin.py:188} WARNING - [2026-04-21 06:53:18] INFO    utils.minio :   MinIO ↓ [raw-data] 2026-04-21_06-53/nguon1_hoc_phan.parquet (121 rows)
[2026-04-21T06:53:18.635+0000] {minio_client.py:223} INFO -   MinIO ↓ [raw-data] 2026-04-21_06-53/nguon1_hoc_phan.parquet (121 rows)
[2026-04-21T06:53:18.644+0000] {logging_mixin.py:188} WARNING - [2026-04-21 06:53:18] INFO    utils.minio :   MinIO ↓ [raw-data] 2026-04-21_06-53/nguon1_hoc_ky.parquet (13 rows)
[2026-04-21T06:53:18.644+0000] {minio_client.py:223} INFO -   MinIO ↓ [raw-data] 2026-04-21_06-53/nguon1_hoc_ky.parquet (13 rows)
[2026-04-21T06:53:18.660+0000] {logging_mixin.py:188} WARNING - [2026-04-21 06:53:18] INFO    utils.minio :   MinIO ↓ [raw-data] 2026-04-21_06-53/nguon1_dang_ky.parquet (55,125 rows)
[2026-04-21T06:53:18.660+0000] {minio_client.py:223} INFO -   MinIO ↓ [raw-data] 2026-04-21_06-53/nguon1_dang_ky.parquet (55,125 rows)
[2026-04-21T06:53:18.677+0000] {logging_mixin.py:188} WARNING - [2026-04-21 06:53:18] INFO    utils.minio :   MinIO ↓ [raw-data] 2026-04-21_06-53/nguon1_diem.parquet (54,640 rows)
[2026-04-21T06:53:18.677+0000] {minio_client.py:223} INFO -   MinIO ↓ [raw-data] 2026-04-21_06-53/nguon1_diem.parquet (54,640 rows)
[2026-04-21T06:53:18.690+0000] {logging_mixin.py:188} WARNING - [2026-04-21 06:53:18] INFO    utils.minio :   MinIO ↓ [raw-data] 2026-04-21_06-53/nguon1_tong_hop_ket_qua.parquet (1,695 rows)
[2026-04-21T06:53:18.689+0000] {minio_client.py:223} INFO -   MinIO ↓ [raw-data] 2026-04-21_06-53/nguon1_tong_hop_ket_qua.parquet (1,695 rows)
[2026-04-21T06:53:18.701+0000] {logging_mixin.py:188} WARNING - [2026-04-21 06:53:18] INFO    utils.minio :   MinIO ↓ [raw-data] 2026-04-21_06-53/nguon2_ctsv.parquet (9,475 rows)
[2026-04-21T06:53:18.700+0000] {minio_client.py:223} INFO -   MinIO ↓ [raw-data] 2026-04-21_06-53/nguon2_ctsv.parquet (9,475 rows)
[2026-04-21T06:53:18.712+0000] {logging_mixin.py:188} WARNING - [2026-04-21 06:53:18] INFO    utils.minio :   MinIO ↓ [raw-data] 2026-04-21_06-53/nguon3_tai_chinh.parquet (9,182 rows)
[2026-04-21T06:53:18.712+0000] {minio_client.py:223} INFO -   MinIO ↓ [raw-data] 2026-04-21_06-53/nguon3_tai_chinh.parquet (9,182 rows)
[2026-04-21T06:53:18.714+0000] {logging_mixin.py:188} WARNING - [2026-04-21 06:53:18] INFO    etl.extract :  Load from staging OK — run_id=2026-04-21_06-53
[2026-04-21T06:53:18.714+0000] {extract.py:519} INFO -  Load from staging OK — run_id=2026-04-21_06-53
[2026-04-21T06:53:18.716+0000] {logging_mixin.py:188} WARNING - [2026-04-21 06:53:18] INFO    etl.transform : ==BẮT ĐẦU TRANSFORM==
[2026-04-21T06:53:18.716+0000] {transform.py:75} INFO - ==BẮT ĐẦU TRANSFORM==
[2026-04-21T06:53:18.717+0000] {logging_mixin.py:188} WARNING - [2026-04-21 06:53:18] INFO    etl.transform : ======================================================================
[2026-04-21T06:53:18.717+0000] {transform.py:76} INFO - ======================================================================
[2026-04-21T06:53:18.719+0000] {logging_mixin.py:188} WARNING - [2026-04-21 06:53:18] INFO    etl.transform : ── Bước 1: Transform Dimension Tables ──
[2026-04-21T06:53:18.719+0000] {transform.py:80} INFO - ── Bước 1: Transform Dimension Tables ──
[2026-04-21T06:53:18.722+0000] {logging_mixin.py:188} WARNING - [2026-04-21 06:53:18] INFO    etl.transform :   dim_thoi_gian               →     13 records
[2026-04-21T06:53:18.722+0000] {transform.py:190} INFO -   dim_thoi_gian               →     13 records
[2026-04-21T06:53:18.726+0000] {logging_mixin.py:188} WARNING - [2026-04-21 06:53:18] INFO    etl.transform :   dim_giang_vien              →     45 records
[2026-04-21T06:53:18.726+0000] {transform.py:213} INFO -   dim_giang_vien              →     45 records
[2026-04-21T06:53:18.730+0000] {logging_mixin.py:188} WARNING - [2026-04-21 06:53:18] INFO    etl.transform :   dim_hoc_phan                →    121 records
[2026-04-21T06:53:18.730+0000] {transform.py:240} INFO -   dim_hoc_phan                →    121 records
[2026-04-21T06:53:18.742+0000] {logging_mixin.py:188} WARNING - [2026-04-21 06:53:18] INFO    etl.transform :   dim_sinh_vien               →  1,695 records
[2026-04-21T06:53:18.742+0000] {transform.py:306} INFO -   dim_sinh_vien               →  1,695 records
[2026-04-21T06:53:18.744+0000] {logging_mixin.py:188} WARNING - [2026-04-21 06:53:18] INFO    etl.transform : ── Bước 2: Transform Fact Tables ──
[2026-04-21T06:53:18.744+0000] {transform.py:96} INFO - ── Bước 2: Transform Fact Tables ──
[2026-04-21T06:53:18.808+0000] {logging_mixin.py:188} WARNING - [2026-04-21 06:53:18] INFO    etl.transform :   fact_diem                   → 54,640 records
[2026-04-21T06:53:18.808+0000] {transform.py:376} INFO -   fact_diem                   → 54,640 records
[2026-04-21T06:53:18.853+0000] {logging_mixin.py:188} WARNING - [2026-04-21 06:53:18] INFO    etl.transform :   fact_dang_ky               → 55,125 records
[2026-04-21T06:53:18.853+0000] {transform.py:413} INFO -   fact_dang_ky               → 55,125 records
[2026-04-21T06:53:18.868+0000] {logging_mixin.py:188} WARNING - [2026-04-21 06:53:18] INFO    etl.transform :   fact_ren_luyen              →  9,475 records
[2026-04-21T06:53:18.868+0000] {transform.py:445} INFO -   fact_ren_luyen              →  9,475 records
[2026-04-21T06:53:18.876+0000] {logging_mixin.py:188} WARNING - /opt/***/src/etl/transform.py:467 UserWarning: The argument 'infer_datetime_format' is deprecated and will be removed in a future version. A strict version of it is now the default, see https://pandas.pydata.org/pdeps/0004-consistent-to-datetime-parsing.html. You can safely remove this argument.
[2026-04-21T06:53:18.881+0000] {logging_mixin.py:188} WARNING - [2026-04-21 06:53:18] INFO    etl.transform :   fact_tai_chinh              →  9,182 records
[2026-04-21T06:53:18.881+0000] {transform.py:485} INFO -   fact_tai_chinh              →  9,182 records
[2026-04-21T06:53:18.883+0000] {logging_mixin.py:188} WARNING - [2026-04-21 06:53:18] INFO    etl.transform : ======================================================================
[2026-04-21T06:53:18.883+0000] {transform.py:108} INFO - ======================================================================
[2026-04-21T06:53:18.884+0000] {logging_mixin.py:188} WARNING - [2026-04-21 06:53:18] INFO    etl.transform : TRANSFORM HOÀN TẤT
[2026-04-21T06:53:18.884+0000] {transform.py:109} INFO - TRANSFORM HOÀN TẤT
[2026-04-21T06:53:18.885+0000] {logging_mixin.py:188} WARNING - [2026-04-21 06:53:18] INFO    etl.transform :    dim_giang_vien           :       45 records
[2026-04-21T06:53:18.885+0000] {transform.py:111} INFO -    dim_giang_vien           :       45 records
[2026-04-21T06:53:18.887+0000] {logging_mixin.py:188} WARNING - [2026-04-21 06:53:18] INFO    etl.transform :    dim_sinh_vien            :    1,695 records
[2026-04-21T06:53:18.887+0000] {transform.py:111} INFO -    dim_sinh_vien            :    1,695 records
[2026-04-21T06:53:18.888+0000] {logging_mixin.py:188} WARNING - [2026-04-21 06:53:18] INFO    etl.transform :    dim_hoc_phan             :      121 records
[2026-04-21T06:53:18.887+0000] {transform.py:111} INFO -    dim_hoc_phan             :      121 records
[2026-04-21T06:53:18.888+0000] {logging_mixin.py:188} WARNING - [2026-04-21 06:53:18] INFO    etl.transform :    dim_thoi_gian            :       13 records
[2026-04-21T06:53:18.888+0000] {transform.py:111} INFO -    dim_thoi_gian            :       13 records
[2026-04-21T06:53:18.889+0000] {logging_mixin.py:188} WARNING - [2026-04-21 06:53:18] INFO    etl.transform :    fact_diem                :   54,640 records
[2026-04-21T06:53:18.889+0000] {transform.py:111} INFO -    fact_diem                :   54,640 records
[2026-04-21T06:53:18.890+0000] {logging_mixin.py:188} WARNING - [2026-04-21 06:53:18] INFO    etl.transform :    fact_dang_ky             :   55,125 records
[2026-04-21T06:53:18.890+0000] {transform.py:111} INFO -    fact_dang_ky             :   55,125 records
[2026-04-21T06:53:18.891+0000] {logging_mixin.py:188} WARNING - [2026-04-21 06:53:18] INFO    etl.transform :    fact_ren_luyen           :    9,475 records
[2026-04-21T06:53:18.891+0000] {transform.py:111} INFO -    fact_ren_luyen           :    9,475 records
[2026-04-21T06:53:18.892+0000] {logging_mixin.py:188} WARNING - [2026-04-21 06:53:18] INFO    etl.transform :    fact_tai_chinh           :    9,182 records
[2026-04-21T06:53:18.892+0000] {transform.py:111} INFO -    fact_tai_chinh           :    9,182 records
[2026-04-21T06:53:18.893+0000] {logging_mixin.py:188} WARNING - [2026-04-21 06:53:18] INFO    etl.transform : ======================================================================
[2026-04-21T06:53:18.893+0000] {transform.py:112} INFO - ======================================================================
[2026-04-21T06:53:18.911+0000] {logging_mixin.py:188} WARNING - [2026-04-21 06:53:18] INFO    utils.minio :   MinIO ↑ [staging-data] 2026-04-21_06-53/dim_hoc_ky.parquet (5.4 KB | 13 rows)
[2026-04-21T06:53:18.911+0000] {minio_client.py:142} INFO -   MinIO ↑ [staging-data] 2026-04-21_06-53/dim_hoc_ky.parquet (5.4 KB | 13 rows)
[2026-04-21T06:53:18.921+0000] {logging_mixin.py:188} WARNING - [2026-04-21 06:53:18] INFO    utils.minio :   MinIO ↑ [staging-data] 2026-04-21_06-53/dim_giang_vien.parquet (8.9 KB | 45 rows)
[2026-04-21T06:53:18.921+0000] {minio_client.py:142} INFO -   MinIO ↑ [staging-data] 2026-04-21_06-53/dim_giang_vien.parquet (8.9 KB | 45 rows)
[2026-04-21T06:53:18.930+0000] {logging_mixin.py:188} WARNING - [2026-04-21 06:53:18] INFO    utils.minio :   MinIO ↑ [staging-data] 2026-04-21_06-53/dim_hoc_phan.parquet (11.0 KB | 121 rows)
[2026-04-21T06:53:18.930+0000] {minio_client.py:142} INFO -   MinIO ↑ [staging-data] 2026-04-21_06-53/dim_hoc_phan.parquet (11.0 KB | 121 rows)
[2026-04-21T06:53:18.946+0000] {logging_mixin.py:188} WARNING - [2026-04-21 06:53:18] INFO    utils.minio :   MinIO ↑ [staging-data] 2026-04-21_06-53/dim_sinh_vien.parquet (71.7 KB | 1,695 rows)
[2026-04-21T06:53:18.946+0000] {minio_client.py:142} INFO -   MinIO ↑ [staging-data] 2026-04-21_06-53/dim_sinh_vien.parquet (71.7 KB | 1,695 rows)
[2026-04-21T06:53:19.015+0000] {logging_mixin.py:188} WARNING - [2026-04-21 06:53:19] INFO    utils.minio :   MinIO ↑ [staging-data] 2026-04-21_06-53/fact_diem.parquet (816.7 KB | 54,640 rows)
[2026-04-21T06:53:19.015+0000] {minio_client.py:142} INFO -   MinIO ↑ [staging-data] 2026-04-21_06-53/fact_diem.parquet (816.7 KB | 54,640 rows)
[2026-04-21T06:53:19.068+0000] {logging_mixin.py:188} WARNING - [2026-04-21 06:53:19] INFO    utils.minio :   MinIO ↑ [staging-data] 2026-04-21_06-53/fact_dang_ky.parquet (462.4 KB | 55,125 rows)
[2026-04-21T06:53:19.068+0000] {minio_client.py:142} INFO -   MinIO ↑ [staging-data] 2026-04-21_06-53/fact_dang_ky.parquet (462.4 KB | 55,125 rows)
[2026-04-21T06:53:19.090+0000] {logging_mixin.py:188} WARNING - [2026-04-21 06:53:19] INFO    utils.minio :   MinIO ↑ [staging-data] 2026-04-21_06-53/fact_ren_luyen.parquet (41.2 KB | 9,475 rows)
[2026-04-21T06:53:19.090+0000] {minio_client.py:142} INFO -   MinIO ↑ [staging-data] 2026-04-21_06-53/fact_ren_luyen.parquet (41.2 KB | 9,475 rows)
[2026-04-21T06:53:19.114+0000] {logging_mixin.py:188} WARNING - [2026-04-21 06:53:19] INFO    utils.minio :   MinIO ↑ [staging-data] 2026-04-21_06-53/fact_tai_chinh.parquet (86.5 KB | 9,182 rows)
[2026-04-21T06:53:19.114+0000] {minio_client.py:142} INFO -   MinIO ↑ [staging-data] 2026-04-21_06-53/fact_tai_chinh.parquet (86.5 KB | 9,182 rows)
[2026-04-21T06:53:19.115+0000] {logging_mixin.py:188} WARNING - [2026-04-21 06:53:19] INFO    etl.transform :   MinIO staging-data: 8/8 files OK → run_id=2026-04-21_06-53
[2026-04-21T06:53:19.115+0000] {transform.py:141} INFO -   MinIO staging-data: 8/8 files OK → run_id=2026-04-21_06-53
[2026-04-21T06:53:19.169+0000] {logging_mixin.py:188} INFO - Transform xong: {'dim_giang_vien': 45, 'dim_sinh_vien': 1695, 'dim_hoc_phan': 121, 'dim_thoi_gian': 13, 'fact_diem': 54640, 'fact_dang_ky': 55125, 'fact_ren_luyen': 9475, 'fact_tai_chinh': 9182}
[2026-04-21T06:53:19.173+0000] {python.py:201} INFO - Done. Returned value was: {'dim_giang_vien': 45, 'dim_sinh_vien': 1695, 'dim_hoc_phan': 121, 'dim_thoi_gian': 13, 'fact_diem': 54640, 'fact_dang_ky': 55125, 'fact_ren_luyen': 9475, 'fact_tai_chinh': 9182}
[2026-04-21T06:53:19.201+0000] {taskinstance.py:1138} INFO - Marking task as SUCCESS. dag_id=daily_student_pipeline, task_id=transform_data, execution_date=20260421T065308, start_date=20260421T065317, end_date=20260421T065319
[2026-04-21T06:53:19.263+0000] {local_task_job_runner.py:234} INFO - Task exited with return code 0
[2026-04-21T06:53:19.315+0000] {taskinstance.py:3280} INFO - 1 downstream tasks scheduled from follow-on schedule check
