[2026-04-05T16:36:33.908+0000] {taskinstance.py:1956} INFO - Dependencies all met for dep_context=non-requeueable deps ti=<TaskInstance: daily_student_pipeline.load_data manual__2026-04-05T16:36:11.501176+00:00 [queued]>
[2026-04-05T16:36:33.918+0000] {taskinstance.py:1956} INFO - Dependencies all met for dep_context=requeueable deps ti=<TaskInstance: daily_student_pipeline.load_data manual__2026-04-05T16:36:11.501176+00:00 [queued]>
[2026-04-05T16:36:33.918+0000] {taskinstance.py:2170} INFO - Starting attempt 1 of 1
[2026-04-05T16:36:33.931+0000] {taskinstance.py:2191} INFO - Executing <Task(PythonOperator): load_data> on 2026-04-05 16:36:11.501176+00:00
[2026-04-05T16:36:33.937+0000] {standard_task_runner.py:60} INFO - Started process 28547 to run task
[2026-04-05T16:36:33.940+0000] {standard_task_runner.py:87} INFO - Running: ['***', 'tasks', 'run', 'daily_student_pipeline', 'load_data', 'manual__2026-04-05T16:36:11.501176+00:00', '--job-id', '252', '--raw', '--subdir', 'DAGS_FOLDER/daily_student_pipeline.py', '--cfg-path', '/tmp/tmpyckct2xi']
[2026-04-05T16:36:33.943+0000] {standard_task_runner.py:88} INFO - Job 252: Subtask load_data
[2026-04-05T16:36:34.031+0000] {task_command.py:423} INFO - Running <TaskInstance: daily_student_pipeline.load_data manual__2026-04-05T16:36:11.501176+00:00 [running]> on host 1c62953c8918
[2026-04-05T16:36:34.125+0000] {taskinstance.py:2480} INFO - Exporting env vars: AIRFLOW_CTX_DAG_OWNER='nhom8' AIRFLOW_CTX_DAG_ID='daily_student_pipeline' AIRFLOW_CTX_TASK_ID='load_data' AIRFLOW_CTX_EXECUTION_DATE='2026-04-05T16:36:11.501176+00:00' AIRFLOW_CTX_TRY_NUMBER='1' AIRFLOW_CTX_DAG_RUN_ID='manual__2026-04-05T16:36:11.501176+00:00'
[2026-04-05T16:36:34.970+0000] {logging_mixin.py:188} WARNING - [2026-04-05 16:36:34] INFO    etl.transform :   Load TransformedData từ MinIO staging: run_id=2026-04-05_16-36
[2026-04-05T16:36:34.970+0000] {transform.py:159} INFO -   Load TransformedData từ MinIO staging: run_id=2026-04-05_16-36
[2026-04-05T16:36:35.011+0000] {logging_mixin.py:188} WARNING - [2026-04-05 16:36:35] INFO    utils.minio :   MinIO ↓ [staging-data] 2026-04-05_16-36/dim_hoc_ky.parquet (9 rows)
[2026-04-05T16:36:35.011+0000] {minio_client.py:223} INFO -   MinIO ↓ [staging-data] 2026-04-05_16-36/dim_hoc_ky.parquet (9 rows)
[2026-04-05T16:36:35.026+0000] {logging_mixin.py:188} WARNING - [2026-04-05 16:36:35] INFO    utils.minio :   MinIO ↓ [staging-data] 2026-04-05_16-36/dim_giang_vien.parquet (45 rows)
[2026-04-05T16:36:35.026+0000] {minio_client.py:223} INFO -   MinIO ↓ [staging-data] 2026-04-05_16-36/dim_giang_vien.parquet (45 rows)
[2026-04-05T16:36:35.045+0000] {logging_mixin.py:188} WARNING - [2026-04-05 16:36:35] INFO    utils.minio :   MinIO ↓ [staging-data] 2026-04-05_16-36/dim_hoc_phan.parquet (121 rows)
[2026-04-05T16:36:35.044+0000] {minio_client.py:223} INFO -   MinIO ↓ [staging-data] 2026-04-05_16-36/dim_hoc_phan.parquet (121 rows)
[2026-04-05T16:36:35.070+0000] {logging_mixin.py:188} WARNING - [2026-04-05 16:36:35] INFO    utils.minio :   MinIO ↓ [staging-data] 2026-04-05_16-36/dim_sinh_vien.parquet (1,695 rows)
[2026-04-05T16:36:35.070+0000] {minio_client.py:223} INFO -   MinIO ↓ [staging-data] 2026-04-05_16-36/dim_sinh_vien.parquet (1,695 rows)
[2026-04-05T16:36:35.102+0000] {logging_mixin.py:188} WARNING - [2026-04-05 16:36:35] INFO    utils.minio :   MinIO ↓ [staging-data] 2026-04-05_16-36/fact_diem.parquet (58,001 rows)
[2026-04-05T16:36:35.102+0000] {minio_client.py:223} INFO -   MinIO ↓ [staging-data] 2026-04-05_16-36/fact_diem.parquet (58,001 rows)
[2026-04-05T16:36:35.128+0000] {logging_mixin.py:188} WARNING - [2026-04-05 16:36:35] INFO    utils.minio :   MinIO ↓ [staging-data] 2026-04-05_16-36/fact_dang_ky.parquet (58,001 rows)
[2026-04-05T16:36:35.128+0000] {minio_client.py:223} INFO -   MinIO ↓ [staging-data] 2026-04-05_16-36/fact_dang_ky.parquet (58,001 rows)
[2026-04-05T16:36:35.147+0000] {logging_mixin.py:188} WARNING - [2026-04-05 16:36:35] INFO    utils.minio :   MinIO ↓ [staging-data] 2026-04-05_16-36/fact_ren_luyen.parquet (9,238 rows)
[2026-04-05T16:36:35.146+0000] {minio_client.py:223} INFO -   MinIO ↓ [staging-data] 2026-04-05_16-36/fact_ren_luyen.parquet (9,238 rows)
[2026-04-05T16:36:35.164+0000] {logging_mixin.py:188} WARNING - [2026-04-05 16:36:35] INFO    utils.minio :   MinIO ↓ [staging-data] 2026-04-05_16-36/fact_tai_chinh.parquet (9,238 rows)
[2026-04-05T16:36:35.164+0000] {minio_client.py:223} INFO -   MinIO ↓ [staging-data] 2026-04-05_16-36/fact_tai_chinh.parquet (9,238 rows)
[2026-04-05T16:36:35.165+0000] {logging_mixin.py:188} WARNING - [2026-04-05 16:36:35] INFO    etl.transform : Load from staging-data OK — run_id=2026-04-05_16-36
[2026-04-05T16:36:35.165+0000] {transform.py:172} INFO - Load from staging-data OK — run_id=2026-04-05_16-36
[2026-04-05T16:36:35.167+0000] {logging_mixin.py:188} WARNING - [2026-04-05 16:36:35] INFO    etl.load : ==BẮT ĐẦU LOAD VÀO DATA WAREHOUSE==
[2026-04-05T16:36:35.167+0000] {load.py:39} INFO - ==BẮT ĐẦU LOAD VÀO DATA WAREHOUSE==
[2026-04-05T16:36:35.168+0000] {logging_mixin.py:188} WARNING - [2026-04-05 16:36:35] INFO    etl.load : ======================================================================
[2026-04-05T16:36:35.168+0000] {load.py:40} INFO - ======================================================================
[2026-04-05T16:36:35.169+0000] {logging_mixin.py:188} WARNING - [2026-04-05 16:36:35] INFO    etl.load : Tạo schema warehouse từ warehouse_models.py...
[2026-04-05T16:36:35.169+0000] {load.py:109} INFO - Tạo schema warehouse từ warehouse_models.py...
[2026-04-05T16:36:35.217+0000] {logging_mixin.py:188} WARNING - [2026-04-05 16:36:35] INFO    etl.load :   Schema warehouse OK
[2026-04-05T16:36:35.217+0000] {load.py:111} INFO -   Schema warehouse OK
[2026-04-05T16:36:35.218+0000] {logging_mixin.py:188} WARNING - [2026-04-05 16:36:35] INFO    etl.load : ── Bước 1: Load Dimension Tables ──
[2026-04-05T16:36:35.218+0000] {load.py:45} INFO - ── Bước 1: Load Dimension Tables ──
[2026-04-05T16:36:35.263+0000] {logging_mixin.py:188} WARNING - [2026-04-05 16:36:35] INFO    etl.load :   dim_hoc_ky     →      9 records (new: 0)
[2026-04-05T16:36:35.263+0000] {load.py:200} INFO -   dim_hoc_ky     →      9 records (new: 0)
[2026-04-05T16:36:35.309+0000] {logging_mixin.py:188} WARNING - [2026-04-05 16:36:35] INFO    etl.load :   dim_giang_vien →     45 records (new: 0)
[2026-04-05T16:36:35.309+0000] {load.py:250} INFO -   dim_giang_vien →     45 records (new: 0)
[2026-04-05T16:36:35.402+0000] {logging_mixin.py:188} WARNING - [2026-04-05 16:36:35] INFO    etl.load :   dim_hoc_phan   →    121 records (new: 0)
[2026-04-05T16:36:35.402+0000] {load.py:298} INFO -   dim_hoc_phan   →    121 records (new: 0)
[2026-04-05T16:36:37.439+0000] {logging_mixin.py:188} WARNING - [2026-04-05 16:36:37] INFO    etl.load :   dim_sinh_vien →  1,695 records (new: 0, SCD2: 0, fact cascade: 0)
[2026-04-05T16:36:37.439+0000] {load.py:407} INFO -   dim_sinh_vien →  1,695 records (new: 0, SCD2: 0, fact cascade: 0)
[2026-04-05T16:36:37.441+0000] {logging_mixin.py:188} WARNING - [2026-04-05 16:36:37] INFO    etl.load : ── Bước 2: Build Surrogate Key Cache ──
[2026-04-05T16:36:37.441+0000] {load.py:51} INFO - ── Bước 2: Build Surrogate Key Cache ──
[2026-04-05T16:36:37.442+0000] {logging_mixin.py:188} WARNING - [2026-04-05 16:36:37] INFO    etl.load : Building surrogate key caches...
[2026-04-05T16:36:37.442+0000] {load.py:114} INFO - Building surrogate key caches...
[2026-04-05T16:36:37.464+0000] {logging_mixin.py:188} WARNING - [2026-04-05 16:36:37] INFO    etl.load :   SV=1695, HP=121, GV=45, HK=9
[2026-04-05T16:36:37.464+0000] {load.py:142} INFO -   SV=1695, HP=121, GV=45, HK=9
[2026-04-05T16:36:37.466+0000] {logging_mixin.py:188} WARNING - [2026-04-05 16:36:37] INFO    etl.load : ── Bước 3: Load Fact Tables ──
[2026-04-05T16:36:37.466+0000] {load.py:54} INFO - ── Bước 3: Load Fact Tables ──
[2026-04-05T16:37:58.169+0000] {logging_mixin.py:188} WARNING - [2026-04-05 16:37:58] INFO    etl.load :   fact_hoc_tap   →      0 records
[2026-04-05T16:37:58.169+0000] {load.py:546} INFO -   fact_hoc_tap   →      0 records
[2026-04-05T16:38:56.015+0000] {logging_mixin.py:188} WARNING - [2026-04-05 16:38:56] INFO    etl.load :   fact_dang_ky   → 58,001 records
[2026-04-05T16:38:56.015+0000] {load.py:616} INFO -   fact_dang_ky   → 58,001 records
[2026-04-05T16:39:04.119+0000] {logging_mixin.py:188} WARNING - [2026-04-05 16:39:04] INFO    etl.load :   fact_ctsv      →      0 records
[2026-04-05T16:39:04.119+0000] {load.py:729} INFO -   fact_ctsv      →      0 records
[2026-04-05T16:39:14.300+0000] {logging_mixin.py:188} WARNING - [2026-04-05 16:39:14] INFO    etl.load :   fact_tai_chinh →      0 records
[2026-04-05T16:39:14.300+0000] {load.py:790} INFO -   fact_tai_chinh →      0 records
[2026-04-05T16:39:14.303+0000] {logging_mixin.py:188} WARNING - [2026-04-05 16:39:14] INFO    etl.load : ── Bước 4: Build Aggregation ──
[2026-04-05T16:39:14.302+0000] {load.py:61} INFO - ── Bước 4: Build Aggregation ──
[2026-04-05T16:39:14.304+0000] {logging_mixin.py:188} WARNING - [2026-04-05 16:39:14] INFO    etl.aggregation : == BẮT ĐẦU AGGREGATION ==
[2026-04-05T16:39:14.304+0000] {aggregation.py:13} INFO - == BẮT ĐẦU AGGREGATION ==
[2026-04-05T16:39:14.549+0000] {logging_mixin.py:188} WARNING - [2026-04-05 16:39:14] INFO    etl.aggregation :   agg_student_summary → 1,695 records
[2026-04-05T16:39:14.549+0000] {aggregation.py:190} INFO -   agg_student_summary → 1,695 records
[2026-04-05T16:39:14.551+0000] {logging_mixin.py:188} WARNING - [2026-04-05 16:39:14] INFO    etl.aggregation :   agg_student_summary rebuilt : 1,695
[2026-04-05T16:39:14.551+0000] {aggregation.py:15} INFO -   agg_student_summary rebuilt : 1,695
[2026-04-05T16:39:14.553+0000] {logging_mixin.py:188} WARNING - [2026-04-05 16:39:14] INFO    etl.aggregation : == AGGREGATION HOÀN TẤT ==
[2026-04-05T16:39:14.553+0000] {aggregation.py:16} INFO - == AGGREGATION HOÀN TẤT ==
[2026-04-05T16:39:14.555+0000] {logging_mixin.py:188} WARNING - [2026-04-05 16:39:14] INFO    etl.load : ======================================================================
[2026-04-05T16:39:14.555+0000] {load.py:65} INFO - ======================================================================
[2026-04-05T16:39:14.557+0000] {logging_mixin.py:188} WARNING - [2026-04-05 16:39:14] INFO    etl.load : LOAD HOÀN TẤT
[2026-04-05T16:39:14.557+0000] {load.py:66} INFO - LOAD HOÀN TẤT
[2026-04-05T16:39:14.559+0000] {logging_mixin.py:188} WARNING - [2026-04-05 16:39:14] INFO    etl.load :   dim_hoc_ky               :        9 records
[2026-04-05T16:39:14.559+0000] {load.py:69} INFO -   dim_hoc_ky               :        9 records
[2026-04-05T16:39:14.560+0000] {logging_mixin.py:188} WARNING - [2026-04-05 16:39:14] INFO    etl.load :   dim_giang_vien           :       45 records
[2026-04-05T16:39:14.560+0000] {load.py:69} INFO -   dim_giang_vien           :       45 records
[2026-04-05T16:39:14.561+0000] {logging_mixin.py:188} WARNING - [2026-04-05 16:39:14] INFO    etl.load :   dim_hoc_phan             :      121 records
[2026-04-05T16:39:14.561+0000] {load.py:69} INFO -   dim_hoc_phan             :      121 records
[2026-04-05T16:39:14.562+0000] {logging_mixin.py:188} WARNING - [2026-04-05 16:39:14] INFO    etl.load :   dim_sinh_vien            :        0 records
[2026-04-05T16:39:14.562+0000] {load.py:69} INFO -   dim_sinh_vien            :        0 records
[2026-04-05T16:39:14.563+0000] {logging_mixin.py:188} WARNING - [2026-04-05 16:39:14] INFO    etl.load :   fact_hoc_tap             :        0 records
[2026-04-05T16:39:14.563+0000] {load.py:69} INFO -   fact_hoc_tap             :        0 records
[2026-04-05T16:39:14.563+0000] {logging_mixin.py:188} WARNING - [2026-04-05 16:39:14] INFO    etl.load :   fact_dang_ky             :   58,001 records
[2026-04-05T16:39:14.563+0000] {load.py:69} INFO -   fact_dang_ky             :   58,001 records
[2026-04-05T16:39:14.564+0000] {logging_mixin.py:188} WARNING - [2026-04-05 16:39:14] INFO    etl.load :   fact_ctsv                :        0 records
[2026-04-05T16:39:14.564+0000] {load.py:69} INFO -   fact_ctsv                :        0 records
[2026-04-05T16:39:14.565+0000] {logging_mixin.py:188} WARNING - [2026-04-05 16:39:14] INFO    etl.load :   fact_tai_chinh           :        0 records
[2026-04-05T16:39:14.565+0000] {load.py:69} INFO -   fact_tai_chinh           :        0 records
[2026-04-05T16:39:14.565+0000] {logging_mixin.py:188} WARNING - [2026-04-05 16:39:14] INFO    etl.load :   agg_student_summary      :    1,695 records
[2026-04-05T16:39:14.565+0000] {load.py:69} INFO -   agg_student_summary      :    1,695 records
[2026-04-05T16:39:14.566+0000] {logging_mixin.py:188} WARNING - [2026-04-05 16:39:14] INFO    etl.load :   TỔNG                     :   59,871 records
[2026-04-05T16:39:14.566+0000] {load.py:71} INFO -   TỔNG                     :   59,871 records
[2026-04-05T16:39:14.566+0000] {logging_mixin.py:188} WARNING - [2026-04-05 16:39:14] INFO    etl.load : ======================================================================
[2026-04-05T16:39:14.566+0000] {load.py:72} INFO - ======================================================================
[2026-04-05T16:39:14.598+0000] {logging_mixin.py:188} INFO - Load xong: {'dim_hoc_ky': 9, 'dim_giang_vien': 45, 'dim_hoc_phan': 121, 'dim_sinh_vien': 0, 'fact_hoc_tap': 0, 'fact_dang_ky': 58001, 'fact_ctsv': 0, 'fact_tai_chinh': 0, 'agg_student_summary': 1695}
[2026-04-05T16:39:14.618+0000] {python.py:201} INFO - Done. Returned value was: {'dim_hoc_ky': 9, 'dim_giang_vien': 45, 'dim_hoc_phan': 121, 'dim_sinh_vien': 0, 'fact_hoc_tap': 0, 'fact_dang_ky': 58001, 'fact_ctsv': 0, 'fact_tai_chinh': 0, 'agg_student_summary': 1695}
[2026-04-05T16:39:14.651+0000] {taskinstance.py:1138} INFO - Marking task as SUCCESS. dag_id=daily_student_pipeline, task_id=load_data, execution_date=20260405T163611, start_date=20260405T163633, end_date=20260405T163914
[2026-04-05T16:39:14.715+0000] {local_task_job_runner.py:234} INFO - Task exited with return code 0
[2026-04-05T16:39:14.783+0000] {taskinstance.py:3280} INFO - 1 downstream tasks scheduled from follow-on schedule check
