[2026-04-19T14:58:14.689+0000] {taskinstance.py:1956} INFO - Dependencies all met for dep_context=non-requeueable deps ti=<TaskInstance: daily_student_pipeline.extract_data manual__2026-04-19T14:58:11.528689+00:00 [queued]>
[2026-04-19T14:58:14.700+0000] {taskinstance.py:1956} INFO - Dependencies all met for dep_context=requeueable deps ti=<TaskInstance: daily_student_pipeline.extract_data manual__2026-04-19T14:58:11.528689+00:00 [queued]>
[2026-04-19T14:58:14.701+0000] {taskinstance.py:2170} INFO - Starting attempt 1 of 1
[2026-04-19T14:58:14.717+0000] {taskinstance.py:2191} INFO - Executing <Task(PythonOperator): extract_data> on 2026-04-19 14:58:11.528689+00:00
[2026-04-19T14:58:14.721+0000] {standard_task_runner.py:60} INFO - Started process 4246 to run task
[2026-04-19T14:58:14.725+0000] {standard_task_runner.py:87} INFO - Running: ['***', 'tasks', 'run', 'daily_student_pipeline', 'extract_data', 'manual__2026-04-19T14:58:11.528689+00:00', '--job-id', '370', '--raw', '--subdir', 'DAGS_FOLDER/daily_student_pipeline.py', '--cfg-path', '/tmp/tmp0f8thkmt']
[2026-04-19T14:58:14.729+0000] {standard_task_runner.py:88} INFO - Job 370: Subtask extract_data
[2026-04-19T14:58:14.814+0000] {task_command.py:423} INFO - Running <TaskInstance: daily_student_pipeline.extract_data manual__2026-04-19T14:58:11.528689+00:00 [running]> on host eb2cbdc99987
[2026-04-19T14:58:14.948+0000] {taskinstance.py:2480} INFO - Exporting env vars: AIRFLOW_CTX_DAG_OWNER='nhom8' AIRFLOW_CTX_DAG_ID='daily_student_pipeline' AIRFLOW_CTX_TASK_ID='extract_data' AIRFLOW_CTX_EXECUTION_DATE='2026-04-19T14:58:11.528689+00:00' AIRFLOW_CTX_TRY_NUMBER='1' AIRFLOW_CTX_DAG_RUN_ID='manual__2026-04-19T14:58:11.528689+00:00'
[2026-04-19T14:58:17.523+0000] {logging_mixin.py:188} WARNING - [2026-04-19 14:58:17] INFO    etl.extract : ==BẮT ĐẦU FULL EXTRACT==
[2026-04-19T14:58:17.523+0000] {extract.py:346} INFO - ==BẮT ĐẦU FULL EXTRACT==
[2026-04-19T14:58:17.524+0000] {logging_mixin.py:188} WARNING - [2026-04-19 14:58:17] INFO    etl.extract : ======================================================================
[2026-04-19T14:58:17.524+0000] {extract.py:347} INFO - ======================================================================
[2026-04-19T14:58:17.537+0000] {logging_mixin.py:188} WARNING - [2026-04-19 14:58:17] INFO    etl.extract : ════════════════════════════════════════════════════════════
[2026-04-19T14:58:17.537+0000] {extract.py:84} INFO - ════════════════════════════════════════════════════════════
[2026-04-19T14:58:17.538+0000] {logging_mixin.py:188} WARNING - [2026-04-19 14:58:17] INFO    etl.extract : NGUỒN 1 — PostgreSQL (Phòng Đào tạo) | Full Extract
[2026-04-19T14:58:17.538+0000] {extract.py:85} INFO - NGUỒN 1 — PostgreSQL (Phòng Đào tạo) | Full Extract
[2026-04-19T14:58:17.539+0000] {logging_mixin.py:188} WARNING - [2026-04-19 14:58:17] INFO    etl.extract : ════════════════════════════════════════════════════════════
[2026-04-19T14:58:17.539+0000] {extract.py:86} INFO - ════════════════════════════════════════════════════════════
[2026-04-19T14:58:17.601+0000] {logging_mixin.py:188} WARNING - [2026-04-19 14:58:17] INFO    etl.extract :   PostgreSQL | khoa                      →      4 records
[2026-04-19T14:58:17.601+0000] {extract.py:68} INFO -   PostgreSQL | khoa                      →      4 records
[2026-04-19T14:58:17.619+0000] {logging_mixin.py:188} WARNING - [2026-04-19 14:58:17] INFO    etl.extract :   PostgreSQL | nganh                     →      3 records
[2026-04-19T14:58:17.619+0000] {extract.py:68} INFO -   PostgreSQL | nganh                     →      3 records
[2026-04-19T14:58:17.642+0000] {logging_mixin.py:188} WARNING - [2026-04-19 14:58:17] INFO    etl.extract :   PostgreSQL | giang_vien                →     45 records
[2026-04-19T14:58:17.641+0000] {extract.py:68} INFO -   PostgreSQL | giang_vien                →     45 records
[2026-04-19T14:58:17.676+0000] {logging_mixin.py:188} WARNING - [2026-04-19 14:58:17] INFO    etl.extract :   PostgreSQL | lop_hanh_chinh            →     48 records
[2026-04-19T14:58:17.676+0000] {extract.py:68} INFO -   PostgreSQL | lop_hanh_chinh            →     48 records
[2026-04-19T14:58:17.760+0000] {logging_mixin.py:188} WARNING - [2026-04-19 14:58:17] INFO    etl.extract :   PostgreSQL | sinh_vien                 →  1,695 records
[2026-04-19T14:58:17.760+0000] {extract.py:68} INFO -   PostgreSQL | sinh_vien                 →  1,695 records
[2026-04-19T14:58:17.789+0000] {logging_mixin.py:188} WARNING - [2026-04-19 14:58:17] INFO    etl.extract :   PostgreSQL | hoc_phan                  →    121 records
[2026-04-19T14:58:17.789+0000] {extract.py:68} INFO -   PostgreSQL | hoc_phan                  →    121 records
[2026-04-19T14:58:17.805+0000] {logging_mixin.py:188} WARNING - [2026-04-19 14:58:17] INFO    etl.extract :   PostgreSQL | hoc_ky_nam_hoc            →     13 records
[2026-04-19T14:58:17.805+0000] {extract.py:68} INFO -   PostgreSQL | hoc_ky_nam_hoc            →     13 records
[2026-04-19T14:58:18.000+0000] {logging_mixin.py:188} WARNING - [2026-04-19 14:58:18] INFO    etl.extract :   PostgreSQL | dang_ky_hoc_phan          → 54,912 records
[2026-04-19T14:58:18.000+0000] {extract.py:68} INFO -   PostgreSQL | dang_ky_hoc_phan          → 54,912 records
[2026-04-19T14:58:18.530+0000] {logging_mixin.py:188} WARNING - [2026-04-19 14:58:18] INFO    etl.extract :   PostgreSQL | diem_hoc_phan             → 54,460 records
[2026-04-19T14:58:18.530+0000] {extract.py:68} INFO -   PostgreSQL | diem_hoc_phan             → 54,460 records
[2026-04-19T14:58:18.585+0000] {logging_mixin.py:188} WARNING - [2026-04-19 14:58:18] INFO    etl.extract :   PostgreSQL | tong_hop_ket_qua          →  1,695 records
[2026-04-19T14:58:18.585+0000] {extract.py:68} INFO -   PostgreSQL | tong_hop_ket_qua          →  1,695 records
[2026-04-19T14:58:18.586+0000] {logging_mixin.py:188} WARNING - [2026-04-19 14:58:18] INFO    etl.extract :   PostgreSQL | TỔNG: 112,996 records từ 10 bảng
[2026-04-19T14:58:18.586+0000] {extract.py:93} INFO -   PostgreSQL | TỔNG: 112,996 records từ 10 bảng
[2026-04-19T14:58:18.587+0000] {logging_mixin.py:188} WARNING - [2026-04-19 14:58:18] INFO    etl.extract : ════════════════════════════════════════════════════════════
[2026-04-19T14:58:18.587+0000] {extract.py:167} INFO - ════════════════════════════════════════════════════════════
[2026-04-19T14:58:18.588+0000] {logging_mixin.py:188} WARNING - [2026-04-19 14:58:18] INFO    etl.extract : NGUỒN 2 — CSV (Phòng CTSV) | Extract
[2026-04-19T14:58:18.588+0000] {extract.py:168} INFO - NGUỒN 2 — CSV (Phòng CTSV) | Extract
[2026-04-19T14:58:18.590+0000] {logging_mixin.py:188} WARNING - [2026-04-19 14:58:18] INFO    etl.extract : ════════════════════════════════════════════════════════════
[2026-04-19T14:58:18.590+0000] {extract.py:169} INFO - ════════════════════════════════════════════════════════════
[2026-04-19T14:58:18.595+0000] {logging_mixin.py:188} WARNING - [2026-04-19 14:58:18] INFO    etl.extract :   CSV | Tìm thấy 13 file(s)
[2026-04-19T14:58:18.595+0000] {extract.py:178} INFO -   CSV | Tìm thấy 13 file(s)
[2026-04-19T14:58:18.776+0000] {logging_mixin.py:188} WARNING - [2026-04-19 14:58:18] INFO    etl.extract :   CSV | ctsv_HK1_2021_22.csv                →    791 records
[2026-04-19T14:58:18.776+0000] {extract.py:144} INFO -   CSV | ctsv_HK1_2021_22.csv                →    791 records
[2026-04-19T14:58:18.793+0000] {logging_mixin.py:188} WARNING - [2026-04-19 14:58:18] INFO    etl.extract :   CSV | ctsv_HK1_2022_23.csv                →  1,586 records
[2026-04-19T14:58:18.793+0000] {extract.py:144} INFO -   CSV | ctsv_HK1_2022_23.csv                →  1,586 records
[2026-04-19T14:58:18.816+0000] {logging_mixin.py:188} WARNING - [2026-04-19 14:58:18] INFO    etl.extract :   CSV | ctsv_HK1_2023_24.csv                →  2,391 records
[2026-04-19T14:58:18.816+0000] {extract.py:144} INFO -   CSV | ctsv_HK1_2023_24.csv                →  2,391 records
[2026-04-19T14:58:18.836+0000] {logging_mixin.py:188} WARNING - [2026-04-19 14:58:18] INFO    etl.extract :   CSV | ctsv_HK1_2024_25.csv                →  3,246 records
[2026-04-19T14:58:18.836+0000] {extract.py:144} INFO -   CSV | ctsv_HK1_2024_25.csv                →  3,246 records
[2026-04-19T14:58:18.946+0000] {logging_mixin.py:188} WARNING - [2026-04-19 14:58:18] INFO    etl.extract :   CSV | ctsv_HK1_2025_26.csv                →  2,449 records
[2026-04-19T14:58:18.946+0000] {extract.py:144} INFO -   CSV | ctsv_HK1_2025_26.csv                →  2,449 records
[2026-04-19T14:58:18.963+0000] {logging_mixin.py:188} WARNING - [2026-04-19 14:58:18] INFO    etl.extract :   CSV | ctsv_HK2_2021_22.csv                →    788 records
[2026-04-19T14:58:18.963+0000] {extract.py:144} INFO -   CSV | ctsv_HK2_2021_22.csv                →    788 records
[2026-04-19T14:58:18.999+0000] {logging_mixin.py:188} WARNING - [2026-04-19 14:58:18] INFO    etl.extract :   CSV | ctsv_HK2_2022_23.csv                →  1,574 records
[2026-04-19T14:58:18.999+0000] {extract.py:144} INFO -   CSV | ctsv_HK2_2022_23.csv                →  1,574 records
[2026-04-19T14:58:19.016+0000] {logging_mixin.py:188} WARNING - [2026-04-19 14:58:19] INFO    etl.extract :   CSV | ctsv_HK2_2023_24.csv                →  2,397 records
[2026-04-19T14:58:19.016+0000] {extract.py:144} INFO -   CSV | ctsv_HK2_2023_24.csv                →  2,397 records
[2026-04-19T14:58:19.073+0000] {logging_mixin.py:188} WARNING - [2026-04-19 14:58:19] INFO    etl.extract :   CSV | ctsv_HK2_2024_25.csv                →  2,870 records
[2026-04-19T14:58:19.073+0000] {extract.py:144} INFO -   CSV | ctsv_HK2_2024_25.csv                →  2,870 records
[2026-04-19T14:58:19.092+0000] {logging_mixin.py:188} WARNING - [2026-04-19 14:58:19] INFO    etl.extract :   CSV | ctsv_HK3_2021_22.csv                →     44 records
[2026-04-19T14:58:19.092+0000] {extract.py:144} INFO -   CSV | ctsv_HK3_2021_22.csv                →     44 records
[2026-04-19T14:58:19.110+0000] {logging_mixin.py:188} WARNING - [2026-04-19 14:58:19] INFO    etl.extract :   CSV | ctsv_HK3_2022_23.csv                →     70 records
[2026-04-19T14:58:19.110+0000] {extract.py:144} INFO -   CSV | ctsv_HK3_2022_23.csv                →     70 records
[2026-04-19T14:58:19.129+0000] {logging_mixin.py:188} WARNING - [2026-04-19 14:58:19] INFO    etl.extract :   CSV | ctsv_HK3_2023_24.csv                →    129 records
[2026-04-19T14:58:19.129+0000] {extract.py:144} INFO -   CSV | ctsv_HK3_2023_24.csv                →    129 records
[2026-04-19T14:58:19.147+0000] {logging_mixin.py:188} WARNING - [2026-04-19 14:58:19] INFO    etl.extract :   CSV | ctsv_HK3_2024_25.csv                →     71 records
[2026-04-19T14:58:19.147+0000] {extract.py:144} INFO -   CSV | ctsv_HK3_2024_25.csv                →     71 records
[2026-04-19T14:58:19.156+0000] {logging_mixin.py:188} WARNING - [2026-04-19 14:58:19] INFO    etl.extract :   CSV | Loại bỏ 8963 bản ghi trùng
[2026-04-19T14:58:19.156+0000] {extract.py:195} INFO -   CSV | Loại bỏ 8963 bản ghi trùng
[2026-04-19T14:58:19.158+0000] {logging_mixin.py:188} WARNING - [2026-04-19 14:58:19] INFO    etl.extract :   CSV | TỔNG: 9,443 records từ 13 file(s)
[2026-04-19T14:58:19.157+0000] {extract.py:197} INFO -   CSV | TỔNG: 9,443 records từ 13 file(s)
[2026-04-19T14:58:19.214+0000] {logging_mixin.py:188} WARNING - [2026-04-19 14:58:19] INFO    etl.extract :   API | metadata: generated_at=None, schema_version=None
[2026-04-19T14:58:19.214+0000] {extract.py:232} INFO -   API | metadata: generated_at=None, schema_version=None
[2026-04-19T14:58:19.218+0000] {logging_mixin.py:188} WARNING - [2026-04-19 14:58:19] WARNING etl.extract :   API | (HTTP) HK HK1-2021-22: Loại bỏ 3 duplicate records (ma_sinh_vien, hoc_ky)
[2026-04-19T14:58:19.218+0000] {extract.py:254} WARNING -   API | (HTTP) HK HK1-2021-22: Loại bỏ 3 duplicate records (ma_sinh_vien, hoc_ky)
[2026-04-19T14:58:19.219+0000] {logging_mixin.py:188} WARNING - [2026-04-19 14:58:19] INFO    etl.extract :   API | (HTTP) HK HK1-2021-22 →    390 records
[2026-04-19T14:58:19.219+0000] {extract.py:259} INFO -   API | (HTTP) HK HK1-2021-22 →    390 records
[2026-04-19T14:58:19.244+0000] {logging_mixin.py:188} WARNING - [2026-04-19 14:58:19] INFO    etl.extract :   API | metadata: generated_at=None, schema_version=None
[2026-04-19T14:58:19.244+0000] {extract.py:232} INFO -   API | metadata: generated_at=None, schema_version=None
[2026-04-19T14:58:19.248+0000] {logging_mixin.py:188} WARNING - [2026-04-19 14:58:19] WARNING etl.extract :   API | (HTTP) HK HK1-2022-23: Loại bỏ 4 duplicate records (ma_sinh_vien, hoc_ky)
[2026-04-19T14:58:19.248+0000] {extract.py:254} WARNING -   API | (HTTP) HK HK1-2022-23: Loại bỏ 4 duplicate records (ma_sinh_vien, hoc_ky)
[2026-04-19T14:58:19.249+0000] {logging_mixin.py:188} WARNING - [2026-04-19 14:58:19] INFO    etl.extract :   API | (HTTP) HK HK1-2022-23 →    800 records
[2026-04-19T14:58:19.249+0000] {extract.py:259} INFO -   API | (HTTP) HK HK1-2022-23 →    800 records
[2026-04-19T14:58:19.270+0000] {logging_mixin.py:188} WARNING - [2026-04-19 14:58:19] INFO    etl.extract :   API | metadata: generated_at=None, schema_version=None
[2026-04-19T14:58:19.270+0000] {extract.py:232} INFO -   API | metadata: generated_at=None, schema_version=None
[2026-04-19T14:58:19.274+0000] {logging_mixin.py:188} WARNING - [2026-04-19 14:58:19] WARNING etl.extract :   API | (HTTP) HK HK1-2023-24: Loại bỏ 9 duplicate records (ma_sinh_vien, hoc_ky)
[2026-04-19T14:58:19.274+0000] {extract.py:254} WARNING -   API | (HTTP) HK HK1-2023-24: Loại bỏ 9 duplicate records (ma_sinh_vien, hoc_ky)
[2026-04-19T14:58:19.275+0000] {logging_mixin.py:188} WARNING - [2026-04-19 14:58:19] INFO    etl.extract :   API | (HTTP) HK HK1-2023-24 →  1,223 records
[2026-04-19T14:58:19.275+0000] {extract.py:259} INFO -   API | (HTTP) HK HK1-2023-24 →  1,223 records
[2026-04-19T14:58:19.302+0000] {logging_mixin.py:188} WARNING - [2026-04-19 14:58:19] INFO    etl.extract :   API | metadata: generated_at=None, schema_version=None
[2026-04-19T14:58:19.302+0000] {extract.py:232} INFO -   API | metadata: generated_at=None, schema_version=None
[2026-04-19T14:58:19.306+0000] {logging_mixin.py:188} WARNING - [2026-04-19 14:58:19] WARNING etl.extract :   API | (HTTP) HK HK1-2024-25: Loại bỏ 12 duplicate records (ma_sinh_vien, hoc_ky)
[2026-04-19T14:58:19.306+0000] {extract.py:254} WARNING -   API | (HTTP) HK HK1-2024-25: Loại bỏ 12 duplicate records (ma_sinh_vien, hoc_ky)
[2026-04-19T14:58:19.308+0000] {logging_mixin.py:188} WARNING - [2026-04-19 14:58:19] INFO    etl.extract :   API | (HTTP) HK HK1-2024-25 →  1,643 records
[2026-04-19T14:58:19.308+0000] {extract.py:259} INFO -   API | (HTTP) HK HK1-2024-25 →  1,643 records
[2026-04-19T14:58:19.337+0000] {logging_mixin.py:188} WARNING - [2026-04-19 14:58:19] INFO    etl.extract :   API | metadata: generated_at=None, schema_version=None
[2026-04-19T14:58:19.336+0000] {extract.py:232} INFO -   API | metadata: generated_at=None, schema_version=None
[2026-04-19T14:58:19.340+0000] {logging_mixin.py:188} WARNING - [2026-04-19 14:58:19] WARNING etl.extract :   API | (HTTP) HK HK1-2025-26: Loại bỏ 11 duplicate records (ma_sinh_vien, hoc_ky)
[2026-04-19T14:58:19.340+0000] {extract.py:254} WARNING -   API | (HTTP) HK HK1-2025-26: Loại bỏ 11 duplicate records (ma_sinh_vien, hoc_ky)
[2026-04-19T14:58:19.341+0000] {logging_mixin.py:188} WARNING - [2026-04-19 14:58:19] INFO    etl.extract :   API | (HTTP) HK HK1-2025-26 →  1,256 records
[2026-04-19T14:58:19.341+0000] {extract.py:259} INFO -   API | (HTTP) HK HK1-2025-26 →  1,256 records
[2026-04-19T14:58:19.352+0000] {logging_mixin.py:188} WARNING - [2026-04-19 14:58:19] INFO    etl.extract :   API | metadata: generated_at=None, schema_version=None
[2026-04-19T14:58:19.352+0000] {extract.py:232} INFO -   API | metadata: generated_at=None, schema_version=None
[2026-04-19T14:58:19.355+0000] {logging_mixin.py:188} WARNING - [2026-04-19 14:58:19] WARNING etl.extract :   API | (HTTP) HK HK2-2021-22: Loại bỏ 4 duplicate records (ma_sinh_vien, hoc_ky)
[2026-04-19T14:58:19.355+0000] {extract.py:254} WARNING -   API | (HTTP) HK HK2-2021-22: Loại bỏ 4 duplicate records (ma_sinh_vien, hoc_ky)
[2026-04-19T14:58:19.356+0000] {logging_mixin.py:188} WARNING - [2026-04-19 14:58:19] INFO    etl.extract :   API | (HTTP) HK HK2-2021-22 →    390 records
[2026-04-19T14:58:19.356+0000] {extract.py:259} INFO -   API | (HTTP) HK HK2-2021-22 →    390 records
[2026-04-19T14:58:19.374+0000] {logging_mixin.py:188} WARNING - [2026-04-19 14:58:19] INFO    etl.extract :   API | metadata: generated_at=None, schema_version=None
[2026-04-19T14:58:19.374+0000] {extract.py:232} INFO -   API | metadata: generated_at=None, schema_version=None
[2026-04-19T14:58:19.377+0000] {logging_mixin.py:188} WARNING - [2026-04-19 14:58:19] WARNING etl.extract :   API | (HTTP) HK HK2-2022-23: Loại bỏ 8 duplicate records (ma_sinh_vien, hoc_ky)
[2026-04-19T14:58:19.377+0000] {extract.py:254} WARNING -   API | (HTTP) HK HK2-2022-23: Loại bỏ 8 duplicate records (ma_sinh_vien, hoc_ky)
[2026-04-19T14:58:19.378+0000] {logging_mixin.py:188} WARNING - [2026-04-19 14:58:19] INFO    etl.extract :   API | (HTTP) HK HK2-2022-23 →    795 records
[2026-04-19T14:58:19.378+0000] {extract.py:259} INFO -   API | (HTTP) HK HK2-2022-23 →    795 records
[2026-04-19T14:58:19.398+0000] {logging_mixin.py:188} WARNING - [2026-04-19 14:58:19] INFO    etl.extract :   API | metadata: generated_at=None, schema_version=None
[2026-04-19T14:58:19.398+0000] {extract.py:232} INFO -   API | metadata: generated_at=None, schema_version=None
[2026-04-19T14:58:19.403+0000] {logging_mixin.py:188} WARNING - [2026-04-19 14:58:19] WARNING etl.extract :   API | (HTTP) HK HK2-2023-24: Loại bỏ 8 duplicate records (ma_sinh_vien, hoc_ky)
[2026-04-19T14:58:19.403+0000] {extract.py:254} WARNING -   API | (HTTP) HK HK2-2023-24: Loại bỏ 8 duplicate records (ma_sinh_vien, hoc_ky)
[2026-04-19T14:58:19.405+0000] {logging_mixin.py:188} WARNING - [2026-04-19 14:58:19] INFO    etl.extract :   API | (HTTP) HK HK2-2023-24 →  1,218 records
[2026-04-19T14:58:19.404+0000] {extract.py:259} INFO -   API | (HTTP) HK HK2-2023-24 →  1,218 records
[2026-04-19T14:58:19.431+0000] {logging_mixin.py:188} WARNING - [2026-04-19 14:58:19] INFO    etl.extract :   API | metadata: generated_at=None, schema_version=None
[2026-04-19T14:58:19.431+0000] {extract.py:232} INFO -   API | metadata: generated_at=None, schema_version=None
[2026-04-19T14:58:19.435+0000] {logging_mixin.py:188} WARNING - [2026-04-19 14:58:19] WARNING etl.extract :   API | (HTTP) HK HK2-2024-25: Loại bỏ 15 duplicate records (ma_sinh_vien, hoc_ky)
[2026-04-19T14:58:19.435+0000] {extract.py:254} WARNING -   API | (HTTP) HK HK2-2024-25: Loại bỏ 15 duplicate records (ma_sinh_vien, hoc_ky)
[2026-04-19T14:58:19.436+0000] {logging_mixin.py:188} WARNING - [2026-04-19 14:58:19] INFO    etl.extract :   API | (HTTP) HK HK2-2024-25 →  1,510 records
[2026-04-19T14:58:19.436+0000] {extract.py:259} INFO -   API | (HTTP) HK HK2-2024-25 →  1,510 records
[2026-04-19T14:58:19.459+0000] {logging_mixin.py:188} WARNING - [2026-04-19 14:58:19] INFO    etl.extract :   API | metadata: generated_at=None, schema_version=None
[2026-04-19T14:58:19.458+0000] {extract.py:232} INFO -   API | metadata: generated_at=None, schema_version=None
[2026-04-19T14:58:19.477+0000] {logging_mixin.py:188} WARNING - [2026-04-19 14:58:19] INFO    etl.extract :   API | (JSON) taichinh_HK3_2021_22.json | generated_at=2026-04-19T21:57:34
[2026-04-19T14:58:19.477+0000] {extract.py:282} INFO -   API | (JSON) taichinh_HK3_2021_22.json | generated_at=2026-04-19T21:57:34
[2026-04-19T14:58:19.479+0000] {logging_mixin.py:188} WARNING - [2026-04-19 14:58:19] INFO    etl.extract :   API | (JSON) taichinh_HK3_2021_22.json →     23 records
[2026-04-19T14:58:19.479+0000] {extract.py:310} INFO -   API | (JSON) taichinh_HK3_2021_22.json →     23 records
[2026-04-19T14:58:19.489+0000] {logging_mixin.py:188} WARNING - [2026-04-19 14:58:19] INFO    etl.extract :   API | metadata: generated_at=None, schema_version=None
[2026-04-19T14:58:19.489+0000] {extract.py:232} INFO -   API | metadata: generated_at=None, schema_version=None
[2026-04-19T14:58:19.508+0000] {logging_mixin.py:188} WARNING - [2026-04-19 14:58:19] INFO    etl.extract :   API | (JSON) taichinh_HK3_2022_23.json | generated_at=2026-04-19T21:57:34
[2026-04-19T14:58:19.508+0000] {extract.py:282} INFO -   API | (JSON) taichinh_HK3_2022_23.json | generated_at=2026-04-19T21:57:34
[2026-04-19T14:58:19.510+0000] {logging_mixin.py:188} WARNING - [2026-04-19 14:58:19] INFO    etl.extract :   API | (JSON) taichinh_HK3_2022_23.json →     37 records
[2026-04-19T14:58:19.510+0000] {extract.py:310} INFO -   API | (JSON) taichinh_HK3_2022_23.json →     37 records
[2026-04-19T14:58:19.520+0000] {logging_mixin.py:188} WARNING - [2026-04-19 14:58:19] INFO    etl.extract :   API | metadata: generated_at=None, schema_version=None
[2026-04-19T14:58:19.520+0000] {extract.py:232} INFO -   API | metadata: generated_at=None, schema_version=None
[2026-04-19T14:58:19.540+0000] {logging_mixin.py:188} WARNING - [2026-04-19 14:58:19] INFO    etl.extract :   API | (JSON) taichinh_HK3_2023_24.json | generated_at=2026-04-19T21:57:34
[2026-04-19T14:58:19.540+0000] {extract.py:282} INFO -   API | (JSON) taichinh_HK3_2023_24.json | generated_at=2026-04-19T21:57:34
[2026-04-19T14:58:19.541+0000] {logging_mixin.py:188} WARNING - [2026-04-19 14:58:19] INFO    etl.extract :   API | (JSON) taichinh_HK3_2023_24.json →     61 records
[2026-04-19T14:58:19.541+0000] {extract.py:310} INFO -   API | (JSON) taichinh_HK3_2023_24.json →     61 records
[2026-04-19T14:58:19.552+0000] {logging_mixin.py:188} WARNING - [2026-04-19 14:58:19] INFO    etl.extract :   API | metadata: generated_at=None, schema_version=None
[2026-04-19T14:58:19.552+0000] {extract.py:232} INFO -   API | metadata: generated_at=None, schema_version=None
[2026-04-19T14:58:19.570+0000] {logging_mixin.py:188} WARNING - [2026-04-19 14:58:19] INFO    etl.extract :   API | (JSON) taichinh_HK3_2024_25.json | generated_at=2026-04-19T21:57:34
[2026-04-19T14:58:19.570+0000] {extract.py:282} INFO -   API | (JSON) taichinh_HK3_2024_25.json | generated_at=2026-04-19T21:57:34
[2026-04-19T14:58:19.573+0000] {logging_mixin.py:188} WARNING - [2026-04-19 14:58:19] INFO    etl.extract :   API | (JSON) taichinh_HK3_2024_25.json →     41 records
[2026-04-19T14:58:19.573+0000] {extract.py:310} INFO -   API | (JSON) taichinh_HK3_2024_25.json →     41 records
[2026-04-19T14:58:19.576+0000] {logging_mixin.py:188} WARNING - [2026-04-19 14:58:19] INFO    etl.extract :   API | TỔNG: 9,387 records từ 13 HK
[2026-04-19T14:58:19.576+0000] {extract.py:335} INFO -   API | TỔNG: 9,387 records từ 13 HK
[2026-04-19T14:58:19.951+0000] {logging_mixin.py:188} WARNING - [2026-04-19 14:58:19] INFO    utils.minio :   MinIO ↑ [raw-data] 2026-04-19_14-58/nguon1_sinh_vien.parquet (47.3 KB | 1,695 rows)
[2026-04-19T14:58:19.951+0000] {minio_client.py:142} INFO -   MinIO ↑ [raw-data] 2026-04-19_14-58/nguon1_sinh_vien.parquet (47.3 KB | 1,695 rows)
[2026-04-19T14:58:20.001+0000] {logging_mixin.py:188} WARNING - [2026-04-19 14:58:20] INFO    utils.minio :   MinIO ↑ [raw-data] 2026-04-19_14-58/nguon1_dang_ky.parquet (472.1 KB | 54,912 rows)
[2026-04-19T14:58:20.001+0000] {minio_client.py:142} INFO -   MinIO ↑ [raw-data] 2026-04-19_14-58/nguon1_dang_ky.parquet (472.1 KB | 54,912 rows)
[2026-04-19T14:58:20.070+0000] {logging_mixin.py:188} WARNING - [2026-04-19 14:58:20] INFO    utils.minio :   MinIO ↑ [raw-data] 2026-04-19_14-58/nguon1_diem.parquet (1131.6 KB | 54,460 rows)
[2026-04-19T14:58:20.070+0000] {minio_client.py:142} INFO -   MinIO ↑ [raw-data] 2026-04-19_14-58/nguon1_diem.parquet (1131.6 KB | 54,460 rows)
[2026-04-19T14:58:20.082+0000] {logging_mixin.py:188} WARNING - [2026-04-19 14:58:20] INFO    utils.minio :   MinIO ↑ [raw-data] 2026-04-19_14-58/nguon1_hoc_phan.parquet (10.3 KB | 121 rows)
[2026-04-19T14:58:20.082+0000] {minio_client.py:142} INFO -   MinIO ↑ [raw-data] 2026-04-19_14-58/nguon1_hoc_phan.parquet (10.3 KB | 121 rows)
[2026-04-19T14:58:20.093+0000] {logging_mixin.py:188} WARNING - [2026-04-19 14:58:20] INFO    utils.minio :   MinIO ↑ [raw-data] 2026-04-19_14-58/nguon1_hoc_ky.parquet (4.2 KB | 13 rows)
[2026-04-19T14:58:20.093+0000] {minio_client.py:142} INFO -   MinIO ↑ [raw-data] 2026-04-19_14-58/nguon1_hoc_ky.parquet (4.2 KB | 13 rows)
[2026-04-19T14:58:20.105+0000] {logging_mixin.py:188} WARNING - [2026-04-19 14:58:20] INFO    utils.minio :   MinIO ↑ [raw-data] 2026-04-19_14-58/nguon1_giang_vien.parquet (8.3 KB | 45 rows)
[2026-04-19T14:58:20.105+0000] {minio_client.py:142} INFO -   MinIO ↑ [raw-data] 2026-04-19_14-58/nguon1_giang_vien.parquet (8.3 KB | 45 rows)
[2026-04-19T14:58:20.115+0000] {logging_mixin.py:188} WARNING - [2026-04-19 14:58:20] INFO    utils.minio :   MinIO ↑ [raw-data] 2026-04-19_14-58/nguon1_khoa.parquet (2.6 KB | 4 rows)
[2026-04-19T14:58:20.115+0000] {minio_client.py:142} INFO -   MinIO ↑ [raw-data] 2026-04-19_14-58/nguon1_khoa.parquet (2.6 KB | 4 rows)
[2026-04-19T14:58:20.126+0000] {logging_mixin.py:188} WARNING - [2026-04-19 14:58:20] INFO    utils.minio :   MinIO ↑ [raw-data] 2026-04-19_14-58/nguon1_nganh.parquet (3.2 KB | 3 rows)
[2026-04-19T14:58:20.126+0000] {minio_client.py:142} INFO -   MinIO ↑ [raw-data] 2026-04-19_14-58/nguon1_nganh.parquet (3.2 KB | 3 rows)
[2026-04-19T14:58:20.136+0000] {logging_mixin.py:188} WARNING - [2026-04-19 14:58:20] INFO    utils.minio :   MinIO ↑ [raw-data] 2026-04-19_14-58/nguon1_lop_hanh_chinh.parquet (4.8 KB | 48 rows)
[2026-04-19T14:58:20.136+0000] {minio_client.py:142} INFO -   MinIO ↑ [raw-data] 2026-04-19_14-58/nguon1_lop_hanh_chinh.parquet (4.8 KB | 48 rows)
[2026-04-19T14:58:20.148+0000] {logging_mixin.py:188} WARNING - [2026-04-19 14:58:20] INFO    utils.minio :   MinIO ↑ [raw-data] 2026-04-19_14-58/nguon1_tong_hop_ket_qua.parquet (21.5 KB | 1,695 rows)
[2026-04-19T14:58:20.148+0000] {minio_client.py:142} INFO -   MinIO ↑ [raw-data] 2026-04-19_14-58/nguon1_tong_hop_ket_qua.parquet (21.5 KB | 1,695 rows)
[2026-04-19T14:58:20.163+0000] {logging_mixin.py:188} WARNING - [2026-04-19 14:58:20] INFO    utils.minio :   MinIO ↑ [raw-data] 2026-04-19_14-58/nguon2_ctsv.parquet (41.9 KB | 9,443 rows)
[2026-04-19T14:58:20.163+0000] {minio_client.py:142} INFO -   MinIO ↑ [raw-data] 2026-04-19_14-58/nguon2_ctsv.parquet (41.9 KB | 9,443 rows)
[2026-04-19T14:58:20.183+0000] {logging_mixin.py:188} WARNING - [2026-04-19 14:58:20] INFO    utils.minio :   MinIO ↑ [raw-data] 2026-04-19_14-58/nguon3_tai_chinh.parquet (94.2 KB | 9,387 rows)
[2026-04-19T14:58:20.183+0000] {minio_client.py:142} INFO -   MinIO ↑ [raw-data] 2026-04-19_14-58/nguon3_tai_chinh.parquet (94.2 KB | 9,387 rows)
[2026-04-19T14:58:20.185+0000] {logging_mixin.py:188} WARNING - [2026-04-19 14:58:20] INFO    utils.minio :   MinIO upload xong: 12/12 files | run_id=2026-04-19_14-58
[2026-04-19T14:58:20.185+0000] {minio_client.py:188} INFO -   MinIO upload xong: 12/12 files | run_id=2026-04-19_14-58
[2026-04-19T14:58:20.187+0000] {logging_mixin.py:188} WARNING - [2026-04-19 14:58:20] INFO    etl.extract :   MinIO staging: 12/12 files OK → run_id=2026-04-19_14-58
[2026-04-19T14:58:20.187+0000] {extract.py:402} INFO -   MinIO staging: 12/12 files OK → run_id=2026-04-19_14-58
[2026-04-19T14:58:20.189+0000] {logging_mixin.py:188} WARNING - [2026-04-19 14:58:20] INFO    etl.extract : ======================================================================
[2026-04-19T14:58:20.189+0000] {extract.py:365} INFO - ======================================================================
[2026-04-19T14:58:20.190+0000] {logging_mixin.py:188} WARNING - [2026-04-19 14:58:20] INFO    etl.extract :  FULL EXTRACT HOÀN TẤT
[2026-04-19T14:58:20.190+0000] {extract.py:366} INFO -  FULL EXTRACT HOÀN TẤT
[2026-04-19T14:58:20.191+0000] {logging_mixin.py:188} WARNING - [2026-04-19 14:58:20] INFO    etl.extract :    khoa                     :        4
[2026-04-19T14:58:20.191+0000] {extract.py:368} INFO -    khoa                     :        4
[2026-04-19T14:58:20.193+0000] {logging_mixin.py:188} WARNING - [2026-04-19 14:58:20] INFO    etl.extract :    nganh                    :        3
[2026-04-19T14:58:20.193+0000] {extract.py:368} INFO -    nganh                    :        3
[2026-04-19T14:58:20.193+0000] {logging_mixin.py:188} WARNING - [2026-04-19 14:58:20] INFO    etl.extract :    giang_vien               :       45
[2026-04-19T14:58:20.193+0000] {extract.py:368} INFO -    giang_vien               :       45
[2026-04-19T14:58:20.194+0000] {logging_mixin.py:188} WARNING - [2026-04-19 14:58:20] INFO    etl.extract :    lop_hanh_chinh           :       48
[2026-04-19T14:58:20.194+0000] {extract.py:368} INFO -    lop_hanh_chinh           :       48
[2026-04-19T14:58:20.195+0000] {logging_mixin.py:188} WARNING - [2026-04-19 14:58:20] INFO    etl.extract :    sinh_vien                :    1,695
[2026-04-19T14:58:20.195+0000] {extract.py:368} INFO -    sinh_vien                :    1,695
[2026-04-19T14:58:20.196+0000] {logging_mixin.py:188} WARNING - [2026-04-19 14:58:20] INFO    etl.extract :    hoc_phan                 :      121
[2026-04-19T14:58:20.196+0000] {extract.py:368} INFO -    hoc_phan                 :      121
[2026-04-19T14:58:20.197+0000] {logging_mixin.py:188} WARNING - [2026-04-19 14:58:20] INFO    etl.extract :    hoc_ky_nam_hoc           :       13
[2026-04-19T14:58:20.197+0000] {extract.py:368} INFO -    hoc_ky_nam_hoc           :       13
[2026-04-19T14:58:20.198+0000] {logging_mixin.py:188} WARNING - [2026-04-19 14:58:20] INFO    etl.extract :    dang_ky_hoc_phan         :   54,912
[2026-04-19T14:58:20.198+0000] {extract.py:368} INFO -    dang_ky_hoc_phan         :   54,912
[2026-04-19T14:58:20.200+0000] {logging_mixin.py:188} WARNING - [2026-04-19 14:58:20] INFO    etl.extract :    diem_hoc_phan            :   54,460
[2026-04-19T14:58:20.200+0000] {extract.py:368} INFO -    diem_hoc_phan            :   54,460
[2026-04-19T14:58:20.201+0000] {logging_mixin.py:188} WARNING - [2026-04-19 14:58:20] INFO    etl.extract :    tong_hop_ket_qua         :    1,695
[2026-04-19T14:58:20.201+0000] {extract.py:368} INFO -    tong_hop_ket_qua         :    1,695
[2026-04-19T14:58:20.202+0000] {logging_mixin.py:188} WARNING - [2026-04-19 14:58:20] INFO    etl.extract :    ctsv_data                :    9,443
[2026-04-19T14:58:20.201+0000] {extract.py:368} INFO -    ctsv_data                :    9,443
[2026-04-19T14:58:20.202+0000] {logging_mixin.py:188} WARNING - [2026-04-19 14:58:20] INFO    etl.extract :    tai_chinh_data           :    9,387
[2026-04-19T14:58:20.202+0000] {extract.py:368} INFO -    tai_chinh_data           :    9,387
[2026-04-19T14:58:20.203+0000] {logging_mixin.py:188} WARNING - [2026-04-19 14:58:20] INFO    etl.extract : ======================================================================
[2026-04-19T14:58:20.203+0000] {extract.py:369} INFO - ======================================================================
[2026-04-19T14:58:20.237+0000] {logging_mixin.py:188} INFO - Extract xong: {'khoa': 4, 'nganh': 3, 'giang_vien': 45, 'lop_hanh_chinh': 48, 'sinh_vien': 1695, 'hoc_phan': 121, 'hoc_ky_nam_hoc': 13, 'dang_ky_hoc_phan': 54912, 'diem_hoc_phan': 54460, 'tong_hop_ket_qua': 1695, 'ctsv_data': 9443, 'tai_chinh_data': 9387}
[2026-04-19T14:58:20.247+0000] {python.py:201} INFO - Done. Returned value was: {'khoa': 4, 'nganh': 3, 'giang_vien': 45, 'lop_hanh_chinh': 48, 'sinh_vien': 1695, 'hoc_phan': 121, 'hoc_ky_nam_hoc': 13, 'dang_ky_hoc_phan': 54912, 'diem_hoc_phan': 54460, 'tong_hop_ket_qua': 1695, 'ctsv_data': 9443, 'tai_chinh_data': 9387}
[2026-04-19T14:58:20.268+0000] {taskinstance.py:1138} INFO - Marking task as SUCCESS. dag_id=daily_student_pipeline, task_id=extract_data, execution_date=20260419T145811, start_date=20260419T145814, end_date=20260419T145820
[2026-04-19T14:58:20.315+0000] {local_task_job_runner.py:234} INFO - Task exited with return code 0
[2026-04-19T14:58:20.338+0000] {taskinstance.py:3280} INFO - 1 downstream tasks scheduled from follow-on schedule check
