[2026-04-03T11:00:17.304+0000] {taskinstance.py:1956} INFO - Dependencies all met for dep_context=non-requeueable deps ti=<TaskInstance: daily_student_pipeline.load_data manual__2026-04-03T10:59:48.910693+00:00 [queued]>
[2026-04-03T11:00:17.324+0000] {taskinstance.py:1956} INFO - Dependencies all met for dep_context=requeueable deps ti=<TaskInstance: daily_student_pipeline.load_data manual__2026-04-03T10:59:48.910693+00:00 [queued]>
[2026-04-03T11:00:17.325+0000] {taskinstance.py:2170} INFO - Starting attempt 1 of 1
[2026-04-03T11:00:17.347+0000] {taskinstance.py:2191} INFO - Executing <Task(PythonOperator): load_data> on 2026-04-03 10:59:48.910693+00:00
[2026-04-03T11:00:17.355+0000] {standard_task_runner.py:60} INFO - Started process 4466 to run task
[2026-04-03T11:00:17.358+0000] {standard_task_runner.py:87} INFO - Running: ['***', 'tasks', 'run', 'daily_student_pipeline', 'load_data', 'manual__2026-04-03T10:59:48.910693+00:00', '--job-id', '135', '--raw', '--subdir', 'DAGS_FOLDER/daily_student_pipeline.py', '--cfg-path', '/tmp/tmp7se8ihwz']
[2026-04-03T11:00:17.363+0000] {standard_task_runner.py:88} INFO - Job 135: Subtask load_data
[2026-04-03T11:00:17.558+0000] {task_command.py:423} INFO - Running <TaskInstance: daily_student_pipeline.load_data manual__2026-04-03T10:59:48.910693+00:00 [running]> on host 1c62953c8918
[2026-04-03T11:00:17.764+0000] {taskinstance.py:2480} INFO - Exporting env vars: AIRFLOW_CTX_DAG_OWNER='nhom8' AIRFLOW_CTX_DAG_ID='daily_student_pipeline' AIRFLOW_CTX_TASK_ID='load_data' AIRFLOW_CTX_EXECUTION_DATE='2026-04-03T10:59:48.910693+00:00' AIRFLOW_CTX_TRY_NUMBER='1' AIRFLOW_CTX_DAG_RUN_ID='manual__2026-04-03T10:59:48.910693+00:00'
[2026-04-03T11:00:19.513+0000] {logging_mixin.py:188} WARNING - [2026-04-03 11:00:19] INFO    etl.transform :   Load TransformedData từ MinIO staging: run_id=2026-04-03_11-00
[2026-04-03T11:00:19.513+0000] {transform.py:162} INFO -   Load TransformedData từ MinIO staging: run_id=2026-04-03_11-00
[2026-04-03T11:00:19.602+0000] {logging_mixin.py:188} WARNING - [2026-04-03 11:00:19] INFO    utils.minio :   MinIO ↓ [staging-data] 2026-04-03_11-00/dim_hoc_ky.parquet (9 rows)
[2026-04-03T11:00:19.602+0000] {minio_client.py:223} INFO -   MinIO ↓ [staging-data] 2026-04-03_11-00/dim_hoc_ky.parquet (9 rows)
[2026-04-03T11:00:19.632+0000] {logging_mixin.py:188} WARNING - [2026-04-03 11:00:19] INFO    utils.minio :   MinIO ↓ [staging-data] 2026-04-03_11-00/dim_giang_vien.parquet (45 rows)
[2026-04-03T11:00:19.632+0000] {minio_client.py:223} INFO -   MinIO ↓ [staging-data] 2026-04-03_11-00/dim_giang_vien.parquet (45 rows)
[2026-04-03T11:00:19.661+0000] {logging_mixin.py:188} WARNING - [2026-04-03 11:00:19] INFO    utils.minio :   MinIO ↓ [staging-data] 2026-04-03_11-00/dim_hoc_phan.parquet (121 rows)
[2026-04-03T11:00:19.661+0000] {minio_client.py:223} INFO -   MinIO ↓ [staging-data] 2026-04-03_11-00/dim_hoc_phan.parquet (121 rows)
[2026-04-03T11:00:19.701+0000] {logging_mixin.py:188} WARNING - [2026-04-03 11:00:19] INFO    utils.minio :   MinIO ↓ [staging-data] 2026-04-03_11-00/dim_sinh_vien.parquet (1,695 rows)
[2026-04-03T11:00:19.700+0000] {minio_client.py:223} INFO -   MinIO ↓ [staging-data] 2026-04-03_11-00/dim_sinh_vien.parquet (1,695 rows)
[2026-04-03T11:00:19.762+0000] {logging_mixin.py:188} WARNING - [2026-04-03 11:00:19] INFO    utils.minio :   MinIO ↓ [staging-data] 2026-04-03_11-00/fact_diem.parquet (54,529 rows)
[2026-04-03T11:00:19.761+0000] {minio_client.py:223} INFO -   MinIO ↓ [staging-data] 2026-04-03_11-00/fact_diem.parquet (54,529 rows)
[2026-04-03T11:00:19.802+0000] {logging_mixin.py:188} WARNING - [2026-04-03 11:00:19] INFO    utils.minio :   MinIO ↓ [staging-data] 2026-04-03_11-00/fact_ren_luyen.parquet (8,990 rows)
[2026-04-03T11:00:19.801+0000] {minio_client.py:223} INFO -   MinIO ↓ [staging-data] 2026-04-03_11-00/fact_ren_luyen.parquet (8,990 rows)
[2026-04-03T11:00:19.833+0000] {logging_mixin.py:188} WARNING - [2026-04-03 11:00:19] INFO    utils.minio :   MinIO ↓ [staging-data] 2026-04-03_11-00/fact_tai_chinh.parquet (8,990 rows)
[2026-04-03T11:00:19.833+0000] {minio_client.py:223} INFO -   MinIO ↓ [staging-data] 2026-04-03_11-00/fact_tai_chinh.parquet (8,990 rows)
[2026-04-03T11:00:19.853+0000] {logging_mixin.py:188} WARNING - [2026-04-03 11:00:19] WARNING utils.minio :   MinIO không tìm thấy: 2026-04-03_11-00/fact_tong_hop_sv.parquet
[2026-04-03T11:00:19.853+0000] {minio_client.py:229} WARNING -   MinIO không tìm thấy: 2026-04-03_11-00/fact_tong_hop_sv.parquet
[2026-04-03T11:00:19.858+0000] {logging_mixin.py:188} WARNING - [2026-04-03 11:00:19] INFO    etl.transform : Load from staging-data OK — run_id=2026-04-03_11-00
[2026-04-03T11:00:19.858+0000] {transform.py:175} INFO - Load from staging-data OK — run_id=2026-04-03_11-00
[2026-04-03T11:00:19.861+0000] {logging_mixin.py:188} WARNING - [2026-04-03 11:00:19] INFO    etl.load : ==BẮT ĐẦU LOAD VÀO DATA WAREHOUSE==
[2026-04-03T11:00:19.860+0000] {load.py:34} INFO - ==BẮT ĐẦU LOAD VÀO DATA WAREHOUSE==
[2026-04-03T11:00:19.863+0000] {logging_mixin.py:188} WARNING - [2026-04-03 11:00:19] INFO    etl.load : ======================================================================
[2026-04-03T11:00:19.863+0000] {load.py:35} INFO - ======================================================================
[2026-04-03T11:00:19.866+0000] {logging_mixin.py:188} WARNING - [2026-04-03 11:00:19] INFO    etl.load : 🔧 Tạo schema warehouse từ warehouse_models.py...
[2026-04-03T11:00:19.866+0000] {load.py:96} INFO - 🔧 Tạo schema warehouse từ warehouse_models.py...
[2026-04-03T11:00:19.945+0000] {logging_mixin.py:188} WARNING - [2026-04-03 11:00:19] INFO    etl.load :   Schema warehouse OK ✓
[2026-04-03T11:00:19.945+0000] {load.py:98} INFO -   Schema warehouse OK ✓
[2026-04-03T11:00:19.949+0000] {logging_mixin.py:188} WARNING - [2026-04-03 11:00:19] INFO    etl.load : ── Bước 1: Load Dimension Tables ──
[2026-04-03T11:00:19.949+0000] {load.py:41} INFO - ── Bước 1: Load Dimension Tables ──
[2026-04-03T11:00:20.030+0000] {logging_mixin.py:188} WARNING - [2026-04-03 11:00:20] INFO    etl.load :   dim_hoc_ky     →      9 records (new: 0)
[2026-04-03T11:00:20.030+0000] {load.py:185} INFO -   dim_hoc_ky     →      9 records (new: 0)
[2026-04-03T11:00:20.150+0000] {logging_mixin.py:188} WARNING - [2026-04-03 11:00:20] INFO    etl.load :   dim_giang_vien →     45 records (new: 0)
[2026-04-03T11:00:20.150+0000] {load.py:234} INFO -   dim_giang_vien →     45 records (new: 0)
[2026-04-03T11:00:20.382+0000] {logging_mixin.py:188} WARNING - [2026-04-03 11:00:20] INFO    etl.load :   dim_hoc_phan   →    121 records (new: 0)
[2026-04-03T11:00:20.382+0000] {load.py:282} INFO -   dim_hoc_phan   →    121 records (new: 0)
[2026-04-03T11:00:24.743+0000] {logging_mixin.py:188} WARNING - [2026-04-03 11:00:24] INFO    etl.load :   dim_sinh_vien →  1,695 records (new: 0, SCD2: 0, fact cascade: 0)
[2026-04-03T11:00:24.743+0000] {load.py:390} INFO -   dim_sinh_vien →  1,695 records (new: 0, SCD2: 0, fact cascade: 0)
[2026-04-03T11:00:24.748+0000] {logging_mixin.py:188} WARNING - [2026-04-03 11:00:24] INFO    etl.load : ── Bước 2: Build Surrogate Key Cache ──
[2026-04-03T11:00:24.747+0000] {load.py:47} INFO - ── Bước 2: Build Surrogate Key Cache ──
[2026-04-03T11:00:24.751+0000] {logging_mixin.py:188} WARNING - [2026-04-03 11:00:24] INFO    etl.load :  Building surrogate key caches...
[2026-04-03T11:00:24.751+0000] {load.py:101} INFO -  Building surrogate key caches...
[2026-04-03T11:00:24.803+0000] {logging_mixin.py:188} WARNING - [2026-04-03 11:00:24] INFO    etl.load :   SV=1695, HP=121, GV=45, HK=9
[2026-04-03T11:00:24.802+0000] {load.py:129} INFO -   SV=1695, HP=121, GV=45, HK=9
[2026-04-03T11:00:24.807+0000] {logging_mixin.py:188} WARNING - [2026-04-03 11:00:24] INFO    etl.load : ── Bước 3: Load Fact Tables ──
[2026-04-03T11:00:24.807+0000] {load.py:50} INFO - ── Bước 3: Load Fact Tables ──
[2026-04-03T11:03:48.863+0000] {logging_mixin.py:188} WARNING - [2026-04-03 11:03:48] INFO    etl.load :   fact_hoc_tap   →      0 records
[2026-04-03T11:03:48.852+0000] {load.py:522} INFO -   fact_hoc_tap   →      0 records
[2026-04-03T11:04:05.159+0000] {logging_mixin.py:188} WARNING - [2026-04-03 11:04:05] INFO    etl.load :   fact_ctsv      →      0 records
[2026-04-03T11:04:05.158+0000] {load.py:641} INFO -   fact_ctsv      →      0 records
[2026-04-03T11:04:30.046+0000] {logging_mixin.py:188} WARNING - [2026-04-03 11:04:30] INFO    etl.load :   fact_tai_chinh →      0 records
[2026-04-03T11:04:30.046+0000] {load.py:702} INFO -   fact_tai_chinh →      0 records
[2026-04-03T11:04:30.052+0000] {logging_mixin.py:188} WARNING - [2026-04-03 11:04:30] INFO    etl.load : ── Bước 4: Build Aggregation ──
[2026-04-03T11:04:30.052+0000] {load.py:55} INFO - ── Bước 4: Build Aggregation ──
[2026-04-03T11:04:30.057+0000] {logging_mixin.py:188} WARNING - [2026-04-03 11:04:30] INFO    etl.aggregation : == BẮT ĐẦU AGGREGATION ==
[2026-04-03T11:04:30.057+0000] {aggregation.py:12} INFO - == BẮT ĐẦU AGGREGATION ==
[2026-04-03T11:04:30.656+0000] {logging_mixin.py:188} WARNING - [2026-04-03 11:04:30] INFO    etl.aggregation :   agg_student_summary → 1,695 records
[2026-04-03T11:04:30.656+0000] {aggregation.py:142} INFO -   agg_student_summary → 1,695 records
[2026-04-03T11:04:30.659+0000] {logging_mixin.py:188} WARNING - [2026-04-03 11:04:30] INFO    etl.aggregation :  agg_student_summary rebuilt : 1,695
[2026-04-03T11:04:30.659+0000] {aggregation.py:14} INFO -  agg_student_summary rebuilt : 1,695
[2026-04-03T11:04:30.661+0000] {logging_mixin.py:188} WARNING - [2026-04-03 11:04:30] INFO    etl.aggregation : == AGGREGATION HOÀN TẤT ==
[2026-04-03T11:04:30.661+0000] {aggregation.py:15} INFO - == AGGREGATION HOÀN TẤT ==
[2026-04-03T11:04:30.665+0000] {logging_mixin.py:188} WARNING - [2026-04-03 11:04:30] INFO    etl.load : ======================================================================
[2026-04-03T11:04:30.665+0000] {load.py:59} INFO - ======================================================================
[2026-04-03T11:04:30.668+0000] {logging_mixin.py:188} WARNING - [2026-04-03 11:04:30] INFO    etl.load : LOAD HOÀN TẤT
[2026-04-03T11:04:30.668+0000] {load.py:60} INFO - LOAD HOÀN TẤT
[2026-04-03T11:04:30.671+0000] {logging_mixin.py:188} WARNING - [2026-04-03 11:04:30] INFO    etl.load :   dim_hoc_ky               :        9 records
[2026-04-03T11:04:30.671+0000] {load.py:63} INFO -   dim_hoc_ky               :        9 records
[2026-04-03T11:04:30.674+0000] {logging_mixin.py:188} WARNING - [2026-04-03 11:04:30] INFO    etl.load :   dim_giang_vien           :       45 records
[2026-04-03T11:04:30.674+0000] {load.py:63} INFO -   dim_giang_vien           :       45 records
[2026-04-03T11:04:30.677+0000] {logging_mixin.py:188} WARNING - [2026-04-03 11:04:30] INFO    etl.load :   dim_hoc_phan             :      121 records
[2026-04-03T11:04:30.677+0000] {load.py:63} INFO -   dim_hoc_phan             :      121 records
[2026-04-03T11:04:30.680+0000] {logging_mixin.py:188} WARNING - [2026-04-03 11:04:30] INFO    etl.load :   dim_sinh_vien            :        0 records
[2026-04-03T11:04:30.680+0000] {load.py:63} INFO -   dim_sinh_vien            :        0 records
[2026-04-03T11:04:30.684+0000] {logging_mixin.py:188} WARNING - [2026-04-03 11:04:30] INFO    etl.load :   fact_hoc_tap             :        0 records
[2026-04-03T11:04:30.684+0000] {load.py:63} INFO -   fact_hoc_tap             :        0 records
[2026-04-03T11:04:30.687+0000] {logging_mixin.py:188} WARNING - [2026-04-03 11:04:30] INFO    etl.load :   fact_ctsv                :        0 records
[2026-04-03T11:04:30.687+0000] {load.py:63} INFO -   fact_ctsv                :        0 records
[2026-04-03T11:04:30.690+0000] {logging_mixin.py:188} WARNING - [2026-04-03 11:04:30] INFO    etl.load :   fact_tai_chinh           :        0 records
[2026-04-03T11:04:30.690+0000] {load.py:63} INFO -   fact_tai_chinh           :        0 records
[2026-04-03T11:04:30.693+0000] {logging_mixin.py:188} WARNING - [2026-04-03 11:04:30] INFO    etl.load :   agg_student_summary      :    1,695 records
[2026-04-03T11:04:30.693+0000] {load.py:63} INFO -   agg_student_summary      :    1,695 records
[2026-04-03T11:04:30.695+0000] {logging_mixin.py:188} WARNING - [2026-04-03 11:04:30] INFO    etl.load :   TỔNG                     :    1,870 records
[2026-04-03T11:04:30.695+0000] {load.py:65} INFO -   TỔNG                     :    1,870 records
[2026-04-03T11:04:30.699+0000] {logging_mixin.py:188} WARNING - [2026-04-03 11:04:30] INFO    etl.load : ======================================================================
[2026-04-03T11:04:30.698+0000] {load.py:66} INFO - ======================================================================
[2026-04-03T11:04:30.751+0000] {logging_mixin.py:188} INFO - Load xong: {'dim_hoc_ky': 9, 'dim_giang_vien': 45, 'dim_hoc_phan': 121, 'dim_sinh_vien': 0, 'fact_hoc_tap': 0, 'fact_ctsv': 0, 'fact_tai_chinh': 0, 'agg_student_summary': 1695}
[2026-04-03T11:04:30.811+0000] {python.py:201} INFO - Done. Returned value was: {'dim_hoc_ky': 9, 'dim_giang_vien': 45, 'dim_hoc_phan': 121, 'dim_sinh_vien': 0, 'fact_hoc_tap': 0, 'fact_ctsv': 0, 'fact_tai_chinh': 0, 'agg_student_summary': 1695}
[2026-04-03T11:04:30.905+0000] {taskinstance.py:1138} INFO - Marking task as SUCCESS. dag_id=daily_student_pipeline, task_id=load_data, execution_date=20260403T105948, start_date=20260403T110017, end_date=20260403T110430
[2026-04-03T11:04:31.089+0000] {local_task_job_runner.py:234} INFO - Task exited with return code 0
[2026-04-03T11:04:31.281+0000] {taskinstance.py:3280} INFO - 1 downstream tasks scheduled from follow-on schedule check
