[2026-04-19T08:56:15.701+0000] {taskinstance.py:1956} INFO - Dependencies all met for dep_context=non-requeueable deps ti=<TaskInstance: daily_student_pipeline.extract_data manual__2026-04-19T08:56:09.973442+00:00 [queued]>
[2026-04-19T08:56:15.711+0000] {taskinstance.py:1956} INFO - Dependencies all met for dep_context=requeueable deps ti=<TaskInstance: daily_student_pipeline.extract_data manual__2026-04-19T08:56:09.973442+00:00 [queued]>
[2026-04-19T08:56:15.712+0000] {taskinstance.py:2170} INFO - Starting attempt 1 of 1
[2026-04-19T08:56:15.733+0000] {taskinstance.py:2191} INFO - Executing <Task(PythonOperator): extract_data> on 2026-04-19 08:56:09.973442+00:00
[2026-04-19T08:56:15.737+0000] {standard_task_runner.py:60} INFO - Started process 6188 to run task
[2026-04-19T08:56:15.740+0000] {standard_task_runner.py:87} INFO - Running: ['***', 'tasks', 'run', 'daily_student_pipeline', 'extract_data', 'manual__2026-04-19T08:56:09.973442+00:00', '--job-id', '342', '--raw', '--subdir', 'DAGS_FOLDER/daily_student_pipeline.py', '--cfg-path', '/tmp/tmp4djyxzc8']
[2026-04-19T08:56:15.742+0000] {standard_task_runner.py:88} INFO - Job 342: Subtask extract_data
[2026-04-19T08:56:15.828+0000] {task_command.py:423} INFO - Running <TaskInstance: daily_student_pipeline.extract_data manual__2026-04-19T08:56:09.973442+00:00 [running]> on host eb2cbdc99987
[2026-04-19T08:56:16.056+0000] {taskinstance.py:2480} INFO - Exporting env vars: AIRFLOW_CTX_DAG_OWNER='nhom8' AIRFLOW_CTX_DAG_ID='daily_student_pipeline' AIRFLOW_CTX_TASK_ID='extract_data' AIRFLOW_CTX_EXECUTION_DATE='2026-04-19T08:56:09.973442+00:00' AIRFLOW_CTX_TRY_NUMBER='1' AIRFLOW_CTX_DAG_RUN_ID='manual__2026-04-19T08:56:09.973442+00:00'
[2026-04-19T08:56:19.431+0000] {logging_mixin.py:188} WARNING - [2026-04-19 08:56:19] INFO    etl.extract : ==BẮT ĐẦU FULL EXTRACT==
[2026-04-19T08:56:19.430+0000] {extract.py:346} INFO - ==BẮT ĐẦU FULL EXTRACT==
[2026-04-19T08:56:19.433+0000] {logging_mixin.py:188} WARNING - [2026-04-19 08:56:19] INFO    etl.extract : ======================================================================
[2026-04-19T08:56:19.433+0000] {extract.py:347} INFO - ======================================================================
[2026-04-19T08:56:19.447+0000] {logging_mixin.py:188} WARNING - [2026-04-19 08:56:19] INFO    etl.extract : ════════════════════════════════════════════════════════════
[2026-04-19T08:56:19.447+0000] {extract.py:84} INFO - ════════════════════════════════════════════════════════════
[2026-04-19T08:56:19.449+0000] {logging_mixin.py:188} WARNING - [2026-04-19 08:56:19] INFO    etl.extract : NGUỒN 1 — PostgreSQL (Phòng Đào tạo) | Full Extract
[2026-04-19T08:56:19.448+0000] {extract.py:85} INFO - NGUỒN 1 — PostgreSQL (Phòng Đào tạo) | Full Extract
[2026-04-19T08:56:19.450+0000] {logging_mixin.py:188} WARNING - [2026-04-19 08:56:19] INFO    etl.extract : ════════════════════════════════════════════════════════════
[2026-04-19T08:56:19.450+0000] {extract.py:86} INFO - ════════════════════════════════════════════════════════════
[2026-04-19T08:56:19.592+0000] {logging_mixin.py:188} WARNING - [2026-04-19 08:56:19] INFO    etl.extract :   PostgreSQL | khoa                      →      4 records
[2026-04-19T08:56:19.592+0000] {extract.py:68} INFO -   PostgreSQL | khoa                      →      4 records
[2026-04-19T08:56:19.649+0000] {logging_mixin.py:188} WARNING - [2026-04-19 08:56:19] INFO    etl.extract :   PostgreSQL | nganh                     →      3 records
[2026-04-19T08:56:19.649+0000] {extract.py:68} INFO -   PostgreSQL | nganh                     →      3 records
[2026-04-19T08:56:19.690+0000] {logging_mixin.py:188} WARNING - [2026-04-19 08:56:19] INFO    etl.extract :   PostgreSQL | giang_vien                →     45 records
[2026-04-19T08:56:19.690+0000] {extract.py:68} INFO -   PostgreSQL | giang_vien                →     45 records
[2026-04-19T08:56:19.764+0000] {logging_mixin.py:188} WARNING - [2026-04-19 08:56:19] INFO    etl.extract :   PostgreSQL | lop_hanh_chinh            →     48 records
[2026-04-19T08:56:19.764+0000] {extract.py:68} INFO -   PostgreSQL | lop_hanh_chinh            →     48 records
[2026-04-19T08:56:19.921+0000] {logging_mixin.py:188} WARNING - [2026-04-19 08:56:19] INFO    etl.extract :   PostgreSQL | sinh_vien                 →  1,695 records
[2026-04-19T08:56:19.921+0000] {extract.py:68} INFO -   PostgreSQL | sinh_vien                 →  1,695 records
[2026-04-19T08:56:19.955+0000] {logging_mixin.py:188} WARNING - [2026-04-19 08:56:19] INFO    etl.extract :   PostgreSQL | hoc_phan                  →    121 records
[2026-04-19T08:56:19.955+0000] {extract.py:68} INFO -   PostgreSQL | hoc_phan                  →    121 records
[2026-04-19T08:56:19.971+0000] {logging_mixin.py:188} WARNING - [2026-04-19 08:56:19] INFO    etl.extract :   PostgreSQL | hoc_ky_nam_hoc            →      9 records
[2026-04-19T08:56:19.971+0000] {extract.py:68} INFO -   PostgreSQL | hoc_ky_nam_hoc            →      9 records
[2026-04-19T08:56:21.273+0000] {logging_mixin.py:188} WARNING - [2026-04-19 08:56:21] INFO    etl.extract :   PostgreSQL | dang_ky_hoc_phan          → 57,991 records
[2026-04-19T08:56:21.273+0000] {extract.py:68} INFO -   PostgreSQL | dang_ky_hoc_phan          → 57,991 records
[2026-04-19T08:56:23.736+0000] {logging_mixin.py:188} WARNING - [2026-04-19 08:56:23] INFO    etl.extract :   PostgreSQL | diem_hoc_phan             → 57,531 records
[2026-04-19T08:56:23.736+0000] {extract.py:68} INFO -   PostgreSQL | diem_hoc_phan             → 57,531 records
[2026-04-19T08:56:23.800+0000] {logging_mixin.py:188} WARNING - [2026-04-19 08:56:23] INFO    etl.extract :   PostgreSQL | tong_hop_ket_qua          →  1,695 records
[2026-04-19T08:56:23.800+0000] {extract.py:68} INFO -   PostgreSQL | tong_hop_ket_qua          →  1,695 records
[2026-04-19T08:56:23.801+0000] {logging_mixin.py:188} WARNING - [2026-04-19 08:56:23] INFO    etl.extract :   PostgreSQL | TỔNG: 119,142 records từ 10 bảng
[2026-04-19T08:56:23.801+0000] {extract.py:93} INFO -   PostgreSQL | TỔNG: 119,142 records từ 10 bảng
[2026-04-19T08:56:23.803+0000] {logging_mixin.py:188} WARNING - [2026-04-19 08:56:23] INFO    etl.extract : ════════════════════════════════════════════════════════════
[2026-04-19T08:56:23.803+0000] {extract.py:167} INFO - ════════════════════════════════════════════════════════════
[2026-04-19T08:56:23.804+0000] {logging_mixin.py:188} WARNING - [2026-04-19 08:56:23] INFO    etl.extract : NGUỒN 2 — CSV (Phòng CTSV) | Extract
[2026-04-19T08:56:23.804+0000] {extract.py:168} INFO - NGUỒN 2 — CSV (Phòng CTSV) | Extract
[2026-04-19T08:56:23.805+0000] {logging_mixin.py:188} WARNING - [2026-04-19 08:56:23] INFO    etl.extract : ════════════════════════════════════════════════════════════
[2026-04-19T08:56:23.805+0000] {extract.py:169} INFO - ════════════════════════════════════════════════════════════
[2026-04-19T08:56:23.810+0000] {logging_mixin.py:188} WARNING - [2026-04-19 08:56:23] INFO    etl.extract :   CSV | Tìm thấy 9 file(s)
[2026-04-19T08:56:23.810+0000] {extract.py:178} INFO -   CSV | Tìm thấy 9 file(s)
[2026-04-19T08:56:24.009+0000] {logging_mixin.py:188} WARNING - [2026-04-19 08:56:24] INFO    etl.extract :   CSV | ctsv_HK1_2021_22.csv                →    793 records
[2026-04-19T08:56:24.009+0000] {extract.py:144} INFO -   CSV | ctsv_HK1_2021_22.csv                →    793 records
[2026-04-19T08:56:24.030+0000] {logging_mixin.py:188} WARNING - [2026-04-19 08:56:24] INFO    etl.extract :   CSV | ctsv_HK1_2022_23.csv                →  1,629 records
[2026-04-19T08:56:24.030+0000] {extract.py:144} INFO -   CSV | ctsv_HK1_2022_23.csv                →  1,629 records
[2026-04-19T08:56:24.051+0000] {logging_mixin.py:188} WARNING - [2026-04-19 08:56:24] INFO    etl.extract :   CSV | ctsv_HK1_2023_24.csv                →  2,474 records
[2026-04-19T08:56:24.051+0000] {extract.py:144} INFO -   CSV | ctsv_HK1_2023_24.csv                →  2,474 records
[2026-04-19T08:56:24.119+0000] {logging_mixin.py:188} WARNING - [2026-04-19 08:56:24] INFO    etl.extract :   CSV | ctsv_HK1_2024_25.csv                →  3,355 records
[2026-04-19T08:56:24.118+0000] {extract.py:144} INFO -   CSV | ctsv_HK1_2024_25.csv                →  3,355 records
[2026-04-19T08:56:24.240+0000] {logging_mixin.py:188} WARNING - [2026-04-19 08:56:24] INFO    etl.extract :   CSV | ctsv_HK1_2025_26.csv                →  2,557 records
[2026-04-19T08:56:24.239+0000] {extract.py:144} INFO -   CSV | ctsv_HK1_2025_26.csv                →  2,557 records
[2026-04-19T08:56:24.261+0000] {logging_mixin.py:188} WARNING - [2026-04-19 08:56:24] INFO    etl.extract :   CSV | ctsv_HK2_2021_22.csv                →    787 records
[2026-04-19T08:56:24.261+0000] {extract.py:144} INFO -   CSV | ctsv_HK2_2021_22.csv                →    787 records
[2026-04-19T08:56:24.455+0000] {logging_mixin.py:188} WARNING - [2026-04-19 08:56:24] INFO    etl.extract :   CSV | ctsv_HK2_2022_23.csv                →  1,621 records
[2026-04-19T08:56:24.455+0000] {extract.py:144} INFO -   CSV | ctsv_HK2_2022_23.csv                →  1,621 records
[2026-04-19T08:56:24.500+0000] {logging_mixin.py:188} WARNING - [2026-04-19 08:56:24] INFO    etl.extract :   CSV | ctsv_HK2_2023_24.csv                →  2,476 records
[2026-04-19T08:56:24.500+0000] {extract.py:144} INFO -   CSV | ctsv_HK2_2023_24.csv                →  2,476 records
[2026-04-19T08:56:24.538+0000] {logging_mixin.py:188} WARNING - [2026-04-19 08:56:24] INFO    etl.extract :   CSV | ctsv_HK2_2024_25.csv                →  2,963 records
[2026-04-19T08:56:24.538+0000] {extract.py:144} INFO -   CSV | ctsv_HK2_2024_25.csv                →  2,963 records
[2026-04-19T08:56:24.552+0000] {logging_mixin.py:188} WARNING - [2026-04-19 08:56:24] INFO    etl.extract :   CSV | Loại bỏ 9113 bản ghi trùng
[2026-04-19T08:56:24.552+0000] {extract.py:195} INFO -   CSV | Loại bỏ 9113 bản ghi trùng
[2026-04-19T08:56:24.554+0000] {logging_mixin.py:188} WARNING - [2026-04-19 08:56:24] INFO    etl.extract :   CSV | TỔNG: 9,542 records từ 9 file(s)
[2026-04-19T08:56:24.554+0000] {extract.py:197} INFO -   CSV | TỔNG: 9,542 records từ 9 file(s)
[2026-04-19T08:56:24.613+0000] {logging_mixin.py:188} WARNING - [2026-04-19 08:56:24] INFO    etl.extract :   API | metadata: generated_at=None, schema_version=None
[2026-04-19T08:56:24.613+0000] {extract.py:232} INFO -   API | metadata: generated_at=None, schema_version=None
[2026-04-19T08:56:24.619+0000] {logging_mixin.py:188} WARNING - [2026-04-19 08:56:24] WARNING etl.extract :   API | (HTTP) HK HK1-2021-22: Loại bỏ 3 duplicate records (ma_sinh_vien, hoc_ky)
[2026-04-19T08:56:24.618+0000] {extract.py:254} WARNING -   API | (HTTP) HK HK1-2021-22: Loại bỏ 3 duplicate records (ma_sinh_vien, hoc_ky)
[2026-04-19T08:56:24.620+0000] {logging_mixin.py:188} WARNING - [2026-04-19 08:56:24] INFO    etl.extract :   API | (HTTP) HK HK1-2021-22 →    390 records
[2026-04-19T08:56:24.620+0000] {extract.py:259} INFO -   API | (HTTP) HK HK1-2021-22 →    390 records
[2026-04-19T08:56:24.662+0000] {logging_mixin.py:188} WARNING - [2026-04-19 08:56:24] INFO    etl.extract :   API | metadata: generated_at=None, schema_version=None
[2026-04-19T08:56:24.662+0000] {extract.py:232} INFO -   API | metadata: generated_at=None, schema_version=None
[2026-04-19T08:56:24.666+0000] {logging_mixin.py:188} WARNING - [2026-04-19 08:56:24] WARNING etl.extract :   API | (HTTP) HK HK1-2022-23: Loại bỏ 4 duplicate records (ma_sinh_vien, hoc_ky)
[2026-04-19T08:56:24.666+0000] {extract.py:254} WARNING -   API | (HTTP) HK HK1-2022-23: Loại bỏ 4 duplicate records (ma_sinh_vien, hoc_ky)
[2026-04-19T08:56:24.667+0000] {logging_mixin.py:188} WARNING - [2026-04-19 08:56:24] INFO    etl.extract :   API | (HTTP) HK HK1-2022-23 →    800 records
[2026-04-19T08:56:24.667+0000] {extract.py:259} INFO -   API | (HTTP) HK HK1-2022-23 →    800 records
[2026-04-19T08:56:24.728+0000] {logging_mixin.py:188} WARNING - [2026-04-19 08:56:24] INFO    etl.extract :   API | metadata: generated_at=None, schema_version=None
[2026-04-19T08:56:24.728+0000] {extract.py:232} INFO -   API | metadata: generated_at=None, schema_version=None
[2026-04-19T08:56:24.732+0000] {logging_mixin.py:188} WARNING - [2026-04-19 08:56:24] WARNING etl.extract :   API | (HTTP) HK HK1-2023-24: Loại bỏ 9 duplicate records (ma_sinh_vien, hoc_ky)
[2026-04-19T08:56:24.731+0000] {extract.py:254} WARNING -   API | (HTTP) HK HK1-2023-24: Loại bỏ 9 duplicate records (ma_sinh_vien, hoc_ky)
[2026-04-19T08:56:24.733+0000] {logging_mixin.py:188} WARNING - [2026-04-19 08:56:24] INFO    etl.extract :   API | (HTTP) HK HK1-2023-24 →  1,223 records
[2026-04-19T08:56:24.733+0000] {extract.py:259} INFO -   API | (HTTP) HK HK1-2023-24 →  1,223 records
[2026-04-19T08:56:24.799+0000] {logging_mixin.py:188} WARNING - [2026-04-19 08:56:24] INFO    etl.extract :   API | metadata: generated_at=None, schema_version=None
[2026-04-19T08:56:24.799+0000] {extract.py:232} INFO -   API | metadata: generated_at=None, schema_version=None
[2026-04-19T08:56:24.803+0000] {logging_mixin.py:188} WARNING - [2026-04-19 08:56:24] WARNING etl.extract :   API | (HTTP) HK HK1-2024-25: Loại bỏ 12 duplicate records (ma_sinh_vien, hoc_ky)
[2026-04-19T08:56:24.803+0000] {extract.py:254} WARNING -   API | (HTTP) HK HK1-2024-25: Loại bỏ 12 duplicate records (ma_sinh_vien, hoc_ky)
[2026-04-19T08:56:24.804+0000] {logging_mixin.py:188} WARNING - [2026-04-19 08:56:24] INFO    etl.extract :   API | (HTTP) HK HK1-2024-25 →  1,643 records
[2026-04-19T08:56:24.804+0000] {extract.py:259} INFO -   API | (HTTP) HK HK1-2024-25 →  1,643 records
[2026-04-19T08:56:24.835+0000] {logging_mixin.py:188} WARNING - [2026-04-19 08:56:24] INFO    etl.extract :   API | metadata: generated_at=None, schema_version=None
[2026-04-19T08:56:24.835+0000] {extract.py:232} INFO -   API | metadata: generated_at=None, schema_version=None
[2026-04-19T08:56:24.838+0000] {logging_mixin.py:188} WARNING - [2026-04-19 08:56:24] WARNING etl.extract :   API | (HTTP) HK HK1-2025-26: Loại bỏ 11 duplicate records (ma_sinh_vien, hoc_ky)
[2026-04-19T08:56:24.838+0000] {extract.py:254} WARNING -   API | (HTTP) HK HK1-2025-26: Loại bỏ 11 duplicate records (ma_sinh_vien, hoc_ky)
[2026-04-19T08:56:24.839+0000] {logging_mixin.py:188} WARNING - [2026-04-19 08:56:24] INFO    etl.extract :   API | (HTTP) HK HK1-2025-26 →  1,256 records
[2026-04-19T08:56:24.839+0000] {extract.py:259} INFO -   API | (HTTP) HK HK1-2025-26 →  1,256 records
[2026-04-19T08:56:24.855+0000] {logging_mixin.py:188} WARNING - [2026-04-19 08:56:24] INFO    etl.extract :   API | metadata: generated_at=None, schema_version=None
[2026-04-19T08:56:24.854+0000] {extract.py:232} INFO -   API | metadata: generated_at=None, schema_version=None
[2026-04-19T08:56:24.858+0000] {logging_mixin.py:188} WARNING - [2026-04-19 08:56:24] WARNING etl.extract :   API | (HTTP) HK HK2-2021-22: Loại bỏ 4 duplicate records (ma_sinh_vien, hoc_ky)
[2026-04-19T08:56:24.858+0000] {extract.py:254} WARNING -   API | (HTTP) HK HK2-2021-22: Loại bỏ 4 duplicate records (ma_sinh_vien, hoc_ky)
[2026-04-19T08:56:24.860+0000] {logging_mixin.py:188} WARNING - [2026-04-19 08:56:24] INFO    etl.extract :   API | (HTTP) HK HK2-2021-22 →    390 records
[2026-04-19T08:56:24.860+0000] {extract.py:259} INFO -   API | (HTTP) HK HK2-2021-22 →    390 records
[2026-04-19T08:56:24.878+0000] {logging_mixin.py:188} WARNING - [2026-04-19 08:56:24] INFO    etl.extract :   API | metadata: generated_at=None, schema_version=None
[2026-04-19T08:56:24.878+0000] {extract.py:232} INFO -   API | metadata: generated_at=None, schema_version=None
[2026-04-19T08:56:24.882+0000] {logging_mixin.py:188} WARNING - [2026-04-19 08:56:24] WARNING etl.extract :   API | (HTTP) HK HK2-2022-23: Loại bỏ 8 duplicate records (ma_sinh_vien, hoc_ky)
[2026-04-19T08:56:24.882+0000] {extract.py:254} WARNING -   API | (HTTP) HK HK2-2022-23: Loại bỏ 8 duplicate records (ma_sinh_vien, hoc_ky)
[2026-04-19T08:56:24.883+0000] {logging_mixin.py:188} WARNING - [2026-04-19 08:56:24] INFO    etl.extract :   API | (HTTP) HK HK2-2022-23 →    795 records
[2026-04-19T08:56:24.883+0000] {extract.py:259} INFO -   API | (HTTP) HK HK2-2022-23 →    795 records
[2026-04-19T08:56:24.905+0000] {logging_mixin.py:188} WARNING - [2026-04-19 08:56:24] INFO    etl.extract :   API | metadata: generated_at=None, schema_version=None
[2026-04-19T08:56:24.905+0000] {extract.py:232} INFO -   API | metadata: generated_at=None, schema_version=None
[2026-04-19T08:56:24.908+0000] {logging_mixin.py:188} WARNING - [2026-04-19 08:56:24] WARNING etl.extract :   API | (HTTP) HK HK2-2023-24: Loại bỏ 8 duplicate records (ma_sinh_vien, hoc_ky)
[2026-04-19T08:56:24.908+0000] {extract.py:254} WARNING -   API | (HTTP) HK HK2-2023-24: Loại bỏ 8 duplicate records (ma_sinh_vien, hoc_ky)
[2026-04-19T08:56:24.909+0000] {logging_mixin.py:188} WARNING - [2026-04-19 08:56:24] INFO    etl.extract :   API | (HTTP) HK HK2-2023-24 →  1,218 records
[2026-04-19T08:56:24.909+0000] {extract.py:259} INFO -   API | (HTTP) HK HK2-2023-24 →  1,218 records
[2026-04-19T08:56:24.950+0000] {logging_mixin.py:188} WARNING - [2026-04-19 08:56:24] INFO    etl.extract :   API | metadata: generated_at=None, schema_version=None
[2026-04-19T08:56:24.950+0000] {extract.py:232} INFO -   API | metadata: generated_at=None, schema_version=None
[2026-04-19T08:56:24.954+0000] {logging_mixin.py:188} WARNING - [2026-04-19 08:56:24] WARNING etl.extract :   API | (HTTP) HK HK2-2024-25: Loại bỏ 15 duplicate records (ma_sinh_vien, hoc_ky)
[2026-04-19T08:56:24.954+0000] {extract.py:254} WARNING -   API | (HTTP) HK HK2-2024-25: Loại bỏ 15 duplicate records (ma_sinh_vien, hoc_ky)
[2026-04-19T08:56:24.955+0000] {logging_mixin.py:188} WARNING - [2026-04-19 08:56:24] INFO    etl.extract :   API | (HTTP) HK HK2-2024-25 →  1,510 records
[2026-04-19T08:56:24.955+0000] {extract.py:259} INFO -   API | (HTTP) HK HK2-2024-25 →  1,510 records
[2026-04-19T08:56:24.958+0000] {logging_mixin.py:188} WARNING - [2026-04-19 08:56:24] INFO    etl.extract :   API | TỔNG: 9,225 records từ 9 HK
[2026-04-19T08:56:24.957+0000] {extract.py:335} INFO -   API | TỔNG: 9,225 records từ 9 HK
[2026-04-19T08:56:25.495+0000] {logging_mixin.py:188} WARNING - [2026-04-19 08:56:25] INFO    utils.minio :   MinIO ↑ [raw-data] 2026-04-19_08-56/nguon1_sinh_vien.parquet (47.3 KB | 1,695 rows)
[2026-04-19T08:56:25.495+0000] {minio_client.py:142} INFO -   MinIO ↑ [raw-data] 2026-04-19_08-56/nguon1_sinh_vien.parquet (47.3 KB | 1,695 rows)
[2026-04-19T08:56:25.591+0000] {logging_mixin.py:188} WARNING - [2026-04-19 08:56:25] INFO    utils.minio :   MinIO ↑ [raw-data] 2026-04-19_08-56/nguon1_dang_ky.parquet (474.8 KB | 57,991 rows)
[2026-04-19T08:56:25.591+0000] {minio_client.py:142} INFO -   MinIO ↑ [raw-data] 2026-04-19_08-56/nguon1_dang_ky.parquet (474.8 KB | 57,991 rows)
[2026-04-19T08:56:25.704+0000] {logging_mixin.py:188} WARNING - [2026-04-19 08:56:25] INFO    utils.minio :   MinIO ↑ [raw-data] 2026-04-19_08-56/nguon1_diem.parquet (1190.0 KB | 57,531 rows)
[2026-04-19T08:56:25.704+0000] {minio_client.py:142} INFO -   MinIO ↑ [raw-data] 2026-04-19_08-56/nguon1_diem.parquet (1190.0 KB | 57,531 rows)
[2026-04-19T08:56:25.716+0000] {logging_mixin.py:188} WARNING - [2026-04-19 08:56:25] INFO    utils.minio :   MinIO ↑ [raw-data] 2026-04-19_08-56/nguon1_hoc_phan.parquet (10.3 KB | 121 rows)
[2026-04-19T08:56:25.716+0000] {minio_client.py:142} INFO -   MinIO ↑ [raw-data] 2026-04-19_08-56/nguon1_hoc_phan.parquet (10.3 KB | 121 rows)
[2026-04-19T08:56:25.729+0000] {logging_mixin.py:188} WARNING - [2026-04-19 08:56:25] INFO    utils.minio :   MinIO ↑ [raw-data] 2026-04-19_08-56/nguon1_hoc_ky.parquet (4.1 KB | 9 rows)
[2026-04-19T08:56:25.728+0000] {minio_client.py:142} INFO -   MinIO ↑ [raw-data] 2026-04-19_08-56/nguon1_hoc_ky.parquet (4.1 KB | 9 rows)
[2026-04-19T08:56:25.739+0000] {logging_mixin.py:188} WARNING - [2026-04-19 08:56:25] INFO    utils.minio :   MinIO ↑ [raw-data] 2026-04-19_08-56/nguon1_giang_vien.parquet (8.3 KB | 45 rows)
[2026-04-19T08:56:25.739+0000] {minio_client.py:142} INFO -   MinIO ↑ [raw-data] 2026-04-19_08-56/nguon1_giang_vien.parquet (8.3 KB | 45 rows)
[2026-04-19T08:56:25.752+0000] {logging_mixin.py:188} WARNING - [2026-04-19 08:56:25] INFO    utils.minio :   MinIO ↑ [raw-data] 2026-04-19_08-56/nguon1_khoa.parquet (2.6 KB | 4 rows)
[2026-04-19T08:56:25.752+0000] {minio_client.py:142} INFO -   MinIO ↑ [raw-data] 2026-04-19_08-56/nguon1_khoa.parquet (2.6 KB | 4 rows)
[2026-04-19T08:56:25.765+0000] {logging_mixin.py:188} WARNING - [2026-04-19 08:56:25] INFO    utils.minio :   MinIO ↑ [raw-data] 2026-04-19_08-56/nguon1_nganh.parquet (3.2 KB | 3 rows)
[2026-04-19T08:56:25.765+0000] {minio_client.py:142} INFO -   MinIO ↑ [raw-data] 2026-04-19_08-56/nguon1_nganh.parquet (3.2 KB | 3 rows)
[2026-04-19T08:56:25.776+0000] {logging_mixin.py:188} WARNING - [2026-04-19 08:56:25] INFO    utils.minio :   MinIO ↑ [raw-data] 2026-04-19_08-56/nguon1_lop_hanh_chinh.parquet (4.8 KB | 48 rows)
[2026-04-19T08:56:25.776+0000] {minio_client.py:142} INFO -   MinIO ↑ [raw-data] 2026-04-19_08-56/nguon1_lop_hanh_chinh.parquet (4.8 KB | 48 rows)
[2026-04-19T08:56:25.790+0000] {logging_mixin.py:188} WARNING - [2026-04-19 08:56:25] INFO    utils.minio :   MinIO ↑ [raw-data] 2026-04-19_08-56/nguon1_tong_hop_ket_qua.parquet (22.2 KB | 1,695 rows)
[2026-04-19T08:56:25.790+0000] {minio_client.py:142} INFO -   MinIO ↑ [raw-data] 2026-04-19_08-56/nguon1_tong_hop_ket_qua.parquet (22.2 KB | 1,695 rows)
[2026-04-19T08:56:25.812+0000] {logging_mixin.py:188} WARNING - [2026-04-19 08:56:25] INFO    utils.minio :   MinIO ↑ [raw-data] 2026-04-19_08-56/nguon2_ctsv.parquet (42.3 KB | 9,542 rows)
[2026-04-19T08:56:25.811+0000] {minio_client.py:142} INFO -   MinIO ↑ [raw-data] 2026-04-19_08-56/nguon2_ctsv.parquet (42.3 KB | 9,542 rows)
[2026-04-19T08:56:25.842+0000] {logging_mixin.py:188} WARNING - [2026-04-19 08:56:25] INFO    utils.minio :   MinIO ↑ [raw-data] 2026-04-19_08-56/nguon3_tai_chinh.parquet (93.6 KB | 9,225 rows)
[2026-04-19T08:56:25.842+0000] {minio_client.py:142} INFO -   MinIO ↑ [raw-data] 2026-04-19_08-56/nguon3_tai_chinh.parquet (93.6 KB | 9,225 rows)
[2026-04-19T08:56:25.843+0000] {logging_mixin.py:188} WARNING - [2026-04-19 08:56:25] INFO    utils.minio :   MinIO upload xong: 12/12 files | run_id=2026-04-19_08-56
[2026-04-19T08:56:25.843+0000] {minio_client.py:188} INFO -   MinIO upload xong: 12/12 files | run_id=2026-04-19_08-56
[2026-04-19T08:56:25.845+0000] {logging_mixin.py:188} WARNING - [2026-04-19 08:56:25] INFO    etl.extract :   MinIO staging: 12/12 files OK → run_id=2026-04-19_08-56
[2026-04-19T08:56:25.844+0000] {extract.py:402} INFO -   MinIO staging: 12/12 files OK → run_id=2026-04-19_08-56
[2026-04-19T08:56:25.847+0000] {logging_mixin.py:188} WARNING - [2026-04-19 08:56:25] INFO    etl.extract : ======================================================================
[2026-04-19T08:56:25.847+0000] {extract.py:365} INFO - ======================================================================
[2026-04-19T08:56:25.849+0000] {logging_mixin.py:188} WARNING - [2026-04-19 08:56:25] INFO    etl.extract :  FULL EXTRACT HOÀN TẤT
[2026-04-19T08:56:25.848+0000] {extract.py:366} INFO -  FULL EXTRACT HOÀN TẤT
[2026-04-19T08:56:25.850+0000] {logging_mixin.py:188} WARNING - [2026-04-19 08:56:25] INFO    etl.extract :    khoa                     :        4
[2026-04-19T08:56:25.850+0000] {extract.py:368} INFO -    khoa                     :        4
[2026-04-19T08:56:25.851+0000] {logging_mixin.py:188} WARNING - [2026-04-19 08:56:25] INFO    etl.extract :    nganh                    :        3
[2026-04-19T08:56:25.851+0000] {extract.py:368} INFO -    nganh                    :        3
[2026-04-19T08:56:25.852+0000] {logging_mixin.py:188} WARNING - [2026-04-19 08:56:25] INFO    etl.extract :    giang_vien               :       45
[2026-04-19T08:56:25.852+0000] {extract.py:368} INFO -    giang_vien               :       45
[2026-04-19T08:56:25.854+0000] {logging_mixin.py:188} WARNING - [2026-04-19 08:56:25] INFO    etl.extract :    lop_hanh_chinh           :       48
[2026-04-19T08:56:25.854+0000] {extract.py:368} INFO -    lop_hanh_chinh           :       48
[2026-04-19T08:56:25.855+0000] {logging_mixin.py:188} WARNING - [2026-04-19 08:56:25] INFO    etl.extract :    sinh_vien                :    1,695
[2026-04-19T08:56:25.855+0000] {extract.py:368} INFO -    sinh_vien                :    1,695
[2026-04-19T08:56:25.856+0000] {logging_mixin.py:188} WARNING - [2026-04-19 08:56:25] INFO    etl.extract :    hoc_phan                 :      121
[2026-04-19T08:56:25.856+0000] {extract.py:368} INFO -    hoc_phan                 :      121
[2026-04-19T08:56:25.857+0000] {logging_mixin.py:188} WARNING - [2026-04-19 08:56:25] INFO    etl.extract :    hoc_ky_nam_hoc           :        9
[2026-04-19T08:56:25.857+0000] {extract.py:368} INFO -    hoc_ky_nam_hoc           :        9
[2026-04-19T08:56:25.858+0000] {logging_mixin.py:188} WARNING - [2026-04-19 08:56:25] INFO    etl.extract :    dang_ky_hoc_phan         :   57,991
[2026-04-19T08:56:25.858+0000] {extract.py:368} INFO -    dang_ky_hoc_phan         :   57,991
[2026-04-19T08:56:25.859+0000] {logging_mixin.py:188} WARNING - [2026-04-19 08:56:25] INFO    etl.extract :    diem_hoc_phan            :   57,531
[2026-04-19T08:56:25.859+0000] {extract.py:368} INFO -    diem_hoc_phan            :   57,531
[2026-04-19T08:56:25.860+0000] {logging_mixin.py:188} WARNING - [2026-04-19 08:56:25] INFO    etl.extract :    tong_hop_ket_qua         :    1,695
[2026-04-19T08:56:25.860+0000] {extract.py:368} INFO -    tong_hop_ket_qua         :    1,695
[2026-04-19T08:56:25.861+0000] {logging_mixin.py:188} WARNING - [2026-04-19 08:56:25] INFO    etl.extract :    ctsv_data                :    9,542
[2026-04-19T08:56:25.861+0000] {extract.py:368} INFO -    ctsv_data                :    9,542
[2026-04-19T08:56:25.861+0000] {logging_mixin.py:188} WARNING - [2026-04-19 08:56:25] INFO    etl.extract :    tai_chinh_data           :    9,225
[2026-04-19T08:56:25.861+0000] {extract.py:368} INFO -    tai_chinh_data           :    9,225
[2026-04-19T08:56:25.862+0000] {logging_mixin.py:188} WARNING - [2026-04-19 08:56:25] INFO    etl.extract : ======================================================================
[2026-04-19T08:56:25.862+0000] {extract.py:369} INFO - ======================================================================
[2026-04-19T08:56:25.952+0000] {logging_mixin.py:188} INFO - Extract xong: {'khoa': 4, 'nganh': 3, 'giang_vien': 45, 'lop_hanh_chinh': 48, 'sinh_vien': 1695, 'hoc_phan': 121, 'hoc_ky_nam_hoc': 9, 'dang_ky_hoc_phan': 57991, 'diem_hoc_phan': 57531, 'tong_hop_ket_qua': 1695, 'ctsv_data': 9542, 'tai_chinh_data': 9225}
[2026-04-19T08:56:25.965+0000] {python.py:201} INFO - Done. Returned value was: {'khoa': 4, 'nganh': 3, 'giang_vien': 45, 'lop_hanh_chinh': 48, 'sinh_vien': 1695, 'hoc_phan': 121, 'hoc_ky_nam_hoc': 9, 'dang_ky_hoc_phan': 57991, 'diem_hoc_phan': 57531, 'tong_hop_ket_qua': 1695, 'ctsv_data': 9542, 'tai_chinh_data': 9225}
[2026-04-19T08:56:26.008+0000] {taskinstance.py:1138} INFO - Marking task as SUCCESS. dag_id=daily_student_pipeline, task_id=extract_data, execution_date=20260419T085609, start_date=20260419T085615, end_date=20260419T085626
[2026-04-19T08:56:26.073+0000] {local_task_job_runner.py:234} INFO - Task exited with return code 0
[2026-04-19T08:56:26.097+0000] {taskinstance.py:3280} INFO - 1 downstream tasks scheduled from follow-on schedule check
