[2026-04-20T13:28:08.216+0000] {taskinstance.py:1956} INFO - Dependencies all met for dep_context=non-requeueable deps ti=<TaskInstance: daily_student_pipeline.transform_data manual__2026-04-20T13:27:55.350031+00:00 [queued]>
[2026-04-20T13:28:08.222+0000] {taskinstance.py:1956} INFO - Dependencies all met for dep_context=requeueable deps ti=<TaskInstance: daily_student_pipeline.transform_data manual__2026-04-20T13:27:55.350031+00:00 [queued]>
[2026-04-20T13:28:08.223+0000] {taskinstance.py:2170} INFO - Starting attempt 1 of 1
[2026-04-20T13:28:08.234+0000] {taskinstance.py:2191} INFO - Executing <Task(PythonOperator): transform_data> on 2026-04-20 13:27:55.350031+00:00
[2026-04-20T13:28:08.237+0000] {standard_task_runner.py:60} INFO - Started process 2269 to run task
[2026-04-20T13:28:08.240+0000] {standard_task_runner.py:87} INFO - Running: ['***', 'tasks', 'run', 'daily_student_pipeline', 'transform_data', 'manual__2026-04-20T13:27:55.350031+00:00', '--job-id', '428', '--raw', '--subdir', 'DAGS_FOLDER/daily_student_pipeline.py', '--cfg-path', '/tmp/tmpbv57mbn4']
[2026-04-20T13:28:08.242+0000] {standard_task_runner.py:88} INFO - Job 428: Subtask transform_data
[2026-04-20T13:28:08.304+0000] {task_command.py:423} INFO - Running <TaskInstance: daily_student_pipeline.transform_data manual__2026-04-20T13:27:55.350031+00:00 [running]> on host 759b8b5e27b5
[2026-04-20T13:28:07.660+0000] {taskinstance.py:2480} INFO - Exporting env vars: AIRFLOW_CTX_DAG_OWNER='nhom8' AIRFLOW_CTX_DAG_ID='daily_student_pipeline' AIRFLOW_CTX_TASK_ID='transform_data' AIRFLOW_CTX_EXECUTION_DATE='2026-04-20T13:27:55.350031+00:00' AIRFLOW_CTX_TRY_NUMBER='1' AIRFLOW_CTX_DAG_RUN_ID='manual__2026-04-20T13:27:55.350031+00:00'
[2026-04-20T13:28:11.667+0000] {logging_mixin.py:188} WARNING - [2026-04-20 13:28:11] INFO    etl.extract :   Load from MinIO staging: run_id=2026-04-20_13-28
[2026-04-20T13:28:11.667+0000] {extract.py:421} INFO -   Load from MinIO staging: run_id=2026-04-20_13-28
[2026-04-20T13:28:11.692+0000] {logging_mixin.py:188} WARNING - [2026-04-20 13:28:11] INFO    utils.minio :   MinIO ↓ [raw-data] 2026-04-20_13-28/nguon1_khoa.parquet (4 rows)
[2026-04-20T13:28:11.692+0000] {minio_client.py:223} INFO -   MinIO ↓ [raw-data] 2026-04-20_13-28/nguon1_khoa.parquet (4 rows)
[2026-04-20T13:28:11.702+0000] {logging_mixin.py:188} WARNING - [2026-04-20 13:28:11] INFO    utils.minio :   MinIO ↓ [raw-data] 2026-04-20_13-28/nguon1_nganh.parquet (3 rows)
[2026-04-20T13:28:11.702+0000] {minio_client.py:223} INFO -   MinIO ↓ [raw-data] 2026-04-20_13-28/nguon1_nganh.parquet (3 rows)
[2026-04-20T13:28:11.712+0000] {logging_mixin.py:188} WARNING - [2026-04-20 13:28:11] INFO    utils.minio :   MinIO ↓ [raw-data] 2026-04-20_13-28/nguon1_giang_vien.parquet (45 rows)
[2026-04-20T13:28:11.712+0000] {minio_client.py:223} INFO -   MinIO ↓ [raw-data] 2026-04-20_13-28/nguon1_giang_vien.parquet (45 rows)
[2026-04-20T13:28:11.721+0000] {logging_mixin.py:188} WARNING - [2026-04-20 13:28:11] INFO    utils.minio :   MinIO ↓ [raw-data] 2026-04-20_13-28/nguon1_lop_hanh_chinh.parquet (48 rows)
[2026-04-20T13:28:11.721+0000] {minio_client.py:223} INFO -   MinIO ↓ [raw-data] 2026-04-20_13-28/nguon1_lop_hanh_chinh.parquet (48 rows)
[2026-04-20T13:28:11.731+0000] {logging_mixin.py:188} WARNING - [2026-04-20 13:28:11] INFO    utils.minio :   MinIO ↓ [raw-data] 2026-04-20_13-28/nguon1_sinh_vien.parquet (1,695 rows)
[2026-04-20T13:28:11.731+0000] {minio_client.py:223} INFO -   MinIO ↓ [raw-data] 2026-04-20_13-28/nguon1_sinh_vien.parquet (1,695 rows)
[2026-04-20T13:28:11.740+0000] {logging_mixin.py:188} WARNING - [2026-04-20 13:28:11] INFO    utils.minio :   MinIO ↓ [raw-data] 2026-04-20_13-28/nguon1_hoc_phan.parquet (121 rows)
[2026-04-20T13:28:11.740+0000] {minio_client.py:223} INFO -   MinIO ↓ [raw-data] 2026-04-20_13-28/nguon1_hoc_phan.parquet (121 rows)
[2026-04-20T13:28:11.749+0000] {logging_mixin.py:188} WARNING - [2026-04-20 13:28:11] INFO    utils.minio :   MinIO ↓ [raw-data] 2026-04-20_13-28/nguon1_hoc_ky.parquet (13 rows)
[2026-04-20T13:28:11.749+0000] {minio_client.py:223} INFO -   MinIO ↓ [raw-data] 2026-04-20_13-28/nguon1_hoc_ky.parquet (13 rows)
[2026-04-20T13:28:11.764+0000] {logging_mixin.py:188} WARNING - [2026-04-20 13:28:11] INFO    utils.minio :   MinIO ↓ [raw-data] 2026-04-20_13-28/nguon1_dang_ky.parquet (55,125 rows)
[2026-04-20T13:28:11.764+0000] {minio_client.py:223} INFO -   MinIO ↓ [raw-data] 2026-04-20_13-28/nguon1_dang_ky.parquet (55,125 rows)
[2026-04-20T13:28:11.781+0000] {logging_mixin.py:188} WARNING - [2026-04-20 13:28:11] INFO    utils.minio :   MinIO ↓ [raw-data] 2026-04-20_13-28/nguon1_diem.parquet (54,640 rows)
[2026-04-20T13:28:11.781+0000] {minio_client.py:223} INFO -   MinIO ↓ [raw-data] 2026-04-20_13-28/nguon1_diem.parquet (54,640 rows)
[2026-04-20T13:28:11.791+0000] {logging_mixin.py:188} WARNING - [2026-04-20 13:28:11] INFO    utils.minio :   MinIO ↓ [raw-data] 2026-04-20_13-28/nguon1_tong_hop_ket_qua.parquet (1,695 rows)
[2026-04-20T13:28:11.791+0000] {minio_client.py:223} INFO -   MinIO ↓ [raw-data] 2026-04-20_13-28/nguon1_tong_hop_ket_qua.parquet (1,695 rows)
[2026-04-20T13:28:11.803+0000] {logging_mixin.py:188} WARNING - [2026-04-20 13:28:11] INFO    utils.minio :   MinIO ↓ [raw-data] 2026-04-20_13-28/nguon2_ctsv.parquet (9,475 rows)
[2026-04-20T13:28:11.803+0000] {minio_client.py:223} INFO -   MinIO ↓ [raw-data] 2026-04-20_13-28/nguon2_ctsv.parquet (9,475 rows)
[2026-04-20T13:28:11.815+0000] {logging_mixin.py:188} WARNING - [2026-04-20 13:28:11] INFO    utils.minio :   MinIO ↓ [raw-data] 2026-04-20_13-28/nguon3_tai_chinh.parquet (9,182 rows)
[2026-04-20T13:28:11.814+0000] {minio_client.py:223} INFO -   MinIO ↓ [raw-data] 2026-04-20_13-28/nguon3_tai_chinh.parquet (9,182 rows)
[2026-04-20T13:28:11.816+0000] {logging_mixin.py:188} WARNING - [2026-04-20 13:28:11] INFO    etl.extract :  Load from staging OK — run_id=2026-04-20_13-28
[2026-04-20T13:28:11.816+0000] {extract.py:438} INFO -  Load from staging OK — run_id=2026-04-20_13-28
[2026-04-20T13:28:11.817+0000] {logging_mixin.py:188} WARNING - [2026-04-20 13:28:11] INFO    etl.transform : ==BẮT ĐẦU TRANSFORM==
[2026-04-20T13:28:11.817+0000] {transform.py:75} INFO - ==BẮT ĐẦU TRANSFORM==
[2026-04-20T13:28:11.818+0000] {logging_mixin.py:188} WARNING - [2026-04-20 13:28:11] INFO    etl.transform : ======================================================================
[2026-04-20T13:28:11.818+0000] {transform.py:76} INFO - ======================================================================
[2026-04-20T13:28:11.820+0000] {logging_mixin.py:188} WARNING - [2026-04-20 13:28:11] INFO    etl.transform : ── Bước 1: Transform Dimension Tables ──
[2026-04-20T13:28:11.820+0000] {transform.py:80} INFO - ── Bước 1: Transform Dimension Tables ──
[2026-04-20T13:28:11.823+0000] {logging_mixin.py:188} WARNING - [2026-04-20 13:28:11] INFO    etl.transform :   dim_thoi_gian               →     13 records
[2026-04-20T13:28:11.823+0000] {transform.py:190} INFO -   dim_thoi_gian               →     13 records
[2026-04-20T13:28:11.827+0000] {logging_mixin.py:188} WARNING - [2026-04-20 13:28:11] INFO    etl.transform :   dim_giang_vien              →     45 records
[2026-04-20T13:28:11.827+0000] {transform.py:213} INFO -   dim_giang_vien              →     45 records
[2026-04-20T13:28:11.831+0000] {logging_mixin.py:188} WARNING - [2026-04-20 13:28:11] INFO    etl.transform :   dim_hoc_phan                →    121 records
[2026-04-20T13:28:11.831+0000] {transform.py:240} INFO -   dim_hoc_phan                →    121 records
[2026-04-20T13:28:11.843+0000] {logging_mixin.py:188} WARNING - [2026-04-20 13:28:11] INFO    etl.transform :   dim_sinh_vien               →  1,695 records
[2026-04-20T13:28:11.843+0000] {transform.py:306} INFO -   dim_sinh_vien               →  1,695 records
[2026-04-20T13:28:11.845+0000] {logging_mixin.py:188} WARNING - [2026-04-20 13:28:11] INFO    etl.transform : ── Bước 2: Transform Fact Tables ──
[2026-04-20T13:28:11.845+0000] {transform.py:96} INFO - ── Bước 2: Transform Fact Tables ──
[2026-04-20T13:28:11.900+0000] {logging_mixin.py:188} WARNING - [2026-04-20 13:28:11] INFO    etl.transform :   fact_diem                   → 54,640 records
[2026-04-20T13:28:11.900+0000] {transform.py:376} INFO -   fact_diem                   → 54,640 records
[2026-04-20T13:28:11.937+0000] {logging_mixin.py:188} WARNING - [2026-04-20 13:28:11] INFO    etl.transform :   fact_dang_ky               → 55,125 records
[2026-04-20T13:28:11.936+0000] {transform.py:413} INFO -   fact_dang_ky               → 55,125 records
[2026-04-20T13:28:11.961+0000] {logging_mixin.py:188} WARNING - [2026-04-20 13:28:11] INFO    etl.transform :   fact_ren_luyen              →  9,475 records
[2026-04-20T13:28:11.961+0000] {transform.py:445} INFO -   fact_ren_luyen              →  9,475 records
[2026-04-20T13:28:11.971+0000] {logging_mixin.py:188} WARNING - /opt/***/src/etl/transform.py:467 UserWarning: The argument 'infer_datetime_format' is deprecated and will be removed in a future version. A strict version of it is now the default, see https://pandas.pydata.org/pdeps/0004-consistent-to-datetime-parsing.html. You can safely remove this argument.
[2026-04-20T13:28:11.983+0000] {logging_mixin.py:188} WARNING - [2026-04-20 13:28:11] INFO    etl.transform :   fact_tai_chinh              →  9,182 records
[2026-04-20T13:28:11.983+0000] {transform.py:485} INFO -   fact_tai_chinh              →  9,182 records
[2026-04-20T13:28:11.985+0000] {logging_mixin.py:188} WARNING - [2026-04-20 13:28:11] INFO    etl.transform : ======================================================================
[2026-04-20T13:28:11.985+0000] {transform.py:108} INFO - ======================================================================
[2026-04-20T13:28:11.986+0000] {logging_mixin.py:188} WARNING - [2026-04-20 13:28:11] INFO    etl.transform : TRANSFORM HOÀN TẤT
[2026-04-20T13:28:11.986+0000] {transform.py:109} INFO - TRANSFORM HOÀN TẤT
[2026-04-20T13:28:11.988+0000] {logging_mixin.py:188} WARNING - [2026-04-20 13:28:11] INFO    etl.transform :    dim_giang_vien           :       45 records
[2026-04-20T13:28:11.988+0000] {transform.py:111} INFO -    dim_giang_vien           :       45 records
[2026-04-20T13:28:11.989+0000] {logging_mixin.py:188} WARNING - [2026-04-20 13:28:11] INFO    etl.transform :    dim_sinh_vien            :    1,695 records
[2026-04-20T13:28:11.989+0000] {transform.py:111} INFO -    dim_sinh_vien            :    1,695 records
[2026-04-20T13:28:11.990+0000] {logging_mixin.py:188} WARNING - [2026-04-20 13:28:11] INFO    etl.transform :    dim_hoc_phan             :      121 records
[2026-04-20T13:28:11.990+0000] {transform.py:111} INFO -    dim_hoc_phan             :      121 records
[2026-04-20T13:28:11.992+0000] {logging_mixin.py:188} WARNING - [2026-04-20 13:28:11] INFO    etl.transform :    dim_thoi_gian            :       13 records
[2026-04-20T13:28:11.992+0000] {transform.py:111} INFO -    dim_thoi_gian            :       13 records
[2026-04-20T13:28:11.994+0000] {logging_mixin.py:188} WARNING - [2026-04-20 13:28:11] INFO    etl.transform :    fact_diem                :   54,640 records
[2026-04-20T13:28:11.993+0000] {transform.py:111} INFO -    fact_diem                :   54,640 records
[2026-04-20T13:28:11.995+0000] {logging_mixin.py:188} WARNING - [2026-04-20 13:28:11] INFO    etl.transform :    fact_dang_ky             :   55,125 records
[2026-04-20T13:28:11.995+0000] {transform.py:111} INFO -    fact_dang_ky             :   55,125 records
[2026-04-20T13:28:11.997+0000] {logging_mixin.py:188} WARNING - [2026-04-20 13:28:11] INFO    etl.transform :    fact_ren_luyen           :    9,475 records
[2026-04-20T13:28:11.996+0000] {transform.py:111} INFO -    fact_ren_luyen           :    9,475 records
[2026-04-20T13:28:11.998+0000] {logging_mixin.py:188} WARNING - [2026-04-20 13:28:11] INFO    etl.transform :    fact_tai_chinh           :    9,182 records
[2026-04-20T13:28:11.998+0000] {transform.py:111} INFO -    fact_tai_chinh           :    9,182 records
[2026-04-20T13:28:12.000+0000] {logging_mixin.py:188} WARNING - [2026-04-20 13:28:12] INFO    etl.transform : ======================================================================
[2026-04-20T13:28:12.000+0000] {transform.py:112} INFO - ======================================================================
[2026-04-20T13:28:12.030+0000] {logging_mixin.py:188} WARNING - [2026-04-20 13:28:12] INFO    utils.minio :   MinIO ↑ [staging-data] 2026-04-20_13-28/dim_hoc_ky.parquet (5.4 KB | 13 rows)
[2026-04-20T13:28:12.030+0000] {minio_client.py:142} INFO -   MinIO ↑ [staging-data] 2026-04-20_13-28/dim_hoc_ky.parquet (5.4 KB | 13 rows)
[2026-04-20T13:28:12.043+0000] {logging_mixin.py:188} WARNING - [2026-04-20 13:28:12] INFO    utils.minio :   MinIO ↑ [staging-data] 2026-04-20_13-28/dim_giang_vien.parquet (8.9 KB | 45 rows)
[2026-04-20T13:28:12.042+0000] {minio_client.py:142} INFO -   MinIO ↑ [staging-data] 2026-04-20_13-28/dim_giang_vien.parquet (8.9 KB | 45 rows)
[2026-04-20T13:28:12.056+0000] {logging_mixin.py:188} WARNING - [2026-04-20 13:28:12] INFO    utils.minio :   MinIO ↑ [staging-data] 2026-04-20_13-28/dim_hoc_phan.parquet (11.0 KB | 121 rows)
[2026-04-20T13:28:12.056+0000] {minio_client.py:142} INFO -   MinIO ↑ [staging-data] 2026-04-20_13-28/dim_hoc_phan.parquet (11.0 KB | 121 rows)
[2026-04-20T13:28:12.070+0000] {logging_mixin.py:188} WARNING - [2026-04-20 13:28:12] INFO    utils.minio :   MinIO ↑ [staging-data] 2026-04-20_13-28/dim_sinh_vien.parquet (71.7 KB | 1,695 rows)
[2026-04-20T13:28:12.070+0000] {minio_client.py:142} INFO -   MinIO ↑ [staging-data] 2026-04-20_13-28/dim_sinh_vien.parquet (71.7 KB | 1,695 rows)
[2026-04-20T13:28:12.136+0000] {logging_mixin.py:188} WARNING - [2026-04-20 13:28:12] INFO    utils.minio :   MinIO ↑ [staging-data] 2026-04-20_13-28/fact_diem.parquet (816.7 KB | 54,640 rows)
[2026-04-20T13:28:12.136+0000] {minio_client.py:142} INFO -   MinIO ↑ [staging-data] 2026-04-20_13-28/fact_diem.parquet (816.7 KB | 54,640 rows)
[2026-04-20T13:28:12.176+0000] {logging_mixin.py:188} WARNING - [2026-04-20 13:28:12] INFO    utils.minio :   MinIO ↑ [staging-data] 2026-04-20_13-28/fact_dang_ky.parquet (462.4 KB | 55,125 rows)
[2026-04-20T13:28:12.176+0000] {minio_client.py:142} INFO -   MinIO ↑ [staging-data] 2026-04-20_13-28/fact_dang_ky.parquet (462.4 KB | 55,125 rows)
[2026-04-20T13:28:12.191+0000] {logging_mixin.py:188} WARNING - [2026-04-20 13:28:12] INFO    utils.minio :   MinIO ↑ [staging-data] 2026-04-20_13-28/fact_ren_luyen.parquet (41.2 KB | 9,475 rows)
[2026-04-20T13:28:12.191+0000] {minio_client.py:142} INFO -   MinIO ↑ [staging-data] 2026-04-20_13-28/fact_ren_luyen.parquet (41.2 KB | 9,475 rows)
[2026-04-20T13:28:12.206+0000] {logging_mixin.py:188} WARNING - [2026-04-20 13:28:12] INFO    utils.minio :   MinIO ↑ [staging-data] 2026-04-20_13-28/fact_tai_chinh.parquet (86.5 KB | 9,182 rows)
[2026-04-20T13:28:12.206+0000] {minio_client.py:142} INFO -   MinIO ↑ [staging-data] 2026-04-20_13-28/fact_tai_chinh.parquet (86.5 KB | 9,182 rows)
[2026-04-20T13:28:12.207+0000] {logging_mixin.py:188} WARNING - [2026-04-20 13:28:12] INFO    etl.transform :   MinIO staging-data: 8/8 files OK → run_id=2026-04-20_13-28
[2026-04-20T13:28:12.207+0000] {transform.py:141} INFO -   MinIO staging-data: 8/8 files OK → run_id=2026-04-20_13-28
[2026-04-20T13:28:12.237+0000] {logging_mixin.py:188} INFO - Transform xong: {'dim_giang_vien': 45, 'dim_sinh_vien': 1695, 'dim_hoc_phan': 121, 'dim_thoi_gian': 13, 'fact_diem': 54640, 'fact_dang_ky': 55125, 'fact_ren_luyen': 9475, 'fact_tai_chinh': 9182}
[2026-04-20T13:28:12.240+0000] {python.py:201} INFO - Done. Returned value was: {'dim_giang_vien': 45, 'dim_sinh_vien': 1695, 'dim_hoc_phan': 121, 'dim_thoi_gian': 13, 'fact_diem': 54640, 'fact_dang_ky': 55125, 'fact_ren_luyen': 9475, 'fact_tai_chinh': 9182}
[2026-04-20T13:28:12.264+0000] {taskinstance.py:1138} INFO - Marking task as SUCCESS. dag_id=daily_student_pipeline, task_id=transform_data, execution_date=20260420T132755, start_date=20260420T132808, end_date=20260420T132812
[2026-04-20T13:28:12.299+0000] {local_task_job_runner.py:234} INFO - Task exited with return code 0
[2026-04-20T13:28:12.322+0000] {taskinstance.py:3280} INFO - 1 downstream tasks scheduled from follow-on schedule check
