[2026-04-19T14:05:56.028+0000] {taskinstance.py:1956} INFO - Dependencies all met for dep_context=non-requeueable deps ti=<TaskInstance: daily_student_pipeline.transform_data manual__2026-04-19T14:05:45.543402+00:00 [queued]>
[2026-04-19T14:05:56.035+0000] {taskinstance.py:1956} INFO - Dependencies all met for dep_context=requeueable deps ti=<TaskInstance: daily_student_pipeline.transform_data manual__2026-04-19T14:05:45.543402+00:00 [queued]>
[2026-04-19T14:05:56.035+0000] {taskinstance.py:2170} INFO - Starting attempt 1 of 1
[2026-04-19T14:05:56.045+0000] {taskinstance.py:2191} INFO - Executing <Task(PythonOperator): transform_data> on 2026-04-19 14:05:45.543402+00:00
[2026-04-19T14:05:56.050+0000] {standard_task_runner.py:60} INFO - Started process 1704 to run task
[2026-04-19T14:05:56.052+0000] {standard_task_runner.py:87} INFO - Running: ['***', 'tasks', 'run', 'daily_student_pipeline', 'transform_data', 'manual__2026-04-19T14:05:45.543402+00:00', '--job-id', '362', '--raw', '--subdir', 'DAGS_FOLDER/daily_student_pipeline.py', '--cfg-path', '/tmp/tmp89x_zcn_']
[2026-04-19T14:05:56.054+0000] {standard_task_runner.py:88} INFO - Job 362: Subtask transform_data
[2026-04-19T14:05:56.117+0000] {task_command.py:423} INFO - Running <TaskInstance: daily_student_pipeline.transform_data manual__2026-04-19T14:05:45.543402+00:00 [running]> on host eb2cbdc99987
[2026-04-19T14:05:56.210+0000] {taskinstance.py:2480} INFO - Exporting env vars: AIRFLOW_CTX_DAG_OWNER='nhom8' AIRFLOW_CTX_DAG_ID='daily_student_pipeline' AIRFLOW_CTX_TASK_ID='transform_data' AIRFLOW_CTX_EXECUTION_DATE='2026-04-19T14:05:45.543402+00:00' AIRFLOW_CTX_TRY_NUMBER='1' AIRFLOW_CTX_DAG_RUN_ID='manual__2026-04-19T14:05:45.543402+00:00'
[2026-04-19T14:05:56.805+0000] {logging_mixin.py:188} WARNING - [2026-04-19 14:05:56] INFO    etl.extract :   Load from MinIO staging: run_id=2026-04-19_14-05
[2026-04-19T14:05:56.805+0000] {extract.py:421} INFO -   Load from MinIO staging: run_id=2026-04-19_14-05
[2026-04-19T14:05:56.830+0000] {logging_mixin.py:188} WARNING - [2026-04-19 14:05:56] INFO    utils.minio :   MinIO ↓ [raw-data] 2026-04-19_14-05/nguon1_khoa.parquet (4 rows)
[2026-04-19T14:05:56.830+0000] {minio_client.py:223} INFO -   MinIO ↓ [raw-data] 2026-04-19_14-05/nguon1_khoa.parquet (4 rows)
[2026-04-19T14:05:56.842+0000] {logging_mixin.py:188} WARNING - [2026-04-19 14:05:56] INFO    utils.minio :   MinIO ↓ [raw-data] 2026-04-19_14-05/nguon1_nganh.parquet (3 rows)
[2026-04-19T14:05:56.842+0000] {minio_client.py:223} INFO -   MinIO ↓ [raw-data] 2026-04-19_14-05/nguon1_nganh.parquet (3 rows)
[2026-04-19T14:05:56.854+0000] {logging_mixin.py:188} WARNING - [2026-04-19 14:05:56] INFO    utils.minio :   MinIO ↓ [raw-data] 2026-04-19_14-05/nguon1_giang_vien.parquet (45 rows)
[2026-04-19T14:05:56.854+0000] {minio_client.py:223} INFO -   MinIO ↓ [raw-data] 2026-04-19_14-05/nguon1_giang_vien.parquet (45 rows)
[2026-04-19T14:05:56.865+0000] {logging_mixin.py:188} WARNING - [2026-04-19 14:05:56] INFO    utils.minio :   MinIO ↓ [raw-data] 2026-04-19_14-05/nguon1_lop_hanh_chinh.parquet (48 rows)
[2026-04-19T14:05:56.865+0000] {minio_client.py:223} INFO -   MinIO ↓ [raw-data] 2026-04-19_14-05/nguon1_lop_hanh_chinh.parquet (48 rows)
[2026-04-19T14:05:56.878+0000] {logging_mixin.py:188} WARNING - [2026-04-19 14:05:56] INFO    utils.minio :   MinIO ↓ [raw-data] 2026-04-19_14-05/nguon1_sinh_vien.parquet (1,695 rows)
[2026-04-19T14:05:56.878+0000] {minio_client.py:223} INFO -   MinIO ↓ [raw-data] 2026-04-19_14-05/nguon1_sinh_vien.parquet (1,695 rows)
[2026-04-19T14:05:56.887+0000] {logging_mixin.py:188} WARNING - [2026-04-19 14:05:56] INFO    utils.minio :   MinIO ↓ [raw-data] 2026-04-19_14-05/nguon1_hoc_phan.parquet (121 rows)
[2026-04-19T14:05:56.887+0000] {minio_client.py:223} INFO -   MinIO ↓ [raw-data] 2026-04-19_14-05/nguon1_hoc_phan.parquet (121 rows)
[2026-04-19T14:05:56.898+0000] {logging_mixin.py:188} WARNING - [2026-04-19 14:05:56] INFO    utils.minio :   MinIO ↓ [raw-data] 2026-04-19_14-05/nguon1_hoc_ky.parquet (13 rows)
[2026-04-19T14:05:56.898+0000] {minio_client.py:223} INFO -   MinIO ↓ [raw-data] 2026-04-19_14-05/nguon1_hoc_ky.parquet (13 rows)
[2026-04-19T14:05:56.915+0000] {logging_mixin.py:188} WARNING - [2026-04-19 14:05:56] INFO    utils.minio :   MinIO ↓ [raw-data] 2026-04-19_14-05/nguon1_dang_ky.parquet (56,454 rows)
[2026-04-19T14:05:56.915+0000] {minio_client.py:223} INFO -   MinIO ↓ [raw-data] 2026-04-19_14-05/nguon1_dang_ky.parquet (56,454 rows)
[2026-04-19T14:05:56.930+0000] {logging_mixin.py:188} WARNING - [2026-04-19 14:05:56] INFO    utils.minio :   MinIO ↓ [raw-data] 2026-04-19_14-05/nguon1_diem.parquet (55,974 rows)
[2026-04-19T14:05:56.930+0000] {minio_client.py:223} INFO -   MinIO ↓ [raw-data] 2026-04-19_14-05/nguon1_diem.parquet (55,974 rows)
[2026-04-19T14:05:56.939+0000] {logging_mixin.py:188} WARNING - [2026-04-19 14:05:56] INFO    utils.minio :   MinIO ↓ [raw-data] 2026-04-19_14-05/nguon1_tong_hop_ket_qua.parquet (1,695 rows)
[2026-04-19T14:05:56.939+0000] {minio_client.py:223} INFO -   MinIO ↓ [raw-data] 2026-04-19_14-05/nguon1_tong_hop_ket_qua.parquet (1,695 rows)
[2026-04-19T14:05:56.950+0000] {logging_mixin.py:188} WARNING - [2026-04-19 14:05:56] INFO    utils.minio :   MinIO ↓ [raw-data] 2026-04-19_14-05/nguon2_ctsv.parquet (9,587 rows)
[2026-04-19T14:05:56.950+0000] {minio_client.py:223} INFO -   MinIO ↓ [raw-data] 2026-04-19_14-05/nguon2_ctsv.parquet (9,587 rows)
[2026-04-19T14:05:56.963+0000] {logging_mixin.py:188} WARNING - [2026-04-19 14:05:56] INFO    utils.minio :   MinIO ↓ [raw-data] 2026-04-19_14-05/nguon3_tai_chinh.parquet (9,382 rows)
[2026-04-19T14:05:56.963+0000] {minio_client.py:223} INFO -   MinIO ↓ [raw-data] 2026-04-19_14-05/nguon3_tai_chinh.parquet (9,382 rows)
[2026-04-19T14:05:56.965+0000] {logging_mixin.py:188} WARNING - [2026-04-19 14:05:56] INFO    etl.extract :  Load from staging OK — run_id=2026-04-19_14-05
[2026-04-19T14:05:56.964+0000] {extract.py:438} INFO -  Load from staging OK — run_id=2026-04-19_14-05
[2026-04-19T14:05:56.966+0000] {logging_mixin.py:188} WARNING - [2026-04-19 14:05:56] INFO    etl.transform : ==BẮT ĐẦU TRANSFORM==
[2026-04-19T14:05:56.966+0000] {transform.py:75} INFO - ==BẮT ĐẦU TRANSFORM==
[2026-04-19T14:05:56.967+0000] {logging_mixin.py:188} WARNING - [2026-04-19 14:05:56] INFO    etl.transform : ======================================================================
[2026-04-19T14:05:56.967+0000] {transform.py:76} INFO - ======================================================================
[2026-04-19T14:05:56.969+0000] {logging_mixin.py:188} WARNING - [2026-04-19 14:05:56] INFO    etl.transform : ── Bước 1: Transform Dimension Tables ──
[2026-04-19T14:05:56.969+0000] {transform.py:80} INFO - ── Bước 1: Transform Dimension Tables ──
[2026-04-19T14:05:56.974+0000] {logging_mixin.py:188} WARNING - [2026-04-19 14:05:56] INFO    etl.transform :   dim_thoi_gian               →     13 records
[2026-04-19T14:05:56.974+0000] {transform.py:190} INFO -   dim_thoi_gian               →     13 records
[2026-04-19T14:05:56.977+0000] {logging_mixin.py:188} WARNING - [2026-04-19 14:05:56] INFO    etl.transform :   dim_giang_vien              →     45 records
[2026-04-19T14:05:56.977+0000] {transform.py:213} INFO -   dim_giang_vien              →     45 records
[2026-04-19T14:05:56.981+0000] {logging_mixin.py:188} WARNING - [2026-04-19 14:05:56] INFO    etl.transform :   dim_hoc_phan                →    121 records
[2026-04-19T14:05:56.981+0000] {transform.py:240} INFO -   dim_hoc_phan                →    121 records
[2026-04-19T14:05:56.993+0000] {logging_mixin.py:188} WARNING - [2026-04-19 14:05:56] INFO    etl.transform :   dim_sinh_vien               →  1,695 records
[2026-04-19T14:05:56.993+0000] {transform.py:306} INFO -   dim_sinh_vien               →  1,695 records
[2026-04-19T14:05:56.995+0000] {logging_mixin.py:188} WARNING - [2026-04-19 14:05:56] INFO    etl.transform : ── Bước 2: Transform Fact Tables ──
[2026-04-19T14:05:56.995+0000] {transform.py:96} INFO - ── Bước 2: Transform Fact Tables ──
[2026-04-19T14:05:57.066+0000] {logging_mixin.py:188} WARNING - [2026-04-19 14:05:57] INFO    etl.transform :   fact_diem                   → 55,974 records
[2026-04-19T14:05:57.066+0000] {transform.py:376} INFO -   fact_diem                   → 55,974 records
[2026-04-19T14:05:57.110+0000] {logging_mixin.py:188} WARNING - [2026-04-19 14:05:57] INFO    etl.transform :   fact_dang_ky               → 56,454 records
[2026-04-19T14:05:57.110+0000] {transform.py:413} INFO -   fact_dang_ky               → 56,454 records
[2026-04-19T14:05:57.133+0000] {logging_mixin.py:188} WARNING - [2026-04-19 14:05:57] INFO    etl.transform :   fact_ren_luyen              →  9,587 records
[2026-04-19T14:05:57.133+0000] {transform.py:445} INFO -   fact_ren_luyen              →  9,587 records
[2026-04-19T14:05:57.143+0000] {logging_mixin.py:188} WARNING - /opt/***/src/etl/transform.py:467 UserWarning: The argument 'infer_datetime_format' is deprecated and will be removed in a future version. A strict version of it is now the default, see https://pandas.pydata.org/pdeps/0004-consistent-to-datetime-parsing.html. You can safely remove this argument.
[2026-04-19T14:05:57.151+0000] {logging_mixin.py:188} WARNING - [2026-04-19 14:05:57] INFO    etl.transform :   fact_tai_chinh              →  9,382 records
[2026-04-19T14:05:57.151+0000] {transform.py:485} INFO -   fact_tai_chinh              →  9,382 records
[2026-04-19T14:05:57.153+0000] {logging_mixin.py:188} WARNING - [2026-04-19 14:05:57] INFO    etl.transform : ======================================================================
[2026-04-19T14:05:57.153+0000] {transform.py:108} INFO - ======================================================================
[2026-04-19T14:05:57.154+0000] {logging_mixin.py:188} WARNING - [2026-04-19 14:05:57] INFO    etl.transform : TRANSFORM HOÀN TẤT
[2026-04-19T14:05:57.154+0000] {transform.py:109} INFO - TRANSFORM HOÀN TẤT
[2026-04-19T14:05:57.155+0000] {logging_mixin.py:188} WARNING - [2026-04-19 14:05:57] INFO    etl.transform :    dim_giang_vien           :       45 records
[2026-04-19T14:05:57.155+0000] {transform.py:111} INFO -    dim_giang_vien           :       45 records
[2026-04-19T14:05:57.155+0000] {logging_mixin.py:188} WARNING - [2026-04-19 14:05:57] INFO    etl.transform :    dim_sinh_vien            :    1,695 records
[2026-04-19T14:05:57.155+0000] {transform.py:111} INFO -    dim_sinh_vien            :    1,695 records
[2026-04-19T14:05:57.157+0000] {logging_mixin.py:188} WARNING - [2026-04-19 14:05:57] INFO    etl.transform :    dim_hoc_phan             :      121 records
[2026-04-19T14:05:57.157+0000] {transform.py:111} INFO -    dim_hoc_phan             :      121 records
[2026-04-19T14:05:57.158+0000] {logging_mixin.py:188} WARNING - [2026-04-19 14:05:57] INFO    etl.transform :    dim_thoi_gian            :       13 records
[2026-04-19T14:05:57.157+0000] {transform.py:111} INFO -    dim_thoi_gian            :       13 records
[2026-04-19T14:05:57.158+0000] {logging_mixin.py:188} WARNING - [2026-04-19 14:05:57] INFO    etl.transform :    fact_diem                :   55,974 records
[2026-04-19T14:05:57.158+0000] {transform.py:111} INFO -    fact_diem                :   55,974 records
[2026-04-19T14:05:57.160+0000] {logging_mixin.py:188} WARNING - [2026-04-19 14:05:57] INFO    etl.transform :    fact_dang_ky             :   56,454 records
[2026-04-19T14:05:57.160+0000] {transform.py:111} INFO -    fact_dang_ky             :   56,454 records
[2026-04-19T14:05:57.161+0000] {logging_mixin.py:188} WARNING - [2026-04-19 14:05:57] INFO    etl.transform :    fact_ren_luyen           :    9,587 records
[2026-04-19T14:05:57.161+0000] {transform.py:111} INFO -    fact_ren_luyen           :    9,587 records
[2026-04-19T14:05:57.163+0000] {logging_mixin.py:188} WARNING - [2026-04-19 14:05:57] INFO    etl.transform :    fact_tai_chinh           :    9,382 records
[2026-04-19T14:05:57.163+0000] {transform.py:111} INFO -    fact_tai_chinh           :    9,382 records
[2026-04-19T14:05:57.165+0000] {logging_mixin.py:188} WARNING - [2026-04-19 14:05:57] INFO    etl.transform : ======================================================================
[2026-04-19T14:05:57.165+0000] {transform.py:112} INFO - ======================================================================
[2026-04-19T14:05:57.189+0000] {logging_mixin.py:188} WARNING - [2026-04-19 14:05:57] INFO    utils.minio :   MinIO ↑ [staging-data] 2026-04-19_14-05/dim_hoc_ky.parquet (5.4 KB | 13 rows)
[2026-04-19T14:05:57.189+0000] {minio_client.py:142} INFO -   MinIO ↑ [staging-data] 2026-04-19_14-05/dim_hoc_ky.parquet (5.4 KB | 13 rows)
[2026-04-19T14:05:57.202+0000] {logging_mixin.py:188} WARNING - [2026-04-19 14:05:57] INFO    utils.minio :   MinIO ↑ [staging-data] 2026-04-19_14-05/dim_giang_vien.parquet (8.9 KB | 45 rows)
[2026-04-19T14:05:57.202+0000] {minio_client.py:142} INFO -   MinIO ↑ [staging-data] 2026-04-19_14-05/dim_giang_vien.parquet (8.9 KB | 45 rows)
[2026-04-19T14:05:57.213+0000] {logging_mixin.py:188} WARNING - [2026-04-19 14:05:57] INFO    utils.minio :   MinIO ↑ [staging-data] 2026-04-19_14-05/dim_hoc_phan.parquet (11.0 KB | 121 rows)
[2026-04-19T14:05:57.213+0000] {minio_client.py:142} INFO -   MinIO ↑ [staging-data] 2026-04-19_14-05/dim_hoc_phan.parquet (11.0 KB | 121 rows)
[2026-04-19T14:05:57.228+0000] {logging_mixin.py:188} WARNING - [2026-04-19 14:05:57] INFO    utils.minio :   MinIO ↑ [staging-data] 2026-04-19_14-05/dim_sinh_vien.parquet (71.7 KB | 1,695 rows)
[2026-04-19T14:05:57.228+0000] {minio_client.py:142} INFO -   MinIO ↑ [staging-data] 2026-04-19_14-05/dim_sinh_vien.parquet (71.7 KB | 1,695 rows)
[2026-04-19T14:05:57.282+0000] {logging_mixin.py:188} WARNING - [2026-04-19 14:05:57] INFO    utils.minio :   MinIO ↑ [staging-data] 2026-04-19_14-05/fact_diem.parquet (850.5 KB | 55,974 rows)
[2026-04-19T14:05:57.282+0000] {minio_client.py:142} INFO -   MinIO ↑ [staging-data] 2026-04-19_14-05/fact_diem.parquet (850.5 KB | 55,974 rows)
[2026-04-19T14:05:57.324+0000] {logging_mixin.py:188} WARNING - [2026-04-19 14:05:57] INFO    utils.minio :   MinIO ↑ [staging-data] 2026-04-19_14-05/fact_dang_ky.parquet (485.6 KB | 56,454 rows)
[2026-04-19T14:05:57.324+0000] {minio_client.py:142} INFO -   MinIO ↑ [staging-data] 2026-04-19_14-05/fact_dang_ky.parquet (485.6 KB | 56,454 rows)
[2026-04-19T14:05:57.341+0000] {logging_mixin.py:188} WARNING - [2026-04-19 14:05:57] INFO    utils.minio :   MinIO ↑ [staging-data] 2026-04-19_14-05/fact_ren_luyen.parquet (41.8 KB | 9,587 rows)
[2026-04-19T14:05:57.341+0000] {minio_client.py:142} INFO -   MinIO ↑ [staging-data] 2026-04-19_14-05/fact_ren_luyen.parquet (41.8 KB | 9,587 rows)
[2026-04-19T14:05:57.358+0000] {logging_mixin.py:188} WARNING - [2026-04-19 14:05:57] INFO    utils.minio :   MinIO ↑ [staging-data] 2026-04-19_14-05/fact_tai_chinh.parquet (93.6 KB | 9,382 rows)
[2026-04-19T14:05:57.358+0000] {minio_client.py:142} INFO -   MinIO ↑ [staging-data] 2026-04-19_14-05/fact_tai_chinh.parquet (93.6 KB | 9,382 rows)
[2026-04-19T14:05:57.359+0000] {logging_mixin.py:188} WARNING - [2026-04-19 14:05:57] INFO    etl.transform :   MinIO staging-data: 8/8 files OK → run_id=2026-04-19_14-05
[2026-04-19T14:05:57.359+0000] {transform.py:141} INFO -   MinIO staging-data: 8/8 files OK → run_id=2026-04-19_14-05
[2026-04-19T14:05:57.387+0000] {logging_mixin.py:188} INFO - Transform xong: {'dim_giang_vien': 45, 'dim_sinh_vien': 1695, 'dim_hoc_phan': 121, 'dim_thoi_gian': 13, 'fact_diem': 55974, 'fact_dang_ky': 56454, 'fact_ren_luyen': 9587, 'fact_tai_chinh': 9382}
[2026-04-19T14:05:57.391+0000] {python.py:201} INFO - Done. Returned value was: {'dim_giang_vien': 45, 'dim_sinh_vien': 1695, 'dim_hoc_phan': 121, 'dim_thoi_gian': 13, 'fact_diem': 55974, 'fact_dang_ky': 56454, 'fact_ren_luyen': 9587, 'fact_tai_chinh': 9382}
[2026-04-19T14:05:57.416+0000] {taskinstance.py:1138} INFO - Marking task as SUCCESS. dag_id=daily_student_pipeline, task_id=transform_data, execution_date=20260419T140545, start_date=20260419T140556, end_date=20260419T140557
[2026-04-19T14:05:57.469+0000] {local_task_job_runner.py:234} INFO - Task exited with return code 0
[2026-04-19T14:05:57.491+0000] {taskinstance.py:3280} INFO - 1 downstream tasks scheduled from follow-on schedule check
