[2026-04-20T07:50:14.497+0000] {taskinstance.py:1956} INFO - Dependencies all met for dep_context=non-requeueable deps ti=<TaskInstance: daily_student_pipeline.extract_data scheduled__2026-04-19T02:00:00+00:00 [queued]>
[2026-04-20T07:50:14.506+0000] {taskinstance.py:1956} INFO - Dependencies all met for dep_context=requeueable deps ti=<TaskInstance: daily_student_pipeline.extract_data scheduled__2026-04-19T02:00:00+00:00 [queued]>
[2026-04-20T07:50:14.507+0000] {taskinstance.py:2170} INFO - Starting attempt 1 of 1
[2026-04-20T07:50:14.522+0000] {taskinstance.py:2191} INFO - Executing <Task(PythonOperator): extract_data> on 2026-04-19 02:00:00+00:00
[2026-04-20T07:50:14.527+0000] {standard_task_runner.py:60} INFO - Started process 202 to run task
[2026-04-20T07:50:14.532+0000] {standard_task_runner.py:87} INFO - Running: ['***', 'tasks', 'run', 'daily_student_pipeline', 'extract_data', 'scheduled__2026-04-19T02:00:00+00:00', '--job-id', '378', '--raw', '--subdir', 'DAGS_FOLDER/daily_student_pipeline.py', '--cfg-path', '/tmp/tmpfryjl54i']
[2026-04-20T07:50:14.536+0000] {standard_task_runner.py:88} INFO - Job 378: Subtask extract_data
[2026-04-20T07:50:14.608+0000] {task_command.py:423} INFO - Running <TaskInstance: daily_student_pipeline.extract_data scheduled__2026-04-19T02:00:00+00:00 [running]> on host eb2cbdc99987
[2026-04-20T07:50:14.755+0000] {taskinstance.py:2480} INFO - Exporting env vars: AIRFLOW_CTX_DAG_OWNER='nhom8' AIRFLOW_CTX_DAG_ID='daily_student_pipeline' AIRFLOW_CTX_TASK_ID='extract_data' AIRFLOW_CTX_EXECUTION_DATE='2026-04-19T02:00:00+00:00' AIRFLOW_CTX_TRY_NUMBER='1' AIRFLOW_CTX_DAG_RUN_ID='scheduled__2026-04-19T02:00:00+00:00'
[2026-04-20T07:50:16.044+0000] {logging_mixin.py:188} WARNING - [2026-04-20 07:50:16] INFO    etl.extract : ==BẮT ĐẦU FULL EXTRACT==
[2026-04-20T07:50:16.044+0000] {extract.py:346} INFO - ==BẮT ĐẦU FULL EXTRACT==
[2026-04-20T07:50:16.046+0000] {logging_mixin.py:188} WARNING - [2026-04-20 07:50:16] INFO    etl.extract : ======================================================================
[2026-04-20T07:50:16.045+0000] {extract.py:347} INFO - ======================================================================
[2026-04-20T07:50:16.052+0000] {logging_mixin.py:188} WARNING - [2026-04-20 07:50:16] INFO    etl.extract : ════════════════════════════════════════════════════════════
[2026-04-20T07:50:16.052+0000] {extract.py:84} INFO - ════════════════════════════════════════════════════════════
[2026-04-20T07:50:16.053+0000] {logging_mixin.py:188} WARNING - [2026-04-20 07:50:16] INFO    etl.extract : NGUỒN 1 — PostgreSQL (Phòng Đào tạo) | Full Extract
[2026-04-20T07:50:16.053+0000] {extract.py:85} INFO - NGUỒN 1 — PostgreSQL (Phòng Đào tạo) | Full Extract
[2026-04-20T07:50:16.055+0000] {logging_mixin.py:188} WARNING - [2026-04-20 07:50:16] INFO    etl.extract : ════════════════════════════════════════════════════════════
[2026-04-20T07:50:16.055+0000] {extract.py:86} INFO - ════════════════════════════════════════════════════════════
[2026-04-20T07:50:16.189+0000] {logging_mixin.py:188} WARNING - [2026-04-20 07:50:16] INFO    etl.extract :   PostgreSQL | khoa                      →      4 records
[2026-04-20T07:50:16.189+0000] {extract.py:68} INFO -   PostgreSQL | khoa                      →      4 records
[2026-04-20T07:50:16.223+0000] {logging_mixin.py:188} WARNING - [2026-04-20 07:50:16] INFO    etl.extract :   PostgreSQL | nganh                     →      3 records
[2026-04-20T07:50:16.223+0000] {extract.py:68} INFO -   PostgreSQL | nganh                     →      3 records
[2026-04-20T07:50:16.261+0000] {logging_mixin.py:188} WARNING - [2026-04-20 07:50:16] INFO    etl.extract :   PostgreSQL | giang_vien                →     45 records
[2026-04-20T07:50:16.261+0000] {extract.py:68} INFO -   PostgreSQL | giang_vien                →     45 records
[2026-04-20T07:50:16.314+0000] {logging_mixin.py:188} WARNING - [2026-04-20 07:50:16] INFO    etl.extract :   PostgreSQL | lop_hanh_chinh            →     48 records
[2026-04-20T07:50:16.314+0000] {extract.py:68} INFO -   PostgreSQL | lop_hanh_chinh            →     48 records
[2026-04-20T07:50:16.410+0000] {logging_mixin.py:188} WARNING - [2026-04-20 07:50:16] INFO    etl.extract :   PostgreSQL | sinh_vien                 →  1,695 records
[2026-04-20T07:50:16.410+0000] {extract.py:68} INFO -   PostgreSQL | sinh_vien                 →  1,695 records
[2026-04-20T07:50:16.451+0000] {logging_mixin.py:188} WARNING - [2026-04-20 07:50:16] INFO    etl.extract :   PostgreSQL | hoc_phan                  →    121 records
[2026-04-20T07:50:16.451+0000] {extract.py:68} INFO -   PostgreSQL | hoc_phan                  →    121 records
[2026-04-20T07:50:16.473+0000] {logging_mixin.py:188} WARNING - [2026-04-20 07:50:16] INFO    etl.extract :   PostgreSQL | hoc_ky_nam_hoc            →     13 records
[2026-04-20T07:50:16.473+0000] {extract.py:68} INFO -   PostgreSQL | hoc_ky_nam_hoc            →     13 records
[2026-04-20T07:50:16.863+0000] {logging_mixin.py:188} WARNING - [2026-04-20 07:50:16] INFO    etl.extract :   PostgreSQL | dang_ky_hoc_phan          → 54,912 records
[2026-04-20T07:50:16.863+0000] {extract.py:68} INFO -   PostgreSQL | dang_ky_hoc_phan          → 54,912 records
[2026-04-20T07:50:18.049+0000] {logging_mixin.py:188} WARNING - [2026-04-20 07:50:18] INFO    etl.extract :   PostgreSQL | diem_hoc_phan             → 54,460 records
[2026-04-20T07:50:18.048+0000] {extract.py:68} INFO -   PostgreSQL | diem_hoc_phan             → 54,460 records
[2026-04-20T07:50:18.186+0000] {logging_mixin.py:188} WARNING - [2026-04-20 07:50:18] INFO    etl.extract :   PostgreSQL | tong_hop_ket_qua          →  1,695 records
[2026-04-20T07:50:18.186+0000] {extract.py:68} INFO -   PostgreSQL | tong_hop_ket_qua          →  1,695 records
[2026-04-20T07:50:18.188+0000] {logging_mixin.py:188} WARNING - [2026-04-20 07:50:18] INFO    etl.extract :   PostgreSQL | TỔNG: 112,996 records từ 10 bảng
[2026-04-20T07:50:18.188+0000] {extract.py:93} INFO -   PostgreSQL | TỔNG: 112,996 records từ 10 bảng
[2026-04-20T07:50:18.189+0000] {logging_mixin.py:188} WARNING - [2026-04-20 07:50:18] INFO    etl.extract : ════════════════════════════════════════════════════════════
[2026-04-20T07:50:18.189+0000] {extract.py:167} INFO - ════════════════════════════════════════════════════════════
[2026-04-20T07:50:18.191+0000] {logging_mixin.py:188} WARNING - [2026-04-20 07:50:18] INFO    etl.extract : NGUỒN 2 — CSV (Phòng CTSV) | Extract
[2026-04-20T07:50:18.191+0000] {extract.py:168} INFO - NGUỒN 2 — CSV (Phòng CTSV) | Extract
[2026-04-20T07:50:18.193+0000] {logging_mixin.py:188} WARNING - [2026-04-20 07:50:18] INFO    etl.extract : ════════════════════════════════════════════════════════════
[2026-04-20T07:50:18.193+0000] {extract.py:169} INFO - ════════════════════════════════════════════════════════════
[2026-04-20T07:50:18.206+0000] {logging_mixin.py:188} WARNING - [2026-04-20 07:50:18] INFO    etl.extract :   CSV | Tìm thấy 13 file(s)
[2026-04-20T07:50:18.206+0000] {extract.py:178} INFO -   CSV | Tìm thấy 13 file(s)
[2026-04-20T07:50:18.216+0000] {logging_mixin.py:188} WARNING - [2026-04-20 07:50:18] INFO    etl.extract :   CSV | ctsv_HK1_2021_22.csv                →    791 records
[2026-04-20T07:50:18.216+0000] {extract.py:144} INFO -   CSV | ctsv_HK1_2021_22.csv                →    791 records
[2026-04-20T07:50:18.237+0000] {logging_mixin.py:188} WARNING - [2026-04-20 07:50:18] INFO    etl.extract :   CSV | ctsv_HK1_2022_23.csv                →  1,586 records
[2026-04-20T07:50:18.237+0000] {extract.py:144} INFO -   CSV | ctsv_HK1_2022_23.csv                →  1,586 records
[2026-04-20T07:50:18.247+0000] {logging_mixin.py:188} WARNING - [2026-04-20 07:50:18] INFO    etl.extract :   CSV | ctsv_HK1_2023_24.csv                →  2,391 records
[2026-04-20T07:50:18.247+0000] {extract.py:144} INFO -   CSV | ctsv_HK1_2023_24.csv                →  2,391 records
[2026-04-20T07:50:18.259+0000] {logging_mixin.py:188} WARNING - [2026-04-20 07:50:18] INFO    etl.extract :   CSV | ctsv_HK1_2024_25.csv                →  3,246 records
[2026-04-20T07:50:18.259+0000] {extract.py:144} INFO -   CSV | ctsv_HK1_2024_25.csv                →  3,246 records
[2026-04-20T07:50:18.279+0000] {logging_mixin.py:188} WARNING - [2026-04-20 07:50:18] INFO    etl.extract :   CSV | ctsv_HK1_2025_26.csv                →  2,449 records
[2026-04-20T07:50:18.279+0000] {extract.py:144} INFO -   CSV | ctsv_HK1_2025_26.csv                →  2,449 records
[2026-04-20T07:50:18.287+0000] {logging_mixin.py:188} WARNING - [2026-04-20 07:50:18] INFO    etl.extract :   CSV | ctsv_HK2_2021_22.csv                →    788 records
[2026-04-20T07:50:18.287+0000] {extract.py:144} INFO -   CSV | ctsv_HK2_2021_22.csv                →    788 records
[2026-04-20T07:50:18.299+0000] {logging_mixin.py:188} WARNING - [2026-04-20 07:50:18] INFO    etl.extract :   CSV | ctsv_HK2_2022_23.csv                →  1,574 records
[2026-04-20T07:50:18.299+0000] {extract.py:144} INFO -   CSV | ctsv_HK2_2022_23.csv                →  1,574 records
[2026-04-20T07:50:18.310+0000] {logging_mixin.py:188} WARNING - [2026-04-20 07:50:18] INFO    etl.extract :   CSV | ctsv_HK2_2023_24.csv                →  2,397 records
[2026-04-20T07:50:18.310+0000] {extract.py:144} INFO -   CSV | ctsv_HK2_2023_24.csv                →  2,397 records
[2026-04-20T07:50:18.327+0000] {logging_mixin.py:188} WARNING - [2026-04-20 07:50:18] INFO    etl.extract :   CSV | ctsv_HK2_2024_25.csv                →  2,870 records
[2026-04-20T07:50:18.327+0000] {extract.py:144} INFO -   CSV | ctsv_HK2_2024_25.csv                →  2,870 records
[2026-04-20T07:50:18.339+0000] {logging_mixin.py:188} WARNING - [2026-04-20 07:50:18] INFO    etl.extract :   CSV | ctsv_HK3_2021_22.csv                →     44 records
[2026-04-20T07:50:18.339+0000] {extract.py:144} INFO -   CSV | ctsv_HK3_2021_22.csv                →     44 records
[2026-04-20T07:50:18.349+0000] {logging_mixin.py:188} WARNING - [2026-04-20 07:50:18] INFO    etl.extract :   CSV | ctsv_HK3_2022_23.csv                →     70 records
[2026-04-20T07:50:18.349+0000] {extract.py:144} INFO -   CSV | ctsv_HK3_2022_23.csv                →     70 records
[2026-04-20T07:50:18.358+0000] {logging_mixin.py:188} WARNING - [2026-04-20 07:50:18] INFO    etl.extract :   CSV | ctsv_HK3_2023_24.csv                →    129 records
[2026-04-20T07:50:18.358+0000] {extract.py:144} INFO -   CSV | ctsv_HK3_2023_24.csv                →    129 records
[2026-04-20T07:50:18.368+0000] {logging_mixin.py:188} WARNING - [2026-04-20 07:50:18] INFO    etl.extract :   CSV | ctsv_HK3_2024_25.csv                →     71 records
[2026-04-20T07:50:18.368+0000] {extract.py:144} INFO -   CSV | ctsv_HK3_2024_25.csv                →     71 records
[2026-04-20T07:50:18.381+0000] {logging_mixin.py:188} WARNING - [2026-04-20 07:50:18] INFO    etl.extract :   CSV | Loại bỏ 8963 bản ghi trùng
[2026-04-20T07:50:18.381+0000] {extract.py:195} INFO -   CSV | Loại bỏ 8963 bản ghi trùng
[2026-04-20T07:50:18.383+0000] {logging_mixin.py:188} WARNING - [2026-04-20 07:50:18] INFO    etl.extract :   CSV | TỔNG: 9,443 records từ 13 file(s)
[2026-04-20T07:50:18.382+0000] {extract.py:197} INFO -   CSV | TỔNG: 9,443 records từ 13 file(s)
[2026-04-20T07:50:18.425+0000] {logging_mixin.py:188} WARNING - [2026-04-20 07:50:18] INFO    etl.extract :   API | metadata: generated_at=None, schema_version=None
[2026-04-20T07:50:18.425+0000] {extract.py:232} INFO -   API | metadata: generated_at=None, schema_version=None
[2026-04-20T07:50:18.431+0000] {logging_mixin.py:188} WARNING - [2026-04-20 07:50:18] WARNING etl.extract :   API | (HTTP) HK HK1-2021-22: Loại bỏ 2 duplicate records (ma_sinh_vien, hoc_ky)
[2026-04-20T07:50:18.431+0000] {extract.py:254} WARNING -   API | (HTTP) HK HK1-2021-22: Loại bỏ 2 duplicate records (ma_sinh_vien, hoc_ky)
[2026-04-20T07:50:18.439+0000] {logging_mixin.py:188} WARNING - [2026-04-20 07:50:18] INFO    etl.extract :   API | (HTTP) HK HK1-2021-22 →    390 records
[2026-04-20T07:50:18.439+0000] {extract.py:259} INFO -   API | (HTTP) HK HK1-2021-22 →    390 records
[2026-04-20T07:50:18.481+0000] {logging_mixin.py:188} WARNING - [2026-04-20 07:50:18] INFO    etl.extract :   API | metadata: generated_at=None, schema_version=None
[2026-04-20T07:50:18.481+0000] {extract.py:232} INFO -   API | metadata: generated_at=None, schema_version=None
[2026-04-20T07:50:18.485+0000] {logging_mixin.py:188} WARNING - [2026-04-20 07:50:18] WARNING etl.extract :   API | (HTTP) HK HK1-2022-23: Loại bỏ 6 duplicate records (ma_sinh_vien, hoc_ky)
[2026-04-20T07:50:18.485+0000] {extract.py:254} WARNING -   API | (HTTP) HK HK1-2022-23: Loại bỏ 6 duplicate records (ma_sinh_vien, hoc_ky)
[2026-04-20T07:50:18.488+0000] {logging_mixin.py:188} WARNING - [2026-04-20 07:50:18] INFO    etl.extract :   API | (HTTP) HK HK1-2022-23 →    776 records
[2026-04-20T07:50:18.488+0000] {extract.py:259} INFO -   API | (HTTP) HK HK1-2022-23 →    776 records
[2026-04-20T07:50:18.543+0000] {logging_mixin.py:188} WARNING - [2026-04-20 07:50:18] INFO    etl.extract :   API | metadata: generated_at=None, schema_version=None
[2026-04-20T07:50:18.543+0000] {extract.py:232} INFO -   API | metadata: generated_at=None, schema_version=None
[2026-04-20T07:50:18.548+0000] {logging_mixin.py:188} WARNING - [2026-04-20 07:50:18] WARNING etl.extract :   API | (HTTP) HK HK1-2023-24: Loại bỏ 10 duplicate records (ma_sinh_vien, hoc_ky)
[2026-04-20T07:50:18.548+0000] {extract.py:254} WARNING -   API | (HTTP) HK HK1-2023-24: Loại bỏ 10 duplicate records (ma_sinh_vien, hoc_ky)
[2026-04-20T07:50:18.549+0000] {logging_mixin.py:188} WARNING - [2026-04-20 07:50:18] INFO    etl.extract :   API | (HTTP) HK HK1-2023-24 →  1,182 records
[2026-04-20T07:50:18.549+0000] {extract.py:259} INFO -   API | (HTTP) HK HK1-2023-24 →  1,182 records
[2026-04-20T07:50:18.626+0000] {logging_mixin.py:188} WARNING - [2026-04-20 07:50:18] INFO    etl.extract :   API | metadata: generated_at=None, schema_version=None
[2026-04-20T07:50:18.626+0000] {extract.py:232} INFO -   API | metadata: generated_at=None, schema_version=None
[2026-04-20T07:50:18.632+0000] {logging_mixin.py:188} WARNING - [2026-04-20 07:50:18] WARNING etl.extract :   API | (HTTP) HK HK1-2024-25: Loại bỏ 14 duplicate records (ma_sinh_vien, hoc_ky)
[2026-04-20T07:50:18.632+0000] {extract.py:254} WARNING -   API | (HTTP) HK HK1-2024-25: Loại bỏ 14 duplicate records (ma_sinh_vien, hoc_ky)
[2026-04-20T07:50:18.633+0000] {logging_mixin.py:188} WARNING - [2026-04-20 07:50:18] INFO    etl.extract :   API | (HTTP) HK HK1-2024-25 →  1,596 records
[2026-04-20T07:50:18.633+0000] {extract.py:259} INFO -   API | (HTTP) HK HK1-2024-25 →  1,596 records
[2026-04-20T07:50:18.681+0000] {logging_mixin.py:188} WARNING - [2026-04-20 07:50:18] INFO    etl.extract :   API | metadata: generated_at=None, schema_version=None
[2026-04-20T07:50:18.681+0000] {extract.py:232} INFO -   API | metadata: generated_at=None, schema_version=None
[2026-04-20T07:50:18.688+0000] {logging_mixin.py:188} WARNING - [2026-04-20 07:50:18] WARNING etl.extract :   API | (HTTP) HK HK1-2025-26: Loại bỏ 12 duplicate records (ma_sinh_vien, hoc_ky)
[2026-04-20T07:50:18.688+0000] {extract.py:254} WARNING -   API | (HTTP) HK HK1-2025-26: Loại bỏ 12 duplicate records (ma_sinh_vien, hoc_ky)
[2026-04-20T07:50:18.689+0000] {logging_mixin.py:188} WARNING - [2026-04-20 07:50:18] INFO    etl.extract :   API | (HTTP) HK HK1-2025-26 →  1,216 records
[2026-04-20T07:50:18.689+0000] {extract.py:259} INFO -   API | (HTTP) HK HK1-2025-26 →  1,216 records
[2026-04-20T07:50:18.726+0000] {logging_mixin.py:188} WARNING - [2026-04-20 07:50:18] INFO    etl.extract :   API | metadata: generated_at=None, schema_version=None
[2026-04-20T07:50:18.726+0000] {extract.py:232} INFO -   API | metadata: generated_at=None, schema_version=None
[2026-04-20T07:50:18.735+0000] {logging_mixin.py:188} WARNING - [2026-04-20 07:50:18] WARNING etl.extract :   API | (HTTP) HK HK2-2021-22: Loại bỏ 1 duplicate records (ma_sinh_vien, hoc_ky)
[2026-04-20T07:50:18.735+0000] {extract.py:254} WARNING -   API | (HTTP) HK HK2-2021-22: Loại bỏ 1 duplicate records (ma_sinh_vien, hoc_ky)
[2026-04-20T07:50:18.738+0000] {logging_mixin.py:188} WARNING - [2026-04-20 07:50:18] INFO    etl.extract :   API | (HTTP) HK HK2-2021-22 →    390 records
[2026-04-20T07:50:18.738+0000] {extract.py:259} INFO -   API | (HTTP) HK HK2-2021-22 →    390 records
[2026-04-20T07:50:18.831+0000] {logging_mixin.py:188} WARNING - [2026-04-20 07:50:18] INFO    etl.extract :   API | metadata: generated_at=None, schema_version=None
[2026-04-20T07:50:18.830+0000] {extract.py:232} INFO -   API | metadata: generated_at=None, schema_version=None
[2026-04-20T07:50:18.840+0000] {logging_mixin.py:188} WARNING - [2026-04-20 07:50:18] WARNING etl.extract :   API | (HTTP) HK HK2-2022-23: Loại bỏ 8 duplicate records (ma_sinh_vien, hoc_ky)
[2026-04-20T07:50:18.840+0000] {extract.py:254} WARNING -   API | (HTTP) HK HK2-2022-23: Loại bỏ 8 duplicate records (ma_sinh_vien, hoc_ky)
[2026-04-20T07:50:18.846+0000] {logging_mixin.py:188} WARNING - [2026-04-20 07:50:18] INFO    etl.extract :   API | (HTTP) HK HK2-2022-23 →    776 records
[2026-04-20T07:50:18.846+0000] {extract.py:259} INFO -   API | (HTTP) HK HK2-2022-23 →    776 records
[2026-04-20T07:50:18.938+0000] {logging_mixin.py:188} WARNING - [2026-04-20 07:50:18] INFO    etl.extract :   API | metadata: generated_at=None, schema_version=None
[2026-04-20T07:50:18.938+0000] {extract.py:232} INFO -   API | metadata: generated_at=None, schema_version=None
[2026-04-20T07:50:18.944+0000] {logging_mixin.py:188} WARNING - [2026-04-20 07:50:18] WARNING etl.extract :   API | (HTTP) HK HK2-2023-24: Loại bỏ 8 duplicate records (ma_sinh_vien, hoc_ky)
[2026-04-20T07:50:18.944+0000] {extract.py:254} WARNING -   API | (HTTP) HK HK2-2023-24: Loại bỏ 8 duplicate records (ma_sinh_vien, hoc_ky)
[2026-04-20T07:50:18.948+0000] {logging_mixin.py:188} WARNING - [2026-04-20 07:50:18] INFO    etl.extract :   API | (HTTP) HK HK2-2023-24 →  1,183 records
[2026-04-20T07:50:18.948+0000] {extract.py:259} INFO -   API | (HTTP) HK HK2-2023-24 →  1,183 records
[2026-04-20T07:50:19.029+0000] {logging_mixin.py:188} WARNING - [2026-04-20 07:50:19] INFO    etl.extract :   API | metadata: generated_at=None, schema_version=None
[2026-04-20T07:50:19.028+0000] {extract.py:232} INFO -   API | metadata: generated_at=None, schema_version=None
[2026-04-20T07:50:19.041+0000] {logging_mixin.py:188} WARNING - [2026-04-20 07:50:19] WARNING etl.extract :   API | (HTTP) HK HK2-2024-25: Loại bỏ 21 duplicate records (ma_sinh_vien, hoc_ky)
[2026-04-20T07:50:19.041+0000] {extract.py:254} WARNING -   API | (HTTP) HK HK2-2024-25: Loại bỏ 21 duplicate records (ma_sinh_vien, hoc_ky)
[2026-04-20T07:50:19.045+0000] {logging_mixin.py:188} WARNING - [2026-04-20 07:50:19] INFO    etl.extract :   API | (HTTP) HK HK2-2024-25 →  1,475 records
[2026-04-20T07:50:19.045+0000] {extract.py:259} INFO -   API | (HTTP) HK HK2-2024-25 →  1,475 records
[2026-04-20T07:50:19.062+0000] {logging_mixin.py:188} WARNING - [2026-04-20 07:50:19] INFO    etl.extract :   API | metadata: generated_at=None, schema_version=None
[2026-04-20T07:50:19.062+0000] {extract.py:232} INFO -   API | metadata: generated_at=None, schema_version=None
[2026-04-20T07:50:19.071+0000] {logging_mixin.py:188} WARNING - [2026-04-20 07:50:19] INFO    etl.extract :   API | (HTTP) HK HK3-2021-22 →     23 records
[2026-04-20T07:50:19.070+0000] {extract.py:259} INFO -   API | (HTTP) HK HK3-2021-22 →     23 records
[2026-04-20T07:50:19.085+0000] {logging_mixin.py:188} WARNING - [2026-04-20 07:50:19] INFO    etl.extract :   API | metadata: generated_at=None, schema_version=None
[2026-04-20T07:50:19.085+0000] {extract.py:232} INFO -   API | metadata: generated_at=None, schema_version=None
[2026-04-20T07:50:19.090+0000] {logging_mixin.py:188} WARNING - [2026-04-20 07:50:19] INFO    etl.extract :   API | (HTTP) HK HK3-2022-23 →     37 records
[2026-04-20T07:50:19.090+0000] {extract.py:259} INFO -   API | (HTTP) HK HK3-2022-23 →     37 records
[2026-04-20T07:50:19.107+0000] {logging_mixin.py:188} WARNING - [2026-04-20 07:50:19] INFO    etl.extract :   API | metadata: generated_at=None, schema_version=None
[2026-04-20T07:50:19.107+0000] {extract.py:232} INFO -   API | metadata: generated_at=None, schema_version=None
[2026-04-20T07:50:19.118+0000] {logging_mixin.py:188} WARNING - [2026-04-20 07:50:19] INFO    etl.extract :   API | (HTTP) HK HK3-2023-24 →     61 records
[2026-04-20T07:50:19.118+0000] {extract.py:259} INFO -   API | (HTTP) HK HK3-2023-24 →     61 records
[2026-04-20T07:50:19.130+0000] {logging_mixin.py:188} WARNING - [2026-04-20 07:50:19] INFO    etl.extract :   API | metadata: generated_at=None, schema_version=None
[2026-04-20T07:50:19.130+0000] {extract.py:232} INFO -   API | metadata: generated_at=None, schema_version=None
[2026-04-20T07:50:19.133+0000] {logging_mixin.py:188} WARNING - [2026-04-20 07:50:19] INFO    etl.extract :   API | (HTTP) HK HK3-2024-25 →     41 records
[2026-04-20T07:50:19.133+0000] {extract.py:259} INFO -   API | (HTTP) HK HK3-2024-25 →     41 records
[2026-04-20T07:50:19.136+0000] {logging_mixin.py:188} WARNING - [2026-04-20 07:50:19] INFO    etl.extract :   API | TỔNG: 9,146 records từ 13 HK
[2026-04-20T07:50:19.135+0000] {extract.py:335} INFO -   API | TỔNG: 9,146 records từ 13 HK
[2026-04-20T07:50:20.652+0000] {logging_mixin.py:188} WARNING - [2026-04-20 07:50:20] INFO    utils.minio :   MinIO ↑ [raw-data] 2026-04-20_07-50/nguon1_sinh_vien.parquet (47.3 KB | 1,695 rows)
[2026-04-20T07:50:20.652+0000] {minio_client.py:142} INFO -   MinIO ↑ [raw-data] 2026-04-20_07-50/nguon1_sinh_vien.parquet (47.3 KB | 1,695 rows)
[2026-04-20T07:50:20.918+0000] {logging_mixin.py:188} WARNING - [2026-04-20 07:50:20] INFO    utils.minio :   MinIO ↑ [raw-data] 2026-04-20_07-50/nguon1_dang_ky.parquet (472.1 KB | 54,912 rows)
[2026-04-20T07:50:20.918+0000] {minio_client.py:142} INFO -   MinIO ↑ [raw-data] 2026-04-20_07-50/nguon1_dang_ky.parquet (472.1 KB | 54,912 rows)
[2026-04-20T07:50:21.007+0000] {logging_mixin.py:188} WARNING - [2026-04-20 07:50:21] INFO    utils.minio :   MinIO ↑ [raw-data] 2026-04-20_07-50/nguon1_diem.parquet (1131.6 KB | 54,460 rows)
[2026-04-20T07:50:21.006+0000] {minio_client.py:142} INFO -   MinIO ↑ [raw-data] 2026-04-20_07-50/nguon1_diem.parquet (1131.6 KB | 54,460 rows)
[2026-04-20T07:50:21.033+0000] {logging_mixin.py:188} WARNING - [2026-04-20 07:50:21] INFO    utils.minio :   MinIO ↑ [raw-data] 2026-04-20_07-50/nguon1_hoc_phan.parquet (10.3 KB | 121 rows)
[2026-04-20T07:50:21.033+0000] {minio_client.py:142} INFO -   MinIO ↑ [raw-data] 2026-04-20_07-50/nguon1_hoc_phan.parquet (10.3 KB | 121 rows)
[2026-04-20T07:50:21.051+0000] {logging_mixin.py:188} WARNING - [2026-04-20 07:50:21] INFO    utils.minio :   MinIO ↑ [raw-data] 2026-04-20_07-50/nguon1_hoc_ky.parquet (4.2 KB | 13 rows)
[2026-04-20T07:50:21.051+0000] {minio_client.py:142} INFO -   MinIO ↑ [raw-data] 2026-04-20_07-50/nguon1_hoc_ky.parquet (4.2 KB | 13 rows)
[2026-04-20T07:50:21.072+0000] {logging_mixin.py:188} WARNING - [2026-04-20 07:50:21] INFO    utils.minio :   MinIO ↑ [raw-data] 2026-04-20_07-50/nguon1_giang_vien.parquet (8.3 KB | 45 rows)
[2026-04-20T07:50:21.072+0000] {minio_client.py:142} INFO -   MinIO ↑ [raw-data] 2026-04-20_07-50/nguon1_giang_vien.parquet (8.3 KB | 45 rows)
[2026-04-20T07:50:21.090+0000] {logging_mixin.py:188} WARNING - [2026-04-20 07:50:21] INFO    utils.minio :   MinIO ↑ [raw-data] 2026-04-20_07-50/nguon1_khoa.parquet (2.6 KB | 4 rows)
[2026-04-20T07:50:21.090+0000] {minio_client.py:142} INFO -   MinIO ↑ [raw-data] 2026-04-20_07-50/nguon1_khoa.parquet (2.6 KB | 4 rows)
[2026-04-20T07:50:21.107+0000] {logging_mixin.py:188} WARNING - [2026-04-20 07:50:21] INFO    utils.minio :   MinIO ↑ [raw-data] 2026-04-20_07-50/nguon1_nganh.parquet (3.2 KB | 3 rows)
[2026-04-20T07:50:21.107+0000] {minio_client.py:142} INFO -   MinIO ↑ [raw-data] 2026-04-20_07-50/nguon1_nganh.parquet (3.2 KB | 3 rows)
[2026-04-20T07:50:21.122+0000] {logging_mixin.py:188} WARNING - [2026-04-20 07:50:21] INFO    utils.minio :   MinIO ↑ [raw-data] 2026-04-20_07-50/nguon1_lop_hanh_chinh.parquet (4.8 KB | 48 rows)
[2026-04-20T07:50:21.122+0000] {minio_client.py:142} INFO -   MinIO ↑ [raw-data] 2026-04-20_07-50/nguon1_lop_hanh_chinh.parquet (4.8 KB | 48 rows)
[2026-04-20T07:50:21.142+0000] {logging_mixin.py:188} WARNING - [2026-04-20 07:50:21] INFO    utils.minio :   MinIO ↑ [raw-data] 2026-04-20_07-50/nguon1_tong_hop_ket_qua.parquet (21.5 KB | 1,695 rows)
[2026-04-20T07:50:21.142+0000] {minio_client.py:142} INFO -   MinIO ↑ [raw-data] 2026-04-20_07-50/nguon1_tong_hop_ket_qua.parquet (21.5 KB | 1,695 rows)
[2026-04-20T07:50:21.167+0000] {logging_mixin.py:188} WARNING - [2026-04-20 07:50:21] INFO    utils.minio :   MinIO ↑ [raw-data] 2026-04-20_07-50/nguon2_ctsv.parquet (41.9 KB | 9,443 rows)
[2026-04-20T07:50:21.166+0000] {minio_client.py:142} INFO -   MinIO ↑ [raw-data] 2026-04-20_07-50/nguon2_ctsv.parquet (41.9 KB | 9,443 rows)
[2026-04-20T07:50:21.216+0000] {logging_mixin.py:188} WARNING - [2026-04-20 07:50:21] INFO    utils.minio :   MinIO ↑ [raw-data] 2026-04-20_07-50/nguon3_tai_chinh.parquet (85.6 KB | 9,146 rows)
[2026-04-20T07:50:21.216+0000] {minio_client.py:142} INFO -   MinIO ↑ [raw-data] 2026-04-20_07-50/nguon3_tai_chinh.parquet (85.6 KB | 9,146 rows)
[2026-04-20T07:50:21.218+0000] {logging_mixin.py:188} WARNING - [2026-04-20 07:50:21] INFO    utils.minio :   MinIO upload xong: 12/12 files | run_id=2026-04-20_07-50
[2026-04-20T07:50:21.218+0000] {minio_client.py:188} INFO -   MinIO upload xong: 12/12 files | run_id=2026-04-20_07-50
[2026-04-20T07:50:21.219+0000] {logging_mixin.py:188} WARNING - [2026-04-20 07:50:21] INFO    etl.extract :   MinIO staging: 12/12 files OK → run_id=2026-04-20_07-50
[2026-04-20T07:50:21.219+0000] {extract.py:402} INFO -   MinIO staging: 12/12 files OK → run_id=2026-04-20_07-50
[2026-04-20T07:50:21.221+0000] {logging_mixin.py:188} WARNING - [2026-04-20 07:50:21] INFO    etl.extract : ======================================================================
[2026-04-20T07:50:21.221+0000] {extract.py:365} INFO - ======================================================================
[2026-04-20T07:50:21.222+0000] {logging_mixin.py:188} WARNING - [2026-04-20 07:50:21] INFO    etl.extract :  FULL EXTRACT HOÀN TẤT
[2026-04-20T07:50:21.222+0000] {extract.py:366} INFO -  FULL EXTRACT HOÀN TẤT
[2026-04-20T07:50:21.224+0000] {logging_mixin.py:188} WARNING - [2026-04-20 07:50:21] INFO    etl.extract :    khoa                     :        4
[2026-04-20T07:50:21.224+0000] {extract.py:368} INFO -    khoa                     :        4
[2026-04-20T07:50:21.225+0000] {logging_mixin.py:188} WARNING - [2026-04-20 07:50:21] INFO    etl.extract :    nganh                    :        3
[2026-04-20T07:50:21.225+0000] {extract.py:368} INFO -    nganh                    :        3
[2026-04-20T07:50:21.227+0000] {logging_mixin.py:188} WARNING - [2026-04-20 07:50:21] INFO    etl.extract :    giang_vien               :       45
[2026-04-20T07:50:21.227+0000] {extract.py:368} INFO -    giang_vien               :       45
[2026-04-20T07:50:21.229+0000] {logging_mixin.py:188} WARNING - [2026-04-20 07:50:21] INFO    etl.extract :    lop_hanh_chinh           :       48
[2026-04-20T07:50:21.228+0000] {extract.py:368} INFO -    lop_hanh_chinh           :       48
[2026-04-20T07:50:21.230+0000] {logging_mixin.py:188} WARNING - [2026-04-20 07:50:21] INFO    etl.extract :    sinh_vien                :    1,695
[2026-04-20T07:50:21.230+0000] {extract.py:368} INFO -    sinh_vien                :    1,695
[2026-04-20T07:50:21.232+0000] {logging_mixin.py:188} WARNING - [2026-04-20 07:50:21] INFO    etl.extract :    hoc_phan                 :      121
[2026-04-20T07:50:21.232+0000] {extract.py:368} INFO -    hoc_phan                 :      121
[2026-04-20T07:50:21.234+0000] {logging_mixin.py:188} WARNING - [2026-04-20 07:50:21] INFO    etl.extract :    hoc_ky_nam_hoc           :       13
[2026-04-20T07:50:21.233+0000] {extract.py:368} INFO -    hoc_ky_nam_hoc           :       13
[2026-04-20T07:50:21.235+0000] {logging_mixin.py:188} WARNING - [2026-04-20 07:50:21] INFO    etl.extract :    dang_ky_hoc_phan         :   54,912
[2026-04-20T07:50:21.235+0000] {extract.py:368} INFO -    dang_ky_hoc_phan         :   54,912
[2026-04-20T07:50:21.237+0000] {logging_mixin.py:188} WARNING - [2026-04-20 07:50:21] INFO    etl.extract :    diem_hoc_phan            :   54,460
[2026-04-20T07:50:21.236+0000] {extract.py:368} INFO -    diem_hoc_phan            :   54,460
[2026-04-20T07:50:21.238+0000] {logging_mixin.py:188} WARNING - [2026-04-20 07:50:21] INFO    etl.extract :    tong_hop_ket_qua         :    1,695
[2026-04-20T07:50:21.238+0000] {extract.py:368} INFO -    tong_hop_ket_qua         :    1,695
[2026-04-20T07:50:21.240+0000] {logging_mixin.py:188} WARNING - [2026-04-20 07:50:21] INFO    etl.extract :    ctsv_data                :    9,443
[2026-04-20T07:50:21.240+0000] {extract.py:368} INFO -    ctsv_data                :    9,443
[2026-04-20T07:50:21.242+0000] {logging_mixin.py:188} WARNING - [2026-04-20 07:50:21] INFO    etl.extract :    tai_chinh_data           :    9,146
[2026-04-20T07:50:21.241+0000] {extract.py:368} INFO -    tai_chinh_data           :    9,146
[2026-04-20T07:50:21.243+0000] {logging_mixin.py:188} WARNING - [2026-04-20 07:50:21] INFO    etl.extract : ======================================================================
[2026-04-20T07:50:21.243+0000] {extract.py:369} INFO - ======================================================================
[2026-04-20T07:50:21.336+0000] {logging_mixin.py:188} INFO - Extract xong: {'khoa': 4, 'nganh': 3, 'giang_vien': 45, 'lop_hanh_chinh': 48, 'sinh_vien': 1695, 'hoc_phan': 121, 'hoc_ky_nam_hoc': 13, 'dang_ky_hoc_phan': 54912, 'diem_hoc_phan': 54460, 'tong_hop_ket_qua': 1695, 'ctsv_data': 9443, 'tai_chinh_data': 9146}
[2026-04-20T07:50:21.362+0000] {python.py:201} INFO - Done. Returned value was: {'khoa': 4, 'nganh': 3, 'giang_vien': 45, 'lop_hanh_chinh': 48, 'sinh_vien': 1695, 'hoc_phan': 121, 'hoc_ky_nam_hoc': 13, 'dang_ky_hoc_phan': 54912, 'diem_hoc_phan': 54460, 'tong_hop_ket_qua': 1695, 'ctsv_data': 9443, 'tai_chinh_data': 9146}
[2026-04-20T07:50:21.409+0000] {taskinstance.py:1138} INFO - Marking task as SUCCESS. dag_id=daily_student_pipeline, task_id=extract_data, execution_date=20260419T020000, start_date=20260420T075014, end_date=20260420T075021
[2026-04-20T07:50:21.451+0000] {local_task_job_runner.py:234} INFO - Task exited with return code 0
[2026-04-20T07:50:21.494+0000] {taskinstance.py:3280} INFO - 1 downstream tasks scheduled from follow-on schedule check
