[2026-05-01T02:15:21.812+0000] {taskinstance.py:1956} INFO - Dependencies all met for dep_context=non-requeueable deps ti=<TaskInstance: daily_student_pipeline.extract_group.extract_postgres manual__2026-05-01T02:15:15.419040+00:00 [queued]>
[2026-05-01T02:15:21.827+0000] {taskinstance.py:1956} INFO - Dependencies all met for dep_context=requeueable deps ti=<TaskInstance: daily_student_pipeline.extract_group.extract_postgres manual__2026-05-01T02:15:15.419040+00:00 [queued]>
[2026-05-01T02:15:21.827+0000] {taskinstance.py:2170} INFO - Starting attempt 1 of 1
[2026-05-01T02:15:21.856+0000] {taskinstance.py:2191} INFO - Executing <Task(PythonOperator): extract_group.extract_postgres> on 2026-05-01 02:15:15.419040+00:00
[2026-05-01T02:15:21.862+0000] {standard_task_runner.py:60} INFO - Started process 1505 to run task
[2026-05-01T02:15:21.867+0000] {standard_task_runner.py:87} INFO - Running: ['***', 'tasks', 'run', 'daily_student_pipeline', 'extract_group.extract_postgres', 'manual__2026-05-01T02:15:15.419040+00:00', '--job-id', '598', '--raw', '--subdir', 'DAGS_FOLDER/daily_student_pipeline.py', '--cfg-path', '/tmp/tmp9igd7u45']
[2026-05-01T02:15:21.870+0000] {standard_task_runner.py:88} INFO - Job 598: Subtask extract_group.extract_postgres
[2026-05-01T02:15:21.951+0000] {task_command.py:423} INFO - Running <TaskInstance: daily_student_pipeline.extract_group.extract_postgres manual__2026-05-01T02:15:15.419040+00:00 [running]> on host 485f600440bc
[2026-05-01T02:15:22.058+0000] {taskinstance.py:2480} INFO - Exporting env vars: AIRFLOW_CTX_DAG_OWNER='nhom8' AIRFLOW_CTX_DAG_ID='daily_student_pipeline' AIRFLOW_CTX_TASK_ID='extract_group.extract_postgres' AIRFLOW_CTX_EXECUTION_DATE='2026-05-01T02:15:15.419040+00:00' AIRFLOW_CTX_TRY_NUMBER='1' AIRFLOW_CTX_DAG_RUN_ID='manual__2026-05-01T02:15:15.419040+00:00'
[2026-05-01T02:15:22.812+0000] {extract.py:83} INFO - ════════════════════════════════════════════════════════════
[2026-05-01T02:15:22.815+0000] {extract.py:84} INFO - NGUỒN 1 — PostgreSQL (Phòng Đào tạo) | Full Extract
[2026-05-01T02:15:22.816+0000] {extract.py:85} INFO - ════════════════════════════════════════════════════════════
[2026-05-01T02:15:23.070+0000] {extract.py:67} INFO -   PostgreSQL | khoa                      →      4 records
[2026-05-01T02:15:23.093+0000] {extract.py:67} INFO -   PostgreSQL | nganh                     →      3 records
[2026-05-01T02:15:23.118+0000] {extract.py:67} INFO -   PostgreSQL | giang_vien                →     45 records
[2026-05-01T02:15:23.167+0000] {extract.py:67} INFO -   PostgreSQL | lop_hanh_chinh            →     48 records
[2026-05-01T02:15:23.246+0000] {extract.py:67} INFO -   PostgreSQL | sinh_vien                 →  1,695 records
[2026-05-01T02:15:23.277+0000] {extract.py:67} INFO -   PostgreSQL | hoc_phan                  →    121 records
[2026-05-01T02:15:23.294+0000] {extract.py:67} INFO -   PostgreSQL | hoc_ky_nam_hoc            →     13 records
[2026-05-01T02:15:23.548+0000] {extract.py:67} INFO -   PostgreSQL | dang_ky_hoc_phan          → 55,971 records
[2026-05-01T02:15:24.110+0000] {extract.py:67} INFO -   PostgreSQL | diem_hoc_phan             → 55,535 records
[2026-05-01T02:15:24.171+0000] {extract.py:67} INFO -   PostgreSQL | tong_hop_ket_qua          →  1,695 records
[2026-05-01T02:15:24.171+0000] {extract.py:92} INFO -   PostgreSQL | TỔNG: 115,130 records từ 10 bảng
[2026-05-01T02:15:24.344+0000] {minio_client.py:142} INFO -   MinIO ↑ [raw-data] 2026-05-01_02-15/nguon1_khoa.parquet (2.6 KB | 4 rows)
[2026-05-01T02:15:24.354+0000] {minio_client.py:142} INFO -   MinIO ↑ [raw-data] 2026-05-01_02-15/nguon1_nganh.parquet (3.2 KB | 3 rows)
[2026-05-01T02:15:24.365+0000] {minio_client.py:142} INFO -   MinIO ↑ [raw-data] 2026-05-01_02-15/nguon1_giang_vien.parquet (8.3 KB | 45 rows)
[2026-05-01T02:15:24.375+0000] {minio_client.py:142} INFO -   MinIO ↑ [raw-data] 2026-05-01_02-15/nguon1_lop_hanh_chinh.parquet (4.8 KB | 48 rows)
[2026-05-01T02:15:24.390+0000] {minio_client.py:142} INFO -   MinIO ↑ [raw-data] 2026-05-01_02-15/nguon1_sinh_vien.parquet (47.5 KB | 1,695 rows)
[2026-05-01T02:15:24.403+0000] {minio_client.py:142} INFO -   MinIO ↑ [raw-data] 2026-05-01_02-15/nguon1_hoc_phan.parquet (10.3 KB | 121 rows)
[2026-05-01T02:15:24.410+0000] {minio_client.py:142} INFO -   MinIO ↑ [raw-data] 2026-05-01_02-15/nguon1_hoc_ky_nam_hoc.parquet (4.2 KB | 13 rows)
[2026-05-01T02:15:24.508+0000] {minio_client.py:142} INFO -   MinIO ↑ [raw-data] 2026-05-01_02-15/nguon1_dang_ky_hoc_phan.parquet (480.5 KB | 55,971 rows)
[2026-05-01T02:15:24.573+0000] {minio_client.py:142} INFO -   MinIO ↑ [raw-data] 2026-05-01_02-15/nguon1_diem_hoc_phan.parquet (1156.2 KB | 55,535 rows)
[2026-05-01T02:15:24.584+0000] {minio_client.py:142} INFO -   MinIO ↑ [raw-data] 2026-05-01_02-15/nguon1_tong_hop_ket_qua.parquet (22.1 KB | 1,695 rows)
[2026-05-01T02:15:24.588+0000] {logging_mixin.py:188} INFO - [Extract PG] 115,130 records | run_id=2026-05-01_02-15
[2026-05-01T02:15:24.597+0000] {python.py:201} INFO - Done. Returned value was: 115130
[2026-05-01T02:15:24.623+0000] {taskinstance.py:1138} INFO - Marking task as SUCCESS. dag_id=daily_student_pipeline, task_id=extract_group.extract_postgres, execution_date=20260501T021515, start_date=20260501T021521, end_date=20260501T021524
[2026-05-01T02:15:24.647+0000] {local_task_job_runner.py:234} INFO - Task exited with return code 0
[2026-05-01T02:15:24.671+0000] {taskinstance.py:3280} INFO - 1 downstream tasks scheduled from follow-on schedule check
