[2026-05-02T02:00:29.767+0000] {taskinstance.py:1956} INFO - Dependencies all met for dep_context=non-requeueable deps ti=<TaskInstance: daily_student_pipeline.alert_success scheduled__2026-05-01T02:00:00+00:00 [queued]>
[2026-05-02T02:00:29.775+0000] {taskinstance.py:1956} INFO - Dependencies all met for dep_context=requeueable deps ti=<TaskInstance: daily_student_pipeline.alert_success scheduled__2026-05-01T02:00:00+00:00 [queued]>
[2026-05-02T02:00:29.776+0000] {taskinstance.py:2170} INFO - Starting attempt 1 of 1
[2026-05-02T02:00:29.789+0000] {taskinstance.py:2191} INFO - Executing <Task(PythonOperator): alert_success> on 2026-05-01 02:00:00+00:00
[2026-05-02T02:00:29.792+0000] {standard_task_runner.py:60} INFO - Started process 11378 to run task
[2026-05-02T02:00:29.795+0000] {standard_task_runner.py:87} INFO - Running: ['***', 'tasks', 'run', 'daily_student_pipeline', 'alert_success', 'scheduled__2026-05-01T02:00:00+00:00', '--job-id', '610', '--raw', '--subdir', 'DAGS_FOLDER/daily_student_pipeline.py', '--cfg-path', '/tmp/tmp8l_11n20']
[2026-05-02T02:00:29.797+0000] {standard_task_runner.py:88} INFO - Job 610: Subtask alert_success
[2026-05-02T02:00:29.857+0000] {task_command.py:423} INFO - Running <TaskInstance: daily_student_pipeline.alert_success scheduled__2026-05-01T02:00:00+00:00 [running]> on host 485f600440bc
[2026-05-02T02:00:29.940+0000] {taskinstance.py:2480} INFO - Exporting env vars: AIRFLOW_CTX_DAG_OWNER='nhom8' AIRFLOW_CTX_DAG_ID='daily_student_pipeline' AIRFLOW_CTX_TASK_ID='alert_success' AIRFLOW_CTX_EXECUTION_DATE='2026-05-01T02:00:00+00:00' AIRFLOW_CTX_TRY_NUMBER='1' AIRFLOW_CTX_DAG_RUN_ID='scheduled__2026-05-01T02:00:00+00:00'
[2026-05-02T02:00:29.972+0000] {logging_mixin.py:188} INFO - ==================================================
[2026-05-02T02:00:29.972+0000] {logging_mixin.py:188} INFO - ✅ Validation Summary | run_id: 2026-05-02_02-00
[2026-05-02T02:00:29.973+0000] {logging_mixin.py:188} INFO -    Status: PASSED
[2026-05-02T02:00:29.973+0000] {logging_mixin.py:188} INFO -    Evaluated: 40
[2026-05-02T02:00:29.974+0000] {logging_mixin.py:188} INFO -    Passed:    40
[2026-05-02T02:00:29.974+0000] {logging_mixin.py:188} INFO -    Failed:    0
[2026-05-02T02:00:29.975+0000] {logging_mixin.py:188} INFO - ==================================================
[2026-05-02T02:00:29.975+0000] {logging_mixin.py:188} INFO - 
  Records loaded:
[2026-05-02T02:00:29.975+0000] {logging_mixin.py:188} INFO -     dim_hoc_ky               :          0
[2026-05-02T02:00:29.976+0000] {logging_mixin.py:188} INFO -     dim_giang_vien           :         45
[2026-05-02T02:00:29.976+0000] {logging_mixin.py:188} INFO -     dim_hoc_phan             :        121
[2026-05-02T02:00:29.977+0000] {logging_mixin.py:188} INFO -     dim_sinh_vien            :          0
[2026-05-02T02:00:29.977+0000] {logging_mixin.py:188} INFO -     fact_hoc_tap             :          0
[2026-05-02T02:00:29.977+0000] {logging_mixin.py:188} INFO -     fact_dang_ky             :          0
[2026-05-02T02:00:29.977+0000] {logging_mixin.py:188} INFO -     fact_ctsv                :      9,665
[2026-05-02T02:00:29.978+0000] {logging_mixin.py:188} INFO -     fact_tai_chinh           :      9,665
[2026-05-02T02:00:29.978+0000] {logging_mixin.py:188} INFO -     agg_student_summary      :      1,695
[2026-05-02T02:00:29.979+0000] {logging_mixin.py:188} INFO -     TỔNG                     :     21,191
[2026-05-02T02:00:29.979+0000] {logging_mixin.py:188} INFO - ==================================================
[2026-05-02T02:00:29.984+0000] {python.py:201} INFO - Done. Returned value was: None
[2026-05-02T02:00:29.993+0000] {taskinstance.py:1138} INFO - Marking task as SUCCESS. dag_id=daily_student_pipeline, task_id=alert_success, execution_date=20260501T020000, start_date=20260502T020029, end_date=20260502T020029
[2026-05-02T02:00:30.006+0000] {local_task_job_runner.py:234} INFO - Task exited with return code 0
[2026-05-02T02:00:30.022+0000] {taskinstance.py:3280} INFO - 0 downstream tasks scheduled from follow-on schedule check
