[2026-04-18T09:42:43.155+0000] {taskinstance.py:1956} INFO - Dependencies all met for dep_context=non-requeueable deps ti=<TaskInstance: daily_student_pipeline.extract_data scheduled__2026-04-06T02:00:00+00:00 [queued]>
[2026-04-18T09:42:43.194+0000] {taskinstance.py:1956} INFO - Dependencies all met for dep_context=requeueable deps ti=<TaskInstance: daily_student_pipeline.extract_data scheduled__2026-04-06T02:00:00+00:00 [queued]>
[2026-04-18T09:42:43.197+0000] {taskinstance.py:2170} INFO - Starting attempt 1 of 1
[2026-04-18T09:42:43.263+0000] {taskinstance.py:2191} INFO - Executing <Task(PythonOperator): extract_data> on 2026-04-06 02:00:00+00:00
[2026-04-18T09:42:43.291+0000] {standard_task_runner.py:60} INFO - Started process 231 to run task
[2026-04-18T09:42:43.342+0000] {standard_task_runner.py:87} INFO - Running: ['***', 'tasks', 'run', 'daily_student_pipeline', 'extract_data', 'scheduled__2026-04-06T02:00:00+00:00', '--job-id', '290', '--raw', '--subdir', 'DAGS_FOLDER/daily_student_pipeline.py', '--cfg-path', '/tmp/tmplk0crxoa']
[2026-04-18T09:42:43.381+0000] {standard_task_runner.py:88} INFO - Job 290: Subtask extract_data
[2026-04-18T09:42:43.847+0000] {task_command.py:423} INFO - Running <TaskInstance: daily_student_pipeline.extract_data scheduled__2026-04-06T02:00:00+00:00 [running]> on host 1c62953c8918
[2026-04-18T09:42:44.341+0000] {taskinstance.py:2480} INFO - Exporting env vars: AIRFLOW_CTX_DAG_OWNER='nhom8' AIRFLOW_CTX_DAG_ID='daily_student_pipeline' AIRFLOW_CTX_TASK_ID='extract_data' AIRFLOW_CTX_EXECUTION_DATE='2026-04-06T02:00:00+00:00' AIRFLOW_CTX_TRY_NUMBER='1' AIRFLOW_CTX_DAG_RUN_ID='scheduled__2026-04-06T02:00:00+00:00'
[2026-04-18T09:42:48.400+0000] {logging_mixin.py:188} WARNING - [2026-04-18 09:42:48] INFO    etl.extract : ==BẮT ĐẦU FULL EXTRACT==
[2026-04-18T09:42:48.398+0000] {extract.py:279} INFO - ==BẮT ĐẦU FULL EXTRACT==
[2026-04-18T09:42:48.405+0000] {logging_mixin.py:188} WARNING - [2026-04-18 09:42:48] INFO    etl.extract : ======================================================================
[2026-04-18T09:42:48.405+0000] {extract.py:280} INFO - ======================================================================
[2026-04-18T09:42:48.424+0000] {logging_mixin.py:188} WARNING - [2026-04-18 09:42:48] INFO    etl.extract : ════════════════════════════════════════════════════════════
[2026-04-18T09:42:48.424+0000] {extract.py:83} INFO - ════════════════════════════════════════════════════════════
[2026-04-18T09:42:48.431+0000] {logging_mixin.py:188} WARNING - [2026-04-18 09:42:48] INFO    etl.extract : NGUỒN 1 — PostgreSQL (Phòng Đào tạo) | Full Extract
[2026-04-18T09:42:48.431+0000] {extract.py:84} INFO - NGUỒN 1 — PostgreSQL (Phòng Đào tạo) | Full Extract
[2026-04-18T09:42:48.436+0000] {logging_mixin.py:188} WARNING - [2026-04-18 09:42:48] INFO    etl.extract : ════════════════════════════════════════════════════════════
[2026-04-18T09:42:48.436+0000] {extract.py:85} INFO - ════════════════════════════════════════════════════════════
[2026-04-18T09:42:48.921+0000] {logging_mixin.py:188} WARNING - [2026-04-18 09:42:48] INFO    etl.extract :   PostgreSQL | khoa                      →      4 records
[2026-04-18T09:42:48.920+0000] {extract.py:67} INFO -   PostgreSQL | khoa                      →      4 records
[2026-04-18T09:42:49.031+0000] {logging_mixin.py:188} WARNING - [2026-04-18 09:42:49] INFO    etl.extract :   PostgreSQL | nganh                     →      3 records
[2026-04-18T09:42:49.030+0000] {extract.py:67} INFO -   PostgreSQL | nganh                     →      3 records
[2026-04-18T09:42:49.176+0000] {logging_mixin.py:188} WARNING - [2026-04-18 09:42:49] INFO    etl.extract :   PostgreSQL | giang_vien                →     45 records
[2026-04-18T09:42:49.176+0000] {extract.py:67} INFO -   PostgreSQL | giang_vien                →     45 records
[2026-04-18T09:42:49.416+0000] {logging_mixin.py:188} WARNING - [2026-04-18 09:42:49] INFO    etl.extract :   PostgreSQL | lop_hanh_chinh            →     48 records
[2026-04-18T09:42:49.416+0000] {extract.py:67} INFO -   PostgreSQL | lop_hanh_chinh            →     48 records
[2026-04-18T09:42:49.707+0000] {logging_mixin.py:188} WARNING - [2026-04-18 09:42:49] INFO    etl.extract :   PostgreSQL | sinh_vien                 →  1,695 records
[2026-04-18T09:42:49.706+0000] {extract.py:67} INFO -   PostgreSQL | sinh_vien                 →  1,695 records
[2026-04-18T09:42:49.806+0000] {logging_mixin.py:188} WARNING - [2026-04-18 09:42:49] INFO    etl.extract :   PostgreSQL | hoc_phan                  →    121 records
[2026-04-18T09:42:49.805+0000] {extract.py:67} INFO -   PostgreSQL | hoc_phan                  →    121 records
[2026-04-18T09:42:49.866+0000] {logging_mixin.py:188} WARNING - [2026-04-18 09:42:49] INFO    etl.extract :   PostgreSQL | hoc_ky_nam_hoc            →      9 records
[2026-04-18T09:42:49.866+0000] {extract.py:67} INFO -   PostgreSQL | hoc_ky_nam_hoc            →      9 records
[2026-04-18T09:42:52.159+0000] {logging_mixin.py:188} WARNING - [2026-04-18 09:42:52] INFO    etl.extract :   PostgreSQL | dang_ky_hoc_phan          → 58,001 records
[2026-04-18T09:42:52.158+0000] {extract.py:67} INFO -   PostgreSQL | dang_ky_hoc_phan          → 58,001 records
[2026-04-18T09:42:54.820+0000] {logging_mixin.py:188} WARNING - [2026-04-18 09:42:54] INFO    etl.extract :   PostgreSQL | diem_hoc_phan             → 58,001 records
[2026-04-18T09:42:54.820+0000] {extract.py:67} INFO -   PostgreSQL | diem_hoc_phan             → 58,001 records
[2026-04-18T09:42:54.982+0000] {logging_mixin.py:188} WARNING - [2026-04-18 09:42:54] INFO    etl.extract :   PostgreSQL | tong_hop_ket_qua          →  1,695 records
[2026-04-18T09:42:54.982+0000] {extract.py:67} INFO -   PostgreSQL | tong_hop_ket_qua          →  1,695 records
[2026-04-18T09:42:54.984+0000] {logging_mixin.py:188} WARNING - [2026-04-18 09:42:54] INFO    etl.extract :   PostgreSQL | TỔNG: 119,622 records từ 10 bảng
[2026-04-18T09:42:54.984+0000] {extract.py:92} INFO -   PostgreSQL | TỔNG: 119,622 records từ 10 bảng
[2026-04-18T09:42:54.985+0000] {logging_mixin.py:188} WARNING - [2026-04-18 09:42:54] INFO    etl.extract : ════════════════════════════════════════════════════════════
[2026-04-18T09:42:54.985+0000] {extract.py:165} INFO - ════════════════════════════════════════════════════════════
[2026-04-18T09:42:54.986+0000] {logging_mixin.py:188} WARNING - [2026-04-18 09:42:54] INFO    etl.extract : NGUỒN 2 — CSV (Phòng CTSV) | Extract
[2026-04-18T09:42:54.986+0000] {extract.py:166} INFO - NGUỒN 2 — CSV (Phòng CTSV) | Extract
[2026-04-18T09:42:54.988+0000] {logging_mixin.py:188} WARNING - [2026-04-18 09:42:54] INFO    etl.extract : ════════════════════════════════════════════════════════════
[2026-04-18T09:42:54.988+0000] {extract.py:167} INFO - ════════════════════════════════════════════════════════════
[2026-04-18T09:42:54.991+0000] {logging_mixin.py:188} WARNING - [2026-04-18 09:42:54] INFO    etl.extract :   CSV | Tìm thấy 9 file(s)
[2026-04-18T09:42:54.991+0000] {extract.py:176} INFO -   CSV | Tìm thấy 9 file(s)
[2026-04-18T09:42:55.117+0000] {logging_mixin.py:188} WARNING - [2026-04-18 09:42:55] INFO    etl.extract :   CSV | ctsv_HK1_2021_22.csv                →    780 records
[2026-04-18T09:42:55.117+0000] {extract.py:142} INFO -   CSV | ctsv_HK1_2021_22.csv                →    780 records
[2026-04-18T09:42:55.155+0000] {logging_mixin.py:188} WARNING - [2026-04-18 09:42:55] INFO    etl.extract :   CSV | ctsv_HK1_2022_23.csv                →  1,611 records
[2026-04-18T09:42:55.155+0000] {extract.py:142} INFO -   CSV | ctsv_HK1_2022_23.csv                →  1,611 records
[2026-04-18T09:42:55.196+0000] {logging_mixin.py:188} WARNING - [2026-04-18 09:42:55] INFO    etl.extract :   CSV | ctsv_HK1_2023_24.csv                →  2,466 records
[2026-04-18T09:42:55.196+0000] {extract.py:142} INFO -   CSV | ctsv_HK1_2023_24.csv                →  2,466 records
[2026-04-18T09:42:55.340+0000] {logging_mixin.py:188} WARNING - [2026-04-18 09:42:55] INFO    etl.extract :   CSV | ctsv_HK1_2024_25.csv                →  3,306 records
[2026-04-18T09:42:55.340+0000] {extract.py:142} INFO -   CSV | ctsv_HK1_2024_25.csv                →  3,306 records
[2026-04-18T09:42:55.356+0000] {logging_mixin.py:188} WARNING - [2026-04-18 09:42:55] INFO    etl.extract :   CSV | ctsv_HK1_2025_26.csv                →  2,506 records
[2026-04-18T09:42:55.356+0000] {extract.py:142} INFO -   CSV | ctsv_HK1_2025_26.csv                →  2,506 records
[2026-04-18T09:42:55.377+0000] {logging_mixin.py:188} WARNING - [2026-04-18 09:42:55] INFO    etl.extract :   CSV | ctsv_HK2_2021_22.csv                →    780 records
[2026-04-18T09:42:55.377+0000] {extract.py:142} INFO -   CSV | ctsv_HK2_2021_22.csv                →    780 records
[2026-04-18T09:42:55.397+0000] {logging_mixin.py:188} WARNING - [2026-04-18 09:42:55] INFO    etl.extract :   CSV | ctsv_HK2_2022_23.csv                →  1,604 records
[2026-04-18T09:42:55.397+0000] {extract.py:142} INFO -   CSV | ctsv_HK2_2022_23.csv                →  1,604 records
[2026-04-18T09:42:55.430+0000] {logging_mixin.py:188} WARNING - [2026-04-18 09:42:55] INFO    etl.extract :   CSV | ctsv_HK2_2023_24.csv                →  2,453 records
[2026-04-18T09:42:55.430+0000] {extract.py:142} INFO -   CSV | ctsv_HK2_2023_24.csv                →  2,453 records
[2026-04-18T09:42:55.550+0000] {logging_mixin.py:188} WARNING - [2026-04-18 09:42:55] INFO    etl.extract :   CSV | ctsv_HK2_2024_25.csv                →  2,915 records
[2026-04-18T09:42:55.550+0000] {extract.py:142} INFO -   CSV | ctsv_HK2_2024_25.csv                →  2,915 records
[2026-04-18T09:42:55.578+0000] {logging_mixin.py:188} WARNING - [2026-04-18 09:42:55] INFO    etl.extract :   CSV | Loại bỏ 9183 bản ghi trùng
[2026-04-18T09:42:55.578+0000] {extract.py:193} INFO -   CSV | Loại bỏ 9183 bản ghi trùng
[2026-04-18T09:42:55.580+0000] {logging_mixin.py:188} WARNING - [2026-04-18 09:42:55] INFO    etl.extract :   CSV | TỔNG: 9,238 records từ 9 file(s)
[2026-04-18T09:42:55.580+0000] {extract.py:195} INFO -   CSV | TỔNG: 9,238 records từ 9 file(s)
[2026-04-18T09:42:55.675+0000] {logging_mixin.py:188} WARNING - [2026-04-18 09:42:55] INFO    etl.extract :   API | (JSON) taichinh_HK1_2021_22.json →    390 records
[2026-04-18T09:42:55.675+0000] {extract.py:244} INFO -   API | (JSON) taichinh_HK1_2021_22.json →    390 records
[2026-04-18T09:42:55.741+0000] {logging_mixin.py:188} WARNING - [2026-04-18 09:42:55] INFO    etl.extract :   API | (JSON) taichinh_HK1_2022_23.json →    802 records
[2026-04-18T09:42:55.741+0000] {extract.py:244} INFO -   API | (JSON) taichinh_HK1_2022_23.json →    802 records
[2026-04-18T09:42:55.801+0000] {logging_mixin.py:188} WARNING - [2026-04-18 09:42:55] INFO    etl.extract :   API | (JSON) taichinh_HK1_2023_24.json →  1,229 records
[2026-04-18T09:42:55.801+0000] {extract.py:244} INFO -   API | (JSON) taichinh_HK1_2023_24.json →  1,229 records
[2026-04-18T09:42:55.862+0000] {logging_mixin.py:188} WARNING - [2026-04-18 09:42:55] INFO    etl.extract :   API | (JSON) taichinh_HK1_2024_25.json →  1,646 records
[2026-04-18T09:42:55.862+0000] {extract.py:244} INFO -   API | (JSON) taichinh_HK1_2024_25.json →  1,646 records
[2026-04-18T09:42:55.918+0000] {logging_mixin.py:188} WARNING - [2026-04-18 09:42:55] INFO    etl.extract :   API | (JSON) taichinh_HK1_2025_26.json →  1,245 records
[2026-04-18T09:42:55.918+0000] {extract.py:244} INFO -   API | (JSON) taichinh_HK1_2025_26.json →  1,245 records
[2026-04-18T09:42:55.971+0000] {logging_mixin.py:188} WARNING - [2026-04-18 09:42:55] INFO    etl.extract :   API | (JSON) taichinh_HK2_2021_22.json →    390 records
[2026-04-18T09:42:55.970+0000] {extract.py:244} INFO -   API | (JSON) taichinh_HK2_2021_22.json →    390 records
[2026-04-18T09:42:56.031+0000] {logging_mixin.py:188} WARNING - [2026-04-18 09:42:56] INFO    etl.extract :   API | (JSON) taichinh_HK2_2022_23.json →    799 records
[2026-04-18T09:42:56.031+0000] {extract.py:244} INFO -   API | (JSON) taichinh_HK2_2022_23.json →    799 records
[2026-04-18T09:42:56.099+0000] {logging_mixin.py:188} WARNING - [2026-04-18 09:42:56] INFO    etl.extract :   API | (JSON) taichinh_HK2_2023_24.json →  1,223 records
[2026-04-18T09:42:56.099+0000] {extract.py:244} INFO -   API | (JSON) taichinh_HK2_2023_24.json →  1,223 records
[2026-04-18T09:42:56.176+0000] {logging_mixin.py:188} WARNING - [2026-04-18 09:42:56] INFO    etl.extract :   API | (JSON) taichinh_HK2_2024_25.json →  1,514 records
[2026-04-18T09:42:56.176+0000] {extract.py:244} INFO -   API | (JSON) taichinh_HK2_2024_25.json →  1,514 records
[2026-04-18T09:42:56.203+0000] {logging_mixin.py:188} WARNING - [2026-04-18 09:42:56] INFO    etl.extract :   API | TỔNG: 9,238 records từ 9 HK
[2026-04-18T09:42:56.203+0000] {extract.py:268} INFO -   API | TỔNG: 9,238 records từ 9 HK
[2026-04-18T09:42:58.332+0000] {logging_mixin.py:188} WARNING - [2026-04-18 09:42:58] INFO    utils.minio :   MinIO ↑ [raw-data] 2026-04-18_09-42/nguon1_sinh_vien.parquet (47.6 KB | 1,695 rows)
[2026-04-18T09:42:58.331+0000] {minio_client.py:142} INFO -   MinIO ↑ [raw-data] 2026-04-18_09-42/nguon1_sinh_vien.parquet (47.6 KB | 1,695 rows)
[2026-04-18T09:42:58.876+0000] {logging_mixin.py:188} WARNING - [2026-04-18 09:42:58] INFO    utils.minio :   MinIO ↑ [raw-data] 2026-04-18_09-42/nguon1_dang_ky.parquet (493.4 KB | 58,001 rows)
[2026-04-18T09:42:58.876+0000] {minio_client.py:142} INFO -   MinIO ↑ [raw-data] 2026-04-18_09-42/nguon1_dang_ky.parquet (493.4 KB | 58,001 rows)
[2026-04-18T09:42:59.134+0000] {logging_mixin.py:188} WARNING - [2026-04-18 09:42:59] INFO    utils.minio :   MinIO ↑ [raw-data] 2026-04-18_09-42/nguon1_diem.parquet (1180.5 KB | 58,001 rows)
[2026-04-18T09:42:59.134+0000] {minio_client.py:142} INFO -   MinIO ↑ [raw-data] 2026-04-18_09-42/nguon1_diem.parquet (1180.5 KB | 58,001 rows)
[2026-04-18T09:42:59.165+0000] {logging_mixin.py:188} WARNING - [2026-04-18 09:42:59] INFO    utils.minio :   MinIO ↑ [raw-data] 2026-04-18_09-42/nguon1_hoc_phan.parquet (10.3 KB | 121 rows)
[2026-04-18T09:42:59.165+0000] {minio_client.py:142} INFO -   MinIO ↑ [raw-data] 2026-04-18_09-42/nguon1_hoc_phan.parquet (10.3 KB | 121 rows)
[2026-04-18T09:42:59.186+0000] {logging_mixin.py:188} WARNING - [2026-04-18 09:42:59] INFO    utils.minio :   MinIO ↑ [raw-data] 2026-04-18_09-42/nguon1_hoc_ky.parquet (4.1 KB | 9 rows)
[2026-04-18T09:42:59.186+0000] {minio_client.py:142} INFO -   MinIO ↑ [raw-data] 2026-04-18_09-42/nguon1_hoc_ky.parquet (4.1 KB | 9 rows)
[2026-04-18T09:42:59.203+0000] {logging_mixin.py:188} WARNING - [2026-04-18 09:42:59] INFO    utils.minio :   MinIO ↑ [raw-data] 2026-04-18_09-42/nguon1_giang_vien.parquet (8.3 KB | 45 rows)
[2026-04-18T09:42:59.203+0000] {minio_client.py:142} INFO -   MinIO ↑ [raw-data] 2026-04-18_09-42/nguon1_giang_vien.parquet (8.3 KB | 45 rows)
[2026-04-18T09:42:59.220+0000] {logging_mixin.py:188} WARNING - [2026-04-18 09:42:59] INFO    utils.minio :   MinIO ↑ [raw-data] 2026-04-18_09-42/nguon1_khoa.parquet (2.6 KB | 4 rows)
[2026-04-18T09:42:59.220+0000] {minio_client.py:142} INFO -   MinIO ↑ [raw-data] 2026-04-18_09-42/nguon1_khoa.parquet (2.6 KB | 4 rows)
[2026-04-18T09:42:59.242+0000] {logging_mixin.py:188} WARNING - [2026-04-18 09:42:59] INFO    utils.minio :   MinIO ↑ [raw-data] 2026-04-18_09-42/nguon1_nganh.parquet (3.2 KB | 3 rows)
[2026-04-18T09:42:59.242+0000] {minio_client.py:142} INFO -   MinIO ↑ [raw-data] 2026-04-18_09-42/nguon1_nganh.parquet (3.2 KB | 3 rows)
[2026-04-18T09:42:59.257+0000] {logging_mixin.py:188} WARNING - [2026-04-18 09:42:59] INFO    utils.minio :   MinIO ↑ [raw-data] 2026-04-18_09-42/nguon1_lop_hanh_chinh.parquet (4.8 KB | 48 rows)
[2026-04-18T09:42:59.256+0000] {minio_client.py:142} INFO -   MinIO ↑ [raw-data] 2026-04-18_09-42/nguon1_lop_hanh_chinh.parquet (4.8 KB | 48 rows)
[2026-04-18T09:42:59.284+0000] {logging_mixin.py:188} WARNING - [2026-04-18 09:42:59] INFO    utils.minio :   MinIO ↑ [raw-data] 2026-04-18_09-42/nguon1_tong_hop_ket_qua.parquet (21.6 KB | 1,695 rows)
[2026-04-18T09:42:59.284+0000] {minio_client.py:142} INFO -   MinIO ↑ [raw-data] 2026-04-18_09-42/nguon1_tong_hop_ket_qua.parquet (21.6 KB | 1,695 rows)
[2026-04-18T09:42:59.320+0000] {logging_mixin.py:188} WARNING - [2026-04-18 09:42:59] INFO    utils.minio :   MinIO ↑ [raw-data] 2026-04-18_09-42/nguon2_ctsv.parquet (38.2 KB | 9,238 rows)
[2026-04-18T09:42:59.320+0000] {minio_client.py:142} INFO -   MinIO ↑ [raw-data] 2026-04-18_09-42/nguon2_ctsv.parquet (38.2 KB | 9,238 rows)
[2026-04-18T09:42:59.366+0000] {logging_mixin.py:188} WARNING - [2026-04-18 09:42:59] INFO    utils.minio :   MinIO ↑ [raw-data] 2026-04-18_09-42/nguon3_tai_chinh.parquet (66.6 KB | 9,238 rows)
[2026-04-18T09:42:59.366+0000] {minio_client.py:142} INFO -   MinIO ↑ [raw-data] 2026-04-18_09-42/nguon3_tai_chinh.parquet (66.6 KB | 9,238 rows)
[2026-04-18T09:42:59.370+0000] {logging_mixin.py:188} WARNING - [2026-04-18 09:42:59] INFO    utils.minio :   MinIO upload xong: 12/12 files | run_id=2026-04-18_09-42
[2026-04-18T09:42:59.370+0000] {minio_client.py:188} INFO -   MinIO upload xong: 12/12 files | run_id=2026-04-18_09-42
[2026-04-18T09:42:59.372+0000] {logging_mixin.py:188} WARNING - [2026-04-18 09:42:59] INFO    etl.extract :   MinIO staging: 12/12 files OK → run_id=2026-04-18_09-42
[2026-04-18T09:42:59.372+0000] {extract.py:335} INFO -   MinIO staging: 12/12 files OK → run_id=2026-04-18_09-42
[2026-04-18T09:42:59.379+0000] {logging_mixin.py:188} WARNING - [2026-04-18 09:42:59] INFO    etl.extract : ======================================================================
[2026-04-18T09:42:59.378+0000] {extract.py:298} INFO - ======================================================================
[2026-04-18T09:42:59.382+0000] {logging_mixin.py:188} WARNING - [2026-04-18 09:42:59] INFO    etl.extract :  FULL EXTRACT HOÀN TẤT
[2026-04-18T09:42:59.381+0000] {extract.py:299} INFO -  FULL EXTRACT HOÀN TẤT
[2026-04-18T09:42:59.385+0000] {logging_mixin.py:188} WARNING - [2026-04-18 09:42:59] INFO    etl.extract :    khoa                     :        4
[2026-04-18T09:42:59.385+0000] {extract.py:301} INFO -    khoa                     :        4
[2026-04-18T09:42:59.388+0000] {logging_mixin.py:188} WARNING - [2026-04-18 09:42:59] INFO    etl.extract :    nganh                    :        3
[2026-04-18T09:42:59.388+0000] {extract.py:301} INFO -    nganh                    :        3
[2026-04-18T09:42:59.393+0000] {logging_mixin.py:188} WARNING - [2026-04-18 09:42:59] INFO    etl.extract :    giang_vien               :       45
[2026-04-18T09:42:59.393+0000] {extract.py:301} INFO -    giang_vien               :       45
[2026-04-18T09:42:59.396+0000] {logging_mixin.py:188} WARNING - [2026-04-18 09:42:59] INFO    etl.extract :    lop_hanh_chinh           :       48
[2026-04-18T09:42:59.395+0000] {extract.py:301} INFO -    lop_hanh_chinh           :       48
[2026-04-18T09:42:59.401+0000] {logging_mixin.py:188} WARNING - [2026-04-18 09:42:59] INFO    etl.extract :    sinh_vien                :    1,695
[2026-04-18T09:42:59.401+0000] {extract.py:301} INFO -    sinh_vien                :    1,695
[2026-04-18T09:42:59.404+0000] {logging_mixin.py:188} WARNING - [2026-04-18 09:42:59] INFO    etl.extract :    hoc_phan                 :      121
[2026-04-18T09:42:59.404+0000] {extract.py:301} INFO -    hoc_phan                 :      121
[2026-04-18T09:42:59.408+0000] {logging_mixin.py:188} WARNING - [2026-04-18 09:42:59] INFO    etl.extract :    hoc_ky_nam_hoc           :        9
[2026-04-18T09:42:59.408+0000] {extract.py:301} INFO -    hoc_ky_nam_hoc           :        9
[2026-04-18T09:42:59.412+0000] {logging_mixin.py:188} WARNING - [2026-04-18 09:42:59] INFO    etl.extract :    dang_ky_hoc_phan         :   58,001
[2026-04-18T09:42:59.411+0000] {extract.py:301} INFO -    dang_ky_hoc_phan         :   58,001
[2026-04-18T09:42:59.416+0000] {logging_mixin.py:188} WARNING - [2026-04-18 09:42:59] INFO    etl.extract :    diem_hoc_phan            :   58,001
[2026-04-18T09:42:59.416+0000] {extract.py:301} INFO -    diem_hoc_phan            :   58,001
[2026-04-18T09:42:59.418+0000] {logging_mixin.py:188} WARNING - [2026-04-18 09:42:59] INFO    etl.extract :    tong_hop_ket_qua         :    1,695
[2026-04-18T09:42:59.417+0000] {extract.py:301} INFO -    tong_hop_ket_qua         :    1,695
[2026-04-18T09:42:59.419+0000] {logging_mixin.py:188} WARNING - [2026-04-18 09:42:59] INFO    etl.extract :    ctsv_data                :    9,238
[2026-04-18T09:42:59.419+0000] {extract.py:301} INFO -    ctsv_data                :    9,238
[2026-04-18T09:42:59.421+0000] {logging_mixin.py:188} WARNING - [2026-04-18 09:42:59] INFO    etl.extract :    tai_chinh_data           :    9,238
[2026-04-18T09:42:59.421+0000] {extract.py:301} INFO -    tai_chinh_data           :    9,238
[2026-04-18T09:42:59.424+0000] {logging_mixin.py:188} WARNING - [2026-04-18 09:42:59] INFO    etl.extract : ======================================================================
[2026-04-18T09:42:59.423+0000] {extract.py:302} INFO - ======================================================================
[2026-04-18T09:42:59.543+0000] {logging_mixin.py:188} INFO - Extract xong: {'khoa': 4, 'nganh': 3, 'giang_vien': 45, 'lop_hanh_chinh': 48, 'sinh_vien': 1695, 'hoc_phan': 121, 'hoc_ky_nam_hoc': 9, 'dang_ky_hoc_phan': 58001, 'diem_hoc_phan': 58001, 'tong_hop_ket_qua': 1695, 'ctsv_data': 9238, 'tai_chinh_data': 9238}
[2026-04-18T09:42:59.582+0000] {python.py:201} INFO - Done. Returned value was: {'khoa': 4, 'nganh': 3, 'giang_vien': 45, 'lop_hanh_chinh': 48, 'sinh_vien': 1695, 'hoc_phan': 121, 'hoc_ky_nam_hoc': 9, 'dang_ky_hoc_phan': 58001, 'diem_hoc_phan': 58001, 'tong_hop_ket_qua': 1695, 'ctsv_data': 9238, 'tai_chinh_data': 9238}
[2026-04-18T09:42:59.640+0000] {taskinstance.py:1138} INFO - Marking task as SUCCESS. dag_id=daily_student_pipeline, task_id=extract_data, execution_date=20260406T020000, start_date=20260418T094243, end_date=20260418T094259
[2026-04-18T09:42:59.748+0000] {local_task_job_runner.py:234} INFO - Task exited with return code 0
[2026-04-18T09:42:59.822+0000] {taskinstance.py:3280} INFO - 0 downstream tasks scheduled from follow-on schedule check
