[2026-04-21T06:53:20.284+0000] {taskinstance.py:1956} INFO - Dependencies all met for dep_context=non-requeueable deps ti=<TaskInstance: daily_student_pipeline.load_data manual__2026-04-21T06:53:08.704570+00:00 [queued]>
[2026-04-21T06:53:20.294+0000] {taskinstance.py:1956} INFO - Dependencies all met for dep_context=requeueable deps ti=<TaskInstance: daily_student_pipeline.load_data manual__2026-04-21T06:53:08.704570+00:00 [queued]>
[2026-04-21T06:53:20.294+0000] {taskinstance.py:2170} INFO - Starting attempt 1 of 1
[2026-04-21T06:53:20.307+0000] {taskinstance.py:2191} INFO - Executing <Task(PythonOperator): load_data> on 2026-04-21 06:53:08.704570+00:00
[2026-04-21T06:53:20.313+0000] {standard_task_runner.py:60} INFO - Started process 3469 to run task
[2026-04-21T06:53:20.316+0000] {standard_task_runner.py:87} INFO - Running: ['***', 'tasks', 'run', 'daily_student_pipeline', 'load_data', 'manual__2026-04-21T06:53:08.704570+00:00', '--job-id', '453', '--raw', '--subdir', 'DAGS_FOLDER/daily_student_pipeline.py', '--cfg-path', '/tmp/tmpxlbklsz_']
[2026-04-21T06:53:20.318+0000] {standard_task_runner.py:88} INFO - Job 453: Subtask load_data
[2026-04-21T06:53:20.387+0000] {task_command.py:423} INFO - Running <TaskInstance: daily_student_pipeline.load_data manual__2026-04-21T06:53:08.704570+00:00 [running]> on host 759b8b5e27b5
[2026-04-21T06:53:20.463+0000] {taskinstance.py:2480} INFO - Exporting env vars: AIRFLOW_CTX_DAG_OWNER='nhom8' AIRFLOW_CTX_DAG_ID='daily_student_pipeline' AIRFLOW_CTX_TASK_ID='load_data' AIRFLOW_CTX_EXECUTION_DATE='2026-04-21T06:53:08.704570+00:00' AIRFLOW_CTX_TRY_NUMBER='1' AIRFLOW_CTX_DAG_RUN_ID='manual__2026-04-21T06:53:08.704570+00:00'
[2026-04-21T06:53:21.059+0000] {taskinstance.py:2698} ERROR - Task failed with exception
Traceback (most recent call last):
  File "/home/airflow/.local/lib/python3.11/site-packages/airflow/models/taskinstance.py", line 433, in _execute_task
    result = execute_callable(context=context, **execute_callable_kwargs)
             ^^^^^^^^^^^^^^^^^^^^^^^^^^^^^^^^^^^^^^^^^^^^^^^^^^^^^^^^^^^^
  File "/home/airflow/.local/lib/python3.11/site-packages/airflow/operators/python.py", line 199, in execute
    return_value = self.execute_callable()
                   ^^^^^^^^^^^^^^^^^^^^^^^
  File "/home/airflow/.local/lib/python3.11/site-packages/airflow/operators/python.py", line 216, in execute_callable
    return self.python_callable(*self.op_args, **self.op_kwargs)
           ^^^^^^^^^^^^^^^^^^^^^^^^^^^^^^^^^^^^^^^^^^^^^^^^^^^^^
  File "/opt/airflow/dags/daily_student_pipeline.py", line 159, in task_load
    from src.etl.load      import DataLoader
  File "/opt/airflow/src/etl/load.py", line 1041
    def _to_date(val) -> Optional[date]:
IndentationError: unexpected unindent
[2026-04-21T06:53:21.073+0000] {taskinstance.py:1138} INFO - Marking task as FAILED. dag_id=daily_student_pipeline, task_id=load_data, execution_date=20260421T065308, start_date=20260421T065320, end_date=20260421T065321
[2026-04-21T06:53:21.084+0000] {standard_task_runner.py:107} ERROR - Failed to execute job 453 for task load_data (unexpected unindent (load.py, line 1041); 3469)
[2026-04-21T06:53:21.130+0000] {local_task_job_runner.py:234} INFO - Task exited with return code 1
[2026-04-21T06:53:21.151+0000] {taskinstance.py:3280} INFO - 0 downstream tasks scheduled from follow-on schedule check
