[2026-03-26T08:46:05.558+0000] {taskinstance.py:1956} INFO - Dependencies all met for dep_context=non-requeueable deps ti=<TaskInstance: daily_student_pipeline.extract_data scheduled__2026-03-25T02:00:00+00:00 [queued]>
[2026-03-26T08:46:05.566+0000] {taskinstance.py:1956} INFO - Dependencies all met for dep_context=requeueable deps ti=<TaskInstance: daily_student_pipeline.extract_data scheduled__2026-03-25T02:00:00+00:00 [queued]>
[2026-03-26T08:46:05.567+0000] {taskinstance.py:2170} INFO - Starting attempt 3 of 4
[2026-03-26T08:46:05.578+0000] {taskinstance.py:2191} INFO - Executing <Task(PythonOperator): extract_data> on 2026-03-25 02:00:00+00:00
[2026-03-26T08:46:05.583+0000] {standard_task_runner.py:60} INFO - Started process 1057 to run task
[2026-03-26T08:46:05.586+0000] {standard_task_runner.py:87} INFO - Running: ['***', 'tasks', 'run', 'daily_student_pipeline', 'extract_data', 'scheduled__2026-03-25T02:00:00+00:00', '--job-id', '52', '--raw', '--subdir', 'DAGS_FOLDER/daily_student_pipeline.py', '--cfg-path', '/tmp/tmphcv4aspy']
[2026-03-26T08:46:05.588+0000] {standard_task_runner.py:88} INFO - Job 52: Subtask extract_data
[2026-03-26T08:46:05.659+0000] {task_command.py:423} INFO - Running <TaskInstance: daily_student_pipeline.extract_data scheduled__2026-03-25T02:00:00+00:00 [running]> on host 44ca04dda286
[2026-03-26T08:46:05.736+0000] {taskinstance.py:2480} INFO - Exporting env vars: AIRFLOW_CTX_DAG_OWNER='nhom8' AIRFLOW_CTX_DAG_ID='daily_student_pipeline' AIRFLOW_CTX_TASK_ID='extract_data' AIRFLOW_CTX_EXECUTION_DATE='2026-03-25T02:00:00+00:00' AIRFLOW_CTX_TRY_NUMBER='3' AIRFLOW_CTX_DAG_RUN_ID='scheduled__2026-03-25T02:00:00+00:00'
[2026-03-26T08:46:06.080+0000] {taskinstance.py:2698} ERROR - Task failed with exception
Traceback (most recent call last):
  File "/home/airflow/.local/lib/python3.11/site-packages/airflow/models/taskinstance.py", line 433, in _execute_task
    result = execute_callable(context=context, **execute_callable_kwargs)
             ^^^^^^^^^^^^^^^^^^^^^^^^^^^^^^^^^^^^^^^^^^^^^^^^^^^^^^^^^^^^
  File "/home/airflow/.local/lib/python3.11/site-packages/airflow/operators/python.py", line 199, in execute
    return_value = self.execute_callable()
                   ^^^^^^^^^^^^^^^^^^^^^^^
  File "/home/airflow/.local/lib/python3.11/site-packages/airflow/operators/python.py", line 216, in execute_callable
    return self.python_callable(*self.op_args, **self.op_kwargs)
           ^^^^^^^^^^^^^^^^^^^^^^^^^^^^^^^^^^^^^^^^^^^^^^^^^^^^^
  File "/opt/airflow/dags/daily_student_pipeline.py", line 30, in task_extract
    from src.etl.extract import DataExtractor
  File "/opt/airflow/src/etl/extract.py", line 27, in <module>
    from src.config.database import source_engine
  File "/opt/airflow/src/config/database.py", line 8, in <module>
    from sqlalchemy.orm import sessionmaker, DeclarativeBase
ImportError: cannot import name 'DeclarativeBase' from 'sqlalchemy.orm' (/home/airflow/.local/lib/python3.11/site-packages/sqlalchemy/orm/__init__.py)
[2026-03-26T08:46:06.109+0000] {taskinstance.py:1138} INFO - Marking task as UP_FOR_RETRY. dag_id=daily_student_pipeline, task_id=extract_data, execution_date=20260325T020000, start_date=20260326T084605, end_date=20260326T084606
[2026-03-26T08:46:06.120+0000] {standard_task_runner.py:107} ERROR - Failed to execute job 52 for task extract_data (cannot import name 'DeclarativeBase' from 'sqlalchemy.orm' (/home/airflow/.local/lib/python3.11/site-packages/sqlalchemy/orm/__init__.py); 1057)
[2026-03-26T08:46:06.159+0000] {local_task_job_runner.py:234} INFO - Task exited with return code 1
[2026-03-26T08:46:06.181+0000] {taskinstance.py:3280} INFO - 0 downstream tasks scheduled from follow-on schedule check
[2026-03-26T08:59:00.545+0000] {taskinstance.py:1956} INFO - Dependencies all met for dep_context=non-requeueable deps ti=<TaskInstance: daily_student_pipeline.extract_data scheduled__2026-03-25T02:00:00+00:00 [queued]>
[2026-03-26T08:59:00.554+0000] {taskinstance.py:1956} INFO - Dependencies all met for dep_context=requeueable deps ti=<TaskInstance: daily_student_pipeline.extract_data scheduled__2026-03-25T02:00:00+00:00 [queued]>
[2026-03-26T08:59:00.555+0000] {taskinstance.py:2170} INFO - Starting attempt 3 of 3
[2026-03-26T08:59:00.567+0000] {taskinstance.py:2191} INFO - Executing <Task(PythonOperator): extract_data> on 2026-03-25 02:00:00+00:00
[2026-03-26T08:59:00.572+0000] {standard_task_runner.py:60} INFO - Started process 1533 to run task
[2026-03-26T08:59:00.575+0000] {standard_task_runner.py:87} INFO - Running: ['***', 'tasks', 'run', 'daily_student_pipeline', 'extract_data', 'scheduled__2026-03-25T02:00:00+00:00', '--job-id', '58', '--raw', '--subdir', 'DAGS_FOLDER/daily_student_pipeline.py', '--cfg-path', '/tmp/tmpfw33vvvq']
[2026-03-26T08:59:00.577+0000] {standard_task_runner.py:88} INFO - Job 58: Subtask extract_data
[2026-03-26T08:59:00.652+0000] {task_command.py:423} INFO - Running <TaskInstance: daily_student_pipeline.extract_data scheduled__2026-03-25T02:00:00+00:00 [running]> on host 44ca04dda286
[2026-03-26T08:59:00.739+0000] {taskinstance.py:2480} INFO - Exporting env vars: AIRFLOW_CTX_DAG_OWNER='nhom8' AIRFLOW_CTX_DAG_ID='daily_student_pipeline' AIRFLOW_CTX_TASK_ID='extract_data' AIRFLOW_CTX_EXECUTION_DATE='2026-03-25T02:00:00+00:00' AIRFLOW_CTX_TRY_NUMBER='3' AIRFLOW_CTX_DAG_RUN_ID='scheduled__2026-03-25T02:00:00+00:00'
[2026-03-26T08:59:01.057+0000] {taskinstance.py:2698} ERROR - Task failed with exception
Traceback (most recent call last):
  File "/home/airflow/.local/lib/python3.11/site-packages/airflow/models/taskinstance.py", line 433, in _execute_task
    result = execute_callable(context=context, **execute_callable_kwargs)
             ^^^^^^^^^^^^^^^^^^^^^^^^^^^^^^^^^^^^^^^^^^^^^^^^^^^^^^^^^^^^
  File "/home/airflow/.local/lib/python3.11/site-packages/airflow/operators/python.py", line 199, in execute
    return_value = self.execute_callable()
                   ^^^^^^^^^^^^^^^^^^^^^^^
  File "/home/airflow/.local/lib/python3.11/site-packages/airflow/operators/python.py", line 216, in execute_callable
    return self.python_callable(*self.op_args, **self.op_kwargs)
           ^^^^^^^^^^^^^^^^^^^^^^^^^^^^^^^^^^^^^^^^^^^^^^^^^^^^^
  File "/opt/airflow/dags/daily_student_pipeline.py", line 25, in task_extract
    from src.etl.extract import DataExtractor
  File "/opt/airflow/src/etl/extract.py", line 27, in <module>
    from src.config.database import source_engine
  File "/opt/airflow/src/config/database.py", line 8, in <module>
    from sqlalchemy.orm import sessionmaker, DeclarativeBase
ImportError: cannot import name 'DeclarativeBase' from 'sqlalchemy.orm' (/home/airflow/.local/lib/python3.11/site-packages/sqlalchemy/orm/__init__.py)
[2026-03-26T08:59:01.079+0000] {taskinstance.py:1138} INFO - Marking task as FAILED. dag_id=daily_student_pipeline, task_id=extract_data, execution_date=20260325T020000, start_date=20260326T085900, end_date=20260326T085901
[2026-03-26T08:59:01.091+0000] {standard_task_runner.py:107} ERROR - Failed to execute job 58 for task extract_data (cannot import name 'DeclarativeBase' from 'sqlalchemy.orm' (/home/airflow/.local/lib/python3.11/site-packages/sqlalchemy/orm/__init__.py); 1533)
[2026-03-26T08:59:01.108+0000] {local_task_job_runner.py:234} INFO - Task exited with return code 1
[2026-03-26T08:59:01.130+0000] {taskinstance.py:3280} INFO - 0 downstream tasks scheduled from follow-on schedule check
