[2026-03-26T08:39:55.072+0000] {taskinstance.py:1956} INFO - Dependencies all met for dep_context=non-requeueable deps ti=<TaskInstance: daily_student_pipeline.extract_data scheduled__2026-03-25T02:00:00+00:00 [queued]>
[2026-03-26T08:39:55.082+0000] {taskinstance.py:1956} INFO - Dependencies all met for dep_context=requeueable deps ti=<TaskInstance: daily_student_pipeline.extract_data scheduled__2026-03-25T02:00:00+00:00 [queued]>
[2026-03-26T08:39:55.083+0000] {taskinstance.py:2170} INFO - Starting attempt 1 of 2
[2026-03-26T08:39:55.095+0000] {taskinstance.py:2191} INFO - Executing <Task(PythonOperator): extract_data> on 2026-03-25 02:00:00+00:00
[2026-03-26T08:39:55.105+0000] {standard_task_runner.py:60} INFO - Started process 835 to run task
[2026-03-26T08:39:55.124+0000] {standard_task_runner.py:87} INFO - Running: ['***', 'tasks', 'run', 'daily_student_pipeline', 'extract_data', 'scheduled__2026-03-25T02:00:00+00:00', '--job-id', '47', '--raw', '--subdir', 'DAGS_FOLDER/daily_student_pipeline.py', '--cfg-path', '/tmp/tmpg5u18n4a']
[2026-03-26T08:39:55.141+0000] {standard_task_runner.py:88} INFO - Job 47: Subtask extract_data
[2026-03-26T08:39:55.459+0000] {task_command.py:423} INFO - Running <TaskInstance: daily_student_pipeline.extract_data scheduled__2026-03-25T02:00:00+00:00 [running]> on host 44ca04dda286
[2026-03-26T08:39:55.681+0000] {taskinstance.py:2480} INFO - Exporting env vars: AIRFLOW_CTX_DAG_OWNER='nhom8' AIRFLOW_CTX_DAG_ID='daily_student_pipeline' AIRFLOW_CTX_TASK_ID='extract_data' AIRFLOW_CTX_EXECUTION_DATE='2026-03-25T02:00:00+00:00' AIRFLOW_CTX_TRY_NUMBER='1' AIRFLOW_CTX_DAG_RUN_ID='scheduled__2026-03-25T02:00:00+00:00'
[2026-03-26T08:39:58.965+0000] {taskinstance.py:2698} ERROR - Task failed with exception
Traceback (most recent call last):
  File "/home/airflow/.local/lib/python3.11/site-packages/airflow/models/taskinstance.py", line 433, in _execute_task
    result = execute_callable(context=context, **execute_callable_kwargs)
             ^^^^^^^^^^^^^^^^^^^^^^^^^^^^^^^^^^^^^^^^^^^^^^^^^^^^^^^^^^^^
  File "/home/airflow/.local/lib/python3.11/site-packages/airflow/operators/python.py", line 199, in execute
    return_value = self.execute_callable()
                   ^^^^^^^^^^^^^^^^^^^^^^^
  File "/home/airflow/.local/lib/python3.11/site-packages/airflow/operators/python.py", line 216, in execute_callable
    return self.python_callable(*self.op_args, **self.op_kwargs)
           ^^^^^^^^^^^^^^^^^^^^^^^^^^^^^^^^^^^^^^^^^^^^^^^^^^^^^
  File "/opt/airflow/dags/daily_student_pipeline.py", line 30, in task_extract
    from src.etl.extract import DataExtractor
  File "/opt/airflow/src/etl/extract.py", line 27, in <module>
    from src.config.database import source_engine
  File "/opt/airflow/src/config/database.py", line 8, in <module>
    from sqlalchemy.orm import sessionmaker, DeclarativeBase
ImportError: cannot import name 'DeclarativeBase' from 'sqlalchemy.orm' (/home/airflow/.local/lib/python3.11/site-packages/sqlalchemy/orm/__init__.py)
[2026-03-26T08:39:59.131+0000] {taskinstance.py:1138} INFO - Marking task as UP_FOR_RETRY. dag_id=daily_student_pipeline, task_id=extract_data, execution_date=20260325T020000, start_date=20260326T083955, end_date=20260326T083959
[2026-03-26T08:39:59.189+0000] {standard_task_runner.py:107} ERROR - Failed to execute job 47 for task extract_data (cannot import name 'DeclarativeBase' from 'sqlalchemy.orm' (/home/airflow/.local/lib/python3.11/site-packages/sqlalchemy/orm/__init__.py); 835)
[2026-03-26T08:39:59.245+0000] {local_task_job_runner.py:234} INFO - Task exited with return code 1
[2026-03-26T08:39:59.283+0000] {taskinstance.py:3280} INFO - 0 downstream tasks scheduled from follow-on schedule check
[2026-03-26T08:47:11.691+0000] {taskinstance.py:1956} INFO - Dependencies all met for dep_context=non-requeueable deps ti=<TaskInstance: daily_student_pipeline.extract_data scheduled__2026-03-25T02:00:00+00:00 [queued]>
[2026-03-26T08:47:11.700+0000] {taskinstance.py:1956} INFO - Dependencies all met for dep_context=requeueable deps ti=<TaskInstance: daily_student_pipeline.extract_data scheduled__2026-03-25T02:00:00+00:00 [queued]>
[2026-03-26T08:47:11.701+0000] {taskinstance.py:2170} INFO - Starting attempt 1 of 2
[2026-03-26T08:47:11.711+0000] {taskinstance.py:2191} INFO - Executing <Task(PythonOperator): extract_data> on 2026-03-25 02:00:00+00:00
[2026-03-26T08:47:11.715+0000] {standard_task_runner.py:60} INFO - Started process 1107 to run task
[2026-03-26T08:47:11.718+0000] {standard_task_runner.py:87} INFO - Running: ['***', 'tasks', 'run', 'daily_student_pipeline', 'extract_data', 'scheduled__2026-03-25T02:00:00+00:00', '--job-id', '55', '--raw', '--subdir', 'DAGS_FOLDER/daily_student_pipeline.py', '--cfg-path', '/tmp/tmp3oytd_h4']
[2026-03-26T08:47:11.721+0000] {standard_task_runner.py:88} INFO - Job 55: Subtask extract_data
[2026-03-26T08:47:11.794+0000] {task_command.py:423} INFO - Running <TaskInstance: daily_student_pipeline.extract_data scheduled__2026-03-25T02:00:00+00:00 [running]> on host 44ca04dda286
[2026-03-26T08:47:11.872+0000] {taskinstance.py:2480} INFO - Exporting env vars: AIRFLOW_CTX_DAG_OWNER='nhom8' AIRFLOW_CTX_DAG_ID='daily_student_pipeline' AIRFLOW_CTX_TASK_ID='extract_data' AIRFLOW_CTX_EXECUTION_DATE='2026-03-25T02:00:00+00:00' AIRFLOW_CTX_TRY_NUMBER='1' AIRFLOW_CTX_DAG_RUN_ID='scheduled__2026-03-25T02:00:00+00:00'
[2026-03-26T08:47:12.181+0000] {taskinstance.py:2698} ERROR - Task failed with exception
Traceback (most recent call last):
  File "/home/airflow/.local/lib/python3.11/site-packages/airflow/models/taskinstance.py", line 433, in _execute_task
    result = execute_callable(context=context, **execute_callable_kwargs)
             ^^^^^^^^^^^^^^^^^^^^^^^^^^^^^^^^^^^^^^^^^^^^^^^^^^^^^^^^^^^^
  File "/home/airflow/.local/lib/python3.11/site-packages/airflow/operators/python.py", line 199, in execute
    return_value = self.execute_callable()
                   ^^^^^^^^^^^^^^^^^^^^^^^
  File "/home/airflow/.local/lib/python3.11/site-packages/airflow/operators/python.py", line 216, in execute_callable
    return self.python_callable(*self.op_args, **self.op_kwargs)
           ^^^^^^^^^^^^^^^^^^^^^^^^^^^^^^^^^^^^^^^^^^^^^^^^^^^^^
  File "/opt/airflow/dags/daily_student_pipeline.py", line 30, in task_extract
    from src.etl.extract import DataExtractor
  File "/opt/airflow/src/etl/extract.py", line 27, in <module>
    from src.config.database import source_engine
  File "/opt/airflow/src/config/database.py", line 8, in <module>
    from sqlalchemy.orm import sessionmaker, DeclarativeBase
ImportError: cannot import name 'DeclarativeBase' from 'sqlalchemy.orm' (/home/airflow/.local/lib/python3.11/site-packages/sqlalchemy/orm/__init__.py)
[2026-03-26T08:47:12.205+0000] {taskinstance.py:1138} INFO - Marking task as UP_FOR_RETRY. dag_id=daily_student_pipeline, task_id=extract_data, execution_date=20260325T020000, start_date=20260326T084711, end_date=20260326T084712
[2026-03-26T08:47:12.217+0000] {standard_task_runner.py:107} ERROR - Failed to execute job 55 for task extract_data (cannot import name 'DeclarativeBase' from 'sqlalchemy.orm' (/home/airflow/.local/lib/python3.11/site-packages/sqlalchemy/orm/__init__.py); 1107)
[2026-03-26T08:47:12.252+0000] {local_task_job_runner.py:234} INFO - Task exited with return code 1
[2026-03-26T08:47:12.277+0000] {taskinstance.py:3280} INFO - 0 downstream tasks scheduled from follow-on schedule check
[2026-03-26T09:06:45.192+0000] {taskinstance.py:1956} INFO - Dependencies all met for dep_context=non-requeueable deps ti=<TaskInstance: daily_student_pipeline.extract_data scheduled__2026-03-25T02:00:00+00:00 [queued]>
[2026-03-26T09:06:45.212+0000] {taskinstance.py:1956} INFO - Dependencies all met for dep_context=requeueable deps ti=<TaskInstance: daily_student_pipeline.extract_data scheduled__2026-03-25T02:00:00+00:00 [queued]>
[2026-03-26T09:06:45.213+0000] {taskinstance.py:2170} INFO - Starting attempt 1 of 1
[2026-03-26T09:06:45.225+0000] {taskinstance.py:2191} INFO - Executing <Task(PythonOperator): extract_data> on 2026-03-25 02:00:00+00:00
[2026-03-26T09:06:45.232+0000] {standard_task_runner.py:60} INFO - Started process 228 to run task
[2026-03-26T09:06:45.235+0000] {standard_task_runner.py:87} INFO - Running: ['***', 'tasks', 'run', 'daily_student_pipeline', 'extract_data', 'scheduled__2026-03-25T02:00:00+00:00', '--job-id', '60', '--raw', '--subdir', 'DAGS_FOLDER/daily_student_pipeline.py', '--cfg-path', '/tmp/tmpodj3adoi']
[2026-03-26T09:06:45.239+0000] {standard_task_runner.py:88} INFO - Job 60: Subtask extract_data
[2026-03-26T09:06:45.362+0000] {task_command.py:423} INFO - Running <TaskInstance: daily_student_pipeline.extract_data scheduled__2026-03-25T02:00:00+00:00 [running]> on host 44ca04dda286
[2026-03-26T09:06:45.462+0000] {taskinstance.py:2480} INFO - Exporting env vars: AIRFLOW_CTX_DAG_OWNER='nhom8' AIRFLOW_CTX_DAG_ID='daily_student_pipeline' AIRFLOW_CTX_TASK_ID='extract_data' AIRFLOW_CTX_EXECUTION_DATE='2026-03-25T02:00:00+00:00' AIRFLOW_CTX_TRY_NUMBER='1' AIRFLOW_CTX_DAG_RUN_ID='scheduled__2026-03-25T02:00:00+00:00'
[2026-03-26T09:06:45.893+0000] {taskinstance.py:2698} ERROR - Task failed with exception
Traceback (most recent call last):
  File "/home/airflow/.local/lib/python3.11/site-packages/airflow/models/taskinstance.py", line 433, in _execute_task
    result = execute_callable(context=context, **execute_callable_kwargs)
             ^^^^^^^^^^^^^^^^^^^^^^^^^^^^^^^^^^^^^^^^^^^^^^^^^^^^^^^^^^^^
  File "/home/airflow/.local/lib/python3.11/site-packages/airflow/operators/python.py", line 199, in execute
    return_value = self.execute_callable()
                   ^^^^^^^^^^^^^^^^^^^^^^^
  File "/home/airflow/.local/lib/python3.11/site-packages/airflow/operators/python.py", line 216, in execute_callable
    return self.python_callable(*self.op_args, **self.op_kwargs)
           ^^^^^^^^^^^^^^^^^^^^^^^^^^^^^^^^^^^^^^^^^^^^^^^^^^^^^
  File "/opt/airflow/dags/daily_student_pipeline.py", line 25, in task_extract
    from src.etl.extract import DataExtractor
  File "/opt/airflow/src/etl/extract.py", line 27, in <module>
    from src.config.database import source_engine
  File "/opt/airflow/src/config/database.py", line 5, in <module>
    from sqlalchemy.orm import sessionmaker, DeclarativeBase
ImportError: cannot import name 'DeclarativeBase' from 'sqlalchemy.orm' (/home/airflow/.local/lib/python3.11/site-packages/sqlalchemy/orm/__init__.py)
[2026-03-26T09:06:45.918+0000] {taskinstance.py:1138} INFO - Marking task as FAILED. dag_id=daily_student_pipeline, task_id=extract_data, execution_date=20260325T020000, start_date=20260326T090645, end_date=20260326T090645
[2026-03-26T09:06:45.931+0000] {standard_task_runner.py:107} ERROR - Failed to execute job 60 for task extract_data (cannot import name 'DeclarativeBase' from 'sqlalchemy.orm' (/home/airflow/.local/lib/python3.11/site-packages/sqlalchemy/orm/__init__.py); 228)
[2026-03-26T09:06:45.971+0000] {local_task_job_runner.py:234} INFO - Task exited with return code 1
[2026-03-26T09:06:45.993+0000] {taskinstance.py:3280} INFO - 0 downstream tasks scheduled from follow-on schedule check
[2026-03-26T09:37:41.486+0000] {taskinstance.py:1956} INFO - Dependencies all met for dep_context=non-requeueable deps ti=<TaskInstance: daily_student_pipeline.extract_data scheduled__2026-03-25T02:00:00+00:00 [queued]>
[2026-03-26T09:37:41.499+0000] {taskinstance.py:1956} INFO - Dependencies all met for dep_context=requeueable deps ti=<TaskInstance: daily_student_pipeline.extract_data scheduled__2026-03-25T02:00:00+00:00 [queued]>
[2026-03-26T09:37:41.500+0000] {taskinstance.py:2170} INFO - Starting attempt 1 of 1
[2026-03-26T09:37:41.518+0000] {taskinstance.py:2191} INFO - Executing <Task(PythonOperator): extract_data> on 2026-03-25 02:00:00+00:00
[2026-03-26T09:37:41.532+0000] {standard_task_runner.py:60} INFO - Started process 243 to run task
[2026-03-26T09:37:41.576+0000] {standard_task_runner.py:87} INFO - Running: ['***', 'tasks', 'run', 'daily_student_pipeline', 'extract_data', 'scheduled__2026-03-25T02:00:00+00:00', '--job-id', '68', '--raw', '--subdir', 'DAGS_FOLDER/daily_student_pipeline.py', '--cfg-path', '/tmp/tmpf0i3nhk2']
[2026-03-26T09:37:41.585+0000] {standard_task_runner.py:88} INFO - Job 68: Subtask extract_data
[2026-03-26T09:37:41.971+0000] {task_command.py:423} INFO - Running <TaskInstance: daily_student_pipeline.extract_data scheduled__2026-03-25T02:00:00+00:00 [running]> on host 44ca04dda286
[2026-03-26T09:37:42.188+0000] {taskinstance.py:2480} INFO - Exporting env vars: AIRFLOW_CTX_DAG_OWNER='nhom8' AIRFLOW_CTX_DAG_ID='daily_student_pipeline' AIRFLOW_CTX_TASK_ID='extract_data' AIRFLOW_CTX_EXECUTION_DATE='2026-03-25T02:00:00+00:00' AIRFLOW_CTX_TRY_NUMBER='1' AIRFLOW_CTX_DAG_RUN_ID='scheduled__2026-03-25T02:00:00+00:00'
[2026-03-26T09:37:45.007+0000] {logging_mixin.py:188} WARNING - [2026-03-26 09:37:45] INFO    etl.extract : 🚀 BẮT ĐẦU FULL EXTRACT
[2026-03-26T09:37:45.007+0000] {extract.py:356} INFO - 🚀 BẮT ĐẦU FULL EXTRACT
[2026-03-26T09:37:45.011+0000] {logging_mixin.py:188} WARNING - [2026-03-26 09:37:45] INFO    etl.extract : ======================================================================
[2026-03-26T09:37:45.010+0000] {extract.py:357} INFO - ======================================================================
[2026-03-26T09:37:45.044+0000] {logging_mixin.py:188} WARNING - [2026-03-26 09:37:45] INFO    etl.extract : ════════════════════════════════════════════════════════════
[2026-03-26T09:37:45.043+0000] {extract.py:120} INFO - ════════════════════════════════════════════════════════════
[2026-03-26T09:37:45.045+0000] {logging_mixin.py:188} WARNING - [2026-03-26 09:37:45] INFO    etl.extract : NGUỒN 1 — PostgreSQL (Phòng Đào tạo) | Full Extract
[2026-03-26T09:37:45.045+0000] {extract.py:121} INFO - NGUỒN 1 — PostgreSQL (Phòng Đào tạo) | Full Extract
[2026-03-26T09:37:45.047+0000] {logging_mixin.py:188} WARNING - [2026-03-26 09:37:45] INFO    etl.extract : ════════════════════════════════════════════════════════════
[2026-03-26T09:37:45.047+0000] {extract.py:122} INFO - ════════════════════════════════════════════════════════════
[2026-03-26T09:37:45.056+0000] {logging_mixin.py:188} WARNING - [2026-03-26 09:37:45] ERROR   etl.extract :   PostgreSQL | Lỗi đọc 'khoa': (psycopg2.OperationalError) connection to server at "localhost" (::1), port 5434 failed: Connection refused
	Is the server running on that host and accepting TCP/IP connections?
connection to server at "localhost" (127.0.0.1), port 5434 failed: Connection refused
	Is the server running on that host and accepting TCP/IP connections?

(Background on this error at: https://sqlalche.me/e/14/e3q8)
[2026-03-26T09:37:45.056+0000] {extract.py:101} ERROR -   PostgreSQL | Lỗi đọc 'khoa': (psycopg2.OperationalError) connection to server at "localhost" (::1), port 5434 failed: Connection refused
	Is the server running on that host and accepting TCP/IP connections?
connection to server at "localhost" (127.0.0.1), port 5434 failed: Connection refused
	Is the server running on that host and accepting TCP/IP connections?

(Background on this error at: https://sqlalche.me/e/14/e3q8)
[2026-03-26T09:37:45.060+0000] {logging_mixin.py:188} WARNING - [2026-03-26 09:37:45] ERROR   etl.extract :   PostgreSQL | Lỗi đọc 'nganh': (psycopg2.OperationalError) connection to server at "localhost" (::1), port 5434 failed: Connection refused
	Is the server running on that host and accepting TCP/IP connections?
connection to server at "localhost" (127.0.0.1), port 5434 failed: Connection refused
	Is the server running on that host and accepting TCP/IP connections?

(Background on this error at: https://sqlalche.me/e/14/e3q8)
[2026-03-26T09:37:45.060+0000] {extract.py:101} ERROR -   PostgreSQL | Lỗi đọc 'nganh': (psycopg2.OperationalError) connection to server at "localhost" (::1), port 5434 failed: Connection refused
	Is the server running on that host and accepting TCP/IP connections?
connection to server at "localhost" (127.0.0.1), port 5434 failed: Connection refused
	Is the server running on that host and accepting TCP/IP connections?

(Background on this error at: https://sqlalche.me/e/14/e3q8)
[2026-03-26T09:37:45.064+0000] {logging_mixin.py:188} WARNING - [2026-03-26 09:37:45] ERROR   etl.extract :   PostgreSQL | Lỗi đọc 'giang_vien': (psycopg2.OperationalError) connection to server at "localhost" (::1), port 5434 failed: Connection refused
	Is the server running on that host and accepting TCP/IP connections?
connection to server at "localhost" (127.0.0.1), port 5434 failed: Connection refused
	Is the server running on that host and accepting TCP/IP connections?

(Background on this error at: https://sqlalche.me/e/14/e3q8)
[2026-03-26T09:37:45.064+0000] {extract.py:101} ERROR -   PostgreSQL | Lỗi đọc 'giang_vien': (psycopg2.OperationalError) connection to server at "localhost" (::1), port 5434 failed: Connection refused
	Is the server running on that host and accepting TCP/IP connections?
connection to server at "localhost" (127.0.0.1), port 5434 failed: Connection refused
	Is the server running on that host and accepting TCP/IP connections?

(Background on this error at: https://sqlalche.me/e/14/e3q8)
[2026-03-26T09:37:45.066+0000] {logging_mixin.py:188} WARNING - [2026-03-26 09:37:45] ERROR   etl.extract :   PostgreSQL | Lỗi đọc 'lop_hanh_chinh': (psycopg2.OperationalError) connection to server at "localhost" (::1), port 5434 failed: Connection refused
	Is the server running on that host and accepting TCP/IP connections?
connection to server at "localhost" (127.0.0.1), port 5434 failed: Connection refused
	Is the server running on that host and accepting TCP/IP connections?

(Background on this error at: https://sqlalche.me/e/14/e3q8)
[2026-03-26T09:37:45.066+0000] {extract.py:101} ERROR -   PostgreSQL | Lỗi đọc 'lop_hanh_chinh': (psycopg2.OperationalError) connection to server at "localhost" (::1), port 5434 failed: Connection refused
	Is the server running on that host and accepting TCP/IP connections?
connection to server at "localhost" (127.0.0.1), port 5434 failed: Connection refused
	Is the server running on that host and accepting TCP/IP connections?

(Background on this error at: https://sqlalche.me/e/14/e3q8)
[2026-03-26T09:37:45.070+0000] {logging_mixin.py:188} WARNING - [2026-03-26 09:37:45] ERROR   etl.extract :   PostgreSQL | Lỗi đọc 'sinh_vien': (psycopg2.OperationalError) connection to server at "localhost" (::1), port 5434 failed: Connection refused
	Is the server running on that host and accepting TCP/IP connections?
connection to server at "localhost" (127.0.0.1), port 5434 failed: Connection refused
	Is the server running on that host and accepting TCP/IP connections?

(Background on this error at: https://sqlalche.me/e/14/e3q8)
[2026-03-26T09:37:45.069+0000] {extract.py:101} ERROR -   PostgreSQL | Lỗi đọc 'sinh_vien': (psycopg2.OperationalError) connection to server at "localhost" (::1), port 5434 failed: Connection refused
	Is the server running on that host and accepting TCP/IP connections?
connection to server at "localhost" (127.0.0.1), port 5434 failed: Connection refused
	Is the server running on that host and accepting TCP/IP connections?

(Background on this error at: https://sqlalche.me/e/14/e3q8)
[2026-03-26T09:37:45.072+0000] {logging_mixin.py:188} WARNING - [2026-03-26 09:37:45] ERROR   etl.extract :   PostgreSQL | Lỗi đọc 'hoc_phan': (psycopg2.OperationalError) connection to server at "localhost" (::1), port 5434 failed: Connection refused
	Is the server running on that host and accepting TCP/IP connections?
connection to server at "localhost" (127.0.0.1), port 5434 failed: Connection refused
	Is the server running on that host and accepting TCP/IP connections?

(Background on this error at: https://sqlalche.me/e/14/e3q8)
[2026-03-26T09:37:45.072+0000] {extract.py:101} ERROR -   PostgreSQL | Lỗi đọc 'hoc_phan': (psycopg2.OperationalError) connection to server at "localhost" (::1), port 5434 failed: Connection refused
	Is the server running on that host and accepting TCP/IP connections?
connection to server at "localhost" (127.0.0.1), port 5434 failed: Connection refused
	Is the server running on that host and accepting TCP/IP connections?

(Background on this error at: https://sqlalche.me/e/14/e3q8)
[2026-03-26T09:37:45.075+0000] {logging_mixin.py:188} WARNING - [2026-03-26 09:37:45] ERROR   etl.extract :   PostgreSQL | Lỗi đọc 'hoc_ky_nam_hoc': (psycopg2.OperationalError) connection to server at "localhost" (::1), port 5434 failed: Connection refused
	Is the server running on that host and accepting TCP/IP connections?
connection to server at "localhost" (127.0.0.1), port 5434 failed: Connection refused
	Is the server running on that host and accepting TCP/IP connections?

(Background on this error at: https://sqlalche.me/e/14/e3q8)
[2026-03-26T09:37:45.075+0000] {extract.py:101} ERROR -   PostgreSQL | Lỗi đọc 'hoc_ky_nam_hoc': (psycopg2.OperationalError) connection to server at "localhost" (::1), port 5434 failed: Connection refused
	Is the server running on that host and accepting TCP/IP connections?
connection to server at "localhost" (127.0.0.1), port 5434 failed: Connection refused
	Is the server running on that host and accepting TCP/IP connections?

(Background on this error at: https://sqlalche.me/e/14/e3q8)
[2026-03-26T09:37:45.077+0000] {logging_mixin.py:188} WARNING - [2026-03-26 09:37:45] ERROR   etl.extract :   PostgreSQL | Lỗi đọc 'dang_ky_hoc_phan': (psycopg2.OperationalError) connection to server at "localhost" (::1), port 5434 failed: Connection refused
	Is the server running on that host and accepting TCP/IP connections?
connection to server at "localhost" (127.0.0.1), port 5434 failed: Connection refused
	Is the server running on that host and accepting TCP/IP connections?

(Background on this error at: https://sqlalche.me/e/14/e3q8)
[2026-03-26T09:37:45.077+0000] {extract.py:101} ERROR -   PostgreSQL | Lỗi đọc 'dang_ky_hoc_phan': (psycopg2.OperationalError) connection to server at "localhost" (::1), port 5434 failed: Connection refused
	Is the server running on that host and accepting TCP/IP connections?
connection to server at "localhost" (127.0.0.1), port 5434 failed: Connection refused
	Is the server running on that host and accepting TCP/IP connections?

(Background on this error at: https://sqlalche.me/e/14/e3q8)
[2026-03-26T09:37:45.080+0000] {logging_mixin.py:188} WARNING - [2026-03-26 09:37:45] ERROR   etl.extract :   PostgreSQL | Lỗi đọc 'diem_hoc_phan': (psycopg2.OperationalError) connection to server at "localhost" (::1), port 5434 failed: Connection refused
	Is the server running on that host and accepting TCP/IP connections?
connection to server at "localhost" (127.0.0.1), port 5434 failed: Connection refused
	Is the server running on that host and accepting TCP/IP connections?

(Background on this error at: https://sqlalche.me/e/14/e3q8)
[2026-03-26T09:37:45.080+0000] {extract.py:101} ERROR -   PostgreSQL | Lỗi đọc 'diem_hoc_phan': (psycopg2.OperationalError) connection to server at "localhost" (::1), port 5434 failed: Connection refused
	Is the server running on that host and accepting TCP/IP connections?
connection to server at "localhost" (127.0.0.1), port 5434 failed: Connection refused
	Is the server running on that host and accepting TCP/IP connections?

(Background on this error at: https://sqlalche.me/e/14/e3q8)
[2026-03-26T09:37:45.084+0000] {logging_mixin.py:188} WARNING - [2026-03-26 09:37:45] ERROR   etl.extract :   PostgreSQL | Lỗi đọc 'tong_hop_ket_qua': (psycopg2.OperationalError) connection to server at "localhost" (::1), port 5434 failed: Connection refused
	Is the server running on that host and accepting TCP/IP connections?
connection to server at "localhost" (127.0.0.1), port 5434 failed: Connection refused
	Is the server running on that host and accepting TCP/IP connections?

(Background on this error at: https://sqlalche.me/e/14/e3q8)
[2026-03-26T09:37:45.083+0000] {extract.py:101} ERROR -   PostgreSQL | Lỗi đọc 'tong_hop_ket_qua': (psycopg2.OperationalError) connection to server at "localhost" (::1), port 5434 failed: Connection refused
	Is the server running on that host and accepting TCP/IP connections?
connection to server at "localhost" (127.0.0.1), port 5434 failed: Connection refused
	Is the server running on that host and accepting TCP/IP connections?

(Background on this error at: https://sqlalche.me/e/14/e3q8)
[2026-03-26T09:37:45.086+0000] {logging_mixin.py:188} WARNING - [2026-03-26 09:37:45] INFO    etl.extract :   PostgreSQL | TỔNG: 0 records từ 10 bảng
[2026-03-26T09:37:45.085+0000] {extract.py:129} INFO -   PostgreSQL | TỔNG: 0 records từ 10 bảng
[2026-03-26T09:37:45.088+0000] {logging_mixin.py:188} WARNING - [2026-03-26 09:37:45] INFO    etl.extract : ════════════════════════════════════════════════════════════
[2026-03-26T09:37:45.088+0000] {extract.py:215} INFO - ════════════════════════════════════════════════════════════
[2026-03-26T09:37:45.089+0000] {logging_mixin.py:188} WARNING - [2026-03-26 09:37:45] INFO    etl.extract : NGUỒN 2 — CSV (Phòng CTSV) | Extract
[2026-03-26T09:37:45.089+0000] {extract.py:216} INFO - NGUỒN 2 — CSV (Phòng CTSV) | Extract
[2026-03-26T09:37:45.090+0000] {logging_mixin.py:188} WARNING - [2026-03-26 09:37:45] INFO    etl.extract : ════════════════════════════════════════════════════════════
[2026-03-26T09:37:45.090+0000] {extract.py:217} INFO - ════════════════════════════════════════════════════════════
[2026-03-26T09:37:45.095+0000] {logging_mixin.py:188} WARNING - [2026-03-26 09:37:45] INFO    etl.extract :   CSV | Tìm thấy 9 file(s)
[2026-03-26T09:37:45.095+0000] {extract.py:227} INFO -   CSV | Tìm thấy 9 file(s)
[2026-03-26T09:37:45.118+0000] {logging_mixin.py:188} WARNING - [2026-03-26 09:37:45] INFO    etl.extract :   CSV | ctsv_HK1_2021_22.csv                →    390 records
[2026-03-26T09:37:45.118+0000] {extract.py:190} INFO -   CSV | ctsv_HK1_2021_22.csv                →    390 records
[2026-03-26T09:37:45.132+0000] {logging_mixin.py:188} WARNING - [2026-03-26 09:37:45] INFO    etl.extract :   CSV | ctsv_HK1_2022_23.csv                →    810 records
[2026-03-26T09:37:45.132+0000] {extract.py:190} INFO -   CSV | ctsv_HK1_2022_23.csv                →    810 records
[2026-03-26T09:37:45.142+0000] {logging_mixin.py:188} WARNING - [2026-03-26 09:37:45] INFO    etl.extract :   CSV | ctsv_HK1_2023_24.csv                →  1,245 records
[2026-03-26T09:37:45.142+0000] {extract.py:190} INFO -   CSV | ctsv_HK1_2023_24.csv                →  1,245 records
[2026-03-26T09:37:45.150+0000] {logging_mixin.py:188} WARNING - [2026-03-26 09:37:45] INFO    etl.extract :   CSV | ctsv_HK1_2024_25.csv                →  1,580 records
[2026-03-26T09:37:45.150+0000] {extract.py:190} INFO -   CSV | ctsv_HK1_2024_25.csv                →  1,580 records
[2026-03-26T09:37:45.157+0000] {logging_mixin.py:188} WARNING - [2026-03-26 09:37:45] INFO    etl.extract :   CSV | ctsv_HK1_2025_26.csv                →    125 records
[2026-03-26T09:37:45.157+0000] {extract.py:190} INFO -   CSV | ctsv_HK1_2025_26.csv                →    125 records
[2026-03-26T09:37:45.165+0000] {logging_mixin.py:188} WARNING - [2026-03-26 09:37:45] INFO    etl.extract :   CSV | ctsv_HK2_2021_22.csv                →    390 records
[2026-03-26T09:37:45.165+0000] {extract.py:190} INFO -   CSV | ctsv_HK2_2021_22.csv                →    390 records
[2026-03-26T09:37:45.173+0000] {logging_mixin.py:188} WARNING - [2026-03-26 09:37:45] INFO    etl.extract :   CSV | ctsv_HK2_2022_23.csv                →    810 records
[2026-03-26T09:37:45.172+0000] {extract.py:190} INFO -   CSV | ctsv_HK2_2022_23.csv                →    810 records
[2026-03-26T09:37:45.182+0000] {logging_mixin.py:188} WARNING - [2026-03-26 09:37:45] INFO    etl.extract :   CSV | ctsv_HK2_2023_24.csv                →  1,245 records
[2026-03-26T09:37:45.182+0000] {extract.py:190} INFO -   CSV | ctsv_HK2_2023_24.csv                →  1,245 records
[2026-03-26T09:37:45.192+0000] {logging_mixin.py:188} WARNING - [2026-03-26 09:37:45] INFO    etl.extract :   CSV | ctsv_HK2_2024_25.csv                →  1,361 records
[2026-03-26T09:37:45.192+0000] {extract.py:190} INFO -   CSV | ctsv_HK2_2024_25.csv                →  1,361 records
[2026-03-26T09:37:45.227+0000] {logging_mixin.py:188} WARNING - [2026-03-26 09:37:45] INFO    etl.extract :   CSV | TỔNG: 7,956 records từ 9 file(s)
[2026-03-26T09:37:45.227+0000] {extract.py:247} INFO -   CSV | TỔNG: 7,956 records từ 9 file(s)
[2026-03-26T09:37:59.040+0000] {logging_mixin.py:188} WARNING - [2026-03-26 09:37:59] WARNING etl.extract :   MinIO staging thất bại (pipeline vẫn tiếp tục): Could not connect to the endpoint URL: "http://localhost:9000/raw-data"
[2026-03-26T09:37:59.040+0000] {extract.py:451} WARNING -   MinIO staging thất bại (pipeline vẫn tiếp tục): Could not connect to the endpoint URL: "http://localhost:9000/raw-data"
[2026-03-26T09:37:59.041+0000] {logging_mixin.py:188} WARNING - [2026-03-26 09:37:59] INFO    etl.extract : ======================================================================
[2026-03-26T09:37:59.041+0000] {extract.py:383} INFO - ======================================================================
[2026-03-26T09:37:59.042+0000] {logging_mixin.py:188} WARNING - [2026-03-26 09:37:59] INFO    etl.extract : ✅ FULL EXTRACT HOÀN TẤT
[2026-03-26T09:37:59.042+0000] {extract.py:384} INFO - ✅ FULL EXTRACT HOÀN TẤT
[2026-03-26T09:37:59.044+0000] {logging_mixin.py:188} WARNING - [2026-03-26 09:37:59] INFO    etl.extract :    khoa                     :        0
[2026-03-26T09:37:59.044+0000] {extract.py:386} INFO -    khoa                     :        0
[2026-03-26T09:37:59.045+0000] {logging_mixin.py:188} WARNING - [2026-03-26 09:37:59] INFO    etl.extract :    nganh                    :        0
[2026-03-26T09:37:59.045+0000] {extract.py:386} INFO -    nganh                    :        0
[2026-03-26T09:37:59.045+0000] {logging_mixin.py:188} WARNING - [2026-03-26 09:37:59] INFO    etl.extract :    giang_vien               :        0
[2026-03-26T09:37:59.045+0000] {extract.py:386} INFO -    giang_vien               :        0
[2026-03-26T09:37:59.046+0000] {logging_mixin.py:188} WARNING - [2026-03-26 09:37:59] INFO    etl.extract :    lop_hanh_chinh           :        0
[2026-03-26T09:37:59.046+0000] {extract.py:386} INFO -    lop_hanh_chinh           :        0
[2026-03-26T09:37:59.047+0000] {logging_mixin.py:188} WARNING - [2026-03-26 09:37:59] INFO    etl.extract :    sinh_vien                :        0
[2026-03-26T09:37:59.047+0000] {extract.py:386} INFO -    sinh_vien                :        0
[2026-03-26T09:37:59.048+0000] {logging_mixin.py:188} WARNING - [2026-03-26 09:37:59] INFO    etl.extract :    hoc_phan                 :        0
[2026-03-26T09:37:59.047+0000] {extract.py:386} INFO -    hoc_phan                 :        0
[2026-03-26T09:37:59.048+0000] {logging_mixin.py:188} WARNING - [2026-03-26 09:37:59] INFO    etl.extract :    hoc_ky_nam_hoc           :        0
[2026-03-26T09:37:59.048+0000] {extract.py:386} INFO -    hoc_ky_nam_hoc           :        0
[2026-03-26T09:37:59.049+0000] {logging_mixin.py:188} WARNING - [2026-03-26 09:37:59] INFO    etl.extract :    dang_ky_hoc_phan         :        0
[2026-03-26T09:37:59.049+0000] {extract.py:386} INFO -    dang_ky_hoc_phan         :        0
[2026-03-26T09:37:59.050+0000] {logging_mixin.py:188} WARNING - [2026-03-26 09:37:59] INFO    etl.extract :    diem_hoc_phan            :        0
[2026-03-26T09:37:59.050+0000] {extract.py:386} INFO -    diem_hoc_phan            :        0
[2026-03-26T09:37:59.051+0000] {logging_mixin.py:188} WARNING - [2026-03-26 09:37:59] INFO    etl.extract :    tong_hop_ket_qua         :        0
[2026-03-26T09:37:59.051+0000] {extract.py:386} INFO -    tong_hop_ket_qua         :        0
[2026-03-26T09:37:59.051+0000] {logging_mixin.py:188} WARNING - [2026-03-26 09:37:59] INFO    etl.extract :    ctsv_data                :    7,956
[2026-03-26T09:37:59.051+0000] {extract.py:386} INFO -    ctsv_data                :    7,956
[2026-03-26T09:37:59.052+0000] {logging_mixin.py:188} WARNING - [2026-03-26 09:37:59] INFO    etl.extract :    tai_chinh_data           :        0
[2026-03-26T09:37:59.052+0000] {extract.py:386} INFO -    tai_chinh_data           :        0
[2026-03-26T09:37:59.053+0000] {logging_mixin.py:188} WARNING - [2026-03-26 09:37:59] INFO    etl.extract : ======================================================================
[2026-03-26T09:37:59.053+0000] {extract.py:387} INFO - ======================================================================
[2026-03-26T09:37:59.089+0000] {logging_mixin.py:188} INFO - Extract xong: {'khoa': 0, 'nganh': 0, 'giang_vien': 0, 'lop_hanh_chinh': 0, 'sinh_vien': 0, 'hoc_phan': 0, 'hoc_ky_nam_hoc': 0, 'dang_ky_hoc_phan': 0, 'diem_hoc_phan': 0, 'tong_hop_ket_qua': 0, 'ctsv_data': 7956, 'tai_chinh_data': 0}
[2026-03-26T09:37:59.091+0000] {python.py:201} INFO - Done. Returned value was: {'khoa': 0, 'nganh': 0, 'giang_vien': 0, 'lop_hanh_chinh': 0, 'sinh_vien': 0, 'hoc_phan': 0, 'hoc_ky_nam_hoc': 0, 'dang_ky_hoc_phan': 0, 'diem_hoc_phan': 0, 'tong_hop_ket_qua': 0, 'ctsv_data': 7956, 'tai_chinh_data': 0}
[2026-03-26T09:37:59.122+0000] {taskinstance.py:1138} INFO - Marking task as SUCCESS. dag_id=daily_student_pipeline, task_id=extract_data, execution_date=20260325T020000, start_date=20260326T093741, end_date=20260326T093759
[2026-03-26T09:37:59.173+0000] {local_task_job_runner.py:234} INFO - Task exited with return code 0
[2026-03-26T09:37:59.198+0000] {taskinstance.py:3280} INFO - 1 downstream tasks scheduled from follow-on schedule check
[2026-03-26T09:57:35.662+0000] {taskinstance.py:1956} INFO - Dependencies all met for dep_context=non-requeueable deps ti=<TaskInstance: daily_student_pipeline.extract_data scheduled__2026-03-25T02:00:00+00:00 [queued]>
[2026-03-26T09:57:35.670+0000] {taskinstance.py:1956} INFO - Dependencies all met for dep_context=requeueable deps ti=<TaskInstance: daily_student_pipeline.extract_data scheduled__2026-03-25T02:00:00+00:00 [queued]>
[2026-03-26T09:57:35.671+0000] {taskinstance.py:2170} INFO - Starting attempt 1 of 1
[2026-03-26T09:57:35.681+0000] {taskinstance.py:2191} INFO - Executing <Task(PythonOperator): extract_data> on 2026-03-25 02:00:00+00:00
[2026-03-26T09:57:35.687+0000] {standard_task_runner.py:60} INFO - Started process 189 to run task
[2026-03-26T09:57:35.690+0000] {standard_task_runner.py:87} INFO - Running: ['***', 'tasks', 'run', 'daily_student_pipeline', 'extract_data', 'scheduled__2026-03-25T02:00:00+00:00', '--job-id', '74', '--raw', '--subdir', 'DAGS_FOLDER/daily_student_pipeline.py', '--cfg-path', '/tmp/tmph0mxo5fg']
[2026-03-26T09:57:35.692+0000] {standard_task_runner.py:88} INFO - Job 74: Subtask extract_data
[2026-03-26T09:57:35.866+0000] {task_command.py:423} INFO - Running <TaskInstance: daily_student_pipeline.extract_data scheduled__2026-03-25T02:00:00+00:00 [running]> on host c8361f7ce3e1
[2026-03-26T09:57:35.948+0000] {taskinstance.py:2480} INFO - Exporting env vars: AIRFLOW_CTX_DAG_OWNER='nhom8' AIRFLOW_CTX_DAG_ID='daily_student_pipeline' AIRFLOW_CTX_TASK_ID='extract_data' AIRFLOW_CTX_EXECUTION_DATE='2026-03-25T02:00:00+00:00' AIRFLOW_CTX_TRY_NUMBER='1' AIRFLOW_CTX_DAG_RUN_ID='scheduled__2026-03-25T02:00:00+00:00'
[2026-03-26T09:57:36.991+0000] {taskinstance.py:2698} ERROR - Task failed with exception
Traceback (most recent call last):
  File "/home/airflow/.local/lib/python3.11/site-packages/airflow/models/taskinstance.py", line 433, in _execute_task
    result = execute_callable(context=context, **execute_callable_kwargs)
             ^^^^^^^^^^^^^^^^^^^^^^^^^^^^^^^^^^^^^^^^^^^^^^^^^^^^^^^^^^^^
  File "/home/airflow/.local/lib/python3.11/site-packages/airflow/operators/python.py", line 199, in execute
    return_value = self.execute_callable()
                   ^^^^^^^^^^^^^^^^^^^^^^^
  File "/home/airflow/.local/lib/python3.11/site-packages/airflow/operators/python.py", line 216, in execute_callable
    return self.python_callable(*self.op_args, **self.op_kwargs)
           ^^^^^^^^^^^^^^^^^^^^^^^^^^^^^^^^^^^^^^^^^^^^^^^^^^^^^
  File "/opt/airflow/dags/daily_student_pipeline.py", line 25, in task_extract
    from src.etl.extract import DataExtractor
  File "/opt/airflow/src/etl/extract.py", line 29, in <module>
    from src.utils.minio_client import MinIOClient
  File "/opt/airflow/src/utils/minio_client.py", line 29
    Wrapper đơn giản để làm việc với MinIO.
IndentationError: unexpected indent
[2026-03-26T09:57:37.013+0000] {taskinstance.py:1138} INFO - Marking task as FAILED. dag_id=daily_student_pipeline, task_id=extract_data, execution_date=20260325T020000, start_date=20260326T095735, end_date=20260326T095737
[2026-03-26T09:57:37.030+0000] {standard_task_runner.py:107} ERROR - Failed to execute job 74 for task extract_data (unexpected indent (minio_client.py, line 29); 189)
[2026-03-26T09:57:37.066+0000] {local_task_job_runner.py:234} INFO - Task exited with return code 1
[2026-03-26T09:57:37.090+0000] {taskinstance.py:3280} INFO - 0 downstream tasks scheduled from follow-on schedule check
[2026-03-26T10:08:55.710+0000] {taskinstance.py:1956} INFO - Dependencies all met for dep_context=non-requeueable deps ti=<TaskInstance: daily_student_pipeline.extract_data scheduled__2026-03-25T02:00:00+00:00 [queued]>
[2026-03-26T10:08:55.718+0000] {taskinstance.py:1956} INFO - Dependencies all met for dep_context=requeueable deps ti=<TaskInstance: daily_student_pipeline.extract_data scheduled__2026-03-25T02:00:00+00:00 [queued]>
[2026-03-26T10:08:55.719+0000] {taskinstance.py:2170} INFO - Starting attempt 1 of 1
[2026-03-26T10:08:55.732+0000] {taskinstance.py:2191} INFO - Executing <Task(PythonOperator): extract_data> on 2026-03-25 02:00:00+00:00
[2026-03-26T10:08:55.738+0000] {standard_task_runner.py:60} INFO - Started process 250 to run task
[2026-03-26T10:08:55.742+0000] {standard_task_runner.py:87} INFO - Running: ['***', 'tasks', 'run', 'daily_student_pipeline', 'extract_data', 'scheduled__2026-03-25T02:00:00+00:00', '--job-id', '77', '--raw', '--subdir', 'DAGS_FOLDER/daily_student_pipeline.py', '--cfg-path', '/tmp/tmp6ih22h0l']
[2026-03-26T10:08:55.745+0000] {standard_task_runner.py:88} INFO - Job 77: Subtask extract_data
[2026-03-26T10:08:55.901+0000] {task_command.py:423} INFO - Running <TaskInstance: daily_student_pipeline.extract_data scheduled__2026-03-25T02:00:00+00:00 [running]> on host 7bc7a31d446a
[2026-03-26T10:08:55.998+0000] {taskinstance.py:2480} INFO - Exporting env vars: AIRFLOW_CTX_DAG_OWNER='nhom8' AIRFLOW_CTX_DAG_ID='daily_student_pipeline' AIRFLOW_CTX_TASK_ID='extract_data' AIRFLOW_CTX_EXECUTION_DATE='2026-03-25T02:00:00+00:00' AIRFLOW_CTX_TRY_NUMBER='1' AIRFLOW_CTX_DAG_RUN_ID='scheduled__2026-03-25T02:00:00+00:00'
[2026-03-26T10:08:57.030+0000] {taskinstance.py:2698} ERROR - Task failed with exception
Traceback (most recent call last):
  File "/home/airflow/.local/lib/python3.11/site-packages/airflow/models/taskinstance.py", line 433, in _execute_task
    result = execute_callable(context=context, **execute_callable_kwargs)
             ^^^^^^^^^^^^^^^^^^^^^^^^^^^^^^^^^^^^^^^^^^^^^^^^^^^^^^^^^^^^
  File "/home/airflow/.local/lib/python3.11/site-packages/airflow/operators/python.py", line 199, in execute
    return_value = self.execute_callable()
                   ^^^^^^^^^^^^^^^^^^^^^^^
  File "/home/airflow/.local/lib/python3.11/site-packages/airflow/operators/python.py", line 216, in execute_callable
    return self.python_callable(*self.op_args, **self.op_kwargs)
           ^^^^^^^^^^^^^^^^^^^^^^^^^^^^^^^^^^^^^^^^^^^^^^^^^^^^^
  File "/opt/airflow/dags/daily_student_pipeline.py", line 25, in task_extract
    from src.etl.extract import DataExtractor
  File "/opt/airflow/src/etl/extract.py", line 29, in <module>
    from src.utils.minio_client import MinIOClient
  File "/opt/airflow/src/utils/minio_client.py", line 2
    minio_client.py — Utility upload/download staging data qua MinIO
                    ^
SyntaxError: invalid character '—' (U+2014)
[2026-03-26T10:08:57.052+0000] {taskinstance.py:1138} INFO - Marking task as FAILED. dag_id=daily_student_pipeline, task_id=extract_data, execution_date=20260325T020000, start_date=20260326T100855, end_date=20260326T100857
[2026-03-26T10:08:57.067+0000] {standard_task_runner.py:107} ERROR - Failed to execute job 77 for task extract_data (invalid character '—' (U+2014) (minio_client.py, line 2); 250)
[2026-03-26T10:08:57.079+0000] {local_task_job_runner.py:234} INFO - Task exited with return code 1
[2026-03-26T10:08:57.103+0000] {taskinstance.py:3280} INFO - 0 downstream tasks scheduled from follow-on schedule check
[2026-03-26T14:09:00.646+0000] {taskinstance.py:1956} INFO - Dependencies all met for dep_context=non-requeueable deps ti=<TaskInstance: daily_student_pipeline.extract_data scheduled__2026-03-25T02:00:00+00:00 [queued]>
[2026-03-26T14:09:00.664+0000] {taskinstance.py:1956} INFO - Dependencies all met for dep_context=requeueable deps ti=<TaskInstance: daily_student_pipeline.extract_data scheduled__2026-03-25T02:00:00+00:00 [queued]>
[2026-03-26T14:09:00.665+0000] {taskinstance.py:2170} INFO - Starting attempt 1 of 1
[2026-03-26T14:09:00.680+0000] {taskinstance.py:2191} INFO - Executing <Task(PythonOperator): extract_data> on 2026-03-25 02:00:00+00:00
[2026-03-26T14:09:00.686+0000] {standard_task_runner.py:60} INFO - Started process 1403 to run task
[2026-03-26T14:09:00.692+0000] {standard_task_runner.py:87} INFO - Running: ['***', 'tasks', 'run', 'daily_student_pipeline', 'extract_data', 'scheduled__2026-03-25T02:00:00+00:00', '--job-id', '4', '--raw', '--subdir', 'DAGS_FOLDER/daily_student_pipeline.py', '--cfg-path', '/tmp/tmpt41gum85']
[2026-03-26T14:09:00.696+0000] {standard_task_runner.py:88} INFO - Job 4: Subtask extract_data
[2026-03-26T14:09:00.810+0000] {task_command.py:423} INFO - Running <TaskInstance: daily_student_pipeline.extract_data scheduled__2026-03-25T02:00:00+00:00 [running]> on host 8474c56aea3d
[2026-03-26T14:09:01.149+0000] {taskinstance.py:2480} INFO - Exporting env vars: AIRFLOW_CTX_DAG_OWNER='nhom8' AIRFLOW_CTX_DAG_ID='daily_student_pipeline' AIRFLOW_CTX_TASK_ID='extract_data' AIRFLOW_CTX_EXECUTION_DATE='2026-03-25T02:00:00+00:00' AIRFLOW_CTX_TRY_NUMBER='1' AIRFLOW_CTX_DAG_RUN_ID='scheduled__2026-03-25T02:00:00+00:00'
[2026-03-26T14:09:07.814+0000] {logging_mixin.py:188} WARNING - [2026-03-26 14:09:07] INFO    etl.extract : 🚀 BẮT ĐẦU FULL EXTRACT
[2026-03-26T14:09:07.814+0000] {extract.py:356} INFO - 🚀 BẮT ĐẦU FULL EXTRACT
[2026-03-26T14:09:07.816+0000] {logging_mixin.py:188} WARNING - [2026-03-26 14:09:07] INFO    etl.extract : ======================================================================
[2026-03-26T14:09:07.815+0000] {extract.py:357} INFO - ======================================================================
[2026-03-26T14:09:07.864+0000] {logging_mixin.py:188} WARNING - [2026-03-26 14:09:07] INFO    etl.extract : ════════════════════════════════════════════════════════════
[2026-03-26T14:09:07.864+0000] {extract.py:120} INFO - ════════════════════════════════════════════════════════════
[2026-03-26T14:09:07.866+0000] {logging_mixin.py:188} WARNING - [2026-03-26 14:09:07] INFO    etl.extract : NGUỒN 1 — PostgreSQL (Phòng Đào tạo) | Full Extract
[2026-03-26T14:09:07.866+0000] {extract.py:121} INFO - NGUỒN 1 — PostgreSQL (Phòng Đào tạo) | Full Extract
[2026-03-26T14:09:07.868+0000] {logging_mixin.py:188} WARNING - [2026-03-26 14:09:07] INFO    etl.extract : ════════════════════════════════════════════════════════════
[2026-03-26T14:09:07.868+0000] {extract.py:122} INFO - ════════════════════════════════════════════════════════════
[2026-03-26T14:09:08.146+0000] {logging_mixin.py:188} WARNING - [2026-03-26 14:09:08] INFO    etl.extract :   PostgreSQL | khoa                      →      4 records
[2026-03-26T14:09:08.145+0000] {extract.py:98} INFO -   PostgreSQL | khoa                      →      4 records
[2026-03-26T14:09:08.225+0000] {logging_mixin.py:188} WARNING - [2026-03-26 14:09:08] INFO    etl.extract :   PostgreSQL | nganh                     →      3 records
[2026-03-26T14:09:08.225+0000] {extract.py:98} INFO -   PostgreSQL | nganh                     →      3 records
[2026-03-26T14:09:08.365+0000] {logging_mixin.py:188} WARNING - [2026-03-26 14:09:08] INFO    etl.extract :   PostgreSQL | giang_vien                →     45 records
[2026-03-26T14:09:08.365+0000] {extract.py:98} INFO -   PostgreSQL | giang_vien                →     45 records
[2026-03-26T14:09:08.520+0000] {logging_mixin.py:188} WARNING - [2026-03-26 14:09:08] INFO    etl.extract :   PostgreSQL | lop_hanh_chinh            →     48 records
[2026-03-26T14:09:08.520+0000] {extract.py:98} INFO -   PostgreSQL | lop_hanh_chinh            →     48 records
[2026-03-26T14:09:08.739+0000] {logging_mixin.py:188} WARNING - [2026-03-26 14:09:08] INFO    etl.extract :   PostgreSQL | sinh_vien                 →  1,695 records
[2026-03-26T14:09:08.739+0000] {extract.py:98} INFO -   PostgreSQL | sinh_vien                 →  1,695 records
[2026-03-26T14:09:08.847+0000] {logging_mixin.py:188} WARNING - [2026-03-26 14:09:08] INFO    etl.extract :   PostgreSQL | hoc_phan                  →    121 records
[2026-03-26T14:09:08.847+0000] {extract.py:98} INFO -   PostgreSQL | hoc_phan                  →    121 records
[2026-03-26T14:09:08.873+0000] {logging_mixin.py:188} WARNING - [2026-03-26 14:09:08] INFO    etl.extract :   PostgreSQL | hoc_ky_nam_hoc            →      9 records
[2026-03-26T14:09:08.873+0000] {extract.py:98} INFO -   PostgreSQL | hoc_ky_nam_hoc            →      9 records
[2026-03-26T14:09:09.977+0000] {logging_mixin.py:188} WARNING - [2026-03-26 14:09:09] INFO    etl.extract :   PostgreSQL | dang_ky_hoc_phan          → 46,575 records
[2026-03-26T14:09:09.976+0000] {extract.py:98} INFO -   PostgreSQL | dang_ky_hoc_phan          → 46,575 records
[2026-03-26T14:09:12.558+0000] {logging_mixin.py:188} WARNING - [2026-03-26 14:09:12] INFO    etl.extract :   PostgreSQL | diem_hoc_phan             → 46,575 records
[2026-03-26T14:09:12.558+0000] {extract.py:98} INFO -   PostgreSQL | diem_hoc_phan             → 46,575 records
[2026-03-26T14:09:12.638+0000] {logging_mixin.py:188} WARNING - [2026-03-26 14:09:12] INFO    etl.extract :   PostgreSQL | tong_hop_ket_qua          →  1,695 records
[2026-03-26T14:09:12.638+0000] {extract.py:98} INFO -   PostgreSQL | tong_hop_ket_qua          →  1,695 records
[2026-03-26T14:09:12.640+0000] {logging_mixin.py:188} WARNING - [2026-03-26 14:09:12] INFO    etl.extract :   PostgreSQL | TỔNG: 96,770 records từ 10 bảng
[2026-03-26T14:09:12.640+0000] {extract.py:129} INFO -   PostgreSQL | TỔNG: 96,770 records từ 10 bảng
[2026-03-26T14:09:12.643+0000] {logging_mixin.py:188} WARNING - [2026-03-26 14:09:12] INFO    etl.extract : ════════════════════════════════════════════════════════════
[2026-03-26T14:09:12.643+0000] {extract.py:215} INFO - ════════════════════════════════════════════════════════════
[2026-03-26T14:09:12.645+0000] {logging_mixin.py:188} WARNING - [2026-03-26 14:09:12] INFO    etl.extract : NGUỒN 2 — CSV (Phòng CTSV) | Extract
[2026-03-26T14:09:12.645+0000] {extract.py:216} INFO - NGUỒN 2 — CSV (Phòng CTSV) | Extract
[2026-03-26T14:09:12.647+0000] {logging_mixin.py:188} WARNING - [2026-03-26 14:09:12] INFO    etl.extract : ════════════════════════════════════════════════════════════
[2026-03-26T14:09:12.647+0000] {extract.py:217} INFO - ════════════════════════════════════════════════════════════
[2026-03-26T14:09:12.652+0000] {logging_mixin.py:188} WARNING - [2026-03-26 14:09:12] INFO    etl.extract :   CSV | Tìm thấy 9 file(s)
[2026-03-26T14:09:12.651+0000] {extract.py:227} INFO -   CSV | Tìm thấy 9 file(s)
[2026-03-26T14:09:12.662+0000] {logging_mixin.py:188} WARNING - [2026-03-26 14:09:12] INFO    etl.extract :   CSV | ctsv_HK1_2021_22.csv                →    390 records
[2026-03-26T14:09:12.662+0000] {extract.py:190} INFO -   CSV | ctsv_HK1_2021_22.csv                →    390 records
[2026-03-26T14:09:12.669+0000] {logging_mixin.py:188} WARNING - [2026-03-26 14:09:12] INFO    etl.extract :   CSV | ctsv_HK1_2022_23.csv                →    810 records
[2026-03-26T14:09:12.669+0000] {extract.py:190} INFO -   CSV | ctsv_HK1_2022_23.csv                →    810 records
[2026-03-26T14:09:12.675+0000] {logging_mixin.py:188} WARNING - [2026-03-26 14:09:12] INFO    etl.extract :   CSV | ctsv_HK1_2023_24.csv                →  1,245 records
[2026-03-26T14:09:12.675+0000] {extract.py:190} INFO -   CSV | ctsv_HK1_2023_24.csv                →  1,245 records
[2026-03-26T14:09:12.682+0000] {logging_mixin.py:188} WARNING - [2026-03-26 14:09:12] INFO    etl.extract :   CSV | ctsv_HK1_2024_25.csv                →  1,580 records
[2026-03-26T14:09:12.682+0000] {extract.py:190} INFO -   CSV | ctsv_HK1_2024_25.csv                →  1,580 records
[2026-03-26T14:09:12.689+0000] {logging_mixin.py:188} WARNING - [2026-03-26 14:09:12] INFO    etl.extract :   CSV | ctsv_HK1_2025_26.csv                →    125 records
[2026-03-26T14:09:12.689+0000] {extract.py:190} INFO -   CSV | ctsv_HK1_2025_26.csv                →    125 records
[2026-03-26T14:09:12.694+0000] {logging_mixin.py:188} WARNING - [2026-03-26 14:09:12] INFO    etl.extract :   CSV | ctsv_HK2_2021_22.csv                →    390 records
[2026-03-26T14:09:12.694+0000] {extract.py:190} INFO -   CSV | ctsv_HK2_2021_22.csv                →    390 records
[2026-03-26T14:09:12.701+0000] {logging_mixin.py:188} WARNING - [2026-03-26 14:09:12] INFO    etl.extract :   CSV | ctsv_HK2_2022_23.csv                →    810 records
[2026-03-26T14:09:12.701+0000] {extract.py:190} INFO -   CSV | ctsv_HK2_2022_23.csv                →    810 records
[2026-03-26T14:09:12.708+0000] {logging_mixin.py:188} WARNING - [2026-03-26 14:09:12] INFO    etl.extract :   CSV | ctsv_HK2_2023_24.csv                →  1,245 records
[2026-03-26T14:09:12.708+0000] {extract.py:190} INFO -   CSV | ctsv_HK2_2023_24.csv                →  1,245 records
[2026-03-26T14:09:12.714+0000] {logging_mixin.py:188} WARNING - [2026-03-26 14:09:12] INFO    etl.extract :   CSV | ctsv_HK2_2024_25.csv                →  1,361 records
[2026-03-26T14:09:12.714+0000] {extract.py:190} INFO -   CSV | ctsv_HK2_2024_25.csv                →  1,361 records
[2026-03-26T14:09:12.721+0000] {logging_mixin.py:188} WARNING - [2026-03-26 14:09:12] INFO    etl.extract :   CSV | TỔNG: 7,956 records từ 9 file(s)
[2026-03-26T14:09:12.721+0000] {extract.py:247} INFO -   CSV | TỔNG: 7,956 records từ 9 file(s)
[2026-03-26T14:09:12.782+0000] {logging_mixin.py:188} WARNING - [2026-03-26 14:09:12] INFO    etl.extract :   API | (JSON) taichinh_HK1_2021_22.json →    390 records
[2026-03-26T14:09:12.781+0000] {extract.py:312} INFO -   API | (JSON) taichinh_HK1_2021_22.json →    390 records
[2026-03-26T14:09:12.800+0000] {logging_mixin.py:188} WARNING - [2026-03-26 14:09:12] INFO    etl.extract :   API | (JSON) taichinh_HK1_2022_23.json →    810 records
[2026-03-26T14:09:12.800+0000] {extract.py:312} INFO -   API | (JSON) taichinh_HK1_2022_23.json →    810 records
[2026-03-26T14:09:12.822+0000] {logging_mixin.py:188} WARNING - [2026-03-26 14:09:12] INFO    etl.extract :   API | (JSON) taichinh_HK1_2023_24.json →  1,245 records
[2026-03-26T14:09:12.822+0000] {extract.py:312} INFO -   API | (JSON) taichinh_HK1_2023_24.json →  1,245 records
[2026-03-26T14:09:12.840+0000] {logging_mixin.py:188} WARNING - [2026-03-26 14:09:12] INFO    etl.extract :   API | (JSON) taichinh_HK1_2024_25.json →  1,580 records
[2026-03-26T14:09:12.840+0000] {extract.py:312} INFO -   API | (JSON) taichinh_HK1_2024_25.json →  1,580 records
[2026-03-26T14:09:12.852+0000] {logging_mixin.py:188} WARNING - [2026-03-26 14:09:12] INFO    etl.extract :   API | (JSON) taichinh_HK1_2025_26.json →    125 records
[2026-03-26T14:09:12.852+0000] {extract.py:312} INFO -   API | (JSON) taichinh_HK1_2025_26.json →    125 records
[2026-03-26T14:09:12.864+0000] {logging_mixin.py:188} WARNING - [2026-03-26 14:09:12] INFO    etl.extract :   API | (JSON) taichinh_HK2_2021_22.json →    390 records
[2026-03-26T14:09:12.864+0000] {extract.py:312} INFO -   API | (JSON) taichinh_HK2_2021_22.json →    390 records
[2026-03-26T14:09:12.878+0000] {logging_mixin.py:188} WARNING - [2026-03-26 14:09:12] INFO    etl.extract :   API | (JSON) taichinh_HK2_2022_23.json →    810 records
[2026-03-26T14:09:12.878+0000] {extract.py:312} INFO -   API | (JSON) taichinh_HK2_2022_23.json →    810 records
[2026-03-26T14:09:12.896+0000] {logging_mixin.py:188} WARNING - [2026-03-26 14:09:12] INFO    etl.extract :   API | (JSON) taichinh_HK2_2023_24.json →  1,245 records
[2026-03-26T14:09:12.896+0000] {extract.py:312} INFO -   API | (JSON) taichinh_HK2_2023_24.json →  1,245 records
[2026-03-26T14:09:12.915+0000] {logging_mixin.py:188} WARNING - [2026-03-26 14:09:12] INFO    etl.extract :   API | (JSON) taichinh_HK2_2024_25.json →  1,361 records
[2026-03-26T14:09:12.915+0000] {extract.py:312} INFO -   API | (JSON) taichinh_HK2_2024_25.json →  1,361 records
[2026-03-26T14:09:12.917+0000] {logging_mixin.py:188} WARNING - [2026-03-26 14:09:12] INFO    etl.extract :   API | TỔNG: 7,956 records từ 9 HK
[2026-03-26T14:09:12.917+0000] {extract.py:338} INFO -   API | TỔNG: 7,956 records từ 9 HK
[2026-03-26T14:09:13.626+0000] {logging_mixin.py:188} WARNING - [2026-03-26 14:09:13] INFO    utils.minio :   MinIO ↑ [raw-data] 2026-03-26_14-09/nguon1_sinh_vien.parquet (47.4 KB | 1,695 rows)
[2026-03-26T14:09:13.625+0000] {minio_client.py:142} INFO -   MinIO ↑ [raw-data] 2026-03-26_14-09/nguon1_sinh_vien.parquet (47.4 KB | 1,695 rows)
[2026-03-26T14:09:13.679+0000] {logging_mixin.py:188} WARNING - [2026-03-26 14:09:13] INFO    utils.minio :   MinIO ↑ [raw-data] 2026-03-26_14-09/nguon1_dang_ky.parquet (373.5 KB | 46,575 rows)
[2026-03-26T14:09:13.679+0000] {minio_client.py:142} INFO -   MinIO ↑ [raw-data] 2026-03-26_14-09/nguon1_dang_ky.parquet (373.5 KB | 46,575 rows)
[2026-03-26T14:09:13.725+0000] {logging_mixin.py:188} WARNING - [2026-03-26 14:09:13] INFO    utils.minio :   MinIO ↑ [raw-data] 2026-03-26_14-09/nguon1_diem.parquet (952.9 KB | 46,575 rows)
[2026-03-26T14:09:13.725+0000] {minio_client.py:142} INFO -   MinIO ↑ [raw-data] 2026-03-26_14-09/nguon1_diem.parquet (952.9 KB | 46,575 rows)
[2026-03-26T14:09:13.742+0000] {logging_mixin.py:188} WARNING - [2026-03-26 14:09:13] INFO    utils.minio :   MinIO ↑ [raw-data] 2026-03-26_14-09/nguon1_hoc_phan.parquet (10.3 KB | 121 rows)
[2026-03-26T14:09:13.742+0000] {minio_client.py:142} INFO -   MinIO ↑ [raw-data] 2026-03-26_14-09/nguon1_hoc_phan.parquet (10.3 KB | 121 rows)
[2026-03-26T14:09:13.759+0000] {logging_mixin.py:188} WARNING - [2026-03-26 14:09:13] INFO    utils.minio :   MinIO ↑ [raw-data] 2026-03-26_14-09/nguon1_hoc_ky.parquet (4.1 KB | 9 rows)
[2026-03-26T14:09:13.759+0000] {minio_client.py:142} INFO -   MinIO ↑ [raw-data] 2026-03-26_14-09/nguon1_hoc_ky.parquet (4.1 KB | 9 rows)
[2026-03-26T14:09:13.775+0000] {logging_mixin.py:188} WARNING - [2026-03-26 14:09:13] INFO    utils.minio :   MinIO ↑ [raw-data] 2026-03-26_14-09/nguon1_giang_vien.parquet (8.3 KB | 45 rows)
[2026-03-26T14:09:13.775+0000] {minio_client.py:142} INFO -   MinIO ↑ [raw-data] 2026-03-26_14-09/nguon1_giang_vien.parquet (8.3 KB | 45 rows)
[2026-03-26T14:09:13.791+0000] {logging_mixin.py:188} WARNING - [2026-03-26 14:09:13] INFO    utils.minio :   MinIO ↑ [raw-data] 2026-03-26_14-09/nguon1_khoa.parquet (2.6 KB | 4 rows)
[2026-03-26T14:09:13.791+0000] {minio_client.py:142} INFO -   MinIO ↑ [raw-data] 2026-03-26_14-09/nguon1_khoa.parquet (2.6 KB | 4 rows)
[2026-03-26T14:09:13.808+0000] {logging_mixin.py:188} WARNING - [2026-03-26 14:09:13] INFO    utils.minio :   MinIO ↑ [raw-data] 2026-03-26_14-09/nguon1_nganh.parquet (3.2 KB | 3 rows)
[2026-03-26T14:09:13.808+0000] {minio_client.py:142} INFO -   MinIO ↑ [raw-data] 2026-03-26_14-09/nguon1_nganh.parquet (3.2 KB | 3 rows)
[2026-03-26T14:09:13.822+0000] {logging_mixin.py:188} WARNING - [2026-03-26 14:09:13] INFO    utils.minio :   MinIO ↑ [raw-data] 2026-03-26_14-09/nguon1_lop_hanh_chinh.parquet (4.8 KB | 48 rows)
[2026-03-26T14:09:13.821+0000] {minio_client.py:142} INFO -   MinIO ↑ [raw-data] 2026-03-26_14-09/nguon1_lop_hanh_chinh.parquet (4.8 KB | 48 rows)
[2026-03-26T14:09:13.841+0000] {logging_mixin.py:188} WARNING - [2026-03-26 14:09:13] INFO    utils.minio :   MinIO ↑ [raw-data] 2026-03-26_14-09/nguon1_tong_hop_ket_qua.parquet (22.4 KB | 1,695 rows)
[2026-03-26T14:09:13.841+0000] {minio_client.py:142} INFO -   MinIO ↑ [raw-data] 2026-03-26_14-09/nguon1_tong_hop_ket_qua.parquet (22.4 KB | 1,695 rows)
[2026-03-26T14:09:13.862+0000] {logging_mixin.py:188} WARNING - [2026-03-26 14:09:13] INFO    utils.minio :   MinIO ↑ [raw-data] 2026-03-26_14-09/nguon2_ctsv.parquet (38.3 KB | 7,956 rows)
[2026-03-26T14:09:13.862+0000] {minio_client.py:142} INFO -   MinIO ↑ [raw-data] 2026-03-26_14-09/nguon2_ctsv.parquet (38.3 KB | 7,956 rows)
[2026-03-26T14:09:13.882+0000] {logging_mixin.py:188} WARNING - [2026-03-26 14:09:13] INFO    utils.minio :   MinIO ↑ [raw-data] 2026-03-26_14-09/nguon3_tai_chinh.parquet (65.7 KB | 7,956 rows)
[2026-03-26T14:09:13.882+0000] {minio_client.py:142} INFO -   MinIO ↑ [raw-data] 2026-03-26_14-09/nguon3_tai_chinh.parquet (65.7 KB | 7,956 rows)
[2026-03-26T14:09:13.884+0000] {logging_mixin.py:188} WARNING - [2026-03-26 14:09:13] INFO    utils.minio :   MinIO upload xong: 12/12 files | run_id=2026-03-26_14-09
[2026-03-26T14:09:13.883+0000] {minio_client.py:188} INFO -   MinIO upload xong: 12/12 files | run_id=2026-03-26_14-09
[2026-03-26T14:09:13.884+0000] {logging_mixin.py:188} WARNING - [2026-03-26 14:09:13] INFO    etl.extract :   MinIO staging: 12/12 files OK → run_id=2026-03-26_14-09
[2026-03-26T14:09:13.884+0000] {extract.py:443} INFO -   MinIO staging: 12/12 files OK → run_id=2026-03-26_14-09
[2026-03-26T14:09:13.885+0000] {logging_mixin.py:188} WARNING - [2026-03-26 14:09:13] INFO    etl.extract : ======================================================================
[2026-03-26T14:09:13.885+0000] {extract.py:383} INFO - ======================================================================
[2026-03-26T14:09:13.886+0000] {logging_mixin.py:188} WARNING - [2026-03-26 14:09:13] INFO    etl.extract : ✅ FULL EXTRACT HOÀN TẤT
[2026-03-26T14:09:13.886+0000] {extract.py:384} INFO - ✅ FULL EXTRACT HOÀN TẤT
[2026-03-26T14:09:13.887+0000] {logging_mixin.py:188} WARNING - [2026-03-26 14:09:13] INFO    etl.extract :    khoa                     :        4
[2026-03-26T14:09:13.887+0000] {extract.py:386} INFO -    khoa                     :        4
[2026-03-26T14:09:13.888+0000] {logging_mixin.py:188} WARNING - [2026-03-26 14:09:13] INFO    etl.extract :    nganh                    :        3
[2026-03-26T14:09:13.888+0000] {extract.py:386} INFO -    nganh                    :        3
[2026-03-26T14:09:13.889+0000] {logging_mixin.py:188} WARNING - [2026-03-26 14:09:13] INFO    etl.extract :    giang_vien               :       45
[2026-03-26T14:09:13.889+0000] {extract.py:386} INFO -    giang_vien               :       45
[2026-03-26T14:09:13.891+0000] {logging_mixin.py:188} WARNING - [2026-03-26 14:09:13] INFO    etl.extract :    lop_hanh_chinh           :       48
[2026-03-26T14:09:13.891+0000] {extract.py:386} INFO -    lop_hanh_chinh           :       48
[2026-03-26T14:09:13.892+0000] {logging_mixin.py:188} WARNING - [2026-03-26 14:09:13] INFO    etl.extract :    sinh_vien                :    1,695
[2026-03-26T14:09:13.892+0000] {extract.py:386} INFO -    sinh_vien                :    1,695
[2026-03-26T14:09:13.893+0000] {logging_mixin.py:188} WARNING - [2026-03-26 14:09:13] INFO    etl.extract :    hoc_phan                 :      121
[2026-03-26T14:09:13.893+0000] {extract.py:386} INFO -    hoc_phan                 :      121
[2026-03-26T14:09:13.895+0000] {logging_mixin.py:188} WARNING - [2026-03-26 14:09:13] INFO    etl.extract :    hoc_ky_nam_hoc           :        9
[2026-03-26T14:09:13.895+0000] {extract.py:386} INFO -    hoc_ky_nam_hoc           :        9
[2026-03-26T14:09:13.896+0000] {logging_mixin.py:188} WARNING - [2026-03-26 14:09:13] INFO    etl.extract :    dang_ky_hoc_phan         :   46,575
[2026-03-26T14:09:13.896+0000] {extract.py:386} INFO -    dang_ky_hoc_phan         :   46,575
[2026-03-26T14:09:13.897+0000] {logging_mixin.py:188} WARNING - [2026-03-26 14:09:13] INFO    etl.extract :    diem_hoc_phan            :   46,575
[2026-03-26T14:09:13.897+0000] {extract.py:386} INFO -    diem_hoc_phan            :   46,575
[2026-03-26T14:09:13.898+0000] {logging_mixin.py:188} WARNING - [2026-03-26 14:09:13] INFO    etl.extract :    tong_hop_ket_qua         :    1,695
[2026-03-26T14:09:13.898+0000] {extract.py:386} INFO -    tong_hop_ket_qua         :    1,695
[2026-03-26T14:09:13.899+0000] {logging_mixin.py:188} WARNING - [2026-03-26 14:09:13] INFO    etl.extract :    ctsv_data                :    7,956
[2026-03-26T14:09:13.899+0000] {extract.py:386} INFO -    ctsv_data                :    7,956
[2026-03-26T14:09:13.901+0000] {logging_mixin.py:188} WARNING - [2026-03-26 14:09:13] INFO    etl.extract :    tai_chinh_data           :    7,956
[2026-03-26T14:09:13.900+0000] {extract.py:386} INFO -    tai_chinh_data           :    7,956
[2026-03-26T14:09:13.901+0000] {logging_mixin.py:188} WARNING - [2026-03-26 14:09:13] INFO    etl.extract : ======================================================================
[2026-03-26T14:09:13.901+0000] {extract.py:387} INFO - ======================================================================
[2026-03-26T14:09:13.936+0000] {logging_mixin.py:188} INFO - Extract xong: {'khoa': 4, 'nganh': 3, 'giang_vien': 45, 'lop_hanh_chinh': 48, 'sinh_vien': 1695, 'hoc_phan': 121, 'hoc_ky_nam_hoc': 9, 'dang_ky_hoc_phan': 46575, 'diem_hoc_phan': 46575, 'tong_hop_ket_qua': 1695, 'ctsv_data': 7956, 'tai_chinh_data': 7956}
[2026-03-26T14:09:13.946+0000] {python.py:201} INFO - Done. Returned value was: {'khoa': 4, 'nganh': 3, 'giang_vien': 45, 'lop_hanh_chinh': 48, 'sinh_vien': 1695, 'hoc_phan': 121, 'hoc_ky_nam_hoc': 9, 'dang_ky_hoc_phan': 46575, 'diem_hoc_phan': 46575, 'tong_hop_ket_qua': 1695, 'ctsv_data': 7956, 'tai_chinh_data': 7956}
[2026-03-26T14:09:13.979+0000] {taskinstance.py:1138} INFO - Marking task as SUCCESS. dag_id=daily_student_pipeline, task_id=extract_data, execution_date=20260325T020000, start_date=20260326T140900, end_date=20260326T140913
[2026-03-26T14:09:14.039+0000] {local_task_job_runner.py:234} INFO - Task exited with return code 0
[2026-03-26T14:09:14.076+0000] {taskinstance.py:3280} INFO - 0 downstream tasks scheduled from follow-on schedule check
