[2026-04-05T04:46:18.700+0000] {taskinstance.py:1956} INFO - Dependencies all met for dep_context=non-requeueable deps ti=<TaskInstance: daily_student_pipeline.transform_data manual__2026-04-05T04:46:15.083879+00:00 [queued]>
[2026-04-05T04:46:18.729+0000] {taskinstance.py:1956} INFO - Dependencies all met for dep_context=requeueable deps ti=<TaskInstance: daily_student_pipeline.transform_data manual__2026-04-05T04:46:15.083879+00:00 [queued]>
[2026-04-05T04:46:18.732+0000] {taskinstance.py:2170} INFO - Starting attempt 1 of 1
[2026-04-05T04:46:18.933+0000] {taskinstance.py:2191} INFO - Executing <Task(PythonOperator): transform_data> on 2026-04-05 04:46:15.083879+00:00
[2026-04-05T04:46:18.969+0000] {standard_task_runner.py:60} INFO - Started process 3916 to run task
[2026-04-05T04:46:19.100+0000] {standard_task_runner.py:87} INFO - Running: ['***', 'tasks', 'run', 'daily_student_pipeline', 'transform_data', 'manual__2026-04-05T04:46:15.083879+00:00', '--job-id', '189', '--raw', '--subdir', 'DAGS_FOLDER/daily_student_pipeline.py', '--cfg-path', '/tmp/tmp7yqffa79']
[2026-04-05T04:46:19.222+0000] {standard_task_runner.py:88} INFO - Job 189: Subtask transform_data
[2026-04-05T04:46:19.916+0000] {task_command.py:423} INFO - Running <TaskInstance: daily_student_pipeline.transform_data manual__2026-04-05T04:46:15.083879+00:00 [running]> on host 1c62953c8918
[2026-04-05T04:46:20.156+0000] {taskinstance.py:2480} INFO - Exporting env vars: AIRFLOW_CTX_DAG_OWNER='nhom8' AIRFLOW_CTX_DAG_ID='daily_student_pipeline' AIRFLOW_CTX_TASK_ID='transform_data' AIRFLOW_CTX_EXECUTION_DATE='2026-04-05T04:46:15.083879+00:00' AIRFLOW_CTX_TRY_NUMBER='1' AIRFLOW_CTX_DAG_RUN_ID='manual__2026-04-05T04:46:15.083879+00:00'
[2026-04-05T04:46:25.238+0000] {logging_mixin.py:188} WARNING - [2026-04-05 04:46:25] INFO    utils.minio :   MinIO run mới nhất: 2026-04-05_03-27
[2026-04-05T04:46:25.238+0000] {minio_client.py:283} INFO -   MinIO run mới nhất: 2026-04-05_03-27
[2026-04-05T04:46:25.240+0000] {logging_mixin.py:188} WARNING - [2026-04-05 04:46:25] INFO    etl.extract :   Load from MinIO staging: run_id=2026-04-05_03-27
[2026-04-05T04:46:25.239+0000] {extract.py:352} INFO -   Load from MinIO staging: run_id=2026-04-05_03-27
[2026-04-05T04:46:25.612+0000] {logging_mixin.py:188} WARNING - [2026-04-05 04:46:25] INFO    utils.minio :   MinIO ↓ [raw-data] 2026-04-05_03-27/nguon1_khoa.parquet (4 rows)
[2026-04-05T04:46:25.612+0000] {minio_client.py:223} INFO -   MinIO ↓ [raw-data] 2026-04-05_03-27/nguon1_khoa.parquet (4 rows)
[2026-04-05T04:46:25.648+0000] {logging_mixin.py:188} WARNING - [2026-04-05 04:46:25] INFO    utils.minio :   MinIO ↓ [raw-data] 2026-04-05_03-27/nguon1_nganh.parquet (3 rows)
[2026-04-05T04:46:25.648+0000] {minio_client.py:223} INFO -   MinIO ↓ [raw-data] 2026-04-05_03-27/nguon1_nganh.parquet (3 rows)
[2026-04-05T04:46:25.689+0000] {logging_mixin.py:188} WARNING - [2026-04-05 04:46:25] INFO    utils.minio :   MinIO ↓ [raw-data] 2026-04-05_03-27/nguon1_giang_vien.parquet (45 rows)
[2026-04-05T04:46:25.689+0000] {minio_client.py:223} INFO -   MinIO ↓ [raw-data] 2026-04-05_03-27/nguon1_giang_vien.parquet (45 rows)
[2026-04-05T04:46:25.710+0000] {logging_mixin.py:188} WARNING - [2026-04-05 04:46:25] INFO    utils.minio :   MinIO ↓ [raw-data] 2026-04-05_03-27/nguon1_lop_hanh_chinh.parquet (48 rows)
[2026-04-05T04:46:25.710+0000] {minio_client.py:223} INFO -   MinIO ↓ [raw-data] 2026-04-05_03-27/nguon1_lop_hanh_chinh.parquet (48 rows)
[2026-04-05T04:46:25.778+0000] {logging_mixin.py:188} WARNING - [2026-04-05 04:46:25] INFO    utils.minio :   MinIO ↓ [raw-data] 2026-04-05_03-27/nguon1_sinh_vien.parquet (1,695 rows)
[2026-04-05T04:46:25.778+0000] {minio_client.py:223} INFO -   MinIO ↓ [raw-data] 2026-04-05_03-27/nguon1_sinh_vien.parquet (1,695 rows)
[2026-04-05T04:46:25.799+0000] {logging_mixin.py:188} WARNING - [2026-04-05 04:46:25] INFO    utils.minio :   MinIO ↓ [raw-data] 2026-04-05_03-27/nguon1_hoc_phan.parquet (121 rows)
[2026-04-05T04:46:25.799+0000] {minio_client.py:223} INFO -   MinIO ↓ [raw-data] 2026-04-05_03-27/nguon1_hoc_phan.parquet (121 rows)
[2026-04-05T04:46:25.820+0000] {logging_mixin.py:188} WARNING - [2026-04-05 04:46:25] INFO    utils.minio :   MinIO ↓ [raw-data] 2026-04-05_03-27/nguon1_hoc_ky.parquet (9 rows)
[2026-04-05T04:46:25.820+0000] {minio_client.py:223} INFO -   MinIO ↓ [raw-data] 2026-04-05_03-27/nguon1_hoc_ky.parquet (9 rows)
[2026-04-05T04:46:26.073+0000] {logging_mixin.py:188} WARNING - [2026-04-05 04:46:26] INFO    utils.minio :   MinIO ↓ [raw-data] 2026-04-05_03-27/nguon1_dang_ky.parquet (58,001 rows)
[2026-04-05T04:46:26.072+0000] {minio_client.py:223} INFO -   MinIO ↓ [raw-data] 2026-04-05_03-27/nguon1_dang_ky.parquet (58,001 rows)
[2026-04-05T04:46:26.269+0000] {logging_mixin.py:188} WARNING - [2026-04-05 04:46:26] INFO    utils.minio :   MinIO ↓ [raw-data] 2026-04-05_03-27/nguon1_diem.parquet (58,001 rows)
[2026-04-05T04:46:26.269+0000] {minio_client.py:223} INFO -   MinIO ↓ [raw-data] 2026-04-05_03-27/nguon1_diem.parquet (58,001 rows)
[2026-04-05T04:46:26.297+0000] {logging_mixin.py:188} WARNING - [2026-04-05 04:46:26] INFO    utils.minio :   MinIO ↓ [raw-data] 2026-04-05_03-27/nguon1_tong_hop_ket_qua.parquet (1,695 rows)
[2026-04-05T04:46:26.297+0000] {minio_client.py:223} INFO -   MinIO ↓ [raw-data] 2026-04-05_03-27/nguon1_tong_hop_ket_qua.parquet (1,695 rows)
[2026-04-05T04:46:26.355+0000] {logging_mixin.py:188} WARNING - [2026-04-05 04:46:26] INFO    utils.minio :   MinIO ↓ [raw-data] 2026-04-05_03-27/nguon2_ctsv.parquet (9,629 rows)
[2026-04-05T04:46:26.355+0000] {minio_client.py:223} INFO -   MinIO ↓ [raw-data] 2026-04-05_03-27/nguon2_ctsv.parquet (9,629 rows)
[2026-04-05T04:46:26.396+0000] {logging_mixin.py:188} WARNING - [2026-04-05 04:46:26] INFO    utils.minio :   MinIO ↓ [raw-data] 2026-04-05_03-27/nguon3_tai_chinh.parquet (9,238 rows)
[2026-04-05T04:46:26.396+0000] {minio_client.py:223} INFO -   MinIO ↓ [raw-data] 2026-04-05_03-27/nguon3_tai_chinh.parquet (9,238 rows)
[2026-04-05T04:46:26.401+0000] {logging_mixin.py:188} WARNING - [2026-04-05 04:46:26] INFO    etl.extract :  Load from staging OK — run_id=2026-04-05_03-27
[2026-04-05T04:46:26.401+0000] {extract.py:369} INFO -  Load from staging OK — run_id=2026-04-05_03-27
[2026-04-05T04:46:26.410+0000] {logging_mixin.py:188} WARNING - [2026-04-05 04:46:26] INFO    etl.transform : ==BẮT ĐẦU TRANSFORM==
[2026-04-05T04:46:26.410+0000] {transform.py:67} INFO - ==BẮT ĐẦU TRANSFORM==
[2026-04-05T04:46:26.412+0000] {logging_mixin.py:188} WARNING - [2026-04-05 04:46:26] INFO    etl.transform : ======================================================================
[2026-04-05T04:46:26.412+0000] {transform.py:68} INFO - ======================================================================
[2026-04-05T04:46:26.416+0000] {logging_mixin.py:188} WARNING - [2026-04-05 04:46:26] INFO    etl.transform : ── Bước 1: Transform Dimension Tables ──
[2026-04-05T04:46:26.416+0000] {transform.py:72} INFO - ── Bước 1: Transform Dimension Tables ──
[2026-04-05T04:46:26.439+0000] {logging_mixin.py:188} WARNING - [2026-04-05 04:46:26] INFO    etl.transform :   dim_thoi_gian (→dim_hoc_ky)  →      9 records
[2026-04-05T04:46:26.438+0000] {transform.py:198} INFO -   dim_thoi_gian (→dim_hoc_ky)  →      9 records
[2026-04-05T04:46:26.475+0000] {logging_mixin.py:188} WARNING - [2026-04-05 04:46:26] INFO    etl.transform :   dim_giang_vien              →     45 records
[2026-04-05T04:46:26.475+0000] {transform.py:226} INFO -   dim_giang_vien              →     45 records
[2026-04-05T04:46:26.484+0000] {logging_mixin.py:188} WARNING - [2026-04-05 04:46:26] INFO    etl.transform :   dim_hoc_phan                →    121 records
[2026-04-05T04:46:26.484+0000] {transform.py:258} INFO -   dim_hoc_phan                →    121 records
[2026-04-05T04:46:26.520+0000] {logging_mixin.py:188} WARNING - [2026-04-05 04:46:26] INFO    etl.transform :   dim_sinh_vien               →  1,695 records
[2026-04-05T04:46:26.519+0000] {transform.py:336} INFO -   dim_sinh_vien               →  1,695 records
[2026-04-05T04:46:26.521+0000] {logging_mixin.py:188} WARNING - [2026-04-05 04:46:26] INFO    etl.transform : ── Bước 2: Transform Fact Tables ──
[2026-04-05T04:46:26.521+0000] {transform.py:91} INFO - ── Bước 2: Transform Fact Tables ──
[2026-04-05T04:46:26.733+0000] {logging_mixin.py:188} WARNING - [2026-04-05 04:46:26] INFO    etl.transform :   fact_diem | Tính lại điểm tổng kết cho 1160 bản ghi
[2026-04-05T04:46:26.733+0000] {transform.py:391} INFO -   fact_diem | Tính lại điểm tổng kết cho 1160 bản ghi
[2026-04-05T04:46:26.815+0000] {logging_mixin.py:188} WARNING - [2026-04-05 04:46:26] INFO    etl.transform :   fact_diem (→fact_hoc_tap)    → 58,001 records
[2026-04-05T04:46:26.814+0000] {transform.py:414} INFO -   fact_diem (→fact_hoc_tap)    → 58,001 records
[2026-04-05T04:46:26.838+0000] {logging_mixin.py:188} WARNING - [2026-04-05 04:46:26] INFO    etl.transform :   fact_ren_luyen (→fact_ctsv)  →  9,629 records
[2026-04-05T04:46:26.838+0000] {transform.py:455} INFO -   fact_ren_luyen (→fact_ctsv)  →  9,629 records
[2026-04-05T04:46:26.853+0000] {logging_mixin.py:188} WARNING - [2026-04-05 04:46:26] INFO    etl.transform :   fact_tai_chinh               →  9,238 records
[2026-04-05T04:46:26.852+0000] {transform.py:492} INFO -   fact_tai_chinh               →  9,238 records
[2026-04-05T04:46:26.854+0000] {logging_mixin.py:188} WARNING - [2026-04-05 04:46:26] INFO    etl.transform : ── Bước 3: Tổng hợp đa nguồn ──
[2026-04-05T04:46:26.854+0000] {transform.py:104} INFO - ── Bước 3: Tổng hợp đa nguồn ──
[2026-04-05T04:46:26.856+0000] {logging_mixin.py:188} WARNING - [2026-04-05 04:46:26] INFO    etl.transform : ======================================================================
[2026-04-05T04:46:26.856+0000] {transform.py:107} INFO - ======================================================================
[2026-04-05T04:46:26.857+0000] {logging_mixin.py:188} WARNING - [2026-04-05 04:46:26] INFO    etl.transform : TRANSFORM HOÀN TẤT
[2026-04-05T04:46:26.857+0000] {transform.py:108} INFO - TRANSFORM HOÀN TẤT
[2026-04-05T04:46:26.859+0000] {logging_mixin.py:188} WARNING - [2026-04-05 04:46:26] INFO    etl.transform :    dim_giang_vien           :       45 records
[2026-04-05T04:46:26.859+0000] {transform.py:110} INFO -    dim_giang_vien           :       45 records
[2026-04-05T04:46:26.860+0000] {logging_mixin.py:188} WARNING - [2026-04-05 04:46:26] INFO    etl.transform :    dim_sinh_vien            :    1,695 records
[2026-04-05T04:46:26.860+0000] {transform.py:110} INFO -    dim_sinh_vien            :    1,695 records
[2026-04-05T04:46:26.861+0000] {logging_mixin.py:188} WARNING - [2026-04-05 04:46:26] INFO    etl.transform :    dim_hoc_phan             :      121 records
[2026-04-05T04:46:26.861+0000] {transform.py:110} INFO -    dim_hoc_phan             :      121 records
[2026-04-05T04:46:26.862+0000] {logging_mixin.py:188} WARNING - [2026-04-05 04:46:26] INFO    etl.transform :    dim_thoi_gian            :        9 records
[2026-04-05T04:46:26.862+0000] {transform.py:110} INFO -    dim_thoi_gian            :        9 records
[2026-04-05T04:46:26.863+0000] {logging_mixin.py:188} WARNING - [2026-04-05 04:46:26] INFO    etl.transform :    fact_diem                :   58,001 records
[2026-04-05T04:46:26.863+0000] {transform.py:110} INFO -    fact_diem                :   58,001 records
[2026-04-05T04:46:26.864+0000] {logging_mixin.py:188} WARNING - [2026-04-05 04:46:26] INFO    etl.transform :    fact_ren_luyen           :    9,629 records
[2026-04-05T04:46:26.864+0000] {transform.py:110} INFO -    fact_ren_luyen           :    9,629 records
[2026-04-05T04:46:26.865+0000] {logging_mixin.py:188} WARNING - [2026-04-05 04:46:26] INFO    etl.transform :    fact_tai_chinh           :    9,238 records
[2026-04-05T04:46:26.865+0000] {transform.py:110} INFO -    fact_tai_chinh           :    9,238 records
[2026-04-05T04:46:26.866+0000] {logging_mixin.py:188} WARNING - [2026-04-05 04:46:26] INFO    etl.transform :    fact_tong_hop_sv         :        0 records
[2026-04-05T04:46:26.866+0000] {transform.py:110} INFO -    fact_tong_hop_sv         :        0 records
[2026-04-05T04:46:26.867+0000] {logging_mixin.py:188} WARNING - [2026-04-05 04:46:26] INFO    etl.transform : ======================================================================
[2026-04-05T04:46:26.867+0000] {transform.py:111} INFO - ======================================================================
[2026-04-05T04:46:26.969+0000] {logging_mixin.py:188} WARNING - [2026-04-05 04:46:26] INFO    utils.minio :   MinIO ↑ [staging-data] 2026-04-05_04-46/dim_hoc_ky.parquet (5.3 KB | 9 rows)
[2026-04-05T04:46:26.969+0000] {minio_client.py:142} INFO -   MinIO ↑ [staging-data] 2026-04-05_04-46/dim_hoc_ky.parquet (5.3 KB | 9 rows)
[2026-04-05T04:46:26.997+0000] {logging_mixin.py:188} WARNING - [2026-04-05 04:46:26] INFO    utils.minio :   MinIO ↑ [staging-data] 2026-04-05_04-46/dim_giang_vien.parquet (8.9 KB | 45 rows)
[2026-04-05T04:46:26.996+0000] {minio_client.py:142} INFO -   MinIO ↑ [staging-data] 2026-04-05_04-46/dim_giang_vien.parquet (8.9 KB | 45 rows)
[2026-04-05T04:46:27.032+0000] {logging_mixin.py:188} WARNING - [2026-04-05 04:46:27] INFO    utils.minio :   MinIO ↑ [staging-data] 2026-04-05_04-46/dim_hoc_phan.parquet (11.0 KB | 121 rows)
[2026-04-05T04:46:27.032+0000] {minio_client.py:142} INFO -   MinIO ↑ [staging-data] 2026-04-05_04-46/dim_hoc_phan.parquet (11.0 KB | 121 rows)
[2026-04-05T04:46:27.076+0000] {logging_mixin.py:188} WARNING - [2026-04-05 04:46:27] INFO    utils.minio :   MinIO ↑ [staging-data] 2026-04-05_04-46/dim_sinh_vien.parquet (72.9 KB | 1,695 rows)
[2026-04-05T04:46:27.076+0000] {minio_client.py:142} INFO -   MinIO ↑ [staging-data] 2026-04-05_04-46/dim_sinh_vien.parquet (72.9 KB | 1,695 rows)
[2026-04-05T04:46:27.720+0000] {logging_mixin.py:188} WARNING - [2026-04-05 04:46:27] INFO    utils.minio :   MinIO ↑ [staging-data] 2026-04-05_04-46/fact_diem.parquet (908.9 KB | 58,001 rows)
[2026-04-05T04:46:27.720+0000] {minio_client.py:142} INFO -   MinIO ↑ [staging-data] 2026-04-05_04-46/fact_diem.parquet (908.9 KB | 58,001 rows)
[2026-04-05T04:46:27.752+0000] {logging_mixin.py:188} WARNING - [2026-04-05 04:46:27] INFO    utils.minio :   MinIO ↑ [staging-data] 2026-04-05_04-46/fact_ren_luyen.parquet (47.2 KB | 9,629 rows)
[2026-04-05T04:46:27.752+0000] {minio_client.py:142} INFO -   MinIO ↑ [staging-data] 2026-04-05_04-46/fact_ren_luyen.parquet (47.2 KB | 9,629 rows)
[2026-04-05T04:46:27.811+0000] {logging_mixin.py:188} WARNING - [2026-04-05 04:46:27] INFO    utils.minio :   MinIO ↑ [staging-data] 2026-04-05_04-46/fact_tai_chinh.parquet (70.2 KB | 9,238 rows)
[2026-04-05T04:46:27.811+0000] {minio_client.py:142} INFO -   MinIO ↑ [staging-data] 2026-04-05_04-46/fact_tai_chinh.parquet (70.2 KB | 9,238 rows)
[2026-04-05T04:46:27.813+0000] {logging_mixin.py:188} WARNING - [2026-04-05 04:46:27] WARNING utils.minio :   MinIO skip (empty): fact_tong_hop_sv.parquet
[2026-04-05T04:46:27.813+0000] {minio_client.py:120} WARNING -   MinIO skip (empty): fact_tong_hop_sv.parquet
[2026-04-05T04:46:27.814+0000] {logging_mixin.py:188} WARNING - [2026-04-05 04:46:27] INFO    etl.transform :   MinIO staging-data: 8/8 files OK → run_id=2026-04-05_04-46
[2026-04-05T04:46:27.814+0000] {transform.py:143} INFO -   MinIO staging-data: 8/8 files OK → run_id=2026-04-05_04-46
[2026-04-05T04:46:27.953+0000] {logging_mixin.py:188} INFO - Transform xong: {'dim_giang_vien': 45, 'dim_sinh_vien': 1695, 'dim_hoc_phan': 121, 'dim_thoi_gian': 9, 'fact_diem': 58001, 'fact_ren_luyen': 9629, 'fact_tai_chinh': 9238, 'fact_tong_hop_sv': 0}
[2026-04-05T04:46:27.958+0000] {python.py:201} INFO - Done. Returned value was: {'dim_giang_vien': 45, 'dim_sinh_vien': 1695, 'dim_hoc_phan': 121, 'dim_thoi_gian': 9, 'fact_diem': 58001, 'fact_ren_luyen': 9629, 'fact_tai_chinh': 9238, 'fact_tong_hop_sv': 0}
[2026-04-05T04:46:27.993+0000] {taskinstance.py:1138} INFO - Marking task as SUCCESS. dag_id=daily_student_pipeline, task_id=transform_data, execution_date=20260405T044615, start_date=20260405T044618, end_date=20260405T044627
[2026-04-05T04:46:28.050+0000] {local_task_job_runner.py:234} INFO - Task exited with return code 0
[2026-04-05T04:46:28.096+0000] {taskinstance.py:3280} INFO - 0 downstream tasks scheduled from follow-on schedule check
