[2026-04-20T10:15:38.170+0000] {taskinstance.py:1956} INFO - Dependencies all met for dep_context=non-requeueable deps ti=<TaskInstance: daily_student_pipeline.extract_data manual__2026-04-20T10:15:36.062296+00:00 [queued]>
[2026-04-20T10:15:38.178+0000] {taskinstance.py:1956} INFO - Dependencies all met for dep_context=requeueable deps ti=<TaskInstance: daily_student_pipeline.extract_data manual__2026-04-20T10:15:36.062296+00:00 [queued]>
[2026-04-20T10:15:38.179+0000] {taskinstance.py:2170} INFO - Starting attempt 1 of 1
[2026-04-20T10:15:38.190+0000] {taskinstance.py:2191} INFO - Executing <Task(PythonOperator): extract_data> on 2026-04-20 10:15:36.062296+00:00
[2026-04-20T10:15:38.196+0000] {standard_task_runner.py:60} INFO - Started process 2270 to run task
[2026-04-20T10:15:38.199+0000] {standard_task_runner.py:87} INFO - Running: ['***', 'tasks', 'run', 'daily_student_pipeline', 'extract_data', 'manual__2026-04-20T10:15:36.062296+00:00', '--job-id', '396', '--raw', '--subdir', 'DAGS_FOLDER/daily_student_pipeline.py', '--cfg-path', '/tmp/tmpnajio2g4']
[2026-04-20T10:15:38.202+0000] {standard_task_runner.py:88} INFO - Job 396: Subtask extract_data
[2026-04-20T10:15:38.268+0000] {task_command.py:423} INFO - Running <TaskInstance: daily_student_pipeline.extract_data manual__2026-04-20T10:15:36.062296+00:00 [running]> on host 759b8b5e27b5
[2026-04-20T10:15:38.373+0000] {taskinstance.py:2480} INFO - Exporting env vars: AIRFLOW_CTX_DAG_OWNER='nhom8' AIRFLOW_CTX_DAG_ID='daily_student_pipeline' AIRFLOW_CTX_TASK_ID='extract_data' AIRFLOW_CTX_EXECUTION_DATE='2026-04-20T10:15:36.062296+00:00' AIRFLOW_CTX_TRY_NUMBER='1' AIRFLOW_CTX_DAG_RUN_ID='manual__2026-04-20T10:15:36.062296+00:00'
[2026-04-20T10:15:40.143+0000] {logging_mixin.py:188} WARNING - [2026-04-20 10:15:40] INFO    etl.extract : ==BẮT ĐẦU FULL EXTRACT==
[2026-04-20T10:15:40.143+0000] {extract.py:346} INFO - ==BẮT ĐẦU FULL EXTRACT==
[2026-04-20T10:15:40.144+0000] {logging_mixin.py:188} WARNING - [2026-04-20 10:15:40] INFO    etl.extract : ======================================================================
[2026-04-20T10:15:40.144+0000] {extract.py:347} INFO - ======================================================================
[2026-04-20T10:15:40.157+0000] {logging_mixin.py:188} WARNING - [2026-04-20 10:15:40] INFO    etl.extract : ════════════════════════════════════════════════════════════
[2026-04-20T10:15:40.157+0000] {extract.py:84} INFO - ════════════════════════════════════════════════════════════
[2026-04-20T10:15:40.158+0000] {logging_mixin.py:188} WARNING - [2026-04-20 10:15:40] INFO    etl.extract : NGUỒN 1 — PostgreSQL (Phòng Đào tạo) | Full Extract
[2026-04-20T10:15:40.158+0000] {extract.py:85} INFO - NGUỒN 1 — PostgreSQL (Phòng Đào tạo) | Full Extract
[2026-04-20T10:15:40.159+0000] {logging_mixin.py:188} WARNING - [2026-04-20 10:15:40] INFO    etl.extract : ════════════════════════════════════════════════════════════
[2026-04-20T10:15:40.159+0000] {extract.py:86} INFO - ════════════════════════════════════════════════════════════
[2026-04-20T10:15:40.308+0000] {logging_mixin.py:188} WARNING - [2026-04-20 10:15:40] INFO    etl.extract :   PostgreSQL | khoa                      →      4 records
[2026-04-20T10:15:40.308+0000] {extract.py:68} INFO -   PostgreSQL | khoa                      →      4 records
[2026-04-20T10:15:40.334+0000] {logging_mixin.py:188} WARNING - [2026-04-20 10:15:40] INFO    etl.extract :   PostgreSQL | nganh                     →      3 records
[2026-04-20T10:15:40.334+0000] {extract.py:68} INFO -   PostgreSQL | nganh                     →      3 records
[2026-04-20T10:15:40.362+0000] {logging_mixin.py:188} WARNING - [2026-04-20 10:15:40] INFO    etl.extract :   PostgreSQL | giang_vien                →     45 records
[2026-04-20T10:15:40.362+0000] {extract.py:68} INFO -   PostgreSQL | giang_vien                →     45 records
[2026-04-20T10:15:40.401+0000] {logging_mixin.py:188} WARNING - [2026-04-20 10:15:40] INFO    etl.extract :   PostgreSQL | lop_hanh_chinh            →     48 records
[2026-04-20T10:15:40.401+0000] {extract.py:68} INFO -   PostgreSQL | lop_hanh_chinh            →     48 records
[2026-04-20T10:15:40.488+0000] {logging_mixin.py:188} WARNING - [2026-04-20 10:15:40] INFO    etl.extract :   PostgreSQL | sinh_vien                 →  1,695 records
[2026-04-20T10:15:40.488+0000] {extract.py:68} INFO -   PostgreSQL | sinh_vien                 →  1,695 records
[2026-04-20T10:15:40.515+0000] {logging_mixin.py:188} WARNING - [2026-04-20 10:15:40] INFO    etl.extract :   PostgreSQL | hoc_phan                  →    121 records
[2026-04-20T10:15:40.515+0000] {extract.py:68} INFO -   PostgreSQL | hoc_phan                  →    121 records
[2026-04-20T10:15:40.529+0000] {logging_mixin.py:188} WARNING - [2026-04-20 10:15:40] INFO    etl.extract :   PostgreSQL | hoc_ky_nam_hoc            →     13 records
[2026-04-20T10:15:40.529+0000] {extract.py:68} INFO -   PostgreSQL | hoc_ky_nam_hoc            →     13 records
[2026-04-20T10:15:41.424+0000] {logging_mixin.py:188} WARNING - [2026-04-20 10:15:41] INFO    etl.extract :   PostgreSQL | dang_ky_hoc_phan          → 55,125 records
[2026-04-20T10:15:41.423+0000] {extract.py:68} INFO -   PostgreSQL | dang_ky_hoc_phan          → 55,125 records
[2026-04-20T10:15:42.980+0000] {logging_mixin.py:188} WARNING - [2026-04-20 10:15:42] INFO    etl.extract :   PostgreSQL | diem_hoc_phan             → 54,640 records
[2026-04-20T10:15:42.980+0000] {extract.py:68} INFO -   PostgreSQL | diem_hoc_phan             → 54,640 records
[2026-04-20T10:15:43.056+0000] {logging_mixin.py:188} WARNING - [2026-04-20 10:15:43] INFO    etl.extract :   PostgreSQL | tong_hop_ket_qua          →  1,695 records
[2026-04-20T10:15:43.056+0000] {extract.py:68} INFO -   PostgreSQL | tong_hop_ket_qua          →  1,695 records
[2026-04-20T10:15:43.058+0000] {logging_mixin.py:188} WARNING - [2026-04-20 10:15:43] INFO    etl.extract :   PostgreSQL | TỔNG: 113,389 records từ 10 bảng
[2026-04-20T10:15:43.058+0000] {extract.py:93} INFO -   PostgreSQL | TỔNG: 113,389 records từ 10 bảng
[2026-04-20T10:15:43.060+0000] {logging_mixin.py:188} WARNING - [2026-04-20 10:15:43] INFO    etl.extract : ════════════════════════════════════════════════════════════
[2026-04-20T10:15:43.060+0000] {extract.py:167} INFO - ════════════════════════════════════════════════════════════
[2026-04-20T10:15:43.062+0000] {logging_mixin.py:188} WARNING - [2026-04-20 10:15:43] INFO    etl.extract : NGUỒN 2 — CSV (Phòng CTSV) | Extract
[2026-04-20T10:15:43.062+0000] {extract.py:168} INFO - NGUỒN 2 — CSV (Phòng CTSV) | Extract
[2026-04-20T10:15:43.064+0000] {logging_mixin.py:188} WARNING - [2026-04-20 10:15:43] INFO    etl.extract : ════════════════════════════════════════════════════════════
[2026-04-20T10:15:43.064+0000] {extract.py:169} INFO - ════════════════════════════════════════════════════════════
[2026-04-20T10:15:43.069+0000] {logging_mixin.py:188} WARNING - [2026-04-20 10:15:43] INFO    etl.extract :   CSV | Tìm thấy 13 file(s)
[2026-04-20T10:15:43.069+0000] {extract.py:178} INFO -   CSV | Tìm thấy 13 file(s)
[2026-04-20T10:15:43.111+0000] {logging_mixin.py:188} WARNING - [2026-04-20 10:15:43] INFO    etl.extract :   CSV | ctsv_HK1_2021_22.csv                →    789 records
[2026-04-20T10:15:43.111+0000] {extract.py:144} INFO -   CSV | ctsv_HK1_2021_22.csv                →    789 records
[2026-04-20T10:15:43.144+0000] {logging_mixin.py:188} WARNING - [2026-04-20 10:15:43] INFO    etl.extract :   CSV | ctsv_HK1_2022_23.csv                →  1,581 records
[2026-04-20T10:15:43.144+0000] {extract.py:144} INFO -   CSV | ctsv_HK1_2022_23.csv                →  1,581 records
[2026-04-20T10:15:43.169+0000] {logging_mixin.py:188} WARNING - [2026-04-20 10:15:43] INFO    etl.extract :   CSV | ctsv_HK1_2023_24.csv                →  2,411 records
[2026-04-20T10:15:43.169+0000] {extract.py:144} INFO -   CSV | ctsv_HK1_2023_24.csv                →  2,411 records
[2026-04-20T10:15:43.220+0000] {logging_mixin.py:188} WARNING - [2026-04-20 10:15:43] INFO    etl.extract :   CSV | ctsv_HK1_2024_25.csv                →  3,235 records
[2026-04-20T10:15:43.220+0000] {extract.py:144} INFO -   CSV | ctsv_HK1_2024_25.csv                →  3,235 records
[2026-04-20T10:15:43.245+0000] {logging_mixin.py:188} WARNING - [2026-04-20 10:15:43] INFO    etl.extract :   CSV | ctsv_HK1_2025_26.csv                →  2,444 records
[2026-04-20T10:15:43.245+0000] {extract.py:144} INFO -   CSV | ctsv_HK1_2025_26.csv                →  2,444 records
[2026-04-20T10:15:43.267+0000] {logging_mixin.py:188} WARNING - [2026-04-20 10:15:43] INFO    etl.extract :   CSV | ctsv_HK2_2021_22.csv                →    785 records
[2026-04-20T10:15:43.267+0000] {extract.py:144} INFO -   CSV | ctsv_HK2_2021_22.csv                →    785 records
[2026-04-20T10:15:43.289+0000] {logging_mixin.py:188} WARNING - [2026-04-20 10:15:43] INFO    etl.extract :   CSV | ctsv_HK2_2022_23.csv                →  1,571 records
[2026-04-20T10:15:43.289+0000] {extract.py:144} INFO -   CSV | ctsv_HK2_2022_23.csv                →  1,571 records
[2026-04-20T10:15:43.312+0000] {logging_mixin.py:188} WARNING - [2026-04-20 10:15:43] INFO    etl.extract :   CSV | ctsv_HK2_2023_24.csv                →  2,397 records
[2026-04-20T10:15:43.312+0000] {extract.py:144} INFO -   CSV | ctsv_HK2_2023_24.csv                →  2,397 records
[2026-04-20T10:15:43.367+0000] {logging_mixin.py:188} WARNING - [2026-04-20 10:15:43] INFO    etl.extract :   CSV | ctsv_HK2_2024_25.csv                →  2,883 records
[2026-04-20T10:15:43.367+0000] {extract.py:144} INFO -   CSV | ctsv_HK2_2024_25.csv                →  2,883 records
[2026-04-20T10:15:43.387+0000] {logging_mixin.py:188} WARNING - [2026-04-20 10:15:43] INFO    etl.extract :   CSV | ctsv_HK3_2021_22.csv                →     42 records
[2026-04-20T10:15:43.387+0000] {extract.py:144} INFO -   CSV | ctsv_HK3_2021_22.csv                →     42 records
[2026-04-20T10:15:43.408+0000] {logging_mixin.py:188} WARNING - [2026-04-20 10:15:43] INFO    etl.extract :   CSV | ctsv_HK3_2022_23.csv                →     49 records
[2026-04-20T10:15:43.408+0000] {extract.py:144} INFO -   CSV | ctsv_HK3_2022_23.csv                →     49 records
[2026-04-20T10:15:43.428+0000] {logging_mixin.py:188} WARNING - [2026-04-20 10:15:43] INFO    etl.extract :   CSV | ctsv_HK3_2023_24.csv                →    146 records
[2026-04-20T10:15:43.428+0000] {extract.py:144} INFO -   CSV | ctsv_HK3_2023_24.csv                →    146 records
[2026-04-20T10:15:43.447+0000] {logging_mixin.py:188} WARNING - [2026-04-20 10:15:43] INFO    etl.extract :   CSV | ctsv_HK3_2024_25.csv                →     69 records
[2026-04-20T10:15:43.447+0000] {extract.py:144} INFO -   CSV | ctsv_HK3_2024_25.csv                →     69 records
[2026-04-20T10:15:43.456+0000] {logging_mixin.py:188} WARNING - [2026-04-20 10:15:43] INFO    etl.extract :   CSV | Loại bỏ 8927 bản ghi trùng
[2026-04-20T10:15:43.456+0000] {extract.py:195} INFO -   CSV | Loại bỏ 8927 bản ghi trùng
[2026-04-20T10:15:43.457+0000] {logging_mixin.py:188} WARNING - [2026-04-20 10:15:43] INFO    etl.extract :   CSV | TỔNG: 9,475 records từ 13 file(s)
[2026-04-20T10:15:43.457+0000] {extract.py:197} INFO -   CSV | TỔNG: 9,475 records từ 13 file(s)
[2026-04-20T10:15:43.563+0000] {logging_mixin.py:188} WARNING - [2026-04-20 10:15:43] INFO    etl.extract :   API | metadata: generated_at=None, schema_version=None
[2026-04-20T10:15:43.563+0000] {extract.py:232} INFO -   API | metadata: generated_at=None, schema_version=None
[2026-04-20T10:15:43.567+0000] {logging_mixin.py:188} WARNING - [2026-04-20 10:15:43] WARNING etl.extract :   API | (HTTP) HK HK1-2021-22: Loại bỏ 2 duplicate records (ma_sinh_vien, hoc_ky)
[2026-04-20T10:15:43.567+0000] {extract.py:254} WARNING -   API | (HTTP) HK HK1-2021-22: Loại bỏ 2 duplicate records (ma_sinh_vien, hoc_ky)
[2026-04-20T10:15:43.568+0000] {logging_mixin.py:188} WARNING - [2026-04-20 10:15:43] INFO    etl.extract :   API | (HTTP) HK HK1-2021-22 →    390 records
[2026-04-20T10:15:43.568+0000] {extract.py:259} INFO -   API | (HTTP) HK HK1-2021-22 →    390 records
[2026-04-20T10:15:43.593+0000] {logging_mixin.py:188} WARNING - [2026-04-20 10:15:43] INFO    etl.extract :   API | metadata: generated_at=None, schema_version=None
[2026-04-20T10:15:43.593+0000] {extract.py:232} INFO -   API | metadata: generated_at=None, schema_version=None
[2026-04-20T10:15:43.596+0000] {logging_mixin.py:188} WARNING - [2026-04-20 10:15:43] WARNING etl.extract :   API | (HTTP) HK HK1-2022-23: Loại bỏ 6 duplicate records (ma_sinh_vien, hoc_ky)
[2026-04-20T10:15:43.596+0000] {extract.py:254} WARNING -   API | (HTTP) HK HK1-2022-23: Loại bỏ 6 duplicate records (ma_sinh_vien, hoc_ky)
[2026-04-20T10:15:43.597+0000] {logging_mixin.py:188} WARNING - [2026-04-20 10:15:43] INFO    etl.extract :   API | (HTTP) HK HK1-2022-23 →    776 records
[2026-04-20T10:15:43.597+0000] {extract.py:259} INFO -   API | (HTTP) HK HK1-2022-23 →    776 records
[2026-04-20T10:15:43.622+0000] {logging_mixin.py:188} WARNING - [2026-04-20 10:15:43] INFO    etl.extract :   API | metadata: generated_at=None, schema_version=None
[2026-04-20T10:15:43.622+0000] {extract.py:232} INFO -   API | metadata: generated_at=None, schema_version=None
[2026-04-20T10:15:43.626+0000] {logging_mixin.py:188} WARNING - [2026-04-20 10:15:43] WARNING etl.extract :   API | (HTTP) HK HK1-2023-24: Loại bỏ 10 duplicate records (ma_sinh_vien, hoc_ky)
[2026-04-20T10:15:43.626+0000] {extract.py:254} WARNING -   API | (HTTP) HK HK1-2023-24: Loại bỏ 10 duplicate records (ma_sinh_vien, hoc_ky)
[2026-04-20T10:15:43.627+0000] {logging_mixin.py:188} WARNING - [2026-04-20 10:15:43] INFO    etl.extract :   API | (HTTP) HK HK1-2023-24 →  1,182 records
[2026-04-20T10:15:43.627+0000] {extract.py:259} INFO -   API | (HTTP) HK HK1-2023-24 →  1,182 records
[2026-04-20T10:15:43.661+0000] {logging_mixin.py:188} WARNING - [2026-04-20 10:15:43] INFO    etl.extract :   API | metadata: generated_at=None, schema_version=None
[2026-04-20T10:15:43.661+0000] {extract.py:232} INFO -   API | metadata: generated_at=None, schema_version=None
[2026-04-20T10:15:43.665+0000] {logging_mixin.py:188} WARNING - [2026-04-20 10:15:43] WARNING etl.extract :   API | (HTTP) HK HK1-2024-25: Loại bỏ 14 duplicate records (ma_sinh_vien, hoc_ky)
[2026-04-20T10:15:43.665+0000] {extract.py:254} WARNING -   API | (HTTP) HK HK1-2024-25: Loại bỏ 14 duplicate records (ma_sinh_vien, hoc_ky)
[2026-04-20T10:15:43.667+0000] {logging_mixin.py:188} WARNING - [2026-04-20 10:15:43] INFO    etl.extract :   API | (HTTP) HK HK1-2024-25 →  1,596 records
[2026-04-20T10:15:43.667+0000] {extract.py:259} INFO -   API | (HTTP) HK HK1-2024-25 →  1,596 records
[2026-04-20T10:15:43.692+0000] {logging_mixin.py:188} WARNING - [2026-04-20 10:15:43] INFO    etl.extract :   API | metadata: generated_at=None, schema_version=None
[2026-04-20T10:15:43.692+0000] {extract.py:232} INFO -   API | metadata: generated_at=None, schema_version=None
[2026-04-20T10:15:43.696+0000] {logging_mixin.py:188} WARNING - [2026-04-20 10:15:43] WARNING etl.extract :   API | (HTTP) HK HK1-2025-26: Loại bỏ 12 duplicate records (ma_sinh_vien, hoc_ky)
[2026-04-20T10:15:43.696+0000] {extract.py:254} WARNING -   API | (HTTP) HK HK1-2025-26: Loại bỏ 12 duplicate records (ma_sinh_vien, hoc_ky)
[2026-04-20T10:15:43.697+0000] {logging_mixin.py:188} WARNING - [2026-04-20 10:15:43] INFO    etl.extract :   API | (HTTP) HK HK1-2025-26 →  1,216 records
[2026-04-20T10:15:43.697+0000] {extract.py:259} INFO -   API | (HTTP) HK HK1-2025-26 →  1,216 records
[2026-04-20T10:15:43.713+0000] {logging_mixin.py:188} WARNING - [2026-04-20 10:15:43] INFO    etl.extract :   API | metadata: generated_at=None, schema_version=None
[2026-04-20T10:15:43.713+0000] {extract.py:232} INFO -   API | metadata: generated_at=None, schema_version=None
[2026-04-20T10:15:43.717+0000] {logging_mixin.py:188} WARNING - [2026-04-20 10:15:43] WARNING etl.extract :   API | (HTTP) HK HK2-2021-22: Loại bỏ 1 duplicate records (ma_sinh_vien, hoc_ky)
[2026-04-20T10:15:43.717+0000] {extract.py:254} WARNING -   API | (HTTP) HK HK2-2021-22: Loại bỏ 1 duplicate records (ma_sinh_vien, hoc_ky)
[2026-04-20T10:15:43.718+0000] {logging_mixin.py:188} WARNING - [2026-04-20 10:15:43] INFO    etl.extract :   API | (HTTP) HK HK2-2021-22 →    390 records
[2026-04-20T10:15:43.718+0000] {extract.py:259} INFO -   API | (HTTP) HK HK2-2021-22 →    390 records
[2026-04-20T10:15:43.740+0000] {logging_mixin.py:188} WARNING - [2026-04-20 10:15:43] INFO    etl.extract :   API | metadata: generated_at=None, schema_version=None
[2026-04-20T10:15:43.740+0000] {extract.py:232} INFO -   API | metadata: generated_at=None, schema_version=None
[2026-04-20T10:15:43.744+0000] {logging_mixin.py:188} WARNING - [2026-04-20 10:15:43] WARNING etl.extract :   API | (HTTP) HK HK2-2022-23: Loại bỏ 8 duplicate records (ma_sinh_vien, hoc_ky)
[2026-04-20T10:15:43.744+0000] {extract.py:254} WARNING -   API | (HTTP) HK HK2-2022-23: Loại bỏ 8 duplicate records (ma_sinh_vien, hoc_ky)
[2026-04-20T10:15:43.746+0000] {logging_mixin.py:188} WARNING - [2026-04-20 10:15:43] INFO    etl.extract :   API | (HTTP) HK HK2-2022-23 →    776 records
[2026-04-20T10:15:43.746+0000] {extract.py:259} INFO -   API | (HTTP) HK HK2-2022-23 →    776 records
[2026-04-20T10:15:43.778+0000] {logging_mixin.py:188} WARNING - [2026-04-20 10:15:43] INFO    etl.extract :   API | metadata: generated_at=None, schema_version=None
[2026-04-20T10:15:43.777+0000] {extract.py:232} INFO -   API | metadata: generated_at=None, schema_version=None
[2026-04-20T10:15:43.782+0000] {logging_mixin.py:188} WARNING - [2026-04-20 10:15:43] WARNING etl.extract :   API | (HTTP) HK HK2-2023-24: Loại bỏ 8 duplicate records (ma_sinh_vien, hoc_ky)
[2026-04-20T10:15:43.782+0000] {extract.py:254} WARNING -   API | (HTTP) HK HK2-2023-24: Loại bỏ 8 duplicate records (ma_sinh_vien, hoc_ky)
[2026-04-20T10:15:43.785+0000] {logging_mixin.py:188} WARNING - [2026-04-20 10:15:43] INFO    etl.extract :   API | (HTTP) HK HK2-2023-24 →  1,183 records
[2026-04-20T10:15:43.785+0000] {extract.py:259} INFO -   API | (HTTP) HK HK2-2023-24 →  1,183 records
[2026-04-20T10:15:43.812+0000] {logging_mixin.py:188} WARNING - [2026-04-20 10:15:43] INFO    etl.extract :   API | metadata: generated_at=None, schema_version=None
[2026-04-20T10:15:43.812+0000] {extract.py:232} INFO -   API | metadata: generated_at=None, schema_version=None
[2026-04-20T10:15:43.815+0000] {logging_mixin.py:188} WARNING - [2026-04-20 10:15:43] WARNING etl.extract :   API | (HTTP) HK HK2-2024-25: Loại bỏ 21 duplicate records (ma_sinh_vien, hoc_ky)
[2026-04-20T10:15:43.815+0000] {extract.py:254} WARNING -   API | (HTTP) HK HK2-2024-25: Loại bỏ 21 duplicate records (ma_sinh_vien, hoc_ky)
[2026-04-20T10:15:43.816+0000] {logging_mixin.py:188} WARNING - [2026-04-20 10:15:43] INFO    etl.extract :   API | (HTTP) HK HK2-2024-25 →  1,475 records
[2026-04-20T10:15:43.816+0000] {extract.py:259} INFO -   API | (HTTP) HK HK2-2024-25 →  1,475 records
[2026-04-20T10:15:43.824+0000] {logging_mixin.py:188} WARNING - [2026-04-20 10:15:43] INFO    etl.extract :   API | metadata: generated_at=None, schema_version=None
[2026-04-20T10:15:43.824+0000] {extract.py:232} INFO -   API | metadata: generated_at=None, schema_version=None
[2026-04-20T10:15:43.826+0000] {logging_mixin.py:188} WARNING - [2026-04-20 10:15:43] INFO    etl.extract :   API | (HTTP) HK HK3-2021-22 →     23 records
[2026-04-20T10:15:43.826+0000] {extract.py:259} INFO -   API | (HTTP) HK HK3-2021-22 →     23 records
[2026-04-20T10:15:43.835+0000] {logging_mixin.py:188} WARNING - [2026-04-20 10:15:43] INFO    etl.extract :   API | metadata: generated_at=None, schema_version=None
[2026-04-20T10:15:43.835+0000] {extract.py:232} INFO -   API | metadata: generated_at=None, schema_version=None
[2026-04-20T10:15:43.837+0000] {logging_mixin.py:188} WARNING - [2026-04-20 10:15:43] INFO    etl.extract :   API | (HTTP) HK HK3-2022-23 →     37 records
[2026-04-20T10:15:43.837+0000] {extract.py:259} INFO -   API | (HTTP) HK HK3-2022-23 →     37 records
[2026-04-20T10:15:43.845+0000] {logging_mixin.py:188} WARNING - [2026-04-20 10:15:43] INFO    etl.extract :   API | metadata: generated_at=None, schema_version=None
[2026-04-20T10:15:43.845+0000] {extract.py:232} INFO -   API | metadata: generated_at=None, schema_version=None
[2026-04-20T10:15:43.848+0000] {logging_mixin.py:188} WARNING - [2026-04-20 10:15:43] INFO    etl.extract :   API | (HTTP) HK HK3-2023-24 →     61 records
[2026-04-20T10:15:43.847+0000] {extract.py:259} INFO -   API | (HTTP) HK HK3-2023-24 →     61 records
[2026-04-20T10:15:43.857+0000] {logging_mixin.py:188} WARNING - [2026-04-20 10:15:43] INFO    etl.extract :   API | metadata: generated_at=None, schema_version=None
[2026-04-20T10:15:43.857+0000] {extract.py:232} INFO -   API | metadata: generated_at=None, schema_version=None
[2026-04-20T10:15:43.859+0000] {logging_mixin.py:188} WARNING - [2026-04-20 10:15:43] INFO    etl.extract :   API | (HTTP) HK HK3-2024-25 →     41 records
[2026-04-20T10:15:43.859+0000] {extract.py:259} INFO -   API | (HTTP) HK HK3-2024-25 →     41 records
[2026-04-20T10:15:43.861+0000] {logging_mixin.py:188} WARNING - [2026-04-20 10:15:43] INFO    etl.extract :   API | TỔNG: 9,146 records từ 13 HK
[2026-04-20T10:15:43.861+0000] {extract.py:335} INFO -   API | TỔNG: 9,146 records từ 13 HK
[2026-04-20T10:15:44.242+0000] {logging_mixin.py:188} WARNING - [2026-04-20 10:15:44] INFO    utils.minio :   MinIO ↑ [raw-data] 2026-04-20_10-15/nguon1_sinh_vien.parquet (47.4 KB | 1,695 rows)
[2026-04-20T10:15:44.242+0000] {minio_client.py:142} INFO -   MinIO ↑ [raw-data] 2026-04-20_10-15/nguon1_sinh_vien.parquet (47.4 KB | 1,695 rows)
[2026-04-20T10:15:44.582+0000] {logging_mixin.py:188} WARNING - [2026-04-20 10:15:44] INFO    utils.minio :   MinIO ↑ [raw-data] 2026-04-20_10-15/nguon1_dang_ky.parquet (462.4 KB | 55,125 rows)
[2026-04-20T10:15:44.582+0000] {minio_client.py:142} INFO -   MinIO ↑ [raw-data] 2026-04-20_10-15/nguon1_dang_ky.parquet (462.4 KB | 55,125 rows)
[2026-04-20T10:15:44.675+0000] {logging_mixin.py:188} WARNING - [2026-04-20 10:15:44] INFO    utils.minio :   MinIO ↑ [raw-data] 2026-04-20_10-15/nguon1_diem.parquet (1135.6 KB | 54,640 rows)
[2026-04-20T10:15:44.675+0000] {minio_client.py:142} INFO -   MinIO ↑ [raw-data] 2026-04-20_10-15/nguon1_diem.parquet (1135.6 KB | 54,640 rows)
[2026-04-20T10:15:44.687+0000] {logging_mixin.py:188} WARNING - [2026-04-20 10:15:44] INFO    utils.minio :   MinIO ↑ [raw-data] 2026-04-20_10-15/nguon1_hoc_phan.parquet (10.3 KB | 121 rows)
[2026-04-20T10:15:44.687+0000] {minio_client.py:142} INFO -   MinIO ↑ [raw-data] 2026-04-20_10-15/nguon1_hoc_phan.parquet (10.3 KB | 121 rows)
[2026-04-20T10:15:44.697+0000] {logging_mixin.py:188} WARNING - [2026-04-20 10:15:44] INFO    utils.minio :   MinIO ↑ [raw-data] 2026-04-20_10-15/nguon1_hoc_ky.parquet (4.2 KB | 13 rows)
[2026-04-20T10:15:44.696+0000] {minio_client.py:142} INFO -   MinIO ↑ [raw-data] 2026-04-20_10-15/nguon1_hoc_ky.parquet (4.2 KB | 13 rows)
[2026-04-20T10:15:44.706+0000] {logging_mixin.py:188} WARNING - [2026-04-20 10:15:44] INFO    utils.minio :   MinIO ↑ [raw-data] 2026-04-20_10-15/nguon1_giang_vien.parquet (8.3 KB | 45 rows)
[2026-04-20T10:15:44.706+0000] {minio_client.py:142} INFO -   MinIO ↑ [raw-data] 2026-04-20_10-15/nguon1_giang_vien.parquet (8.3 KB | 45 rows)
[2026-04-20T10:15:44.716+0000] {logging_mixin.py:188} WARNING - [2026-04-20 10:15:44] INFO    utils.minio :   MinIO ↑ [raw-data] 2026-04-20_10-15/nguon1_khoa.parquet (2.6 KB | 4 rows)
[2026-04-20T10:15:44.716+0000] {minio_client.py:142} INFO -   MinIO ↑ [raw-data] 2026-04-20_10-15/nguon1_khoa.parquet (2.6 KB | 4 rows)
[2026-04-20T10:15:44.725+0000] {logging_mixin.py:188} WARNING - [2026-04-20 10:15:44] INFO    utils.minio :   MinIO ↑ [raw-data] 2026-04-20_10-15/nguon1_nganh.parquet (3.2 KB | 3 rows)
[2026-04-20T10:15:44.724+0000] {minio_client.py:142} INFO -   MinIO ↑ [raw-data] 2026-04-20_10-15/nguon1_nganh.parquet (3.2 KB | 3 rows)
[2026-04-20T10:15:44.733+0000] {logging_mixin.py:188} WARNING - [2026-04-20 10:15:44] INFO    utils.minio :   MinIO ↑ [raw-data] 2026-04-20_10-15/nguon1_lop_hanh_chinh.parquet (4.8 KB | 48 rows)
[2026-04-20T10:15:44.733+0000] {minio_client.py:142} INFO -   MinIO ↑ [raw-data] 2026-04-20_10-15/nguon1_lop_hanh_chinh.parquet (4.8 KB | 48 rows)
[2026-04-20T10:15:44.746+0000] {logging_mixin.py:188} WARNING - [2026-04-20 10:15:44] INFO    utils.minio :   MinIO ↑ [raw-data] 2026-04-20_10-15/nguon1_tong_hop_ket_qua.parquet (22.0 KB | 1,695 rows)
[2026-04-20T10:15:44.746+0000] {minio_client.py:142} INFO -   MinIO ↑ [raw-data] 2026-04-20_10-15/nguon1_tong_hop_ket_qua.parquet (22.0 KB | 1,695 rows)
[2026-04-20T10:15:44.770+0000] {logging_mixin.py:188} WARNING - [2026-04-20 10:15:44] INFO    utils.minio :   MinIO ↑ [raw-data] 2026-04-20_10-15/nguon2_ctsv.parquet (41.8 KB | 9,475 rows)
[2026-04-20T10:15:44.770+0000] {minio_client.py:142} INFO -   MinIO ↑ [raw-data] 2026-04-20_10-15/nguon2_ctsv.parquet (41.8 KB | 9,475 rows)
[2026-04-20T10:15:44.787+0000] {logging_mixin.py:188} WARNING - [2026-04-20 10:15:44] INFO    utils.minio :   MinIO ↑ [raw-data] 2026-04-20_10-15/nguon3_tai_chinh.parquet (85.6 KB | 9,146 rows)
[2026-04-20T10:15:44.787+0000] {minio_client.py:142} INFO -   MinIO ↑ [raw-data] 2026-04-20_10-15/nguon3_tai_chinh.parquet (85.6 KB | 9,146 rows)
[2026-04-20T10:15:44.788+0000] {logging_mixin.py:188} WARNING - [2026-04-20 10:15:44] INFO    utils.minio :   MinIO upload xong: 12/12 files | run_id=2026-04-20_10-15
[2026-04-20T10:15:44.788+0000] {minio_client.py:188} INFO -   MinIO upload xong: 12/12 files | run_id=2026-04-20_10-15
[2026-04-20T10:15:44.789+0000] {logging_mixin.py:188} WARNING - [2026-04-20 10:15:44] INFO    etl.extract :   MinIO staging: 12/12 files OK → run_id=2026-04-20_10-15
[2026-04-20T10:15:44.789+0000] {extract.py:402} INFO -   MinIO staging: 12/12 files OK → run_id=2026-04-20_10-15
[2026-04-20T10:15:44.791+0000] {logging_mixin.py:188} WARNING - [2026-04-20 10:15:44] INFO    etl.extract : ======================================================================
[2026-04-20T10:15:44.791+0000] {extract.py:365} INFO - ======================================================================
[2026-04-20T10:15:44.792+0000] {logging_mixin.py:188} WARNING - [2026-04-20 10:15:44] INFO    etl.extract :  FULL EXTRACT HOÀN TẤT
[2026-04-20T10:15:44.792+0000] {extract.py:366} INFO -  FULL EXTRACT HOÀN TẤT
[2026-04-20T10:15:44.792+0000] {logging_mixin.py:188} WARNING - [2026-04-20 10:15:44] INFO    etl.extract :    khoa                     :        4
[2026-04-20T10:15:44.792+0000] {extract.py:368} INFO -    khoa                     :        4
[2026-04-20T10:15:44.793+0000] {logging_mixin.py:188} WARNING - [2026-04-20 10:15:44] INFO    etl.extract :    nganh                    :        3
[2026-04-20T10:15:44.793+0000] {extract.py:368} INFO -    nganh                    :        3
[2026-04-20T10:15:44.794+0000] {logging_mixin.py:188} WARNING - [2026-04-20 10:15:44] INFO    etl.extract :    giang_vien               :       45
[2026-04-20T10:15:44.794+0000] {extract.py:368} INFO -    giang_vien               :       45
[2026-04-20T10:15:44.795+0000] {logging_mixin.py:188} WARNING - [2026-04-20 10:15:44] INFO    etl.extract :    lop_hanh_chinh           :       48
[2026-04-20T10:15:44.795+0000] {extract.py:368} INFO -    lop_hanh_chinh           :       48
[2026-04-20T10:15:44.796+0000] {logging_mixin.py:188} WARNING - [2026-04-20 10:15:44] INFO    etl.extract :    sinh_vien                :    1,695
[2026-04-20T10:15:44.796+0000] {extract.py:368} INFO -    sinh_vien                :    1,695
[2026-04-20T10:15:44.797+0000] {logging_mixin.py:188} WARNING - [2026-04-20 10:15:44] INFO    etl.extract :    hoc_phan                 :      121
[2026-04-20T10:15:44.797+0000] {extract.py:368} INFO -    hoc_phan                 :      121
[2026-04-20T10:15:44.797+0000] {logging_mixin.py:188} WARNING - [2026-04-20 10:15:44] INFO    etl.extract :    hoc_ky_nam_hoc           :       13
[2026-04-20T10:15:44.797+0000] {extract.py:368} INFO -    hoc_ky_nam_hoc           :       13
[2026-04-20T10:15:44.798+0000] {logging_mixin.py:188} WARNING - [2026-04-20 10:15:44] INFO    etl.extract :    dang_ky_hoc_phan         :   55,125
[2026-04-20T10:15:44.798+0000] {extract.py:368} INFO -    dang_ky_hoc_phan         :   55,125
[2026-04-20T10:15:44.799+0000] {logging_mixin.py:188} WARNING - [2026-04-20 10:15:44] INFO    etl.extract :    diem_hoc_phan            :   54,640
[2026-04-20T10:15:44.799+0000] {extract.py:368} INFO -    diem_hoc_phan            :   54,640
[2026-04-20T10:15:44.800+0000] {logging_mixin.py:188} WARNING - [2026-04-20 10:15:44] INFO    etl.extract :    tong_hop_ket_qua         :    1,695
[2026-04-20T10:15:44.800+0000] {extract.py:368} INFO -    tong_hop_ket_qua         :    1,695
[2026-04-20T10:15:44.801+0000] {logging_mixin.py:188} WARNING - [2026-04-20 10:15:44] INFO    etl.extract :    ctsv_data                :    9,475
[2026-04-20T10:15:44.801+0000] {extract.py:368} INFO -    ctsv_data                :    9,475
[2026-04-20T10:15:44.803+0000] {logging_mixin.py:188} WARNING - [2026-04-20 10:15:44] INFO    etl.extract :    tai_chinh_data           :    9,146
[2026-04-20T10:15:44.803+0000] {extract.py:368} INFO -    tai_chinh_data           :    9,146
[2026-04-20T10:15:44.803+0000] {logging_mixin.py:188} WARNING - [2026-04-20 10:15:44] INFO    etl.extract : ======================================================================
[2026-04-20T10:15:44.803+0000] {extract.py:369} INFO - ======================================================================
[2026-04-20T10:15:44.836+0000] {logging_mixin.py:188} INFO - Extract xong: {'khoa': 4, 'nganh': 3, 'giang_vien': 45, 'lop_hanh_chinh': 48, 'sinh_vien': 1695, 'hoc_phan': 121, 'hoc_ky_nam_hoc': 13, 'dang_ky_hoc_phan': 55125, 'diem_hoc_phan': 54640, 'tong_hop_ket_qua': 1695, 'ctsv_data': 9475, 'tai_chinh_data': 9146}
[2026-04-20T10:15:44.846+0000] {python.py:201} INFO - Done. Returned value was: {'khoa': 4, 'nganh': 3, 'giang_vien': 45, 'lop_hanh_chinh': 48, 'sinh_vien': 1695, 'hoc_phan': 121, 'hoc_ky_nam_hoc': 13, 'dang_ky_hoc_phan': 55125, 'diem_hoc_phan': 54640, 'tong_hop_ket_qua': 1695, 'ctsv_data': 9475, 'tai_chinh_data': 9146}
[2026-04-20T10:15:44.870+0000] {taskinstance.py:1138} INFO - Marking task as SUCCESS. dag_id=daily_student_pipeline, task_id=extract_data, execution_date=20260420T101536, start_date=20260420T101538, end_date=20260420T101544
[2026-04-20T10:15:44.909+0000] {local_task_job_runner.py:234} INFO - Task exited with return code 0
[2026-04-20T10:15:44.935+0000] {taskinstance.py:3280} INFO - 1 downstream tasks scheduled from follow-on schedule check
