[2026-03-31T13:51:49.816+0000] {taskinstance.py:1956} INFO - Dependencies all met for dep_context=non-requeueable deps ti=<TaskInstance: daily_student_pipeline.extract_data scheduled__2026-03-29T02:00:00+00:00 [queued]>
[2026-03-31T13:51:49.849+0000] {taskinstance.py:1956} INFO - Dependencies all met for dep_context=requeueable deps ti=<TaskInstance: daily_student_pipeline.extract_data scheduled__2026-03-29T02:00:00+00:00 [queued]>
[2026-03-31T13:51:49.850+0000] {taskinstance.py:2170} INFO - Starting attempt 1 of 1
[2026-03-31T13:51:49.879+0000] {taskinstance.py:2191} INFO - Executing <Task(PythonOperator): extract_data> on 2026-03-29 02:00:00+00:00
[2026-03-31T13:51:49.890+0000] {standard_task_runner.py:60} INFO - Started process 203 to run task
[2026-03-31T13:51:49.896+0000] {standard_task_runner.py:87} INFO - Running: ['***', 'tasks', 'run', 'daily_student_pipeline', 'extract_data', 'scheduled__2026-03-29T02:00:00+00:00', '--job-id', '63', '--raw', '--subdir', 'DAGS_FOLDER/daily_student_pipeline.py', '--cfg-path', '/tmp/tmpqth085wn']
[2026-03-31T13:51:49.900+0000] {standard_task_runner.py:88} INFO - Job 63: Subtask extract_data
[2026-03-31T13:51:50.063+0000] {task_command.py:423} INFO - Running <TaskInstance: daily_student_pipeline.extract_data scheduled__2026-03-29T02:00:00+00:00 [running]> on host 8474c56aea3d
[2026-03-31T13:51:50.249+0000] {taskinstance.py:2480} INFO - Exporting env vars: AIRFLOW_CTX_DAG_OWNER='nhom8' AIRFLOW_CTX_DAG_ID='daily_student_pipeline' AIRFLOW_CTX_TASK_ID='extract_data' AIRFLOW_CTX_EXECUTION_DATE='2026-03-29T02:00:00+00:00' AIRFLOW_CTX_TRY_NUMBER='1' AIRFLOW_CTX_DAG_RUN_ID='scheduled__2026-03-29T02:00:00+00:00'
[2026-03-31T13:51:51.763+0000] {logging_mixin.py:188} WARNING - [2026-03-31 13:51:51] INFO    etl.extract : ==BẮT ĐẦU FULL EXTRACT==
[2026-03-31T13:51:51.763+0000] {extract.py:277} INFO - ==BẮT ĐẦU FULL EXTRACT==
[2026-03-31T13:51:51.765+0000] {logging_mixin.py:188} WARNING - [2026-03-31 13:51:51] INFO    etl.extract : ======================================================================
[2026-03-31T13:51:51.765+0000] {extract.py:278} INFO - ======================================================================
[2026-03-31T13:51:51.773+0000] {logging_mixin.py:188} WARNING - [2026-03-31 13:51:51] INFO    etl.extract : ════════════════════════════════════════════════════════════
[2026-03-31T13:51:51.772+0000] {extract.py:82} INFO - ════════════════════════════════════════════════════════════
[2026-03-31T13:51:51.774+0000] {logging_mixin.py:188} WARNING - [2026-03-31 13:51:51] INFO    etl.extract : NGUỒN 1 — PostgreSQL (Phòng Đào tạo) | Full Extract
[2026-03-31T13:51:51.774+0000] {extract.py:83} INFO - NGUỒN 1 — PostgreSQL (Phòng Đào tạo) | Full Extract
[2026-03-31T13:51:51.775+0000] {logging_mixin.py:188} WARNING - [2026-03-31 13:51:51] INFO    etl.extract : ════════════════════════════════════════════════════════════
[2026-03-31T13:51:51.775+0000] {extract.py:84} INFO - ════════════════════════════════════════════════════════════
[2026-03-31T13:51:51.924+0000] {logging_mixin.py:188} WARNING - [2026-03-31 13:51:51] INFO    etl.extract :   PostgreSQL | khoa                      →      4 records
[2026-03-31T13:51:51.924+0000] {extract.py:66} INFO -   PostgreSQL | khoa                      →      4 records
[2026-03-31T13:51:51.978+0000] {logging_mixin.py:188} WARNING - [2026-03-31 13:51:51] INFO    etl.extract :   PostgreSQL | nganh                     →      3 records
[2026-03-31T13:51:51.978+0000] {extract.py:66} INFO -   PostgreSQL | nganh                     →      3 records
[2026-03-31T13:51:52.028+0000] {logging_mixin.py:188} WARNING - [2026-03-31 13:51:52] INFO    etl.extract :   PostgreSQL | giang_vien                →     45 records
[2026-03-31T13:51:52.028+0000] {extract.py:66} INFO -   PostgreSQL | giang_vien                →     45 records
[2026-03-31T13:51:52.122+0000] {logging_mixin.py:188} WARNING - [2026-03-31 13:51:52] INFO    etl.extract :   PostgreSQL | lop_hanh_chinh            →     48 records
[2026-03-31T13:51:52.122+0000] {extract.py:66} INFO -   PostgreSQL | lop_hanh_chinh            →     48 records
[2026-03-31T13:51:51.536+0000] {logging_mixin.py:188} WARNING - [2026-03-31 13:51:51] INFO    etl.extract :   PostgreSQL | sinh_vien                 →  1,695 records
[2026-03-31T13:51:51.536+0000] {extract.py:66} INFO -   PostgreSQL | sinh_vien                 →  1,695 records
[2026-03-31T13:51:51.643+0000] {logging_mixin.py:188} WARNING - [2026-03-31 13:51:51] INFO    etl.extract :   PostgreSQL | hoc_phan                  →    121 records
[2026-03-31T13:51:51.642+0000] {extract.py:66} INFO -   PostgreSQL | hoc_phan                  →    121 records
[2026-03-31T13:51:51.684+0000] {logging_mixin.py:188} WARNING - [2026-03-31 13:51:51] INFO    etl.extract :   PostgreSQL | hoc_ky_nam_hoc            →      9 records
[2026-03-31T13:51:51.683+0000] {extract.py:66} INFO -   PostgreSQL | hoc_ky_nam_hoc            →      9 records
[2026-03-31T13:51:52.129+0000] {logging_mixin.py:188} WARNING - [2026-03-31 13:51:52] INFO    etl.extract :   PostgreSQL | dang_ky_hoc_phan          → 54,529 records
[2026-03-31T13:51:52.128+0000] {extract.py:66} INFO -   PostgreSQL | dang_ky_hoc_phan          → 54,529 records
[2026-03-31T13:51:53.323+0000] {logging_mixin.py:188} WARNING - [2026-03-31 13:51:53] INFO    etl.extract :   PostgreSQL | diem_hoc_phan             → 54,529 records
[2026-03-31T13:51:53.323+0000] {extract.py:66} INFO -   PostgreSQL | diem_hoc_phan             → 54,529 records
[2026-03-31T13:51:53.410+0000] {logging_mixin.py:188} WARNING - [2026-03-31 13:51:53] INFO    etl.extract :   PostgreSQL | tong_hop_ket_qua          →  1,695 records
[2026-03-31T13:51:53.410+0000] {extract.py:66} INFO -   PostgreSQL | tong_hop_ket_qua          →  1,695 records
[2026-03-31T13:51:53.412+0000] {logging_mixin.py:188} WARNING - [2026-03-31 13:51:53] INFO    etl.extract :   PostgreSQL | TỔNG: 112,678 records từ 10 bảng
[2026-03-31T13:51:53.412+0000] {extract.py:91} INFO -   PostgreSQL | TỔNG: 112,678 records từ 10 bảng
[2026-03-31T13:51:53.413+0000] {logging_mixin.py:188} WARNING - [2026-03-31 13:51:53] INFO    etl.extract : ════════════════════════════════════════════════════════════
[2026-03-31T13:51:53.413+0000] {extract.py:163} INFO - ════════════════════════════════════════════════════════════
[2026-03-31T13:51:53.414+0000] {logging_mixin.py:188} WARNING - [2026-03-31 13:51:53] INFO    etl.extract : NGUỒN 2 — CSV (Phòng CTSV) | Extract
[2026-03-31T13:51:53.414+0000] {extract.py:164} INFO - NGUỒN 2 — CSV (Phòng CTSV) | Extract
[2026-03-31T13:51:53.415+0000] {logging_mixin.py:188} WARNING - [2026-03-31 13:51:53] INFO    etl.extract : ════════════════════════════════════════════════════════════
[2026-03-31T13:51:53.415+0000] {extract.py:165} INFO - ════════════════════════════════════════════════════════════
[2026-03-31T13:51:53.420+0000] {logging_mixin.py:188} WARNING - [2026-03-31 13:51:53] INFO    etl.extract :   CSV | Tìm thấy 9 file(s)
[2026-03-31T13:51:53.419+0000] {extract.py:174} INFO -   CSV | Tìm thấy 9 file(s)
[2026-03-31T13:51:53.555+0000] {logging_mixin.py:188} WARNING - [2026-03-31 13:51:53] INFO    etl.extract :   CSV | ctsv_HK1_2021_22.csv                →    780 records
[2026-03-31T13:51:53.555+0000] {extract.py:140} INFO -   CSV | ctsv_HK1_2021_22.csv                →    780 records
[2026-03-31T13:51:53.594+0000] {logging_mixin.py:188} WARNING - [2026-03-31 13:51:53] INFO    etl.extract :   CSV | ctsv_HK1_2022_23.csv                →  1,580 records
[2026-03-31T13:51:53.594+0000] {extract.py:140} INFO -   CSV | ctsv_HK1_2022_23.csv                →  1,580 records
[2026-03-31T13:51:53.716+0000] {logging_mixin.py:188} WARNING - [2026-03-31 13:51:53] INFO    etl.extract :   CSV | ctsv_HK1_2023_24.csv                →  2,395 records
[2026-03-31T13:51:53.716+0000] {extract.py:140} INFO -   CSV | ctsv_HK1_2023_24.csv                →  2,395 records
[2026-03-31T13:51:53.744+0000] {logging_mixin.py:188} WARNING - [2026-03-31 13:51:53] INFO    etl.extract :   CSV | ctsv_HK1_2024_25.csv                →  3,202 records
[2026-03-31T13:51:53.744+0000] {extract.py:140} INFO -   CSV | ctsv_HK1_2024_25.csv                →  3,202 records
[2026-03-31T13:51:53.773+0000] {logging_mixin.py:188} WARNING - [2026-03-31 13:51:53] INFO    etl.extract :   CSV | ctsv_HK1_2025_26.csv                →  2,428 records
[2026-03-31T13:51:53.773+0000] {extract.py:140} INFO -   CSV | ctsv_HK1_2025_26.csv                →  2,428 records
[2026-03-31T13:51:53.860+0000] {logging_mixin.py:188} WARNING - [2026-03-31 13:51:53] INFO    etl.extract :   CSV | ctsv_HK2_2021_22.csv                →    780 records
[2026-03-31T13:51:53.859+0000] {extract.py:140} INFO -   CSV | ctsv_HK2_2021_22.csv                →    780 records
[2026-03-31T13:51:53.884+0000] {logging_mixin.py:188} WARNING - [2026-03-31 13:51:53] INFO    etl.extract :   CSV | ctsv_HK2_2022_23.csv                →  1,559 records
[2026-03-31T13:51:53.884+0000] {extract.py:140} INFO -   CSV | ctsv_HK2_2022_23.csv                →  1,559 records
[2026-03-31T13:51:53.918+0000] {logging_mixin.py:188} WARNING - [2026-03-31 13:51:53] INFO    etl.extract :   CSV | ctsv_HK2_2023_24.csv                →  2,381 records
[2026-03-31T13:51:53.918+0000] {extract.py:140} INFO -   CSV | ctsv_HK2_2023_24.csv                →  2,381 records
[2026-03-31T13:51:53.953+0000] {logging_mixin.py:188} WARNING - [2026-03-31 13:51:53] INFO    etl.extract :   CSV | ctsv_HK2_2024_25.csv                →  2,835 records
[2026-03-31T13:51:53.953+0000] {extract.py:140} INFO -   CSV | ctsv_HK2_2024_25.csv                →  2,835 records
[2026-03-31T13:51:53.966+0000] {logging_mixin.py:188} WARNING - [2026-03-31 13:51:53] INFO    etl.extract :   CSV | Loại bỏ 8950 bản ghi trùng
[2026-03-31T13:51:53.966+0000] {extract.py:191} INFO -   CSV | Loại bỏ 8950 bản ghi trùng
[2026-03-31T13:51:53.968+0000] {logging_mixin.py:188} WARNING - [2026-03-31 13:51:53] INFO    etl.extract :   CSV | TỔNG: 8,990 records từ 9 file(s)
[2026-03-31T13:51:53.968+0000] {extract.py:193} INFO -   CSV | TỔNG: 8,990 records từ 9 file(s)
[2026-03-31T13:51:54.012+0000] {logging_mixin.py:188} WARNING - [2026-03-31 13:51:54] INFO    etl.extract :   API | (JSON) taichinh_HK1_2021_22.json →    390 records
[2026-03-31T13:51:54.012+0000] {extract.py:242} INFO -   API | (JSON) taichinh_HK1_2021_22.json →    390 records
[2026-03-31T13:51:54.058+0000] {logging_mixin.py:188} WARNING - [2026-03-31 13:51:54] INFO    etl.extract :   API | (JSON) taichinh_HK1_2022_23.json →    787 records
[2026-03-31T13:51:54.056+0000] {extract.py:242} INFO -   API | (JSON) taichinh_HK1_2022_23.json →    787 records
[2026-03-31T13:51:54.125+0000] {logging_mixin.py:188} WARNING - [2026-03-31 13:51:54] INFO    etl.extract :   API | (JSON) taichinh_HK1_2023_24.json →  1,192 records
[2026-03-31T13:51:54.125+0000] {extract.py:242} INFO -   API | (JSON) taichinh_HK1_2023_24.json →  1,192 records
[2026-03-31T13:51:54.224+0000] {logging_mixin.py:188} WARNING - [2026-03-31 13:51:54] INFO    etl.extract :   API | (JSON) taichinh_HK1_2024_25.json →  1,592 records
[2026-03-31T13:51:54.224+0000] {extract.py:242} INFO -   API | (JSON) taichinh_HK1_2024_25.json →  1,592 records
[2026-03-31T13:51:54.270+0000] {logging_mixin.py:188} WARNING - [2026-03-31 13:51:54] INFO    etl.extract :   API | (JSON) taichinh_HK1_2025_26.json →  1,206 records
[2026-03-31T13:51:54.270+0000] {extract.py:242} INFO -   API | (JSON) taichinh_HK1_2025_26.json →  1,206 records
[2026-03-31T13:51:54.309+0000] {logging_mixin.py:188} WARNING - [2026-03-31 13:51:54] INFO    etl.extract :   API | (JSON) taichinh_HK2_2021_22.json →    390 records
[2026-03-31T13:51:54.309+0000] {extract.py:242} INFO -   API | (JSON) taichinh_HK2_2021_22.json →    390 records
[2026-03-31T13:51:54.350+0000] {logging_mixin.py:188} WARNING - [2026-03-31 13:51:54] INFO    etl.extract :   API | (JSON) taichinh_HK2_2022_23.json →    778 records
[2026-03-31T13:51:54.349+0000] {extract.py:242} INFO -   API | (JSON) taichinh_HK2_2022_23.json →    778 records
[2026-03-31T13:51:54.400+0000] {logging_mixin.py:188} WARNING - [2026-03-31 13:51:54] INFO    etl.extract :   API | (JSON) taichinh_HK2_2023_24.json →  1,186 records
[2026-03-31T13:51:54.400+0000] {extract.py:242} INFO -   API | (JSON) taichinh_HK2_2023_24.json →  1,186 records
[2026-03-31T13:51:54.456+0000] {logging_mixin.py:188} WARNING - [2026-03-31 13:51:54] INFO    etl.extract :   API | (JSON) taichinh_HK2_2024_25.json →  1,469 records
[2026-03-31T13:51:54.456+0000] {extract.py:242} INFO -   API | (JSON) taichinh_HK2_2024_25.json →  1,469 records
[2026-03-31T13:51:54.459+0000] {logging_mixin.py:188} WARNING - [2026-03-31 13:51:54] INFO    etl.extract :   API | TỔNG: 8,990 records từ 9 HK
[2026-03-31T13:51:54.459+0000] {extract.py:266} INFO -   API | TỔNG: 8,990 records từ 9 HK
[2026-03-31T13:51:55.649+0000] {logging_mixin.py:188} WARNING - [2026-03-31 13:51:55] INFO    utils.minio :   MinIO ↑ [raw-data] 2026-03-31_13-51/nguon1_sinh_vien.parquet (47.4 KB | 1,695 rows)
[2026-03-31T13:51:55.649+0000] {minio_client.py:142} INFO -   MinIO ↑ [raw-data] 2026-03-31_13-51/nguon1_sinh_vien.parquet (47.4 KB | 1,695 rows)
[2026-03-31T13:51:55.750+0000] {logging_mixin.py:188} WARNING - [2026-03-31 13:51:55] INFO    utils.minio :   MinIO ↑ [raw-data] 2026-03-31_13-51/nguon1_dang_ky.parquet (459.3 KB | 54,529 rows)
[2026-03-31T13:51:55.750+0000] {minio_client.py:142} INFO -   MinIO ↑ [raw-data] 2026-03-31_13-51/nguon1_dang_ky.parquet (459.3 KB | 54,529 rows)
[2026-03-31T13:51:55.844+0000] {logging_mixin.py:188} WARNING - [2026-03-31 13:51:55] INFO    utils.minio :   MinIO ↑ [raw-data] 2026-03-31_13-51/nguon1_diem.parquet (1108.6 KB | 54,529 rows)
[2026-03-31T13:51:55.844+0000] {minio_client.py:142} INFO -   MinIO ↑ [raw-data] 2026-03-31_13-51/nguon1_diem.parquet (1108.6 KB | 54,529 rows)
[2026-03-31T13:51:55.863+0000] {logging_mixin.py:188} WARNING - [2026-03-31 13:51:55] INFO    utils.minio :   MinIO ↑ [raw-data] 2026-03-31_13-51/nguon1_hoc_phan.parquet (10.3 KB | 121 rows)
[2026-03-31T13:51:55.863+0000] {minio_client.py:142} INFO -   MinIO ↑ [raw-data] 2026-03-31_13-51/nguon1_hoc_phan.parquet (10.3 KB | 121 rows)
[2026-03-31T13:51:55.878+0000] {logging_mixin.py:188} WARNING - [2026-03-31 13:51:55] INFO    utils.minio :   MinIO ↑ [raw-data] 2026-03-31_13-51/nguon1_hoc_ky.parquet (4.1 KB | 9 rows)
[2026-03-31T13:51:55.878+0000] {minio_client.py:142} INFO -   MinIO ↑ [raw-data] 2026-03-31_13-51/nguon1_hoc_ky.parquet (4.1 KB | 9 rows)
[2026-03-31T13:51:55.893+0000] {logging_mixin.py:188} WARNING - [2026-03-31 13:51:55] INFO    utils.minio :   MinIO ↑ [raw-data] 2026-03-31_13-51/nguon1_giang_vien.parquet (8.3 KB | 45 rows)
[2026-03-31T13:51:55.893+0000] {minio_client.py:142} INFO -   MinIO ↑ [raw-data] 2026-03-31_13-51/nguon1_giang_vien.parquet (8.3 KB | 45 rows)
[2026-03-31T13:51:55.907+0000] {logging_mixin.py:188} WARNING - [2026-03-31 13:51:55] INFO    utils.minio :   MinIO ↑ [raw-data] 2026-03-31_13-51/nguon1_khoa.parquet (2.6 KB | 4 rows)
[2026-03-31T13:51:55.907+0000] {minio_client.py:142} INFO -   MinIO ↑ [raw-data] 2026-03-31_13-51/nguon1_khoa.parquet (2.6 KB | 4 rows)
[2026-03-31T13:51:55.922+0000] {logging_mixin.py:188} WARNING - [2026-03-31 13:51:55] INFO    utils.minio :   MinIO ↑ [raw-data] 2026-03-31_13-51/nguon1_nganh.parquet (3.2 KB | 3 rows)
[2026-03-31T13:51:55.921+0000] {minio_client.py:142} INFO -   MinIO ↑ [raw-data] 2026-03-31_13-51/nguon1_nganh.parquet (3.2 KB | 3 rows)
[2026-03-31T13:51:55.935+0000] {logging_mixin.py:188} WARNING - [2026-03-31 13:51:55] INFO    utils.minio :   MinIO ↑ [raw-data] 2026-03-31_13-51/nguon1_lop_hanh_chinh.parquet (4.8 KB | 48 rows)
[2026-03-31T13:51:55.935+0000] {minio_client.py:142} INFO -   MinIO ↑ [raw-data] 2026-03-31_13-51/nguon1_lop_hanh_chinh.parquet (4.8 KB | 48 rows)
[2026-03-31T13:51:55.954+0000] {logging_mixin.py:188} WARNING - [2026-03-31 13:51:55] INFO    utils.minio :   MinIO ↑ [raw-data] 2026-03-31_13-51/nguon1_tong_hop_ket_qua.parquet (22.0 KB | 1,695 rows)
[2026-03-31T13:51:55.954+0000] {minio_client.py:142} INFO -   MinIO ↑ [raw-data] 2026-03-31_13-51/nguon1_tong_hop_ket_qua.parquet (22.0 KB | 1,695 rows)
[2026-03-31T13:51:55.978+0000] {logging_mixin.py:188} WARNING - [2026-03-31 13:51:55] INFO    utils.minio :   MinIO ↑ [raw-data] 2026-03-31_13-51/nguon2_ctsv.parquet (37.4 KB | 8,990 rows)
[2026-03-31T13:51:55.978+0000] {minio_client.py:142} INFO -   MinIO ↑ [raw-data] 2026-03-31_13-51/nguon2_ctsv.parquet (37.4 KB | 8,990 rows)
[2026-03-31T13:51:56.006+0000] {logging_mixin.py:188} WARNING - [2026-03-31 13:51:56] INFO    utils.minio :   MinIO ↑ [raw-data] 2026-03-31_13-51/nguon3_tai_chinh.parquet (65.0 KB | 8,990 rows)
[2026-03-31T13:51:56.005+0000] {minio_client.py:142} INFO -   MinIO ↑ [raw-data] 2026-03-31_13-51/nguon3_tai_chinh.parquet (65.0 KB | 8,990 rows)
[2026-03-31T13:51:56.007+0000] {logging_mixin.py:188} WARNING - [2026-03-31 13:51:56] INFO    utils.minio :   MinIO upload xong: 12/12 files | run_id=2026-03-31_13-51
[2026-03-31T13:51:56.007+0000] {minio_client.py:188} INFO -   MinIO upload xong: 12/12 files | run_id=2026-03-31_13-51
[2026-03-31T13:51:56.010+0000] {logging_mixin.py:188} WARNING - [2026-03-31 13:51:56] INFO    etl.extract :   MinIO staging: 12/12 files OK → run_id=2026-03-31_13-51
[2026-03-31T13:51:56.010+0000] {extract.py:333} INFO -   MinIO staging: 12/12 files OK → run_id=2026-03-31_13-51
[2026-03-31T13:51:56.014+0000] {logging_mixin.py:188} WARNING - [2026-03-31 13:51:56] INFO    etl.extract : ======================================================================
[2026-03-31T13:51:56.014+0000] {extract.py:296} INFO - ======================================================================
[2026-03-31T13:51:56.016+0000] {logging_mixin.py:188} WARNING - [2026-03-31 13:51:56] INFO    etl.extract :  FULL EXTRACT HOÀN TẤT
[2026-03-31T13:51:56.016+0000] {extract.py:297} INFO -  FULL EXTRACT HOÀN TẤT
[2026-03-31T13:51:56.018+0000] {logging_mixin.py:188} WARNING - [2026-03-31 13:51:56] INFO    etl.extract :    khoa                     :        4
[2026-03-31T13:51:56.017+0000] {extract.py:299} INFO -    khoa                     :        4
[2026-03-31T13:51:56.020+0000] {logging_mixin.py:188} WARNING - [2026-03-31 13:51:56] INFO    etl.extract :    nganh                    :        3
[2026-03-31T13:51:56.020+0000] {extract.py:299} INFO -    nganh                    :        3
[2026-03-31T13:51:56.022+0000] {logging_mixin.py:188} WARNING - [2026-03-31 13:51:56] INFO    etl.extract :    giang_vien               :       45
[2026-03-31T13:51:56.021+0000] {extract.py:299} INFO -    giang_vien               :       45
[2026-03-31T13:51:56.023+0000] {logging_mixin.py:188} WARNING - [2026-03-31 13:51:56] INFO    etl.extract :    lop_hanh_chinh           :       48
[2026-03-31T13:51:56.023+0000] {extract.py:299} INFO -    lop_hanh_chinh           :       48
[2026-03-31T13:51:56.026+0000] {logging_mixin.py:188} WARNING - [2026-03-31 13:51:56] INFO    etl.extract :    sinh_vien                :    1,695
[2026-03-31T13:51:56.026+0000] {extract.py:299} INFO -    sinh_vien                :    1,695
[2026-03-31T13:51:56.027+0000] {logging_mixin.py:188} WARNING - [2026-03-31 13:51:56] INFO    etl.extract :    hoc_phan                 :      121
[2026-03-31T13:51:56.027+0000] {extract.py:299} INFO -    hoc_phan                 :      121
[2026-03-31T13:51:56.028+0000] {logging_mixin.py:188} WARNING - [2026-03-31 13:51:56] INFO    etl.extract :    hoc_ky_nam_hoc           :        9
[2026-03-31T13:51:56.028+0000] {extract.py:299} INFO -    hoc_ky_nam_hoc           :        9
[2026-03-31T13:51:56.029+0000] {logging_mixin.py:188} WARNING - [2026-03-31 13:51:56] INFO    etl.extract :    dang_ky_hoc_phan         :   54,529
[2026-03-31T13:51:56.029+0000] {extract.py:299} INFO -    dang_ky_hoc_phan         :   54,529
[2026-03-31T13:51:56.031+0000] {logging_mixin.py:188} WARNING - [2026-03-31 13:51:56] INFO    etl.extract :    diem_hoc_phan            :   54,529
[2026-03-31T13:51:56.031+0000] {extract.py:299} INFO -    diem_hoc_phan            :   54,529
[2026-03-31T13:51:56.032+0000] {logging_mixin.py:188} WARNING - [2026-03-31 13:51:56] INFO    etl.extract :    tong_hop_ket_qua         :    1,695
[2026-03-31T13:51:56.032+0000] {extract.py:299} INFO -    tong_hop_ket_qua         :    1,695
[2026-03-31T13:51:56.033+0000] {logging_mixin.py:188} WARNING - [2026-03-31 13:51:56] INFO    etl.extract :    ctsv_data                :    8,990
[2026-03-31T13:51:56.033+0000] {extract.py:299} INFO -    ctsv_data                :    8,990
[2026-03-31T13:51:56.034+0000] {logging_mixin.py:188} WARNING - [2026-03-31 13:51:56] INFO    etl.extract :    tai_chinh_data           :    8,990
[2026-03-31T13:51:56.034+0000] {extract.py:299} INFO -    tai_chinh_data           :    8,990
[2026-03-31T13:51:56.035+0000] {logging_mixin.py:188} WARNING - [2026-03-31 13:51:56] INFO    etl.extract : ======================================================================
[2026-03-31T13:51:56.035+0000] {extract.py:300} INFO - ======================================================================
[2026-03-31T13:51:56.088+0000] {logging_mixin.py:188} INFO - Extract xong: {'khoa': 4, 'nganh': 3, 'giang_vien': 45, 'lop_hanh_chinh': 48, 'sinh_vien': 1695, 'hoc_phan': 121, 'hoc_ky_nam_hoc': 9, 'dang_ky_hoc_phan': 54529, 'diem_hoc_phan': 54529, 'tong_hop_ket_qua': 1695, 'ctsv_data': 8990, 'tai_chinh_data': 8990}
[2026-03-31T13:51:56.100+0000] {python.py:201} INFO - Done. Returned value was: {'khoa': 4, 'nganh': 3, 'giang_vien': 45, 'lop_hanh_chinh': 48, 'sinh_vien': 1695, 'hoc_phan': 121, 'hoc_ky_nam_hoc': 9, 'dang_ky_hoc_phan': 54529, 'diem_hoc_phan': 54529, 'tong_hop_ket_qua': 1695, 'ctsv_data': 8990, 'tai_chinh_data': 8990}
[2026-03-31T13:51:56.128+0000] {taskinstance.py:1138} INFO - Marking task as SUCCESS. dag_id=daily_student_pipeline, task_id=extract_data, execution_date=20260329T020000, start_date=20260331T135149, end_date=20260331T135156
[2026-03-31T13:51:56.193+0000] {local_task_job_runner.py:234} INFO - Task exited with return code 0
[2026-03-31T13:51:56.257+0000] {taskinstance.py:3280} INFO - 0 downstream tasks scheduled from follow-on schedule check
