[2026-05-02T02:00:22.157+0000] {taskinstance.py:1956} INFO - Dependencies all met for dep_context=non-requeueable deps ti=<TaskInstance: daily_student_pipeline.load_data scheduled__2026-05-01T02:00:00+00:00 [queued]>
[2026-05-02T02:00:22.165+0000] {taskinstance.py:1956} INFO - Dependencies all met for dep_context=requeueable deps ti=<TaskInstance: daily_student_pipeline.load_data scheduled__2026-05-01T02:00:00+00:00 [queued]>
[2026-05-02T02:00:22.166+0000] {taskinstance.py:2170} INFO - Starting attempt 1 of 1
[2026-05-02T02:00:22.179+0000] {taskinstance.py:2191} INFO - Executing <Task(PythonOperator): load_data> on 2026-05-01 02:00:00+00:00
[2026-05-02T02:00:22.184+0000] {standard_task_runner.py:60} INFO - Started process 11354 to run task
[2026-05-02T02:00:22.187+0000] {standard_task_runner.py:87} INFO - Running: ['***', 'tasks', 'run', 'daily_student_pipeline', 'load_data', 'scheduled__2026-05-01T02:00:00+00:00', '--job-id', '609', '--raw', '--subdir', 'DAGS_FOLDER/daily_student_pipeline.py', '--cfg-path', '/tmp/tmp4305lswy']
[2026-05-02T02:00:22.189+0000] {standard_task_runner.py:88} INFO - Job 609: Subtask load_data
[2026-05-02T02:00:22.266+0000] {task_command.py:423} INFO - Running <TaskInstance: daily_student_pipeline.load_data scheduled__2026-05-01T02:00:00+00:00 [running]> on host 485f600440bc
[2026-05-02T02:00:22.358+0000] {taskinstance.py:2480} INFO - Exporting env vars: AIRFLOW_CTX_DAG_OWNER='nhom8' AIRFLOW_CTX_DAG_ID='daily_student_pipeline' AIRFLOW_CTX_TASK_ID='load_data' AIRFLOW_CTX_EXECUTION_DATE='2026-05-01T02:00:00+00:00' AIRFLOW_CTX_TRY_NUMBER='1' AIRFLOW_CTX_DAG_RUN_ID='scheduled__2026-05-01T02:00:00+00:00'
[2026-05-02T02:00:23.001+0000] {transform.py:159} INFO -   Load TransformedData từ MinIO staging: run_id=2026-05-02_02-00
[2026-05-02T02:00:23.007+0000] {minio_client.py:229} WARNING -   MinIO không tìm thấy: 2026-05-02_02-00/dim_hoc_ky.parquet
[2026-05-02T02:00:23.036+0000] {minio_client.py:223} INFO -   MinIO ↓ [staging-data] 2026-05-02_02-00/dim_giang_vien.parquet (45 rows)
[2026-05-02T02:00:23.046+0000] {minio_client.py:223} INFO -   MinIO ↓ [staging-data] 2026-05-02_02-00/dim_hoc_phan.parquet (121 rows)
[2026-05-02T02:00:23.059+0000] {minio_client.py:223} INFO -   MinIO ↓ [staging-data] 2026-05-02_02-00/dim_sinh_vien.parquet (1,695 rows)
[2026-05-02T02:00:23.062+0000] {minio_client.py:229} WARNING -   MinIO không tìm thấy: 2026-05-02_02-00/fact_diem.parquet
[2026-05-02T02:00:23.066+0000] {minio_client.py:229} WARNING -   MinIO không tìm thấy: 2026-05-02_02-00/fact_dang_ky.parquet
[2026-05-02T02:00:23.079+0000] {minio_client.py:223} INFO -   MinIO ↓ [staging-data] 2026-05-02_02-00/fact_ren_luyen.parquet (9,962 rows)
[2026-05-02T02:00:23.092+0000] {minio_client.py:223} INFO -   MinIO ↓ [staging-data] 2026-05-02_02-00/fact_tai_chinh.parquet (9,670 rows)
[2026-05-02T02:00:23.092+0000] {transform.py:172} INFO - Load from staging-data OK — run_id=2026-05-02_02-00
[2026-05-02T02:00:23.093+0000] {load.py:51} INFO - ==BẮT ĐẦU LOAD VÀO DATA WAREHOUSE==
[2026-05-02T02:00:23.093+0000] {load.py:52} INFO - ======================================================================
[2026-05-02T02:00:23.094+0000] {load.py:121} INFO - Tạo schema warehouse từ warehouse_models.py...
[2026-05-02T02:00:23.110+0000] {load.py:123} INFO -   Schema warehouse OK
[2026-05-02T02:00:23.111+0000] {load.py:57} INFO - ── Bước 1: Load Dimension Tables ──
[2026-05-02T02:00:23.169+0000] {load.py:262} INFO -   dim_giang_vien →     45 records (new: 0)
[2026-05-02T02:00:23.295+0000] {load.py:310} INFO -   dim_hoc_phan   →    121 records (new: 0)
[2026-05-02T02:00:25.031+0000] {load.py:419} INFO -   dim_sinh_vien →  1,695 records (new: 0, SCD2: 0, fact cascade: 0)
[2026-05-02T02:00:25.032+0000] {load.py:63} INFO - ── Bước 2: Build Surrogate Key Cache ──
[2026-05-02T02:00:25.032+0000] {load.py:126} INFO - Building surrogate key caches...
[2026-05-02T02:00:25.046+0000] {load.py:154} INFO -   SV=1695, HP=121, GV=45, HK=13
[2026-05-02T02:00:25.047+0000] {load.py:66} INFO - ── Bước 3: Load Fact Tables ──
[2026-05-02T02:00:25.048+0000] {load.py:488} INFO -   fact_hoc_tap   → SKIP (empty)
[2026-05-02T02:00:25.048+0000] {load.py:579} INFO -   fact_dang_ky   → SKIP (empty)
[2026-05-02T02:00:25.051+0000] {load.py:686} WARNING -   fact_ctsv | [DEDUP Tầng 1 - DataFrame] Loại bỏ 292 bản ghi trùng (9962 → 9670)
[2026-05-02T02:00:25.059+0000] {load.py:719} WARNING -   fact_ctsv | Bỏ qua 5 rows: không tìm thấy surrogate key (SV hoặc HK chưa có trong dim)
[2026-05-02T02:00:25.118+0000] {load.py:805} INFO -   fact_ctsv | Vectorize OK: 9670 input → 9665 valid records
[2026-05-02T02:00:26.689+0000] {load.py:873} INFO -   fact_ctsv | Tiến độ: 2/2 batches (9,665/9,665 records)
[2026-05-02T02:00:26.689+0000] {load.py:881} INFO -   fact_ctsv      → 9,665 records (upserted) | Đã loại: 292 duplicates
[2026-05-02T02:00:26.699+0000] {load.py:931} INFO -   fact_tai_chinh | Đã làm sạch 1 cột datetime (NaT → None)
[2026-05-02T02:00:28.275+0000] {load.py:1001} INFO -   fact_tai_chinh →  9,665 records (upserted)
[2026-05-02T02:00:28.277+0000] {load.py:73} INFO - ── Bước 4: Build Aggregation ──
[2026-05-02T02:00:28.277+0000] {aggregation.py:12} INFO - == BẮT ĐẦU AGGREGATION ==
[2026-05-02T02:00:28.751+0000] {aggregation.py:288} INFO -   agg_student_summary → 1,695 records
[2026-05-02T02:00:28.751+0000] {aggregation.py:14} INFO -   agg_student_summary rebuilt : 1,695
[2026-05-02T02:00:28.753+0000] {aggregation.py:15} INFO - == AGGREGATION HOÀN TẤT ==
[2026-05-02T02:00:28.754+0000] {load.py:77} INFO - ======================================================================
[2026-05-02T02:00:28.754+0000] {load.py:78} INFO - LOAD HOÀN TẤT
[2026-05-02T02:00:28.755+0000] {load.py:81} INFO -   dim_hoc_ky               :        0 records
[2026-05-02T02:00:28.755+0000] {load.py:81} INFO -   dim_giang_vien           :       45 records
[2026-05-02T02:00:28.755+0000] {load.py:81} INFO -   dim_hoc_phan             :      121 records
[2026-05-02T02:00:28.756+0000] {load.py:81} INFO -   dim_sinh_vien            :        0 records
[2026-05-02T02:00:28.756+0000] {load.py:81} INFO -   fact_hoc_tap             :        0 records
[2026-05-02T02:00:28.757+0000] {load.py:81} INFO -   fact_dang_ky             :        0 records
[2026-05-02T02:00:28.757+0000] {load.py:81} INFO -   fact_ctsv                :    9,665 records
[2026-05-02T02:00:28.758+0000] {load.py:81} INFO -   fact_tai_chinh           :    9,665 records
[2026-05-02T02:00:28.758+0000] {load.py:81} INFO -   agg_student_summary      :    1,695 records
[2026-05-02T02:00:28.759+0000] {load.py:83} INFO -   TỔNG                     :   21,191 records
[2026-05-02T02:00:28.759+0000] {load.py:84} INFO - ======================================================================
[2026-05-02T02:00:28.794+0000] {logging_mixin.py:188} INFO - ============================================================
[2026-05-02T02:00:28.795+0000] {logging_mixin.py:188} INFO - LOAD HOÀN TẤT — Thống kê:
[2026-05-02T02:00:28.796+0000] {logging_mixin.py:188} INFO -   dim_hoc_ky                    :          0 records
[2026-05-02T02:00:28.796+0000] {logging_mixin.py:188} INFO -   dim_giang_vien                :         45 records
[2026-05-02T02:00:28.797+0000] {logging_mixin.py:188} INFO -   dim_hoc_phan                  :        121 records
[2026-05-02T02:00:28.798+0000] {logging_mixin.py:188} INFO -   dim_sinh_vien                 :          0 records
[2026-05-02T02:00:28.798+0000] {logging_mixin.py:188} INFO -   fact_hoc_tap                  :          0 records
[2026-05-02T02:00:28.799+0000] {logging_mixin.py:188} INFO -   fact_dang_ky                  :          0 records
[2026-05-02T02:00:28.799+0000] {logging_mixin.py:188} INFO -   fact_ctsv                     :      9,665 records
[2026-05-02T02:00:28.799+0000] {logging_mixin.py:188} INFO -   fact_tai_chinh                :      9,665 records
[2026-05-02T02:00:28.800+0000] {logging_mixin.py:188} INFO -   agg_student_summary           :      1,695 records
[2026-05-02T02:00:28.800+0000] {logging_mixin.py:188} INFO -   TỔNG                          :     21,191 records
[2026-05-02T02:00:28.801+0000] {logging_mixin.py:188} INFO - ============================================================
[2026-05-02T02:00:28.802+0000] {python.py:201} INFO - Done. Returned value was: {'dim_hoc_ky': 0, 'dim_giang_vien': 45, 'dim_hoc_phan': 121, 'dim_sinh_vien': 0, 'fact_hoc_tap': 0, 'fact_dang_ky': 0, 'fact_ctsv': 9665, 'fact_tai_chinh': 9665, 'agg_student_summary': 1695}
[2026-05-02T02:00:28.829+0000] {taskinstance.py:1138} INFO - Marking task as SUCCESS. dag_id=daily_student_pipeline, task_id=load_data, execution_date=20260501T020000, start_date=20260502T020022, end_date=20260502T020028
[2026-05-02T02:00:28.850+0000] {local_task_job_runner.py:234} INFO - Task exited with return code 0
[2026-05-02T02:00:28.871+0000] {taskinstance.py:3280} INFO - 1 downstream tasks scheduled from follow-on schedule check
