[2026-03-26T10:13:56.382+0000] {taskinstance.py:1956} INFO - Dependencies all met for dep_context=non-requeueable deps ti=<TaskInstance: daily_student_pipeline.extract_data manual__2026-03-26T10:13:55.696849+00:00 [queued]>
[2026-03-26T10:13:56.389+0000] {taskinstance.py:1956} INFO - Dependencies all met for dep_context=requeueable deps ti=<TaskInstance: daily_student_pipeline.extract_data manual__2026-03-26T10:13:55.696849+00:00 [queued]>
[2026-03-26T10:13:56.390+0000] {taskinstance.py:2170} INFO - Starting attempt 1 of 1
[2026-03-26T10:13:56.407+0000] {taskinstance.py:2191} INFO - Executing <Task(PythonOperator): extract_data> on 2026-03-26 10:13:55.696849+00:00
[2026-03-26T10:13:56.411+0000] {standard_task_runner.py:60} INFO - Started process 205 to run task
[2026-03-26T10:13:56.414+0000] {standard_task_runner.py:87} INFO - Running: ['***', 'tasks', 'run', 'daily_student_pipeline', 'extract_data', 'manual__2026-03-26T10:13:55.696849+00:00', '--job-id', '80', '--raw', '--subdir', 'DAGS_FOLDER/daily_student_pipeline.py', '--cfg-path', '/tmp/tmpq3w7qr0b']
[2026-03-26T10:13:56.416+0000] {standard_task_runner.py:88} INFO - Job 80: Subtask extract_data
[2026-03-26T10:13:56.487+0000] {task_command.py:423} INFO - Running <TaskInstance: daily_student_pipeline.extract_data manual__2026-03-26T10:13:55.696849+00:00 [running]> on host a8e10cf2626e
[2026-03-26T10:13:56.589+0000] {taskinstance.py:2480} INFO - Exporting env vars: AIRFLOW_CTX_DAG_OWNER='nhom8' AIRFLOW_CTX_DAG_ID='daily_student_pipeline' AIRFLOW_CTX_TASK_ID='extract_data' AIRFLOW_CTX_EXECUTION_DATE='2026-03-26T10:13:55.696849+00:00' AIRFLOW_CTX_TRY_NUMBER='1' AIRFLOW_CTX_DAG_RUN_ID='manual__2026-03-26T10:13:55.696849+00:00'
[2026-03-26T10:13:58.008+0000] {logging_mixin.py:188} WARNING - [2026-03-26 10:13:58] INFO    etl.extract : 🚀 BẮT ĐẦU FULL EXTRACT
[2026-03-26T10:13:58.007+0000] {extract.py:356} INFO - 🚀 BẮT ĐẦU FULL EXTRACT
[2026-03-26T10:13:58.012+0000] {logging_mixin.py:188} WARNING - [2026-03-26 10:13:58] INFO    etl.extract : ======================================================================
[2026-03-26T10:13:58.012+0000] {extract.py:357} INFO - ======================================================================
[2026-03-26T10:13:58.035+0000] {logging_mixin.py:188} WARNING - [2026-03-26 10:13:58] INFO    etl.extract : ════════════════════════════════════════════════════════════
[2026-03-26T10:13:58.035+0000] {extract.py:120} INFO - ════════════════════════════════════════════════════════════
[2026-03-26T10:13:58.036+0000] {logging_mixin.py:188} WARNING - [2026-03-26 10:13:58] INFO    etl.extract : NGUỒN 1 — PostgreSQL (Phòng Đào tạo) | Full Extract
[2026-03-26T10:13:58.036+0000] {extract.py:121} INFO - NGUỒN 1 — PostgreSQL (Phòng Đào tạo) | Full Extract
[2026-03-26T10:13:58.037+0000] {logging_mixin.py:188} WARNING - [2026-03-26 10:13:58] INFO    etl.extract : ════════════════════════════════════════════════════════════
[2026-03-26T10:13:58.037+0000] {extract.py:122} INFO - ════════════════════════════════════════════════════════════
[2026-03-26T10:13:58.044+0000] {logging_mixin.py:188} WARNING - [2026-03-26 10:13:58] ERROR   etl.extract :   PostgreSQL | Lỗi đọc 'khoa': (psycopg2.OperationalError) connection to server at "localhost" (::1), port 5434 failed: Connection refused
	Is the server running on that host and accepting TCP/IP connections?
connection to server at "localhost" (127.0.0.1), port 5434 failed: Connection refused
	Is the server running on that host and accepting TCP/IP connections?

(Background on this error at: https://sqlalche.me/e/14/e3q8)
[2026-03-26T10:13:58.044+0000] {extract.py:101} ERROR -   PostgreSQL | Lỗi đọc 'khoa': (psycopg2.OperationalError) connection to server at "localhost" (::1), port 5434 failed: Connection refused
	Is the server running on that host and accepting TCP/IP connections?
connection to server at "localhost" (127.0.0.1), port 5434 failed: Connection refused
	Is the server running on that host and accepting TCP/IP connections?

(Background on this error at: https://sqlalche.me/e/14/e3q8)
[2026-03-26T10:13:58.049+0000] {logging_mixin.py:188} WARNING - [2026-03-26 10:13:58] ERROR   etl.extract :   PostgreSQL | Lỗi đọc 'nganh': (psycopg2.OperationalError) connection to server at "localhost" (::1), port 5434 failed: Connection refused
	Is the server running on that host and accepting TCP/IP connections?
connection to server at "localhost" (127.0.0.1), port 5434 failed: Connection refused
	Is the server running on that host and accepting TCP/IP connections?

(Background on this error at: https://sqlalche.me/e/14/e3q8)
[2026-03-26T10:13:58.049+0000] {extract.py:101} ERROR -   PostgreSQL | Lỗi đọc 'nganh': (psycopg2.OperationalError) connection to server at "localhost" (::1), port 5434 failed: Connection refused
	Is the server running on that host and accepting TCP/IP connections?
connection to server at "localhost" (127.0.0.1), port 5434 failed: Connection refused
	Is the server running on that host and accepting TCP/IP connections?

(Background on this error at: https://sqlalche.me/e/14/e3q8)
[2026-03-26T10:13:58.053+0000] {logging_mixin.py:188} WARNING - [2026-03-26 10:13:58] ERROR   etl.extract :   PostgreSQL | Lỗi đọc 'giang_vien': (psycopg2.OperationalError) connection to server at "localhost" (::1), port 5434 failed: Connection refused
	Is the server running on that host and accepting TCP/IP connections?
connection to server at "localhost" (127.0.0.1), port 5434 failed: Connection refused
	Is the server running on that host and accepting TCP/IP connections?

(Background on this error at: https://sqlalche.me/e/14/e3q8)
[2026-03-26T10:13:58.052+0000] {extract.py:101} ERROR -   PostgreSQL | Lỗi đọc 'giang_vien': (psycopg2.OperationalError) connection to server at "localhost" (::1), port 5434 failed: Connection refused
	Is the server running on that host and accepting TCP/IP connections?
connection to server at "localhost" (127.0.0.1), port 5434 failed: Connection refused
	Is the server running on that host and accepting TCP/IP connections?

(Background on this error at: https://sqlalche.me/e/14/e3q8)
[2026-03-26T10:13:58.055+0000] {logging_mixin.py:188} WARNING - [2026-03-26 10:13:58] ERROR   etl.extract :   PostgreSQL | Lỗi đọc 'lop_hanh_chinh': (psycopg2.OperationalError) connection to server at "localhost" (::1), port 5434 failed: Connection refused
	Is the server running on that host and accepting TCP/IP connections?
connection to server at "localhost" (127.0.0.1), port 5434 failed: Connection refused
	Is the server running on that host and accepting TCP/IP connections?

(Background on this error at: https://sqlalche.me/e/14/e3q8)
[2026-03-26T10:13:58.055+0000] {extract.py:101} ERROR -   PostgreSQL | Lỗi đọc 'lop_hanh_chinh': (psycopg2.OperationalError) connection to server at "localhost" (::1), port 5434 failed: Connection refused
	Is the server running on that host and accepting TCP/IP connections?
connection to server at "localhost" (127.0.0.1), port 5434 failed: Connection refused
	Is the server running on that host and accepting TCP/IP connections?

(Background on this error at: https://sqlalche.me/e/14/e3q8)
[2026-03-26T10:13:58.057+0000] {logging_mixin.py:188} WARNING - [2026-03-26 10:13:58] ERROR   etl.extract :   PostgreSQL | Lỗi đọc 'sinh_vien': (psycopg2.OperationalError) connection to server at "localhost" (::1), port 5434 failed: Connection refused
	Is the server running on that host and accepting TCP/IP connections?
connection to server at "localhost" (127.0.0.1), port 5434 failed: Connection refused
	Is the server running on that host and accepting TCP/IP connections?

(Background on this error at: https://sqlalche.me/e/14/e3q8)
[2026-03-26T10:13:58.057+0000] {extract.py:101} ERROR -   PostgreSQL | Lỗi đọc 'sinh_vien': (psycopg2.OperationalError) connection to server at "localhost" (::1), port 5434 failed: Connection refused
	Is the server running on that host and accepting TCP/IP connections?
connection to server at "localhost" (127.0.0.1), port 5434 failed: Connection refused
	Is the server running on that host and accepting TCP/IP connections?

(Background on this error at: https://sqlalche.me/e/14/e3q8)
[2026-03-26T10:13:58.059+0000] {logging_mixin.py:188} WARNING - [2026-03-26 10:13:58] ERROR   etl.extract :   PostgreSQL | Lỗi đọc 'hoc_phan': (psycopg2.OperationalError) connection to server at "localhost" (::1), port 5434 failed: Connection refused
	Is the server running on that host and accepting TCP/IP connections?
connection to server at "localhost" (127.0.0.1), port 5434 failed: Connection refused
	Is the server running on that host and accepting TCP/IP connections?

(Background on this error at: https://sqlalche.me/e/14/e3q8)
[2026-03-26T10:13:58.059+0000] {extract.py:101} ERROR -   PostgreSQL | Lỗi đọc 'hoc_phan': (psycopg2.OperationalError) connection to server at "localhost" (::1), port 5434 failed: Connection refused
	Is the server running on that host and accepting TCP/IP connections?
connection to server at "localhost" (127.0.0.1), port 5434 failed: Connection refused
	Is the server running on that host and accepting TCP/IP connections?

(Background on this error at: https://sqlalche.me/e/14/e3q8)
[2026-03-26T10:13:58.061+0000] {logging_mixin.py:188} WARNING - [2026-03-26 10:13:58] ERROR   etl.extract :   PostgreSQL | Lỗi đọc 'hoc_ky_nam_hoc': (psycopg2.OperationalError) connection to server at "localhost" (::1), port 5434 failed: Connection refused
	Is the server running on that host and accepting TCP/IP connections?
connection to server at "localhost" (127.0.0.1), port 5434 failed: Connection refused
	Is the server running on that host and accepting TCP/IP connections?

(Background on this error at: https://sqlalche.me/e/14/e3q8)
[2026-03-26T10:13:58.061+0000] {extract.py:101} ERROR -   PostgreSQL | Lỗi đọc 'hoc_ky_nam_hoc': (psycopg2.OperationalError) connection to server at "localhost" (::1), port 5434 failed: Connection refused
	Is the server running on that host and accepting TCP/IP connections?
connection to server at "localhost" (127.0.0.1), port 5434 failed: Connection refused
	Is the server running on that host and accepting TCP/IP connections?

(Background on this error at: https://sqlalche.me/e/14/e3q8)
[2026-03-26T10:13:58.063+0000] {logging_mixin.py:188} WARNING - [2026-03-26 10:13:58] ERROR   etl.extract :   PostgreSQL | Lỗi đọc 'dang_ky_hoc_phan': (psycopg2.OperationalError) connection to server at "localhost" (::1), port 5434 failed: Connection refused
	Is the server running on that host and accepting TCP/IP connections?
connection to server at "localhost" (127.0.0.1), port 5434 failed: Connection refused
	Is the server running on that host and accepting TCP/IP connections?

(Background on this error at: https://sqlalche.me/e/14/e3q8)
[2026-03-26T10:13:58.063+0000] {extract.py:101} ERROR -   PostgreSQL | Lỗi đọc 'dang_ky_hoc_phan': (psycopg2.OperationalError) connection to server at "localhost" (::1), port 5434 failed: Connection refused
	Is the server running on that host and accepting TCP/IP connections?
connection to server at "localhost" (127.0.0.1), port 5434 failed: Connection refused
	Is the server running on that host and accepting TCP/IP connections?

(Background on this error at: https://sqlalche.me/e/14/e3q8)
[2026-03-26T10:13:58.065+0000] {logging_mixin.py:188} WARNING - [2026-03-26 10:13:58] ERROR   etl.extract :   PostgreSQL | Lỗi đọc 'diem_hoc_phan': (psycopg2.OperationalError) connection to server at "localhost" (::1), port 5434 failed: Connection refused
	Is the server running on that host and accepting TCP/IP connections?
connection to server at "localhost" (127.0.0.1), port 5434 failed: Connection refused
	Is the server running on that host and accepting TCP/IP connections?

(Background on this error at: https://sqlalche.me/e/14/e3q8)
[2026-03-26T10:13:58.065+0000] {extract.py:101} ERROR -   PostgreSQL | Lỗi đọc 'diem_hoc_phan': (psycopg2.OperationalError) connection to server at "localhost" (::1), port 5434 failed: Connection refused
	Is the server running on that host and accepting TCP/IP connections?
connection to server at "localhost" (127.0.0.1), port 5434 failed: Connection refused
	Is the server running on that host and accepting TCP/IP connections?

(Background on this error at: https://sqlalche.me/e/14/e3q8)
[2026-03-26T10:13:58.067+0000] {logging_mixin.py:188} WARNING - [2026-03-26 10:13:58] ERROR   etl.extract :   PostgreSQL | Lỗi đọc 'tong_hop_ket_qua': (psycopg2.OperationalError) connection to server at "localhost" (::1), port 5434 failed: Connection refused
	Is the server running on that host and accepting TCP/IP connections?
connection to server at "localhost" (127.0.0.1), port 5434 failed: Connection refused
	Is the server running on that host and accepting TCP/IP connections?

(Background on this error at: https://sqlalche.me/e/14/e3q8)
[2026-03-26T10:13:58.067+0000] {extract.py:101} ERROR -   PostgreSQL | Lỗi đọc 'tong_hop_ket_qua': (psycopg2.OperationalError) connection to server at "localhost" (::1), port 5434 failed: Connection refused
	Is the server running on that host and accepting TCP/IP connections?
connection to server at "localhost" (127.0.0.1), port 5434 failed: Connection refused
	Is the server running on that host and accepting TCP/IP connections?

(Background on this error at: https://sqlalche.me/e/14/e3q8)
[2026-03-26T10:13:58.068+0000] {logging_mixin.py:188} WARNING - [2026-03-26 10:13:58] INFO    etl.extract :   PostgreSQL | TỔNG: 0 records từ 10 bảng
[2026-03-26T10:13:58.068+0000] {extract.py:129} INFO -   PostgreSQL | TỔNG: 0 records từ 10 bảng
[2026-03-26T10:13:58.069+0000] {logging_mixin.py:188} WARNING - [2026-03-26 10:13:58] INFO    etl.extract : ════════════════════════════════════════════════════════════
[2026-03-26T10:13:58.069+0000] {extract.py:215} INFO - ════════════════════════════════════════════════════════════
[2026-03-26T10:13:58.070+0000] {logging_mixin.py:188} WARNING - [2026-03-26 10:13:58] INFO    etl.extract : NGUỒN 2 — CSV (Phòng CTSV) | Extract
[2026-03-26T10:13:58.070+0000] {extract.py:216} INFO - NGUỒN 2 — CSV (Phòng CTSV) | Extract
[2026-03-26T10:13:58.071+0000] {logging_mixin.py:188} WARNING - [2026-03-26 10:13:58] INFO    etl.extract : ════════════════════════════════════════════════════════════
[2026-03-26T10:13:58.071+0000] {extract.py:217} INFO - ════════════════════════════════════════════════════════════
[2026-03-26T10:13:58.074+0000] {logging_mixin.py:188} WARNING - [2026-03-26 10:13:58] INFO    etl.extract :   CSV | Tìm thấy 9 file(s)
[2026-03-26T10:13:58.074+0000] {extract.py:227} INFO -   CSV | Tìm thấy 9 file(s)
[2026-03-26T10:13:58.104+0000] {logging_mixin.py:188} WARNING - [2026-03-26 10:13:58] INFO    etl.extract :   CSV | ctsv_HK1_2021_22.csv                →    390 records
[2026-03-26T10:13:58.104+0000] {extract.py:190} INFO -   CSV | ctsv_HK1_2021_22.csv                →    390 records
[2026-03-26T10:13:58.111+0000] {logging_mixin.py:188} WARNING - [2026-03-26 10:13:58] INFO    etl.extract :   CSV | ctsv_HK1_2022_23.csv                →    810 records
[2026-03-26T10:13:58.111+0000] {extract.py:190} INFO -   CSV | ctsv_HK1_2022_23.csv                →    810 records
[2026-03-26T10:13:58.119+0000] {logging_mixin.py:188} WARNING - [2026-03-26 10:13:58] INFO    etl.extract :   CSV | ctsv_HK1_2023_24.csv                →  1,245 records
[2026-03-26T10:13:58.119+0000] {extract.py:190} INFO -   CSV | ctsv_HK1_2023_24.csv                →  1,245 records
[2026-03-26T10:13:58.130+0000] {logging_mixin.py:188} WARNING - [2026-03-26 10:13:58] INFO    etl.extract :   CSV | ctsv_HK1_2024_25.csv                →  1,580 records
[2026-03-26T10:13:58.130+0000] {extract.py:190} INFO -   CSV | ctsv_HK1_2024_25.csv                →  1,580 records
[2026-03-26T10:13:58.136+0000] {logging_mixin.py:188} WARNING - [2026-03-26 10:13:58] INFO    etl.extract :   CSV | ctsv_HK1_2025_26.csv                →    125 records
[2026-03-26T10:13:58.136+0000] {extract.py:190} INFO -   CSV | ctsv_HK1_2025_26.csv                →    125 records
[2026-03-26T10:13:58.142+0000] {logging_mixin.py:188} WARNING - [2026-03-26 10:13:58] INFO    etl.extract :   CSV | ctsv_HK2_2021_22.csv                →    390 records
[2026-03-26T10:13:58.142+0000] {extract.py:190} INFO -   CSV | ctsv_HK2_2021_22.csv                →    390 records
[2026-03-26T10:13:58.150+0000] {logging_mixin.py:188} WARNING - [2026-03-26 10:13:58] INFO    etl.extract :   CSV | ctsv_HK2_2022_23.csv                →    810 records
[2026-03-26T10:13:58.150+0000] {extract.py:190} INFO -   CSV | ctsv_HK2_2022_23.csv                →    810 records
[2026-03-26T10:13:58.158+0000] {logging_mixin.py:188} WARNING - [2026-03-26 10:13:58] INFO    etl.extract :   CSV | ctsv_HK2_2023_24.csv                →  1,245 records
[2026-03-26T10:13:58.158+0000] {extract.py:190} INFO -   CSV | ctsv_HK2_2023_24.csv                →  1,245 records
[2026-03-26T10:13:58.165+0000] {logging_mixin.py:188} WARNING - [2026-03-26 10:13:58] INFO    etl.extract :   CSV | ctsv_HK2_2024_25.csv                →  1,361 records
[2026-03-26T10:13:58.165+0000] {extract.py:190} INFO -   CSV | ctsv_HK2_2024_25.csv                →  1,361 records
[2026-03-26T10:13:58.181+0000] {logging_mixin.py:188} WARNING - [2026-03-26 10:13:58] INFO    etl.extract :   CSV | TỔNG: 7,956 records từ 9 file(s)
[2026-03-26T10:13:58.181+0000] {extract.py:247} INFO -   CSV | TỔNG: 7,956 records từ 9 file(s)
[2026-03-26T10:13:58.538+0000] {logging_mixin.py:188} WARNING - [2026-03-26 10:13:58] WARNING utils.minio :   MinIO skip (empty): nguon1_sinh_vien.parquet
[2026-03-26T10:13:58.538+0000] {minio_client.py:120} WARNING -   MinIO skip (empty): nguon1_sinh_vien.parquet
[2026-03-26T10:13:58.540+0000] {logging_mixin.py:188} WARNING - [2026-03-26 10:13:58] WARNING utils.minio :   MinIO skip (empty): nguon1_dang_ky.parquet
[2026-03-26T10:13:58.540+0000] {minio_client.py:120} WARNING -   MinIO skip (empty): nguon1_dang_ky.parquet
[2026-03-26T10:13:58.541+0000] {logging_mixin.py:188} WARNING - [2026-03-26 10:13:58] WARNING utils.minio :   MinIO skip (empty): nguon1_diem.parquet
[2026-03-26T10:13:58.541+0000] {minio_client.py:120} WARNING -   MinIO skip (empty): nguon1_diem.parquet
[2026-03-26T10:13:58.542+0000] {logging_mixin.py:188} WARNING - [2026-03-26 10:13:58] WARNING utils.minio :   MinIO skip (empty): nguon1_hoc_phan.parquet
[2026-03-26T10:13:58.542+0000] {minio_client.py:120} WARNING -   MinIO skip (empty): nguon1_hoc_phan.parquet
[2026-03-26T10:13:58.543+0000] {logging_mixin.py:188} WARNING - [2026-03-26 10:13:58] WARNING utils.minio :   MinIO skip (empty): nguon1_hoc_ky.parquet
[2026-03-26T10:13:58.543+0000] {minio_client.py:120} WARNING -   MinIO skip (empty): nguon1_hoc_ky.parquet
[2026-03-26T10:13:58.545+0000] {logging_mixin.py:188} WARNING - [2026-03-26 10:13:58] WARNING utils.minio :   MinIO skip (empty): nguon1_giang_vien.parquet
[2026-03-26T10:13:58.545+0000] {minio_client.py:120} WARNING -   MinIO skip (empty): nguon1_giang_vien.parquet
[2026-03-26T10:13:58.546+0000] {logging_mixin.py:188} WARNING - [2026-03-26 10:13:58] WARNING utils.minio :   MinIO skip (empty): nguon1_khoa.parquet
[2026-03-26T10:13:58.546+0000] {minio_client.py:120} WARNING -   MinIO skip (empty): nguon1_khoa.parquet
[2026-03-26T10:13:58.547+0000] {logging_mixin.py:188} WARNING - [2026-03-26 10:13:58] WARNING utils.minio :   MinIO skip (empty): nguon1_nganh.parquet
[2026-03-26T10:13:58.547+0000] {minio_client.py:120} WARNING -   MinIO skip (empty): nguon1_nganh.parquet
[2026-03-26T10:13:58.548+0000] {logging_mixin.py:188} WARNING - [2026-03-26 10:13:58] WARNING utils.minio :   MinIO skip (empty): nguon1_lop_hanh_chinh.parquet
[2026-03-26T10:13:58.548+0000] {minio_client.py:120} WARNING -   MinIO skip (empty): nguon1_lop_hanh_chinh.parquet
[2026-03-26T10:13:58.549+0000] {logging_mixin.py:188} WARNING - [2026-03-26 10:13:58] WARNING utils.minio :   MinIO skip (empty): nguon1_tong_hop_ket_qua.parquet
[2026-03-26T10:13:58.549+0000] {minio_client.py:120} WARNING -   MinIO skip (empty): nguon1_tong_hop_ket_qua.parquet
[2026-03-26T10:13:58.660+0000] {logging_mixin.py:188} WARNING - [2026-03-26 10:13:58] INFO    utils.minio :   MinIO ↑ [raw-data] 2026-03-26_10-13/nguon2_ctsv.parquet (38.3 KB | 7,956 rows)
[2026-03-26T10:13:58.660+0000] {minio_client.py:142} INFO -   MinIO ↑ [raw-data] 2026-03-26_10-13/nguon2_ctsv.parquet (38.3 KB | 7,956 rows)
[2026-03-26T10:13:58.661+0000] {logging_mixin.py:188} WARNING - [2026-03-26 10:13:58] WARNING utils.minio :   MinIO skip (empty): nguon3_tai_chinh.parquet
[2026-03-26T10:13:58.661+0000] {minio_client.py:120} WARNING -   MinIO skip (empty): nguon3_tai_chinh.parquet
[2026-03-26T10:13:58.662+0000] {logging_mixin.py:188} WARNING - [2026-03-26 10:13:58] INFO    utils.minio :   MinIO upload xong: 12/12 files | run_id=2026-03-26_10-13
[2026-03-26T10:13:58.662+0000] {minio_client.py:188} INFO -   MinIO upload xong: 12/12 files | run_id=2026-03-26_10-13
[2026-03-26T10:13:58.662+0000] {logging_mixin.py:188} WARNING - [2026-03-26 10:13:58] INFO    etl.extract :   MinIO staging: 12/12 files OK → run_id=2026-03-26_10-13
[2026-03-26T10:13:58.662+0000] {extract.py:443} INFO -   MinIO staging: 12/12 files OK → run_id=2026-03-26_10-13
[2026-03-26T10:13:58.665+0000] {logging_mixin.py:188} WARNING - [2026-03-26 10:13:58] INFO    etl.extract : ======================================================================
[2026-03-26T10:13:58.664+0000] {extract.py:383} INFO - ======================================================================
[2026-03-26T10:13:58.666+0000] {logging_mixin.py:188} WARNING - [2026-03-26 10:13:58] INFO    etl.extract : ✅ FULL EXTRACT HOÀN TẤT
[2026-03-26T10:13:58.666+0000] {extract.py:384} INFO - ✅ FULL EXTRACT HOÀN TẤT
[2026-03-26T10:13:58.667+0000] {logging_mixin.py:188} WARNING - [2026-03-26 10:13:58] INFO    etl.extract :    khoa                     :        0
[2026-03-26T10:13:58.667+0000] {extract.py:386} INFO -    khoa                     :        0
[2026-03-26T10:13:58.668+0000] {logging_mixin.py:188} WARNING - [2026-03-26 10:13:58] INFO    etl.extract :    nganh                    :        0
[2026-03-26T10:13:58.668+0000] {extract.py:386} INFO -    nganh                    :        0
[2026-03-26T10:13:58.668+0000] {logging_mixin.py:188} WARNING - [2026-03-26 10:13:58] INFO    etl.extract :    giang_vien               :        0
[2026-03-26T10:13:58.668+0000] {extract.py:386} INFO -    giang_vien               :        0
[2026-03-26T10:13:58.669+0000] {logging_mixin.py:188} WARNING - [2026-03-26 10:13:58] INFO    etl.extract :    lop_hanh_chinh           :        0
[2026-03-26T10:13:58.669+0000] {extract.py:386} INFO -    lop_hanh_chinh           :        0
[2026-03-26T10:13:58.669+0000] {logging_mixin.py:188} WARNING - [2026-03-26 10:13:58] INFO    etl.extract :    sinh_vien                :        0
[2026-03-26T10:13:58.669+0000] {extract.py:386} INFO -    sinh_vien                :        0
[2026-03-26T10:13:58.670+0000] {logging_mixin.py:188} WARNING - [2026-03-26 10:13:58] INFO    etl.extract :    hoc_phan                 :        0
[2026-03-26T10:13:58.670+0000] {extract.py:386} INFO -    hoc_phan                 :        0
[2026-03-26T10:13:58.671+0000] {logging_mixin.py:188} WARNING - [2026-03-26 10:13:58] INFO    etl.extract :    hoc_ky_nam_hoc           :        0
[2026-03-26T10:13:58.671+0000] {extract.py:386} INFO -    hoc_ky_nam_hoc           :        0
[2026-03-26T10:13:58.672+0000] {logging_mixin.py:188} WARNING - [2026-03-26 10:13:58] INFO    etl.extract :    dang_ky_hoc_phan         :        0
[2026-03-26T10:13:58.672+0000] {extract.py:386} INFO -    dang_ky_hoc_phan         :        0
[2026-03-26T10:13:58.673+0000] {logging_mixin.py:188} WARNING - [2026-03-26 10:13:58] INFO    etl.extract :    diem_hoc_phan            :        0
[2026-03-26T10:13:58.673+0000] {extract.py:386} INFO -    diem_hoc_phan            :        0
[2026-03-26T10:13:58.673+0000] {logging_mixin.py:188} WARNING - [2026-03-26 10:13:58] INFO    etl.extract :    tong_hop_ket_qua         :        0
[2026-03-26T10:13:58.673+0000] {extract.py:386} INFO -    tong_hop_ket_qua         :        0
[2026-03-26T10:13:58.674+0000] {logging_mixin.py:188} WARNING - [2026-03-26 10:13:58] INFO    etl.extract :    ctsv_data                :    7,956
[2026-03-26T10:13:58.674+0000] {extract.py:386} INFO -    ctsv_data                :    7,956
[2026-03-26T10:13:58.674+0000] {logging_mixin.py:188} WARNING - [2026-03-26 10:13:58] INFO    etl.extract :    tai_chinh_data           :        0
[2026-03-26T10:13:58.674+0000] {extract.py:386} INFO -    tai_chinh_data           :        0
[2026-03-26T10:13:58.675+0000] {logging_mixin.py:188} WARNING - [2026-03-26 10:13:58] INFO    etl.extract : ======================================================================
[2026-03-26T10:13:58.675+0000] {extract.py:387} INFO - ======================================================================
[2026-03-26T10:13:58.707+0000] {logging_mixin.py:188} INFO - Extract xong: {'khoa': 0, 'nganh': 0, 'giang_vien': 0, 'lop_hanh_chinh': 0, 'sinh_vien': 0, 'hoc_phan': 0, 'hoc_ky_nam_hoc': 0, 'dang_ky_hoc_phan': 0, 'diem_hoc_phan': 0, 'tong_hop_ket_qua': 0, 'ctsv_data': 7956, 'tai_chinh_data': 0}
[2026-03-26T10:13:58.708+0000] {python.py:201} INFO - Done. Returned value was: {'khoa': 0, 'nganh': 0, 'giang_vien': 0, 'lop_hanh_chinh': 0, 'sinh_vien': 0, 'hoc_phan': 0, 'hoc_ky_nam_hoc': 0, 'dang_ky_hoc_phan': 0, 'diem_hoc_phan': 0, 'tong_hop_ket_qua': 0, 'ctsv_data': 7956, 'tai_chinh_data': 0}
[2026-03-26T10:13:58.734+0000] {taskinstance.py:1138} INFO - Marking task as SUCCESS. dag_id=daily_student_pipeline, task_id=extract_data, execution_date=20260326T101355, start_date=20260326T101356, end_date=20260326T101358
[2026-03-26T10:13:58.795+0000] {local_task_job_runner.py:234} INFO - Task exited with return code 0
[2026-03-26T10:13:58.820+0000] {taskinstance.py:3280} INFO - 1 downstream tasks scheduled from follow-on schedule check
