[2026-04-05T11:05:28.964+0000] {taskinstance.py:1956} INFO - Dependencies all met for dep_context=non-requeueable deps ti=<TaskInstance: daily_student_pipeline.extract_data manual__2026-04-05T11:05:26.904361+00:00 [queued]>
[2026-04-05T11:05:28.972+0000] {taskinstance.py:1956} INFO - Dependencies all met for dep_context=requeueable deps ti=<TaskInstance: daily_student_pipeline.extract_data manual__2026-04-05T11:05:26.904361+00:00 [queued]>
[2026-04-05T11:05:28.973+0000] {taskinstance.py:2170} INFO - Starting attempt 1 of 1
[2026-04-05T11:05:28.985+0000] {taskinstance.py:2191} INFO - Executing <Task(PythonOperator): extract_data> on 2026-04-05 11:05:26.904361+00:00
[2026-04-05T11:05:28.991+0000] {standard_task_runner.py:60} INFO - Started process 16960 to run task
[2026-04-05T11:05:28.995+0000] {standard_task_runner.py:87} INFO - Running: ['***', 'tasks', 'run', 'daily_student_pipeline', 'extract_data', 'manual__2026-04-05T11:05:26.904361+00:00', '--job-id', '209', '--raw', '--subdir', 'DAGS_FOLDER/daily_student_pipeline.py', '--cfg-path', '/tmp/tmpvgats4bb']
[2026-04-05T11:05:28.999+0000] {standard_task_runner.py:88} INFO - Job 209: Subtask extract_data
[2026-04-05T11:05:29.091+0000] {task_command.py:423} INFO - Running <TaskInstance: daily_student_pipeline.extract_data manual__2026-04-05T11:05:26.904361+00:00 [running]> on host 1c62953c8918
[2026-04-05T11:05:29.217+0000] {taskinstance.py:2480} INFO - Exporting env vars: AIRFLOW_CTX_DAG_OWNER='nhom8' AIRFLOW_CTX_DAG_ID='daily_student_pipeline' AIRFLOW_CTX_TASK_ID='extract_data' AIRFLOW_CTX_EXECUTION_DATE='2026-04-05T11:05:26.904361+00:00' AIRFLOW_CTX_TRY_NUMBER='1' AIRFLOW_CTX_DAG_RUN_ID='manual__2026-04-05T11:05:26.904361+00:00'
[2026-04-05T11:05:29.920+0000] {logging_mixin.py:188} WARNING - [2026-04-05 11:05:29] INFO    etl.extract : ==BẮT ĐẦU FULL EXTRACT==
[2026-04-05T11:05:29.920+0000] {extract.py:277} INFO - ==BẮT ĐẦU FULL EXTRACT==
[2026-04-05T11:05:29.923+0000] {logging_mixin.py:188} WARNING - [2026-04-05 11:05:29] INFO    etl.extract : ======================================================================
[2026-04-05T11:05:29.923+0000] {extract.py:278} INFO - ======================================================================
[2026-04-05T11:05:29.926+0000] {logging_mixin.py:188} WARNING - [2026-04-05 11:05:29] INFO    etl.extract : ════════════════════════════════════════════════════════════
[2026-04-05T11:05:29.926+0000] {extract.py:82} INFO - ════════════════════════════════════════════════════════════
[2026-04-05T11:05:29.928+0000] {logging_mixin.py:188} WARNING - [2026-04-05 11:05:29] INFO    etl.extract : NGUỒN 1 — PostgreSQL (Phòng Đào tạo) | Full Extract
[2026-04-05T11:05:29.928+0000] {extract.py:83} INFO - NGUỒN 1 — PostgreSQL (Phòng Đào tạo) | Full Extract
[2026-04-05T11:05:29.928+0000] {logging_mixin.py:188} WARNING - [2026-04-05 11:05:29] INFO    etl.extract : ════════════════════════════════════════════════════════════
[2026-04-05T11:05:29.928+0000] {extract.py:84} INFO - ════════════════════════════════════════════════════════════
[2026-04-05T11:05:29.971+0000] {logging_mixin.py:188} WARNING - [2026-04-05 11:05:29] INFO    etl.extract :   PostgreSQL | khoa                      →      4 records
[2026-04-05T11:05:29.971+0000] {extract.py:66} INFO -   PostgreSQL | khoa                      →      4 records
[2026-04-05T11:05:30.004+0000] {logging_mixin.py:188} WARNING - [2026-04-05 11:05:30] INFO    etl.extract :   PostgreSQL | nganh                     →      3 records
[2026-04-05T11:05:30.004+0000] {extract.py:66} INFO -   PostgreSQL | nganh                     →      3 records
[2026-04-05T11:05:30.031+0000] {logging_mixin.py:188} WARNING - [2026-04-05 11:05:30] INFO    etl.extract :   PostgreSQL | giang_vien                →     45 records
[2026-04-05T11:05:30.031+0000] {extract.py:66} INFO -   PostgreSQL | giang_vien                →     45 records
[2026-04-05T11:05:30.084+0000] {logging_mixin.py:188} WARNING - [2026-04-05 11:05:30] INFO    etl.extract :   PostgreSQL | lop_hanh_chinh            →     48 records
[2026-04-05T11:05:30.084+0000] {extract.py:66} INFO -   PostgreSQL | lop_hanh_chinh            →     48 records
[2026-04-05T11:05:30.151+0000] {logging_mixin.py:188} WARNING - [2026-04-05 11:05:30] INFO    etl.extract :   PostgreSQL | sinh_vien                 →  1,695 records
[2026-04-05T11:05:30.151+0000] {extract.py:66} INFO -   PostgreSQL | sinh_vien                 →  1,695 records
[2026-04-05T11:05:30.181+0000] {logging_mixin.py:188} WARNING - [2026-04-05 11:05:30] INFO    etl.extract :   PostgreSQL | hoc_phan                  →    121 records
[2026-04-05T11:05:30.181+0000] {extract.py:66} INFO -   PostgreSQL | hoc_phan                  →    121 records
[2026-04-05T11:05:30.195+0000] {logging_mixin.py:188} WARNING - [2026-04-05 11:05:30] INFO    etl.extract :   PostgreSQL | hoc_ky_nam_hoc            →      9 records
[2026-04-05T11:05:30.195+0000] {extract.py:66} INFO -   PostgreSQL | hoc_ky_nam_hoc            →      9 records
[2026-04-05T11:05:30.504+0000] {logging_mixin.py:188} WARNING - [2026-04-05 11:05:30] INFO    etl.extract :   PostgreSQL | dang_ky_hoc_phan          → 58,001 records
[2026-04-05T11:05:30.504+0000] {extract.py:66} INFO -   PostgreSQL | dang_ky_hoc_phan          → 58,001 records
[2026-04-05T11:05:31.108+0000] {logging_mixin.py:188} WARNING - [2026-04-05 11:05:31] INFO    etl.extract :   PostgreSQL | diem_hoc_phan             → 58,001 records
[2026-04-05T11:05:31.108+0000] {extract.py:66} INFO -   PostgreSQL | diem_hoc_phan             → 58,001 records
[2026-04-05T11:05:31.185+0000] {logging_mixin.py:188} WARNING - [2026-04-05 11:05:31] INFO    etl.extract :   PostgreSQL | tong_hop_ket_qua          →  1,695 records
[2026-04-05T11:05:31.185+0000] {extract.py:66} INFO -   PostgreSQL | tong_hop_ket_qua          →  1,695 records
[2026-04-05T11:05:31.187+0000] {logging_mixin.py:188} WARNING - [2026-04-05 11:05:31] INFO    etl.extract :   PostgreSQL | TỔNG: 119,622 records từ 10 bảng
[2026-04-05T11:05:31.187+0000] {extract.py:91} INFO -   PostgreSQL | TỔNG: 119,622 records từ 10 bảng
[2026-04-05T11:05:31.188+0000] {logging_mixin.py:188} WARNING - [2026-04-05 11:05:31] INFO    etl.extract : ════════════════════════════════════════════════════════════
[2026-04-05T11:05:31.188+0000] {extract.py:163} INFO - ════════════════════════════════════════════════════════════
[2026-04-05T11:05:31.190+0000] {logging_mixin.py:188} WARNING - [2026-04-05 11:05:31] INFO    etl.extract : NGUỒN 2 — CSV (Phòng CTSV) | Extract
[2026-04-05T11:05:31.190+0000] {extract.py:164} INFO - NGUỒN 2 — CSV (Phòng CTSV) | Extract
[2026-04-05T11:05:31.191+0000] {logging_mixin.py:188} WARNING - [2026-04-05 11:05:31] INFO    etl.extract : ════════════════════════════════════════════════════════════
[2026-04-05T11:05:31.191+0000] {extract.py:165} INFO - ════════════════════════════════════════════════════════════
[2026-04-05T11:05:31.194+0000] {logging_mixin.py:188} WARNING - [2026-04-05 11:05:31] INFO    etl.extract :   CSV | Tìm thấy 9 file(s)
[2026-04-05T11:05:31.194+0000] {extract.py:174} INFO -   CSV | Tìm thấy 9 file(s)
[2026-04-05T11:05:31.201+0000] {logging_mixin.py:188} WARNING - [2026-04-05 11:05:31] INFO    etl.extract :   CSV | ctsv_HK1_2021_22.csv                →    780 records
[2026-04-05T11:05:31.201+0000] {extract.py:140} INFO -   CSV | ctsv_HK1_2021_22.csv                →    780 records
[2026-04-05T11:05:31.209+0000] {logging_mixin.py:188} WARNING - [2026-04-05 11:05:31] INFO    etl.extract :   CSV | ctsv_HK1_2022_23.csv                →  1,611 records
[2026-04-05T11:05:31.209+0000] {extract.py:140} INFO -   CSV | ctsv_HK1_2022_23.csv                →  1,611 records
[2026-04-05T11:05:31.217+0000] {logging_mixin.py:188} WARNING - [2026-04-05 11:05:31] INFO    etl.extract :   CSV | ctsv_HK1_2023_24.csv                →  2,466 records
[2026-04-05T11:05:31.217+0000] {extract.py:140} INFO -   CSV | ctsv_HK1_2023_24.csv                →  2,466 records
[2026-04-05T11:05:31.225+0000] {logging_mixin.py:188} WARNING - [2026-04-05 11:05:31] INFO    etl.extract :   CSV | ctsv_HK1_2024_25.csv                →  3,306 records
[2026-04-05T11:05:31.225+0000] {extract.py:140} INFO -   CSV | ctsv_HK1_2024_25.csv                →  3,306 records
[2026-04-05T11:05:31.233+0000] {logging_mixin.py:188} WARNING - [2026-04-05 11:05:31] INFO    etl.extract :   CSV | ctsv_HK1_2025_26.csv                →  2,506 records
[2026-04-05T11:05:31.233+0000] {extract.py:140} INFO -   CSV | ctsv_HK1_2025_26.csv                →  2,506 records
[2026-04-05T11:05:31.239+0000] {logging_mixin.py:188} WARNING - [2026-04-05 11:05:31] INFO    etl.extract :   CSV | ctsv_HK2_2021_22.csv                →    780 records
[2026-04-05T11:05:31.239+0000] {extract.py:140} INFO -   CSV | ctsv_HK2_2021_22.csv                →    780 records
[2026-04-05T11:05:31.245+0000] {logging_mixin.py:188} WARNING - [2026-04-05 11:05:31] INFO    etl.extract :   CSV | ctsv_HK2_2022_23.csv                →  1,604 records
[2026-04-05T11:05:31.245+0000] {extract.py:140} INFO -   CSV | ctsv_HK2_2022_23.csv                →  1,604 records
[2026-04-05T11:05:31.256+0000] {logging_mixin.py:188} WARNING - [2026-04-05 11:05:31] INFO    etl.extract :   CSV | ctsv_HK2_2023_24.csv                →  2,453 records
[2026-04-05T11:05:31.255+0000] {extract.py:140} INFO -   CSV | ctsv_HK2_2023_24.csv                →  2,453 records
[2026-04-05T11:05:31.263+0000] {logging_mixin.py:188} WARNING - [2026-04-05 11:05:31] INFO    etl.extract :   CSV | ctsv_HK2_2024_25.csv                →  2,915 records
[2026-04-05T11:05:31.263+0000] {extract.py:140} INFO -   CSV | ctsv_HK2_2024_25.csv                →  2,915 records
[2026-04-05T11:05:31.269+0000] {logging_mixin.py:188} WARNING - [2026-04-05 11:05:31] INFO    etl.extract :   CSV | Loại bỏ 9183 bản ghi trùng
[2026-04-05T11:05:31.269+0000] {extract.py:191} INFO -   CSV | Loại bỏ 9183 bản ghi trùng
[2026-04-05T11:05:31.271+0000] {logging_mixin.py:188} WARNING - [2026-04-05 11:05:31] INFO    etl.extract :   CSV | TỔNG: 9,238 records từ 9 file(s)
[2026-04-05T11:05:31.271+0000] {extract.py:193} INFO -   CSV | TỔNG: 9,238 records từ 9 file(s)
[2026-04-05T11:05:31.286+0000] {logging_mixin.py:188} WARNING - [2026-04-05 11:05:31] INFO    etl.extract :   API | (JSON) taichinh_HK1_2021_22.json →    390 records
[2026-04-05T11:05:31.286+0000] {extract.py:242} INFO -   API | (JSON) taichinh_HK1_2021_22.json →    390 records
[2026-04-05T11:05:31.302+0000] {logging_mixin.py:188} WARNING - [2026-04-05 11:05:31] INFO    etl.extract :   API | (JSON) taichinh_HK1_2022_23.json →    802 records
[2026-04-05T11:05:31.302+0000] {extract.py:242} INFO -   API | (JSON) taichinh_HK1_2022_23.json →    802 records
[2026-04-05T11:05:31.320+0000] {logging_mixin.py:188} WARNING - [2026-04-05 11:05:31] INFO    etl.extract :   API | (JSON) taichinh_HK1_2023_24.json →  1,229 records
[2026-04-05T11:05:31.320+0000] {extract.py:242} INFO -   API | (JSON) taichinh_HK1_2023_24.json →  1,229 records
[2026-04-05T11:05:31.339+0000] {logging_mixin.py:188} WARNING - [2026-04-05 11:05:31] INFO    etl.extract :   API | (JSON) taichinh_HK1_2024_25.json →  1,646 records
[2026-04-05T11:05:31.339+0000] {extract.py:242} INFO -   API | (JSON) taichinh_HK1_2024_25.json →  1,646 records
[2026-04-05T11:05:31.358+0000] {logging_mixin.py:188} WARNING - [2026-04-05 11:05:31] INFO    etl.extract :   API | (JSON) taichinh_HK1_2025_26.json →  1,245 records
[2026-04-05T11:05:31.357+0000] {extract.py:242} INFO -   API | (JSON) taichinh_HK1_2025_26.json →  1,245 records
[2026-04-05T11:05:31.370+0000] {logging_mixin.py:188} WARNING - [2026-04-05 11:05:31] INFO    etl.extract :   API | (JSON) taichinh_HK2_2021_22.json →    390 records
[2026-04-05T11:05:31.370+0000] {extract.py:242} INFO -   API | (JSON) taichinh_HK2_2021_22.json →    390 records
[2026-04-05T11:05:31.385+0000] {logging_mixin.py:188} WARNING - [2026-04-05 11:05:31] INFO    etl.extract :   API | (JSON) taichinh_HK2_2022_23.json →    799 records
[2026-04-05T11:05:31.385+0000] {extract.py:242} INFO -   API | (JSON) taichinh_HK2_2022_23.json →    799 records
[2026-04-05T11:05:31.403+0000] {logging_mixin.py:188} WARNING - [2026-04-05 11:05:31] INFO    etl.extract :   API | (JSON) taichinh_HK2_2023_24.json →  1,223 records
[2026-04-05T11:05:31.403+0000] {extract.py:242} INFO -   API | (JSON) taichinh_HK2_2023_24.json →  1,223 records
[2026-04-05T11:05:31.423+0000] {logging_mixin.py:188} WARNING - [2026-04-05 11:05:31] INFO    etl.extract :   API | (JSON) taichinh_HK2_2024_25.json →  1,514 records
[2026-04-05T11:05:31.423+0000] {extract.py:242} INFO -   API | (JSON) taichinh_HK2_2024_25.json →  1,514 records
[2026-04-05T11:05:31.425+0000] {logging_mixin.py:188} WARNING - [2026-04-05 11:05:31] INFO    etl.extract :   API | TỔNG: 9,238 records từ 9 HK
[2026-04-05T11:05:31.425+0000] {extract.py:266} INFO -   API | TỔNG: 9,238 records từ 9 HK
[2026-04-05T11:05:31.629+0000] {logging_mixin.py:188} WARNING - [2026-04-05 11:05:31] INFO    utils.minio :   MinIO ↑ [raw-data] 2026-04-05_11-05/nguon1_sinh_vien.parquet (48.7 KB | 1,695 rows)
[2026-04-05T11:05:31.629+0000] {minio_client.py:142} INFO -   MinIO ↑ [raw-data] 2026-04-05_11-05/nguon1_sinh_vien.parquet (48.7 KB | 1,695 rows)
[2026-04-05T11:05:31.679+0000] {logging_mixin.py:188} WARNING - [2026-04-05 11:05:31] INFO    utils.minio :   MinIO ↑ [raw-data] 2026-04-05_11-05/nguon1_dang_ky.parquet (493.4 KB | 58,001 rows)
[2026-04-05T11:05:31.678+0000] {minio_client.py:142} INFO -   MinIO ↑ [raw-data] 2026-04-05_11-05/nguon1_dang_ky.parquet (493.4 KB | 58,001 rows)
[2026-04-05T11:05:31.724+0000] {logging_mixin.py:188} WARNING - [2026-04-05 11:05:31] INFO    utils.minio :   MinIO ↑ [raw-data] 2026-04-05_11-05/nguon1_diem.parquet (1187.9 KB | 58,001 rows)
[2026-04-05T11:05:31.724+0000] {minio_client.py:142} INFO -   MinIO ↑ [raw-data] 2026-04-05_11-05/nguon1_diem.parquet (1187.9 KB | 58,001 rows)
[2026-04-05T11:05:31.738+0000] {logging_mixin.py:188} WARNING - [2026-04-05 11:05:31] INFO    utils.minio :   MinIO ↑ [raw-data] 2026-04-05_11-05/nguon1_hoc_phan.parquet (10.3 KB | 121 rows)
[2026-04-05T11:05:31.738+0000] {minio_client.py:142} INFO -   MinIO ↑ [raw-data] 2026-04-05_11-05/nguon1_hoc_phan.parquet (10.3 KB | 121 rows)
[2026-04-05T11:05:31.750+0000] {logging_mixin.py:188} WARNING - [2026-04-05 11:05:31] INFO    utils.minio :   MinIO ↑ [raw-data] 2026-04-05_11-05/nguon1_hoc_ky.parquet (4.1 KB | 9 rows)
[2026-04-05T11:05:31.749+0000] {minio_client.py:142} INFO -   MinIO ↑ [raw-data] 2026-04-05_11-05/nguon1_hoc_ky.parquet (4.1 KB | 9 rows)
[2026-04-05T11:05:31.762+0000] {logging_mixin.py:188} WARNING - [2026-04-05 11:05:31] INFO    utils.minio :   MinIO ↑ [raw-data] 2026-04-05_11-05/nguon1_giang_vien.parquet (8.3 KB | 45 rows)
[2026-04-05T11:05:31.762+0000] {minio_client.py:142} INFO -   MinIO ↑ [raw-data] 2026-04-05_11-05/nguon1_giang_vien.parquet (8.3 KB | 45 rows)
[2026-04-05T11:05:31.773+0000] {logging_mixin.py:188} WARNING - [2026-04-05 11:05:31] INFO    utils.minio :   MinIO ↑ [raw-data] 2026-04-05_11-05/nguon1_khoa.parquet (2.6 KB | 4 rows)
[2026-04-05T11:05:31.773+0000] {minio_client.py:142} INFO -   MinIO ↑ [raw-data] 2026-04-05_11-05/nguon1_khoa.parquet (2.6 KB | 4 rows)
[2026-04-05T11:05:31.784+0000] {logging_mixin.py:188} WARNING - [2026-04-05 11:05:31] INFO    utils.minio :   MinIO ↑ [raw-data] 2026-04-05_11-05/nguon1_nganh.parquet (3.2 KB | 3 rows)
[2026-04-05T11:05:31.784+0000] {minio_client.py:142} INFO -   MinIO ↑ [raw-data] 2026-04-05_11-05/nguon1_nganh.parquet (3.2 KB | 3 rows)
[2026-04-05T11:05:31.795+0000] {logging_mixin.py:188} WARNING - [2026-04-05 11:05:31] INFO    utils.minio :   MinIO ↑ [raw-data] 2026-04-05_11-05/nguon1_lop_hanh_chinh.parquet (4.8 KB | 48 rows)
[2026-04-05T11:05:31.795+0000] {minio_client.py:142} INFO -   MinIO ↑ [raw-data] 2026-04-05_11-05/nguon1_lop_hanh_chinh.parquet (4.8 KB | 48 rows)
[2026-04-05T11:05:31.810+0000] {logging_mixin.py:188} WARNING - [2026-04-05 11:05:31] INFO    utils.minio :   MinIO ↑ [raw-data] 2026-04-05_11-05/nguon1_tong_hop_ket_qua.parquet (21.6 KB | 1,695 rows)
[2026-04-05T11:05:31.810+0000] {minio_client.py:142} INFO -   MinIO ↑ [raw-data] 2026-04-05_11-05/nguon1_tong_hop_ket_qua.parquet (21.6 KB | 1,695 rows)
[2026-04-05T11:05:31.826+0000] {logging_mixin.py:188} WARNING - [2026-04-05 11:05:31] INFO    utils.minio :   MinIO ↑ [raw-data] 2026-04-05_11-05/nguon2_ctsv.parquet (38.2 KB | 9,238 rows)
[2026-04-05T11:05:31.826+0000] {minio_client.py:142} INFO -   MinIO ↑ [raw-data] 2026-04-05_11-05/nguon2_ctsv.parquet (38.2 KB | 9,238 rows)
[2026-04-05T11:05:31.844+0000] {logging_mixin.py:188} WARNING - [2026-04-05 11:05:31] INFO    utils.minio :   MinIO ↑ [raw-data] 2026-04-05_11-05/nguon3_tai_chinh.parquet (66.6 KB | 9,238 rows)
[2026-04-05T11:05:31.844+0000] {minio_client.py:142} INFO -   MinIO ↑ [raw-data] 2026-04-05_11-05/nguon3_tai_chinh.parquet (66.6 KB | 9,238 rows)
[2026-04-05T11:05:31.845+0000] {logging_mixin.py:188} WARNING - [2026-04-05 11:05:31] INFO    utils.minio :   MinIO upload xong: 12/12 files | run_id=2026-04-05_11-05
[2026-04-05T11:05:31.845+0000] {minio_client.py:188} INFO -   MinIO upload xong: 12/12 files | run_id=2026-04-05_11-05
[2026-04-05T11:05:31.846+0000] {logging_mixin.py:188} WARNING - [2026-04-05 11:05:31] INFO    etl.extract :   MinIO staging: 12/12 files OK → run_id=2026-04-05_11-05
[2026-04-05T11:05:31.846+0000] {extract.py:333} INFO -   MinIO staging: 12/12 files OK → run_id=2026-04-05_11-05
[2026-04-05T11:05:31.847+0000] {logging_mixin.py:188} WARNING - [2026-04-05 11:05:31] INFO    etl.extract : ======================================================================
[2026-04-05T11:05:31.847+0000] {extract.py:296} INFO - ======================================================================
[2026-04-05T11:05:31.848+0000] {logging_mixin.py:188} WARNING - [2026-04-05 11:05:31] INFO    etl.extract :  FULL EXTRACT HOÀN TẤT
[2026-04-05T11:05:31.848+0000] {extract.py:297} INFO -  FULL EXTRACT HOÀN TẤT
[2026-04-05T11:05:31.849+0000] {logging_mixin.py:188} WARNING - [2026-04-05 11:05:31] INFO    etl.extract :    khoa                     :        4
[2026-04-05T11:05:31.849+0000] {extract.py:299} INFO -    khoa                     :        4
[2026-04-05T11:05:31.850+0000] {logging_mixin.py:188} WARNING - [2026-04-05 11:05:31] INFO    etl.extract :    nganh                    :        3
[2026-04-05T11:05:31.850+0000] {extract.py:299} INFO -    nganh                    :        3
[2026-04-05T11:05:31.851+0000] {logging_mixin.py:188} WARNING - [2026-04-05 11:05:31] INFO    etl.extract :    giang_vien               :       45
[2026-04-05T11:05:31.851+0000] {extract.py:299} INFO -    giang_vien               :       45
[2026-04-05T11:05:31.852+0000] {logging_mixin.py:188} WARNING - [2026-04-05 11:05:31] INFO    etl.extract :    lop_hanh_chinh           :       48
[2026-04-05T11:05:31.852+0000] {extract.py:299} INFO -    lop_hanh_chinh           :       48
[2026-04-05T11:05:31.853+0000] {logging_mixin.py:188} WARNING - [2026-04-05 11:05:31] INFO    etl.extract :    sinh_vien                :    1,695
[2026-04-05T11:05:31.853+0000] {extract.py:299} INFO -    sinh_vien                :    1,695
[2026-04-05T11:05:31.854+0000] {logging_mixin.py:188} WARNING - [2026-04-05 11:05:31] INFO    etl.extract :    hoc_phan                 :      121
[2026-04-05T11:05:31.854+0000] {extract.py:299} INFO -    hoc_phan                 :      121
[2026-04-05T11:05:31.854+0000] {logging_mixin.py:188} WARNING - [2026-04-05 11:05:31] INFO    etl.extract :    hoc_ky_nam_hoc           :        9
[2026-04-05T11:05:31.854+0000] {extract.py:299} INFO -    hoc_ky_nam_hoc           :        9
[2026-04-05T11:05:31.856+0000] {logging_mixin.py:188} WARNING - [2026-04-05 11:05:31] INFO    etl.extract :    dang_ky_hoc_phan         :   58,001
[2026-04-05T11:05:31.855+0000] {extract.py:299} INFO -    dang_ky_hoc_phan         :   58,001
[2026-04-05T11:05:31.856+0000] {logging_mixin.py:188} WARNING - [2026-04-05 11:05:31] INFO    etl.extract :    diem_hoc_phan            :   58,001
[2026-04-05T11:05:31.856+0000] {extract.py:299} INFO -    diem_hoc_phan            :   58,001
[2026-04-05T11:05:31.857+0000] {logging_mixin.py:188} WARNING - [2026-04-05 11:05:31] INFO    etl.extract :    tong_hop_ket_qua         :    1,695
[2026-04-05T11:05:31.857+0000] {extract.py:299} INFO -    tong_hop_ket_qua         :    1,695
[2026-04-05T11:05:31.858+0000] {logging_mixin.py:188} WARNING - [2026-04-05 11:05:31] INFO    etl.extract :    ctsv_data                :    9,238
[2026-04-05T11:05:31.858+0000] {extract.py:299} INFO -    ctsv_data                :    9,238
[2026-04-05T11:05:31.859+0000] {logging_mixin.py:188} WARNING - [2026-04-05 11:05:31] INFO    etl.extract :    tai_chinh_data           :    9,238
[2026-04-05T11:05:31.859+0000] {extract.py:299} INFO -    tai_chinh_data           :    9,238
[2026-04-05T11:05:31.859+0000] {logging_mixin.py:188} WARNING - [2026-04-05 11:05:31] INFO    etl.extract : ======================================================================
[2026-04-05T11:05:31.859+0000] {extract.py:300} INFO - ======================================================================
[2026-04-05T11:05:31.892+0000] {logging_mixin.py:188} INFO - Extract xong: {'khoa': 4, 'nganh': 3, 'giang_vien': 45, 'lop_hanh_chinh': 48, 'sinh_vien': 1695, 'hoc_phan': 121, 'hoc_ky_nam_hoc': 9, 'dang_ky_hoc_phan': 58001, 'diem_hoc_phan': 58001, 'tong_hop_ket_qua': 1695, 'ctsv_data': 9238, 'tai_chinh_data': 9238}
[2026-04-05T11:05:31.904+0000] {python.py:201} INFO - Done. Returned value was: {'khoa': 4, 'nganh': 3, 'giang_vien': 45, 'lop_hanh_chinh': 48, 'sinh_vien': 1695, 'hoc_phan': 121, 'hoc_ky_nam_hoc': 9, 'dang_ky_hoc_phan': 58001, 'diem_hoc_phan': 58001, 'tong_hop_ket_qua': 1695, 'ctsv_data': 9238, 'tai_chinh_data': 9238}
[2026-04-05T11:05:31.931+0000] {taskinstance.py:1138} INFO - Marking task as SUCCESS. dag_id=daily_student_pipeline, task_id=extract_data, execution_date=20260405T110526, start_date=20260405T110528, end_date=20260405T110531
[2026-04-05T11:05:31.978+0000] {local_task_job_runner.py:234} INFO - Task exited with return code 0
[2026-04-05T11:05:32.007+0000] {taskinstance.py:3280} INFO - 1 downstream tasks scheduled from follow-on schedule check
