[2026-04-27T14:12:24.324+0000] {taskinstance.py:1956} INFO - Dependencies all met for dep_context=non-requeueable deps ti=<TaskInstance: daily_student_pipeline.extract_group.extract_api manual__2026-04-27T14:12:15.437722+00:00 [queued]>
[2026-04-27T14:12:24.333+0000] {taskinstance.py:1956} INFO - Dependencies all met for dep_context=requeueable deps ti=<TaskInstance: daily_student_pipeline.extract_group.extract_api manual__2026-04-27T14:12:15.437722+00:00 [queued]>
[2026-04-27T14:12:24.334+0000] {taskinstance.py:2170} INFO - Starting attempt 1 of 1
[2026-04-27T14:12:24.351+0000] {taskinstance.py:2191} INFO - Executing <Task(PythonOperator): extract_group.extract_api> on 2026-04-27 14:12:15.437722+00:00
[2026-04-27T14:12:24.358+0000] {standard_task_runner.py:60} INFO - Started process 21437 to run task
[2026-04-27T14:12:24.361+0000] {standard_task_runner.py:87} INFO - Running: ['***', 'tasks', 'run', 'daily_student_pipeline', 'extract_group.extract_api', 'manual__2026-04-27T14:12:15.437722+00:00', '--job-id', '504', '--raw', '--subdir', 'DAGS_FOLDER/daily_student_pipeline.py', '--cfg-path', '/tmp/tmpvyyl5bos']
[2026-04-27T14:12:24.364+0000] {standard_task_runner.py:88} INFO - Job 504: Subtask extract_group.extract_api
[2026-04-27T14:12:24.441+0000] {task_command.py:423} INFO - Running <TaskInstance: daily_student_pipeline.extract_group.extract_api manual__2026-04-27T14:12:15.437722+00:00 [running]> on host 759b8b5e27b5
[2026-04-27T14:12:24.574+0000] {taskinstance.py:2480} INFO - Exporting env vars: AIRFLOW_CTX_DAG_OWNER='nhom8' AIRFLOW_CTX_DAG_ID='daily_student_pipeline' AIRFLOW_CTX_TASK_ID='extract_group.extract_api' AIRFLOW_CTX_EXECUTION_DATE='2026-04-27T14:12:15.437722+00:00' AIRFLOW_CTX_TRY_NUMBER='1' AIRFLOW_CTX_DAG_RUN_ID='manual__2026-04-27T14:12:15.437722+00:00'
[2026-04-27T14:12:27.703+0000] {extract.py:67} INFO -   PostgreSQL | hoc_ky_nam_hoc            →     13 records
[2026-04-27T14:12:27.704+0000] {extract.py:359} INFO - ════════════════════════════════════════════════════════════
[2026-04-27T14:12:27.706+0000] {extract.py:360} INFO - NGUỒN 3 — API/JSON (Portal Tài chính) | Extract
[2026-04-27T14:12:27.706+0000] {extract.py:361} INFO - ════════════════════════════════════════════════════════════
[2026-04-27T14:12:27.714+0000] {extract.py:245} INFO -   API | Tìm thấy 14 JSON file trong: /opt/***/data/api_json
[2026-04-27T14:12:28.427+0000] {extract.py:384} INFO -   API | (taichinh_all.json) → 9,670 records (dedup: 69)
[2026-04-27T14:12:29.192+0000] {minio_client.py:142} INFO -   MinIO ↑ [raw-data] 2026-04-27_14-12/nguon3_tai_chinh.parquet (89.3 KB | 9,670 rows)
[2026-04-27T14:12:33.137+0000] {metrics.py:34} WARNING -   metrics | Push thất bại: <urlopen error [Errno -2] Name or service not known> (pipeline vẫn tiếp tục)
[2026-04-27T14:12:33.138+0000] {logging_mixin.py:188} INFO - [Extract API] 9,670 records | run_id=2026-04-27_14-12
[2026-04-27T14:12:33.140+0000] {python.py:201} INFO - Done. Returned value was: 9670
[2026-04-27T14:12:33.185+0000] {taskinstance.py:1138} INFO - Marking task as SUCCESS. dag_id=daily_student_pipeline, task_id=extract_group.extract_api, execution_date=20260427T141215, start_date=20260427T141224, end_date=20260427T141233
[2026-04-27T14:12:33.236+0000] {local_task_job_runner.py:234} INFO - Task exited with return code 0
[2026-04-27T14:12:33.260+0000] {taskinstance.py:3280} INFO - 0 downstream tasks scheduled from follow-on schedule check
