[2026-04-26T08:51:09.637+0000] {taskinstance.py:1956} INFO - Dependencies all met for dep_context=non-requeueable deps ti=<TaskInstance: daily_student_pipeline.transform_data manual__2026-04-26T08:50:58.007316+00:00 [queued]>
[2026-04-26T08:51:09.657+0000] {taskinstance.py:1956} INFO - Dependencies all met for dep_context=requeueable deps ti=<TaskInstance: daily_student_pipeline.transform_data manual__2026-04-26T08:50:58.007316+00:00 [queued]>
[2026-04-26T08:51:09.659+0000] {taskinstance.py:2170} INFO - Starting attempt 1 of 1
[2026-04-26T08:51:09.678+0000] {taskinstance.py:2191} INFO - Executing <Task(PythonOperator): transform_data> on 2026-04-26 08:50:58.007316+00:00
[2026-04-26T08:51:09.683+0000] {standard_task_runner.py:60} INFO - Started process 4223 to run task
[2026-04-26T08:51:09.686+0000] {standard_task_runner.py:87} INFO - Running: ['***', 'tasks', 'run', 'daily_student_pipeline', 'transform_data', 'manual__2026-04-26T08:50:58.007316+00:00', '--job-id', '480', '--raw', '--subdir', 'DAGS_FOLDER/daily_student_pipeline.py', '--cfg-path', '/tmp/tmpegzm7ubz']
[2026-04-26T08:51:09.688+0000] {standard_task_runner.py:88} INFO - Job 480: Subtask transform_data
[2026-04-26T08:51:09.748+0000] {task_command.py:423} INFO - Running <TaskInstance: daily_student_pipeline.transform_data manual__2026-04-26T08:50:58.007316+00:00 [running]> on host 759b8b5e27b5
[2026-04-26T08:51:09.831+0000] {taskinstance.py:2480} INFO - Exporting env vars: AIRFLOW_CTX_DAG_OWNER='nhom8' AIRFLOW_CTX_DAG_ID='daily_student_pipeline' AIRFLOW_CTX_TASK_ID='transform_data' AIRFLOW_CTX_EXECUTION_DATE='2026-04-26T08:50:58.007316+00:00' AIRFLOW_CTX_TRY_NUMBER='1' AIRFLOW_CTX_DAG_RUN_ID='manual__2026-04-26T08:50:58.007316+00:00'
[2026-04-26T08:51:10.421+0000] {logging_mixin.py:188} WARNING - [2026-04-26 08:51:10] INFO    etl.extract :   Load from MinIO staging: run_id=2026-04-26_08-51
[2026-04-26T08:51:10.420+0000] {extract.py:502} INFO -   Load from MinIO staging: run_id=2026-04-26_08-51
[2026-04-26T08:51:10.448+0000] {logging_mixin.py:188} WARNING - [2026-04-26 08:51:10] INFO    utils.minio :   MinIO ↓ [raw-data] 2026-04-26_08-51/nguon1_khoa.parquet (4 rows)
[2026-04-26T08:51:10.448+0000] {minio_client.py:223} INFO -   MinIO ↓ [raw-data] 2026-04-26_08-51/nguon1_khoa.parquet (4 rows)
[2026-04-26T08:51:10.461+0000] {logging_mixin.py:188} WARNING - [2026-04-26 08:51:10] INFO    utils.minio :   MinIO ↓ [raw-data] 2026-04-26_08-51/nguon1_nganh.parquet (3 rows)
[2026-04-26T08:51:10.460+0000] {minio_client.py:223} INFO -   MinIO ↓ [raw-data] 2026-04-26_08-51/nguon1_nganh.parquet (3 rows)
[2026-04-26T08:51:10.472+0000] {logging_mixin.py:188} WARNING - [2026-04-26 08:51:10] INFO    utils.minio :   MinIO ↓ [raw-data] 2026-04-26_08-51/nguon1_giang_vien.parquet (45 rows)
[2026-04-26T08:51:10.472+0000] {minio_client.py:223} INFO -   MinIO ↓ [raw-data] 2026-04-26_08-51/nguon1_giang_vien.parquet (45 rows)
[2026-04-26T08:51:10.483+0000] {logging_mixin.py:188} WARNING - [2026-04-26 08:51:10] INFO    utils.minio :   MinIO ↓ [raw-data] 2026-04-26_08-51/nguon1_lop_hanh_chinh.parquet (48 rows)
[2026-04-26T08:51:10.483+0000] {minio_client.py:223} INFO -   MinIO ↓ [raw-data] 2026-04-26_08-51/nguon1_lop_hanh_chinh.parquet (48 rows)
[2026-04-26T08:51:10.500+0000] {logging_mixin.py:188} WARNING - [2026-04-26 08:51:10] INFO    utils.minio :   MinIO ↓ [raw-data] 2026-04-26_08-51/nguon1_sinh_vien.parquet (1,695 rows)
[2026-04-26T08:51:10.499+0000] {minio_client.py:223} INFO -   MinIO ↓ [raw-data] 2026-04-26_08-51/nguon1_sinh_vien.parquet (1,695 rows)
[2026-04-26T08:51:10.515+0000] {logging_mixin.py:188} WARNING - [2026-04-26 08:51:10] INFO    utils.minio :   MinIO ↓ [raw-data] 2026-04-26_08-51/nguon1_hoc_phan.parquet (121 rows)
[2026-04-26T08:51:10.515+0000] {minio_client.py:223} INFO -   MinIO ↓ [raw-data] 2026-04-26_08-51/nguon1_hoc_phan.parquet (121 rows)
[2026-04-26T08:51:10.527+0000] {logging_mixin.py:188} WARNING - [2026-04-26 08:51:10] INFO    utils.minio :   MinIO ↓ [raw-data] 2026-04-26_08-51/nguon1_hoc_ky.parquet (13 rows)
[2026-04-26T08:51:10.527+0000] {minio_client.py:223} INFO -   MinIO ↓ [raw-data] 2026-04-26_08-51/nguon1_hoc_ky.parquet (13 rows)
[2026-04-26T08:51:10.552+0000] {logging_mixin.py:188} WARNING - [2026-04-26 08:51:10] INFO    utils.minio :   MinIO ↓ [raw-data] 2026-04-26_08-51/nguon1_dang_ky.parquet (55,125 rows)
[2026-04-26T08:51:10.552+0000] {minio_client.py:223} INFO -   MinIO ↓ [raw-data] 2026-04-26_08-51/nguon1_dang_ky.parquet (55,125 rows)
[2026-04-26T08:51:10.602+0000] {logging_mixin.py:188} WARNING - [2026-04-26 08:51:10] INFO    utils.minio :   MinIO ↓ [raw-data] 2026-04-26_08-51/nguon1_diem.parquet (54,640 rows)
[2026-04-26T08:51:10.602+0000] {minio_client.py:223} INFO -   MinIO ↓ [raw-data] 2026-04-26_08-51/nguon1_diem.parquet (54,640 rows)
[2026-04-26T08:51:10.612+0000] {logging_mixin.py:188} WARNING - [2026-04-26 08:51:10] INFO    utils.minio :   MinIO ↓ [raw-data] 2026-04-26_08-51/nguon1_tong_hop_ket_qua.parquet (1,695 rows)
[2026-04-26T08:51:10.612+0000] {minio_client.py:223} INFO -   MinIO ↓ [raw-data] 2026-04-26_08-51/nguon1_tong_hop_ket_qua.parquet (1,695 rows)
[2026-04-26T08:51:10.624+0000] {logging_mixin.py:188} WARNING - [2026-04-26 08:51:10] INFO    utils.minio :   MinIO ↓ [raw-data] 2026-04-26_08-51/nguon2_ctsv.parquet (9,475 rows)
[2026-04-26T08:51:10.624+0000] {minio_client.py:223} INFO -   MinIO ↓ [raw-data] 2026-04-26_08-51/nguon2_ctsv.parquet (9,475 rows)
[2026-04-26T08:51:10.636+0000] {logging_mixin.py:188} WARNING - [2026-04-26 08:51:10] INFO    utils.minio :   MinIO ↓ [raw-data] 2026-04-26_08-51/nguon3_tai_chinh.parquet (9,182 rows)
[2026-04-26T08:51:10.636+0000] {minio_client.py:223} INFO -   MinIO ↓ [raw-data] 2026-04-26_08-51/nguon3_tai_chinh.parquet (9,182 rows)
[2026-04-26T08:51:10.637+0000] {logging_mixin.py:188} WARNING - [2026-04-26 08:51:10] INFO    etl.extract :  Load from staging OK — run_id=2026-04-26_08-51
[2026-04-26T08:51:10.637+0000] {extract.py:519} INFO -  Load from staging OK — run_id=2026-04-26_08-51
[2026-04-26T08:51:10.639+0000] {logging_mixin.py:188} WARNING - [2026-04-26 08:51:10] INFO    etl.transform : ==BẮT ĐẦU TRANSFORM==
[2026-04-26T08:51:10.638+0000] {transform.py:75} INFO - ==BẮT ĐẦU TRANSFORM==
[2026-04-26T08:51:10.639+0000] {logging_mixin.py:188} WARNING - [2026-04-26 08:51:10] INFO    etl.transform : ======================================================================
[2026-04-26T08:51:10.639+0000] {transform.py:76} INFO - ======================================================================
[2026-04-26T08:51:10.642+0000] {logging_mixin.py:188} WARNING - [2026-04-26 08:51:10] INFO    etl.transform : ── Bước 1: Transform Dimension Tables ──
[2026-04-26T08:51:10.642+0000] {transform.py:80} INFO - ── Bước 1: Transform Dimension Tables ──
[2026-04-26T08:51:10.647+0000] {logging_mixin.py:188} WARNING - [2026-04-26 08:51:10] INFO    etl.transform :   dim_thoi_gian               →     13 records
[2026-04-26T08:51:10.647+0000] {transform.py:190} INFO -   dim_thoi_gian               →     13 records
[2026-04-26T08:51:10.653+0000] {logging_mixin.py:188} WARNING - [2026-04-26 08:51:10] INFO    etl.transform :   dim_giang_vien              →     45 records
[2026-04-26T08:51:10.653+0000] {transform.py:213} INFO -   dim_giang_vien              →     45 records
[2026-04-26T08:51:10.657+0000] {logging_mixin.py:188} WARNING - [2026-04-26 08:51:10] INFO    etl.transform :   dim_hoc_phan                →    121 records
[2026-04-26T08:51:10.657+0000] {transform.py:240} INFO -   dim_hoc_phan                →    121 records
[2026-04-26T08:51:10.672+0000] {logging_mixin.py:188} WARNING - [2026-04-26 08:51:10] INFO    etl.transform :   dim_sinh_vien               →  1,695 records
[2026-04-26T08:51:10.672+0000] {transform.py:306} INFO -   dim_sinh_vien               →  1,695 records
[2026-04-26T08:51:10.674+0000] {logging_mixin.py:188} WARNING - [2026-04-26 08:51:10] INFO    etl.transform : ── Bước 2: Transform Fact Tables ──
[2026-04-26T08:51:10.674+0000] {transform.py:96} INFO - ── Bước 2: Transform Fact Tables ──
[2026-04-26T08:51:10.737+0000] {logging_mixin.py:188} WARNING - [2026-04-26 08:51:10] INFO    etl.transform :   fact_diem                   → 54,640 records
[2026-04-26T08:51:10.737+0000] {transform.py:376} INFO -   fact_diem                   → 54,640 records
[2026-04-26T08:51:10.771+0000] {logging_mixin.py:188} WARNING - [2026-04-26 08:51:10] INFO    etl.transform :   fact_dang_ky               → 55,125 records
[2026-04-26T08:51:10.771+0000] {transform.py:413} INFO -   fact_dang_ky               → 55,125 records
[2026-04-26T08:51:10.791+0000] {logging_mixin.py:188} WARNING - [2026-04-26 08:51:10] INFO    etl.transform :   fact_ren_luyen              →  9,475 records
[2026-04-26T08:51:10.791+0000] {transform.py:445} INFO -   fact_ren_luyen              →  9,475 records
[2026-04-26T08:51:10.799+0000] {logging_mixin.py:188} WARNING - /opt/***/src/etl/transform.py:467 UserWarning: The argument 'infer_datetime_format' is deprecated and will be removed in a future version. A strict version of it is now the default, see https://pandas.pydata.org/pdeps/0004-consistent-to-datetime-parsing.html. You can safely remove this argument.
[2026-04-26T08:51:10.811+0000] {logging_mixin.py:188} WARNING - [2026-04-26 08:51:10] INFO    etl.transform :   fact_tai_chinh              →  9,182 records
[2026-04-26T08:51:10.811+0000] {transform.py:485} INFO -   fact_tai_chinh              →  9,182 records
[2026-04-26T08:51:10.813+0000] {logging_mixin.py:188} WARNING - [2026-04-26 08:51:10] INFO    etl.transform : ======================================================================
[2026-04-26T08:51:10.813+0000] {transform.py:108} INFO - ======================================================================
[2026-04-26T08:51:10.814+0000] {logging_mixin.py:188} WARNING - [2026-04-26 08:51:10] INFO    etl.transform : TRANSFORM HOÀN TẤT
[2026-04-26T08:51:10.814+0000] {transform.py:109} INFO - TRANSFORM HOÀN TẤT
[2026-04-26T08:51:10.815+0000] {logging_mixin.py:188} WARNING - [2026-04-26 08:51:10] INFO    etl.transform :    dim_giang_vien           :       45 records
[2026-04-26T08:51:10.815+0000] {transform.py:111} INFO -    dim_giang_vien           :       45 records
[2026-04-26T08:51:10.816+0000] {logging_mixin.py:188} WARNING - [2026-04-26 08:51:10] INFO    etl.transform :    dim_sinh_vien            :    1,695 records
[2026-04-26T08:51:10.816+0000] {transform.py:111} INFO -    dim_sinh_vien            :    1,695 records
[2026-04-26T08:51:10.816+0000] {logging_mixin.py:188} WARNING - [2026-04-26 08:51:10] INFO    etl.transform :    dim_hoc_phan             :      121 records
[2026-04-26T08:51:10.816+0000] {transform.py:111} INFO -    dim_hoc_phan             :      121 records
[2026-04-26T08:51:10.817+0000] {logging_mixin.py:188} WARNING - [2026-04-26 08:51:10] INFO    etl.transform :    dim_thoi_gian            :       13 records
[2026-04-26T08:51:10.817+0000] {transform.py:111} INFO -    dim_thoi_gian            :       13 records
[2026-04-26T08:51:10.819+0000] {logging_mixin.py:188} WARNING - [2026-04-26 08:51:10] INFO    etl.transform :    fact_diem                :   54,640 records
[2026-04-26T08:51:10.819+0000] {transform.py:111} INFO -    fact_diem                :   54,640 records
[2026-04-26T08:51:10.820+0000] {logging_mixin.py:188} WARNING - [2026-04-26 08:51:10] INFO    etl.transform :    fact_dang_ky             :   55,125 records
[2026-04-26T08:51:10.820+0000] {transform.py:111} INFO -    fact_dang_ky             :   55,125 records
[2026-04-26T08:51:10.821+0000] {logging_mixin.py:188} WARNING - [2026-04-26 08:51:10] INFO    etl.transform :    fact_ren_luyen           :    9,475 records
[2026-04-26T08:51:10.821+0000] {transform.py:111} INFO -    fact_ren_luyen           :    9,475 records
[2026-04-26T08:51:10.821+0000] {logging_mixin.py:188} WARNING - [2026-04-26 08:51:10] INFO    etl.transform :    fact_tai_chinh           :    9,182 records
[2026-04-26T08:51:10.821+0000] {transform.py:111} INFO -    fact_tai_chinh           :    9,182 records
[2026-04-26T08:51:10.823+0000] {logging_mixin.py:188} WARNING - [2026-04-26 08:51:10] INFO    etl.transform : ======================================================================
[2026-04-26T08:51:10.823+0000] {transform.py:112} INFO - ======================================================================
[2026-04-26T08:51:10.852+0000] {logging_mixin.py:188} WARNING - [2026-04-26 08:51:10] INFO    utils.minio :   MinIO ↑ [staging-data] 2026-04-26_08-51/dim_hoc_ky.parquet (5.4 KB | 13 rows)
[2026-04-26T08:51:10.852+0000] {minio_client.py:142} INFO -   MinIO ↑ [staging-data] 2026-04-26_08-51/dim_hoc_ky.parquet (5.4 KB | 13 rows)
[2026-04-26T08:51:10.864+0000] {logging_mixin.py:188} WARNING - [2026-04-26 08:51:10] INFO    utils.minio :   MinIO ↑ [staging-data] 2026-04-26_08-51/dim_giang_vien.parquet (8.9 KB | 45 rows)
[2026-04-26T08:51:10.864+0000] {minio_client.py:142} INFO -   MinIO ↑ [staging-data] 2026-04-26_08-51/dim_giang_vien.parquet (8.9 KB | 45 rows)
[2026-04-26T08:51:10.875+0000] {logging_mixin.py:188} WARNING - [2026-04-26 08:51:10] INFO    utils.minio :   MinIO ↑ [staging-data] 2026-04-26_08-51/dim_hoc_phan.parquet (11.0 KB | 121 rows)
[2026-04-26T08:51:10.875+0000] {minio_client.py:142} INFO -   MinIO ↑ [staging-data] 2026-04-26_08-51/dim_hoc_phan.parquet (11.0 KB | 121 rows)
[2026-04-26T08:51:10.904+0000] {logging_mixin.py:188} WARNING - [2026-04-26 08:51:10] INFO    utils.minio :   MinIO ↑ [staging-data] 2026-04-26_08-51/dim_sinh_vien.parquet (71.7 KB | 1,695 rows)
[2026-04-26T08:51:10.904+0000] {minio_client.py:142} INFO -   MinIO ↑ [staging-data] 2026-04-26_08-51/dim_sinh_vien.parquet (71.7 KB | 1,695 rows)
[2026-04-26T08:51:10.956+0000] {logging_mixin.py:188} WARNING - [2026-04-26 08:51:10] INFO    utils.minio :   MinIO ↑ [staging-data] 2026-04-26_08-51/fact_diem.parquet (816.7 KB | 54,640 rows)
[2026-04-26T08:51:10.956+0000] {minio_client.py:142} INFO -   MinIO ↑ [staging-data] 2026-04-26_08-51/fact_diem.parquet (816.7 KB | 54,640 rows)
[2026-04-26T08:51:10.385+0000] {logging_mixin.py:188} WARNING - [2026-04-26 08:51:10] INFO    utils.minio :   MinIO ↑ [staging-data] 2026-04-26_08-51/fact_dang_ky.parquet (462.4 KB | 55,125 rows)
[2026-04-26T08:51:10.385+0000] {minio_client.py:142} INFO -   MinIO ↑ [staging-data] 2026-04-26_08-51/fact_dang_ky.parquet (462.4 KB | 55,125 rows)
[2026-04-26T08:51:10.403+0000] {logging_mixin.py:188} WARNING - [2026-04-26 08:51:10] INFO    utils.minio :   MinIO ↑ [staging-data] 2026-04-26_08-51/fact_ren_luyen.parquet (41.2 KB | 9,475 rows)
[2026-04-26T08:51:10.402+0000] {minio_client.py:142} INFO -   MinIO ↑ [staging-data] 2026-04-26_08-51/fact_ren_luyen.parquet (41.2 KB | 9,475 rows)
[2026-04-26T08:51:10.422+0000] {logging_mixin.py:188} WARNING - [2026-04-26 08:51:10] INFO    utils.minio :   MinIO ↑ [staging-data] 2026-04-26_08-51/fact_tai_chinh.parquet (86.5 KB | 9,182 rows)
[2026-04-26T08:51:10.422+0000] {minio_client.py:142} INFO -   MinIO ↑ [staging-data] 2026-04-26_08-51/fact_tai_chinh.parquet (86.5 KB | 9,182 rows)
[2026-04-26T08:51:10.423+0000] {logging_mixin.py:188} WARNING - [2026-04-26 08:51:10] INFO    etl.transform :   MinIO staging-data: 8/8 files OK → run_id=2026-04-26_08-51
[2026-04-26T08:51:10.423+0000] {transform.py:141} INFO -   MinIO staging-data: 8/8 files OK → run_id=2026-04-26_08-51
[2026-04-26T08:51:10.454+0000] {logging_mixin.py:188} INFO - Transform xong: {'dim_giang_vien': 45, 'dim_sinh_vien': 1695, 'dim_hoc_phan': 121, 'dim_thoi_gian': 13, 'fact_diem': 54640, 'fact_dang_ky': 55125, 'fact_ren_luyen': 9475, 'fact_tai_chinh': 9182}
[2026-04-26T08:51:10.458+0000] {python.py:201} INFO - Done. Returned value was: {'dim_giang_vien': 45, 'dim_sinh_vien': 1695, 'dim_hoc_phan': 121, 'dim_thoi_gian': 13, 'fact_diem': 54640, 'fact_dang_ky': 55125, 'fact_ren_luyen': 9475, 'fact_tai_chinh': 9182}
[2026-04-26T08:51:10.483+0000] {taskinstance.py:1138} INFO - Marking task as SUCCESS. dag_id=daily_student_pipeline, task_id=transform_data, execution_date=20260426T085058, start_date=20260426T085109, end_date=20260426T085110
[2026-04-26T08:51:10.544+0000] {local_task_job_runner.py:234} INFO - Task exited with return code 0
[2026-04-26T08:51:10.570+0000] {taskinstance.py:3280} INFO - 0 downstream tasks scheduled from follow-on schedule check
