[2026-05-02T05:40:11.265+0000] {taskinstance.py:1956} INFO - Dependencies all met for dep_context=non-requeueable deps ti=<TaskInstance: daily_student_pipeline.extract_group.extract_postgres manual__2026-05-02T05:40:03.609119+00:00 [queued]>
[2026-05-02T05:40:11.273+0000] {taskinstance.py:1956} INFO - Dependencies all met for dep_context=requeueable deps ti=<TaskInstance: daily_student_pipeline.extract_group.extract_postgres manual__2026-05-02T05:40:03.609119+00:00 [queued]>
[2026-05-02T05:40:11.274+0000] {taskinstance.py:2170} INFO - Starting attempt 1 of 1
[2026-05-02T05:40:11.290+0000] {taskinstance.py:2191} INFO - Executing <Task(PythonOperator): extract_group.extract_postgres> on 2026-05-02 05:40:03.609119+00:00
[2026-05-02T05:40:11.295+0000] {standard_task_runner.py:60} INFO - Started process 18705 to run task
[2026-05-02T05:40:11.298+0000] {standard_task_runner.py:87} INFO - Running: ['***', 'tasks', 'run', 'daily_student_pipeline', 'extract_group.extract_postgres', 'manual__2026-05-02T05:40:03.609119+00:00', '--job-id', '621', '--raw', '--subdir', 'DAGS_FOLDER/daily_student_pipeline.py', '--cfg-path', '/tmp/tmp5unb44n4']
[2026-05-02T05:40:11.300+0000] {standard_task_runner.py:88} INFO - Job 621: Subtask extract_group.extract_postgres
[2026-05-02T05:40:11.375+0000] {task_command.py:423} INFO - Running <TaskInstance: daily_student_pipeline.extract_group.extract_postgres manual__2026-05-02T05:40:03.609119+00:00 [running]> on host 485f600440bc
[2026-05-02T05:40:11.466+0000] {taskinstance.py:2480} INFO - Exporting env vars: AIRFLOW_CTX_DAG_OWNER='nhom8' AIRFLOW_CTX_DAG_ID='daily_student_pipeline' AIRFLOW_CTX_TASK_ID='extract_group.extract_postgres' AIRFLOW_CTX_EXECUTION_DATE='2026-05-02T05:40:03.609119+00:00' AIRFLOW_CTX_TRY_NUMBER='1' AIRFLOW_CTX_DAG_RUN_ID='manual__2026-05-02T05:40:03.609119+00:00'
[2026-05-02T05:40:12.051+0000] {extract.py:83} INFO - ════════════════════════════════════════════════════════════
[2026-05-02T05:40:12.051+0000] {extract.py:84} INFO - NGUỒN 1 — PostgreSQL (Phòng Đào tạo) | Full Extract
[2026-05-02T05:40:12.052+0000] {extract.py:85} INFO - ════════════════════════════════════════════════════════════
[2026-05-02T05:40:12.134+0000] {extract.py:67} INFO -   PostgreSQL | khoa                      →      4 records
[2026-05-02T05:40:12.160+0000] {extract.py:67} INFO -   PostgreSQL | nganh                     →      3 records
[2026-05-02T05:40:12.188+0000] {extract.py:67} INFO -   PostgreSQL | giang_vien                →     45 records
[2026-05-02T05:40:12.236+0000] {extract.py:67} INFO -   PostgreSQL | lop_hanh_chinh            →     48 records
[2026-05-02T05:40:12.292+0000] {extract.py:67} INFO -   PostgreSQL | sinh_vien                 →  1,695 records
[2026-05-02T05:40:12.313+0000] {extract.py:67} INFO -   PostgreSQL | hoc_phan                  →    121 records
[2026-05-02T05:40:12.325+0000] {extract.py:67} INFO -   PostgreSQL | hoc_ky_nam_hoc            →     13 records
[2026-05-02T05:40:12.562+0000] {extract.py:67} INFO -   PostgreSQL | dang_ky_hoc_phan          → 56,515 records
[2026-05-02T05:40:13.204+0000] {extract.py:67} INFO -   PostgreSQL | diem_hoc_phan             → 56,087 records
[2026-05-02T05:40:13.299+0000] {extract.py:67} INFO -   PostgreSQL | tong_hop_ket_qua          →  1,695 records
[2026-05-02T05:40:13.299+0000] {extract.py:92} INFO -   PostgreSQL | TỔNG: 116,226 records từ 10 bảng
[2026-05-02T05:40:13.521+0000] {minio_client.py:142} INFO -   MinIO ↑ [raw-data] 2026-05-02_05-40/nguon1_khoa.parquet (2.6 KB | 4 rows)
[2026-05-02T05:40:13.531+0000] {minio_client.py:142} INFO -   MinIO ↑ [raw-data] 2026-05-02_05-40/nguon1_nganh.parquet (3.2 KB | 3 rows)
[2026-05-02T05:40:13.544+0000] {minio_client.py:142} INFO -   MinIO ↑ [raw-data] 2026-05-02_05-40/nguon1_giang_vien.parquet (8.3 KB | 45 rows)
[2026-05-02T05:40:13.555+0000] {minio_client.py:142} INFO -   MinIO ↑ [raw-data] 2026-05-02_05-40/nguon1_lop_hanh_chinh.parquet (4.8 KB | 48 rows)
[2026-05-02T05:40:13.589+0000] {minio_client.py:142} INFO -   MinIO ↑ [raw-data] 2026-05-02_05-40/nguon1_sinh_vien.parquet (47.4 KB | 1,695 rows)
[2026-05-02T05:40:13.598+0000] {minio_client.py:142} INFO -   MinIO ↑ [raw-data] 2026-05-02_05-40/nguon1_hoc_phan.parquet (10.3 KB | 121 rows)
[2026-05-02T05:40:13.609+0000] {minio_client.py:142} INFO -   MinIO ↑ [raw-data] 2026-05-02_05-40/nguon1_hoc_ky_nam_hoc.parquet (4.2 KB | 13 rows)
[2026-05-02T05:40:13.670+0000] {minio_client.py:142} INFO -   MinIO ↑ [raw-data] 2026-05-02_05-40/nguon1_dang_ky_hoc_phan.parquet (481.0 KB | 56,515 rows)
[2026-05-02T05:40:13.716+0000] {minio_client.py:142} INFO -   MinIO ↑ [raw-data] 2026-05-02_05-40/nguon1_diem_hoc_phan.parquet (1169.0 KB | 56,087 rows)
[2026-05-02T05:40:13.730+0000] {minio_client.py:142} INFO -   MinIO ↑ [raw-data] 2026-05-02_05-40/nguon1_tong_hop_ket_qua.parquet (22.2 KB | 1,695 rows)
[2026-05-02T05:40:13.737+0000] {logging_mixin.py:188} INFO - [Extract PG] 116,226 records | run_id=2026-05-02_05-40
[2026-05-02T05:40:13.746+0000] {python.py:201} INFO - Done. Returned value was: 116226
[2026-05-02T05:40:13.775+0000] {taskinstance.py:1138} INFO - Marking task as SUCCESS. dag_id=daily_student_pipeline, task_id=extract_group.extract_postgres, execution_date=20260502T054003, start_date=20260502T054011, end_date=20260502T054013
[2026-05-02T05:40:13.801+0000] {local_task_job_runner.py:234} INFO - Task exited with return code 0
[2026-05-02T05:40:13.829+0000] {taskinstance.py:3280} INFO - 1 downstream tasks scheduled from follow-on schedule check
