[2026-04-06T06:22:01.267+0000] {taskinstance.py:1956} INFO - Dependencies all met for dep_context=non-requeueable deps ti=<TaskInstance: weekly_summary_pipeline.aggregate_weekly scheduled__2026-03-30T06:00:00+00:00 [queued]>
[2026-04-06T06:22:01.284+0000] {taskinstance.py:1956} INFO - Dependencies all met for dep_context=requeueable deps ti=<TaskInstance: weekly_summary_pipeline.aggregate_weekly scheduled__2026-03-30T06:00:00+00:00 [queued]>
[2026-04-06T06:22:01.285+0000] {taskinstance.py:2170} INFO - Starting attempt 1 of 2
[2026-04-06T06:22:01.302+0000] {taskinstance.py:2191} INFO - Executing <Task(PythonOperator): aggregate_weekly> on 2026-03-30 06:00:00+00:00
[2026-04-06T06:22:01.308+0000] {standard_task_runner.py:60} INFO - Started process 201 to run task
[2026-04-06T06:22:01.313+0000] {standard_task_runner.py:87} INFO - Running: ['***', 'tasks', 'run', 'weekly_summary_pipeline', 'aggregate_weekly', 'scheduled__2026-03-30T06:00:00+00:00', '--job-id', '255', '--raw', '--subdir', 'DAGS_FOLDER/weekly_summary_pipeline.py', '--cfg-path', '/tmp/tmpcuaki6_6']
[2026-04-06T06:22:01.318+0000] {standard_task_runner.py:88} INFO - Job 255: Subtask aggregate_weekly
[2026-04-06T06:22:01.437+0000] {task_command.py:423} INFO - Running <TaskInstance: weekly_summary_pipeline.aggregate_weekly scheduled__2026-03-30T06:00:00+00:00 [running]> on host 1c62953c8918
[2026-04-06T06:22:01.572+0000] {taskinstance.py:2480} INFO - Exporting env vars: AIRFLOW_CTX_DAG_OWNER='nhom8' AIRFLOW_CTX_DAG_ID='weekly_summary_pipeline' AIRFLOW_CTX_TASK_ID='aggregate_weekly' AIRFLOW_CTX_EXECUTION_DATE='2026-03-30T06:00:00+00:00' AIRFLOW_CTX_TRY_NUMBER='1' AIRFLOW_CTX_DAG_RUN_ID='scheduled__2026-03-30T06:00:00+00:00'
[2026-04-06T06:22:08.624+0000] {logging_mixin.py:188} WARNING - [2026-04-06 06:22:08] INFO    etl.aggregation : == WeeklyAggregator: BẮT ĐẦU ==
[2026-04-06T06:22:08.623+0000] {aggregation.py:202} INFO - == WeeklyAggregator: BẮT ĐẦU ==
[2026-04-06T06:22:09.151+0000] {logging_mixin.py:188} WARNING - [2026-04-06 06:22:09] INFO    etl.aggregation :   agg_student_summary → 1,695 records
[2026-04-06T06:22:09.151+0000] {aggregation.py:190} INFO -   agg_student_summary → 1,695 records
[2026-04-06T06:22:09.153+0000] {logging_mixin.py:188} WARNING - [2026-04-06 06:22:09] INFO    etl.aggregation :   agg_student_summary : 1,695 records
[2026-04-06T06:22:09.153+0000] {aggregation.py:210} INFO -   agg_student_summary : 1,695 records
[2026-04-06T06:22:09.156+0000] {logging_mixin.py:188} WARNING - [2026-04-06 06:22:09] INFO    etl.aggregation :   sv_status_synced    : 0 SV cập nhật
[2026-04-06T06:22:09.156+0000] {aggregation.py:211} INFO -   sv_status_synced    : 0 SV cập nhật
[2026-04-06T06:22:09.158+0000] {logging_mixin.py:188} WARNING - [2026-04-06 06:22:09] INFO    etl.aggregation : == WeeklyAggregator: HOÀN TẤT ==
[2026-04-06T06:22:09.158+0000] {aggregation.py:212} INFO - == WeeklyAggregator: HOÀN TẤT ==
[2026-04-06T06:22:09.184+0000] {logging_mixin.py:188} WARNING - [2026-04-06 06:22:09] INFO    validation.ge :   GE | DataValidator khoi tao | GE dir: /opt/***/great_expectations
[2026-04-06T06:22:09.184+0000] {ge_validation.py:162} INFO -   GE | DataValidator khoi tao | GE dir: /opt/***/great_expectations
[2026-04-06T06:22:09.187+0000] {logging_mixin.py:188} WARNING - [2026-04-06 06:22:09] INFO    validation.ge :   GE | Validate warehouse — agg_student_summary
[2026-04-06T06:22:09.186+0000] {ge_validation.py:286} INFO -   GE | Validate warehouse — agg_student_summary
[2026-04-06T06:22:09.207+0000] {logging_mixin.py:188} WARNING - [2026-04-06 06:22:09] INFO    validation.ge :   GE | agg_student_summary: 1695 records
[2026-04-06T06:22:09.207+0000] {ge_validation.py:299} INFO -   GE | agg_student_summary: 1695 records
[2026-04-06T06:22:09.234+0000] {logging_mixin.py:188} WARNING - [2026-04-06 06:22:09] INFO    validation.ge :   GE | Loaded 'warehouse_suite' (7 expectations)
[2026-04-06T06:22:09.234+0000] {ge_validation.py:43} INFO -   GE | Loaded 'warehouse_suite' (7 expectations)
[2026-04-06T06:22:09.242+0000] {data_asset.py:541} INFO - 	7 expectation(s) included in expectation_suite.
[2026-04-06T06:22:09.250+0000] {logging_mixin.py:188} WARNING - [2026-04-06 06:22:09] INFO    validation.ge :   GE | [warehouse_suite] agg_student_summary: 7/7 (OK)
[2026-04-06T06:22:09.250+0000] {ge_validation.py:93} INFO -   GE | [warehouse_suite] agg_student_summary: 7/7 (OK)
[2026-04-06T06:22:09.253+0000] {weekly_summary_pipeline.py:38} INFO - Warehouse OK: 7/7 passed
[2026-04-06T06:22:09.254+0000] {python.py:201} INFO - Done. Returned value was: None
[2026-04-06T06:22:09.272+0000] {taskinstance.py:1138} INFO - Marking task as SUCCESS. dag_id=weekly_summary_pipeline, task_id=aggregate_weekly, execution_date=20260330T060000, start_date=20260406T062201, end_date=20260406T062209
[2026-04-06T06:22:09.333+0000] {local_task_job_runner.py:234} INFO - Task exited with return code 0
[2026-04-06T06:22:09.379+0000] {taskinstance.py:3280} INFO - 0 downstream tasks scheduled from follow-on schedule check
