[2026-04-20T10:50:16.325+0000] {taskinstance.py:1956} INFO - Dependencies all met for dep_context=non-requeueable deps ti=<TaskInstance: daily_student_pipeline.extract_data manual__2026-04-20T10:50:13.951901+00:00 [queued]>
[2026-04-20T10:50:16.335+0000] {taskinstance.py:1956} INFO - Dependencies all met for dep_context=requeueable deps ti=<TaskInstance: daily_student_pipeline.extract_data manual__2026-04-20T10:50:13.951901+00:00 [queued]>
[2026-04-20T10:50:16.336+0000] {taskinstance.py:2170} INFO - Starting attempt 1 of 1
[2026-04-20T10:50:16.349+0000] {taskinstance.py:2191} INFO - Executing <Task(PythonOperator): extract_data> on 2026-04-20 10:50:13.951901+00:00
[2026-04-20T10:50:16.355+0000] {standard_task_runner.py:60} INFO - Started process 4558 to run task
[2026-04-20T10:50:16.357+0000] {standard_task_runner.py:87} INFO - Running: ['***', 'tasks', 'run', 'daily_student_pipeline', 'extract_data', 'manual__2026-04-20T10:50:13.951901+00:00', '--job-id', '416', '--raw', '--subdir', 'DAGS_FOLDER/daily_student_pipeline.py', '--cfg-path', '/tmp/tmp24x18da_']
[2026-04-20T10:50:16.360+0000] {standard_task_runner.py:88} INFO - Job 416: Subtask extract_data
[2026-04-20T10:50:16.437+0000] {task_command.py:423} INFO - Running <TaskInstance: daily_student_pipeline.extract_data manual__2026-04-20T10:50:13.951901+00:00 [running]> on host 759b8b5e27b5
[2026-04-20T10:50:16.572+0000] {taskinstance.py:2480} INFO - Exporting env vars: AIRFLOW_CTX_DAG_OWNER='nhom8' AIRFLOW_CTX_DAG_ID='daily_student_pipeline' AIRFLOW_CTX_TASK_ID='extract_data' AIRFLOW_CTX_EXECUTION_DATE='2026-04-20T10:50:13.951901+00:00' AIRFLOW_CTX_TRY_NUMBER='1' AIRFLOW_CTX_DAG_RUN_ID='manual__2026-04-20T10:50:13.951901+00:00'
[2026-04-20T10:50:17.508+0000] {logging_mixin.py:188} WARNING - [2026-04-20 10:50:17] INFO    etl.extract : ==BẮT ĐẦU FULL EXTRACT==
[2026-04-20T10:50:17.508+0000] {extract.py:346} INFO - ==BẮT ĐẦU FULL EXTRACT==
[2026-04-20T10:50:17.510+0000] {logging_mixin.py:188} WARNING - [2026-04-20 10:50:17] INFO    etl.extract : ======================================================================
[2026-04-20T10:50:17.510+0000] {extract.py:347} INFO - ======================================================================
[2026-04-20T10:50:17.516+0000] {logging_mixin.py:188} WARNING - [2026-04-20 10:50:17] INFO    etl.extract : ════════════════════════════════════════════════════════════
[2026-04-20T10:50:17.516+0000] {extract.py:84} INFO - ════════════════════════════════════════════════════════════
[2026-04-20T10:50:17.518+0000] {logging_mixin.py:188} WARNING - [2026-04-20 10:50:17] INFO    etl.extract : NGUỒN 1 — PostgreSQL (Phòng Đào tạo) | Full Extract
[2026-04-20T10:50:17.518+0000] {extract.py:85} INFO - NGUỒN 1 — PostgreSQL (Phòng Đào tạo) | Full Extract
[2026-04-20T10:50:17.519+0000] {logging_mixin.py:188} WARNING - [2026-04-20 10:50:17] INFO    etl.extract : ════════════════════════════════════════════════════════════
[2026-04-20T10:50:17.519+0000] {extract.py:86} INFO - ════════════════════════════════════════════════════════════
[2026-04-20T10:50:17.567+0000] {logging_mixin.py:188} WARNING - [2026-04-20 10:50:17] INFO    etl.extract :   PostgreSQL | khoa                      →      4 records
[2026-04-20T10:50:17.567+0000] {extract.py:68} INFO -   PostgreSQL | khoa                      →      4 records
[2026-04-20T10:50:17.588+0000] {logging_mixin.py:188} WARNING - [2026-04-20 10:50:17] INFO    etl.extract :   PostgreSQL | nganh                     →      3 records
[2026-04-20T10:50:17.588+0000] {extract.py:68} INFO -   PostgreSQL | nganh                     →      3 records
[2026-04-20T10:50:17.610+0000] {logging_mixin.py:188} WARNING - [2026-04-20 10:50:17] INFO    etl.extract :   PostgreSQL | giang_vien                →     45 records
[2026-04-20T10:50:17.610+0000] {extract.py:68} INFO -   PostgreSQL | giang_vien                →     45 records
[2026-04-20T10:50:17.650+0000] {logging_mixin.py:188} WARNING - [2026-04-20 10:50:17] INFO    etl.extract :   PostgreSQL | lop_hanh_chinh            →     48 records
[2026-04-20T10:50:17.650+0000] {extract.py:68} INFO -   PostgreSQL | lop_hanh_chinh            →     48 records
[2026-04-20T10:50:17.709+0000] {logging_mixin.py:188} WARNING - [2026-04-20 10:50:17] INFO    etl.extract :   PostgreSQL | sinh_vien                 →  1,695 records
[2026-04-20T10:50:17.709+0000] {extract.py:68} INFO -   PostgreSQL | sinh_vien                 →  1,695 records
[2026-04-20T10:50:17.732+0000] {logging_mixin.py:188} WARNING - [2026-04-20 10:50:17] INFO    etl.extract :   PostgreSQL | hoc_phan                  →    121 records
[2026-04-20T10:50:17.732+0000] {extract.py:68} INFO -   PostgreSQL | hoc_phan                  →    121 records
[2026-04-20T10:50:17.745+0000] {logging_mixin.py:188} WARNING - [2026-04-20 10:50:17] INFO    etl.extract :   PostgreSQL | hoc_ky_nam_hoc            →     13 records
[2026-04-20T10:50:17.745+0000] {extract.py:68} INFO -   PostgreSQL | hoc_ky_nam_hoc            →     13 records
[2026-04-20T10:50:17.993+0000] {logging_mixin.py:188} WARNING - [2026-04-20 10:50:17] INFO    etl.extract :   PostgreSQL | dang_ky_hoc_phan          → 55,125 records
[2026-04-20T10:50:17.993+0000] {extract.py:68} INFO -   PostgreSQL | dang_ky_hoc_phan          → 55,125 records
[2026-04-20T10:50:18.562+0000] {logging_mixin.py:188} WARNING - [2026-04-20 10:50:18] INFO    etl.extract :   PostgreSQL | diem_hoc_phan             → 54,640 records
[2026-04-20T10:50:18.562+0000] {extract.py:68} INFO -   PostgreSQL | diem_hoc_phan             → 54,640 records
[2026-04-20T10:50:18.636+0000] {logging_mixin.py:188} WARNING - [2026-04-20 10:50:18] INFO    etl.extract :   PostgreSQL | tong_hop_ket_qua          →  1,695 records
[2026-04-20T10:50:18.636+0000] {extract.py:68} INFO -   PostgreSQL | tong_hop_ket_qua          →  1,695 records
[2026-04-20T10:50:18.638+0000] {logging_mixin.py:188} WARNING - [2026-04-20 10:50:18] INFO    etl.extract :   PostgreSQL | TỔNG: 113,389 records từ 10 bảng
[2026-04-20T10:50:18.638+0000] {extract.py:93} INFO -   PostgreSQL | TỔNG: 113,389 records từ 10 bảng
[2026-04-20T10:50:18.639+0000] {logging_mixin.py:188} WARNING - [2026-04-20 10:50:18] INFO    etl.extract : ════════════════════════════════════════════════════════════
[2026-04-20T10:50:18.639+0000] {extract.py:167} INFO - ════════════════════════════════════════════════════════════
[2026-04-20T10:50:18.641+0000] {logging_mixin.py:188} WARNING - [2026-04-20 10:50:18] INFO    etl.extract : NGUỒN 2 — CSV (Phòng CTSV) | Extract
[2026-04-20T10:50:18.640+0000] {extract.py:168} INFO - NGUỒN 2 — CSV (Phòng CTSV) | Extract
[2026-04-20T10:50:18.642+0000] {logging_mixin.py:188} WARNING - [2026-04-20 10:50:18] INFO    etl.extract : ════════════════════════════════════════════════════════════
[2026-04-20T10:50:18.642+0000] {extract.py:169} INFO - ════════════════════════════════════════════════════════════
[2026-04-20T10:50:18.646+0000] {logging_mixin.py:188} WARNING - [2026-04-20 10:50:18] INFO    etl.extract :   CSV | Tìm thấy 13 file(s)
[2026-04-20T10:50:18.646+0000] {extract.py:178} INFO -   CSV | Tìm thấy 13 file(s)
[2026-04-20T10:50:18.662+0000] {logging_mixin.py:188} WARNING - [2026-04-20 10:50:18] INFO    etl.extract :   CSV | ctsv_HK1_2021_22.csv                →    791 records
[2026-04-20T10:50:18.662+0000] {extract.py:144} INFO -   CSV | ctsv_HK1_2021_22.csv                →    791 records
[2026-04-20T10:50:18.671+0000] {logging_mixin.py:188} WARNING - [2026-04-20 10:50:18] INFO    etl.extract :   CSV | ctsv_HK1_2022_23.csv                →  1,582 records
[2026-04-20T10:50:18.671+0000] {extract.py:144} INFO -   CSV | ctsv_HK1_2022_23.csv                →  1,582 records
[2026-04-20T10:50:18.679+0000] {logging_mixin.py:188} WARNING - [2026-04-20 10:50:18] INFO    etl.extract :   CSV | ctsv_HK1_2023_24.csv                →  2,411 records
[2026-04-20T10:50:18.679+0000] {extract.py:144} INFO -   CSV | ctsv_HK1_2023_24.csv                →  2,411 records
[2026-04-20T10:50:18.689+0000] {logging_mixin.py:188} WARNING - [2026-04-20 10:50:18] INFO    etl.extract :   CSV | ctsv_HK1_2024_25.csv                →  3,235 records
[2026-04-20T10:50:18.689+0000] {extract.py:144} INFO -   CSV | ctsv_HK1_2024_25.csv                →  3,235 records
[2026-04-20T10:50:18.699+0000] {logging_mixin.py:188} WARNING - [2026-04-20 10:50:18] INFO    etl.extract :   CSV | ctsv_HK1_2025_26.csv                →  2,443 records
[2026-04-20T10:50:18.698+0000] {extract.py:144} INFO -   CSV | ctsv_HK1_2025_26.csv                →  2,443 records
[2026-04-20T10:50:18.706+0000] {logging_mixin.py:188} WARNING - [2026-04-20 10:50:18] INFO    etl.extract :   CSV | ctsv_HK2_2021_22.csv                →    786 records
[2026-04-20T10:50:18.705+0000] {extract.py:144} INFO -   CSV | ctsv_HK2_2021_22.csv                →    786 records
[2026-04-20T10:50:18.713+0000] {logging_mixin.py:188} WARNING - [2026-04-20 10:50:18] INFO    etl.extract :   CSV | ctsv_HK2_2022_23.csv                →  1,571 records
[2026-04-20T10:50:18.713+0000] {extract.py:144} INFO -   CSV | ctsv_HK2_2022_23.csv                →  1,571 records
[2026-04-20T10:50:18.722+0000] {logging_mixin.py:188} WARNING - [2026-04-20 10:50:18] INFO    etl.extract :   CSV | ctsv_HK2_2023_24.csv                →  2,397 records
[2026-04-20T10:50:18.722+0000] {extract.py:144} INFO -   CSV | ctsv_HK2_2023_24.csv                →  2,397 records
[2026-04-20T10:50:18.733+0000] {logging_mixin.py:188} WARNING - [2026-04-20 10:50:18] INFO    etl.extract :   CSV | ctsv_HK2_2024_25.csv                →  2,882 records
[2026-04-20T10:50:18.733+0000] {extract.py:144} INFO -   CSV | ctsv_HK2_2024_25.csv                →  2,882 records
[2026-04-20T10:50:18.741+0000] {logging_mixin.py:188} WARNING - [2026-04-20 10:50:18] INFO    etl.extract :   CSV | ctsv_HK3_2021_22.csv                →     42 records
[2026-04-20T10:50:18.741+0000] {extract.py:144} INFO -   CSV | ctsv_HK3_2021_22.csv                →     42 records
[2026-04-20T10:50:18.748+0000] {logging_mixin.py:188} WARNING - [2026-04-20 10:50:18] INFO    etl.extract :   CSV | ctsv_HK3_2022_23.csv                →     47 records
[2026-04-20T10:50:18.748+0000] {extract.py:144} INFO -   CSV | ctsv_HK3_2022_23.csv                →     47 records
[2026-04-20T10:50:18.758+0000] {logging_mixin.py:188} WARNING - [2026-04-20 10:50:18] INFO    etl.extract :   CSV | ctsv_HK3_2023_24.csv                →    146 records
[2026-04-20T10:50:18.758+0000] {extract.py:144} INFO -   CSV | ctsv_HK3_2023_24.csv                →    146 records
[2026-04-20T10:50:18.769+0000] {logging_mixin.py:188} WARNING - [2026-04-20 10:50:18] INFO    etl.extract :   CSV | ctsv_HK3_2024_25.csv                →     69 records
[2026-04-20T10:50:18.769+0000] {extract.py:144} INFO -   CSV | ctsv_HK3_2024_25.csv                →     69 records
[2026-04-20T10:50:18.779+0000] {logging_mixin.py:188} WARNING - [2026-04-20 10:50:18] INFO    etl.extract :   CSV | Loại bỏ 8927 bản ghi trùng
[2026-04-20T10:50:18.779+0000] {extract.py:195} INFO -   CSV | Loại bỏ 8927 bản ghi trùng
[2026-04-20T10:50:18.781+0000] {logging_mixin.py:188} WARNING - [2026-04-20 10:50:18] INFO    etl.extract :   CSV | TỔNG: 9,475 records từ 13 file(s)
[2026-04-20T10:50:18.781+0000] {extract.py:197} INFO -   CSV | TỔNG: 9,475 records từ 13 file(s)
[2026-04-20T10:50:18.875+0000] {logging_mixin.py:188} WARNING - [2026-04-20 10:50:18] INFO    etl.extract :   API | metadata: generated_at=None, schema_version=None
[2026-04-20T10:50:18.875+0000] {extract.py:232} INFO -   API | metadata: generated_at=None, schema_version=None
[2026-04-20T10:50:18.884+0000] {logging_mixin.py:188} WARNING - [2026-04-20 10:50:18] WARNING etl.extract :   API | (HTTP) HK HK1-2021-22: Loại bỏ 2 duplicate records (ma_sinh_vien, hoc_ky)
[2026-04-20T10:50:18.884+0000] {extract.py:254} WARNING -   API | (HTTP) HK HK1-2021-22: Loại bỏ 2 duplicate records (ma_sinh_vien, hoc_ky)
[2026-04-20T10:50:18.887+0000] {logging_mixin.py:188} WARNING - [2026-04-20 10:50:18] INFO    etl.extract :   API | (HTTP) HK HK1-2021-22 →    390 records
[2026-04-20T10:50:18.887+0000] {extract.py:259} INFO -   API | (HTTP) HK HK1-2021-22 →    390 records
[2026-04-20T10:50:18.935+0000] {logging_mixin.py:188} WARNING - [2026-04-20 10:50:18] INFO    etl.extract :   API | metadata: generated_at=None, schema_version=None
[2026-04-20T10:50:18.935+0000] {extract.py:232} INFO -   API | metadata: generated_at=None, schema_version=None
[2026-04-20T10:50:18.940+0000] {logging_mixin.py:188} WARNING - [2026-04-20 10:50:18] WARNING etl.extract :   API | (HTTP) HK HK1-2022-23: Loại bỏ 6 duplicate records (ma_sinh_vien, hoc_ky)
[2026-04-20T10:50:18.940+0000] {extract.py:254} WARNING -   API | (HTTP) HK HK1-2022-23: Loại bỏ 6 duplicate records (ma_sinh_vien, hoc_ky)
[2026-04-20T10:50:18.941+0000] {logging_mixin.py:188} WARNING - [2026-04-20 10:50:18] INFO    etl.extract :   API | (HTTP) HK HK1-2022-23 →    776 records
[2026-04-20T10:50:18.941+0000] {extract.py:259} INFO -   API | (HTTP) HK HK1-2022-23 →    776 records
[2026-04-20T10:50:18.996+0000] {logging_mixin.py:188} WARNING - [2026-04-20 10:50:18] INFO    etl.extract :   API | metadata: generated_at=None, schema_version=None
[2026-04-20T10:50:18.996+0000] {extract.py:232} INFO -   API | metadata: generated_at=None, schema_version=None
[2026-04-20T10:50:19.001+0000] {logging_mixin.py:188} WARNING - [2026-04-20 10:50:19] WARNING etl.extract :   API | (HTTP) HK HK1-2023-24: Loại bỏ 10 duplicate records (ma_sinh_vien, hoc_ky)
[2026-04-20T10:50:19.001+0000] {extract.py:254} WARNING -   API | (HTTP) HK HK1-2023-24: Loại bỏ 10 duplicate records (ma_sinh_vien, hoc_ky)
[2026-04-20T10:50:19.006+0000] {logging_mixin.py:188} WARNING - [2026-04-20 10:50:19] INFO    etl.extract :   API | (HTTP) HK HK1-2023-24 →  1,182 records
[2026-04-20T10:50:19.004+0000] {extract.py:259} INFO -   API | (HTTP) HK HK1-2023-24 →  1,182 records
[2026-04-20T10:50:19.048+0000] {logging_mixin.py:188} WARNING - [2026-04-20 10:50:19] INFO    etl.extract :   API | metadata: generated_at=None, schema_version=None
[2026-04-20T10:50:19.048+0000] {extract.py:232} INFO -   API | metadata: generated_at=None, schema_version=None
[2026-04-20T10:50:19.052+0000] {logging_mixin.py:188} WARNING - [2026-04-20 10:50:19] WARNING etl.extract :   API | (HTTP) HK HK1-2024-25: Loại bỏ 14 duplicate records (ma_sinh_vien, hoc_ky)
[2026-04-20T10:50:19.052+0000] {extract.py:254} WARNING -   API | (HTTP) HK HK1-2024-25: Loại bỏ 14 duplicate records (ma_sinh_vien, hoc_ky)
[2026-04-20T10:50:19.053+0000] {logging_mixin.py:188} WARNING - [2026-04-20 10:50:19] INFO    etl.extract :   API | (HTTP) HK HK1-2024-25 →  1,596 records
[2026-04-20T10:50:19.053+0000] {extract.py:259} INFO -   API | (HTTP) HK HK1-2024-25 →  1,596 records
[2026-04-20T10:50:19.077+0000] {logging_mixin.py:188} WARNING - [2026-04-20 10:50:19] INFO    etl.extract :   API | metadata: generated_at=None, schema_version=None
[2026-04-20T10:50:19.077+0000] {extract.py:232} INFO -   API | metadata: generated_at=None, schema_version=None
[2026-04-20T10:50:19.081+0000] {logging_mixin.py:188} WARNING - [2026-04-20 10:50:19] WARNING etl.extract :   API | (HTTP) HK HK1-2025-26: Loại bỏ 12 duplicate records (ma_sinh_vien, hoc_ky)
[2026-04-20T10:50:19.080+0000] {extract.py:254} WARNING -   API | (HTTP) HK HK1-2025-26: Loại bỏ 12 duplicate records (ma_sinh_vien, hoc_ky)
[2026-04-20T10:50:19.082+0000] {logging_mixin.py:188} WARNING - [2026-04-20 10:50:19] INFO    etl.extract :   API | (HTTP) HK HK1-2025-26 →  1,216 records
[2026-04-20T10:50:19.082+0000] {extract.py:259} INFO -   API | (HTTP) HK HK1-2025-26 →  1,216 records
[2026-04-20T10:50:19.099+0000] {logging_mixin.py:188} WARNING - [2026-04-20 10:50:19] INFO    etl.extract :   API | metadata: generated_at=None, schema_version=None
[2026-04-20T10:50:19.099+0000] {extract.py:232} INFO -   API | metadata: generated_at=None, schema_version=None
[2026-04-20T10:50:19.102+0000] {logging_mixin.py:188} WARNING - [2026-04-20 10:50:19] WARNING etl.extract :   API | (HTTP) HK HK2-2021-22: Loại bỏ 1 duplicate records (ma_sinh_vien, hoc_ky)
[2026-04-20T10:50:19.102+0000] {extract.py:254} WARNING -   API | (HTTP) HK HK2-2021-22: Loại bỏ 1 duplicate records (ma_sinh_vien, hoc_ky)
[2026-04-20T10:50:19.103+0000] {logging_mixin.py:188} WARNING - [2026-04-20 10:50:19] INFO    etl.extract :   API | (HTTP) HK HK2-2021-22 →    390 records
[2026-04-20T10:50:19.103+0000] {extract.py:259} INFO -   API | (HTTP) HK HK2-2021-22 →    390 records
[2026-04-20T10:50:19.124+0000] {logging_mixin.py:188} WARNING - [2026-04-20 10:50:19] INFO    etl.extract :   API | metadata: generated_at=None, schema_version=None
[2026-04-20T10:50:19.123+0000] {extract.py:232} INFO -   API | metadata: generated_at=None, schema_version=None
[2026-04-20T10:50:19.126+0000] {logging_mixin.py:188} WARNING - [2026-04-20 10:50:19] WARNING etl.extract :   API | (HTTP) HK HK2-2022-23: Loại bỏ 8 duplicate records (ma_sinh_vien, hoc_ky)
[2026-04-20T10:50:19.126+0000] {extract.py:254} WARNING -   API | (HTTP) HK HK2-2022-23: Loại bỏ 8 duplicate records (ma_sinh_vien, hoc_ky)
[2026-04-20T10:50:19.127+0000] {logging_mixin.py:188} WARNING - [2026-04-20 10:50:19] INFO    etl.extract :   API | (HTTP) HK HK2-2022-23 →    776 records
[2026-04-20T10:50:19.127+0000] {extract.py:259} INFO -   API | (HTTP) HK HK2-2022-23 →    776 records
[2026-04-20T10:50:19.157+0000] {logging_mixin.py:188} WARNING - [2026-04-20 10:50:19] INFO    etl.extract :   API | metadata: generated_at=None, schema_version=None
[2026-04-20T10:50:19.157+0000] {extract.py:232} INFO -   API | metadata: generated_at=None, schema_version=None
[2026-04-20T10:50:19.163+0000] {logging_mixin.py:188} WARNING - [2026-04-20 10:50:19] WARNING etl.extract :   API | (HTTP) HK HK2-2023-24: Loại bỏ 8 duplicate records (ma_sinh_vien, hoc_ky)
[2026-04-20T10:50:19.163+0000] {extract.py:254} WARNING -   API | (HTTP) HK HK2-2023-24: Loại bỏ 8 duplicate records (ma_sinh_vien, hoc_ky)
[2026-04-20T10:50:19.165+0000] {logging_mixin.py:188} WARNING - [2026-04-20 10:50:19] INFO    etl.extract :   API | (HTTP) HK HK2-2023-24 →  1,183 records
[2026-04-20T10:50:19.165+0000] {extract.py:259} INFO -   API | (HTTP) HK HK2-2023-24 →  1,183 records
[2026-04-20T10:50:19.196+0000] {logging_mixin.py:188} WARNING - [2026-04-20 10:50:19] INFO    etl.extract :   API | metadata: generated_at=None, schema_version=None
[2026-04-20T10:50:19.196+0000] {extract.py:232} INFO -   API | metadata: generated_at=None, schema_version=None
[2026-04-20T10:50:19.200+0000] {logging_mixin.py:188} WARNING - [2026-04-20 10:50:19] WARNING etl.extract :   API | (HTTP) HK HK2-2024-25: Loại bỏ 21 duplicate records (ma_sinh_vien, hoc_ky)
[2026-04-20T10:50:19.200+0000] {extract.py:254} WARNING -   API | (HTTP) HK HK2-2024-25: Loại bỏ 21 duplicate records (ma_sinh_vien, hoc_ky)
[2026-04-20T10:50:19.201+0000] {logging_mixin.py:188} WARNING - [2026-04-20 10:50:19] INFO    etl.extract :   API | (HTTP) HK HK2-2024-25 →  1,475 records
[2026-04-20T10:50:19.201+0000] {extract.py:259} INFO -   API | (HTTP) HK HK2-2024-25 →  1,475 records
[2026-04-20T10:50:19.209+0000] {logging_mixin.py:188} WARNING - [2026-04-20 10:50:19] INFO    etl.extract :   API | metadata: generated_at=None, schema_version=None
[2026-04-20T10:50:19.209+0000] {extract.py:232} INFO -   API | metadata: generated_at=None, schema_version=None
[2026-04-20T10:50:19.212+0000] {logging_mixin.py:188} WARNING - [2026-04-20 10:50:19] INFO    etl.extract :   API | (HTTP) HK HK3-2021-22 →     23 records
[2026-04-20T10:50:19.212+0000] {extract.py:259} INFO -   API | (HTTP) HK HK3-2021-22 →     23 records
[2026-04-20T10:50:19.221+0000] {logging_mixin.py:188} WARNING - [2026-04-20 10:50:19] INFO    etl.extract :   API | metadata: generated_at=None, schema_version=None
[2026-04-20T10:50:19.221+0000] {extract.py:232} INFO -   API | metadata: generated_at=None, schema_version=None
[2026-04-20T10:50:19.223+0000] {logging_mixin.py:188} WARNING - [2026-04-20 10:50:19] INFO    etl.extract :   API | (HTTP) HK HK3-2022-23 →     37 records
[2026-04-20T10:50:19.223+0000] {extract.py:259} INFO -   API | (HTTP) HK HK3-2022-23 →     37 records
[2026-04-20T10:50:19.233+0000] {logging_mixin.py:188} WARNING - [2026-04-20 10:50:19] INFO    etl.extract :   API | metadata: generated_at=None, schema_version=None
[2026-04-20T10:50:19.233+0000] {extract.py:232} INFO -   API | metadata: generated_at=None, schema_version=None
[2026-04-20T10:50:19.235+0000] {logging_mixin.py:188} WARNING - [2026-04-20 10:50:19] INFO    etl.extract :   API | (HTTP) HK HK3-2023-24 →     61 records
[2026-04-20T10:50:19.235+0000] {extract.py:259} INFO -   API | (HTTP) HK HK3-2023-24 →     61 records
[2026-04-20T10:50:19.243+0000] {logging_mixin.py:188} WARNING - [2026-04-20 10:50:19] INFO    etl.extract :   API | metadata: generated_at=None, schema_version=None
[2026-04-20T10:50:19.243+0000] {extract.py:232} INFO -   API | metadata: generated_at=None, schema_version=None
[2026-04-20T10:50:19.246+0000] {logging_mixin.py:188} WARNING - [2026-04-20 10:50:19] INFO    etl.extract :   API | (HTTP) HK HK3-2024-25 →     41 records
[2026-04-20T10:50:19.246+0000] {extract.py:259} INFO -   API | (HTTP) HK HK3-2024-25 →     41 records
[2026-04-20T10:50:19.248+0000] {logging_mixin.py:188} WARNING - [2026-04-20 10:50:19] INFO    etl.extract :   API | TỔNG: 9,146 records từ 13 HK
[2026-04-20T10:50:19.248+0000] {extract.py:335} INFO -   API | TỔNG: 9,146 records từ 13 HK
[2026-04-20T10:50:19.559+0000] {logging_mixin.py:188} WARNING - [2026-04-20 10:50:19] INFO    utils.minio :   MinIO ↑ [raw-data] 2026-04-20_10-50/nguon1_sinh_vien.parquet (47.4 KB | 1,695 rows)
[2026-04-20T10:50:19.559+0000] {minio_client.py:142} INFO -   MinIO ↑ [raw-data] 2026-04-20_10-50/nguon1_sinh_vien.parquet (47.4 KB | 1,695 rows)
[2026-04-20T10:50:19.609+0000] {logging_mixin.py:188} WARNING - [2026-04-20 10:50:19] INFO    utils.minio :   MinIO ↑ [raw-data] 2026-04-20_10-50/nguon1_dang_ky.parquet (462.4 KB | 55,125 rows)
[2026-04-20T10:50:19.609+0000] {minio_client.py:142} INFO -   MinIO ↑ [raw-data] 2026-04-20_10-50/nguon1_dang_ky.parquet (462.4 KB | 55,125 rows)
[2026-04-20T10:50:19.654+0000] {logging_mixin.py:188} WARNING - [2026-04-20 10:50:19] INFO    utils.minio :   MinIO ↑ [raw-data] 2026-04-20_10-50/nguon1_diem.parquet (1135.6 KB | 54,640 rows)
[2026-04-20T10:50:19.654+0000] {minio_client.py:142} INFO -   MinIO ↑ [raw-data] 2026-04-20_10-50/nguon1_diem.parquet (1135.6 KB | 54,640 rows)
[2026-04-20T10:50:19.664+0000] {logging_mixin.py:188} WARNING - [2026-04-20 10:50:19] INFO    utils.minio :   MinIO ↑ [raw-data] 2026-04-20_10-50/nguon1_hoc_phan.parquet (10.3 KB | 121 rows)
[2026-04-20T10:50:19.664+0000] {minio_client.py:142} INFO -   MinIO ↑ [raw-data] 2026-04-20_10-50/nguon1_hoc_phan.parquet (10.3 KB | 121 rows)
[2026-04-20T10:50:19.673+0000] {logging_mixin.py:188} WARNING - [2026-04-20 10:50:19] INFO    utils.minio :   MinIO ↑ [raw-data] 2026-04-20_10-50/nguon1_hoc_ky.parquet (4.2 KB | 13 rows)
[2026-04-20T10:50:19.673+0000] {minio_client.py:142} INFO -   MinIO ↑ [raw-data] 2026-04-20_10-50/nguon1_hoc_ky.parquet (4.2 KB | 13 rows)
[2026-04-20T10:50:19.684+0000] {logging_mixin.py:188} WARNING - [2026-04-20 10:50:19] INFO    utils.minio :   MinIO ↑ [raw-data] 2026-04-20_10-50/nguon1_giang_vien.parquet (8.3 KB | 45 rows)
[2026-04-20T10:50:19.684+0000] {minio_client.py:142} INFO -   MinIO ↑ [raw-data] 2026-04-20_10-50/nguon1_giang_vien.parquet (8.3 KB | 45 rows)
[2026-04-20T10:50:19.694+0000] {logging_mixin.py:188} WARNING - [2026-04-20 10:50:19] INFO    utils.minio :   MinIO ↑ [raw-data] 2026-04-20_10-50/nguon1_khoa.parquet (2.6 KB | 4 rows)
[2026-04-20T10:50:19.693+0000] {minio_client.py:142} INFO -   MinIO ↑ [raw-data] 2026-04-20_10-50/nguon1_khoa.parquet (2.6 KB | 4 rows)
[2026-04-20T10:50:19.706+0000] {logging_mixin.py:188} WARNING - [2026-04-20 10:50:19] INFO    utils.minio :   MinIO ↑ [raw-data] 2026-04-20_10-50/nguon1_nganh.parquet (3.2 KB | 3 rows)
[2026-04-20T10:50:19.706+0000] {minio_client.py:142} INFO -   MinIO ↑ [raw-data] 2026-04-20_10-50/nguon1_nganh.parquet (3.2 KB | 3 rows)
[2026-04-20T10:50:19.718+0000] {logging_mixin.py:188} WARNING - [2026-04-20 10:50:19] INFO    utils.minio :   MinIO ↑ [raw-data] 2026-04-20_10-50/nguon1_lop_hanh_chinh.parquet (4.8 KB | 48 rows)
[2026-04-20T10:50:19.718+0000] {minio_client.py:142} INFO -   MinIO ↑ [raw-data] 2026-04-20_10-50/nguon1_lop_hanh_chinh.parquet (4.8 KB | 48 rows)
[2026-04-20T10:50:19.731+0000] {logging_mixin.py:188} WARNING - [2026-04-20 10:50:19] INFO    utils.minio :   MinIO ↑ [raw-data] 2026-04-20_10-50/nguon1_tong_hop_ket_qua.parquet (22.0 KB | 1,695 rows)
[2026-04-20T10:50:19.731+0000] {minio_client.py:142} INFO -   MinIO ↑ [raw-data] 2026-04-20_10-50/nguon1_tong_hop_ket_qua.parquet (22.0 KB | 1,695 rows)
[2026-04-20T10:50:19.746+0000] {logging_mixin.py:188} WARNING - [2026-04-20 10:50:19] INFO    utils.minio :   MinIO ↑ [raw-data] 2026-04-20_10-50/nguon2_ctsv.parquet (41.8 KB | 9,475 rows)
[2026-04-20T10:50:19.746+0000] {minio_client.py:142} INFO -   MinIO ↑ [raw-data] 2026-04-20_10-50/nguon2_ctsv.parquet (41.8 KB | 9,475 rows)
[2026-04-20T10:50:19.762+0000] {logging_mixin.py:188} WARNING - [2026-04-20 10:50:19] INFO    utils.minio :   MinIO ↑ [raw-data] 2026-04-20_10-50/nguon3_tai_chinh.parquet (85.6 KB | 9,146 rows)
[2026-04-20T10:50:19.762+0000] {minio_client.py:142} INFO -   MinIO ↑ [raw-data] 2026-04-20_10-50/nguon3_tai_chinh.parquet (85.6 KB | 9,146 rows)
[2026-04-20T10:50:19.763+0000] {logging_mixin.py:188} WARNING - [2026-04-20 10:50:19] INFO    utils.minio :   MinIO upload xong: 12/12 files | run_id=2026-04-20_10-50
[2026-04-20T10:50:19.763+0000] {minio_client.py:188} INFO -   MinIO upload xong: 12/12 files | run_id=2026-04-20_10-50
[2026-04-20T10:50:19.764+0000] {logging_mixin.py:188} WARNING - [2026-04-20 10:50:19] INFO    etl.extract :   MinIO staging: 12/12 files OK → run_id=2026-04-20_10-50
[2026-04-20T10:50:19.764+0000] {extract.py:402} INFO -   MinIO staging: 12/12 files OK → run_id=2026-04-20_10-50
[2026-04-20T10:50:19.766+0000] {logging_mixin.py:188} WARNING - [2026-04-20 10:50:19] INFO    etl.extract : ======================================================================
[2026-04-20T10:50:19.766+0000] {extract.py:365} INFO - ======================================================================
[2026-04-20T10:50:19.767+0000] {logging_mixin.py:188} WARNING - [2026-04-20 10:50:19] INFO    etl.extract :  FULL EXTRACT HOÀN TẤT
[2026-04-20T10:50:19.767+0000] {extract.py:366} INFO -  FULL EXTRACT HOÀN TẤT
[2026-04-20T10:50:19.768+0000] {logging_mixin.py:188} WARNING - [2026-04-20 10:50:19] INFO    etl.extract :    khoa                     :        4
[2026-04-20T10:50:19.768+0000] {extract.py:368} INFO -    khoa                     :        4
[2026-04-20T10:50:19.769+0000] {logging_mixin.py:188} WARNING - [2026-04-20 10:50:19] INFO    etl.extract :    nganh                    :        3
[2026-04-20T10:50:19.769+0000] {extract.py:368} INFO -    nganh                    :        3
[2026-04-20T10:50:19.770+0000] {logging_mixin.py:188} WARNING - [2026-04-20 10:50:19] INFO    etl.extract :    giang_vien               :       45
[2026-04-20T10:50:19.770+0000] {extract.py:368} INFO -    giang_vien               :       45
[2026-04-20T10:50:19.771+0000] {logging_mixin.py:188} WARNING - [2026-04-20 10:50:19] INFO    etl.extract :    lop_hanh_chinh           :       48
[2026-04-20T10:50:19.771+0000] {extract.py:368} INFO -    lop_hanh_chinh           :       48
[2026-04-20T10:50:19.771+0000] {logging_mixin.py:188} WARNING - [2026-04-20 10:50:19] INFO    etl.extract :    sinh_vien                :    1,695
[2026-04-20T10:50:19.771+0000] {extract.py:368} INFO -    sinh_vien                :    1,695
[2026-04-20T10:50:19.772+0000] {logging_mixin.py:188} WARNING - [2026-04-20 10:50:19] INFO    etl.extract :    hoc_phan                 :      121
[2026-04-20T10:50:19.772+0000] {extract.py:368} INFO -    hoc_phan                 :      121
[2026-04-20T10:50:19.774+0000] {logging_mixin.py:188} WARNING - [2026-04-20 10:50:19] INFO    etl.extract :    hoc_ky_nam_hoc           :       13
[2026-04-20T10:50:19.774+0000] {extract.py:368} INFO -    hoc_ky_nam_hoc           :       13
[2026-04-20T10:50:19.775+0000] {logging_mixin.py:188} WARNING - [2026-04-20 10:50:19] INFO    etl.extract :    dang_ky_hoc_phan         :   55,125
[2026-04-20T10:50:19.775+0000] {extract.py:368} INFO -    dang_ky_hoc_phan         :   55,125
[2026-04-20T10:50:19.777+0000] {logging_mixin.py:188} WARNING - [2026-04-20 10:50:19] INFO    etl.extract :    diem_hoc_phan            :   54,640
[2026-04-20T10:50:19.777+0000] {extract.py:368} INFO -    diem_hoc_phan            :   54,640
[2026-04-20T10:50:19.778+0000] {logging_mixin.py:188} WARNING - [2026-04-20 10:50:19] INFO    etl.extract :    tong_hop_ket_qua         :    1,695
[2026-04-20T10:50:19.777+0000] {extract.py:368} INFO -    tong_hop_ket_qua         :    1,695
[2026-04-20T10:50:19.779+0000] {logging_mixin.py:188} WARNING - [2026-04-20 10:50:19] INFO    etl.extract :    ctsv_data                :    9,475
[2026-04-20T10:50:19.779+0000] {extract.py:368} INFO -    ctsv_data                :    9,475
[2026-04-20T10:50:19.780+0000] {logging_mixin.py:188} WARNING - [2026-04-20 10:50:19] INFO    etl.extract :    tai_chinh_data           :    9,146
[2026-04-20T10:50:19.780+0000] {extract.py:368} INFO -    tai_chinh_data           :    9,146
[2026-04-20T10:50:19.781+0000] {logging_mixin.py:188} WARNING - [2026-04-20 10:50:19] INFO    etl.extract : ======================================================================
[2026-04-20T10:50:19.781+0000] {extract.py:369} INFO - ======================================================================
[2026-04-20T10:50:19.814+0000] {logging_mixin.py:188} INFO - Extract xong: {'khoa': 4, 'nganh': 3, 'giang_vien': 45, 'lop_hanh_chinh': 48, 'sinh_vien': 1695, 'hoc_phan': 121, 'hoc_ky_nam_hoc': 13, 'dang_ky_hoc_phan': 55125, 'diem_hoc_phan': 54640, 'tong_hop_ket_qua': 1695, 'ctsv_data': 9475, 'tai_chinh_data': 9146}
[2026-04-20T10:50:19.826+0000] {python.py:201} INFO - Done. Returned value was: {'khoa': 4, 'nganh': 3, 'giang_vien': 45, 'lop_hanh_chinh': 48, 'sinh_vien': 1695, 'hoc_phan': 121, 'hoc_ky_nam_hoc': 13, 'dang_ky_hoc_phan': 55125, 'diem_hoc_phan': 54640, 'tong_hop_ket_qua': 1695, 'ctsv_data': 9475, 'tai_chinh_data': 9146}
[2026-04-20T10:50:19.852+0000] {taskinstance.py:1138} INFO - Marking task as SUCCESS. dag_id=daily_student_pipeline, task_id=extract_data, execution_date=20260420T105013, start_date=20260420T105016, end_date=20260420T105019
[2026-04-20T10:50:19.902+0000] {local_task_job_runner.py:234} INFO - Task exited with return code 0
[2026-04-20T10:50:19.943+0000] {taskinstance.py:3280} INFO - 1 downstream tasks scheduled from follow-on schedule check
