[2026-04-05T15:42:54.283+0000] {taskinstance.py:1956} INFO - Dependencies all met for dep_context=non-requeueable deps ti=<TaskInstance: daily_student_pipeline.extract_data manual__2026-04-05T15:42:50.369558+00:00 [queued]>
[2026-04-05T15:42:54.308+0000] {taskinstance.py:1956} INFO - Dependencies all met for dep_context=requeueable deps ti=<TaskInstance: daily_student_pipeline.extract_data manual__2026-04-05T15:42:50.369558+00:00 [queued]>
[2026-04-05T15:42:54.309+0000] {taskinstance.py:2170} INFO - Starting attempt 1 of 1
[2026-04-05T15:42:54.347+0000] {taskinstance.py:2191} INFO - Executing <Task(PythonOperator): extract_data> on 2026-04-05 15:42:50.369558+00:00
[2026-04-05T15:42:54.356+0000] {standard_task_runner.py:60} INFO - Started process 25325 to run task
[2026-04-05T15:42:54.360+0000] {standard_task_runner.py:87} INFO - Running: ['***', 'tasks', 'run', 'daily_student_pipeline', 'extract_data', 'manual__2026-04-05T15:42:50.369558+00:00', '--job-id', '233', '--raw', '--subdir', 'DAGS_FOLDER/daily_student_pipeline.py', '--cfg-path', '/tmp/tmprldak5pg']
[2026-04-05T15:42:54.363+0000] {standard_task_runner.py:88} INFO - Job 233: Subtask extract_data
[2026-04-05T15:42:54.482+0000] {task_command.py:423} INFO - Running <TaskInstance: daily_student_pipeline.extract_data manual__2026-04-05T15:42:50.369558+00:00 [running]> on host 1c62953c8918
[2026-04-05T15:42:54.692+0000] {taskinstance.py:2480} INFO - Exporting env vars: AIRFLOW_CTX_DAG_OWNER='nhom8' AIRFLOW_CTX_DAG_ID='daily_student_pipeline' AIRFLOW_CTX_TASK_ID='extract_data' AIRFLOW_CTX_EXECUTION_DATE='2026-04-05T15:42:50.369558+00:00' AIRFLOW_CTX_TRY_NUMBER='1' AIRFLOW_CTX_DAG_RUN_ID='manual__2026-04-05T15:42:50.369558+00:00'
[2026-04-05T15:42:59.517+0000] {logging_mixin.py:188} WARNING - [2026-04-05 15:42:59] INFO    etl.extract : ==BẮT ĐẦU FULL EXTRACT==
[2026-04-05T15:42:59.517+0000] {extract.py:277} INFO - ==BẮT ĐẦU FULL EXTRACT==
[2026-04-05T15:42:59.520+0000] {logging_mixin.py:188} WARNING - [2026-04-05 15:42:59] INFO    etl.extract : ======================================================================
[2026-04-05T15:42:59.520+0000] {extract.py:278} INFO - ======================================================================
[2026-04-05T15:42:59.541+0000] {logging_mixin.py:188} WARNING - [2026-04-05 15:42:59] INFO    etl.extract : ════════════════════════════════════════════════════════════
[2026-04-05T15:42:59.541+0000] {extract.py:82} INFO - ════════════════════════════════════════════════════════════
[2026-04-05T15:42:59.543+0000] {logging_mixin.py:188} WARNING - [2026-04-05 15:42:59] INFO    etl.extract : NGUỒN 1 — PostgreSQL (Phòng Đào tạo) | Full Extract
[2026-04-05T15:42:59.543+0000] {extract.py:83} INFO - NGUỒN 1 — PostgreSQL (Phòng Đào tạo) | Full Extract
[2026-04-05T15:42:59.545+0000] {logging_mixin.py:188} WARNING - [2026-04-05 15:42:59] INFO    etl.extract : ════════════════════════════════════════════════════════════
[2026-04-05T15:42:59.545+0000] {extract.py:84} INFO - ════════════════════════════════════════════════════════════
[2026-04-05T15:42:59.660+0000] {logging_mixin.py:188} WARNING - [2026-04-05 15:42:59] INFO    etl.extract :   PostgreSQL | khoa                      →      4 records
[2026-04-05T15:42:59.660+0000] {extract.py:66} INFO -   PostgreSQL | khoa                      →      4 records
[2026-04-05T15:42:59.691+0000] {logging_mixin.py:188} WARNING - [2026-04-05 15:42:59] INFO    etl.extract :   PostgreSQL | nganh                     →      3 records
[2026-04-05T15:42:59.691+0000] {extract.py:66} INFO -   PostgreSQL | nganh                     →      3 records
[2026-04-05T15:42:59.724+0000] {logging_mixin.py:188} WARNING - [2026-04-05 15:42:59] INFO    etl.extract :   PostgreSQL | giang_vien                →     45 records
[2026-04-05T15:42:59.724+0000] {extract.py:66} INFO -   PostgreSQL | giang_vien                →     45 records
[2026-04-05T15:42:59.774+0000] {logging_mixin.py:188} WARNING - [2026-04-05 15:42:59] INFO    etl.extract :   PostgreSQL | lop_hanh_chinh            →     48 records
[2026-04-05T15:42:59.774+0000] {extract.py:66} INFO -   PostgreSQL | lop_hanh_chinh            →     48 records
[2026-04-05T15:42:59.859+0000] {logging_mixin.py:188} WARNING - [2026-04-05 15:42:59] INFO    etl.extract :   PostgreSQL | sinh_vien                 →  1,695 records
[2026-04-05T15:42:59.859+0000] {extract.py:66} INFO -   PostgreSQL | sinh_vien                 →  1,695 records
[2026-04-05T15:42:59.918+0000] {logging_mixin.py:188} WARNING - [2026-04-05 15:42:59] INFO    etl.extract :   PostgreSQL | hoc_phan                  →    121 records
[2026-04-05T15:42:59.917+0000] {extract.py:66} INFO -   PostgreSQL | hoc_phan                  →    121 records
[2026-04-05T15:42:59.939+0000] {logging_mixin.py:188} WARNING - [2026-04-05 15:42:59] INFO    etl.extract :   PostgreSQL | hoc_ky_nam_hoc            →      9 records
[2026-04-05T15:42:59.939+0000] {extract.py:66} INFO -   PostgreSQL | hoc_ky_nam_hoc            →      9 records
[2026-04-05T15:43:00.267+0000] {logging_mixin.py:188} WARNING - [2026-04-05 15:43:00] INFO    etl.extract :   PostgreSQL | dang_ky_hoc_phan          → 58,001 records
[2026-04-05T15:43:00.267+0000] {extract.py:66} INFO -   PostgreSQL | dang_ky_hoc_phan          → 58,001 records
[2026-04-05T15:43:00.993+0000] {logging_mixin.py:188} WARNING - [2026-04-05 15:43:00] INFO    etl.extract :   PostgreSQL | diem_hoc_phan             → 58,001 records
[2026-04-05T15:43:00.993+0000] {extract.py:66} INFO -   PostgreSQL | diem_hoc_phan             → 58,001 records
[2026-04-05T15:43:01.067+0000] {logging_mixin.py:188} WARNING - [2026-04-05 15:43:01] INFO    etl.extract :   PostgreSQL | tong_hop_ket_qua          →  1,695 records
[2026-04-05T15:43:01.066+0000] {extract.py:66} INFO -   PostgreSQL | tong_hop_ket_qua          →  1,695 records
[2026-04-05T15:43:01.069+0000] {logging_mixin.py:188} WARNING - [2026-04-05 15:43:01] INFO    etl.extract :   PostgreSQL | TỔNG: 119,622 records từ 10 bảng
[2026-04-05T15:43:01.069+0000] {extract.py:91} INFO -   PostgreSQL | TỔNG: 119,622 records từ 10 bảng
[2026-04-05T15:43:01.070+0000] {logging_mixin.py:188} WARNING - [2026-04-05 15:43:01] INFO    etl.extract : ════════════════════════════════════════════════════════════
[2026-04-05T15:43:01.070+0000] {extract.py:163} INFO - ════════════════════════════════════════════════════════════
[2026-04-05T15:43:01.072+0000] {logging_mixin.py:188} WARNING - [2026-04-05 15:43:01] INFO    etl.extract : NGUỒN 2 — CSV (Phòng CTSV) | Extract
[2026-04-05T15:43:01.072+0000] {extract.py:164} INFO - NGUỒN 2 — CSV (Phòng CTSV) | Extract
[2026-04-05T15:43:01.073+0000] {logging_mixin.py:188} WARNING - [2026-04-05 15:43:01] INFO    etl.extract : ════════════════════════════════════════════════════════════
[2026-04-05T15:43:01.073+0000] {extract.py:165} INFO - ════════════════════════════════════════════════════════════
[2026-04-05T15:43:01.079+0000] {logging_mixin.py:188} WARNING - [2026-04-05 15:43:01] INFO    etl.extract :   CSV | Tìm thấy 9 file(s)
[2026-04-05T15:43:01.079+0000] {extract.py:174} INFO -   CSV | Tìm thấy 9 file(s)
[2026-04-05T15:43:01.098+0000] {logging_mixin.py:188} WARNING - [2026-04-05 15:43:01] INFO    etl.extract :   CSV | ctsv_HK1_2021_22.csv                →    780 records
[2026-04-05T15:43:01.098+0000] {extract.py:140} INFO -   CSV | ctsv_HK1_2021_22.csv                →    780 records
[2026-04-05T15:43:01.108+0000] {logging_mixin.py:188} WARNING - [2026-04-05 15:43:01] INFO    etl.extract :   CSV | ctsv_HK1_2022_23.csv                →  1,611 records
[2026-04-05T15:43:01.108+0000] {extract.py:140} INFO -   CSV | ctsv_HK1_2022_23.csv                →  1,611 records
[2026-04-05T15:43:01.118+0000] {logging_mixin.py:188} WARNING - [2026-04-05 15:43:01] INFO    etl.extract :   CSV | ctsv_HK1_2023_24.csv                →  2,466 records
[2026-04-05T15:43:01.118+0000] {extract.py:140} INFO -   CSV | ctsv_HK1_2023_24.csv                →  2,466 records
[2026-04-05T15:43:01.128+0000] {logging_mixin.py:188} WARNING - [2026-04-05 15:43:01] INFO    etl.extract :   CSV | ctsv_HK1_2024_25.csv                →  3,306 records
[2026-04-05T15:43:01.128+0000] {extract.py:140} INFO -   CSV | ctsv_HK1_2024_25.csv                →  3,306 records
[2026-04-05T15:43:01.139+0000] {logging_mixin.py:188} WARNING - [2026-04-05 15:43:01] INFO    etl.extract :   CSV | ctsv_HK1_2025_26.csv                →  2,506 records
[2026-04-05T15:43:01.139+0000] {extract.py:140} INFO -   CSV | ctsv_HK1_2025_26.csv                →  2,506 records
[2026-04-05T15:43:01.148+0000] {logging_mixin.py:188} WARNING - [2026-04-05 15:43:01] INFO    etl.extract :   CSV | ctsv_HK2_2021_22.csv                →    780 records
[2026-04-05T15:43:01.148+0000] {extract.py:140} INFO -   CSV | ctsv_HK2_2021_22.csv                →    780 records
[2026-04-05T15:43:01.158+0000] {logging_mixin.py:188} WARNING - [2026-04-05 15:43:01] INFO    etl.extract :   CSV | ctsv_HK2_2022_23.csv                →  1,604 records
[2026-04-05T15:43:01.158+0000] {extract.py:140} INFO -   CSV | ctsv_HK2_2022_23.csv                →  1,604 records
[2026-04-05T15:43:01.171+0000] {logging_mixin.py:188} WARNING - [2026-04-05 15:43:01] INFO    etl.extract :   CSV | ctsv_HK2_2023_24.csv                →  2,453 records
[2026-04-05T15:43:01.171+0000] {extract.py:140} INFO -   CSV | ctsv_HK2_2023_24.csv                →  2,453 records
[2026-04-05T15:43:01.181+0000] {logging_mixin.py:188} WARNING - [2026-04-05 15:43:01] INFO    etl.extract :   CSV | ctsv_HK2_2024_25.csv                →  2,915 records
[2026-04-05T15:43:01.181+0000] {extract.py:140} INFO -   CSV | ctsv_HK2_2024_25.csv                →  2,915 records
[2026-04-05T15:43:01.192+0000] {logging_mixin.py:188} WARNING - [2026-04-05 15:43:01] INFO    etl.extract :   CSV | Loại bỏ 9183 bản ghi trùng
[2026-04-05T15:43:01.192+0000] {extract.py:191} INFO -   CSV | Loại bỏ 9183 bản ghi trùng
[2026-04-05T15:43:01.195+0000] {logging_mixin.py:188} WARNING - [2026-04-05 15:43:01] INFO    etl.extract :   CSV | TỔNG: 9,238 records từ 9 file(s)
[2026-04-05T15:43:01.195+0000] {extract.py:193} INFO -   CSV | TỔNG: 9,238 records từ 9 file(s)
[2026-04-05T15:43:01.260+0000] {logging_mixin.py:188} WARNING - [2026-04-05 15:43:01] INFO    etl.extract :   API | (JSON) taichinh_HK1_2021_22.json →    390 records
[2026-04-05T15:43:01.260+0000] {extract.py:242} INFO -   API | (JSON) taichinh_HK1_2021_22.json →    390 records
[2026-04-05T15:43:01.278+0000] {logging_mixin.py:188} WARNING - [2026-04-05 15:43:01] INFO    etl.extract :   API | (JSON) taichinh_HK1_2022_23.json →    802 records
[2026-04-05T15:43:01.278+0000] {extract.py:242} INFO -   API | (JSON) taichinh_HK1_2022_23.json →    802 records
[2026-04-05T15:43:01.298+0000] {logging_mixin.py:188} WARNING - [2026-04-05 15:43:01] INFO    etl.extract :   API | (JSON) taichinh_HK1_2023_24.json →  1,229 records
[2026-04-05T15:43:01.297+0000] {extract.py:242} INFO -   API | (JSON) taichinh_HK1_2023_24.json →  1,229 records
[2026-04-05T15:43:01.327+0000] {logging_mixin.py:188} WARNING - [2026-04-05 15:43:01] INFO    etl.extract :   API | (JSON) taichinh_HK1_2024_25.json →  1,646 records
[2026-04-05T15:43:01.327+0000] {extract.py:242} INFO -   API | (JSON) taichinh_HK1_2024_25.json →  1,646 records
[2026-04-05T15:43:01.352+0000] {logging_mixin.py:188} WARNING - [2026-04-05 15:43:01] INFO    etl.extract :   API | (JSON) taichinh_HK1_2025_26.json →  1,245 records
[2026-04-05T15:43:01.352+0000] {extract.py:242} INFO -   API | (JSON) taichinh_HK1_2025_26.json →  1,245 records
[2026-04-05T15:43:01.372+0000] {logging_mixin.py:188} WARNING - [2026-04-05 15:43:01] INFO    etl.extract :   API | (JSON) taichinh_HK2_2021_22.json →    390 records
[2026-04-05T15:43:01.372+0000] {extract.py:242} INFO -   API | (JSON) taichinh_HK2_2021_22.json →    390 records
[2026-04-05T15:43:01.389+0000] {logging_mixin.py:188} WARNING - [2026-04-05 15:43:01] INFO    etl.extract :   API | (JSON) taichinh_HK2_2022_23.json →    799 records
[2026-04-05T15:43:01.389+0000] {extract.py:242} INFO -   API | (JSON) taichinh_HK2_2022_23.json →    799 records
[2026-04-05T15:43:01.410+0000] {logging_mixin.py:188} WARNING - [2026-04-05 15:43:01] INFO    etl.extract :   API | (JSON) taichinh_HK2_2023_24.json →  1,223 records
[2026-04-05T15:43:01.410+0000] {extract.py:242} INFO -   API | (JSON) taichinh_HK2_2023_24.json →  1,223 records
[2026-04-05T15:43:01.432+0000] {logging_mixin.py:188} WARNING - [2026-04-05 15:43:01] INFO    etl.extract :   API | (JSON) taichinh_HK2_2024_25.json →  1,514 records
[2026-04-05T15:43:01.432+0000] {extract.py:242} INFO -   API | (JSON) taichinh_HK2_2024_25.json →  1,514 records
[2026-04-05T15:43:01.435+0000] {logging_mixin.py:188} WARNING - [2026-04-05 15:43:01] INFO    etl.extract :   API | TỔNG: 9,238 records từ 9 HK
[2026-04-05T15:43:01.435+0000] {extract.py:266} INFO -   API | TỔNG: 9,238 records từ 9 HK
[2026-04-05T15:43:02.133+0000] {logging_mixin.py:188} WARNING - [2026-04-05 15:43:02] INFO    utils.minio :   MinIO ↑ [raw-data] 2026-04-05_15-43/nguon1_sinh_vien.parquet (48.7 KB | 1,695 rows)
[2026-04-05T15:43:02.133+0000] {minio_client.py:142} INFO -   MinIO ↑ [raw-data] 2026-04-05_15-43/nguon1_sinh_vien.parquet (48.7 KB | 1,695 rows)
[2026-04-05T15:43:02.215+0000] {logging_mixin.py:188} WARNING - [2026-04-05 15:43:02] INFO    utils.minio :   MinIO ↑ [raw-data] 2026-04-05_15-43/nguon1_dang_ky.parquet (493.4 KB | 58,001 rows)
[2026-04-05T15:43:02.214+0000] {minio_client.py:142} INFO -   MinIO ↑ [raw-data] 2026-04-05_15-43/nguon1_dang_ky.parquet (493.4 KB | 58,001 rows)
[2026-04-05T15:43:02.330+0000] {logging_mixin.py:188} WARNING - [2026-04-05 15:43:02] INFO    utils.minio :   MinIO ↑ [raw-data] 2026-04-05_15-43/nguon1_diem.parquet (1187.9 KB | 58,001 rows)
[2026-04-05T15:43:02.330+0000] {minio_client.py:142} INFO -   MinIO ↑ [raw-data] 2026-04-05_15-43/nguon1_diem.parquet (1187.9 KB | 58,001 rows)
[2026-04-05T15:43:02.347+0000] {logging_mixin.py:188} WARNING - [2026-04-05 15:43:02] INFO    utils.minio :   MinIO ↑ [raw-data] 2026-04-05_15-43/nguon1_hoc_phan.parquet (10.3 KB | 121 rows)
[2026-04-05T15:43:02.347+0000] {minio_client.py:142} INFO -   MinIO ↑ [raw-data] 2026-04-05_15-43/nguon1_hoc_phan.parquet (10.3 KB | 121 rows)
[2026-04-05T15:43:02.361+0000] {logging_mixin.py:188} WARNING - [2026-04-05 15:43:02] INFO    utils.minio :   MinIO ↑ [raw-data] 2026-04-05_15-43/nguon1_hoc_ky.parquet (4.1 KB | 9 rows)
[2026-04-05T15:43:02.361+0000] {minio_client.py:142} INFO -   MinIO ↑ [raw-data] 2026-04-05_15-43/nguon1_hoc_ky.parquet (4.1 KB | 9 rows)
[2026-04-05T15:43:02.378+0000] {logging_mixin.py:188} WARNING - [2026-04-05 15:43:02] INFO    utils.minio :   MinIO ↑ [raw-data] 2026-04-05_15-43/nguon1_giang_vien.parquet (8.3 KB | 45 rows)
[2026-04-05T15:43:02.378+0000] {minio_client.py:142} INFO -   MinIO ↑ [raw-data] 2026-04-05_15-43/nguon1_giang_vien.parquet (8.3 KB | 45 rows)
[2026-04-05T15:43:02.391+0000] {logging_mixin.py:188} WARNING - [2026-04-05 15:43:02] INFO    utils.minio :   MinIO ↑ [raw-data] 2026-04-05_15-43/nguon1_khoa.parquet (2.6 KB | 4 rows)
[2026-04-05T15:43:02.390+0000] {minio_client.py:142} INFO -   MinIO ↑ [raw-data] 2026-04-05_15-43/nguon1_khoa.parquet (2.6 KB | 4 rows)
[2026-04-05T15:43:02.404+0000] {logging_mixin.py:188} WARNING - [2026-04-05 15:43:02] INFO    utils.minio :   MinIO ↑ [raw-data] 2026-04-05_15-43/nguon1_nganh.parquet (3.2 KB | 3 rows)
[2026-04-05T15:43:02.404+0000] {minio_client.py:142} INFO -   MinIO ↑ [raw-data] 2026-04-05_15-43/nguon1_nganh.parquet (3.2 KB | 3 rows)
[2026-04-05T15:43:02.420+0000] {logging_mixin.py:188} WARNING - [2026-04-05 15:43:02] INFO    utils.minio :   MinIO ↑ [raw-data] 2026-04-05_15-43/nguon1_lop_hanh_chinh.parquet (4.8 KB | 48 rows)
[2026-04-05T15:43:02.419+0000] {minio_client.py:142} INFO -   MinIO ↑ [raw-data] 2026-04-05_15-43/nguon1_lop_hanh_chinh.parquet (4.8 KB | 48 rows)
[2026-04-05T15:43:02.437+0000] {logging_mixin.py:188} WARNING - [2026-04-05 15:43:02] INFO    utils.minio :   MinIO ↑ [raw-data] 2026-04-05_15-43/nguon1_tong_hop_ket_qua.parquet (21.6 KB | 1,695 rows)
[2026-04-05T15:43:02.437+0000] {minio_client.py:142} INFO -   MinIO ↑ [raw-data] 2026-04-05_15-43/nguon1_tong_hop_ket_qua.parquet (21.6 KB | 1,695 rows)
[2026-04-05T15:43:02.461+0000] {logging_mixin.py:188} WARNING - [2026-04-05 15:43:02] INFO    utils.minio :   MinIO ↑ [raw-data] 2026-04-05_15-43/nguon2_ctsv.parquet (38.2 KB | 9,238 rows)
[2026-04-05T15:43:02.461+0000] {minio_client.py:142} INFO -   MinIO ↑ [raw-data] 2026-04-05_15-43/nguon2_ctsv.parquet (38.2 KB | 9,238 rows)
[2026-04-05T15:43:02.484+0000] {logging_mixin.py:188} WARNING - [2026-04-05 15:43:02] INFO    utils.minio :   MinIO ↑ [raw-data] 2026-04-05_15-43/nguon3_tai_chinh.parquet (66.6 KB | 9,238 rows)
[2026-04-05T15:43:02.484+0000] {minio_client.py:142} INFO -   MinIO ↑ [raw-data] 2026-04-05_15-43/nguon3_tai_chinh.parquet (66.6 KB | 9,238 rows)
[2026-04-05T15:43:02.486+0000] {logging_mixin.py:188} WARNING - [2026-04-05 15:43:02] INFO    utils.minio :   MinIO upload xong: 12/12 files | run_id=2026-04-05_15-43
[2026-04-05T15:43:02.486+0000] {minio_client.py:188} INFO -   MinIO upload xong: 12/12 files | run_id=2026-04-05_15-43
[2026-04-05T15:43:02.487+0000] {logging_mixin.py:188} WARNING - [2026-04-05 15:43:02] INFO    etl.extract :   MinIO staging: 12/12 files OK → run_id=2026-04-05_15-43
[2026-04-05T15:43:02.487+0000] {extract.py:333} INFO -   MinIO staging: 12/12 files OK → run_id=2026-04-05_15-43
[2026-04-05T15:43:02.489+0000] {logging_mixin.py:188} WARNING - [2026-04-05 15:43:02] INFO    etl.extract : ======================================================================
[2026-04-05T15:43:02.489+0000] {extract.py:296} INFO - ======================================================================
[2026-04-05T15:43:02.491+0000] {logging_mixin.py:188} WARNING - [2026-04-05 15:43:02] INFO    etl.extract :  FULL EXTRACT HOÀN TẤT
[2026-04-05T15:43:02.491+0000] {extract.py:297} INFO -  FULL EXTRACT HOÀN TẤT
[2026-04-05T15:43:02.492+0000] {logging_mixin.py:188} WARNING - [2026-04-05 15:43:02] INFO    etl.extract :    khoa                     :        4
[2026-04-05T15:43:02.492+0000] {extract.py:299} INFO -    khoa                     :        4
[2026-04-05T15:43:02.493+0000] {logging_mixin.py:188} WARNING - [2026-04-05 15:43:02] INFO    etl.extract :    nganh                    :        3
[2026-04-05T15:43:02.493+0000] {extract.py:299} INFO -    nganh                    :        3
[2026-04-05T15:43:02.494+0000] {logging_mixin.py:188} WARNING - [2026-04-05 15:43:02] INFO    etl.extract :    giang_vien               :       45
[2026-04-05T15:43:02.494+0000] {extract.py:299} INFO -    giang_vien               :       45
[2026-04-05T15:43:02.495+0000] {logging_mixin.py:188} WARNING - [2026-04-05 15:43:02] INFO    etl.extract :    lop_hanh_chinh           :       48
[2026-04-05T15:43:02.495+0000] {extract.py:299} INFO -    lop_hanh_chinh           :       48
[2026-04-05T15:43:02.495+0000] {logging_mixin.py:188} WARNING - [2026-04-05 15:43:02] INFO    etl.extract :    sinh_vien                :    1,695
[2026-04-05T15:43:02.495+0000] {extract.py:299} INFO -    sinh_vien                :    1,695
[2026-04-05T15:43:02.497+0000] {logging_mixin.py:188} WARNING - [2026-04-05 15:43:02] INFO    etl.extract :    hoc_phan                 :      121
[2026-04-05T15:43:02.497+0000] {extract.py:299} INFO -    hoc_phan                 :      121
[2026-04-05T15:43:02.498+0000] {logging_mixin.py:188} WARNING - [2026-04-05 15:43:02] INFO    etl.extract :    hoc_ky_nam_hoc           :        9
[2026-04-05T15:43:02.498+0000] {extract.py:299} INFO -    hoc_ky_nam_hoc           :        9
[2026-04-05T15:43:02.499+0000] {logging_mixin.py:188} WARNING - [2026-04-05 15:43:02] INFO    etl.extract :    dang_ky_hoc_phan         :   58,001
[2026-04-05T15:43:02.498+0000] {extract.py:299} INFO -    dang_ky_hoc_phan         :   58,001
[2026-04-05T15:43:02.499+0000] {logging_mixin.py:188} WARNING - [2026-04-05 15:43:02] INFO    etl.extract :    diem_hoc_phan            :   58,001
[2026-04-05T15:43:02.499+0000] {extract.py:299} INFO -    diem_hoc_phan            :   58,001
[2026-04-05T15:43:02.500+0000] {logging_mixin.py:188} WARNING - [2026-04-05 15:43:02] INFO    etl.extract :    tong_hop_ket_qua         :    1,695
[2026-04-05T15:43:02.500+0000] {extract.py:299} INFO -    tong_hop_ket_qua         :    1,695
[2026-04-05T15:43:02.500+0000] {logging_mixin.py:188} WARNING - [2026-04-05 15:43:02] INFO    etl.extract :    ctsv_data                :    9,238
[2026-04-05T15:43:02.500+0000] {extract.py:299} INFO -    ctsv_data                :    9,238
[2026-04-05T15:43:02.501+0000] {logging_mixin.py:188} WARNING - [2026-04-05 15:43:02] INFO    etl.extract :    tai_chinh_data           :    9,238
[2026-04-05T15:43:02.501+0000] {extract.py:299} INFO -    tai_chinh_data           :    9,238
[2026-04-05T15:43:02.502+0000] {logging_mixin.py:188} WARNING - [2026-04-05 15:43:02] INFO    etl.extract : ======================================================================
[2026-04-05T15:43:02.502+0000] {extract.py:300} INFO - ======================================================================
[2026-04-05T15:43:02.543+0000] {logging_mixin.py:188} INFO - Extract xong: {'khoa': 4, 'nganh': 3, 'giang_vien': 45, 'lop_hanh_chinh': 48, 'sinh_vien': 1695, 'hoc_phan': 121, 'hoc_ky_nam_hoc': 9, 'dang_ky_hoc_phan': 58001, 'diem_hoc_phan': 58001, 'tong_hop_ket_qua': 1695, 'ctsv_data': 9238, 'tai_chinh_data': 9238}
[2026-04-05T15:43:02.557+0000] {python.py:201} INFO - Done. Returned value was: {'khoa': 4, 'nganh': 3, 'giang_vien': 45, 'lop_hanh_chinh': 48, 'sinh_vien': 1695, 'hoc_phan': 121, 'hoc_ky_nam_hoc': 9, 'dang_ky_hoc_phan': 58001, 'diem_hoc_phan': 58001, 'tong_hop_ket_qua': 1695, 'ctsv_data': 9238, 'tai_chinh_data': 9238}
[2026-04-05T15:43:02.586+0000] {taskinstance.py:1138} INFO - Marking task as SUCCESS. dag_id=daily_student_pipeline, task_id=extract_data, execution_date=20260405T154250, start_date=20260405T154254, end_date=20260405T154302
[2026-04-05T15:43:02.621+0000] {local_task_job_runner.py:234} INFO - Task exited with return code 0
[2026-04-05T15:43:02.650+0000] {taskinstance.py:3280} INFO - 1 downstream tasks scheduled from follow-on schedule check
