[2026-04-19T15:00:24.039+0000] {taskinstance.py:1956} INFO - Dependencies all met for dep_context=non-requeueable deps ti=<TaskInstance: daily_student_pipeline.alert_success manual__2026-04-19T14:59:29.613514+00:00 [queued]>
[2026-04-19T15:00:24.046+0000] {taskinstance.py:1956} INFO - Dependencies all met for dep_context=requeueable deps ti=<TaskInstance: daily_student_pipeline.alert_success manual__2026-04-19T14:59:29.613514+00:00 [queued]>
[2026-04-19T15:00:24.047+0000] {taskinstance.py:2170} INFO - Starting attempt 1 of 1
[2026-04-19T15:00:24.057+0000] {taskinstance.py:2191} INFO - Executing <Task(PythonOperator): alert_success> on 2026-04-19 14:59:29.613514+00:00
[2026-04-19T15:00:24.060+0000] {standard_task_runner.py:60} INFO - Started process 4640 to run task
[2026-04-19T15:00:24.062+0000] {standard_task_runner.py:87} INFO - Running: ['***', 'tasks', 'run', 'daily_student_pipeline', 'alert_success', 'manual__2026-04-19T14:59:29.613514+00:00', '--job-id', '376', '--raw', '--subdir', 'DAGS_FOLDER/daily_student_pipeline.py', '--cfg-path', '/tmp/tmpjwlhw7hz']
[2026-04-19T15:00:24.064+0000] {standard_task_runner.py:88} INFO - Job 376: Subtask alert_success
[2026-04-19T15:00:24.124+0000] {task_command.py:423} INFO - Running <TaskInstance: daily_student_pipeline.alert_success manual__2026-04-19T14:59:29.613514+00:00 [running]> on host eb2cbdc99987
[2026-04-19T15:00:24.202+0000] {taskinstance.py:2480} INFO - Exporting env vars: AIRFLOW_CTX_DAG_OWNER='nhom8' AIRFLOW_CTX_DAG_ID='daily_student_pipeline' AIRFLOW_CTX_TASK_ID='alert_success' AIRFLOW_CTX_EXECUTION_DATE='2026-04-19T14:59:29.613514+00:00' AIRFLOW_CTX_TRY_NUMBER='1' AIRFLOW_CTX_DAG_RUN_ID='manual__2026-04-19T14:59:29.613514+00:00'
[2026-04-19T15:00:24.214+0000] {logging_mixin.py:188} INFO - ==================================================
[2026-04-19T15:00:24.215+0000] {logging_mixin.py:188} INFO - ✅ Validation Summary | run_id: 2026-04-19_14-59
[2026-04-19T15:00:24.215+0000] {logging_mixin.py:188} INFO -    Status: PASSED
[2026-04-19T15:00:24.215+0000] {logging_mixin.py:188} INFO -    Evaluated: 51
[2026-04-19T15:00:24.216+0000] {logging_mixin.py:188} INFO -    Passed:    51
[2026-04-19T15:00:24.216+0000] {logging_mixin.py:188} INFO -    Failed:    0
[2026-04-19T15:00:24.217+0000] {logging_mixin.py:188} INFO - ==================================================
[2026-04-19T15:00:24.217+0000] {python.py:201} INFO - Done. Returned value was: None
[2026-04-19T15:00:24.226+0000] {taskinstance.py:1138} INFO - Marking task as SUCCESS. dag_id=daily_student_pipeline, task_id=alert_success, execution_date=20260419T145929, start_date=20260419T150024, end_date=20260419T150024
[2026-04-19T15:00:24.275+0000] {local_task_job_runner.py:234} INFO - Task exited with return code 0
[2026-04-19T15:00:24.292+0000] {taskinstance.py:3280} INFO - 0 downstream tasks scheduled from follow-on schedule check
