[2026-04-20T08:39:44.649+0000] {taskinstance.py:1956} INFO - Dependencies all met for dep_context=non-requeueable deps ti=<TaskInstance: daily_student_pipeline.alert_success manual__2026-04-20T08:38:52.446959+00:00 [queued]>
[2026-04-20T08:39:44.660+0000] {taskinstance.py:1956} INFO - Dependencies all met for dep_context=requeueable deps ti=<TaskInstance: daily_student_pipeline.alert_success manual__2026-04-20T08:38:52.446959+00:00 [queued]>
[2026-04-20T08:39:44.660+0000] {taskinstance.py:2170} INFO - Starting attempt 1 of 1
[2026-04-20T08:39:44.671+0000] {taskinstance.py:2191} INFO - Executing <Task(PythonOperator): alert_success> on 2026-04-20 08:38:52.446959+00:00
[2026-04-20T08:39:44.675+0000] {standard_task_runner.py:60} INFO - Started process 1292 to run task
[2026-04-20T08:39:44.677+0000] {standard_task_runner.py:87} INFO - Running: ['***', 'tasks', 'run', 'daily_student_pipeline', 'alert_success', 'manual__2026-04-20T08:38:52.446959+00:00', '--job-id', '390', '--raw', '--subdir', 'DAGS_FOLDER/daily_student_pipeline.py', '--cfg-path', '/tmp/tmpju1_vgfl']
[2026-04-20T08:39:44.679+0000] {standard_task_runner.py:88} INFO - Job 390: Subtask alert_success
[2026-04-20T08:39:44.726+0000] {task_command.py:423} INFO - Running <TaskInstance: daily_student_pipeline.alert_success manual__2026-04-20T08:38:52.446959+00:00 [running]> on host c15505f4cce3
[2026-04-20T08:39:44.812+0000] {taskinstance.py:2480} INFO - Exporting env vars: AIRFLOW_CTX_DAG_OWNER='nhom8' AIRFLOW_CTX_DAG_ID='daily_student_pipeline' AIRFLOW_CTX_TASK_ID='alert_success' AIRFLOW_CTX_EXECUTION_DATE='2026-04-20T08:38:52.446959+00:00' AIRFLOW_CTX_TRY_NUMBER='1' AIRFLOW_CTX_DAG_RUN_ID='manual__2026-04-20T08:38:52.446959+00:00'
[2026-04-20T08:39:44.825+0000] {logging_mixin.py:188} INFO - ==================================================
[2026-04-20T08:39:44.826+0000] {logging_mixin.py:188} INFO - ✅ Validation Summary | run_id: 2026-04-20_08-39
[2026-04-20T08:39:44.827+0000] {logging_mixin.py:188} INFO -    Status: PASSED
[2026-04-20T08:39:44.827+0000] {logging_mixin.py:188} INFO -    Evaluated: 51
[2026-04-20T08:39:44.828+0000] {logging_mixin.py:188} INFO -    Passed:    51
[2026-04-20T08:39:44.828+0000] {logging_mixin.py:188} INFO -    Failed:    0
[2026-04-20T08:39:44.828+0000] {logging_mixin.py:188} INFO - ==================================================
[2026-04-20T08:39:44.829+0000] {python.py:201} INFO - Done. Returned value was: None
[2026-04-20T08:39:44.838+0000] {taskinstance.py:1138} INFO - Marking task as SUCCESS. dag_id=daily_student_pipeline, task_id=alert_success, execution_date=20260420T083852, start_date=20260420T083944, end_date=20260420T083944
[2026-04-20T08:39:44.890+0000] {local_task_job_runner.py:234} INFO - Task exited with return code 0
[2026-04-20T08:39:44.907+0000] {taskinstance.py:3280} INFO - 0 downstream tasks scheduled from follow-on schedule check
