[2026-04-18T14:28:58.502+0000] {taskinstance.py:1956} INFO - Dependencies all met for dep_context=non-requeueable deps ti=<TaskInstance: daily_student_pipeline.extract_data manual__2026-04-18T14:28:52.855309+00:00 [queued]>
[2026-04-18T14:28:58.515+0000] {taskinstance.py:1956} INFO - Dependencies all met for dep_context=requeueable deps ti=<TaskInstance: daily_student_pipeline.extract_data manual__2026-04-18T14:28:52.855309+00:00 [queued]>
[2026-04-18T14:28:58.515+0000] {taskinstance.py:2170} INFO - Starting attempt 1 of 1
[2026-04-18T14:28:58.537+0000] {taskinstance.py:2191} INFO - Executing <Task(PythonOperator): extract_data> on 2026-04-18 14:28:52.855309+00:00
[2026-04-18T14:28:58.546+0000] {standard_task_runner.py:60} INFO - Started process 2014 to run task
[2026-04-18T14:28:58.549+0000] {standard_task_runner.py:87} INFO - Running: ['***', 'tasks', 'run', 'daily_student_pipeline', 'extract_data', 'manual__2026-04-18T14:28:52.855309+00:00', '--job-id', '322', '--raw', '--subdir', 'DAGS_FOLDER/daily_student_pipeline.py', '--cfg-path', '/tmp/tmpvpmur7lf']
[2026-04-18T14:28:58.552+0000] {standard_task_runner.py:88} INFO - Job 322: Subtask extract_data
[2026-04-18T14:28:58.640+0000] {task_command.py:423} INFO - Running <TaskInstance: daily_student_pipeline.extract_data manual__2026-04-18T14:28:52.855309+00:00 [running]> on host dc2680f839d5
[2026-04-18T14:28:59.055+0000] {taskinstance.py:2480} INFO - Exporting env vars: AIRFLOW_CTX_DAG_OWNER='nhom8' AIRFLOW_CTX_DAG_ID='daily_student_pipeline' AIRFLOW_CTX_TASK_ID='extract_data' AIRFLOW_CTX_EXECUTION_DATE='2026-04-18T14:28:52.855309+00:00' AIRFLOW_CTX_TRY_NUMBER='1' AIRFLOW_CTX_DAG_RUN_ID='manual__2026-04-18T14:28:52.855309+00:00'
[2026-04-18T14:29:02.019+0000] {logging_mixin.py:188} WARNING - [2026-04-18 14:29:02] INFO    etl.extract : ==BẮT ĐẦU FULL EXTRACT==
[2026-04-18T14:29:02.019+0000] {extract.py:281} INFO - ==BẮT ĐẦU FULL EXTRACT==
[2026-04-18T14:29:02.021+0000] {logging_mixin.py:188} WARNING - [2026-04-18 14:29:02] INFO    etl.extract : ======================================================================
[2026-04-18T14:29:02.021+0000] {extract.py:282} INFO - ======================================================================
[2026-04-18T14:29:02.037+0000] {logging_mixin.py:188} WARNING - [2026-04-18 14:29:02] INFO    etl.extract : ════════════════════════════════════════════════════════════
[2026-04-18T14:29:02.037+0000] {extract.py:84} INFO - ════════════════════════════════════════════════════════════
[2026-04-18T14:29:02.039+0000] {logging_mixin.py:188} WARNING - [2026-04-18 14:29:02] INFO    etl.extract : NGUỒN 1 — PostgreSQL (Phòng Đào tạo) | Full Extract
[2026-04-18T14:29:02.039+0000] {extract.py:85} INFO - NGUỒN 1 — PostgreSQL (Phòng Đào tạo) | Full Extract
[2026-04-18T14:29:02.040+0000] {logging_mixin.py:188} WARNING - [2026-04-18 14:29:02] INFO    etl.extract : ════════════════════════════════════════════════════════════
[2026-04-18T14:29:02.040+0000] {extract.py:86} INFO - ════════════════════════════════════════════════════════════
[2026-04-18T14:29:02.148+0000] {logging_mixin.py:188} WARNING - [2026-04-18 14:29:02] INFO    etl.extract :   PostgreSQL | khoa                      →      4 records
[2026-04-18T14:29:02.148+0000] {extract.py:68} INFO -   PostgreSQL | khoa                      →      4 records
[2026-04-18T14:29:02.171+0000] {logging_mixin.py:188} WARNING - [2026-04-18 14:29:02] INFO    etl.extract :   PostgreSQL | nganh                     →      3 records
[2026-04-18T14:29:02.171+0000] {extract.py:68} INFO -   PostgreSQL | nganh                     →      3 records
[2026-04-18T14:29:02.197+0000] {logging_mixin.py:188} WARNING - [2026-04-18 14:29:02] INFO    etl.extract :   PostgreSQL | giang_vien                →     45 records
[2026-04-18T14:29:02.197+0000] {extract.py:68} INFO -   PostgreSQL | giang_vien                →     45 records
[2026-04-18T14:29:02.232+0000] {logging_mixin.py:188} WARNING - [2026-04-18 14:29:02] INFO    etl.extract :   PostgreSQL | lop_hanh_chinh            →     48 records
[2026-04-18T14:29:02.232+0000] {extract.py:68} INFO -   PostgreSQL | lop_hanh_chinh            →     48 records
[2026-04-18T14:29:02.314+0000] {logging_mixin.py:188} WARNING - [2026-04-18 14:29:02] INFO    etl.extract :   PostgreSQL | sinh_vien                 →  1,695 records
[2026-04-18T14:29:02.314+0000] {extract.py:68} INFO -   PostgreSQL | sinh_vien                 →  1,695 records
[2026-04-18T14:29:02.344+0000] {logging_mixin.py:188} WARNING - [2026-04-18 14:29:02] INFO    etl.extract :   PostgreSQL | hoc_phan                  →    121 records
[2026-04-18T14:29:02.344+0000] {extract.py:68} INFO -   PostgreSQL | hoc_phan                  →    121 records
[2026-04-18T14:29:02.361+0000] {logging_mixin.py:188} WARNING - [2026-04-18 14:29:02] INFO    etl.extract :   PostgreSQL | hoc_ky_nam_hoc            →      9 records
[2026-04-18T14:29:02.361+0000] {extract.py:68} INFO -   PostgreSQL | hoc_ky_nam_hoc            →      9 records
[2026-04-18T14:29:02.809+0000] {logging_mixin.py:188} WARNING - [2026-04-18 14:29:02] INFO    etl.extract :   PostgreSQL | dang_ky_hoc_phan          → 58,001 records
[2026-04-18T14:29:02.809+0000] {extract.py:68} INFO -   PostgreSQL | dang_ky_hoc_phan          → 58,001 records
[2026-04-18T14:29:03.491+0000] {logging_mixin.py:188} WARNING - [2026-04-18 14:29:03] INFO    etl.extract :   PostgreSQL | diem_hoc_phan             → 58,001 records
[2026-04-18T14:29:03.491+0000] {extract.py:68} INFO -   PostgreSQL | diem_hoc_phan             → 58,001 records
[2026-04-18T14:29:03.570+0000] {logging_mixin.py:188} WARNING - [2026-04-18 14:29:03] INFO    etl.extract :   PostgreSQL | tong_hop_ket_qua          →  1,695 records
[2026-04-18T14:29:03.570+0000] {extract.py:68} INFO -   PostgreSQL | tong_hop_ket_qua          →  1,695 records
[2026-04-18T14:29:03.573+0000] {logging_mixin.py:188} WARNING - [2026-04-18 14:29:03] INFO    etl.extract :   PostgreSQL | TỔNG: 119,622 records từ 10 bảng
[2026-04-18T14:29:03.573+0000] {extract.py:93} INFO -   PostgreSQL | TỔNG: 119,622 records từ 10 bảng
[2026-04-18T14:29:03.574+0000] {logging_mixin.py:188} WARNING - [2026-04-18 14:29:03] INFO    etl.extract : ════════════════════════════════════════════════════════════
[2026-04-18T14:29:03.574+0000] {extract.py:167} INFO - ════════════════════════════════════════════════════════════
[2026-04-18T14:29:03.575+0000] {logging_mixin.py:188} WARNING - [2026-04-18 14:29:03] INFO    etl.extract : NGUỒN 2 — CSV (Phòng CTSV) | Extract
[2026-04-18T14:29:03.575+0000] {extract.py:168} INFO - NGUỒN 2 — CSV (Phòng CTSV) | Extract
[2026-04-18T14:29:03.575+0000] {logging_mixin.py:188} WARNING - [2026-04-18 14:29:03] INFO    etl.extract : ════════════════════════════════════════════════════════════
[2026-04-18T14:29:03.575+0000] {extract.py:169} INFO - ════════════════════════════════════════════════════════════
[2026-04-18T14:29:03.579+0000] {logging_mixin.py:188} WARNING - [2026-04-18 14:29:03] INFO    etl.extract :   CSV | Tìm thấy 9 file(s)
[2026-04-18T14:29:03.579+0000] {extract.py:178} INFO -   CSV | Tìm thấy 9 file(s)
[2026-04-18T14:29:03.592+0000] {logging_mixin.py:188} WARNING - [2026-04-18 14:29:03] INFO    etl.extract :   CSV | ctsv_HK1_2021_22.csv                →    780 records
[2026-04-18T14:29:03.592+0000] {extract.py:144} INFO -   CSV | ctsv_HK1_2021_22.csv                →    780 records
[2026-04-18T14:29:03.604+0000] {logging_mixin.py:188} WARNING - [2026-04-18 14:29:03] INFO    etl.extract :   CSV | ctsv_HK1_2022_23.csv                →  1,611 records
[2026-04-18T14:29:03.604+0000] {extract.py:144} INFO -   CSV | ctsv_HK1_2022_23.csv                →  1,611 records
[2026-04-18T14:29:03.613+0000] {logging_mixin.py:188} WARNING - [2026-04-18 14:29:03] INFO    etl.extract :   CSV | ctsv_HK1_2023_24.csv                →  2,466 records
[2026-04-18T14:29:03.613+0000] {extract.py:144} INFO -   CSV | ctsv_HK1_2023_24.csv                →  2,466 records
[2026-04-18T14:29:03.621+0000] {logging_mixin.py:188} WARNING - [2026-04-18 14:29:03] INFO    etl.extract :   CSV | ctsv_HK1_2024_25.csv                →  3,306 records
[2026-04-18T14:29:03.621+0000] {extract.py:144} INFO -   CSV | ctsv_HK1_2024_25.csv                →  3,306 records
[2026-04-18T14:29:03.630+0000] {logging_mixin.py:188} WARNING - [2026-04-18 14:29:03] INFO    etl.extract :   CSV | ctsv_HK1_2025_26.csv                →  2,506 records
[2026-04-18T14:29:03.630+0000] {extract.py:144} INFO -   CSV | ctsv_HK1_2025_26.csv                →  2,506 records
[2026-04-18T14:29:03.638+0000] {logging_mixin.py:188} WARNING - [2026-04-18 14:29:03] INFO    etl.extract :   CSV | ctsv_HK2_2021_22.csv                →    780 records
[2026-04-18T14:29:03.638+0000] {extract.py:144} INFO -   CSV | ctsv_HK2_2021_22.csv                →    780 records
[2026-04-18T14:29:03.650+0000] {logging_mixin.py:188} WARNING - [2026-04-18 14:29:03] INFO    etl.extract :   CSV | ctsv_HK2_2022_23.csv                →  1,604 records
[2026-04-18T14:29:03.649+0000] {extract.py:144} INFO -   CSV | ctsv_HK2_2022_23.csv                →  1,604 records
[2026-04-18T14:29:03.663+0000] {logging_mixin.py:188} WARNING - [2026-04-18 14:29:03] INFO    etl.extract :   CSV | ctsv_HK2_2023_24.csv                →  2,453 records
[2026-04-18T14:29:03.663+0000] {extract.py:144} INFO -   CSV | ctsv_HK2_2023_24.csv                →  2,453 records
[2026-04-18T14:29:03.673+0000] {logging_mixin.py:188} WARNING - [2026-04-18 14:29:03] INFO    etl.extract :   CSV | ctsv_HK2_2024_25.csv                →  2,915 records
[2026-04-18T14:29:03.673+0000] {extract.py:144} INFO -   CSV | ctsv_HK2_2024_25.csv                →  2,915 records
[2026-04-18T14:29:03.683+0000] {logging_mixin.py:188} WARNING - [2026-04-18 14:29:03] INFO    etl.extract :   CSV | Loại bỏ 9183 bản ghi trùng
[2026-04-18T14:29:03.683+0000] {extract.py:195} INFO -   CSV | Loại bỏ 9183 bản ghi trùng
[2026-04-18T14:29:03.684+0000] {logging_mixin.py:188} WARNING - [2026-04-18 14:29:03] INFO    etl.extract :   CSV | TỔNG: 9,238 records từ 9 file(s)
[2026-04-18T14:29:03.684+0000] {extract.py:197} INFO -   CSV | TỔNG: 9,238 records từ 9 file(s)
[2026-04-18T14:29:03.708+0000] {logging_mixin.py:188} WARNING - [2026-04-18 14:29:03] INFO    etl.extract :   API | (JSON) taichinh_HK1_2021_22.json →    390 records
[2026-04-18T14:29:03.708+0000] {extract.py:246} INFO -   API | (JSON) taichinh_HK1_2021_22.json →    390 records
[2026-04-18T14:29:03.723+0000] {logging_mixin.py:188} WARNING - [2026-04-18 14:29:03] INFO    etl.extract :   API | (JSON) taichinh_HK1_2022_23.json →    802 records
[2026-04-18T14:29:03.723+0000] {extract.py:246} INFO -   API | (JSON) taichinh_HK1_2022_23.json →    802 records
[2026-04-18T14:29:03.741+0000] {logging_mixin.py:188} WARNING - [2026-04-18 14:29:03] INFO    etl.extract :   API | (JSON) taichinh_HK1_2023_24.json →  1,229 records
[2026-04-18T14:29:03.741+0000] {extract.py:246} INFO -   API | (JSON) taichinh_HK1_2023_24.json →  1,229 records
[2026-04-18T14:29:03.759+0000] {logging_mixin.py:188} WARNING - [2026-04-18 14:29:03] INFO    etl.extract :   API | (JSON) taichinh_HK1_2024_25.json →  1,646 records
[2026-04-18T14:29:03.759+0000] {extract.py:246} INFO -   API | (JSON) taichinh_HK1_2024_25.json →  1,646 records
[2026-04-18T14:29:03.778+0000] {logging_mixin.py:188} WARNING - [2026-04-18 14:29:03] INFO    etl.extract :   API | (JSON) taichinh_HK1_2025_26.json →  1,245 records
[2026-04-18T14:29:03.777+0000] {extract.py:246} INFO -   API | (JSON) taichinh_HK1_2025_26.json →  1,245 records
[2026-04-18T14:29:03.789+0000] {logging_mixin.py:188} WARNING - [2026-04-18 14:29:03] INFO    etl.extract :   API | (JSON) taichinh_HK2_2021_22.json →    390 records
[2026-04-18T14:29:03.789+0000] {extract.py:246} INFO -   API | (JSON) taichinh_HK2_2021_22.json →    390 records
[2026-04-18T14:29:03.804+0000] {logging_mixin.py:188} WARNING - [2026-04-18 14:29:03] INFO    etl.extract :   API | (JSON) taichinh_HK2_2022_23.json →    799 records
[2026-04-18T14:29:03.804+0000] {extract.py:246} INFO -   API | (JSON) taichinh_HK2_2022_23.json →    799 records
[2026-04-18T14:29:03.821+0000] {logging_mixin.py:188} WARNING - [2026-04-18 14:29:03] INFO    etl.extract :   API | (JSON) taichinh_HK2_2023_24.json →  1,223 records
[2026-04-18T14:29:03.821+0000] {extract.py:246} INFO -   API | (JSON) taichinh_HK2_2023_24.json →  1,223 records
[2026-04-18T14:29:03.840+0000] {logging_mixin.py:188} WARNING - [2026-04-18 14:29:03] INFO    etl.extract :   API | (JSON) taichinh_HK2_2024_25.json →  1,514 records
[2026-04-18T14:29:03.840+0000] {extract.py:246} INFO -   API | (JSON) taichinh_HK2_2024_25.json →  1,514 records
[2026-04-18T14:29:03.842+0000] {logging_mixin.py:188} WARNING - [2026-04-18 14:29:03] INFO    etl.extract :   API | TỔNG: 9,238 records từ 9 HK
[2026-04-18T14:29:03.842+0000] {extract.py:270} INFO -   API | TỔNG: 9,238 records từ 9 HK
[2026-04-18T14:29:04.411+0000] {logging_mixin.py:188} WARNING - [2026-04-18 14:29:04] INFO    utils.minio :   MinIO ↑ [raw-data] 2026-04-18_14-29/nguon1_sinh_vien.parquet (47.6 KB | 1,695 rows)
[2026-04-18T14:29:04.411+0000] {minio_client.py:142} INFO -   MinIO ↑ [raw-data] 2026-04-18_14-29/nguon1_sinh_vien.parquet (47.6 KB | 1,695 rows)
[2026-04-18T14:29:04.471+0000] {logging_mixin.py:188} WARNING - [2026-04-18 14:29:04] INFO    utils.minio :   MinIO ↑ [raw-data] 2026-04-18_14-29/nguon1_dang_ky.parquet (493.4 KB | 58,001 rows)
[2026-04-18T14:29:04.471+0000] {minio_client.py:142} INFO -   MinIO ↑ [raw-data] 2026-04-18_14-29/nguon1_dang_ky.parquet (493.4 KB | 58,001 rows)
[2026-04-18T14:29:04.541+0000] {logging_mixin.py:188} WARNING - [2026-04-18 14:29:04] INFO    utils.minio :   MinIO ↑ [raw-data] 2026-04-18_14-29/nguon1_diem.parquet (1180.5 KB | 58,001 rows)
[2026-04-18T14:29:04.541+0000] {minio_client.py:142} INFO -   MinIO ↑ [raw-data] 2026-04-18_14-29/nguon1_diem.parquet (1180.5 KB | 58,001 rows)
[2026-04-18T14:29:04.551+0000] {logging_mixin.py:188} WARNING - [2026-04-18 14:29:04] INFO    utils.minio :   MinIO ↑ [raw-data] 2026-04-18_14-29/nguon1_hoc_phan.parquet (10.3 KB | 121 rows)
[2026-04-18T14:29:04.551+0000] {minio_client.py:142} INFO -   MinIO ↑ [raw-data] 2026-04-18_14-29/nguon1_hoc_phan.parquet (10.3 KB | 121 rows)
[2026-04-18T14:29:04.564+0000] {logging_mixin.py:188} WARNING - [2026-04-18 14:29:04] INFO    utils.minio :   MinIO ↑ [raw-data] 2026-04-18_14-29/nguon1_hoc_ky.parquet (4.1 KB | 9 rows)
[2026-04-18T14:29:04.564+0000] {minio_client.py:142} INFO -   MinIO ↑ [raw-data] 2026-04-18_14-29/nguon1_hoc_ky.parquet (4.1 KB | 9 rows)
[2026-04-18T14:29:04.576+0000] {logging_mixin.py:188} WARNING - [2026-04-18 14:29:04] INFO    utils.minio :   MinIO ↑ [raw-data] 2026-04-18_14-29/nguon1_giang_vien.parquet (8.3 KB | 45 rows)
[2026-04-18T14:29:04.576+0000] {minio_client.py:142} INFO -   MinIO ↑ [raw-data] 2026-04-18_14-29/nguon1_giang_vien.parquet (8.3 KB | 45 rows)
[2026-04-18T14:29:04.586+0000] {logging_mixin.py:188} WARNING - [2026-04-18 14:29:04] INFO    utils.minio :   MinIO ↑ [raw-data] 2026-04-18_14-29/nguon1_khoa.parquet (2.6 KB | 4 rows)
[2026-04-18T14:29:04.586+0000] {minio_client.py:142} INFO -   MinIO ↑ [raw-data] 2026-04-18_14-29/nguon1_khoa.parquet (2.6 KB | 4 rows)
[2026-04-18T14:29:04.597+0000] {logging_mixin.py:188} WARNING - [2026-04-18 14:29:04] INFO    utils.minio :   MinIO ↑ [raw-data] 2026-04-18_14-29/nguon1_nganh.parquet (3.2 KB | 3 rows)
[2026-04-18T14:29:04.597+0000] {minio_client.py:142} INFO -   MinIO ↑ [raw-data] 2026-04-18_14-29/nguon1_nganh.parquet (3.2 KB | 3 rows)
[2026-04-18T14:29:04.608+0000] {logging_mixin.py:188} WARNING - [2026-04-18 14:29:04] INFO    utils.minio :   MinIO ↑ [raw-data] 2026-04-18_14-29/nguon1_lop_hanh_chinh.parquet (4.8 KB | 48 rows)
[2026-04-18T14:29:04.608+0000] {minio_client.py:142} INFO -   MinIO ↑ [raw-data] 2026-04-18_14-29/nguon1_lop_hanh_chinh.parquet (4.8 KB | 48 rows)
[2026-04-18T14:29:04.623+0000] {logging_mixin.py:188} WARNING - [2026-04-18 14:29:04] INFO    utils.minio :   MinIO ↑ [raw-data] 2026-04-18_14-29/nguon1_tong_hop_ket_qua.parquet (21.6 KB | 1,695 rows)
[2026-04-18T14:29:04.623+0000] {minio_client.py:142} INFO -   MinIO ↑ [raw-data] 2026-04-18_14-29/nguon1_tong_hop_ket_qua.parquet (21.6 KB | 1,695 rows)
[2026-04-18T14:29:04.640+0000] {logging_mixin.py:188} WARNING - [2026-04-18 14:29:04] INFO    utils.minio :   MinIO ↑ [raw-data] 2026-04-18_14-29/nguon2_ctsv.parquet (38.2 KB | 9,238 rows)
[2026-04-18T14:29:04.640+0000] {minio_client.py:142} INFO -   MinIO ↑ [raw-data] 2026-04-18_14-29/nguon2_ctsv.parquet (38.2 KB | 9,238 rows)
[2026-04-18T14:29:04.659+0000] {logging_mixin.py:188} WARNING - [2026-04-18 14:29:04] INFO    utils.minio :   MinIO ↑ [raw-data] 2026-04-18_14-29/nguon3_tai_chinh.parquet (66.6 KB | 9,238 rows)
[2026-04-18T14:29:04.659+0000] {minio_client.py:142} INFO -   MinIO ↑ [raw-data] 2026-04-18_14-29/nguon3_tai_chinh.parquet (66.6 KB | 9,238 rows)
[2026-04-18T14:29:04.661+0000] {logging_mixin.py:188} WARNING - [2026-04-18 14:29:04] INFO    utils.minio :   MinIO upload xong: 12/12 files | run_id=2026-04-18_14-29
[2026-04-18T14:29:04.661+0000] {minio_client.py:188} INFO -   MinIO upload xong: 12/12 files | run_id=2026-04-18_14-29
[2026-04-18T14:29:04.662+0000] {logging_mixin.py:188} WARNING - [2026-04-18 14:29:04] INFO    etl.extract :   MinIO staging: 12/12 files OK → run_id=2026-04-18_14-29
[2026-04-18T14:29:04.662+0000] {extract.py:337} INFO -   MinIO staging: 12/12 files OK → run_id=2026-04-18_14-29
[2026-04-18T14:29:04.664+0000] {logging_mixin.py:188} WARNING - [2026-04-18 14:29:04] INFO    etl.extract : ======================================================================
[2026-04-18T14:29:04.664+0000] {extract.py:300} INFO - ======================================================================
[2026-04-18T14:29:04.666+0000] {logging_mixin.py:188} WARNING - [2026-04-18 14:29:04] INFO    etl.extract :  FULL EXTRACT HOÀN TẤT
[2026-04-18T14:29:04.666+0000] {extract.py:301} INFO -  FULL EXTRACT HOÀN TẤT
[2026-04-18T14:29:04.667+0000] {logging_mixin.py:188} WARNING - [2026-04-18 14:29:04] INFO    etl.extract :    khoa                     :        4
[2026-04-18T14:29:04.667+0000] {extract.py:303} INFO -    khoa                     :        4
[2026-04-18T14:29:04.668+0000] {logging_mixin.py:188} WARNING - [2026-04-18 14:29:04] INFO    etl.extract :    nganh                    :        3
[2026-04-18T14:29:04.668+0000] {extract.py:303} INFO -    nganh                    :        3
[2026-04-18T14:29:04.669+0000] {logging_mixin.py:188} WARNING - [2026-04-18 14:29:04] INFO    etl.extract :    giang_vien               :       45
[2026-04-18T14:29:04.669+0000] {extract.py:303} INFO -    giang_vien               :       45
[2026-04-18T14:29:04.670+0000] {logging_mixin.py:188} WARNING - [2026-04-18 14:29:04] INFO    etl.extract :    lop_hanh_chinh           :       48
[2026-04-18T14:29:04.670+0000] {extract.py:303} INFO -    lop_hanh_chinh           :       48
[2026-04-18T14:29:04.671+0000] {logging_mixin.py:188} WARNING - [2026-04-18 14:29:04] INFO    etl.extract :    sinh_vien                :    1,695
[2026-04-18T14:29:04.671+0000] {extract.py:303} INFO -    sinh_vien                :    1,695
[2026-04-18T14:29:04.672+0000] {logging_mixin.py:188} WARNING - [2026-04-18 14:29:04] INFO    etl.extract :    hoc_phan                 :      121
[2026-04-18T14:29:04.672+0000] {extract.py:303} INFO -    hoc_phan                 :      121
[2026-04-18T14:29:04.674+0000] {logging_mixin.py:188} WARNING - [2026-04-18 14:29:04] INFO    etl.extract :    hoc_ky_nam_hoc           :        9
[2026-04-18T14:29:04.673+0000] {extract.py:303} INFO -    hoc_ky_nam_hoc           :        9
[2026-04-18T14:29:04.674+0000] {logging_mixin.py:188} WARNING - [2026-04-18 14:29:04] INFO    etl.extract :    dang_ky_hoc_phan         :   58,001
[2026-04-18T14:29:04.674+0000] {extract.py:303} INFO -    dang_ky_hoc_phan         :   58,001
[2026-04-18T14:29:04.675+0000] {logging_mixin.py:188} WARNING - [2026-04-18 14:29:04] INFO    etl.extract :    diem_hoc_phan            :   58,001
[2026-04-18T14:29:04.675+0000] {extract.py:303} INFO -    diem_hoc_phan            :   58,001
[2026-04-18T14:29:04.676+0000] {logging_mixin.py:188} WARNING - [2026-04-18 14:29:04] INFO    etl.extract :    tong_hop_ket_qua         :    1,695
[2026-04-18T14:29:04.676+0000] {extract.py:303} INFO -    tong_hop_ket_qua         :    1,695
[2026-04-18T14:29:04.677+0000] {logging_mixin.py:188} WARNING - [2026-04-18 14:29:04] INFO    etl.extract :    ctsv_data                :    9,238
[2026-04-18T14:29:04.677+0000] {extract.py:303} INFO -    ctsv_data                :    9,238
[2026-04-18T14:29:04.678+0000] {logging_mixin.py:188} WARNING - [2026-04-18 14:29:04] INFO    etl.extract :    tai_chinh_data           :    9,238
[2026-04-18T14:29:04.678+0000] {extract.py:303} INFO -    tai_chinh_data           :    9,238
[2026-04-18T14:29:04.679+0000] {logging_mixin.py:188} WARNING - [2026-04-18 14:29:04] INFO    etl.extract : ======================================================================
[2026-04-18T14:29:04.679+0000] {extract.py:304} INFO - ======================================================================
[2026-04-18T14:29:04.713+0000] {logging_mixin.py:188} INFO - Extract xong: {'khoa': 4, 'nganh': 3, 'giang_vien': 45, 'lop_hanh_chinh': 48, 'sinh_vien': 1695, 'hoc_phan': 121, 'hoc_ky_nam_hoc': 9, 'dang_ky_hoc_phan': 58001, 'diem_hoc_phan': 58001, 'tong_hop_ket_qua': 1695, 'ctsv_data': 9238, 'tai_chinh_data': 9238}
[2026-04-18T14:29:04.723+0000] {python.py:201} INFO - Done. Returned value was: {'khoa': 4, 'nganh': 3, 'giang_vien': 45, 'lop_hanh_chinh': 48, 'sinh_vien': 1695, 'hoc_phan': 121, 'hoc_ky_nam_hoc': 9, 'dang_ky_hoc_phan': 58001, 'diem_hoc_phan': 58001, 'tong_hop_ket_qua': 1695, 'ctsv_data': 9238, 'tai_chinh_data': 9238}
[2026-04-18T14:29:04.748+0000] {taskinstance.py:1138} INFO - Marking task as SUCCESS. dag_id=daily_student_pipeline, task_id=extract_data, execution_date=20260418T142852, start_date=20260418T142858, end_date=20260418T142904
[2026-04-18T14:29:04.784+0000] {local_task_job_runner.py:234} INFO - Task exited with return code 0
[2026-04-18T14:29:04.813+0000] {taskinstance.py:3280} INFO - 1 downstream tasks scheduled from follow-on schedule check
