[2026-04-05T10:35:50.473+0000] {taskinstance.py:1956} INFO - Dependencies all met for dep_context=non-requeueable deps ti=<TaskInstance: daily_student_pipeline.transform_data manual__2026-04-05T10:35:34.153346+00:00 [queued]>
[2026-04-05T10:35:50.481+0000] {taskinstance.py:1956} INFO - Dependencies all met for dep_context=requeueable deps ti=<TaskInstance: daily_student_pipeline.transform_data manual__2026-04-05T10:35:34.153346+00:00 [queued]>
[2026-04-05T10:35:50.482+0000] {taskinstance.py:2170} INFO - Starting attempt 1 of 1
[2026-04-05T10:35:50.496+0000] {taskinstance.py:2191} INFO - Executing <Task(PythonOperator): transform_data> on 2026-04-05 10:35:34.153346+00:00
[2026-04-05T10:35:50.502+0000] {standard_task_runner.py:60} INFO - Started process 15341 to run task
[2026-04-05T10:35:50.505+0000] {standard_task_runner.py:87} INFO - Running: ['***', 'tasks', 'run', 'daily_student_pipeline', 'transform_data', 'manual__2026-04-05T10:35:34.153346+00:00', '--job-id', '202', '--raw', '--subdir', 'DAGS_FOLDER/daily_student_pipeline.py', '--cfg-path', '/tmp/tmpe3hh_i37']
[2026-04-05T10:35:50.508+0000] {standard_task_runner.py:88} INFO - Job 202: Subtask transform_data
[2026-04-05T10:35:50.578+0000] {task_command.py:423} INFO - Running <TaskInstance: daily_student_pipeline.transform_data manual__2026-04-05T10:35:34.153346+00:00 [running]> on host 1c62953c8918
[2026-04-05T10:35:50.677+0000] {taskinstance.py:2480} INFO - Exporting env vars: AIRFLOW_CTX_DAG_OWNER='nhom8' AIRFLOW_CTX_DAG_ID='daily_student_pipeline' AIRFLOW_CTX_TASK_ID='transform_data' AIRFLOW_CTX_EXECUTION_DATE='2026-04-05T10:35:34.153346+00:00' AIRFLOW_CTX_TRY_NUMBER='1' AIRFLOW_CTX_DAG_RUN_ID='manual__2026-04-05T10:35:34.153346+00:00'
[2026-04-05T10:35:51.469+0000] {logging_mixin.py:188} WARNING - [2026-04-05 10:35:51] INFO    etl.extract :   Load from MinIO staging: run_id=2026-04-05_10-35
[2026-04-05T10:35:51.468+0000] {extract.py:352} INFO -   Load from MinIO staging: run_id=2026-04-05_10-35
[2026-04-05T10:35:51.498+0000] {logging_mixin.py:188} WARNING - [2026-04-05 10:35:51] INFO    utils.minio :   MinIO ↓ [raw-data] 2026-04-05_10-35/nguon1_khoa.parquet (4 rows)
[2026-04-05T10:35:51.498+0000] {minio_client.py:223} INFO -   MinIO ↓ [raw-data] 2026-04-05_10-35/nguon1_khoa.parquet (4 rows)
[2026-04-05T10:35:51.510+0000] {logging_mixin.py:188} WARNING - [2026-04-05 10:35:51] INFO    utils.minio :   MinIO ↓ [raw-data] 2026-04-05_10-35/nguon1_nganh.parquet (3 rows)
[2026-04-05T10:35:51.510+0000] {minio_client.py:223} INFO -   MinIO ↓ [raw-data] 2026-04-05_10-35/nguon1_nganh.parquet (3 rows)
[2026-04-05T10:35:51.520+0000] {logging_mixin.py:188} WARNING - [2026-04-05 10:35:51] INFO    utils.minio :   MinIO ↓ [raw-data] 2026-04-05_10-35/nguon1_giang_vien.parquet (45 rows)
[2026-04-05T10:35:51.520+0000] {minio_client.py:223} INFO -   MinIO ↓ [raw-data] 2026-04-05_10-35/nguon1_giang_vien.parquet (45 rows)
[2026-04-05T10:35:51.531+0000] {logging_mixin.py:188} WARNING - [2026-04-05 10:35:51] INFO    utils.minio :   MinIO ↓ [raw-data] 2026-04-05_10-35/nguon1_lop_hanh_chinh.parquet (48 rows)
[2026-04-05T10:35:51.531+0000] {minio_client.py:223} INFO -   MinIO ↓ [raw-data] 2026-04-05_10-35/nguon1_lop_hanh_chinh.parquet (48 rows)
[2026-04-05T10:35:51.544+0000] {logging_mixin.py:188} WARNING - [2026-04-05 10:35:51] INFO    utils.minio :   MinIO ↓ [raw-data] 2026-04-05_10-35/nguon1_sinh_vien.parquet (1,695 rows)
[2026-04-05T10:35:51.544+0000] {minio_client.py:223} INFO -   MinIO ↓ [raw-data] 2026-04-05_10-35/nguon1_sinh_vien.parquet (1,695 rows)
[2026-04-05T10:35:51.555+0000] {logging_mixin.py:188} WARNING - [2026-04-05 10:35:51] INFO    utils.minio :   MinIO ↓ [raw-data] 2026-04-05_10-35/nguon1_hoc_phan.parquet (121 rows)
[2026-04-05T10:35:51.555+0000] {minio_client.py:223} INFO -   MinIO ↓ [raw-data] 2026-04-05_10-35/nguon1_hoc_phan.parquet (121 rows)
[2026-04-05T10:35:51.565+0000] {logging_mixin.py:188} WARNING - [2026-04-05 10:35:51] INFO    utils.minio :   MinIO ↓ [raw-data] 2026-04-05_10-35/nguon1_hoc_ky.parquet (9 rows)
[2026-04-05T10:35:51.565+0000] {minio_client.py:223} INFO -   MinIO ↓ [raw-data] 2026-04-05_10-35/nguon1_hoc_ky.parquet (9 rows)
[2026-04-05T10:35:51.598+0000] {logging_mixin.py:188} WARNING - [2026-04-05 10:35:51] INFO    utils.minio :   MinIO ↓ [raw-data] 2026-04-05_10-35/nguon1_dang_ky.parquet (58,001 rows)
[2026-04-05T10:35:51.597+0000] {minio_client.py:223} INFO -   MinIO ↓ [raw-data] 2026-04-05_10-35/nguon1_dang_ky.parquet (58,001 rows)
[2026-04-05T10:35:51.633+0000] {logging_mixin.py:188} WARNING - [2026-04-05 10:35:51] INFO    utils.minio :   MinIO ↓ [raw-data] 2026-04-05_10-35/nguon1_diem.parquet (58,001 rows)
[2026-04-05T10:35:51.633+0000] {minio_client.py:223} INFO -   MinIO ↓ [raw-data] 2026-04-05_10-35/nguon1_diem.parquet (58,001 rows)
[2026-04-05T10:35:51.645+0000] {logging_mixin.py:188} WARNING - [2026-04-05 10:35:51] INFO    utils.minio :   MinIO ↓ [raw-data] 2026-04-05_10-35/nguon1_tong_hop_ket_qua.parquet (1,695 rows)
[2026-04-05T10:35:51.645+0000] {minio_client.py:223} INFO -   MinIO ↓ [raw-data] 2026-04-05_10-35/nguon1_tong_hop_ket_qua.parquet (1,695 rows)
[2026-04-05T10:35:51.661+0000] {logging_mixin.py:188} WARNING - [2026-04-05 10:35:51] INFO    utils.minio :   MinIO ↓ [raw-data] 2026-04-05_10-35/nguon2_ctsv.parquet (9,238 rows)
[2026-04-05T10:35:51.661+0000] {minio_client.py:223} INFO -   MinIO ↓ [raw-data] 2026-04-05_10-35/nguon2_ctsv.parquet (9,238 rows)
[2026-04-05T10:35:51.674+0000] {logging_mixin.py:188} WARNING - [2026-04-05 10:35:51] INFO    utils.minio :   MinIO ↓ [raw-data] 2026-04-05_10-35/nguon3_tai_chinh.parquet (9,238 rows)
[2026-04-05T10:35:51.674+0000] {minio_client.py:223} INFO -   MinIO ↓ [raw-data] 2026-04-05_10-35/nguon3_tai_chinh.parquet (9,238 rows)
[2026-04-05T10:35:51.677+0000] {logging_mixin.py:188} WARNING - [2026-04-05 10:35:51] INFO    etl.extract :  Load from staging OK — run_id=2026-04-05_10-35
[2026-04-05T10:35:51.677+0000] {extract.py:369} INFO -  Load from staging OK — run_id=2026-04-05_10-35
[2026-04-05T10:35:51.678+0000] {logging_mixin.py:188} WARNING - [2026-04-05 10:35:51] INFO    etl.transform : ==BẮT ĐẦU TRANSFORM==
[2026-04-05T10:35:51.678+0000] {transform.py:72} INFO - ==BẮT ĐẦU TRANSFORM==
[2026-04-05T10:35:51.679+0000] {logging_mixin.py:188} WARNING - [2026-04-05 10:35:51] INFO    etl.transform : ======================================================================
[2026-04-05T10:35:51.679+0000] {transform.py:73} INFO - ======================================================================
[2026-04-05T10:35:51.681+0000] {logging_mixin.py:188} WARNING - [2026-04-05 10:35:51] INFO    etl.transform : ── Bước 1: Transform Dimension Tables ──
[2026-04-05T10:35:51.681+0000] {transform.py:77} INFO - ── Bước 1: Transform Dimension Tables ──
[2026-04-05T10:35:51.685+0000] {logging_mixin.py:188} WARNING - [2026-04-05 10:35:51] INFO    etl.transform :   dim_thoi_gian               →      9 records
[2026-04-05T10:35:51.685+0000] {transform.py:185} INFO -   dim_thoi_gian               →      9 records
[2026-04-05T10:35:51.690+0000] {logging_mixin.py:188} WARNING - [2026-04-05 10:35:51] INFO    etl.transform :   dim_giang_vien              →     45 records
[2026-04-05T10:35:51.690+0000] {transform.py:208} INFO -   dim_giang_vien              →     45 records
[2026-04-05T10:35:51.694+0000] {logging_mixin.py:188} WARNING - [2026-04-05 10:35:51] INFO    etl.transform :   dim_hoc_phan                →    121 records
[2026-04-05T10:35:51.694+0000] {transform.py:235} INFO -   dim_hoc_phan                →    121 records
[2026-04-05T10:35:51.710+0000] {logging_mixin.py:188} WARNING - [2026-04-05 10:35:51] INFO    etl.transform :   dim_sinh_vien               →  1,695 records
[2026-04-05T10:35:51.710+0000] {transform.py:299} INFO -   dim_sinh_vien               →  1,695 records
[2026-04-05T10:35:51.711+0000] {logging_mixin.py:188} WARNING - [2026-04-05 10:35:51] INFO    etl.transform : ── Bước 2: Transform Fact Tables ──
[2026-04-05T10:35:51.711+0000] {transform.py:89} INFO - ── Bước 2: Transform Fact Tables ──
[2026-04-05T10:35:51.744+0000] {logging_mixin.py:188} WARNING - [2026-04-05 10:35:51] INFO    etl.transform :   fact_diem | Tính lại điểm tổng kết cho 1160 bản ghi
[2026-04-05T10:35:51.744+0000] {transform.py:348} INFO -   fact_diem | Tính lại điểm tổng kết cho 1160 bản ghi
[2026-04-05T10:35:51.793+0000] {logging_mixin.py:188} WARNING - [2026-04-05 10:35:51] INFO    etl.transform :   fact_diem                   → 58,001 records
[2026-04-05T10:35:51.793+0000] {transform.py:368} INFO -   fact_diem                   → 58,001 records
[2026-04-05T10:35:51.804+0000] {logging_mixin.py:188} WARNING - [2026-04-05 10:35:51] INFO    etl.transform :   fact_ren_luyen              →  9,238 records
[2026-04-05T10:35:51.804+0000] {transform.py:404} INFO -   fact_ren_luyen              →  9,238 records
[2026-04-05T10:35:51.812+0000] {logging_mixin.py:188} WARNING - [2026-04-05 10:35:51] INFO    etl.transform :   fact_tai_chinh              →  9,238 records
[2026-04-05T10:35:51.812+0000] {transform.py:424} INFO -   fact_tai_chinh              →  9,238 records
[2026-04-05T10:35:51.813+0000] {logging_mixin.py:188} WARNING - [2026-04-05 10:35:51] INFO    etl.transform : ======================================================================
[2026-04-05T10:35:51.813+0000] {transform.py:97} INFO - ======================================================================
[2026-04-05T10:35:51.815+0000] {logging_mixin.py:188} WARNING - [2026-04-05 10:35:51] INFO    etl.transform : TRANSFORM HOÀN TẤT
[2026-04-05T10:35:51.815+0000] {transform.py:98} INFO - TRANSFORM HOÀN TẤT
[2026-04-05T10:35:51.817+0000] {logging_mixin.py:188} WARNING - [2026-04-05 10:35:51] INFO    etl.transform :    dim_giang_vien           :       45 records
[2026-04-05T10:35:51.817+0000] {transform.py:100} INFO -    dim_giang_vien           :       45 records
[2026-04-05T10:35:51.818+0000] {logging_mixin.py:188} WARNING - [2026-04-05 10:35:51] INFO    etl.transform :    dim_sinh_vien            :    1,695 records
[2026-04-05T10:35:51.818+0000] {transform.py:100} INFO -    dim_sinh_vien            :    1,695 records
[2026-04-05T10:35:51.820+0000] {logging_mixin.py:188} WARNING - [2026-04-05 10:35:51] INFO    etl.transform :    dim_hoc_phan             :      121 records
[2026-04-05T10:35:51.820+0000] {transform.py:100} INFO -    dim_hoc_phan             :      121 records
[2026-04-05T10:35:51.821+0000] {logging_mixin.py:188} WARNING - [2026-04-05 10:35:51] INFO    etl.transform :    dim_thoi_gian            :        9 records
[2026-04-05T10:35:51.821+0000] {transform.py:100} INFO -    dim_thoi_gian            :        9 records
[2026-04-05T10:35:51.823+0000] {logging_mixin.py:188} WARNING - [2026-04-05 10:35:51] INFO    etl.transform :    fact_diem                :   58,001 records
[2026-04-05T10:35:51.823+0000] {transform.py:100} INFO -    fact_diem                :   58,001 records
[2026-04-05T10:35:51.824+0000] {logging_mixin.py:188} WARNING - [2026-04-05 10:35:51] INFO    etl.transform :    fact_ren_luyen           :    9,238 records
[2026-04-05T10:35:51.824+0000] {transform.py:100} INFO -    fact_ren_luyen           :    9,238 records
[2026-04-05T10:35:51.826+0000] {logging_mixin.py:188} WARNING - [2026-04-05 10:35:51] INFO    etl.transform :    fact_tai_chinh           :    9,238 records
[2026-04-05T10:35:51.826+0000] {transform.py:100} INFO -    fact_tai_chinh           :    9,238 records
[2026-04-05T10:35:51.827+0000] {logging_mixin.py:188} WARNING - [2026-04-05 10:35:51] INFO    etl.transform : ======================================================================
[2026-04-05T10:35:51.827+0000] {transform.py:101} INFO - ======================================================================
[2026-04-05T10:35:51.850+0000] {logging_mixin.py:188} WARNING - [2026-04-05 10:35:51] INFO    utils.minio :   MinIO ↑ [staging-data] 2026-04-05_10-35/dim_hoc_ky.parquet (5.3 KB | 9 rows)
[2026-04-05T10:35:51.849+0000] {minio_client.py:142} INFO -   MinIO ↑ [staging-data] 2026-04-05_10-35/dim_hoc_ky.parquet (5.3 KB | 9 rows)
[2026-04-05T10:35:51.860+0000] {logging_mixin.py:188} WARNING - [2026-04-05 10:35:51] INFO    utils.minio :   MinIO ↑ [staging-data] 2026-04-05_10-35/dim_giang_vien.parquet (8.9 KB | 45 rows)
[2026-04-05T10:35:51.860+0000] {minio_client.py:142} INFO -   MinIO ↑ [staging-data] 2026-04-05_10-35/dim_giang_vien.parquet (8.9 KB | 45 rows)
[2026-04-05T10:35:51.872+0000] {logging_mixin.py:188} WARNING - [2026-04-05 10:35:51] INFO    utils.minio :   MinIO ↑ [staging-data] 2026-04-05_10-35/dim_hoc_phan.parquet (11.0 KB | 121 rows)
[2026-04-05T10:35:51.872+0000] {minio_client.py:142} INFO -   MinIO ↑ [staging-data] 2026-04-05_10-35/dim_hoc_phan.parquet (11.0 KB | 121 rows)
[2026-04-05T10:35:51.896+0000] {logging_mixin.py:188} WARNING - [2026-04-05 10:35:51] INFO    utils.minio :   MinIO ↑ [staging-data] 2026-04-05_10-35/dim_sinh_vien.parquet (72.9 KB | 1,695 rows)
[2026-04-05T10:35:51.895+0000] {minio_client.py:142} INFO -   MinIO ↑ [staging-data] 2026-04-05_10-35/dim_sinh_vien.parquet (72.9 KB | 1,695 rows)
[2026-04-05T10:35:51.968+0000] {logging_mixin.py:188} WARNING - [2026-04-05 10:35:51] INFO    utils.minio :   MinIO ↑ [staging-data] 2026-04-05_10-35/fact_diem.parquet (908.9 KB | 58,001 rows)
[2026-04-05T10:35:51.968+0000] {minio_client.py:142} INFO -   MinIO ↑ [staging-data] 2026-04-05_10-35/fact_diem.parquet (908.9 KB | 58,001 rows)
[2026-04-05T10:35:51.989+0000] {logging_mixin.py:188} WARNING - [2026-04-05 10:35:51] INFO    utils.minio :   MinIO ↑ [staging-data] 2026-04-05_10-35/fact_ren_luyen.parquet (39.7 KB | 9,238 rows)
[2026-04-05T10:35:51.989+0000] {minio_client.py:142} INFO -   MinIO ↑ [staging-data] 2026-04-05_10-35/fact_ren_luyen.parquet (39.7 KB | 9,238 rows)
[2026-04-05T10:35:52.008+0000] {logging_mixin.py:188} WARNING - [2026-04-05 10:35:52] INFO    utils.minio :   MinIO ↑ [staging-data] 2026-04-05_10-35/fact_tai_chinh.parquet (66.6 KB | 9,238 rows)
[2026-04-05T10:35:52.008+0000] {minio_client.py:142} INFO -   MinIO ↑ [staging-data] 2026-04-05_10-35/fact_tai_chinh.parquet (66.6 KB | 9,238 rows)
[2026-04-05T10:35:52.010+0000] {logging_mixin.py:188} WARNING - [2026-04-05 10:35:52] INFO    etl.transform :   MinIO staging-data: 7/7 files OK → run_id=2026-04-05_10-35
[2026-04-05T10:35:52.010+0000] {transform.py:133} INFO -   MinIO staging-data: 7/7 files OK → run_id=2026-04-05_10-35
[2026-04-05T10:35:52.048+0000] {logging_mixin.py:188} INFO - Transform xong: {'dim_giang_vien': 45, 'dim_sinh_vien': 1695, 'dim_hoc_phan': 121, 'dim_thoi_gian': 9, 'fact_diem': 58001, 'fact_ren_luyen': 9238, 'fact_tai_chinh': 9238}
[2026-04-05T10:35:52.051+0000] {python.py:201} INFO - Done. Returned value was: {'dim_giang_vien': 45, 'dim_sinh_vien': 1695, 'dim_hoc_phan': 121, 'dim_thoi_gian': 9, 'fact_diem': 58001, 'fact_ren_luyen': 9238, 'fact_tai_chinh': 9238}
[2026-04-05T10:35:52.085+0000] {taskinstance.py:1138} INFO - Marking task as SUCCESS. dag_id=daily_student_pipeline, task_id=transform_data, execution_date=20260405T103534, start_date=20260405T103550, end_date=20260405T103552
[2026-04-05T10:35:52.123+0000] {local_task_job_runner.py:234} INFO - Task exited with return code 0
[2026-04-05T10:35:52.152+0000] {taskinstance.py:3280} INFO - 1 downstream tasks scheduled from follow-on schedule check
