[2026-04-05T16:36:31.120+0000] {taskinstance.py:1956} INFO - Dependencies all met for dep_context=non-requeueable deps ti=<TaskInstance: daily_student_pipeline.transform_data manual__2026-04-05T16:36:11.501176+00:00 [queued]>
[2026-04-05T16:36:31.130+0000] {taskinstance.py:1956} INFO - Dependencies all met for dep_context=requeueable deps ti=<TaskInstance: daily_student_pipeline.transform_data manual__2026-04-05T16:36:11.501176+00:00 [queued]>
[2026-04-05T16:36:31.131+0000] {taskinstance.py:2170} INFO - Starting attempt 1 of 1
[2026-04-05T16:36:31.147+0000] {taskinstance.py:2191} INFO - Executing <Task(PythonOperator): transform_data> on 2026-04-05 16:36:11.501176+00:00
[2026-04-05T16:36:31.152+0000] {standard_task_runner.py:60} INFO - Started process 28474 to run task
[2026-04-05T16:36:31.155+0000] {standard_task_runner.py:87} INFO - Running: ['***', 'tasks', 'run', 'daily_student_pipeline', 'transform_data', 'manual__2026-04-05T16:36:11.501176+00:00', '--job-id', '251', '--raw', '--subdir', 'DAGS_FOLDER/daily_student_pipeline.py', '--cfg-path', '/tmp/tmp4jq9tp4u']
[2026-04-05T16:36:31.158+0000] {standard_task_runner.py:88} INFO - Job 251: Subtask transform_data
[2026-04-05T16:36:31.235+0000] {task_command.py:423} INFO - Running <TaskInstance: daily_student_pipeline.transform_data manual__2026-04-05T16:36:11.501176+00:00 [running]> on host 1c62953c8918
[2026-04-05T16:36:31.327+0000] {taskinstance.py:2480} INFO - Exporting env vars: AIRFLOW_CTX_DAG_OWNER='nhom8' AIRFLOW_CTX_DAG_ID='daily_student_pipeline' AIRFLOW_CTX_TASK_ID='transform_data' AIRFLOW_CTX_EXECUTION_DATE='2026-04-05T16:36:11.501176+00:00' AIRFLOW_CTX_TRY_NUMBER='1' AIRFLOW_CTX_DAG_RUN_ID='manual__2026-04-05T16:36:11.501176+00:00'
[2026-04-05T16:36:32.095+0000] {logging_mixin.py:188} WARNING - [2026-04-05 16:36:32] INFO    etl.extract :   Load from MinIO staging: run_id=2026-04-05_16-36
[2026-04-05T16:36:32.095+0000] {extract.py:352} INFO -   Load from MinIO staging: run_id=2026-04-05_16-36
[2026-04-05T16:36:32.131+0000] {logging_mixin.py:188} WARNING - [2026-04-05 16:36:32] INFO    utils.minio :   MinIO ↓ [raw-data] 2026-04-05_16-36/nguon1_khoa.parquet (4 rows)
[2026-04-05T16:36:32.131+0000] {minio_client.py:223} INFO -   MinIO ↓ [raw-data] 2026-04-05_16-36/nguon1_khoa.parquet (4 rows)
[2026-04-05T16:36:32.144+0000] {logging_mixin.py:188} WARNING - [2026-04-05 16:36:32] INFO    utils.minio :   MinIO ↓ [raw-data] 2026-04-05_16-36/nguon1_nganh.parquet (3 rows)
[2026-04-05T16:36:32.144+0000] {minio_client.py:223} INFO -   MinIO ↓ [raw-data] 2026-04-05_16-36/nguon1_nganh.parquet (3 rows)
[2026-04-05T16:36:32.160+0000] {logging_mixin.py:188} WARNING - [2026-04-05 16:36:32] INFO    utils.minio :   MinIO ↓ [raw-data] 2026-04-05_16-36/nguon1_giang_vien.parquet (45 rows)
[2026-04-05T16:36:32.160+0000] {minio_client.py:223} INFO -   MinIO ↓ [raw-data] 2026-04-05_16-36/nguon1_giang_vien.parquet (45 rows)
[2026-04-05T16:36:32.174+0000] {logging_mixin.py:188} WARNING - [2026-04-05 16:36:32] INFO    utils.minio :   MinIO ↓ [raw-data] 2026-04-05_16-36/nguon1_lop_hanh_chinh.parquet (48 rows)
[2026-04-05T16:36:32.174+0000] {minio_client.py:223} INFO -   MinIO ↓ [raw-data] 2026-04-05_16-36/nguon1_lop_hanh_chinh.parquet (48 rows)
[2026-04-05T16:36:32.193+0000] {logging_mixin.py:188} WARNING - [2026-04-05 16:36:32] INFO    utils.minio :   MinIO ↓ [raw-data] 2026-04-05_16-36/nguon1_sinh_vien.parquet (1,695 rows)
[2026-04-05T16:36:32.193+0000] {minio_client.py:223} INFO -   MinIO ↓ [raw-data] 2026-04-05_16-36/nguon1_sinh_vien.parquet (1,695 rows)
[2026-04-05T16:36:32.210+0000] {logging_mixin.py:188} WARNING - [2026-04-05 16:36:32] INFO    utils.minio :   MinIO ↓ [raw-data] 2026-04-05_16-36/nguon1_hoc_phan.parquet (121 rows)
[2026-04-05T16:36:32.209+0000] {minio_client.py:223} INFO -   MinIO ↓ [raw-data] 2026-04-05_16-36/nguon1_hoc_phan.parquet (121 rows)
[2026-04-05T16:36:32.224+0000] {logging_mixin.py:188} WARNING - [2026-04-05 16:36:32] INFO    utils.minio :   MinIO ↓ [raw-data] 2026-04-05_16-36/nguon1_hoc_ky.parquet (9 rows)
[2026-04-05T16:36:32.223+0000] {minio_client.py:223} INFO -   MinIO ↓ [raw-data] 2026-04-05_16-36/nguon1_hoc_ky.parquet (9 rows)
[2026-04-05T16:36:32.248+0000] {logging_mixin.py:188} WARNING - [2026-04-05 16:36:32] INFO    utils.minio :   MinIO ↓ [raw-data] 2026-04-05_16-36/nguon1_dang_ky.parquet (58,001 rows)
[2026-04-05T16:36:32.248+0000] {minio_client.py:223} INFO -   MinIO ↓ [raw-data] 2026-04-05_16-36/nguon1_dang_ky.parquet (58,001 rows)
[2026-04-05T16:36:32.278+0000] {logging_mixin.py:188} WARNING - [2026-04-05 16:36:32] INFO    utils.minio :   MinIO ↓ [raw-data] 2026-04-05_16-36/nguon1_diem.parquet (58,001 rows)
[2026-04-05T16:36:32.278+0000] {minio_client.py:223} INFO -   MinIO ↓ [raw-data] 2026-04-05_16-36/nguon1_diem.parquet (58,001 rows)
[2026-04-05T16:36:32.293+0000] {logging_mixin.py:188} WARNING - [2026-04-05 16:36:32] INFO    utils.minio :   MinIO ↓ [raw-data] 2026-04-05_16-36/nguon1_tong_hop_ket_qua.parquet (1,695 rows)
[2026-04-05T16:36:32.293+0000] {minio_client.py:223} INFO -   MinIO ↓ [raw-data] 2026-04-05_16-36/nguon1_tong_hop_ket_qua.parquet (1,695 rows)
[2026-04-05T16:36:32.308+0000] {logging_mixin.py:188} WARNING - [2026-04-05 16:36:32] INFO    utils.minio :   MinIO ↓ [raw-data] 2026-04-05_16-36/nguon2_ctsv.parquet (9,238 rows)
[2026-04-05T16:36:32.308+0000] {minio_client.py:223} INFO -   MinIO ↓ [raw-data] 2026-04-05_16-36/nguon2_ctsv.parquet (9,238 rows)
[2026-04-05T16:36:32.322+0000] {logging_mixin.py:188} WARNING - [2026-04-05 16:36:32] INFO    utils.minio :   MinIO ↓ [raw-data] 2026-04-05_16-36/nguon3_tai_chinh.parquet (9,238 rows)
[2026-04-05T16:36:32.322+0000] {minio_client.py:223} INFO -   MinIO ↓ [raw-data] 2026-04-05_16-36/nguon3_tai_chinh.parquet (9,238 rows)
[2026-04-05T16:36:32.324+0000] {logging_mixin.py:188} WARNING - [2026-04-05 16:36:32] INFO    etl.extract :  Load from staging OK — run_id=2026-04-05_16-36
[2026-04-05T16:36:32.324+0000] {extract.py:369} INFO -  Load from staging OK — run_id=2026-04-05_16-36
[2026-04-05T16:36:32.326+0000] {logging_mixin.py:188} WARNING - [2026-04-05 16:36:32] INFO    etl.transform : ==BẮT ĐẦU TRANSFORM==
[2026-04-05T16:36:32.326+0000] {transform.py:75} INFO - ==BẮT ĐẦU TRANSFORM==
[2026-04-05T16:36:32.327+0000] {logging_mixin.py:188} WARNING - [2026-04-05 16:36:32] INFO    etl.transform : ======================================================================
[2026-04-05T16:36:32.327+0000] {transform.py:76} INFO - ======================================================================
[2026-04-05T16:36:32.330+0000] {logging_mixin.py:188} WARNING - [2026-04-05 16:36:32] INFO    etl.transform : ── Bước 1: Transform Dimension Tables ──
[2026-04-05T16:36:32.330+0000] {transform.py:80} INFO - ── Bước 1: Transform Dimension Tables ──
[2026-04-05T16:36:32.335+0000] {logging_mixin.py:188} WARNING - [2026-04-05 16:36:32] INFO    etl.transform :   dim_thoi_gian               →      9 records
[2026-04-05T16:36:32.335+0000] {transform.py:190} INFO -   dim_thoi_gian               →      9 records
[2026-04-05T16:36:32.340+0000] {logging_mixin.py:188} WARNING - [2026-04-05 16:36:32] INFO    etl.transform :   dim_giang_vien              →     45 records
[2026-04-05T16:36:32.340+0000] {transform.py:213} INFO -   dim_giang_vien              →     45 records
[2026-04-05T16:36:32.344+0000] {logging_mixin.py:188} WARNING - [2026-04-05 16:36:32] INFO    etl.transform :   dim_hoc_phan                →    121 records
[2026-04-05T16:36:32.343+0000] {transform.py:240} INFO -   dim_hoc_phan                →    121 records
[2026-04-05T16:36:32.358+0000] {logging_mixin.py:188} WARNING - [2026-04-05 16:36:32] INFO    etl.transform :   dim_sinh_vien               →  1,695 records
[2026-04-05T16:36:32.358+0000] {transform.py:306} INFO -   dim_sinh_vien               →  1,695 records
[2026-04-05T16:36:32.360+0000] {logging_mixin.py:188} WARNING - [2026-04-05 16:36:32] INFO    etl.transform : ── Bước 2: Transform Fact Tables ──
[2026-04-05T16:36:32.360+0000] {transform.py:96} INFO - ── Bước 2: Transform Fact Tables ──
[2026-04-05T16:36:32.381+0000] {logging_mixin.py:188} WARNING - [2026-04-05 16:36:32] INFO    etl.transform :   fact_diem | Tính lại điểm tổng kết cho 1160 bản ghi
[2026-04-05T16:36:32.381+0000] {transform.py:356} INFO -   fact_diem | Tính lại điểm tổng kết cho 1160 bản ghi
[2026-04-05T16:36:32.433+0000] {logging_mixin.py:188} WARNING - [2026-04-05 16:36:32] INFO    etl.transform :   fact_diem                   → 58,001 records
[2026-04-05T16:36:32.433+0000] {transform.py:376} INFO -   fact_diem                   → 58,001 records
[2026-04-05T16:36:32.478+0000] {logging_mixin.py:188} WARNING - [2026-04-05 16:36:32] INFO    etl.transform :   fact_dang_ky               → 58,001 records
[2026-04-05T16:36:32.478+0000] {transform.py:413} INFO -   fact_dang_ky               → 58,001 records
[2026-04-05T16:36:32.492+0000] {logging_mixin.py:188} WARNING - [2026-04-05 16:36:32] INFO    etl.transform :   fact_ren_luyen              →  9,238 records
[2026-04-05T16:36:32.492+0000] {transform.py:445} INFO -   fact_ren_luyen              →  9,238 records
[2026-04-05T16:36:32.507+0000] {logging_mixin.py:188} WARNING - [2026-04-05 16:36:32] INFO    etl.transform :   fact_tai_chinh              →  9,238 records
[2026-04-05T16:36:32.507+0000] {transform.py:473} INFO -   fact_tai_chinh              →  9,238 records
[2026-04-05T16:36:32.509+0000] {logging_mixin.py:188} WARNING - [2026-04-05 16:36:32] INFO    etl.transform : ======================================================================
[2026-04-05T16:36:32.509+0000] {transform.py:108} INFO - ======================================================================
[2026-04-05T16:36:32.510+0000] {logging_mixin.py:188} WARNING - [2026-04-05 16:36:32] INFO    etl.transform : TRANSFORM HOÀN TẤT
[2026-04-05T16:36:32.510+0000] {transform.py:109} INFO - TRANSFORM HOÀN TẤT
[2026-04-05T16:36:32.513+0000] {logging_mixin.py:188} WARNING - [2026-04-05 16:36:32] INFO    etl.transform :    dim_giang_vien           :       45 records
[2026-04-05T16:36:32.513+0000] {transform.py:111} INFO -    dim_giang_vien           :       45 records
[2026-04-05T16:36:32.516+0000] {logging_mixin.py:188} WARNING - [2026-04-05 16:36:32] INFO    etl.transform :    dim_sinh_vien            :    1,695 records
[2026-04-05T16:36:32.515+0000] {transform.py:111} INFO -    dim_sinh_vien            :    1,695 records
[2026-04-05T16:36:32.517+0000] {logging_mixin.py:188} WARNING - [2026-04-05 16:36:32] INFO    etl.transform :    dim_hoc_phan             :      121 records
[2026-04-05T16:36:32.517+0000] {transform.py:111} INFO -    dim_hoc_phan             :      121 records
[2026-04-05T16:36:32.519+0000] {logging_mixin.py:188} WARNING - [2026-04-05 16:36:32] INFO    etl.transform :    dim_thoi_gian            :        9 records
[2026-04-05T16:36:32.519+0000] {transform.py:111} INFO -    dim_thoi_gian            :        9 records
[2026-04-05T16:36:32.520+0000] {logging_mixin.py:188} WARNING - [2026-04-05 16:36:32] INFO    etl.transform :    fact_diem                :   58,001 records
[2026-04-05T16:36:32.520+0000] {transform.py:111} INFO -    fact_diem                :   58,001 records
[2026-04-05T16:36:32.522+0000] {logging_mixin.py:188} WARNING - [2026-04-05 16:36:32] INFO    etl.transform :    fact_dang_ky             :   58,001 records
[2026-04-05T16:36:32.522+0000] {transform.py:111} INFO -    fact_dang_ky             :   58,001 records
[2026-04-05T16:36:32.523+0000] {logging_mixin.py:188} WARNING - [2026-04-05 16:36:32] INFO    etl.transform :    fact_ren_luyen           :    9,238 records
[2026-04-05T16:36:32.523+0000] {transform.py:111} INFO -    fact_ren_luyen           :    9,238 records
[2026-04-05T16:36:32.524+0000] {logging_mixin.py:188} WARNING - [2026-04-05 16:36:32] INFO    etl.transform :    fact_tai_chinh           :    9,238 records
[2026-04-05T16:36:32.524+0000] {transform.py:111} INFO -    fact_tai_chinh           :    9,238 records
[2026-04-05T16:36:32.526+0000] {logging_mixin.py:188} WARNING - [2026-04-05 16:36:32] INFO    etl.transform : ======================================================================
[2026-04-05T16:36:32.526+0000] {transform.py:112} INFO - ======================================================================
[2026-04-05T16:36:32.557+0000] {logging_mixin.py:188} WARNING - [2026-04-05 16:36:32] INFO    utils.minio :   MinIO ↑ [staging-data] 2026-04-05_16-36/dim_hoc_ky.parquet (5.3 KB | 9 rows)
[2026-04-05T16:36:32.557+0000] {minio_client.py:142} INFO -   MinIO ↑ [staging-data] 2026-04-05_16-36/dim_hoc_ky.parquet (5.3 KB | 9 rows)
[2026-04-05T16:36:32.570+0000] {logging_mixin.py:188} WARNING - [2026-04-05 16:36:32] INFO    utils.minio :   MinIO ↑ [staging-data] 2026-04-05_16-36/dim_giang_vien.parquet (8.9 KB | 45 rows)
[2026-04-05T16:36:32.570+0000] {minio_client.py:142} INFO -   MinIO ↑ [staging-data] 2026-04-05_16-36/dim_giang_vien.parquet (8.9 KB | 45 rows)
[2026-04-05T16:36:32.585+0000] {logging_mixin.py:188} WARNING - [2026-04-05 16:36:32] INFO    utils.minio :   MinIO ↑ [staging-data] 2026-04-05_16-36/dim_hoc_phan.parquet (11.0 KB | 121 rows)
[2026-04-05T16:36:32.585+0000] {minio_client.py:142} INFO -   MinIO ↑ [staging-data] 2026-04-05_16-36/dim_hoc_phan.parquet (11.0 KB | 121 rows)
[2026-04-05T16:36:32.605+0000] {logging_mixin.py:188} WARNING - [2026-04-05 16:36:32] INFO    utils.minio :   MinIO ↑ [staging-data] 2026-04-05_16-36/dim_sinh_vien.parquet (72.9 KB | 1,695 rows)
[2026-04-05T16:36:32.605+0000] {minio_client.py:142} INFO -   MinIO ↑ [staging-data] 2026-04-05_16-36/dim_sinh_vien.parquet (72.9 KB | 1,695 rows)
[2026-04-05T16:36:32.689+0000] {logging_mixin.py:188} WARNING - [2026-04-05 16:36:32] INFO    utils.minio :   MinIO ↑ [staging-data] 2026-04-05_16-36/fact_diem.parquet (908.9 KB | 58,001 rows)
[2026-04-05T16:36:32.689+0000] {minio_client.py:142} INFO -   MinIO ↑ [staging-data] 2026-04-05_16-36/fact_diem.parquet (908.9 KB | 58,001 rows)
[2026-04-05T16:36:32.739+0000] {logging_mixin.py:188} WARNING - [2026-04-05 16:36:32] INFO    utils.minio :   MinIO ↑ [staging-data] 2026-04-05_16-36/fact_dang_ky.parquet (493.4 KB | 58,001 rows)
[2026-04-05T16:36:32.739+0000] {minio_client.py:142} INFO -   MinIO ↑ [staging-data] 2026-04-05_16-36/fact_dang_ky.parquet (493.4 KB | 58,001 rows)
[2026-04-05T16:36:32.763+0000] {logging_mixin.py:188} WARNING - [2026-04-05 16:36:32] INFO    utils.minio :   MinIO ↑ [staging-data] 2026-04-05_16-36/fact_ren_luyen.parquet (39.7 KB | 9,238 rows)
[2026-04-05T16:36:32.763+0000] {minio_client.py:142} INFO -   MinIO ↑ [staging-data] 2026-04-05_16-36/fact_ren_luyen.parquet (39.7 KB | 9,238 rows)
[2026-04-05T16:36:32.783+0000] {logging_mixin.py:188} WARNING - [2026-04-05 16:36:32] INFO    utils.minio :   MinIO ↑ [staging-data] 2026-04-05_16-36/fact_tai_chinh.parquet (66.6 KB | 9,238 rows)
[2026-04-05T16:36:32.783+0000] {minio_client.py:142} INFO -   MinIO ↑ [staging-data] 2026-04-05_16-36/fact_tai_chinh.parquet (66.6 KB | 9,238 rows)
[2026-04-05T16:36:32.784+0000] {logging_mixin.py:188} WARNING - [2026-04-05 16:36:32] INFO    etl.transform :   MinIO staging-data: 8/8 files OK → run_id=2026-04-05_16-36
[2026-04-05T16:36:32.784+0000] {transform.py:141} INFO -   MinIO staging-data: 8/8 files OK → run_id=2026-04-05_16-36
[2026-04-05T16:36:32.816+0000] {logging_mixin.py:188} INFO - Transform xong: {'dim_giang_vien': 45, 'dim_sinh_vien': 1695, 'dim_hoc_phan': 121, 'dim_thoi_gian': 9, 'fact_diem': 58001, 'fact_dang_ky': 58001, 'fact_ren_luyen': 9238, 'fact_tai_chinh': 9238}
[2026-04-05T16:36:32.820+0000] {python.py:201} INFO - Done. Returned value was: {'dim_giang_vien': 45, 'dim_sinh_vien': 1695, 'dim_hoc_phan': 121, 'dim_thoi_gian': 9, 'fact_diem': 58001, 'fact_dang_ky': 58001, 'fact_ren_luyen': 9238, 'fact_tai_chinh': 9238}
[2026-04-05T16:36:32.847+0000] {taskinstance.py:1138} INFO - Marking task as SUCCESS. dag_id=daily_student_pipeline, task_id=transform_data, execution_date=20260405T163611, start_date=20260405T163631, end_date=20260405T163632
[2026-04-05T16:36:32.897+0000] {local_task_job_runner.py:234} INFO - Task exited with return code 0
[2026-04-05T16:36:32.923+0000] {taskinstance.py:3280} INFO - 1 downstream tasks scheduled from follow-on schedule check
