[2026-03-26T10:08:55.765+0000] {taskinstance.py:1956} INFO - Dependencies all met for dep_context=non-requeueable deps ti=<TaskInstance: daily_student_pipeline.extract_data manual__2026-03-26T10:08:55.112486+00:00 [queued]>
[2026-03-26T10:08:55.775+0000] {taskinstance.py:1956} INFO - Dependencies all met for dep_context=requeueable deps ti=<TaskInstance: daily_student_pipeline.extract_data manual__2026-03-26T10:08:55.112486+00:00 [queued]>
[2026-03-26T10:08:55.776+0000] {taskinstance.py:2170} INFO - Starting attempt 1 of 1
[2026-03-26T10:08:55.792+0000] {taskinstance.py:2191} INFO - Executing <Task(PythonOperator): extract_data> on 2026-03-26 10:08:55.112486+00:00
[2026-03-26T10:08:55.796+0000] {standard_task_runner.py:60} INFO - Started process 251 to run task
[2026-03-26T10:08:55.800+0000] {standard_task_runner.py:87} INFO - Running: ['***', 'tasks', 'run', 'daily_student_pipeline', 'extract_data', 'manual__2026-03-26T10:08:55.112486+00:00', '--job-id', '78', '--raw', '--subdir', 'DAGS_FOLDER/daily_student_pipeline.py', '--cfg-path', '/tmp/tmpol925q_r']
[2026-03-26T10:08:55.803+0000] {standard_task_runner.py:88} INFO - Job 78: Subtask extract_data
[2026-03-26T10:08:55.891+0000] {task_command.py:423} INFO - Running <TaskInstance: daily_student_pipeline.extract_data manual__2026-03-26T10:08:55.112486+00:00 [running]> on host 7bc7a31d446a
[2026-03-26T10:08:55.997+0000] {taskinstance.py:2480} INFO - Exporting env vars: AIRFLOW_CTX_DAG_OWNER='nhom8' AIRFLOW_CTX_DAG_ID='daily_student_pipeline' AIRFLOW_CTX_TASK_ID='extract_data' AIRFLOW_CTX_EXECUTION_DATE='2026-03-26T10:08:55.112486+00:00' AIRFLOW_CTX_TRY_NUMBER='1' AIRFLOW_CTX_DAG_RUN_ID='manual__2026-03-26T10:08:55.112486+00:00'
[2026-03-26T10:08:57.030+0000] {taskinstance.py:2698} ERROR - Task failed with exception
Traceback (most recent call last):
  File "/home/airflow/.local/lib/python3.11/site-packages/airflow/models/taskinstance.py", line 433, in _execute_task
    result = execute_callable(context=context, **execute_callable_kwargs)
             ^^^^^^^^^^^^^^^^^^^^^^^^^^^^^^^^^^^^^^^^^^^^^^^^^^^^^^^^^^^^
  File "/home/airflow/.local/lib/python3.11/site-packages/airflow/operators/python.py", line 199, in execute
    return_value = self.execute_callable()
                   ^^^^^^^^^^^^^^^^^^^^^^^
  File "/home/airflow/.local/lib/python3.11/site-packages/airflow/operators/python.py", line 216, in execute_callable
    return self.python_callable(*self.op_args, **self.op_kwargs)
           ^^^^^^^^^^^^^^^^^^^^^^^^^^^^^^^^^^^^^^^^^^^^^^^^^^^^^
  File "/opt/airflow/dags/daily_student_pipeline.py", line 25, in task_extract
    from src.etl.extract import DataExtractor
  File "/opt/airflow/src/etl/extract.py", line 29, in <module>
    from src.utils.minio_client import MinIOClient
  File "/opt/airflow/src/utils/minio_client.py", line 2
    minio_client.py — Utility upload/download staging data qua MinIO
                    ^
SyntaxError: invalid character '—' (U+2014)
[2026-03-26T10:08:57.052+0000] {taskinstance.py:1138} INFO - Marking task as FAILED. dag_id=daily_student_pipeline, task_id=extract_data, execution_date=20260326T100855, start_date=20260326T100855, end_date=20260326T100857
[2026-03-26T10:08:57.065+0000] {standard_task_runner.py:107} ERROR - Failed to execute job 78 for task extract_data (invalid character '—' (U+2014) (minio_client.py, line 2); 251)
[2026-03-26T10:08:57.095+0000] {local_task_job_runner.py:234} INFO - Task exited with return code 1
[2026-03-26T10:08:57.119+0000] {taskinstance.py:3280} INFO - 0 downstream tasks scheduled from follow-on schedule check
