[2026-04-21T06:43:08.827+0000] {taskinstance.py:1956} INFO - Dependencies all met for dep_context=non-requeueable deps ti=<TaskInstance: daily_student_pipeline.load_data manual__2026-04-21T06:42:58.085861+00:00 [queued]>
[2026-04-21T06:43:08.835+0000] {taskinstance.py:1956} INFO - Dependencies all met for dep_context=requeueable deps ti=<TaskInstance: daily_student_pipeline.load_data manual__2026-04-21T06:42:58.085861+00:00 [queued]>
[2026-04-21T06:43:08.836+0000] {taskinstance.py:2170} INFO - Starting attempt 1 of 1
[2026-04-21T06:43:08.849+0000] {taskinstance.py:2191} INFO - Executing <Task(PythonOperator): load_data> on 2026-04-21 06:42:58.085861+00:00
[2026-04-21T06:43:08.854+0000] {standard_task_runner.py:60} INFO - Started process 2636 to run task
[2026-04-21T06:43:08.856+0000] {standard_task_runner.py:87} INFO - Running: ['***', 'tasks', 'run', 'daily_student_pipeline', 'load_data', 'manual__2026-04-21T06:42:58.085861+00:00', '--job-id', '445', '--raw', '--subdir', 'DAGS_FOLDER/daily_student_pipeline.py', '--cfg-path', '/tmp/tmpc9dq5ws8']
[2026-04-21T06:43:08.858+0000] {standard_task_runner.py:88} INFO - Job 445: Subtask load_data
[2026-04-21T06:43:08.920+0000] {task_command.py:423} INFO - Running <TaskInstance: daily_student_pipeline.load_data manual__2026-04-21T06:42:58.085861+00:00 [running]> on host 759b8b5e27b5
[2026-04-21T06:43:09.001+0000] {taskinstance.py:2480} INFO - Exporting env vars: AIRFLOW_CTX_DAG_OWNER='nhom8' AIRFLOW_CTX_DAG_ID='daily_student_pipeline' AIRFLOW_CTX_TASK_ID='load_data' AIRFLOW_CTX_EXECUTION_DATE='2026-04-21T06:42:58.085861+00:00' AIRFLOW_CTX_TRY_NUMBER='1' AIRFLOW_CTX_DAG_RUN_ID='manual__2026-04-21T06:42:58.085861+00:00'
[2026-04-21T06:43:09.587+0000] {logging_mixin.py:188} WARNING - [2026-04-21 06:43:09] INFO    etl.transform :   Load TransformedData từ MinIO staging: run_id=2026-04-21_06-43
[2026-04-21T06:43:09.587+0000] {transform.py:159} INFO -   Load TransformedData từ MinIO staging: run_id=2026-04-21_06-43
[2026-04-21T06:43:09.621+0000] {logging_mixin.py:188} WARNING - [2026-04-21 06:43:09] INFO    utils.minio :   MinIO ↓ [staging-data] 2026-04-21_06-43/dim_hoc_ky.parquet (13 rows)
[2026-04-21T06:43:09.620+0000] {minio_client.py:223} INFO -   MinIO ↓ [staging-data] 2026-04-21_06-43/dim_hoc_ky.parquet (13 rows)
[2026-04-21T06:43:09.636+0000] {logging_mixin.py:188} WARNING - [2026-04-21 06:43:09] INFO    utils.minio :   MinIO ↓ [staging-data] 2026-04-21_06-43/dim_giang_vien.parquet (45 rows)
[2026-04-21T06:43:09.636+0000] {minio_client.py:223} INFO -   MinIO ↓ [staging-data] 2026-04-21_06-43/dim_giang_vien.parquet (45 rows)
[2026-04-21T06:43:09.650+0000] {logging_mixin.py:188} WARNING - [2026-04-21 06:43:09] INFO    utils.minio :   MinIO ↓ [staging-data] 2026-04-21_06-43/dim_hoc_phan.parquet (121 rows)
[2026-04-21T06:43:09.650+0000] {minio_client.py:223} INFO -   MinIO ↓ [staging-data] 2026-04-21_06-43/dim_hoc_phan.parquet (121 rows)
[2026-04-21T06:43:09.665+0000] {logging_mixin.py:188} WARNING - [2026-04-21 06:43:09] INFO    utils.minio :   MinIO ↓ [staging-data] 2026-04-21_06-43/dim_sinh_vien.parquet (1,695 rows)
[2026-04-21T06:43:09.665+0000] {minio_client.py:223} INFO -   MinIO ↓ [staging-data] 2026-04-21_06-43/dim_sinh_vien.parquet (1,695 rows)
[2026-04-21T06:43:09.686+0000] {logging_mixin.py:188} WARNING - [2026-04-21 06:43:09] INFO    utils.minio :   MinIO ↓ [staging-data] 2026-04-21_06-43/fact_diem.parquet (54,640 rows)
[2026-04-21T06:43:09.686+0000] {minio_client.py:223} INFO -   MinIO ↓ [staging-data] 2026-04-21_06-43/fact_diem.parquet (54,640 rows)
[2026-04-21T06:43:09.703+0000] {logging_mixin.py:188} WARNING - [2026-04-21 06:43:09] INFO    utils.minio :   MinIO ↓ [staging-data] 2026-04-21_06-43/fact_dang_ky.parquet (55,125 rows)
[2026-04-21T06:43:09.703+0000] {minio_client.py:223} INFO -   MinIO ↓ [staging-data] 2026-04-21_06-43/fact_dang_ky.parquet (55,125 rows)
[2026-04-21T06:43:09.714+0000] {logging_mixin.py:188} WARNING - [2026-04-21 06:43:09] INFO    utils.minio :   MinIO ↓ [staging-data] 2026-04-21_06-43/fact_ren_luyen.parquet (9,475 rows)
[2026-04-21T06:43:09.714+0000] {minio_client.py:223} INFO -   MinIO ↓ [staging-data] 2026-04-21_06-43/fact_ren_luyen.parquet (9,475 rows)
[2026-04-21T06:43:09.723+0000] {logging_mixin.py:188} WARNING - [2026-04-21 06:43:09] INFO    utils.minio :   MinIO ↓ [staging-data] 2026-04-21_06-43/fact_tai_chinh.parquet (9,182 rows)
[2026-04-21T06:43:09.723+0000] {minio_client.py:223} INFO -   MinIO ↓ [staging-data] 2026-04-21_06-43/fact_tai_chinh.parquet (9,182 rows)
[2026-04-21T06:43:09.724+0000] {logging_mixin.py:188} WARNING - [2026-04-21 06:43:09] INFO    etl.transform : Load from staging-data OK — run_id=2026-04-21_06-43
[2026-04-21T06:43:09.724+0000] {transform.py:172} INFO - Load from staging-data OK — run_id=2026-04-21_06-43
[2026-04-21T06:43:09.725+0000] {logging_mixin.py:188} WARNING - [2026-04-21 06:43:09] INFO    etl.load : ==BẮT ĐẦU LOAD VÀO DATA WAREHOUSE==
[2026-04-21T06:43:09.725+0000] {load.py:51} INFO - ==BẮT ĐẦU LOAD VÀO DATA WAREHOUSE==
[2026-04-21T06:43:09.726+0000] {logging_mixin.py:188} WARNING - [2026-04-21 06:43:09] INFO    etl.load : ======================================================================
[2026-04-21T06:43:09.726+0000] {load.py:52} INFO - ======================================================================
[2026-04-21T06:43:09.727+0000] {logging_mixin.py:188} WARNING - [2026-04-21 06:43:09] INFO    etl.load : Tạo schema warehouse từ warehouse_models.py...
[2026-04-21T06:43:09.727+0000] {load.py:121} INFO - Tạo schema warehouse từ warehouse_models.py...
[2026-04-21T06:43:09.743+0000] {logging_mixin.py:188} WARNING - [2026-04-21 06:43:09] INFO    etl.load :   Schema warehouse OK
[2026-04-21T06:43:09.743+0000] {load.py:123} INFO -   Schema warehouse OK
[2026-04-21T06:43:09.744+0000] {logging_mixin.py:188} WARNING - [2026-04-21 06:43:09] INFO    etl.load : ── Bước 1: Load Dimension Tables ──
[2026-04-21T06:43:09.744+0000] {load.py:57} INFO - ── Bước 1: Load Dimension Tables ──
[2026-04-21T06:43:09.767+0000] {logging_mixin.py:188} WARNING - [2026-04-21 06:43:09] INFO    etl.load :   dim_hoc_ky     →     13 records (new: 0)
[2026-04-21T06:43:09.767+0000] {load.py:212} INFO -   dim_hoc_ky     →     13 records (new: 0)
[2026-04-21T06:43:09.794+0000] {logging_mixin.py:188} WARNING - [2026-04-21 06:43:09] INFO    etl.load :   dim_giang_vien →     45 records (new: 0)
[2026-04-21T06:43:09.794+0000] {load.py:262} INFO -   dim_giang_vien →     45 records (new: 0)
[2026-04-21T06:43:09.862+0000] {logging_mixin.py:188} WARNING - [2026-04-21 06:43:09] INFO    etl.load :   dim_hoc_phan   →    121 records (new: 0)
[2026-04-21T06:43:09.862+0000] {load.py:310} INFO -   dim_hoc_phan   →    121 records (new: 0)
[2026-04-21T06:43:10.988+0000] {logging_mixin.py:188} WARNING - [2026-04-21 06:43:10] INFO    etl.load :   dim_sinh_vien →  1,695 records (new: 0, SCD2: 0, fact cascade: 0)
[2026-04-21T06:43:10.988+0000] {load.py:419} INFO -   dim_sinh_vien →  1,695 records (new: 0, SCD2: 0, fact cascade: 0)
[2026-04-21T06:43:10.990+0000] {logging_mixin.py:188} WARNING - [2026-04-21 06:43:10] INFO    etl.load : ── Bước 2: Build Surrogate Key Cache ──
[2026-04-21T06:43:10.990+0000] {load.py:63} INFO - ── Bước 2: Build Surrogate Key Cache ──
[2026-04-21T06:43:10.992+0000] {logging_mixin.py:188} WARNING - [2026-04-21 06:43:10] INFO    etl.load : Building surrogate key caches...
[2026-04-21T06:43:10.992+0000] {load.py:126} INFO - Building surrogate key caches...
[2026-04-21T06:43:11.002+0000] {logging_mixin.py:188} WARNING - [2026-04-21 06:43:11] INFO    etl.load :   SV=1695, HP=121, GV=45, HK=13
[2026-04-21T06:43:11.002+0000] {load.py:154} INFO -   SV=1695, HP=121, GV=45, HK=13
[2026-04-21T06:43:11.003+0000] {logging_mixin.py:188} WARNING - [2026-04-21 06:43:11] INFO    etl.load : ── Bước 3: Load Fact Tables ──
[2026-04-21T06:43:11.003+0000] {load.py:66} INFO - ── Bước 3: Load Fact Tables ──
[2026-04-21T06:43:26.148+0000] {logging_mixin.py:188} WARNING - [2026-04-21 06:43:26] INFO    etl.load :   fact_hoc_tap   → 54,640 records (upserted)
[2026-04-21T06:43:26.147+0000] {load.py:569} INFO -   fact_hoc_tap   → 54,640 records (upserted)
[2026-04-21T06:43:35.171+0000] {logging_mixin.py:188} WARNING - [2026-04-21 06:43:35] INFO    etl.load :   fact_dang_ky   → 55,125 records (upserted)
[2026-04-21T06:43:35.170+0000] {load.py:641} INFO -   fact_dang_ky   → 55,125 records (upserted)
[2026-04-21T06:43:35.180+0000] {logging_mixin.py:188} WARNING - [2026-04-21 06:43:35] WARNING etl.load :   fact_ctsv | [DEDUP Tầng 1 - DataFrame] Loại bỏ 292 bản ghi trùng (9475 → 9183)
[2026-04-21T06:43:35.180+0000] {load.py:689} WARNING -   fact_ctsv | [DEDUP Tầng 1 - DataFrame] Loại bỏ 292 bản ghi trùng (9475 → 9183)
[2026-04-21T06:43:37.229+0000] {logging_mixin.py:188} WARNING - [2026-04-21 06:43:37] INFO    etl.load :   fact_ctsv | Tiến độ: 2/2 batches (9,179/9,179 records)
[2026-04-21T06:43:37.229+0000] {load.py:842} INFO -   fact_ctsv | Tiến độ: 2/2 batches (9,179/9,179 records)
[2026-04-21T06:43:37.231+0000] {logging_mixin.py:188} WARNING - [2026-04-21 06:43:37] INFO    etl.load :   fact_ctsv      → 9,179 records (upserted) | Đã loại: 292 duplicates
[2026-04-21T06:43:37.231+0000] {load.py:850} INFO -   fact_ctsv      → 9,179 records (upserted) | Đã loại: 292 duplicates
[2026-04-21T06:43:37.237+0000] {logging_mixin.py:188} INFO - ============================================================
[2026-04-21T06:43:37.237+0000] {logging_mixin.py:188} INFO - LOAD FAILED — Chi tiết lỗi:
[2026-04-21T06:43:37.246+0000] {logging_mixin.py:188} INFO - Traceback (most recent call last):
  File "/opt/***/dags/daily_student_pipeline.py", line 177, in task_load
    stats = loader.load_all(transformed)
            ^^^^^^^^^^^^^^^^^^^^^^^^^^^^
  File "/opt/***/src/etl/load.py", line 71, in load_all
    stats["fact_tai_chinh"] = self._load_fact_tai_chinh(data.fact_tai_chinh)
                              ^^^^^^^^^^^^^^^^^^^^^^^^^
AttributeError: 'DataLoader' object has no attribute '_load_fact_tai_chinh'
[2026-04-21T06:43:37.247+0000] {logging_mixin.py:188} INFO - ============================================================
[2026-04-21T06:43:37.247+0000] {taskinstance.py:2698} ERROR - Task failed with exception
Traceback (most recent call last):
  File "/home/airflow/.local/lib/python3.11/site-packages/airflow/models/taskinstance.py", line 433, in _execute_task
    result = execute_callable(context=context, **execute_callable_kwargs)
             ^^^^^^^^^^^^^^^^^^^^^^^^^^^^^^^^^^^^^^^^^^^^^^^^^^^^^^^^^^^^
  File "/home/airflow/.local/lib/python3.11/site-packages/airflow/operators/python.py", line 199, in execute
    return_value = self.execute_callable()
                   ^^^^^^^^^^^^^^^^^^^^^^^
  File "/home/airflow/.local/lib/python3.11/site-packages/airflow/operators/python.py", line 216, in execute_callable
    return self.python_callable(*self.op_args, **self.op_kwargs)
           ^^^^^^^^^^^^^^^^^^^^^^^^^^^^^^^^^^^^^^^^^^^^^^^^^^^^^
  File "/opt/airflow/dags/daily_student_pipeline.py", line 177, in task_load
    stats = loader.load_all(transformed)
            ^^^^^^^^^^^^^^^^^^^^^^^^^^^^
  File "/opt/airflow/src/etl/load.py", line 71, in load_all
    stats["fact_tai_chinh"] = self._load_fact_tai_chinh(data.fact_tai_chinh)
                              ^^^^^^^^^^^^^^^^^^^^^^^^^
AttributeError: 'DataLoader' object has no attribute '_load_fact_tai_chinh'
[2026-04-21T06:43:37.260+0000] {taskinstance.py:1138} INFO - Marking task as FAILED. dag_id=daily_student_pipeline, task_id=load_data, execution_date=20260421T064258, start_date=20260421T064308, end_date=20260421T064337
[2026-04-21T06:43:37.274+0000] {standard_task_runner.py:107} ERROR - Failed to execute job 445 for task load_data ('DataLoader' object has no attribute '_load_fact_tai_chinh'; 2636)
[2026-04-21T06:43:37.314+0000] {local_task_job_runner.py:234} INFO - Task exited with return code 1
[2026-04-21T06:43:37.338+0000] {taskinstance.py:3280} INFO - 0 downstream tasks scheduled from follow-on schedule check
