[2026-04-04T07:00:59.857+0000] {taskinstance.py:1956} INFO - Dependencies all met for dep_context=non-requeueable deps ti=<TaskInstance: daily_student_pipeline.transform_data manual__2026-04-04T07:00:58.303343+00:00 [queued]>
[2026-04-04T07:00:59.878+0000] {taskinstance.py:1956} INFO - Dependencies all met for dep_context=requeueable deps ti=<TaskInstance: daily_student_pipeline.transform_data manual__2026-04-04T07:00:58.303343+00:00 [queued]>
[2026-04-04T07:00:59.879+0000] {taskinstance.py:2170} INFO - Starting attempt 1 of 1
[2026-04-04T07:00:59.911+0000] {taskinstance.py:2191} INFO - Executing <Task(PythonOperator): transform_data> on 2026-04-04 07:00:58.303343+00:00
[2026-04-04T07:00:59.920+0000] {standard_task_runner.py:60} INFO - Started process 368 to run task
[2026-04-04T07:00:59.931+0000] {standard_task_runner.py:87} INFO - Running: ['***', 'tasks', 'run', 'daily_student_pipeline', 'transform_data', 'manual__2026-04-04T07:00:58.303343+00:00', '--job-id', '171', '--raw', '--subdir', 'DAGS_FOLDER/daily_student_pipeline.py', '--cfg-path', '/tmp/tmpjbxc2632']
[2026-04-04T07:00:59.938+0000] {standard_task_runner.py:88} INFO - Job 171: Subtask transform_data
[2026-04-04T07:01:00.115+0000] {task_command.py:423} INFO - Running <TaskInstance: daily_student_pipeline.transform_data manual__2026-04-04T07:00:58.303343+00:00 [running]> on host 1c62953c8918
[2026-04-04T07:01:00.274+0000] {taskinstance.py:2480} INFO - Exporting env vars: AIRFLOW_CTX_DAG_OWNER='nhom8' AIRFLOW_CTX_DAG_ID='daily_student_pipeline' AIRFLOW_CTX_TASK_ID='transform_data' AIRFLOW_CTX_EXECUTION_DATE='2026-04-04T07:00:58.303343+00:00' AIRFLOW_CTX_TRY_NUMBER='1' AIRFLOW_CTX_DAG_RUN_ID='manual__2026-04-04T07:00:58.303343+00:00'
[2026-04-04T07:01:04.807+0000] {logging_mixin.py:188} WARNING - [2026-04-04 07:01:04] INFO    utils.minio :   MinIO run mới nhất: 2026-04-04_06-35
[2026-04-04T07:01:04.807+0000] {minio_client.py:283} INFO -   MinIO run mới nhất: 2026-04-04_06-35
[2026-04-04T07:01:04.809+0000] {logging_mixin.py:188} WARNING - [2026-04-04 07:01:04] INFO    etl.extract :   Load from MinIO staging: run_id=2026-04-04_06-35
[2026-04-04T07:01:04.809+0000] {extract.py:352} INFO -   Load from MinIO staging: run_id=2026-04-04_06-35
[2026-04-04T07:01:05.217+0000] {logging_mixin.py:188} WARNING - [2026-04-04 07:01:05] INFO    utils.minio :   MinIO ↓ [raw-data] 2026-04-04_06-35/nguon1_khoa.parquet (4 rows)
[2026-04-04T07:01:05.217+0000] {minio_client.py:223} INFO -   MinIO ↓ [raw-data] 2026-04-04_06-35/nguon1_khoa.parquet (4 rows)
[2026-04-04T07:01:05.252+0000] {logging_mixin.py:188} WARNING - [2026-04-04 07:01:05] INFO    utils.minio :   MinIO ↓ [raw-data] 2026-04-04_06-35/nguon1_nganh.parquet (3 rows)
[2026-04-04T07:01:05.252+0000] {minio_client.py:223} INFO -   MinIO ↓ [raw-data] 2026-04-04_06-35/nguon1_nganh.parquet (3 rows)
[2026-04-04T07:01:05.302+0000] {logging_mixin.py:188} WARNING - [2026-04-04 07:01:05] INFO    utils.minio :   MinIO ↓ [raw-data] 2026-04-04_06-35/nguon1_giang_vien.parquet (45 rows)
[2026-04-04T07:01:05.301+0000] {minio_client.py:223} INFO -   MinIO ↓ [raw-data] 2026-04-04_06-35/nguon1_giang_vien.parquet (45 rows)
[2026-04-04T07:01:05.336+0000] {logging_mixin.py:188} WARNING - [2026-04-04 07:01:05] INFO    utils.minio :   MinIO ↓ [raw-data] 2026-04-04_06-35/nguon1_lop_hanh_chinh.parquet (48 rows)
[2026-04-04T07:01:05.335+0000] {minio_client.py:223} INFO -   MinIO ↓ [raw-data] 2026-04-04_06-35/nguon1_lop_hanh_chinh.parquet (48 rows)
[2026-04-04T07:01:05.437+0000] {logging_mixin.py:188} WARNING - [2026-04-04 07:01:05] INFO    utils.minio :   MinIO ↓ [raw-data] 2026-04-04_06-35/nguon1_sinh_vien.parquet (1,695 rows)
[2026-04-04T07:01:05.437+0000] {minio_client.py:223} INFO -   MinIO ↓ [raw-data] 2026-04-04_06-35/nguon1_sinh_vien.parquet (1,695 rows)
[2026-04-04T07:01:05.526+0000] {logging_mixin.py:188} WARNING - [2026-04-04 07:01:05] INFO    utils.minio :   MinIO ↓ [raw-data] 2026-04-04_06-35/nguon1_hoc_phan.parquet (121 rows)
[2026-04-04T07:01:05.526+0000] {minio_client.py:223} INFO -   MinIO ↓ [raw-data] 2026-04-04_06-35/nguon1_hoc_phan.parquet (121 rows)
[2026-04-04T07:01:05.567+0000] {logging_mixin.py:188} WARNING - [2026-04-04 07:01:05] INFO    utils.minio :   MinIO ↓ [raw-data] 2026-04-04_06-35/nguon1_hoc_ky.parquet (9 rows)
[2026-04-04T07:01:05.566+0000] {minio_client.py:223} INFO -   MinIO ↓ [raw-data] 2026-04-04_06-35/nguon1_hoc_ky.parquet (9 rows)
[2026-04-04T07:01:05.902+0000] {logging_mixin.py:188} WARNING - [2026-04-04 07:01:05] INFO    utils.minio :   MinIO ↓ [raw-data] 2026-04-04_06-35/nguon1_dang_ky.parquet (58,001 rows)
[2026-04-04T07:01:05.902+0000] {minio_client.py:223} INFO -   MinIO ↓ [raw-data] 2026-04-04_06-35/nguon1_dang_ky.parquet (58,001 rows)
[2026-04-04T07:01:06.238+0000] {logging_mixin.py:188} WARNING - [2026-04-04 07:01:06] INFO    utils.minio :   MinIO ↓ [raw-data] 2026-04-04_06-35/nguon1_diem.parquet (58,001 rows)
[2026-04-04T07:01:06.238+0000] {minio_client.py:223} INFO -   MinIO ↓ [raw-data] 2026-04-04_06-35/nguon1_diem.parquet (58,001 rows)
[2026-04-04T07:01:06.276+0000] {logging_mixin.py:188} WARNING - [2026-04-04 07:01:06] INFO    utils.minio :   MinIO ↓ [raw-data] 2026-04-04_06-35/nguon1_tong_hop_ket_qua.parquet (1,695 rows)
[2026-04-04T07:01:06.276+0000] {minio_client.py:223} INFO -   MinIO ↓ [raw-data] 2026-04-04_06-35/nguon1_tong_hop_ket_qua.parquet (1,695 rows)
[2026-04-04T07:01:06.352+0000] {logging_mixin.py:188} WARNING - [2026-04-04 07:01:06] INFO    utils.minio :   MinIO ↓ [raw-data] 2026-04-04_06-35/nguon2_ctsv.parquet (9,629 rows)
[2026-04-04T07:01:06.352+0000] {minio_client.py:223} INFO -   MinIO ↓ [raw-data] 2026-04-04_06-35/nguon2_ctsv.parquet (9,629 rows)
[2026-04-04T07:01:06.436+0000] {logging_mixin.py:188} WARNING - [2026-04-04 07:01:06] INFO    utils.minio :   MinIO ↓ [raw-data] 2026-04-04_06-35/nguon3_tai_chinh.parquet (9,238 rows)
[2026-04-04T07:01:06.436+0000] {minio_client.py:223} INFO -   MinIO ↓ [raw-data] 2026-04-04_06-35/nguon3_tai_chinh.parquet (9,238 rows)
[2026-04-04T07:01:06.440+0000] {logging_mixin.py:188} WARNING - [2026-04-04 07:01:06] INFO    etl.extract :  Load from staging OK — run_id=2026-04-04_06-35
[2026-04-04T07:01:06.440+0000] {extract.py:369} INFO -  Load from staging OK — run_id=2026-04-04_06-35
[2026-04-04T07:01:06.444+0000] {logging_mixin.py:188} WARNING - [2026-04-04 07:01:06] INFO    etl.transform : ==BẮT ĐẦU TRANSFORM==
[2026-04-04T07:01:06.444+0000] {transform.py:67} INFO - ==BẮT ĐẦU TRANSFORM==
[2026-04-04T07:01:06.445+0000] {logging_mixin.py:188} WARNING - [2026-04-04 07:01:06] INFO    etl.transform : ======================================================================
[2026-04-04T07:01:06.445+0000] {transform.py:68} INFO - ======================================================================
[2026-04-04T07:01:06.450+0000] {logging_mixin.py:188} WARNING - [2026-04-04 07:01:06] INFO    etl.transform : ── Bước 1: Transform Dimension Tables ──
[2026-04-04T07:01:06.450+0000] {transform.py:72} INFO - ── Bước 1: Transform Dimension Tables ──
[2026-04-04T07:01:06.491+0000] {logging_mixin.py:188} WARNING - [2026-04-04 07:01:06] INFO    etl.transform :   dim_thoi_gian (→dim_hoc_ky)  →      9 records
[2026-04-04T07:01:06.490+0000] {transform.py:198} INFO -   dim_thoi_gian (→dim_hoc_ky)  →      9 records
[2026-04-04T07:01:06.534+0000] {logging_mixin.py:188} WARNING - [2026-04-04 07:01:06] INFO    etl.transform :   dim_giang_vien              →     45 records
[2026-04-04T07:01:06.533+0000] {transform.py:226} INFO -   dim_giang_vien              →     45 records
[2026-04-04T07:01:06.543+0000] {logging_mixin.py:188} WARNING - [2026-04-04 07:01:06] INFO    etl.transform :   dim_hoc_phan                →    121 records
[2026-04-04T07:01:06.543+0000] {transform.py:258} INFO -   dim_hoc_phan                →    121 records
[2026-04-04T07:01:06.582+0000] {logging_mixin.py:188} WARNING - [2026-04-04 07:01:06] INFO    etl.transform :   dim_sinh_vien               →  1,695 records
[2026-04-04T07:01:06.582+0000] {transform.py:336} INFO -   dim_sinh_vien               →  1,695 records
[2026-04-04T07:01:06.584+0000] {logging_mixin.py:188} WARNING - [2026-04-04 07:01:06] INFO    etl.transform : ── Bước 2: Transform Fact Tables ──
[2026-04-04T07:01:06.584+0000] {transform.py:91} INFO - ── Bước 2: Transform Fact Tables ──
[2026-04-04T07:01:06.956+0000] {logging_mixin.py:188} WARNING - [2026-04-04 07:01:06] INFO    etl.transform :   fact_diem | Tính lại điểm tổng kết cho 1160 bản ghi
[2026-04-04T07:01:06.956+0000] {transform.py:391} INFO -   fact_diem | Tính lại điểm tổng kết cho 1160 bản ghi
[2026-04-04T07:01:07.109+0000] {logging_mixin.py:188} WARNING - [2026-04-04 07:01:07] INFO    etl.transform :   fact_diem (→fact_hoc_tap)    → 58,001 records
[2026-04-04T07:01:07.109+0000] {transform.py:414} INFO -   fact_diem (→fact_hoc_tap)    → 58,001 records
[2026-04-04T07:01:07.158+0000] {logging_mixin.py:188} WARNING - [2026-04-04 07:01:07] INFO    etl.transform :   fact_ren_luyen (→fact_ctsv)  →  9,629 records
[2026-04-04T07:01:07.158+0000] {transform.py:455} INFO -   fact_ren_luyen (→fact_ctsv)  →  9,629 records
[2026-04-04T07:01:07.191+0000] {logging_mixin.py:188} WARNING - [2026-04-04 07:01:07] INFO    etl.transform :   fact_tai_chinh               →  9,238 records
[2026-04-04T07:01:07.191+0000] {transform.py:492} INFO -   fact_tai_chinh               →  9,238 records
[2026-04-04T07:01:07.196+0000] {logging_mixin.py:188} WARNING - [2026-04-04 07:01:07] INFO    etl.transform : ── Bước 3: Tổng hợp đa nguồn ──
[2026-04-04T07:01:07.196+0000] {transform.py:104} INFO - ── Bước 3: Tổng hợp đa nguồn ──
[2026-04-04T07:01:07.205+0000] {logging_mixin.py:188} WARNING - [2026-04-04 07:01:07] INFO    etl.transform : ======================================================================
[2026-04-04T07:01:07.204+0000] {transform.py:107} INFO - ======================================================================
[2026-04-04T07:01:07.212+0000] {logging_mixin.py:188} WARNING - [2026-04-04 07:01:07] INFO    etl.transform : TRANSFORM HOÀN TẤT
[2026-04-04T07:01:07.211+0000] {transform.py:108} INFO - TRANSFORM HOÀN TẤT
[2026-04-04T07:01:07.215+0000] {logging_mixin.py:188} WARNING - [2026-04-04 07:01:07] INFO    etl.transform :    dim_giang_vien           :       45 records
[2026-04-04T07:01:07.215+0000] {transform.py:110} INFO -    dim_giang_vien           :       45 records
[2026-04-04T07:01:07.219+0000] {logging_mixin.py:188} WARNING - [2026-04-04 07:01:07] INFO    etl.transform :    dim_sinh_vien            :    1,695 records
[2026-04-04T07:01:07.219+0000] {transform.py:110} INFO -    dim_sinh_vien            :    1,695 records
[2026-04-04T07:01:07.224+0000] {logging_mixin.py:188} WARNING - [2026-04-04 07:01:07] INFO    etl.transform :    dim_hoc_phan             :      121 records
[2026-04-04T07:01:07.224+0000] {transform.py:110} INFO -    dim_hoc_phan             :      121 records
[2026-04-04T07:01:07.228+0000] {logging_mixin.py:188} WARNING - [2026-04-04 07:01:07] INFO    etl.transform :    dim_thoi_gian            :        9 records
[2026-04-04T07:01:07.227+0000] {transform.py:110} INFO -    dim_thoi_gian            :        9 records
[2026-04-04T07:01:07.231+0000] {logging_mixin.py:188} WARNING - [2026-04-04 07:01:07] INFO    etl.transform :    fact_diem                :   58,001 records
[2026-04-04T07:01:07.231+0000] {transform.py:110} INFO -    fact_diem                :   58,001 records
[2026-04-04T07:01:07.233+0000] {logging_mixin.py:188} WARNING - [2026-04-04 07:01:07] INFO    etl.transform :    fact_ren_luyen           :    9,629 records
[2026-04-04T07:01:07.233+0000] {transform.py:110} INFO -    fact_ren_luyen           :    9,629 records
[2026-04-04T07:01:07.238+0000] {logging_mixin.py:188} WARNING - [2026-04-04 07:01:07] INFO    etl.transform :    fact_tai_chinh           :    9,238 records
[2026-04-04T07:01:07.237+0000] {transform.py:110} INFO -    fact_tai_chinh           :    9,238 records
[2026-04-04T07:01:07.242+0000] {logging_mixin.py:188} WARNING - [2026-04-04 07:01:07] INFO    etl.transform :    fact_tong_hop_sv         :        0 records
[2026-04-04T07:01:07.242+0000] {transform.py:110} INFO -    fact_tong_hop_sv         :        0 records
[2026-04-04T07:01:07.246+0000] {logging_mixin.py:188} WARNING - [2026-04-04 07:01:07] INFO    etl.transform : ======================================================================
[2026-04-04T07:01:07.246+0000] {transform.py:111} INFO - ======================================================================
[2026-04-04T07:01:07.336+0000] {logging_mixin.py:188} WARNING - [2026-04-04 07:01:07] INFO    utils.minio :   MinIO ↑ [staging-data] 2026-04-04_07-01/dim_hoc_ky.parquet (5.3 KB | 9 rows)
[2026-04-04T07:01:07.336+0000] {minio_client.py:142} INFO -   MinIO ↑ [staging-data] 2026-04-04_07-01/dim_hoc_ky.parquet (5.3 KB | 9 rows)
[2026-04-04T07:01:07.358+0000] {logging_mixin.py:188} WARNING - [2026-04-04 07:01:07] INFO    utils.minio :   MinIO ↑ [staging-data] 2026-04-04_07-01/dim_giang_vien.parquet (8.9 KB | 45 rows)
[2026-04-04T07:01:07.357+0000] {minio_client.py:142} INFO -   MinIO ↑ [staging-data] 2026-04-04_07-01/dim_giang_vien.parquet (8.9 KB | 45 rows)
[2026-04-04T07:01:07.384+0000] {logging_mixin.py:188} WARNING - [2026-04-04 07:01:07] INFO    utils.minio :   MinIO ↑ [staging-data] 2026-04-04_07-01/dim_hoc_phan.parquet (11.0 KB | 121 rows)
[2026-04-04T07:01:07.384+0000] {minio_client.py:142} INFO -   MinIO ↑ [staging-data] 2026-04-04_07-01/dim_hoc_phan.parquet (11.0 KB | 121 rows)
[2026-04-04T07:01:07.451+0000] {logging_mixin.py:188} WARNING - [2026-04-04 07:01:07] INFO    utils.minio :   MinIO ↑ [staging-data] 2026-04-04_07-01/dim_sinh_vien.parquet (72.9 KB | 1,695 rows)
[2026-04-04T07:01:07.451+0000] {minio_client.py:142} INFO -   MinIO ↑ [staging-data] 2026-04-04_07-01/dim_sinh_vien.parquet (72.9 KB | 1,695 rows)
[2026-04-04T07:01:08.049+0000] {logging_mixin.py:188} WARNING - [2026-04-04 07:01:08] INFO    utils.minio :   MinIO ↑ [staging-data] 2026-04-04_07-01/fact_diem.parquet (908.9 KB | 58,001 rows)
[2026-04-04T07:01:08.049+0000] {minio_client.py:142} INFO -   MinIO ↑ [staging-data] 2026-04-04_07-01/fact_diem.parquet (908.9 KB | 58,001 rows)
[2026-04-04T07:01:08.089+0000] {logging_mixin.py:188} WARNING - [2026-04-04 07:01:08] INFO    utils.minio :   MinIO ↑ [staging-data] 2026-04-04_07-01/fact_ren_luyen.parquet (47.2 KB | 9,629 rows)
[2026-04-04T07:01:08.089+0000] {minio_client.py:142} INFO -   MinIO ↑ [staging-data] 2026-04-04_07-01/fact_ren_luyen.parquet (47.2 KB | 9,629 rows)
[2026-04-04T07:01:08.150+0000] {logging_mixin.py:188} WARNING - [2026-04-04 07:01:08] INFO    utils.minio :   MinIO ↑ [staging-data] 2026-04-04_07-01/fact_tai_chinh.parquet (70.2 KB | 9,238 rows)
[2026-04-04T07:01:08.150+0000] {minio_client.py:142} INFO -   MinIO ↑ [staging-data] 2026-04-04_07-01/fact_tai_chinh.parquet (70.2 KB | 9,238 rows)
[2026-04-04T07:01:08.154+0000] {logging_mixin.py:188} WARNING - [2026-04-04 07:01:08] WARNING utils.minio :   MinIO skip (empty): fact_tong_hop_sv.parquet
[2026-04-04T07:01:08.154+0000] {minio_client.py:120} WARNING -   MinIO skip (empty): fact_tong_hop_sv.parquet
[2026-04-04T07:01:08.157+0000] {logging_mixin.py:188} WARNING - [2026-04-04 07:01:08] INFO    etl.transform :   MinIO staging-data: 8/8 files OK → run_id=2026-04-04_07-01
[2026-04-04T07:01:08.157+0000] {transform.py:143} INFO -   MinIO staging-data: 8/8 files OK → run_id=2026-04-04_07-01
[2026-04-04T07:01:08.420+0000] {logging_mixin.py:188} INFO - Transform xong: {'dim_giang_vien': 45, 'dim_sinh_vien': 1695, 'dim_hoc_phan': 121, 'dim_thoi_gian': 9, 'fact_diem': 58001, 'fact_ren_luyen': 9629, 'fact_tai_chinh': 9238, 'fact_tong_hop_sv': 0}
[2026-04-04T07:01:08.429+0000] {python.py:201} INFO - Done. Returned value was: {'dim_giang_vien': 45, 'dim_sinh_vien': 1695, 'dim_hoc_phan': 121, 'dim_thoi_gian': 9, 'fact_diem': 58001, 'fact_ren_luyen': 9629, 'fact_tai_chinh': 9238, 'fact_tong_hop_sv': 0}
[2026-04-04T07:01:08.498+0000] {taskinstance.py:1138} INFO - Marking task as SUCCESS. dag_id=daily_student_pipeline, task_id=transform_data, execution_date=20260404T070058, start_date=20260404T070059, end_date=20260404T070108
[2026-04-04T07:01:08.580+0000] {local_task_job_runner.py:234} INFO - Task exited with return code 0
[2026-04-04T07:01:08.617+0000] {taskinstance.py:3280} INFO - 0 downstream tasks scheduled from follow-on schedule check
