[2026-04-18T14:14:19.117+0000] {taskinstance.py:1956} INFO - Dependencies all met for dep_context=non-requeueable deps ti=<TaskInstance: daily_student_pipeline.alert_success manual__2026-04-18T14:13:54.746669+00:00 [queued]>
[2026-04-18T14:14:19.125+0000] {taskinstance.py:1956} INFO - Dependencies all met for dep_context=requeueable deps ti=<TaskInstance: daily_student_pipeline.alert_success manual__2026-04-18T14:13:54.746669+00:00 [queued]>
[2026-04-18T14:14:19.126+0000] {taskinstance.py:2170} INFO - Starting attempt 1 of 1
[2026-04-18T14:14:19.137+0000] {taskinstance.py:2191} INFO - Executing <Task(PythonOperator): alert_success> on 2026-04-18 14:13:54.746669+00:00
[2026-04-18T14:14:19.142+0000] {standard_task_runner.py:60} INFO - Started process 1368 to run task
[2026-04-18T14:14:19.144+0000] {standard_task_runner.py:87} INFO - Running: ['***', 'tasks', 'run', 'daily_student_pipeline', 'alert_success', 'manual__2026-04-18T14:13:54.746669+00:00', '--job-id', '321', '--raw', '--subdir', 'DAGS_FOLDER/daily_student_pipeline.py', '--cfg-path', '/tmp/tmp4pde3ngh']
[2026-04-18T14:14:19.146+0000] {standard_task_runner.py:88} INFO - Job 321: Subtask alert_success
[2026-04-18T14:14:19.216+0000] {task_command.py:423} INFO - Running <TaskInstance: daily_student_pipeline.alert_success manual__2026-04-18T14:13:54.746669+00:00 [running]> on host dc2680f839d5
[2026-04-18T14:14:19.317+0000] {taskinstance.py:2480} INFO - Exporting env vars: AIRFLOW_CTX_DAG_OWNER='nhom8' AIRFLOW_CTX_DAG_ID='daily_student_pipeline' AIRFLOW_CTX_TASK_ID='alert_success' AIRFLOW_CTX_EXECUTION_DATE='2026-04-18T14:13:54.746669+00:00' AIRFLOW_CTX_TRY_NUMBER='1' AIRFLOW_CTX_DAG_RUN_ID='manual__2026-04-18T14:13:54.746669+00:00'
[2026-04-18T14:14:19.332+0000] {logging_mixin.py:188} INFO - ==================================================
[2026-04-18T14:14:19.332+0000] {logging_mixin.py:188} INFO - ✅ Validation Summary | run_id: 2026-04-18_14-14
[2026-04-18T14:14:19.334+0000] {logging_mixin.py:188} INFO -    Status: PASSED
[2026-04-18T14:14:19.334+0000] {logging_mixin.py:188} INFO -    Evaluated: 51
[2026-04-18T14:14:19.335+0000] {logging_mixin.py:188} INFO -    Passed:    51
[2026-04-18T14:14:19.336+0000] {logging_mixin.py:188} INFO -    Failed:    0
[2026-04-18T14:14:19.336+0000] {logging_mixin.py:188} INFO - ==================================================
[2026-04-18T14:14:19.336+0000] {python.py:201} INFO - Done. Returned value was: None
[2026-04-18T14:14:19.346+0000] {taskinstance.py:1138} INFO - Marking task as SUCCESS. dag_id=daily_student_pipeline, task_id=alert_success, execution_date=20260418T141354, start_date=20260418T141419, end_date=20260418T141419
[2026-04-18T14:14:19.398+0000] {local_task_job_runner.py:234} INFO - Task exited with return code 0
[2026-04-18T14:14:19.417+0000] {taskinstance.py:3280} INFO - 0 downstream tasks scheduled from follow-on schedule check
