[2026-04-04T07:03:56.242+0000] {taskinstance.py:1956} INFO - Dependencies all met for dep_context=non-requeueable deps ti=<TaskInstance: daily_student_pipeline.extract_data manual__2026-04-04T07:03:54.513144+00:00 [queued]>
[2026-04-04T07:03:56.268+0000] {taskinstance.py:1956} INFO - Dependencies all met for dep_context=requeueable deps ti=<TaskInstance: daily_student_pipeline.extract_data manual__2026-04-04T07:03:54.513144+00:00 [queued]>
[2026-04-04T07:03:56.269+0000] {taskinstance.py:2170} INFO - Starting attempt 1 of 1
[2026-04-04T07:03:56.298+0000] {taskinstance.py:2191} INFO - Executing <Task(PythonOperator): extract_data> on 2026-04-04 07:03:54.513144+00:00
[2026-04-04T07:03:56.311+0000] {standard_task_runner.py:60} INFO - Started process 697 to run task
[2026-04-04T07:03:56.317+0000] {standard_task_runner.py:87} INFO - Running: ['***', 'tasks', 'run', 'daily_student_pipeline', 'extract_data', 'manual__2026-04-04T07:03:54.513144+00:00', '--job-id', '176', '--raw', '--subdir', 'DAGS_FOLDER/daily_student_pipeline.py', '--cfg-path', '/tmp/tmp0_0ivxtf']
[2026-04-04T07:03:56.323+0000] {standard_task_runner.py:88} INFO - Job 176: Subtask extract_data
[2026-04-04T07:03:56.600+0000] {task_command.py:423} INFO - Running <TaskInstance: daily_student_pipeline.extract_data manual__2026-04-04T07:03:54.513144+00:00 [running]> on host 1c62953c8918
[2026-04-04T07:03:56.907+0000] {taskinstance.py:2480} INFO - Exporting env vars: AIRFLOW_CTX_DAG_OWNER='nhom8' AIRFLOW_CTX_DAG_ID='daily_student_pipeline' AIRFLOW_CTX_TASK_ID='extract_data' AIRFLOW_CTX_EXECUTION_DATE='2026-04-04T07:03:54.513144+00:00' AIRFLOW_CTX_TRY_NUMBER='1' AIRFLOW_CTX_DAG_RUN_ID='manual__2026-04-04T07:03:54.513144+00:00'
[2026-04-04T07:03:58.232+0000] {logging_mixin.py:188} WARNING - [2026-04-04 07:03:58] INFO    etl.extract : ==BẮT ĐẦU FULL EXTRACT==
[2026-04-04T07:03:58.232+0000] {extract.py:277} INFO - ==BẮT ĐẦU FULL EXTRACT==
[2026-04-04T07:03:58.234+0000] {logging_mixin.py:188} WARNING - [2026-04-04 07:03:58] INFO    etl.extract : ======================================================================
[2026-04-04T07:03:58.234+0000] {extract.py:278} INFO - ======================================================================
[2026-04-04T07:03:58.240+0000] {logging_mixin.py:188} WARNING - [2026-04-04 07:03:58] INFO    etl.extract : ════════════════════════════════════════════════════════════
[2026-04-04T07:03:58.240+0000] {extract.py:82} INFO - ════════════════════════════════════════════════════════════
[2026-04-04T07:03:58.246+0000] {logging_mixin.py:188} WARNING - [2026-04-04 07:03:58] INFO    etl.extract : NGUỒN 1 — PostgreSQL (Phòng Đào tạo) | Full Extract
[2026-04-04T07:03:58.244+0000] {extract.py:83} INFO - NGUỒN 1 — PostgreSQL (Phòng Đào tạo) | Full Extract
[2026-04-04T07:03:58.251+0000] {logging_mixin.py:188} WARNING - [2026-04-04 07:03:58] INFO    etl.extract : ════════════════════════════════════════════════════════════
[2026-04-04T07:03:58.251+0000] {extract.py:84} INFO - ════════════════════════════════════════════════════════════
[2026-04-04T07:03:58.318+0000] {logging_mixin.py:188} WARNING - [2026-04-04 07:03:58] INFO    etl.extract :   PostgreSQL | khoa                      →      4 records
[2026-04-04T07:03:58.318+0000] {extract.py:66} INFO -   PostgreSQL | khoa                      →      4 records
[2026-04-04T07:03:58.361+0000] {logging_mixin.py:188} WARNING - [2026-04-04 07:03:58] INFO    etl.extract :   PostgreSQL | nganh                     →      3 records
[2026-04-04T07:03:58.361+0000] {extract.py:66} INFO -   PostgreSQL | nganh                     →      3 records
[2026-04-04T07:03:58.411+0000] {logging_mixin.py:188} WARNING - [2026-04-04 07:03:58] INFO    etl.extract :   PostgreSQL | giang_vien                →     45 records
[2026-04-04T07:03:58.411+0000] {extract.py:66} INFO -   PostgreSQL | giang_vien                →     45 records
[2026-04-04T07:03:58.503+0000] {logging_mixin.py:188} WARNING - [2026-04-04 07:03:58] INFO    etl.extract :   PostgreSQL | lop_hanh_chinh            →     48 records
[2026-04-04T07:03:58.503+0000] {extract.py:66} INFO -   PostgreSQL | lop_hanh_chinh            →     48 records
[2026-04-04T07:03:58.641+0000] {logging_mixin.py:188} WARNING - [2026-04-04 07:03:58] INFO    etl.extract :   PostgreSQL | sinh_vien                 →  1,695 records
[2026-04-04T07:03:58.641+0000] {extract.py:66} INFO -   PostgreSQL | sinh_vien                 →  1,695 records
[2026-04-04T07:03:58.710+0000] {logging_mixin.py:188} WARNING - [2026-04-04 07:03:58] INFO    etl.extract :   PostgreSQL | hoc_phan                  →    121 records
[2026-04-04T07:03:58.710+0000] {extract.py:66} INFO -   PostgreSQL | hoc_phan                  →    121 records
[2026-04-04T07:03:58.749+0000] {logging_mixin.py:188} WARNING - [2026-04-04 07:03:58] INFO    etl.extract :   PostgreSQL | hoc_ky_nam_hoc            →      9 records
[2026-04-04T07:03:58.748+0000] {extract.py:66} INFO -   PostgreSQL | hoc_ky_nam_hoc            →      9 records
[2026-04-04T07:03:59.234+0000] {logging_mixin.py:188} WARNING - [2026-04-04 07:03:59] INFO    etl.extract :   PostgreSQL | dang_ky_hoc_phan          → 58,001 records
[2026-04-04T07:03:59.234+0000] {extract.py:66} INFO -   PostgreSQL | dang_ky_hoc_phan          → 58,001 records
[2026-04-04T07:04:00.419+0000] {logging_mixin.py:188} WARNING - [2026-04-04 07:04:00] INFO    etl.extract :   PostgreSQL | diem_hoc_phan             → 58,001 records
[2026-04-04T07:04:00.419+0000] {extract.py:66} INFO -   PostgreSQL | diem_hoc_phan             → 58,001 records
[2026-04-04T07:04:00.612+0000] {logging_mixin.py:188} WARNING - [2026-04-04 07:04:00] INFO    etl.extract :   PostgreSQL | tong_hop_ket_qua          →  1,695 records
[2026-04-04T07:04:00.611+0000] {extract.py:66} INFO -   PostgreSQL | tong_hop_ket_qua          →  1,695 records
[2026-04-04T07:04:00.619+0000] {logging_mixin.py:188} WARNING - [2026-04-04 07:04:00] INFO    etl.extract :   PostgreSQL | TỔNG: 119,622 records từ 10 bảng
[2026-04-04T07:04:00.619+0000] {extract.py:91} INFO -   PostgreSQL | TỔNG: 119,622 records từ 10 bảng
[2026-04-04T07:04:00.623+0000] {logging_mixin.py:188} WARNING - [2026-04-04 07:04:00] INFO    etl.extract : ════════════════════════════════════════════════════════════
[2026-04-04T07:04:00.623+0000] {extract.py:163} INFO - ════════════════════════════════════════════════════════════
[2026-04-04T07:04:00.626+0000] {logging_mixin.py:188} WARNING - [2026-04-04 07:04:00] INFO    etl.extract : NGUỒN 2 — CSV (Phòng CTSV) | Extract
[2026-04-04T07:04:00.626+0000] {extract.py:164} INFO - NGUỒN 2 — CSV (Phòng CTSV) | Extract
[2026-04-04T07:04:00.630+0000] {logging_mixin.py:188} WARNING - [2026-04-04 07:04:00] INFO    etl.extract : ════════════════════════════════════════════════════════════
[2026-04-04T07:04:00.630+0000] {extract.py:165} INFO - ════════════════════════════════════════════════════════════
[2026-04-04T07:04:00.642+0000] {logging_mixin.py:188} WARNING - [2026-04-04 07:04:00] INFO    etl.extract :   CSV | Tìm thấy 9 file(s)
[2026-04-04T07:04:00.641+0000] {extract.py:174} INFO -   CSV | Tìm thấy 9 file(s)
[2026-04-04T07:04:00.659+0000] {logging_mixin.py:188} WARNING - [2026-04-04 07:04:00] INFO    etl.extract :   CSV | ctsv_HK1_2021_22.csv                →    791 records
[2026-04-04T07:04:00.659+0000] {extract.py:140} INFO -   CSV | ctsv_HK1_2021_22.csv                →    791 records
[2026-04-04T07:04:00.672+0000] {logging_mixin.py:188} WARNING - [2026-04-04 07:04:00] INFO    etl.extract :   CSV | ctsv_HK1_2022_23.csv                →  1,635 records
[2026-04-04T07:04:00.671+0000] {extract.py:140} INFO -   CSV | ctsv_HK1_2022_23.csv                →  1,635 records
[2026-04-04T07:04:00.690+0000] {logging_mixin.py:188} WARNING - [2026-04-04 07:04:00] INFO    etl.extract :   CSV | ctsv_HK1_2023_24.csv                →  2,502 records
[2026-04-04T07:04:00.689+0000] {extract.py:140} INFO -   CSV | ctsv_HK1_2023_24.csv                →  2,502 records
[2026-04-04T07:04:00.708+0000] {logging_mixin.py:188} WARNING - [2026-04-04 07:04:00] INFO    etl.extract :   CSV | ctsv_HK1_2024_25.csv                →  3,355 records
[2026-04-04T07:04:00.708+0000] {extract.py:140} INFO -   CSV | ctsv_HK1_2024_25.csv                →  3,355 records
[2026-04-04T07:04:00.725+0000] {logging_mixin.py:188} WARNING - [2026-04-04 07:04:00] INFO    etl.extract :   CSV | ctsv_HK1_2025_26.csv                →  2,543 records
[2026-04-04T07:04:00.725+0000] {extract.py:140} INFO -   CSV | ctsv_HK1_2025_26.csv                →  2,543 records
[2026-04-04T07:04:00.736+0000] {logging_mixin.py:188} WARNING - [2026-04-04 07:04:00] INFO    etl.extract :   CSV | ctsv_HK2_2021_22.csv                →    791 records
[2026-04-04T07:04:00.736+0000] {extract.py:140} INFO -   CSV | ctsv_HK2_2021_22.csv                →    791 records
[2026-04-04T07:04:00.752+0000] {logging_mixin.py:188} WARNING - [2026-04-04 07:04:00] INFO    etl.extract :   CSV | ctsv_HK2_2022_23.csv                →  1,628 records
[2026-04-04T07:04:00.752+0000] {extract.py:140} INFO -   CSV | ctsv_HK2_2022_23.csv                →  1,628 records
[2026-04-04T07:04:00.765+0000] {logging_mixin.py:188} WARNING - [2026-04-04 07:04:00] INFO    etl.extract :   CSV | ctsv_HK2_2023_24.csv                →  2,489 records
[2026-04-04T07:04:00.765+0000] {extract.py:140} INFO -   CSV | ctsv_HK2_2023_24.csv                →  2,489 records
[2026-04-04T07:04:00.777+0000] {logging_mixin.py:188} WARNING - [2026-04-04 07:04:00] INFO    etl.extract :   CSV | ctsv_HK2_2024_25.csv                →  2,958 records
[2026-04-04T07:04:00.776+0000] {extract.py:140} INFO -   CSV | ctsv_HK2_2024_25.csv                →  2,958 records
[2026-04-04T07:04:00.787+0000] {logging_mixin.py:188} WARNING - [2026-04-04 07:04:00] INFO    etl.extract :   CSV | Loại bỏ 9063 bản ghi trùng
[2026-04-04T07:04:00.787+0000] {extract.py:191} INFO -   CSV | Loại bỏ 9063 bản ghi trùng
[2026-04-04T07:04:00.788+0000] {logging_mixin.py:188} WARNING - [2026-04-04 07:04:00] INFO    etl.extract :   CSV | TỔNG: 9,629 records từ 9 file(s)
[2026-04-04T07:04:00.788+0000] {extract.py:193} INFO -   CSV | TỔNG: 9,629 records từ 9 file(s)
[2026-04-04T07:04:00.810+0000] {logging_mixin.py:188} WARNING - [2026-04-04 07:04:00] INFO    etl.extract :   API | (JSON) taichinh_HK1_2021_22.json →    390 records
[2026-04-04T07:04:00.809+0000] {extract.py:242} INFO -   API | (JSON) taichinh_HK1_2021_22.json →    390 records
[2026-04-04T07:04:00.832+0000] {logging_mixin.py:188} WARNING - [2026-04-04 07:04:00] INFO    etl.extract :   API | (JSON) taichinh_HK1_2022_23.json →    802 records
[2026-04-04T07:04:00.832+0000] {extract.py:242} INFO -   API | (JSON) taichinh_HK1_2022_23.json →    802 records
[2026-04-04T07:04:00.856+0000] {logging_mixin.py:188} WARNING - [2026-04-04 07:04:00] INFO    etl.extract :   API | (JSON) taichinh_HK1_2023_24.json →  1,229 records
[2026-04-04T07:04:00.856+0000] {extract.py:242} INFO -   API | (JSON) taichinh_HK1_2023_24.json →  1,229 records
[2026-04-04T07:04:00.887+0000] {logging_mixin.py:188} WARNING - [2026-04-04 07:04:00] INFO    etl.extract :   API | (JSON) taichinh_HK1_2024_25.json →  1,646 records
[2026-04-04T07:04:00.887+0000] {extract.py:242} INFO -   API | (JSON) taichinh_HK1_2024_25.json →  1,646 records
[2026-04-04T07:04:00.911+0000] {logging_mixin.py:188} WARNING - [2026-04-04 07:04:00] INFO    etl.extract :   API | (JSON) taichinh_HK1_2025_26.json →  1,245 records
[2026-04-04T07:04:00.911+0000] {extract.py:242} INFO -   API | (JSON) taichinh_HK1_2025_26.json →  1,245 records
[2026-04-04T07:04:00.932+0000] {logging_mixin.py:188} WARNING - [2026-04-04 07:04:00] INFO    etl.extract :   API | (JSON) taichinh_HK2_2021_22.json →    390 records
[2026-04-04T07:04:00.932+0000] {extract.py:242} INFO -   API | (JSON) taichinh_HK2_2021_22.json →    390 records
[2026-04-04T07:04:00.956+0000] {logging_mixin.py:188} WARNING - [2026-04-04 07:04:00] INFO    etl.extract :   API | (JSON) taichinh_HK2_2022_23.json →    799 records
[2026-04-04T07:04:00.956+0000] {extract.py:242} INFO -   API | (JSON) taichinh_HK2_2022_23.json →    799 records
[2026-04-04T07:04:00.977+0000] {logging_mixin.py:188} WARNING - [2026-04-04 07:04:00] INFO    etl.extract :   API | (JSON) taichinh_HK2_2023_24.json →  1,223 records
[2026-04-04T07:04:00.977+0000] {extract.py:242} INFO -   API | (JSON) taichinh_HK2_2023_24.json →  1,223 records
[2026-04-04T07:04:01.008+0000] {logging_mixin.py:188} WARNING - [2026-04-04 07:04:01] INFO    etl.extract :   API | (JSON) taichinh_HK2_2024_25.json →  1,514 records
[2026-04-04T07:04:01.008+0000] {extract.py:242} INFO -   API | (JSON) taichinh_HK2_2024_25.json →  1,514 records
[2026-04-04T07:04:01.011+0000] {logging_mixin.py:188} WARNING - [2026-04-04 07:04:01] INFO    etl.extract :   API | TỔNG: 9,238 records từ 9 HK
[2026-04-04T07:04:01.011+0000] {extract.py:266} INFO -   API | TỔNG: 9,238 records từ 9 HK
[2026-04-04T07:04:01.418+0000] {logging_mixin.py:188} WARNING - [2026-04-04 07:04:01] INFO    utils.minio :   MinIO ↑ [raw-data] 2026-04-04_07-04/nguon1_sinh_vien.parquet (48.7 KB | 1,695 rows)
[2026-04-04T07:04:01.417+0000] {minio_client.py:142} INFO -   MinIO ↑ [raw-data] 2026-04-04_07-04/nguon1_sinh_vien.parquet (48.7 KB | 1,695 rows)
[2026-04-04T07:04:01.521+0000] {logging_mixin.py:188} WARNING - [2026-04-04 07:04:01] INFO    utils.minio :   MinIO ↑ [raw-data] 2026-04-04_07-04/nguon1_dang_ky.parquet (493.4 KB | 58,001 rows)
[2026-04-04T07:04:01.520+0000] {minio_client.py:142} INFO -   MinIO ↑ [raw-data] 2026-04-04_07-04/nguon1_dang_ky.parquet (493.4 KB | 58,001 rows)
[2026-04-04T07:04:01.596+0000] {logging_mixin.py:188} WARNING - [2026-04-04 07:04:01] INFO    utils.minio :   MinIO ↑ [raw-data] 2026-04-04_07-04/nguon1_diem.parquet (1187.9 KB | 58,001 rows)
[2026-04-04T07:04:01.596+0000] {minio_client.py:142} INFO -   MinIO ↑ [raw-data] 2026-04-04_07-04/nguon1_diem.parquet (1187.9 KB | 58,001 rows)
[2026-04-04T07:04:01.609+0000] {logging_mixin.py:188} WARNING - [2026-04-04 07:04:01] INFO    utils.minio :   MinIO ↑ [raw-data] 2026-04-04_07-04/nguon1_hoc_phan.parquet (10.3 KB | 121 rows)
[2026-04-04T07:04:01.609+0000] {minio_client.py:142} INFO -   MinIO ↑ [raw-data] 2026-04-04_07-04/nguon1_hoc_phan.parquet (10.3 KB | 121 rows)
[2026-04-04T07:04:01.628+0000] {logging_mixin.py:188} WARNING - [2026-04-04 07:04:01] INFO    utils.minio :   MinIO ↑ [raw-data] 2026-04-04_07-04/nguon1_hoc_ky.parquet (4.1 KB | 9 rows)
[2026-04-04T07:04:01.628+0000] {minio_client.py:142} INFO -   MinIO ↑ [raw-data] 2026-04-04_07-04/nguon1_hoc_ky.parquet (4.1 KB | 9 rows)
[2026-04-04T07:04:01.640+0000] {logging_mixin.py:188} WARNING - [2026-04-04 07:04:01] INFO    utils.minio :   MinIO ↑ [raw-data] 2026-04-04_07-04/nguon1_giang_vien.parquet (8.3 KB | 45 rows)
[2026-04-04T07:04:01.640+0000] {minio_client.py:142} INFO -   MinIO ↑ [raw-data] 2026-04-04_07-04/nguon1_giang_vien.parquet (8.3 KB | 45 rows)
[2026-04-04T07:04:01.659+0000] {logging_mixin.py:188} WARNING - [2026-04-04 07:04:01] INFO    utils.minio :   MinIO ↑ [raw-data] 2026-04-04_07-04/nguon1_khoa.parquet (2.6 KB | 4 rows)
[2026-04-04T07:04:01.659+0000] {minio_client.py:142} INFO -   MinIO ↑ [raw-data] 2026-04-04_07-04/nguon1_khoa.parquet (2.6 KB | 4 rows)
[2026-04-04T07:04:01.674+0000] {logging_mixin.py:188} WARNING - [2026-04-04 07:04:01] INFO    utils.minio :   MinIO ↑ [raw-data] 2026-04-04_07-04/nguon1_nganh.parquet (3.2 KB | 3 rows)
[2026-04-04T07:04:01.674+0000] {minio_client.py:142} INFO -   MinIO ↑ [raw-data] 2026-04-04_07-04/nguon1_nganh.parquet (3.2 KB | 3 rows)
[2026-04-04T07:04:01.696+0000] {logging_mixin.py:188} WARNING - [2026-04-04 07:04:01] INFO    utils.minio :   MinIO ↑ [raw-data] 2026-04-04_07-04/nguon1_lop_hanh_chinh.parquet (4.8 KB | 48 rows)
[2026-04-04T07:04:01.696+0000] {minio_client.py:142} INFO -   MinIO ↑ [raw-data] 2026-04-04_07-04/nguon1_lop_hanh_chinh.parquet (4.8 KB | 48 rows)
[2026-04-04T07:04:01.716+0000] {logging_mixin.py:188} WARNING - [2026-04-04 07:04:01] INFO    utils.minio :   MinIO ↑ [raw-data] 2026-04-04_07-04/nguon1_tong_hop_ket_qua.parquet (21.6 KB | 1,695 rows)
[2026-04-04T07:04:01.716+0000] {minio_client.py:142} INFO -   MinIO ↑ [raw-data] 2026-04-04_07-04/nguon1_tong_hop_ket_qua.parquet (21.6 KB | 1,695 rows)
[2026-04-04T07:04:01.746+0000] {logging_mixin.py:188} WARNING - [2026-04-04 07:04:01] INFO    utils.minio :   MinIO ↑ [raw-data] 2026-04-04_07-04/nguon2_ctsv.parquet (48.1 KB | 9,629 rows)
[2026-04-04T07:04:01.745+0000] {minio_client.py:142} INFO -   MinIO ↑ [raw-data] 2026-04-04_07-04/nguon2_ctsv.parquet (48.1 KB | 9,629 rows)
[2026-04-04T07:04:01.770+0000] {logging_mixin.py:188} WARNING - [2026-04-04 07:04:01] INFO    utils.minio :   MinIO ↑ [raw-data] 2026-04-04_07-04/nguon3_tai_chinh.parquet (71.0 KB | 9,238 rows)
[2026-04-04T07:04:01.770+0000] {minio_client.py:142} INFO -   MinIO ↑ [raw-data] 2026-04-04_07-04/nguon3_tai_chinh.parquet (71.0 KB | 9,238 rows)
[2026-04-04T07:04:01.772+0000] {logging_mixin.py:188} WARNING - [2026-04-04 07:04:01] INFO    utils.minio :   MinIO upload xong: 12/12 files | run_id=2026-04-04_07-04
[2026-04-04T07:04:01.772+0000] {minio_client.py:188} INFO -   MinIO upload xong: 12/12 files | run_id=2026-04-04_07-04
[2026-04-04T07:04:01.774+0000] {logging_mixin.py:188} WARNING - [2026-04-04 07:04:01] INFO    etl.extract :   MinIO staging: 12/12 files OK → run_id=2026-04-04_07-04
[2026-04-04T07:04:01.774+0000] {extract.py:333} INFO -   MinIO staging: 12/12 files OK → run_id=2026-04-04_07-04
[2026-04-04T07:04:01.775+0000] {logging_mixin.py:188} WARNING - [2026-04-04 07:04:01] INFO    etl.extract : ======================================================================
[2026-04-04T07:04:01.775+0000] {extract.py:296} INFO - ======================================================================
[2026-04-04T07:04:01.777+0000] {logging_mixin.py:188} WARNING - [2026-04-04 07:04:01] INFO    etl.extract :  FULL EXTRACT HOÀN TẤT
[2026-04-04T07:04:01.777+0000] {extract.py:297} INFO -  FULL EXTRACT HOÀN TẤT
[2026-04-04T07:04:01.779+0000] {logging_mixin.py:188} WARNING - [2026-04-04 07:04:01] INFO    etl.extract :    khoa                     :        4
[2026-04-04T07:04:01.779+0000] {extract.py:299} INFO -    khoa                     :        4
[2026-04-04T07:04:01.781+0000] {logging_mixin.py:188} WARNING - [2026-04-04 07:04:01] INFO    etl.extract :    nganh                    :        3
[2026-04-04T07:04:01.781+0000] {extract.py:299} INFO -    nganh                    :        3
[2026-04-04T07:04:01.782+0000] {logging_mixin.py:188} WARNING - [2026-04-04 07:04:01] INFO    etl.extract :    giang_vien               :       45
[2026-04-04T07:04:01.782+0000] {extract.py:299} INFO -    giang_vien               :       45
[2026-04-04T07:04:01.783+0000] {logging_mixin.py:188} WARNING - [2026-04-04 07:04:01] INFO    etl.extract :    lop_hanh_chinh           :       48
[2026-04-04T07:04:01.783+0000] {extract.py:299} INFO -    lop_hanh_chinh           :       48
[2026-04-04T07:04:01.785+0000] {logging_mixin.py:188} WARNING - [2026-04-04 07:04:01] INFO    etl.extract :    sinh_vien                :    1,695
[2026-04-04T07:04:01.784+0000] {extract.py:299} INFO -    sinh_vien                :    1,695
[2026-04-04T07:04:01.786+0000] {logging_mixin.py:188} WARNING - [2026-04-04 07:04:01] INFO    etl.extract :    hoc_phan                 :      121
[2026-04-04T07:04:01.786+0000] {extract.py:299} INFO -    hoc_phan                 :      121
[2026-04-04T07:04:01.789+0000] {logging_mixin.py:188} WARNING - [2026-04-04 07:04:01] INFO    etl.extract :    hoc_ky_nam_hoc           :        9
[2026-04-04T07:04:01.789+0000] {extract.py:299} INFO -    hoc_ky_nam_hoc           :        9
[2026-04-04T07:04:01.793+0000] {logging_mixin.py:188} WARNING - [2026-04-04 07:04:01] INFO    etl.extract :    dang_ky_hoc_phan         :   58,001
[2026-04-04T07:04:01.793+0000] {extract.py:299} INFO -    dang_ky_hoc_phan         :   58,001
[2026-04-04T07:04:01.796+0000] {logging_mixin.py:188} WARNING - [2026-04-04 07:04:01] INFO    etl.extract :    diem_hoc_phan            :   58,001
[2026-04-04T07:04:01.796+0000] {extract.py:299} INFO -    diem_hoc_phan            :   58,001
[2026-04-04T07:04:01.797+0000] {logging_mixin.py:188} WARNING - [2026-04-04 07:04:01] INFO    etl.extract :    tong_hop_ket_qua         :    1,695
[2026-04-04T07:04:01.797+0000] {extract.py:299} INFO -    tong_hop_ket_qua         :    1,695
[2026-04-04T07:04:01.800+0000] {logging_mixin.py:188} WARNING - [2026-04-04 07:04:01] INFO    etl.extract :    ctsv_data                :    9,629
[2026-04-04T07:04:01.800+0000] {extract.py:299} INFO -    ctsv_data                :    9,629
[2026-04-04T07:04:01.802+0000] {logging_mixin.py:188} WARNING - [2026-04-04 07:04:01] INFO    etl.extract :    tai_chinh_data           :    9,238
[2026-04-04T07:04:01.802+0000] {extract.py:299} INFO -    tai_chinh_data           :    9,238
[2026-04-04T07:04:01.803+0000] {logging_mixin.py:188} WARNING - [2026-04-04 07:04:01] INFO    etl.extract : ======================================================================
[2026-04-04T07:04:01.803+0000] {extract.py:300} INFO - ======================================================================
[2026-04-04T07:04:01.850+0000] {logging_mixin.py:188} INFO - Extract xong: {'khoa': 4, 'nganh': 3, 'giang_vien': 45, 'lop_hanh_chinh': 48, 'sinh_vien': 1695, 'hoc_phan': 121, 'hoc_ky_nam_hoc': 9, 'dang_ky_hoc_phan': 58001, 'diem_hoc_phan': 58001, 'tong_hop_ket_qua': 1695, 'ctsv_data': 9629, 'tai_chinh_data': 9238}
[2026-04-04T07:04:01.872+0000] {python.py:201} INFO - Done. Returned value was: {'khoa': 4, 'nganh': 3, 'giang_vien': 45, 'lop_hanh_chinh': 48, 'sinh_vien': 1695, 'hoc_phan': 121, 'hoc_ky_nam_hoc': 9, 'dang_ky_hoc_phan': 58001, 'diem_hoc_phan': 58001, 'tong_hop_ket_qua': 1695, 'ctsv_data': 9629, 'tai_chinh_data': 9238}
[2026-04-04T07:04:01.905+0000] {taskinstance.py:1138} INFO - Marking task as SUCCESS. dag_id=daily_student_pipeline, task_id=extract_data, execution_date=20260404T070354, start_date=20260404T070356, end_date=20260404T070401
[2026-04-04T07:04:01.956+0000] {local_task_job_runner.py:234} INFO - Task exited with return code 0
[2026-04-04T07:04:01.980+0000] {taskinstance.py:3280} INFO - 0 downstream tasks scheduled from follow-on schedule check
