[2026-05-02T02:00:09.812+0000] {taskinstance.py:1956} INFO - Dependencies all met for dep_context=non-requeueable deps ti=<TaskInstance: daily_student_pipeline.extract_group.extract_api scheduled__2026-05-01T02:00:00+00:00 [queued]>
[2026-05-02T02:00:09.820+0000] {taskinstance.py:1956} INFO - Dependencies all met for dep_context=requeueable deps ti=<TaskInstance: daily_student_pipeline.extract_group.extract_api scheduled__2026-05-01T02:00:00+00:00 [queued]>
[2026-05-02T02:00:09.821+0000] {taskinstance.py:2170} INFO - Starting attempt 1 of 1
[2026-05-02T02:00:09.837+0000] {taskinstance.py:2191} INFO - Executing <Task(PythonOperator): extract_group.extract_api> on 2026-05-01 02:00:00+00:00
[2026-05-02T02:00:09.842+0000] {standard_task_runner.py:60} INFO - Started process 11208 to run task
[2026-05-02T02:00:09.844+0000] {standard_task_runner.py:87} INFO - Running: ['***', 'tasks', 'run', 'daily_student_pipeline', 'extract_group.extract_api', 'scheduled__2026-05-01T02:00:00+00:00', '--job-id', '605', '--raw', '--subdir', 'DAGS_FOLDER/daily_student_pipeline.py', '--cfg-path', '/tmp/tmpti7p4n4x']
[2026-05-02T02:00:09.847+0000] {standard_task_runner.py:88} INFO - Job 605: Subtask extract_group.extract_api
[2026-05-02T02:00:09.912+0000] {task_command.py:423} INFO - Running <TaskInstance: daily_student_pipeline.extract_group.extract_api scheduled__2026-05-01T02:00:00+00:00 [running]> on host 485f600440bc
[2026-05-02T02:00:10.005+0000] {taskinstance.py:2480} INFO - Exporting env vars: AIRFLOW_CTX_DAG_OWNER='nhom8' AIRFLOW_CTX_DAG_ID='daily_student_pipeline' AIRFLOW_CTX_TASK_ID='extract_group.extract_api' AIRFLOW_CTX_EXECUTION_DATE='2026-05-01T02:00:00+00:00' AIRFLOW_CTX_TRY_NUMBER='1' AIRFLOW_CTX_DAG_RUN_ID='scheduled__2026-05-01T02:00:00+00:00'
[2026-05-02T02:00:10.741+0000] {extract.py:67} INFO -   PostgreSQL | hoc_ky_nam_hoc            →     13 records
[2026-05-02T02:00:10.742+0000] {extract.py:367} INFO - ════════════════════════════════════════════════════════════
[2026-05-02T02:00:10.742+0000] {extract.py:368} INFO - NGUỒN 3 — API/JSON (Portal Tài chính) | Extract
[2026-05-02T02:00:10.743+0000] {extract.py:369} INFO - ════════════════════════════════════════════════════════════
[2026-05-02T02:00:10.748+0000] {extract.py:253} INFO -   API | Tìm thấy 14 JSON file trong: /opt/***/data/api_json
[2026-05-02T02:00:10.874+0000] {extract.py:392} INFO -   API | (taichinh_all.json) → 9,670 records (dedup: 69)
[2026-05-02T02:00:11.347+0000] {minio_client.py:142} INFO -   MinIO ↑ [raw-data] 2026-05-02_02-00/nguon3_tai_chinh.parquet (89.3 KB | 9,670 rows)
[2026-05-02T02:00:11.359+0000] {logging_mixin.py:188} INFO - [Extract API] 9,670 records | run_id=2026-05-02_02-00
[2026-05-02T02:00:11.361+0000] {python.py:201} INFO - Done. Returned value was: 9670
[2026-05-02T02:00:11.648+0000] {taskinstance.py:1138} INFO - Marking task as SUCCESS. dag_id=daily_student_pipeline, task_id=extract_group.extract_api, execution_date=20260501T020000, start_date=20260502T020009, end_date=20260502T020011
[2026-05-02T02:00:11.716+0000] {local_task_job_runner.py:234} INFO - Task exited with return code 0
[2026-05-02T02:00:11.764+0000] {taskinstance.py:3280} INFO - 0 downstream tasks scheduled from follow-on schedule check
