[2026-04-06T06:22:01.283+0000] {taskinstance.py:1956} INFO - Dependencies all met for dep_context=non-requeueable deps ti=<TaskInstance: daily_student_pipeline.extract_data scheduled__2026-04-05T02:00:00+00:00 [queued]>
[2026-04-06T06:22:01.296+0000] {taskinstance.py:1956} INFO - Dependencies all met for dep_context=requeueable deps ti=<TaskInstance: daily_student_pipeline.extract_data scheduled__2026-04-05T02:00:00+00:00 [queued]>
[2026-04-06T06:22:01.297+0000] {taskinstance.py:2170} INFO - Starting attempt 1 of 1
[2026-04-06T06:22:01.317+0000] {taskinstance.py:2191} INFO - Executing <Task(PythonOperator): extract_data> on 2026-04-05 02:00:00+00:00
[2026-04-06T06:22:01.324+0000] {standard_task_runner.py:60} INFO - Started process 202 to run task
[2026-04-06T06:22:01.328+0000] {standard_task_runner.py:87} INFO - Running: ['***', 'tasks', 'run', 'daily_student_pipeline', 'extract_data', 'scheduled__2026-04-05T02:00:00+00:00', '--job-id', '256', '--raw', '--subdir', 'DAGS_FOLDER/daily_student_pipeline.py', '--cfg-path', '/tmp/tmp1qrouzof']
[2026-04-06T06:22:01.331+0000] {standard_task_runner.py:88} INFO - Job 256: Subtask extract_data
[2026-04-06T06:22:01.437+0000] {task_command.py:423} INFO - Running <TaskInstance: daily_student_pipeline.extract_data scheduled__2026-04-05T02:00:00+00:00 [running]> on host 1c62953c8918
[2026-04-06T06:22:01.577+0000] {taskinstance.py:2480} INFO - Exporting env vars: AIRFLOW_CTX_DAG_OWNER='nhom8' AIRFLOW_CTX_DAG_ID='daily_student_pipeline' AIRFLOW_CTX_TASK_ID='extract_data' AIRFLOW_CTX_EXECUTION_DATE='2026-04-05T02:00:00+00:00' AIRFLOW_CTX_TRY_NUMBER='1' AIRFLOW_CTX_DAG_RUN_ID='scheduled__2026-04-05T02:00:00+00:00'
[2026-04-06T06:22:02.945+0000] {logging_mixin.py:188} WARNING - [2026-04-06 06:22:02] INFO    etl.extract : ==BẮT ĐẦU FULL EXTRACT==
[2026-04-06T06:22:02.945+0000] {extract.py:277} INFO - ==BẮT ĐẦU FULL EXTRACT==
[2026-04-06T06:22:02.947+0000] {logging_mixin.py:188} WARNING - [2026-04-06 06:22:02] INFO    etl.extract : ======================================================================
[2026-04-06T06:22:02.947+0000] {extract.py:278} INFO - ======================================================================
[2026-04-06T06:22:02.957+0000] {logging_mixin.py:188} WARNING - [2026-04-06 06:22:02] INFO    etl.extract : ════════════════════════════════════════════════════════════
[2026-04-06T06:22:02.957+0000] {extract.py:82} INFO - ════════════════════════════════════════════════════════════
[2026-04-06T06:22:02.959+0000] {logging_mixin.py:188} WARNING - [2026-04-06 06:22:02] INFO    etl.extract : NGUỒN 1 — PostgreSQL (Phòng Đào tạo) | Full Extract
[2026-04-06T06:22:02.959+0000] {extract.py:83} INFO - NGUỒN 1 — PostgreSQL (Phòng Đào tạo) | Full Extract
[2026-04-06T06:22:02.961+0000] {logging_mixin.py:188} WARNING - [2026-04-06 06:22:02] INFO    etl.extract : ════════════════════════════════════════════════════════════
[2026-04-06T06:22:02.960+0000] {extract.py:84} INFO - ════════════════════════════════════════════════════════════
[2026-04-06T06:22:03.137+0000] {logging_mixin.py:188} WARNING - [2026-04-06 06:22:03] INFO    etl.extract :   PostgreSQL | khoa                      →      4 records
[2026-04-06T06:22:03.137+0000] {extract.py:66} INFO -   PostgreSQL | khoa                      →      4 records
[2026-04-06T06:22:03.180+0000] {logging_mixin.py:188} WARNING - [2026-04-06 06:22:03] INFO    etl.extract :   PostgreSQL | nganh                     →      3 records
[2026-04-06T06:22:03.179+0000] {extract.py:66} INFO -   PostgreSQL | nganh                     →      3 records
[2026-04-06T06:22:03.222+0000] {logging_mixin.py:188} WARNING - [2026-04-06 06:22:03] INFO    etl.extract :   PostgreSQL | giang_vien                →     45 records
[2026-04-06T06:22:03.221+0000] {extract.py:66} INFO -   PostgreSQL | giang_vien                →     45 records
[2026-04-06T06:22:03.290+0000] {logging_mixin.py:188} WARNING - [2026-04-06 06:22:03] INFO    etl.extract :   PostgreSQL | lop_hanh_chinh            →     48 records
[2026-04-06T06:22:03.290+0000] {extract.py:66} INFO -   PostgreSQL | lop_hanh_chinh            →     48 records
[2026-04-06T06:22:03.430+0000] {logging_mixin.py:188} WARNING - [2026-04-06 06:22:03] INFO    etl.extract :   PostgreSQL | sinh_vien                 →  1,695 records
[2026-04-06T06:22:03.430+0000] {extract.py:66} INFO -   PostgreSQL | sinh_vien                 →  1,695 records
[2026-04-06T06:22:03.505+0000] {logging_mixin.py:188} WARNING - [2026-04-06 06:22:03] INFO    etl.extract :   PostgreSQL | hoc_phan                  →    121 records
[2026-04-06T06:22:03.504+0000] {extract.py:66} INFO -   PostgreSQL | hoc_phan                  →    121 records
[2026-04-06T06:22:03.539+0000] {logging_mixin.py:188} WARNING - [2026-04-06 06:22:03] INFO    etl.extract :   PostgreSQL | hoc_ky_nam_hoc            →      9 records
[2026-04-06T06:22:03.539+0000] {extract.py:66} INFO -   PostgreSQL | hoc_ky_nam_hoc            →      9 records
[2026-04-06T06:22:04.199+0000] {logging_mixin.py:188} WARNING - [2026-04-06 06:22:04] INFO    etl.extract :   PostgreSQL | dang_ky_hoc_phan          → 58,001 records
[2026-04-06T06:22:04.198+0000] {extract.py:66} INFO -   PostgreSQL | dang_ky_hoc_phan          → 58,001 records
[2026-04-06T06:22:05.657+0000] {logging_mixin.py:188} WARNING - [2026-04-06 06:22:05] INFO    etl.extract :   PostgreSQL | diem_hoc_phan             → 58,001 records
[2026-04-06T06:22:05.657+0000] {extract.py:66} INFO -   PostgreSQL | diem_hoc_phan             → 58,001 records
[2026-04-06T06:22:05.765+0000] {logging_mixin.py:188} WARNING - [2026-04-06 06:22:05] INFO    etl.extract :   PostgreSQL | tong_hop_ket_qua          →  1,695 records
[2026-04-06T06:22:05.765+0000] {extract.py:66} INFO -   PostgreSQL | tong_hop_ket_qua          →  1,695 records
[2026-04-06T06:22:05.767+0000] {logging_mixin.py:188} WARNING - [2026-04-06 06:22:05] INFO    etl.extract :   PostgreSQL | TỔNG: 119,622 records từ 10 bảng
[2026-04-06T06:22:05.767+0000] {extract.py:91} INFO -   PostgreSQL | TỔNG: 119,622 records từ 10 bảng
[2026-04-06T06:22:05.769+0000] {logging_mixin.py:188} WARNING - [2026-04-06 06:22:05] INFO    etl.extract : ════════════════════════════════════════════════════════════
[2026-04-06T06:22:05.769+0000] {extract.py:163} INFO - ════════════════════════════════════════════════════════════
[2026-04-06T06:22:05.770+0000] {logging_mixin.py:188} WARNING - [2026-04-06 06:22:05] INFO    etl.extract : NGUỒN 2 — CSV (Phòng CTSV) | Extract
[2026-04-06T06:22:05.770+0000] {extract.py:164} INFO - NGUỒN 2 — CSV (Phòng CTSV) | Extract
[2026-04-06T06:22:05.771+0000] {logging_mixin.py:188} WARNING - [2026-04-06 06:22:05] INFO    etl.extract : ════════════════════════════════════════════════════════════
[2026-04-06T06:22:05.771+0000] {extract.py:165} INFO - ════════════════════════════════════════════════════════════
[2026-04-06T06:22:05.777+0000] {logging_mixin.py:188} WARNING - [2026-04-06 06:22:05] INFO    etl.extract :   CSV | Tìm thấy 9 file(s)
[2026-04-06T06:22:05.777+0000] {extract.py:174} INFO -   CSV | Tìm thấy 9 file(s)
[2026-04-06T06:22:05.278+0000] {logging_mixin.py:188} WARNING - [2026-04-06 06:22:05] INFO    etl.extract :   CSV | ctsv_HK1_2021_22.csv                →    780 records
[2026-04-06T06:22:05.278+0000] {extract.py:140} INFO -   CSV | ctsv_HK1_2021_22.csv                →    780 records
[2026-04-06T06:22:05.324+0000] {logging_mixin.py:188} WARNING - [2026-04-06 06:22:05] INFO    etl.extract :   CSV | ctsv_HK1_2022_23.csv                →  1,611 records
[2026-04-06T06:22:05.324+0000] {extract.py:140} INFO -   CSV | ctsv_HK1_2022_23.csv                →  1,611 records
[2026-04-06T06:22:05.373+0000] {logging_mixin.py:188} WARNING - [2026-04-06 06:22:05] INFO    etl.extract :   CSV | ctsv_HK1_2023_24.csv                →  2,466 records
[2026-04-06T06:22:05.372+0000] {extract.py:140} INFO -   CSV | ctsv_HK1_2023_24.csv                →  2,466 records
[2026-04-06T06:22:05.532+0000] {logging_mixin.py:188} WARNING - [2026-04-06 06:22:05] INFO    etl.extract :   CSV | ctsv_HK1_2024_25.csv                →  3,306 records
[2026-04-06T06:22:05.532+0000] {extract.py:140} INFO -   CSV | ctsv_HK1_2024_25.csv                →  3,306 records
[2026-04-06T06:22:05.571+0000] {logging_mixin.py:188} WARNING - [2026-04-06 06:22:05] INFO    etl.extract :   CSV | ctsv_HK1_2025_26.csv                →  2,506 records
[2026-04-06T06:22:05.571+0000] {extract.py:140} INFO -   CSV | ctsv_HK1_2025_26.csv                →  2,506 records
[2026-04-06T06:22:05.597+0000] {logging_mixin.py:188} WARNING - [2026-04-06 06:22:05] INFO    etl.extract :   CSV | ctsv_HK2_2021_22.csv                →    780 records
[2026-04-06T06:22:05.597+0000] {extract.py:140} INFO -   CSV | ctsv_HK2_2021_22.csv                →    780 records
[2026-04-06T06:22:05.631+0000] {logging_mixin.py:188} WARNING - [2026-04-06 06:22:05] INFO    etl.extract :   CSV | ctsv_HK2_2022_23.csv                →  1,604 records
[2026-04-06T06:22:05.631+0000] {extract.py:140} INFO -   CSV | ctsv_HK2_2022_23.csv                →  1,604 records
[2026-04-06T06:22:05.660+0000] {logging_mixin.py:188} WARNING - [2026-04-06 06:22:05] INFO    etl.extract :   CSV | ctsv_HK2_2023_24.csv                →  2,453 records
[2026-04-06T06:22:05.660+0000] {extract.py:140} INFO -   CSV | ctsv_HK2_2023_24.csv                →  2,453 records
[2026-04-06T06:22:05.748+0000] {logging_mixin.py:188} WARNING - [2026-04-06 06:22:05] INFO    etl.extract :   CSV | ctsv_HK2_2024_25.csv                →  2,915 records
[2026-04-06T06:22:05.748+0000] {extract.py:140} INFO -   CSV | ctsv_HK2_2024_25.csv                →  2,915 records
[2026-04-06T06:22:05.759+0000] {logging_mixin.py:188} WARNING - [2026-04-06 06:22:05] INFO    etl.extract :   CSV | Loại bỏ 9183 bản ghi trùng
[2026-04-06T06:22:05.758+0000] {extract.py:191} INFO -   CSV | Loại bỏ 9183 bản ghi trùng
[2026-04-06T06:22:05.761+0000] {logging_mixin.py:188} WARNING - [2026-04-06 06:22:05] INFO    etl.extract :   CSV | TỔNG: 9,238 records từ 9 file(s)
[2026-04-06T06:22:05.761+0000] {extract.py:193} INFO -   CSV | TỔNG: 9,238 records từ 9 file(s)
[2026-04-06T06:22:05.805+0000] {logging_mixin.py:188} WARNING - [2026-04-06 06:22:05] INFO    etl.extract :   API | (JSON) taichinh_HK1_2021_22.json →    390 records
[2026-04-06T06:22:05.805+0000] {extract.py:242} INFO -   API | (JSON) taichinh_HK1_2021_22.json →    390 records
[2026-04-06T06:22:05.863+0000] {logging_mixin.py:188} WARNING - [2026-04-06 06:22:05] INFO    etl.extract :   API | (JSON) taichinh_HK1_2022_23.json →    802 records
[2026-04-06T06:22:05.862+0000] {extract.py:242} INFO -   API | (JSON) taichinh_HK1_2022_23.json →    802 records
[2026-04-06T06:22:05.929+0000] {logging_mixin.py:188} WARNING - [2026-04-06 06:22:05] INFO    etl.extract :   API | (JSON) taichinh_HK1_2023_24.json →  1,229 records
[2026-04-06T06:22:05.929+0000] {extract.py:242} INFO -   API | (JSON) taichinh_HK1_2023_24.json →  1,229 records
[2026-04-06T06:22:06.001+0000] {logging_mixin.py:188} WARNING - [2026-04-06 06:22:06] INFO    etl.extract :   API | (JSON) taichinh_HK1_2024_25.json →  1,646 records
[2026-04-06T06:22:06.001+0000] {extract.py:242} INFO -   API | (JSON) taichinh_HK1_2024_25.json →  1,646 records
[2026-04-06T06:22:06.067+0000] {logging_mixin.py:188} WARNING - [2026-04-06 06:22:06] INFO    etl.extract :   API | (JSON) taichinh_HK1_2025_26.json →  1,245 records
[2026-04-06T06:22:06.067+0000] {extract.py:242} INFO -   API | (JSON) taichinh_HK1_2025_26.json →  1,245 records
[2026-04-06T06:22:06.116+0000] {logging_mixin.py:188} WARNING - [2026-04-06 06:22:06] INFO    etl.extract :   API | (JSON) taichinh_HK2_2021_22.json →    390 records
[2026-04-06T06:22:06.116+0000] {extract.py:242} INFO -   API | (JSON) taichinh_HK2_2021_22.json →    390 records
[2026-04-06T06:22:06.169+0000] {logging_mixin.py:188} WARNING - [2026-04-06 06:22:06] INFO    etl.extract :   API | (JSON) taichinh_HK2_2022_23.json →    799 records
[2026-04-06T06:22:06.169+0000] {extract.py:242} INFO -   API | (JSON) taichinh_HK2_2022_23.json →    799 records
[2026-04-06T06:22:06.232+0000] {logging_mixin.py:188} WARNING - [2026-04-06 06:22:06] INFO    etl.extract :   API | (JSON) taichinh_HK2_2023_24.json →  1,223 records
[2026-04-06T06:22:06.232+0000] {extract.py:242} INFO -   API | (JSON) taichinh_HK2_2023_24.json →  1,223 records
[2026-04-06T06:22:06.283+0000] {logging_mixin.py:188} WARNING - [2026-04-06 06:22:06] INFO    etl.extract :   API | (JSON) taichinh_HK2_2024_25.json →  1,514 records
[2026-04-06T06:22:06.283+0000] {extract.py:242} INFO -   API | (JSON) taichinh_HK2_2024_25.json →  1,514 records
[2026-04-06T06:22:06.286+0000] {logging_mixin.py:188} WARNING - [2026-04-06 06:22:06] INFO    etl.extract :   API | TỔNG: 9,238 records từ 9 HK
[2026-04-06T06:22:06.286+0000] {extract.py:266} INFO -   API | TỔNG: 9,238 records từ 9 HK
[2026-04-06T06:22:07.524+0000] {logging_mixin.py:188} WARNING - [2026-04-06 06:22:07] INFO    utils.minio :   MinIO ↑ [raw-data] 2026-04-06_06-22/nguon1_sinh_vien.parquet (48.7 KB | 1,695 rows)
[2026-04-06T06:22:07.524+0000] {minio_client.py:142} INFO -   MinIO ↑ [raw-data] 2026-04-06_06-22/nguon1_sinh_vien.parquet (48.7 KB | 1,695 rows)
[2026-04-06T06:22:07.636+0000] {logging_mixin.py:188} WARNING - [2026-04-06 06:22:07] INFO    utils.minio :   MinIO ↑ [raw-data] 2026-04-06_06-22/nguon1_dang_ky.parquet (493.4 KB | 58,001 rows)
[2026-04-06T06:22:07.636+0000] {minio_client.py:142} INFO -   MinIO ↑ [raw-data] 2026-04-06_06-22/nguon1_dang_ky.parquet (493.4 KB | 58,001 rows)
[2026-04-06T06:22:07.733+0000] {logging_mixin.py:188} WARNING - [2026-04-06 06:22:07] INFO    utils.minio :   MinIO ↑ [raw-data] 2026-04-06_06-22/nguon1_diem.parquet (1187.9 KB | 58,001 rows)
[2026-04-06T06:22:07.733+0000] {minio_client.py:142} INFO -   MinIO ↑ [raw-data] 2026-04-06_06-22/nguon1_diem.parquet (1187.9 KB | 58,001 rows)
[2026-04-06T06:22:07.759+0000] {logging_mixin.py:188} WARNING - [2026-04-06 06:22:07] INFO    utils.minio :   MinIO ↑ [raw-data] 2026-04-06_06-22/nguon1_hoc_phan.parquet (10.3 KB | 121 rows)
[2026-04-06T06:22:07.759+0000] {minio_client.py:142} INFO -   MinIO ↑ [raw-data] 2026-04-06_06-22/nguon1_hoc_phan.parquet (10.3 KB | 121 rows)
[2026-04-06T06:22:07.779+0000] {logging_mixin.py:188} WARNING - [2026-04-06 06:22:07] INFO    utils.minio :   MinIO ↑ [raw-data] 2026-04-06_06-22/nguon1_hoc_ky.parquet (4.1 KB | 9 rows)
[2026-04-06T06:22:07.779+0000] {minio_client.py:142} INFO -   MinIO ↑ [raw-data] 2026-04-06_06-22/nguon1_hoc_ky.parquet (4.1 KB | 9 rows)
[2026-04-06T06:22:07.797+0000] {logging_mixin.py:188} WARNING - [2026-04-06 06:22:07] INFO    utils.minio :   MinIO ↑ [raw-data] 2026-04-06_06-22/nguon1_giang_vien.parquet (8.3 KB | 45 rows)
[2026-04-06T06:22:07.797+0000] {minio_client.py:142} INFO -   MinIO ↑ [raw-data] 2026-04-06_06-22/nguon1_giang_vien.parquet (8.3 KB | 45 rows)
[2026-04-06T06:22:07.815+0000] {logging_mixin.py:188} WARNING - [2026-04-06 06:22:07] INFO    utils.minio :   MinIO ↑ [raw-data] 2026-04-06_06-22/nguon1_khoa.parquet (2.6 KB | 4 rows)
[2026-04-06T06:22:07.815+0000] {minio_client.py:142} INFO -   MinIO ↑ [raw-data] 2026-04-06_06-22/nguon1_khoa.parquet (2.6 KB | 4 rows)
[2026-04-06T06:22:07.834+0000] {logging_mixin.py:188} WARNING - [2026-04-06 06:22:07] INFO    utils.minio :   MinIO ↑ [raw-data] 2026-04-06_06-22/nguon1_nganh.parquet (3.2 KB | 3 rows)
[2026-04-06T06:22:07.834+0000] {minio_client.py:142} INFO -   MinIO ↑ [raw-data] 2026-04-06_06-22/nguon1_nganh.parquet (3.2 KB | 3 rows)
[2026-04-06T06:22:07.848+0000] {logging_mixin.py:188} WARNING - [2026-04-06 06:22:07] INFO    utils.minio :   MinIO ↑ [raw-data] 2026-04-06_06-22/nguon1_lop_hanh_chinh.parquet (4.8 KB | 48 rows)
[2026-04-06T06:22:07.848+0000] {minio_client.py:142} INFO -   MinIO ↑ [raw-data] 2026-04-06_06-22/nguon1_lop_hanh_chinh.parquet (4.8 KB | 48 rows)
[2026-04-06T06:22:07.873+0000] {logging_mixin.py:188} WARNING - [2026-04-06 06:22:07] INFO    utils.minio :   MinIO ↑ [raw-data] 2026-04-06_06-22/nguon1_tong_hop_ket_qua.parquet (21.6 KB | 1,695 rows)
[2026-04-06T06:22:07.873+0000] {minio_client.py:142} INFO -   MinIO ↑ [raw-data] 2026-04-06_06-22/nguon1_tong_hop_ket_qua.parquet (21.6 KB | 1,695 rows)
[2026-04-06T06:22:07.908+0000] {logging_mixin.py:188} WARNING - [2026-04-06 06:22:07] INFO    utils.minio :   MinIO ↑ [raw-data] 2026-04-06_06-22/nguon2_ctsv.parquet (38.2 KB | 9,238 rows)
[2026-04-06T06:22:07.907+0000] {minio_client.py:142} INFO -   MinIO ↑ [raw-data] 2026-04-06_06-22/nguon2_ctsv.parquet (38.2 KB | 9,238 rows)
[2026-04-06T06:22:07.932+0000] {logging_mixin.py:188} WARNING - [2026-04-06 06:22:07] INFO    utils.minio :   MinIO ↑ [raw-data] 2026-04-06_06-22/nguon3_tai_chinh.parquet (66.6 KB | 9,238 rows)
[2026-04-06T06:22:07.932+0000] {minio_client.py:142} INFO -   MinIO ↑ [raw-data] 2026-04-06_06-22/nguon3_tai_chinh.parquet (66.6 KB | 9,238 rows)
[2026-04-06T06:22:07.939+0000] {logging_mixin.py:188} WARNING - [2026-04-06 06:22:07] INFO    utils.minio :   MinIO upload xong: 12/12 files | run_id=2026-04-06_06-22
[2026-04-06T06:22:07.939+0000] {minio_client.py:188} INFO -   MinIO upload xong: 12/12 files | run_id=2026-04-06_06-22
[2026-04-06T06:22:07.940+0000] {logging_mixin.py:188} WARNING - [2026-04-06 06:22:07] INFO    etl.extract :   MinIO staging: 12/12 files OK → run_id=2026-04-06_06-22
[2026-04-06T06:22:07.940+0000] {extract.py:333} INFO -   MinIO staging: 12/12 files OK → run_id=2026-04-06_06-22
[2026-04-06T06:22:07.944+0000] {logging_mixin.py:188} WARNING - [2026-04-06 06:22:07] INFO    etl.extract : ======================================================================
[2026-04-06T06:22:07.944+0000] {extract.py:296} INFO - ======================================================================
[2026-04-06T06:22:07.946+0000] {logging_mixin.py:188} WARNING - [2026-04-06 06:22:07] INFO    etl.extract :  FULL EXTRACT HOÀN TẤT
[2026-04-06T06:22:07.946+0000] {extract.py:297} INFO -  FULL EXTRACT HOÀN TẤT
[2026-04-06T06:22:07.948+0000] {logging_mixin.py:188} WARNING - [2026-04-06 06:22:07] INFO    etl.extract :    khoa                     :        4
[2026-04-06T06:22:07.948+0000] {extract.py:299} INFO -    khoa                     :        4
[2026-04-06T06:22:07.952+0000] {logging_mixin.py:188} WARNING - [2026-04-06 06:22:07] INFO    etl.extract :    nganh                    :        3
[2026-04-06T06:22:07.952+0000] {extract.py:299} INFO -    nganh                    :        3
[2026-04-06T06:22:07.955+0000] {logging_mixin.py:188} WARNING - [2026-04-06 06:22:07] INFO    etl.extract :    giang_vien               :       45
[2026-04-06T06:22:07.955+0000] {extract.py:299} INFO -    giang_vien               :       45
[2026-04-06T06:22:07.957+0000] {logging_mixin.py:188} WARNING - [2026-04-06 06:22:07] INFO    etl.extract :    lop_hanh_chinh           :       48
[2026-04-06T06:22:07.956+0000] {extract.py:299} INFO -    lop_hanh_chinh           :       48
[2026-04-06T06:22:07.959+0000] {logging_mixin.py:188} WARNING - [2026-04-06 06:22:07] INFO    etl.extract :    sinh_vien                :    1,695
[2026-04-06T06:22:07.959+0000] {extract.py:299} INFO -    sinh_vien                :    1,695
[2026-04-06T06:22:07.962+0000] {logging_mixin.py:188} WARNING - [2026-04-06 06:22:07] INFO    etl.extract :    hoc_phan                 :      121
[2026-04-06T06:22:07.961+0000] {extract.py:299} INFO -    hoc_phan                 :      121
[2026-04-06T06:22:07.965+0000] {logging_mixin.py:188} WARNING - [2026-04-06 06:22:07] INFO    etl.extract :    hoc_ky_nam_hoc           :        9
[2026-04-06T06:22:07.965+0000] {extract.py:299} INFO -    hoc_ky_nam_hoc           :        9
[2026-04-06T06:22:07.968+0000] {logging_mixin.py:188} WARNING - [2026-04-06 06:22:07] INFO    etl.extract :    dang_ky_hoc_phan         :   58,001
[2026-04-06T06:22:07.968+0000] {extract.py:299} INFO -    dang_ky_hoc_phan         :   58,001
[2026-04-06T06:22:07.970+0000] {logging_mixin.py:188} WARNING - [2026-04-06 06:22:07] INFO    etl.extract :    diem_hoc_phan            :   58,001
[2026-04-06T06:22:07.970+0000] {extract.py:299} INFO -    diem_hoc_phan            :   58,001
[2026-04-06T06:22:07.972+0000] {logging_mixin.py:188} WARNING - [2026-04-06 06:22:07] INFO    etl.extract :    tong_hop_ket_qua         :    1,695
[2026-04-06T06:22:07.972+0000] {extract.py:299} INFO -    tong_hop_ket_qua         :    1,695
[2026-04-06T06:22:07.974+0000] {logging_mixin.py:188} WARNING - [2026-04-06 06:22:07] INFO    etl.extract :    ctsv_data                :    9,238
[2026-04-06T06:22:07.974+0000] {extract.py:299} INFO -    ctsv_data                :    9,238
[2026-04-06T06:22:07.976+0000] {logging_mixin.py:188} WARNING - [2026-04-06 06:22:07] INFO    etl.extract :    tai_chinh_data           :    9,238
[2026-04-06T06:22:07.976+0000] {extract.py:299} INFO -    tai_chinh_data           :    9,238
[2026-04-06T06:22:07.977+0000] {logging_mixin.py:188} WARNING - [2026-04-06 06:22:07] INFO    etl.extract : ======================================================================
[2026-04-06T06:22:07.977+0000] {extract.py:300} INFO - ======================================================================
[2026-04-06T06:22:08.046+0000] {logging_mixin.py:188} INFO - Extract xong: {'khoa': 4, 'nganh': 3, 'giang_vien': 45, 'lop_hanh_chinh': 48, 'sinh_vien': 1695, 'hoc_phan': 121, 'hoc_ky_nam_hoc': 9, 'dang_ky_hoc_phan': 58001, 'diem_hoc_phan': 58001, 'tong_hop_ket_qua': 1695, 'ctsv_data': 9238, 'tai_chinh_data': 9238}
[2026-04-06T06:22:08.067+0000] {python.py:201} INFO - Done. Returned value was: {'khoa': 4, 'nganh': 3, 'giang_vien': 45, 'lop_hanh_chinh': 48, 'sinh_vien': 1695, 'hoc_phan': 121, 'hoc_ky_nam_hoc': 9, 'dang_ky_hoc_phan': 58001, 'diem_hoc_phan': 58001, 'tong_hop_ket_qua': 1695, 'ctsv_data': 9238, 'tai_chinh_data': 9238}
[2026-04-06T06:22:08.118+0000] {taskinstance.py:1138} INFO - Marking task as SUCCESS. dag_id=daily_student_pipeline, task_id=extract_data, execution_date=20260405T020000, start_date=20260406T062201, end_date=20260406T062208
[2026-04-06T06:22:08.194+0000] {local_task_job_runner.py:234} INFO - Task exited with return code 0
[2026-04-06T06:22:08.240+0000] {taskinstance.py:3280} INFO - 1 downstream tasks scheduled from follow-on schedule check
