[2026-04-18T14:13:56.082+0000] {taskinstance.py:1956} INFO - Dependencies all met for dep_context=non-requeueable deps ti=<TaskInstance: daily_student_pipeline.extract_data manual__2026-04-18T14:13:54.746669+00:00 [queued]>
[2026-04-18T14:13:56.091+0000] {taskinstance.py:1956} INFO - Dependencies all met for dep_context=requeueable deps ti=<TaskInstance: daily_student_pipeline.extract_data manual__2026-04-18T14:13:54.746669+00:00 [queued]>
[2026-04-18T14:13:56.092+0000] {taskinstance.py:2170} INFO - Starting attempt 1 of 1
[2026-04-18T14:13:56.106+0000] {taskinstance.py:2191} INFO - Executing <Task(PythonOperator): extract_data> on 2026-04-18 14:13:54.746669+00:00
[2026-04-18T14:13:56.111+0000] {standard_task_runner.py:60} INFO - Started process 1151 to run task
[2026-04-18T14:13:56.115+0000] {standard_task_runner.py:87} INFO - Running: ['***', 'tasks', 'run', 'daily_student_pipeline', 'extract_data', 'manual__2026-04-18T14:13:54.746669+00:00', '--job-id', '317', '--raw', '--subdir', 'DAGS_FOLDER/daily_student_pipeline.py', '--cfg-path', '/tmp/tmpwdefkkei']
[2026-04-18T14:13:56.118+0000] {standard_task_runner.py:88} INFO - Job 317: Subtask extract_data
[2026-04-18T14:13:56.200+0000] {task_command.py:423} INFO - Running <TaskInstance: daily_student_pipeline.extract_data manual__2026-04-18T14:13:54.746669+00:00 [running]> on host dc2680f839d5
[2026-04-18T14:13:56.336+0000] {taskinstance.py:2480} INFO - Exporting env vars: AIRFLOW_CTX_DAG_OWNER='nhom8' AIRFLOW_CTX_DAG_ID='daily_student_pipeline' AIRFLOW_CTX_TASK_ID='extract_data' AIRFLOW_CTX_EXECUTION_DATE='2026-04-18T14:13:54.746669+00:00' AIRFLOW_CTX_TRY_NUMBER='1' AIRFLOW_CTX_DAG_RUN_ID='manual__2026-04-18T14:13:54.746669+00:00'
[2026-04-18T14:13:57.619+0000] {logging_mixin.py:188} WARNING - [2026-04-18 14:13:57] INFO    etl.extract : ==BẮT ĐẦU FULL EXTRACT==
[2026-04-18T14:13:57.619+0000] {extract.py:279} INFO - ==BẮT ĐẦU FULL EXTRACT==
[2026-04-18T14:13:57.621+0000] {logging_mixin.py:188} WARNING - [2026-04-18 14:13:57] INFO    etl.extract : ======================================================================
[2026-04-18T14:13:57.621+0000] {extract.py:280} INFO - ======================================================================
[2026-04-18T14:13:57.627+0000] {logging_mixin.py:188} WARNING - [2026-04-18 14:13:57] INFO    etl.extract : ════════════════════════════════════════════════════════════
[2026-04-18T14:13:57.627+0000] {extract.py:83} INFO - ════════════════════════════════════════════════════════════
[2026-04-18T14:13:57.628+0000] {logging_mixin.py:188} WARNING - [2026-04-18 14:13:57] INFO    etl.extract : NGUỒN 1 — PostgreSQL (Phòng Đào tạo) | Full Extract
[2026-04-18T14:13:57.628+0000] {extract.py:84} INFO - NGUỒN 1 — PostgreSQL (Phòng Đào tạo) | Full Extract
[2026-04-18T14:13:57.629+0000] {logging_mixin.py:188} WARNING - [2026-04-18 14:13:57] INFO    etl.extract : ════════════════════════════════════════════════════════════
[2026-04-18T14:13:57.629+0000] {extract.py:85} INFO - ════════════════════════════════════════════════════════════
[2026-04-18T14:13:57.681+0000] {logging_mixin.py:188} WARNING - [2026-04-18 14:13:57] INFO    etl.extract :   PostgreSQL | khoa                      →      4 records
[2026-04-18T14:13:57.681+0000] {extract.py:67} INFO -   PostgreSQL | khoa                      →      4 records
[2026-04-18T14:13:57.702+0000] {logging_mixin.py:188} WARNING - [2026-04-18 14:13:57] INFO    etl.extract :   PostgreSQL | nganh                     →      3 records
[2026-04-18T14:13:57.702+0000] {extract.py:67} INFO -   PostgreSQL | nganh                     →      3 records
[2026-04-18T14:13:57.728+0000] {logging_mixin.py:188} WARNING - [2026-04-18 14:13:57] INFO    etl.extract :   PostgreSQL | giang_vien                →     45 records
[2026-04-18T14:13:57.728+0000] {extract.py:67} INFO -   PostgreSQL | giang_vien                →     45 records
[2026-04-18T14:13:57.777+0000] {logging_mixin.py:188} WARNING - [2026-04-18 14:13:57] INFO    etl.extract :   PostgreSQL | lop_hanh_chinh            →     48 records
[2026-04-18T14:13:57.777+0000] {extract.py:67} INFO -   PostgreSQL | lop_hanh_chinh            →     48 records
[2026-04-18T14:13:58.741+0000] {logging_mixin.py:188} WARNING - [2026-04-18 14:13:58] INFO    etl.extract :   PostgreSQL | sinh_vien                 →  1,695 records
[2026-04-18T14:13:58.741+0000] {extract.py:67} INFO -   PostgreSQL | sinh_vien                 →  1,695 records
[2026-04-18T14:13:58.781+0000] {logging_mixin.py:188} WARNING - [2026-04-18 14:13:58] INFO    etl.extract :   PostgreSQL | hoc_phan                  →    121 records
[2026-04-18T14:13:58.781+0000] {extract.py:67} INFO -   PostgreSQL | hoc_phan                  →    121 records
[2026-04-18T14:13:58.810+0000] {logging_mixin.py:188} WARNING - [2026-04-18 14:13:58] INFO    etl.extract :   PostgreSQL | hoc_ky_nam_hoc            →      9 records
[2026-04-18T14:13:58.810+0000] {extract.py:67} INFO -   PostgreSQL | hoc_ky_nam_hoc            →      9 records
[2026-04-18T14:14:00.744+0000] {logging_mixin.py:188} WARNING - [2026-04-18 14:14:00] INFO    etl.extract :   PostgreSQL | dang_ky_hoc_phan          → 58,001 records
[2026-04-18T14:14:00.744+0000] {extract.py:67} INFO -   PostgreSQL | dang_ky_hoc_phan          → 58,001 records
[2026-04-18T14:14:02.328+0000] {logging_mixin.py:188} WARNING - [2026-04-18 14:14:02] INFO    etl.extract :   PostgreSQL | diem_hoc_phan             → 58,001 records
[2026-04-18T14:14:02.328+0000] {extract.py:67} INFO -   PostgreSQL | diem_hoc_phan             → 58,001 records
[2026-04-18T14:14:02.391+0000] {logging_mixin.py:188} WARNING - [2026-04-18 14:14:02] INFO    etl.extract :   PostgreSQL | tong_hop_ket_qua          →  1,695 records
[2026-04-18T14:14:02.391+0000] {extract.py:67} INFO -   PostgreSQL | tong_hop_ket_qua          →  1,695 records
[2026-04-18T14:14:02.393+0000] {logging_mixin.py:188} WARNING - [2026-04-18 14:14:02] INFO    etl.extract :   PostgreSQL | TỔNG: 119,622 records từ 10 bảng
[2026-04-18T14:14:02.393+0000] {extract.py:92} INFO -   PostgreSQL | TỔNG: 119,622 records từ 10 bảng
[2026-04-18T14:14:02.395+0000] {logging_mixin.py:188} WARNING - [2026-04-18 14:14:02] INFO    etl.extract : ════════════════════════════════════════════════════════════
[2026-04-18T14:14:02.394+0000] {extract.py:165} INFO - ════════════════════════════════════════════════════════════
[2026-04-18T14:14:02.395+0000] {logging_mixin.py:188} WARNING - [2026-04-18 14:14:02] INFO    etl.extract : NGUỒN 2 — CSV (Phòng CTSV) | Extract
[2026-04-18T14:14:02.395+0000] {extract.py:166} INFO - NGUỒN 2 — CSV (Phòng CTSV) | Extract
[2026-04-18T14:14:02.397+0000] {logging_mixin.py:188} WARNING - [2026-04-18 14:14:02] INFO    etl.extract : ════════════════════════════════════════════════════════════
[2026-04-18T14:14:02.396+0000] {extract.py:167} INFO - ════════════════════════════════════════════════════════════
[2026-04-18T14:14:02.399+0000] {logging_mixin.py:188} WARNING - [2026-04-18 14:14:02] INFO    etl.extract :   CSV | Tìm thấy 9 file(s)
[2026-04-18T14:14:02.399+0000] {extract.py:176} INFO -   CSV | Tìm thấy 9 file(s)
[2026-04-18T14:14:02.408+0000] {logging_mixin.py:188} WARNING - [2026-04-18 14:14:02] INFO    etl.extract :   CSV | ctsv_HK1_2021_22.csv                →    780 records
[2026-04-18T14:14:02.408+0000] {extract.py:142} INFO -   CSV | ctsv_HK1_2021_22.csv                →    780 records
[2026-04-18T14:14:02.414+0000] {logging_mixin.py:188} WARNING - [2026-04-18 14:14:02] INFO    etl.extract :   CSV | ctsv_HK1_2022_23.csv                →  1,611 records
[2026-04-18T14:14:02.414+0000] {extract.py:142} INFO -   CSV | ctsv_HK1_2022_23.csv                →  1,611 records
[2026-04-18T14:14:02.420+0000] {logging_mixin.py:188} WARNING - [2026-04-18 14:14:02] INFO    etl.extract :   CSV | ctsv_HK1_2023_24.csv                →  2,466 records
[2026-04-18T14:14:02.420+0000] {extract.py:142} INFO -   CSV | ctsv_HK1_2023_24.csv                →  2,466 records
[2026-04-18T14:14:02.427+0000] {logging_mixin.py:188} WARNING - [2026-04-18 14:14:02] INFO    etl.extract :   CSV | ctsv_HK1_2024_25.csv                →  3,306 records
[2026-04-18T14:14:02.427+0000] {extract.py:142} INFO -   CSV | ctsv_HK1_2024_25.csv                →  3,306 records
[2026-04-18T14:14:02.433+0000] {logging_mixin.py:188} WARNING - [2026-04-18 14:14:02] INFO    etl.extract :   CSV | ctsv_HK1_2025_26.csv                →  2,506 records
[2026-04-18T14:14:02.433+0000] {extract.py:142} INFO -   CSV | ctsv_HK1_2025_26.csv                →  2,506 records
[2026-04-18T14:14:02.439+0000] {logging_mixin.py:188} WARNING - [2026-04-18 14:14:02] INFO    etl.extract :   CSV | ctsv_HK2_2021_22.csv                →    780 records
[2026-04-18T14:14:02.439+0000] {extract.py:142} INFO -   CSV | ctsv_HK2_2021_22.csv                →    780 records
[2026-04-18T14:14:02.444+0000] {logging_mixin.py:188} WARNING - [2026-04-18 14:14:02] INFO    etl.extract :   CSV | ctsv_HK2_2022_23.csv                →  1,604 records
[2026-04-18T14:14:02.444+0000] {extract.py:142} INFO -   CSV | ctsv_HK2_2022_23.csv                →  1,604 records
[2026-04-18T14:14:02.450+0000] {logging_mixin.py:188} WARNING - [2026-04-18 14:14:02] INFO    etl.extract :   CSV | ctsv_HK2_2023_24.csv                →  2,453 records
[2026-04-18T14:14:02.450+0000] {extract.py:142} INFO -   CSV | ctsv_HK2_2023_24.csv                →  2,453 records
[2026-04-18T14:14:02.456+0000] {logging_mixin.py:188} WARNING - [2026-04-18 14:14:02] INFO    etl.extract :   CSV | ctsv_HK2_2024_25.csv                →  2,915 records
[2026-04-18T14:14:02.456+0000] {extract.py:142} INFO -   CSV | ctsv_HK2_2024_25.csv                →  2,915 records
[2026-04-18T14:14:02.462+0000] {logging_mixin.py:188} WARNING - [2026-04-18 14:14:02] INFO    etl.extract :   CSV | Loại bỏ 9183 bản ghi trùng
[2026-04-18T14:14:02.462+0000] {extract.py:193} INFO -   CSV | Loại bỏ 9183 bản ghi trùng
[2026-04-18T14:14:02.463+0000] {logging_mixin.py:188} WARNING - [2026-04-18 14:14:02] INFO    etl.extract :   CSV | TỔNG: 9,238 records từ 9 file(s)
[2026-04-18T14:14:02.463+0000] {extract.py:195} INFO -   CSV | TỔNG: 9,238 records từ 9 file(s)
[2026-04-18T14:14:02.478+0000] {logging_mixin.py:188} WARNING - [2026-04-18 14:14:02] INFO    etl.extract :   API | (JSON) taichinh_HK1_2021_22.json →    390 records
[2026-04-18T14:14:02.478+0000] {extract.py:244} INFO -   API | (JSON) taichinh_HK1_2021_22.json →    390 records
[2026-04-18T14:14:02.492+0000] {logging_mixin.py:188} WARNING - [2026-04-18 14:14:02] INFO    etl.extract :   API | (JSON) taichinh_HK1_2022_23.json →    802 records
[2026-04-18T14:14:02.492+0000] {extract.py:244} INFO -   API | (JSON) taichinh_HK1_2022_23.json →    802 records
[2026-04-18T14:14:02.509+0000] {logging_mixin.py:188} WARNING - [2026-04-18 14:14:02] INFO    etl.extract :   API | (JSON) taichinh_HK1_2023_24.json →  1,229 records
[2026-04-18T14:14:02.509+0000] {extract.py:244} INFO -   API | (JSON) taichinh_HK1_2023_24.json →  1,229 records
[2026-04-18T14:14:02.526+0000] {logging_mixin.py:188} WARNING - [2026-04-18 14:14:02] INFO    etl.extract :   API | (JSON) taichinh_HK1_2024_25.json →  1,646 records
[2026-04-18T14:14:02.526+0000] {extract.py:244} INFO -   API | (JSON) taichinh_HK1_2024_25.json →  1,646 records
[2026-04-18T14:14:02.543+0000] {logging_mixin.py:188} WARNING - [2026-04-18 14:14:02] INFO    etl.extract :   API | (JSON) taichinh_HK1_2025_26.json →  1,245 records
[2026-04-18T14:14:02.543+0000] {extract.py:244} INFO -   API | (JSON) taichinh_HK1_2025_26.json →  1,245 records
[2026-04-18T14:14:02.556+0000] {logging_mixin.py:188} WARNING - [2026-04-18 14:14:02] INFO    etl.extract :   API | (JSON) taichinh_HK2_2021_22.json →    390 records
[2026-04-18T14:14:02.556+0000] {extract.py:244} INFO -   API | (JSON) taichinh_HK2_2021_22.json →    390 records
[2026-04-18T14:14:02.570+0000] {logging_mixin.py:188} WARNING - [2026-04-18 14:14:02] INFO    etl.extract :   API | (JSON) taichinh_HK2_2022_23.json →    799 records
[2026-04-18T14:14:02.570+0000] {extract.py:244} INFO -   API | (JSON) taichinh_HK2_2022_23.json →    799 records
[2026-04-18T14:14:02.588+0000] {logging_mixin.py:188} WARNING - [2026-04-18 14:14:02] INFO    etl.extract :   API | (JSON) taichinh_HK2_2023_24.json →  1,223 records
[2026-04-18T14:14:02.588+0000] {extract.py:244} INFO -   API | (JSON) taichinh_HK2_2023_24.json →  1,223 records
[2026-04-18T14:14:02.607+0000] {logging_mixin.py:188} WARNING - [2026-04-18 14:14:02] INFO    etl.extract :   API | (JSON) taichinh_HK2_2024_25.json →  1,514 records
[2026-04-18T14:14:02.607+0000] {extract.py:244} INFO -   API | (JSON) taichinh_HK2_2024_25.json →  1,514 records
[2026-04-18T14:14:02.609+0000] {logging_mixin.py:188} WARNING - [2026-04-18 14:14:02] INFO    etl.extract :   API | TỔNG: 9,238 records từ 9 HK
[2026-04-18T14:14:02.609+0000] {extract.py:268} INFO -   API | TỔNG: 9,238 records từ 9 HK
[2026-04-18T14:14:02.915+0000] {logging_mixin.py:188} WARNING - [2026-04-18 14:14:02] INFO    utils.minio :   MinIO ↑ [raw-data] 2026-04-18_14-14/nguon1_sinh_vien.parquet (47.6 KB | 1,695 rows)
[2026-04-18T14:14:02.915+0000] {minio_client.py:142} INFO -   MinIO ↑ [raw-data] 2026-04-18_14-14/nguon1_sinh_vien.parquet (47.6 KB | 1,695 rows)
[2026-04-18T14:14:02.972+0000] {logging_mixin.py:188} WARNING - [2026-04-18 14:14:02] INFO    utils.minio :   MinIO ↑ [raw-data] 2026-04-18_14-14/nguon1_dang_ky.parquet (493.4 KB | 58,001 rows)
[2026-04-18T14:14:02.972+0000] {minio_client.py:142} INFO -   MinIO ↑ [raw-data] 2026-04-18_14-14/nguon1_dang_ky.parquet (493.4 KB | 58,001 rows)
[2026-04-18T14:14:03.017+0000] {logging_mixin.py:188} WARNING - [2026-04-18 14:14:03] INFO    utils.minio :   MinIO ↑ [raw-data] 2026-04-18_14-14/nguon1_diem.parquet (1180.5 KB | 58,001 rows)
[2026-04-18T14:14:03.017+0000] {minio_client.py:142} INFO -   MinIO ↑ [raw-data] 2026-04-18_14-14/nguon1_diem.parquet (1180.5 KB | 58,001 rows)
[2026-04-18T14:14:03.028+0000] {logging_mixin.py:188} WARNING - [2026-04-18 14:14:03] INFO    utils.minio :   MinIO ↑ [raw-data] 2026-04-18_14-14/nguon1_hoc_phan.parquet (10.3 KB | 121 rows)
[2026-04-18T14:14:03.028+0000] {minio_client.py:142} INFO -   MinIO ↑ [raw-data] 2026-04-18_14-14/nguon1_hoc_phan.parquet (10.3 KB | 121 rows)
[2026-04-18T14:14:03.039+0000] {logging_mixin.py:188} WARNING - [2026-04-18 14:14:03] INFO    utils.minio :   MinIO ↑ [raw-data] 2026-04-18_14-14/nguon1_hoc_ky.parquet (4.1 KB | 9 rows)
[2026-04-18T14:14:03.038+0000] {minio_client.py:142} INFO -   MinIO ↑ [raw-data] 2026-04-18_14-14/nguon1_hoc_ky.parquet (4.1 KB | 9 rows)
[2026-04-18T14:14:03.050+0000] {logging_mixin.py:188} WARNING - [2026-04-18 14:14:03] INFO    utils.minio :   MinIO ↑ [raw-data] 2026-04-18_14-14/nguon1_giang_vien.parquet (8.3 KB | 45 rows)
[2026-04-18T14:14:03.050+0000] {minio_client.py:142} INFO -   MinIO ↑ [raw-data] 2026-04-18_14-14/nguon1_giang_vien.parquet (8.3 KB | 45 rows)
[2026-04-18T14:14:03.060+0000] {logging_mixin.py:188} WARNING - [2026-04-18 14:14:03] INFO    utils.minio :   MinIO ↑ [raw-data] 2026-04-18_14-14/nguon1_khoa.parquet (2.6 KB | 4 rows)
[2026-04-18T14:14:03.060+0000] {minio_client.py:142} INFO -   MinIO ↑ [raw-data] 2026-04-18_14-14/nguon1_khoa.parquet (2.6 KB | 4 rows)
[2026-04-18T14:14:03.069+0000] {logging_mixin.py:188} WARNING - [2026-04-18 14:14:03] INFO    utils.minio :   MinIO ↑ [raw-data] 2026-04-18_14-14/nguon1_nganh.parquet (3.2 KB | 3 rows)
[2026-04-18T14:14:03.069+0000] {minio_client.py:142} INFO -   MinIO ↑ [raw-data] 2026-04-18_14-14/nguon1_nganh.parquet (3.2 KB | 3 rows)
[2026-04-18T14:14:03.079+0000] {logging_mixin.py:188} WARNING - [2026-04-18 14:14:03] INFO    utils.minio :   MinIO ↑ [raw-data] 2026-04-18_14-14/nguon1_lop_hanh_chinh.parquet (4.8 KB | 48 rows)
[2026-04-18T14:14:03.079+0000] {minio_client.py:142} INFO -   MinIO ↑ [raw-data] 2026-04-18_14-14/nguon1_lop_hanh_chinh.parquet (4.8 KB | 48 rows)
[2026-04-18T14:14:03.098+0000] {logging_mixin.py:188} WARNING - [2026-04-18 14:14:03] INFO    utils.minio :   MinIO ↑ [raw-data] 2026-04-18_14-14/nguon1_tong_hop_ket_qua.parquet (21.6 KB | 1,695 rows)
[2026-04-18T14:14:03.098+0000] {minio_client.py:142} INFO -   MinIO ↑ [raw-data] 2026-04-18_14-14/nguon1_tong_hop_ket_qua.parquet (21.6 KB | 1,695 rows)
[2026-04-18T14:14:03.116+0000] {logging_mixin.py:188} WARNING - [2026-04-18 14:14:03] INFO    utils.minio :   MinIO ↑ [raw-data] 2026-04-18_14-14/nguon2_ctsv.parquet (38.2 KB | 9,238 rows)
[2026-04-18T14:14:03.116+0000] {minio_client.py:142} INFO -   MinIO ↑ [raw-data] 2026-04-18_14-14/nguon2_ctsv.parquet (38.2 KB | 9,238 rows)
[2026-04-18T14:14:03.134+0000] {logging_mixin.py:188} WARNING - [2026-04-18 14:14:03] INFO    utils.minio :   MinIO ↑ [raw-data] 2026-04-18_14-14/nguon3_tai_chinh.parquet (66.6 KB | 9,238 rows)
[2026-04-18T14:14:03.134+0000] {minio_client.py:142} INFO -   MinIO ↑ [raw-data] 2026-04-18_14-14/nguon3_tai_chinh.parquet (66.6 KB | 9,238 rows)
[2026-04-18T14:14:03.136+0000] {logging_mixin.py:188} WARNING - [2026-04-18 14:14:03] INFO    utils.minio :   MinIO upload xong: 12/12 files | run_id=2026-04-18_14-14
[2026-04-18T14:14:03.136+0000] {minio_client.py:188} INFO -   MinIO upload xong: 12/12 files | run_id=2026-04-18_14-14
[2026-04-18T14:14:03.136+0000] {logging_mixin.py:188} WARNING - [2026-04-18 14:14:03] INFO    etl.extract :   MinIO staging: 12/12 files OK → run_id=2026-04-18_14-14
[2026-04-18T14:14:03.136+0000] {extract.py:335} INFO -   MinIO staging: 12/12 files OK → run_id=2026-04-18_14-14
[2026-04-18T14:14:03.138+0000] {logging_mixin.py:188} WARNING - [2026-04-18 14:14:03] INFO    etl.extract : ======================================================================
[2026-04-18T14:14:03.138+0000] {extract.py:298} INFO - ======================================================================
[2026-04-18T14:14:03.139+0000] {logging_mixin.py:188} WARNING - [2026-04-18 14:14:03] INFO    etl.extract :  FULL EXTRACT HOÀN TẤT
[2026-04-18T14:14:03.139+0000] {extract.py:299} INFO -  FULL EXTRACT HOÀN TẤT
[2026-04-18T14:14:03.140+0000] {logging_mixin.py:188} WARNING - [2026-04-18 14:14:03] INFO    etl.extract :    khoa                     :        4
[2026-04-18T14:14:03.140+0000] {extract.py:301} INFO -    khoa                     :        4
[2026-04-18T14:14:03.141+0000] {logging_mixin.py:188} WARNING - [2026-04-18 14:14:03] INFO    etl.extract :    nganh                    :        3
[2026-04-18T14:14:03.141+0000] {extract.py:301} INFO -    nganh                    :        3
[2026-04-18T14:14:03.142+0000] {logging_mixin.py:188} WARNING - [2026-04-18 14:14:03] INFO    etl.extract :    giang_vien               :       45
[2026-04-18T14:14:03.142+0000] {extract.py:301} INFO -    giang_vien               :       45
[2026-04-18T14:14:03.143+0000] {logging_mixin.py:188} WARNING - [2026-04-18 14:14:03] INFO    etl.extract :    lop_hanh_chinh           :       48
[2026-04-18T14:14:03.143+0000] {extract.py:301} INFO -    lop_hanh_chinh           :       48
[2026-04-18T14:14:03.144+0000] {logging_mixin.py:188} WARNING - [2026-04-18 14:14:03] INFO    etl.extract :    sinh_vien                :    1,695
[2026-04-18T14:14:03.144+0000] {extract.py:301} INFO -    sinh_vien                :    1,695
[2026-04-18T14:14:03.145+0000] {logging_mixin.py:188} WARNING - [2026-04-18 14:14:03] INFO    etl.extract :    hoc_phan                 :      121
[2026-04-18T14:14:03.145+0000] {extract.py:301} INFO -    hoc_phan                 :      121
[2026-04-18T14:14:03.146+0000] {logging_mixin.py:188} WARNING - [2026-04-18 14:14:03] INFO    etl.extract :    hoc_ky_nam_hoc           :        9
[2026-04-18T14:14:03.146+0000] {extract.py:301} INFO -    hoc_ky_nam_hoc           :        9
[2026-04-18T14:14:03.147+0000] {logging_mixin.py:188} WARNING - [2026-04-18 14:14:03] INFO    etl.extract :    dang_ky_hoc_phan         :   58,001
[2026-04-18T14:14:03.147+0000] {extract.py:301} INFO -    dang_ky_hoc_phan         :   58,001
[2026-04-18T14:14:03.149+0000] {logging_mixin.py:188} WARNING - [2026-04-18 14:14:03] INFO    etl.extract :    diem_hoc_phan            :   58,001
[2026-04-18T14:14:03.149+0000] {extract.py:301} INFO -    diem_hoc_phan            :   58,001
[2026-04-18T14:14:03.150+0000] {logging_mixin.py:188} WARNING - [2026-04-18 14:14:03] INFO    etl.extract :    tong_hop_ket_qua         :    1,695
[2026-04-18T14:14:03.150+0000] {extract.py:301} INFO -    tong_hop_ket_qua         :    1,695
[2026-04-18T14:14:03.151+0000] {logging_mixin.py:188} WARNING - [2026-04-18 14:14:03] INFO    etl.extract :    ctsv_data                :    9,238
[2026-04-18T14:14:03.151+0000] {extract.py:301} INFO -    ctsv_data                :    9,238
[2026-04-18T14:14:03.152+0000] {logging_mixin.py:188} WARNING - [2026-04-18 14:14:03] INFO    etl.extract :    tai_chinh_data           :    9,238
[2026-04-18T14:14:03.152+0000] {extract.py:301} INFO -    tai_chinh_data           :    9,238
[2026-04-18T14:14:03.152+0000] {logging_mixin.py:188} WARNING - [2026-04-18 14:14:03] INFO    etl.extract : ======================================================================
[2026-04-18T14:14:03.152+0000] {extract.py:302} INFO - ======================================================================
[2026-04-18T14:14:03.185+0000] {logging_mixin.py:188} INFO - Extract xong: {'khoa': 4, 'nganh': 3, 'giang_vien': 45, 'lop_hanh_chinh': 48, 'sinh_vien': 1695, 'hoc_phan': 121, 'hoc_ky_nam_hoc': 9, 'dang_ky_hoc_phan': 58001, 'diem_hoc_phan': 58001, 'tong_hop_ket_qua': 1695, 'ctsv_data': 9238, 'tai_chinh_data': 9238}
[2026-04-18T14:14:03.204+0000] {python.py:201} INFO - Done. Returned value was: {'khoa': 4, 'nganh': 3, 'giang_vien': 45, 'lop_hanh_chinh': 48, 'sinh_vien': 1695, 'hoc_phan': 121, 'hoc_ky_nam_hoc': 9, 'dang_ky_hoc_phan': 58001, 'diem_hoc_phan': 58001, 'tong_hop_ket_qua': 1695, 'ctsv_data': 9238, 'tai_chinh_data': 9238}
[2026-04-18T14:14:03.238+0000] {taskinstance.py:1138} INFO - Marking task as SUCCESS. dag_id=daily_student_pipeline, task_id=extract_data, execution_date=20260418T141354, start_date=20260418T141356, end_date=20260418T141403
[2026-04-18T14:14:03.273+0000] {local_task_job_runner.py:234} INFO - Task exited with return code 0
[2026-04-18T14:14:03.300+0000] {taskinstance.py:3280} INFO - 1 downstream tasks scheduled from follow-on schedule check
