[2026-04-04T05:49:04.830+0000] {taskinstance.py:1956} INFO - Dependencies all met for dep_context=non-requeueable deps ti=<TaskInstance: daily_student_pipeline.transform_data scheduled__2026-04-03T02:00:00+00:00 [queued]>
[2026-04-04T05:49:04.844+0000] {taskinstance.py:1956} INFO - Dependencies all met for dep_context=requeueable deps ti=<TaskInstance: daily_student_pipeline.transform_data scheduled__2026-04-03T02:00:00+00:00 [queued]>
[2026-04-04T05:49:04.845+0000] {taskinstance.py:2170} INFO - Starting attempt 1 of 1
[2026-04-04T05:49:04.868+0000] {taskinstance.py:2191} INFO - Executing <Task(PythonOperator): transform_data> on 2026-04-03 02:00:00+00:00
[2026-04-04T05:49:04.879+0000] {standard_task_runner.py:60} INFO - Started process 222 to run task
[2026-04-04T05:49:04.884+0000] {standard_task_runner.py:87} INFO - Running: ['***', 'tasks', 'run', 'daily_student_pipeline', 'transform_data', 'scheduled__2026-04-03T02:00:00+00:00', '--job-id', '163', '--raw', '--subdir', 'DAGS_FOLDER/daily_student_pipeline.py', '--cfg-path', '/tmp/tmpeoc9ffii']
[2026-04-04T05:49:04.889+0000] {standard_task_runner.py:88} INFO - Job 163: Subtask transform_data
[2026-04-04T05:49:05.034+0000] {task_command.py:423} INFO - Running <TaskInstance: daily_student_pipeline.transform_data scheduled__2026-04-03T02:00:00+00:00 [running]> on host 1c62953c8918
[2026-04-04T05:49:05.230+0000] {taskinstance.py:2480} INFO - Exporting env vars: AIRFLOW_CTX_DAG_OWNER='nhom8' AIRFLOW_CTX_DAG_ID='daily_student_pipeline' AIRFLOW_CTX_TASK_ID='transform_data' AIRFLOW_CTX_EXECUTION_DATE='2026-04-03T02:00:00+00:00' AIRFLOW_CTX_TRY_NUMBER='1' AIRFLOW_CTX_DAG_RUN_ID='scheduled__2026-04-03T02:00:00+00:00'
[2026-04-04T05:49:09.252+0000] {logging_mixin.py:188} WARNING - [2026-04-04 05:49:09] INFO    utils.minio :   MinIO run mới nhất: 2026-04-03_16-12
[2026-04-04T05:49:09.251+0000] {minio_client.py:283} INFO -   MinIO run mới nhất: 2026-04-03_16-12
[2026-04-04T05:49:09.258+0000] {logging_mixin.py:188} WARNING - [2026-04-04 05:49:09] INFO    etl.extract :   Load from MinIO staging: run_id=2026-04-03_16-12
[2026-04-04T05:49:09.258+0000] {extract.py:352} INFO -   Load from MinIO staging: run_id=2026-04-03_16-12
[2026-04-04T05:49:09.404+0000] {logging_mixin.py:188} WARNING - [2026-04-04 05:49:09] INFO    utils.minio :   MinIO ↓ [raw-data] 2026-04-03_16-12/nguon1_khoa.parquet (4 rows)
[2026-04-04T05:49:09.404+0000] {minio_client.py:223} INFO -   MinIO ↓ [raw-data] 2026-04-03_16-12/nguon1_khoa.parquet (4 rows)
[2026-04-04T05:49:09.432+0000] {logging_mixin.py:188} WARNING - [2026-04-04 05:49:09] INFO    utils.minio :   MinIO ↓ [raw-data] 2026-04-03_16-12/nguon1_nganh.parquet (3 rows)
[2026-04-04T05:49:09.432+0000] {minio_client.py:223} INFO -   MinIO ↓ [raw-data] 2026-04-03_16-12/nguon1_nganh.parquet (3 rows)
[2026-04-04T05:49:09.458+0000] {logging_mixin.py:188} WARNING - [2026-04-04 05:49:09] INFO    utils.minio :   MinIO ↓ [raw-data] 2026-04-03_16-12/nguon1_giang_vien.parquet (45 rows)
[2026-04-04T05:49:09.457+0000] {minio_client.py:223} INFO -   MinIO ↓ [raw-data] 2026-04-03_16-12/nguon1_giang_vien.parquet (45 rows)
[2026-04-04T05:49:09.484+0000] {logging_mixin.py:188} WARNING - [2026-04-04 05:49:09] INFO    utils.minio :   MinIO ↓ [raw-data] 2026-04-03_16-12/nguon1_lop_hanh_chinh.parquet (48 rows)
[2026-04-04T05:49:09.483+0000] {minio_client.py:223} INFO -   MinIO ↓ [raw-data] 2026-04-03_16-12/nguon1_lop_hanh_chinh.parquet (48 rows)
[2026-04-04T05:49:09.520+0000] {logging_mixin.py:188} WARNING - [2026-04-04 05:49:09] INFO    utils.minio :   MinIO ↓ [raw-data] 2026-04-03_16-12/nguon1_sinh_vien.parquet (1,695 rows)
[2026-04-04T05:49:09.520+0000] {minio_client.py:223} INFO -   MinIO ↓ [raw-data] 2026-04-03_16-12/nguon1_sinh_vien.parquet (1,695 rows)
[2026-04-04T05:49:09.564+0000] {logging_mixin.py:188} WARNING - [2026-04-04 05:49:09] INFO    utils.minio :   MinIO ↓ [raw-data] 2026-04-03_16-12/nguon1_hoc_phan.parquet (121 rows)
[2026-04-04T05:49:09.564+0000] {minio_client.py:223} INFO -   MinIO ↓ [raw-data] 2026-04-03_16-12/nguon1_hoc_phan.parquet (121 rows)
[2026-04-04T05:49:09.588+0000] {logging_mixin.py:188} WARNING - [2026-04-04 05:49:09] INFO    utils.minio :   MinIO ↓ [raw-data] 2026-04-03_16-12/nguon1_hoc_ky.parquet (9 rows)
[2026-04-04T05:49:09.588+0000] {minio_client.py:223} INFO -   MinIO ↓ [raw-data] 2026-04-03_16-12/nguon1_hoc_ky.parquet (9 rows)
[2026-04-04T05:49:09.681+0000] {logging_mixin.py:188} WARNING - [2026-04-04 05:49:09] INFO    utils.minio :   MinIO ↓ [raw-data] 2026-04-03_16-12/nguon1_dang_ky.parquet (58,001 rows)
[2026-04-04T05:49:09.681+0000] {minio_client.py:223} INFO -   MinIO ↓ [raw-data] 2026-04-03_16-12/nguon1_dang_ky.parquet (58,001 rows)
[2026-04-04T05:49:09.800+0000] {logging_mixin.py:188} WARNING - [2026-04-04 05:49:09] INFO    utils.minio :   MinIO ↓ [raw-data] 2026-04-03_16-12/nguon1_diem.parquet (58,001 rows)
[2026-04-04T05:49:09.800+0000] {minio_client.py:223} INFO -   MinIO ↓ [raw-data] 2026-04-03_16-12/nguon1_diem.parquet (58,001 rows)
[2026-04-04T05:49:09.834+0000] {logging_mixin.py:188} WARNING - [2026-04-04 05:49:09] INFO    utils.minio :   MinIO ↓ [raw-data] 2026-04-03_16-12/nguon1_tong_hop_ket_qua.parquet (1,695 rows)
[2026-04-04T05:49:09.834+0000] {minio_client.py:223} INFO -   MinIO ↓ [raw-data] 2026-04-03_16-12/nguon1_tong_hop_ket_qua.parquet (1,695 rows)
[2026-04-04T05:49:09.867+0000] {logging_mixin.py:188} WARNING - [2026-04-04 05:49:09] INFO    utils.minio :   MinIO ↓ [raw-data] 2026-04-03_16-12/nguon2_ctsv.parquet (9,238 rows)
[2026-04-04T05:49:09.867+0000] {minio_client.py:223} INFO -   MinIO ↓ [raw-data] 2026-04-03_16-12/nguon2_ctsv.parquet (9,238 rows)
[2026-04-04T05:49:09.918+0000] {logging_mixin.py:188} WARNING - [2026-04-04 05:49:09] INFO    utils.minio :   MinIO ↓ [raw-data] 2026-04-03_16-12/nguon3_tai_chinh.parquet (9,238 rows)
[2026-04-04T05:49:09.918+0000] {minio_client.py:223} INFO -   MinIO ↓ [raw-data] 2026-04-03_16-12/nguon3_tai_chinh.parquet (9,238 rows)
[2026-04-04T05:49:09.920+0000] {logging_mixin.py:188} WARNING - [2026-04-04 05:49:09] INFO    etl.extract :  Load from staging OK — run_id=2026-04-03_16-12
[2026-04-04T05:49:09.920+0000] {extract.py:369} INFO -  Load from staging OK — run_id=2026-04-03_16-12
[2026-04-04T05:49:09.926+0000] {logging_mixin.py:188} WARNING - [2026-04-04 05:49:09] INFO    etl.transform : ==BẮT ĐẦU TRANSFORM==
[2026-04-04T05:49:09.926+0000] {transform.py:67} INFO - ==BẮT ĐẦU TRANSFORM==
[2026-04-04T05:49:09.932+0000] {logging_mixin.py:188} WARNING - [2026-04-04 05:49:09] INFO    etl.transform : ======================================================================
[2026-04-04T05:49:09.932+0000] {transform.py:68} INFO - ======================================================================
[2026-04-04T05:49:09.941+0000] {logging_mixin.py:188} WARNING - [2026-04-04 05:49:09] INFO    etl.transform : ── Bước 1: Transform Dimension Tables ──
[2026-04-04T05:49:09.941+0000] {transform.py:72} INFO - ── Bước 1: Transform Dimension Tables ──
[2026-04-04T05:49:09.959+0000] {logging_mixin.py:188} WARNING - [2026-04-04 05:49:09] INFO    etl.transform :   dim_thoi_gian (→dim_hoc_ky)  →      9 records
[2026-04-04T05:49:09.959+0000] {transform.py:198} INFO -   dim_thoi_gian (→dim_hoc_ky)  →      9 records
[2026-04-04T05:49:09.976+0000] {logging_mixin.py:188} WARNING - [2026-04-04 05:49:09] INFO    etl.transform :   dim_giang_vien              →     45 records
[2026-04-04T05:49:09.976+0000] {transform.py:226} INFO -   dim_giang_vien              →     45 records
[2026-04-04T05:49:09.987+0000] {logging_mixin.py:188} WARNING - [2026-04-04 05:49:09] INFO    etl.transform :   dim_hoc_phan                →    121 records
[2026-04-04T05:49:09.986+0000] {transform.py:258} INFO -   dim_hoc_phan                →    121 records
[2026-04-04T05:49:10.063+0000] {logging_mixin.py:188} WARNING - [2026-04-04 05:49:10] INFO    etl.transform :   dim_sinh_vien               →  1,695 records
[2026-04-04T05:49:10.063+0000] {transform.py:336} INFO -   dim_sinh_vien               →  1,695 records
[2026-04-04T05:49:10.068+0000] {logging_mixin.py:188} WARNING - [2026-04-04 05:49:10] INFO    etl.transform : ── Bước 2: Transform Fact Tables ──
[2026-04-04T05:49:10.068+0000] {transform.py:91} INFO - ── Bước 2: Transform Fact Tables ──
[2026-04-04T05:49:10.296+0000] {logging_mixin.py:188} WARNING - [2026-04-04 05:49:10] INFO    etl.transform :   fact_diem (→fact_hoc_tap)    → 58,001 records
[2026-04-04T05:49:10.296+0000] {transform.py:414} INFO -   fact_diem (→fact_hoc_tap)    → 58,001 records
[2026-04-04T05:49:10.322+0000] {logging_mixin.py:188} WARNING - [2026-04-04 05:49:10] INFO    etl.transform :   fact_ren_luyen (→fact_ctsv)  →  9,238 records
[2026-04-04T05:49:10.322+0000] {transform.py:455} INFO -   fact_ren_luyen (→fact_ctsv)  →  9,238 records
[2026-04-04T05:49:10.340+0000] {logging_mixin.py:188} WARNING - [2026-04-04 05:49:10] INFO    etl.transform :   fact_tai_chinh               →  9,238 records
[2026-04-04T05:49:10.340+0000] {transform.py:492} INFO -   fact_tai_chinh               →  9,238 records
[2026-04-04T05:49:10.342+0000] {logging_mixin.py:188} WARNING - [2026-04-04 05:49:10] INFO    etl.transform : ── Bước 3: Tổng hợp đa nguồn ──
[2026-04-04T05:49:10.342+0000] {transform.py:104} INFO - ── Bước 3: Tổng hợp đa nguồn ──
[2026-04-04T05:49:10.344+0000] {logging_mixin.py:188} WARNING - [2026-04-04 05:49:10] INFO    etl.transform : ======================================================================
[2026-04-04T05:49:10.344+0000] {transform.py:107} INFO - ======================================================================
[2026-04-04T05:49:10.346+0000] {logging_mixin.py:188} WARNING - [2026-04-04 05:49:10] INFO    etl.transform : TRANSFORM HOÀN TẤT
[2026-04-04T05:49:10.346+0000] {transform.py:108} INFO - TRANSFORM HOÀN TẤT
[2026-04-04T05:49:10.348+0000] {logging_mixin.py:188} WARNING - [2026-04-04 05:49:10] INFO    etl.transform :    dim_giang_vien           :       45 records
[2026-04-04T05:49:10.348+0000] {transform.py:110} INFO -    dim_giang_vien           :       45 records
[2026-04-04T05:49:10.351+0000] {logging_mixin.py:188} WARNING - [2026-04-04 05:49:10] INFO    etl.transform :    dim_sinh_vien            :    1,695 records
[2026-04-04T05:49:10.351+0000] {transform.py:110} INFO -    dim_sinh_vien            :    1,695 records
[2026-04-04T05:49:10.353+0000] {logging_mixin.py:188} WARNING - [2026-04-04 05:49:10] INFO    etl.transform :    dim_hoc_phan             :      121 records
[2026-04-04T05:49:10.353+0000] {transform.py:110} INFO -    dim_hoc_phan             :      121 records
[2026-04-04T05:49:10.355+0000] {logging_mixin.py:188} WARNING - [2026-04-04 05:49:10] INFO    etl.transform :    dim_thoi_gian            :        9 records
[2026-04-04T05:49:10.355+0000] {transform.py:110} INFO -    dim_thoi_gian            :        9 records
[2026-04-04T05:49:10.357+0000] {logging_mixin.py:188} WARNING - [2026-04-04 05:49:10] INFO    etl.transform :    fact_diem                :   58,001 records
[2026-04-04T05:49:10.357+0000] {transform.py:110} INFO -    fact_diem                :   58,001 records
[2026-04-04T05:49:10.359+0000] {logging_mixin.py:188} WARNING - [2026-04-04 05:49:10] INFO    etl.transform :    fact_ren_luyen           :    9,238 records
[2026-04-04T05:49:10.359+0000] {transform.py:110} INFO -    fact_ren_luyen           :    9,238 records
[2026-04-04T05:49:10.362+0000] {logging_mixin.py:188} WARNING - [2026-04-04 05:49:10] INFO    etl.transform :    fact_tai_chinh           :    9,238 records
[2026-04-04T05:49:10.361+0000] {transform.py:110} INFO -    fact_tai_chinh           :    9,238 records
[2026-04-04T05:49:10.363+0000] {logging_mixin.py:188} WARNING - [2026-04-04 05:49:10] INFO    etl.transform :    fact_tong_hop_sv         :        0 records
[2026-04-04T05:49:10.363+0000] {transform.py:110} INFO -    fact_tong_hop_sv         :        0 records
[2026-04-04T05:49:10.364+0000] {logging_mixin.py:188} WARNING - [2026-04-04 05:49:10] INFO    etl.transform : ======================================================================
[2026-04-04T05:49:10.364+0000] {transform.py:111} INFO - ======================================================================
[2026-04-04T05:49:10.419+0000] {logging_mixin.py:188} WARNING - [2026-04-04 05:49:10] INFO    utils.minio :   MinIO ↑ [staging-data] 2026-04-04_05-49/dim_hoc_ky.parquet (5.3 KB | 9 rows)
[2026-04-04T05:49:10.419+0000] {minio_client.py:142} INFO -   MinIO ↑ [staging-data] 2026-04-04_05-49/dim_hoc_ky.parquet (5.3 KB | 9 rows)
[2026-04-04T05:49:10.441+0000] {logging_mixin.py:188} WARNING - [2026-04-04 05:49:10] INFO    utils.minio :   MinIO ↑ [staging-data] 2026-04-04_05-49/dim_giang_vien.parquet (8.9 KB | 45 rows)
[2026-04-04T05:49:10.441+0000] {minio_client.py:142} INFO -   MinIO ↑ [staging-data] 2026-04-04_05-49/dim_giang_vien.parquet (8.9 KB | 45 rows)
[2026-04-04T05:49:10.457+0000] {logging_mixin.py:188} WARNING - [2026-04-04 05:49:10] INFO    utils.minio :   MinIO ↑ [staging-data] 2026-04-04_05-49/dim_hoc_phan.parquet (11.0 KB | 121 rows)
[2026-04-04T05:49:10.457+0000] {minio_client.py:142} INFO -   MinIO ↑ [staging-data] 2026-04-04_05-49/dim_hoc_phan.parquet (11.0 KB | 121 rows)
[2026-04-04T05:49:10.487+0000] {logging_mixin.py:188} WARNING - [2026-04-04 05:49:10] INFO    utils.minio :   MinIO ↑ [staging-data] 2026-04-04_05-49/dim_sinh_vien.parquet (71.8 KB | 1,695 rows)
[2026-04-04T05:49:10.487+0000] {minio_client.py:142} INFO -   MinIO ↑ [staging-data] 2026-04-04_05-49/dim_sinh_vien.parquet (71.8 KB | 1,695 rows)
[2026-04-04T05:49:10.656+0000] {logging_mixin.py:188} WARNING - [2026-04-04 05:49:10] INFO    utils.minio :   MinIO ↑ [staging-data] 2026-04-04_05-49/fact_diem.parquet (880.7 KB | 58,001 rows)
[2026-04-04T05:49:10.655+0000] {minio_client.py:142} INFO -   MinIO ↑ [staging-data] 2026-04-04_05-49/fact_diem.parquet (880.7 KB | 58,001 rows)
[2026-04-04T05:49:10.685+0000] {logging_mixin.py:188} WARNING - [2026-04-04 05:49:10] INFO    utils.minio :   MinIO ↑ [staging-data] 2026-04-04_05-49/fact_ren_luyen.parquet (39.7 KB | 9,238 rows)
[2026-04-04T05:49:10.685+0000] {minio_client.py:142} INFO -   MinIO ↑ [staging-data] 2026-04-04_05-49/fact_ren_luyen.parquet (39.7 KB | 9,238 rows)
[2026-04-04T05:49:10.726+0000] {logging_mixin.py:188} WARNING - [2026-04-04 05:49:10] INFO    utils.minio :   MinIO ↑ [staging-data] 2026-04-04_05-49/fact_tai_chinh.parquet (66.6 KB | 9,238 rows)
[2026-04-04T05:49:10.726+0000] {minio_client.py:142} INFO -   MinIO ↑ [staging-data] 2026-04-04_05-49/fact_tai_chinh.parquet (66.6 KB | 9,238 rows)
[2026-04-04T05:49:10.728+0000] {logging_mixin.py:188} WARNING - [2026-04-04 05:49:10] WARNING utils.minio :   MinIO skip (empty): fact_tong_hop_sv.parquet
[2026-04-04T05:49:10.728+0000] {minio_client.py:120} WARNING -   MinIO skip (empty): fact_tong_hop_sv.parquet
[2026-04-04T05:49:10.731+0000] {logging_mixin.py:188} WARNING - [2026-04-04 05:49:10] INFO    etl.transform :   MinIO staging-data: 8/8 files OK → run_id=2026-04-04_05-49
[2026-04-04T05:49:10.730+0000] {transform.py:143} INFO -   MinIO staging-data: 8/8 files OK → run_id=2026-04-04_05-49
[2026-04-04T05:49:10.819+0000] {logging_mixin.py:188} INFO - Transform xong: {'dim_giang_vien': 45, 'dim_sinh_vien': 1695, 'dim_hoc_phan': 121, 'dim_thoi_gian': 9, 'fact_diem': 58001, 'fact_ren_luyen': 9238, 'fact_tai_chinh': 9238, 'fact_tong_hop_sv': 0}
[2026-04-04T05:49:10.825+0000] {python.py:201} INFO - Done. Returned value was: {'dim_giang_vien': 45, 'dim_sinh_vien': 1695, 'dim_hoc_phan': 121, 'dim_thoi_gian': 9, 'fact_diem': 58001, 'fact_ren_luyen': 9238, 'fact_tai_chinh': 9238, 'fact_tong_hop_sv': 0}
[2026-04-04T05:49:10.925+0000] {taskinstance.py:1138} INFO - Marking task as SUCCESS. dag_id=daily_student_pipeline, task_id=transform_data, execution_date=20260403T020000, start_date=20260404T054904, end_date=20260404T054910
[2026-04-04T05:49:11.020+0000] {local_task_job_runner.py:234} INFO - Task exited with return code 0
[2026-04-04T05:49:11.060+0000] {taskinstance.py:3280} INFO - 0 downstream tasks scheduled from follow-on schedule check
