[2026-04-28T03:43:25.990+0000] {taskinstance.py:1956} INFO - Dependencies all met for dep_context=non-requeueable deps ti=<TaskInstance: daily_student_pipeline.transform_data manual__2026-04-28T03:43:15.062903+00:00 [queued]>
[2026-04-28T03:43:25.999+0000] {taskinstance.py:1956} INFO - Dependencies all met for dep_context=requeueable deps ti=<TaskInstance: daily_student_pipeline.transform_data manual__2026-04-28T03:43:15.062903+00:00 [queued]>
[2026-04-28T03:43:26.000+0000] {taskinstance.py:2170} INFO - Starting attempt 1 of 1
[2026-04-28T03:43:26.014+0000] {taskinstance.py:2191} INFO - Executing <Task(PythonOperator): transform_data> on 2026-04-28 03:43:15.062903+00:00
[2026-04-28T03:43:26.020+0000] {standard_task_runner.py:60} INFO - Started process 992 to run task
[2026-04-28T03:43:26.023+0000] {standard_task_runner.py:87} INFO - Running: ['***', 'tasks', 'run', 'daily_student_pipeline', 'transform_data', 'manual__2026-04-28T03:43:15.062903+00:00', '--job-id', '579', '--raw', '--subdir', 'DAGS_FOLDER/daily_student_pipeline.py', '--cfg-path', '/tmp/tmpyoo_g4uu']
[2026-04-28T03:43:26.027+0000] {standard_task_runner.py:88} INFO - Job 579: Subtask transform_data
[2026-04-28T03:43:26.104+0000] {task_command.py:423} INFO - Running <TaskInstance: daily_student_pipeline.transform_data manual__2026-04-28T03:43:15.062903+00:00 [running]> on host 6b19557e5822
[2026-04-28T03:43:26.203+0000] {taskinstance.py:2480} INFO - Exporting env vars: AIRFLOW_CTX_DAG_OWNER='nhom8' AIRFLOW_CTX_DAG_ID='daily_student_pipeline' AIRFLOW_CTX_TASK_ID='transform_data' AIRFLOW_CTX_EXECUTION_DATE='2026-04-28T03:43:15.062903+00:00' AIRFLOW_CTX_TRY_NUMBER='1' AIRFLOW_CTX_DAG_RUN_ID='manual__2026-04-28T03:43:15.062903+00:00'
[2026-04-28T03:43:28.175+0000] {extract.py:502} INFO -   Load from MinIO staging: run_id=2026-04-28_03-43
[2026-04-28T03:43:28.201+0000] {minio_client.py:223} INFO -   MinIO ↓ [raw-data] 2026-04-28_03-43/nguon1_khoa.parquet (4 rows)
[2026-04-28T03:43:28.211+0000] {minio_client.py:223} INFO -   MinIO ↓ [raw-data] 2026-04-28_03-43/nguon1_nganh.parquet (3 rows)
[2026-04-28T03:43:28.220+0000] {minio_client.py:223} INFO -   MinIO ↓ [raw-data] 2026-04-28_03-43/nguon1_giang_vien.parquet (45 rows)
[2026-04-28T03:43:28.228+0000] {minio_client.py:223} INFO -   MinIO ↓ [raw-data] 2026-04-28_03-43/nguon1_lop_hanh_chinh.parquet (48 rows)
[2026-04-28T03:43:28.238+0000] {minio_client.py:223} INFO -   MinIO ↓ [raw-data] 2026-04-28_03-43/nguon1_sinh_vien.parquet (1,695 rows)
[2026-04-28T03:43:28.247+0000] {minio_client.py:223} INFO -   MinIO ↓ [raw-data] 2026-04-28_03-43/nguon1_hoc_phan.parquet (121 rows)
[2026-04-28T03:43:28.251+0000] {minio_client.py:229} WARNING -   MinIO không tìm thấy: 2026-04-28_03-43/nguon1_hoc_ky.parquet
[2026-04-28T03:43:28.255+0000] {minio_client.py:229} WARNING -   MinIO không tìm thấy: 2026-04-28_03-43/nguon1_dang_ky.parquet
[2026-04-28T03:43:28.258+0000] {minio_client.py:229} WARNING -   MinIO không tìm thấy: 2026-04-28_03-43/nguon1_diem.parquet
[2026-04-28T03:43:28.266+0000] {minio_client.py:223} INFO -   MinIO ↓ [raw-data] 2026-04-28_03-43/nguon1_tong_hop_ket_qua.parquet (1,695 rows)
[2026-04-28T03:43:28.275+0000] {minio_client.py:223} INFO -   MinIO ↓ [raw-data] 2026-04-28_03-43/nguon2_ctsv.parquet (9,962 rows)
[2026-04-28T03:43:28.285+0000] {minio_client.py:223} INFO -   MinIO ↓ [raw-data] 2026-04-28_03-43/nguon3_tai_chinh.parquet (9,670 rows)
[2026-04-28T03:43:28.285+0000] {extract.py:519} INFO -  Load from staging OK — run_id=2026-04-28_03-43
[2026-04-28T03:43:28.286+0000] {transform.py:75} INFO - ==BẮT ĐẦU TRANSFORM==
[2026-04-28T03:43:28.286+0000] {transform.py:76} INFO - ======================================================================
[2026-04-28T03:43:28.287+0000] {transform.py:80} INFO - ── Bước 1: Transform Dimension Tables ──
[2026-04-28T03:43:28.291+0000] {transform.py:213} INFO -   dim_giang_vien              →     45 records
[2026-04-28T03:43:28.294+0000] {transform.py:240} INFO -   dim_hoc_phan                →    121 records
[2026-04-28T03:43:28.307+0000] {transform.py:306} INFO -   dim_sinh_vien               →  1,695 records
[2026-04-28T03:43:28.307+0000] {transform.py:96} INFO - ── Bước 2: Transform Fact Tables ──
[2026-04-28T03:43:28.308+0000] {transform.py:317} WARNING -   fact_diem | Không có dữ liệu điểm hoặc đăng ký
[2026-04-28T03:43:28.308+0000] {transform.py:387} WARNING -   fact_dang_ky | Không có dữ liệu đăng ký
[2026-04-28T03:43:28.321+0000] {transform.py:445} INFO -   fact_ren_luyen              →  9,962 records
[2026-04-28T03:43:28.330+0000] {logging_mixin.py:188} WARNING - /opt/***/src/etl/transform.py:467 UserWarning: The argument 'infer_datetime_format' is deprecated and will be removed in a future version. A strict version of it is now the default, see https://pandas.pydata.org/pdeps/0004-consistent-to-datetime-parsing.html. You can safely remove this argument.
[2026-04-28T03:43:28.337+0000] {transform.py:485} INFO -   fact_tai_chinh              →  9,670 records
[2026-04-28T03:43:28.338+0000] {transform.py:108} INFO - ======================================================================
[2026-04-28T03:43:28.338+0000] {transform.py:109} INFO - TRANSFORM HOÀN TẤT
[2026-04-28T03:43:28.339+0000] {transform.py:111} INFO -    dim_giang_vien           :       45 records
[2026-04-28T03:43:28.339+0000] {transform.py:111} INFO -    dim_sinh_vien            :    1,695 records
[2026-04-28T03:43:28.339+0000] {transform.py:111} INFO -    dim_hoc_phan             :      121 records
[2026-04-28T03:43:28.340+0000] {transform.py:111} INFO -    dim_thoi_gian            :        0 records
[2026-04-28T03:43:28.340+0000] {transform.py:111} INFO -    fact_diem                :        0 records
[2026-04-28T03:43:28.341+0000] {transform.py:111} INFO -    fact_dang_ky             :        0 records
[2026-04-28T03:43:28.341+0000] {transform.py:111} INFO -    fact_ren_luyen           :    9,962 records
[2026-04-28T03:43:28.341+0000] {transform.py:111} INFO -    fact_tai_chinh           :    9,670 records
[2026-04-28T03:43:28.341+0000] {transform.py:112} INFO - ======================================================================
[2026-04-28T03:43:28.351+0000] {minio_client.py:120} WARNING -   MinIO skip (empty): dim_hoc_ky.parquet
[2026-04-28T03:43:28.362+0000] {minio_client.py:142} INFO -   MinIO ↑ [staging-data] 2026-04-28_03-43/dim_giang_vien.parquet (8.9 KB | 45 rows)
[2026-04-28T03:43:28.371+0000] {minio_client.py:142} INFO -   MinIO ↑ [staging-data] 2026-04-28_03-43/dim_hoc_phan.parquet (11.0 KB | 121 rows)
[2026-04-28T03:43:28.385+0000] {minio_client.py:142} INFO -   MinIO ↑ [staging-data] 2026-04-28_03-43/dim_sinh_vien.parquet (71.6 KB | 1,695 rows)
[2026-04-28T03:43:28.385+0000] {minio_client.py:120} WARNING -   MinIO skip (empty): fact_diem.parquet
[2026-04-28T03:43:28.386+0000] {minio_client.py:120} WARNING -   MinIO skip (empty): fact_dang_ky.parquet
[2026-04-28T03:43:28.400+0000] {minio_client.py:142} INFO -   MinIO ↑ [staging-data] 2026-04-28_03-43/fact_ren_luyen.parquet (42.0 KB | 9,962 rows)
[2026-04-28T03:43:28.414+0000] {minio_client.py:142} INFO -   MinIO ↑ [staging-data] 2026-04-28_03-43/fact_tai_chinh.parquet (88.7 KB | 9,670 rows)
[2026-04-28T03:43:28.415+0000] {transform.py:141} INFO -   MinIO staging-data: 8/8 files OK → run_id=2026-04-28_03-43
[2026-04-28T03:43:28.444+0000] {logging_mixin.py:188} INFO - Transform xong: {'dim_giang_vien': 45, 'dim_sinh_vien': 1695, 'dim_hoc_phan': 121, 'dim_thoi_gian': 0, 'fact_diem': 0, 'fact_dang_ky': 0, 'fact_ren_luyen': 9962, 'fact_tai_chinh': 9670}
[2026-04-28T03:43:28.446+0000] {python.py:201} INFO - Done. Returned value was: {'dim_giang_vien': 45, 'dim_sinh_vien': 1695, 'dim_hoc_phan': 121, 'dim_thoi_gian': 0, 'fact_diem': 0, 'fact_dang_ky': 0, 'fact_ren_luyen': 9962, 'fact_tai_chinh': 9670}
[2026-04-28T03:43:28.469+0000] {taskinstance.py:1138} INFO - Marking task as SUCCESS. dag_id=daily_student_pipeline, task_id=transform_data, execution_date=20260428T034315, start_date=20260428T034325, end_date=20260428T034328
[2026-04-28T03:43:28.491+0000] {local_task_job_runner.py:234} INFO - Task exited with return code 0
[2026-04-28T03:43:28.515+0000] {taskinstance.py:3280} INFO - 1 downstream tasks scheduled from follow-on schedule check
