[2026-04-05 03:27:12] INFO    etl.extract : ==BẮT ĐẦU FULL EXTRACT==
[2026-04-05 03:27:12] INFO    etl.extract : ======================================================================
[2026-04-05 03:27:12] INFO    etl.extract : ════════════════════════════════════════════════════════════
[2026-04-05 03:27:12] INFO    etl.extract : NGUỒN 1 — PostgreSQL (Phòng Đào tạo) | Full Extract
[2026-04-05 03:27:12] INFO    etl.extract : ════════════════════════════════════════════════════════════
[2026-04-05 03:27:12] INFO    etl.extract :   PostgreSQL | khoa                      →      4 records
[2026-04-05 03:27:12] INFO    etl.extract :   PostgreSQL | nganh                     →      3 records
[2026-04-05 03:27:12] INFO    etl.extract :   PostgreSQL | giang_vien                →     45 records
[2026-04-05 03:27:12] INFO    etl.extract :   PostgreSQL | lop_hanh_chinh            →     48 records
[2026-04-05 03:27:12] INFO    etl.extract :   PostgreSQL | sinh_vien                 →  1,695 records
[2026-04-05 03:27:12] INFO    etl.extract :   PostgreSQL | hoc_phan                  →    121 records
[2026-04-05 03:27:12] INFO    etl.extract :   PostgreSQL | hoc_ky_nam_hoc            →      9 records
[2026-04-05 03:27:13] INFO    utils.minio :   MinIO run mới nhất: 2026-04-04_07-03
[2026-04-05 03:27:13] INFO    utils.minio :   MinIO run mới nhất: 2026-04-04_07-04
[2026-04-05 03:27:13] INFO    etl.extract :   Load from MinIO staging: run_id=2026-04-04_07-04
[2026-04-05 03:27:13] INFO    etl.transform :   Load TransformedData từ MinIO staging: run_id=2026-04-04_07-03
[2026-04-05 03:27:13] INFO    etl.extract :   PostgreSQL | dang_ky_hoc_phan          → 58,001 records
[2026-04-05 03:27:13] INFO    utils.minio :   MinIO ↓ [staging-data] 2026-04-04_07-03/dim_hoc_ky.parquet (9 rows)
[2026-04-05 03:27:13] INFO    utils.minio :   MinIO ↓ [raw-data] 2026-04-04_07-04/nguon1_khoa.parquet (4 rows)
[2026-04-05 03:27:13] INFO    utils.minio :   MinIO ↓ [raw-data] 2026-04-04_07-04/nguon1_nganh.parquet (3 rows)
[2026-04-05 03:27:13] INFO    utils.minio :   MinIO ↓ [staging-data] 2026-04-04_07-03/dim_giang_vien.parquet (45 rows)
[2026-04-05 03:27:13] INFO    utils.minio :   MinIO ↓ [staging-data] 2026-04-04_07-03/dim_hoc_phan.parquet (121 rows)
[2026-04-05 03:27:13] INFO    utils.minio :   MinIO ↓ [raw-data] 2026-04-04_07-04/nguon1_giang_vien.parquet (45 rows)
[2026-04-05 03:27:13] INFO    utils.minio :   MinIO ↓ [raw-data] 2026-04-04_07-04/nguon1_lop_hanh_chinh.parquet (48 rows)
[2026-04-05 03:27:13] INFO    utils.minio :   MinIO ↓ [staging-data] 2026-04-04_07-03/dim_sinh_vien.parquet (1,695 rows)
[2026-04-05 03:27:13] INFO    utils.minio :   MinIO ↓ [raw-data] 2026-04-04_07-04/nguon1_sinh_vien.parquet (1,695 rows)
[2026-04-05 03:27:13] INFO    utils.minio :   MinIO ↓ [staging-data] 2026-04-04_07-03/fact_diem.parquet (58,001 rows)
[2026-04-05 03:27:13] INFO    utils.minio :   MinIO ↓ [raw-data] 2026-04-04_07-04/nguon1_hoc_phan.parquet (121 rows)
[2026-04-05 03:27:13] INFO    utils.minio :   MinIO ↓ [raw-data] 2026-04-04_07-04/nguon1_hoc_ky.parquet (9 rows)
[2026-04-05 03:27:13] INFO    utils.minio :   MinIO ↓ [staging-data] 2026-04-04_07-03/fact_ren_luyen.parquet (9,238 rows)
[2026-04-05 03:27:13] INFO    utils.minio :   MinIO ↓ [staging-data] 2026-04-04_07-03/fact_tai_chinh.parquet (9,238 rows)
[2026-04-05 03:27:13] WARNING utils.minio :   MinIO không tìm thấy: 2026-04-04_07-03/fact_tong_hop_sv.parquet
[2026-04-05 03:27:13] INFO    utils.minio :   MinIO ↓ [raw-data] 2026-04-04_07-04/nguon1_dang_ky.parquet (58,001 rows)
[2026-04-05 03:27:13] INFO    etl.transform : Load from staging-data OK — run_id=2026-04-04_07-03
[2026-04-05 03:27:13] INFO    etl.load : ==BẮT ĐẦU LOAD VÀO DATA WAREHOUSE==
[2026-04-05 03:27:13] INFO    etl.load : ======================================================================
[2026-04-05 03:27:13] INFO    etl.load : 🔧 Tạo schema warehouse từ warehouse_models.py...
[2026-04-05 03:27:13] INFO    utils.minio :   MinIO ↓ [raw-data] 2026-04-04_07-04/nguon1_diem.parquet (58,001 rows)
[2026-04-05 03:27:13] INFO    utils.minio :   MinIO ↓ [raw-data] 2026-04-04_07-04/nguon1_tong_hop_ket_qua.parquet (1,695 rows)
[2026-04-05 03:27:13] INFO    etl.load :   Schema warehouse OK ✓
[2026-04-05 03:27:13] INFO    utils.minio :   MinIO ↓ [raw-data] 2026-04-04_07-04/nguon2_ctsv.parquet (9,629 rows)
[2026-04-05 03:27:13] INFO    etl.load : ── Bước 1: Load Dimension Tables ──
[2026-04-05 03:27:13] INFO    utils.minio :   MinIO ↓ [raw-data] 2026-04-04_07-04/nguon3_tai_chinh.parquet (9,238 rows)
[2026-04-05 03:27:13] INFO    etl.extract :  Load from staging OK — run_id=2026-04-04_07-04
[2026-04-05 03:27:13] INFO    etl.transform : ==BẮT ĐẦU TRANSFORM==
[2026-04-05 03:27:13] INFO    etl.transform : ======================================================================
[2026-04-05 03:27:13] INFO    etl.transform : ── Bước 1: Transform Dimension Tables ──
[2026-04-05 03:27:13] INFO    etl.transform :   dim_thoi_gian (→dim_hoc_ky)  →      9 records
[2026-04-05 03:27:13] INFO    etl.transform :   dim_giang_vien              →     45 records
[2026-04-05 03:27:13] INFO    etl.load :   dim_hoc_ky     →      9 records (new: 0)
[2026-04-05 03:27:13] INFO    etl.transform :   dim_hoc_phan                →    121 records
[2026-04-05 03:27:13] INFO    etl.transform :   dim_sinh_vien               →  1,695 records
[2026-04-05 03:27:13] INFO    etl.transform : ── Bước 2: Transform Fact Tables ──
[2026-04-05 03:27:13] INFO    etl.transform :   fact_diem | Tính lại điểm tổng kết cho 1160 bản ghi
[2026-04-05 03:27:13] INFO    etl.load :   dim_giang_vien →     45 records (new: 0)
[2026-04-05 03:27:13] INFO    etl.transform :   fact_diem (→fact_hoc_tap)    → 58,001 records
[2026-04-05 03:27:13] INFO    etl.transform :   fact_ren_luyen (→fact_ctsv)  →  9,629 records
[2026-04-05 03:27:13] INFO    etl.transform :   fact_tai_chinh               →  9,238 records
[2026-04-05 03:27:13] INFO    etl.transform : ── Bước 3: Tổng hợp đa nguồn ──
[2026-04-05 03:27:13] INFO    etl.transform : ======================================================================
[2026-04-05 03:27:13] INFO    etl.transform : TRANSFORM HOÀN TẤT
[2026-04-05 03:27:13] INFO    etl.transform :    dim_giang_vien           :       45 records
[2026-04-05 03:27:13] INFO    etl.transform :    dim_sinh_vien            :    1,695 records
[2026-04-05 03:27:13] INFO    etl.transform :    dim_hoc_phan             :      121 records
[2026-04-05 03:27:13] INFO    etl.transform :    dim_thoi_gian            :        9 records
[2026-04-05 03:27:13] INFO    etl.transform :    fact_diem                :   58,001 records
[2026-04-05 03:27:13] INFO    etl.transform :    fact_ren_luyen           :    9,629 records
[2026-04-05 03:27:13] INFO    etl.transform :    fact_tai_chinh           :    9,238 records
[2026-04-05 03:27:13] INFO    etl.transform :    fact_tong_hop_sv         :        0 records
[2026-04-05 03:27:13] INFO    etl.transform : ======================================================================
[2026-04-05 03:27:13] INFO    utils.minio :   MinIO ↑ [staging-data] 2026-04-05_03-27/dim_hoc_ky.parquet (5.3 KB | 9 rows)
[2026-04-05 03:27:13] INFO    utils.minio :   MinIO ↑ [staging-data] 2026-04-05_03-27/dim_giang_vien.parquet (8.9 KB | 45 rows)
[2026-04-05 03:27:13] INFO    utils.minio :   MinIO ↑ [staging-data] 2026-04-05_03-27/dim_hoc_phan.parquet (11.0 KB | 121 rows)
[2026-04-05 03:27:13] INFO    etl.load :   dim_hoc_phan   →    121 records (new: 0)
[2026-04-05 03:27:13] INFO    utils.minio :   MinIO ↑ [staging-data] 2026-04-05_03-27/dim_sinh_vien.parquet (72.9 KB | 1,695 rows)
[2026-04-05 03:27:14] INFO    utils.minio :   MinIO ↑ [staging-data] 2026-04-05_03-27/fact_diem.parquet (908.9 KB | 58,001 rows)
[2026-04-05 03:27:14] INFO    utils.minio :   MinIO ↑ [staging-data] 2026-04-05_03-27/fact_ren_luyen.parquet (47.2 KB | 9,629 rows)
[2026-04-05 03:27:14] INFO    utils.minio :   MinIO ↑ [staging-data] 2026-04-05_03-27/fact_tai_chinh.parquet (70.2 KB | 9,238 rows)
[2026-04-05 03:27:14] WARNING utils.minio :   MinIO skip (empty): fact_tong_hop_sv.parquet
[2026-04-05 03:27:14] INFO    etl.transform :   MinIO staging-data: 8/8 files OK → run_id=2026-04-05_03-27
[2026-04-05 03:27:14] INFO    etl.extract :   PostgreSQL | diem_hoc_phan             → 58,001 records
[2026-04-05 03:27:14] INFO    etl.extract :   PostgreSQL | tong_hop_ket_qua          →  1,695 records
[2026-04-05 03:27:14] INFO    etl.extract :   PostgreSQL | TỔNG: 119,622 records từ 10 bảng
[2026-04-05 03:27:14] INFO    etl.extract : ════════════════════════════════════════════════════════════
[2026-04-05 03:27:14] INFO    etl.extract : NGUỒN 2 — CSV (Phòng CTSV) | Extract
[2026-04-05 03:27:14] INFO    etl.extract : ════════════════════════════════════════════════════════════
[2026-04-05 03:27:14] INFO    etl.extract :   CSV | Tìm thấy 9 file(s)
[2026-04-05 03:27:14] INFO    etl.extract :   CSV | ctsv_HK1_2021_22.csv                →    791 records
[2026-04-05 03:27:14] INFO    etl.extract :   CSV | ctsv_HK1_2022_23.csv                →  1,635 records
[2026-04-05 03:27:14] INFO    etl.extract :   CSV | ctsv_HK1_2023_24.csv                →  2,502 records
[2026-04-05 03:27:14] INFO    etl.extract :   CSV | ctsv_HK1_2024_25.csv                →  3,355 records
[2026-04-05 03:27:14] INFO    etl.extract :   CSV | ctsv_HK1_2025_26.csv                →  2,543 records
[2026-04-05 03:27:14] INFO    etl.extract :   CSV | ctsv_HK2_2021_22.csv                →    791 records
[2026-04-05 03:27:14] INFO    etl.extract :   CSV | ctsv_HK2_2022_23.csv                →  1,628 records
[2026-04-05 03:27:14] INFO    etl.extract :   CSV | ctsv_HK2_2023_24.csv                →  2,489 records
[2026-04-05 03:27:14] INFO    etl.extract :   CSV | ctsv_HK2_2024_25.csv                →  2,958 records
[2026-04-05 03:27:14] INFO    etl.extract :   CSV | Loại bỏ 9063 bản ghi trùng
[2026-04-05 03:27:14] INFO    etl.extract :   CSV | TỔNG: 9,629 records từ 9 file(s)
[2026-04-05 03:27:14] INFO    etl.extract :   API | (JSON) taichinh_HK1_2021_22.json →    390 records
[2026-04-05 03:27:14] INFO    etl.extract :   API | (JSON) taichinh_HK1_2022_23.json →    802 records
[2026-04-05 03:27:14] INFO    etl.extract :   API | (JSON) taichinh_HK1_2023_24.json →  1,229 records
[2026-04-05 03:27:14] INFO    etl.extract :   API | (JSON) taichinh_HK1_2024_25.json →  1,646 records
[2026-04-05 03:27:14] INFO    etl.extract :   API | (JSON) taichinh_HK1_2025_26.json →  1,245 records
[2026-04-05 03:27:14] INFO    etl.extract :   API | (JSON) taichinh_HK2_2021_22.json →    390 records
[2026-04-05 03:27:14] INFO    etl.extract :   API | (JSON) taichinh_HK2_2022_23.json →    799 records
[2026-04-05 03:27:14] INFO    etl.extract :   API | (JSON) taichinh_HK2_2023_24.json →  1,223 records
[2026-04-05 03:27:14] INFO    etl.extract :   API | (JSON) taichinh_HK2_2024_25.json →  1,514 records
[2026-04-05 03:27:14] INFO    etl.extract :   API | TỔNG: 9,238 records từ 9 HK
[2026-04-05 03:27:15] INFO    utils.minio :   MinIO ↑ [raw-data] 2026-04-05_03-27/nguon1_sinh_vien.parquet (48.7 KB | 1,695 rows)
[2026-04-05 03:27:15] INFO    utils.minio :   MinIO ↑ [raw-data] 2026-04-05_03-27/nguon1_dang_ky.parquet (493.4 KB | 58,001 rows)
[2026-04-05 03:27:15] INFO    utils.minio :   MinIO ↑ [raw-data] 2026-04-05_03-27/nguon1_diem.parquet (1187.9 KB | 58,001 rows)
[2026-04-05 03:27:15] INFO    utils.minio :   MinIO ↑ [raw-data] 2026-04-05_03-27/nguon1_hoc_phan.parquet (10.3 KB | 121 rows)
[2026-04-05 03:27:15] INFO    utils.minio :   MinIO ↑ [raw-data] 2026-04-05_03-27/nguon1_hoc_ky.parquet (4.1 KB | 9 rows)
[2026-04-05 03:27:15] INFO    utils.minio :   MinIO ↑ [raw-data] 2026-04-05_03-27/nguon1_giang_vien.parquet (8.3 KB | 45 rows)
[2026-04-05 03:27:15] INFO    utils.minio :   MinIO ↑ [raw-data] 2026-04-05_03-27/nguon1_khoa.parquet (2.6 KB | 4 rows)
[2026-04-05 03:27:15] INFO    utils.minio :   MinIO ↑ [raw-data] 2026-04-05_03-27/nguon1_nganh.parquet (3.2 KB | 3 rows)
[2026-04-05 03:27:15] INFO    utils.minio :   MinIO ↑ [raw-data] 2026-04-05_03-27/nguon1_lop_hanh_chinh.parquet (4.8 KB | 48 rows)
[2026-04-05 03:27:15] INFO    utils.minio :   MinIO ↑ [raw-data] 2026-04-05_03-27/nguon1_tong_hop_ket_qua.parquet (21.6 KB | 1,695 rows)
[2026-04-05 03:27:15] INFO    utils.minio :   MinIO ↑ [raw-data] 2026-04-05_03-27/nguon2_ctsv.parquet (48.1 KB | 9,629 rows)
[2026-04-05 03:27:15] INFO    utils.minio :   MinIO ↑ [raw-data] 2026-04-05_03-27/nguon3_tai_chinh.parquet (71.0 KB | 9,238 rows)
[2026-04-05 03:27:15] INFO    utils.minio :   MinIO upload xong: 12/12 files | run_id=2026-04-05_03-27
[2026-04-05 03:27:15] INFO    etl.extract :   MinIO staging: 12/12 files OK → run_id=2026-04-05_03-27
[2026-04-05 03:27:15] INFO    etl.extract : ======================================================================
[2026-04-05 03:27:15] INFO    etl.extract :  FULL EXTRACT HOÀN TẤT
[2026-04-05 03:27:15] INFO    etl.extract :    khoa                     :        4
[2026-04-05 03:27:15] INFO    etl.extract :    nganh                    :        3
[2026-04-05 03:27:15] INFO    etl.extract :    giang_vien               :       45
[2026-04-05 03:27:15] INFO    etl.extract :    lop_hanh_chinh           :       48
[2026-04-05 03:27:15] INFO    etl.extract :    sinh_vien                :    1,695
[2026-04-05 03:27:15] INFO    etl.extract :    hoc_phan                 :      121
[2026-04-05 03:27:15] INFO    etl.extract :    hoc_ky_nam_hoc           :        9
[2026-04-05 03:27:15] INFO    etl.extract :    dang_ky_hoc_phan         :   58,001
[2026-04-05 03:27:15] INFO    etl.extract :    diem_hoc_phan            :   58,001
[2026-04-05 03:27:15] INFO    etl.extract :    tong_hop_ket_qua         :    1,695
[2026-04-05 03:27:15] INFO    etl.extract :    ctsv_data                :    9,629
[2026-04-05 03:27:15] INFO    etl.extract :    tai_chinh_data           :    9,238
[2026-04-05 03:27:15] INFO    etl.extract : ======================================================================
[2026-04-05 03:27:17] INFO    validation.ge :  GE | DataValidator khởi tạo | GE dir: /opt/airflow/great_expectations
[2026-04-05 03:27:17] INFO    validation.ge :  GE | Bắt đầu validation | run_id=2026-04-05_03-27
[2026-04-05 03:27:17] INFO    validation.ge :  GE | GE suites directory: /opt/airflow/great_expectations/expectations
[2026-04-05 03:27:17] INFO    validation.ge :  GE | Downloading staging data từ MinIO...
[2026-04-05 03:27:17] INFO    utils.minio :   MinIO ↓ [raw-data] 2026-04-05_03-27/nguon1_sinh_vien.parquet (1,695 rows)
[2026-04-05 03:27:17] INFO    utils.minio :   MinIO ↓ [raw-data] 2026-04-05_03-27/nguon1_diem.parquet (58,001 rows)
[2026-04-05 03:27:17] INFO    utils.minio :   MinIO ↓ [raw-data] 2026-04-05_03-27/nguon1_tong_hop_ket_qua.parquet (1,695 rows)
[2026-04-05 03:27:17] INFO    utils.minio :   MinIO ↓ [raw-data] 2026-04-05_03-27/nguon2_ctsv.parquet (9,629 rows)
[2026-04-05 03:27:17] INFO    utils.minio :   MinIO ↓ [raw-data] 2026-04-05_03-27/nguon3_tai_chinh.parquet (9,238 rows)
[2026-04-05 03:27:17] INFO    validation.ge :  GE | Downloaded: sv=1695, diem=58001, ctsv=9629, tc=9238
[2026-04-05 03:27:17] INFO    validation.ge :  GE | Chạy validation suites...
[2026-04-05 03:27:17] INFO    validation.ge :  GE | Loaded suite 'students_suite' (15 expectations)
[2026-04-05 03:27:17] INFO    validation.ge :  GE | [students_suite] sinh_vien: 13/15 passed (FAIL)
[2026-04-05 03:27:17] WARNING validation.ge :     FAIL: [sinh_vien] expect_column_values_to_match_regex | column='email' | unexpected=1.2% (20/1695 records)
[2026-04-05 03:27:17] WARNING validation.ge :     FAIL: [sinh_vien] expect_column_values_to_be_in_set | column='trang_thai_hoc_tap' | unexpected=1.5% (25/1695 records)
[2026-04-05 03:27:17] INFO    validation.ge :  GE | Loaded suite 'grades_suite' (12 expectations)
[2026-04-05 03:27:17] INFO    validation.ge :  GE | [grades_suite] diem_hoc_phan: 12/12 passed (OK)
[2026-04-05 03:27:17] INFO    validation.ge :  GE | Loaded suite 'ctsv_suite' (9 expectations)
[2026-04-05 03:27:17] INFO    validation.ge :  GE | [ctsv_suite] ctsv_data: 9/9 passed (OK)
[2026-04-05 03:27:17] INFO    validation.ge :  GE | Loaded suite 'tai_chinh_suite' (8 expectations)
[2026-04-05 03:27:17] INFO    validation.ge :  GE | [tai_chinh_suite] tai_chinh_data: 8/8 passed (OK)
[2026-04-05 03:27:17] INFO    validation.ge : ============================================================
[2026-04-05 03:27:17] INFO    validation.ge :  GE | VALIDATION FAILED
[2026-04-05 03:27:17] INFO    validation.ge :  GE | run_id         : 2026-04-05_03-27
[2026-04-05 03:27:17] INFO    validation.ge :  GE | Tổng expectations : 44
[2026-04-05 03:27:17] INFO    validation.ge :  GE | Passed           : 42
[2026-04-05 03:27:17] INFO    validation.ge :  GE | Failed           : 2
[2026-04-05 03:27:17] INFO    validation.ge :  GE | Suite results:
[2026-04-05 03:27:17] INFO    validation.ge :      students       : FAIL (13/15)
[2026-04-05 03:27:17] INFO    validation.ge :      grades         : OK (12/12)
[2026-04-05 03:27:17] INFO    validation.ge :      ctsv           : OK (9/9)
[2026-04-05 03:27:17] INFO    validation.ge :      tai_chinh      : OK (8/8)
[2026-04-05 03:27:17] ERROR   validation.ge :  GE | 2 expectations thất bại:
[2026-04-05 03:27:17] ERROR   validation.ge :     FAIL: [sinh_vien] expect_column_values_to_match_regex | column='email' | unexpected=1.2% (20/1695 records)
[2026-04-05 03:27:17] ERROR   validation.ge :     FAIL: [sinh_vien] expect_column_values_to_be_in_set | column='trang_thai_hoc_tap' | unexpected=1.5% (25/1695 records)
[2026-04-05 03:27:17] INFO    validation.ge : ============================================================
[2026-04-05 03:27:17] INFO    etl.load :   dim_sinh_vien →  1,695 records (new: 0, SCD2: 25, fact cascade: 1174)
[2026-04-05 03:27:17] INFO    etl.load : ── Bước 2: Build Surrogate Key Cache ──
[2026-04-05 03:27:17] INFO    etl.load :  Building surrogate key caches...
[2026-04-05 03:27:17] INFO    etl.load :   SV=1695, HP=121, GV=45, HK=9
[2026-04-05 03:27:17] INFO    etl.load : ── Bước 3: Load Fact Tables ──
[2026-04-05 03:28:45] INFO    etl.load :   fact_hoc_tap   →      0 records
[2026-04-05 03:28:53] INFO    etl.load :   fact_ctsv      →      0 records
[2026-04-05 03:29:03] INFO    etl.load :   fact_tai_chinh →      0 records
[2026-04-05 03:29:03] INFO    etl.load : ── Bước 4: Build Aggregation ──
[2026-04-05 03:29:03] INFO    etl.aggregation : == BẮT ĐẦU AGGREGATION ==
[2026-04-05 03:29:03] INFO    etl.aggregation :   agg_student_summary → 1,695 records
[2026-04-05 03:29:03] INFO    etl.aggregation :  agg_student_summary rebuilt : 1,695
[2026-04-05 03:29:03] INFO    etl.aggregation : == AGGREGATION HOÀN TẤT ==
[2026-04-05 03:29:03] INFO    etl.load : ======================================================================
[2026-04-05 03:29:03] INFO    etl.load : LOAD HOÀN TẤT
[2026-04-05 03:29:03] INFO    etl.load :   dim_hoc_ky               :        9 records
[2026-04-05 03:29:03] INFO    etl.load :   dim_giang_vien           :       45 records
[2026-04-05 03:29:03] INFO    etl.load :   dim_hoc_phan             :      121 records
[2026-04-05 03:29:03] INFO    etl.load :   dim_sinh_vien            :       25 records
[2026-04-05 03:29:03] INFO    etl.load :   fact_hoc_tap             :        0 records
[2026-04-05 03:29:03] INFO    etl.load :   fact_ctsv                :        0 records
[2026-04-05 03:29:03] INFO    etl.load :   fact_tai_chinh           :        0 records
[2026-04-05 03:29:03] INFO    etl.load :   agg_student_summary      :    1,695 records
[2026-04-05 03:29:03] INFO    etl.load :   TỔNG                     :    1,895 records
[2026-04-05 03:29:03] INFO    etl.load : ======================================================================
[2026-04-05 04:46:24] INFO    etl.extract : ==BẮT ĐẦU FULL EXTRACT==
[2026-04-05 04:46:24] INFO    etl.extract : ======================================================================
[2026-04-05 04:46:24] INFO    etl.extract : ════════════════════════════════════════════════════════════
[2026-04-05 04:46:24] INFO    etl.extract : NGUỒN 1 — PostgreSQL (Phòng Đào tạo) | Full Extract
[2026-04-05 04:46:24] INFO    etl.extract : ════════════════════════════════════════════════════════════
[2026-04-05 04:46:24] INFO    etl.extract :   PostgreSQL | khoa                      →      4 records
[2026-04-05 04:46:24] INFO    etl.extract :   PostgreSQL | nganh                     →      3 records
[2026-04-05 04:46:24] INFO    etl.extract :   PostgreSQL | giang_vien                →     45 records
[2026-04-05 04:46:24] INFO    etl.extract :   PostgreSQL | lop_hanh_chinh            →     48 records
[2026-04-05 04:46:25] INFO    etl.extract :   PostgreSQL | sinh_vien                 →  1,695 records
[2026-04-05 04:46:25] INFO    etl.extract :   PostgreSQL | hoc_phan                  →    121 records
[2026-04-05 04:46:25] INFO    etl.extract :   PostgreSQL | hoc_ky_nam_hoc            →      9 records
[2026-04-05 04:46:25] INFO    utils.minio :   MinIO run mới nhất: 2026-04-05_03-27
[2026-04-05 04:46:25] INFO    utils.minio :   MinIO run mới nhất: 2026-04-05_03-27
[2026-04-05 04:46:25] INFO    etl.extract :   Load from MinIO staging: run_id=2026-04-05_03-27
[2026-04-05 04:46:25] INFO    etl.transform :   Load TransformedData từ MinIO staging: run_id=2026-04-05_03-27
[2026-04-05 04:46:25] INFO    utils.minio :   MinIO ↓ [raw-data] 2026-04-05_03-27/nguon1_khoa.parquet (4 rows)
[2026-04-05 04:46:25] INFO    utils.minio :   MinIO ↓ [staging-data] 2026-04-05_03-27/dim_hoc_ky.parquet (9 rows)
[2026-04-05 04:46:25] INFO    utils.minio :   MinIO ↓ [raw-data] 2026-04-05_03-27/nguon1_nganh.parquet (3 rows)
[2026-04-05 04:46:25] INFO    utils.minio :   MinIO ↓ [staging-data] 2026-04-05_03-27/dim_giang_vien.parquet (45 rows)
[2026-04-05 04:46:25] INFO    utils.minio :   MinIO ↓ [raw-data] 2026-04-05_03-27/nguon1_giang_vien.parquet (45 rows)
[2026-04-05 04:46:25] INFO    utils.minio :   MinIO ↓ [staging-data] 2026-04-05_03-27/dim_hoc_phan.parquet (121 rows)
[2026-04-05 04:46:25] INFO    utils.minio :   MinIO ↓ [raw-data] 2026-04-05_03-27/nguon1_lop_hanh_chinh.parquet (48 rows)
[2026-04-05 04:46:25] INFO    utils.minio :   MinIO ↓ [staging-data] 2026-04-05_03-27/dim_sinh_vien.parquet (1,695 rows)
[2026-04-05 04:46:25] INFO    utils.minio :   MinIO ↓ [raw-data] 2026-04-05_03-27/nguon1_sinh_vien.parquet (1,695 rows)
[2026-04-05 04:46:25] INFO    utils.minio :   MinIO ↓ [raw-data] 2026-04-05_03-27/nguon1_hoc_phan.parquet (121 rows)
[2026-04-05 04:46:25] INFO    utils.minio :   MinIO ↓ [raw-data] 2026-04-05_03-27/nguon1_hoc_ky.parquet (9 rows)
[2026-04-05 04:46:26] INFO    utils.minio :   MinIO ↓ [staging-data] 2026-04-05_03-27/fact_diem.parquet (58,001 rows)
[2026-04-05 04:46:26] INFO    utils.minio :   MinIO ↓ [raw-data] 2026-04-05_03-27/nguon1_dang_ky.parquet (58,001 rows)
[2026-04-05 04:46:26] INFO    utils.minio :   MinIO ↓ [staging-data] 2026-04-05_03-27/fact_ren_luyen.parquet (9,629 rows)
[2026-04-05 04:46:26] INFO    utils.minio :   MinIO ↓ [staging-data] 2026-04-05_03-27/fact_tai_chinh.parquet (9,238 rows)
[2026-04-05 04:46:26] WARNING utils.minio :   MinIO không tìm thấy: 2026-04-05_03-27/fact_tong_hop_sv.parquet
[2026-04-05 04:46:26] INFO    etl.transform : Load from staging-data OK — run_id=2026-04-05_03-27
[2026-04-05 04:46:26] INFO    etl.load : ==BẮT ĐẦU LOAD VÀO DATA WAREHOUSE==
[2026-04-05 04:46:26] INFO    etl.load : ======================================================================
[2026-04-05 04:46:26] INFO    etl.load : 🔧 Tạo schema warehouse từ warehouse_models.py...
[2026-04-05 04:46:26] INFO    utils.minio :   MinIO ↓ [raw-data] 2026-04-05_03-27/nguon1_diem.parquet (58,001 rows)
[2026-04-05 04:46:26] INFO    utils.minio :   MinIO ↓ [raw-data] 2026-04-05_03-27/nguon1_tong_hop_ket_qua.parquet (1,695 rows)
[2026-04-05 04:46:26] INFO    etl.load :   Schema warehouse OK ✓
[2026-04-05 04:46:26] INFO    etl.load : ── Bước 1: Load Dimension Tables ──
[2026-04-05 04:46:26] INFO    utils.minio :   MinIO ↓ [raw-data] 2026-04-05_03-27/nguon2_ctsv.parquet (9,629 rows)
[2026-04-05 04:46:26] INFO    utils.minio :   MinIO ↓ [raw-data] 2026-04-05_03-27/nguon3_tai_chinh.parquet (9,238 rows)
[2026-04-05 04:46:26] INFO    etl.extract :  Load from staging OK — run_id=2026-04-05_03-27
[2026-04-05 04:46:26] INFO    etl.load :   dim_hoc_ky     →      9 records (new: 0)
[2026-04-05 04:46:26] INFO    etl.transform : ==BẮT ĐẦU TRANSFORM==
[2026-04-05 04:46:26] INFO    etl.transform : ======================================================================
[2026-04-05 04:46:26] INFO    etl.transform : ── Bước 1: Transform Dimension Tables ──
[2026-04-05 04:46:26] INFO    etl.transform :   dim_thoi_gian (→dim_hoc_ky)  →      9 records
[2026-04-05 04:46:26] INFO    etl.transform :   dim_giang_vien              →     45 records
[2026-04-05 04:46:26] INFO    etl.transform :   dim_hoc_phan                →    121 records
[2026-04-05 04:46:26] INFO    etl.load :   dim_giang_vien →     45 records (new: 0)
[2026-04-05 04:46:26] INFO    etl.transform :   dim_sinh_vien               →  1,695 records
[2026-04-05 04:46:26] INFO    etl.transform : ── Bước 2: Transform Fact Tables ──
[2026-04-05 04:46:26] INFO    etl.extract :   PostgreSQL | dang_ky_hoc_phan          → 58,001 records
[2026-04-05 04:46:26] INFO    etl.load :   dim_hoc_phan   →    121 records (new: 0)
[2026-04-05 04:46:26] INFO    etl.transform :   fact_diem | Tính lại điểm tổng kết cho 1160 bản ghi
[2026-04-05 04:46:26] INFO    etl.transform :   fact_diem (→fact_hoc_tap)    → 58,001 records
[2026-04-05 04:46:26] INFO    etl.transform :   fact_ren_luyen (→fact_ctsv)  →  9,629 records
[2026-04-05 04:46:26] INFO    etl.transform :   fact_tai_chinh               →  9,238 records
[2026-04-05 04:46:26] INFO    etl.transform : ── Bước 3: Tổng hợp đa nguồn ──
[2026-04-05 04:46:26] INFO    etl.transform : ======================================================================
[2026-04-05 04:46:26] INFO    etl.transform : TRANSFORM HOÀN TẤT
[2026-04-05 04:46:26] INFO    etl.transform :    dim_giang_vien           :       45 records
[2026-04-05 04:46:26] INFO    etl.transform :    dim_sinh_vien            :    1,695 records
[2026-04-05 04:46:26] INFO    etl.transform :    dim_hoc_phan             :      121 records
[2026-04-05 04:46:26] INFO    etl.transform :    dim_thoi_gian            :        9 records
[2026-04-05 04:46:26] INFO    etl.transform :    fact_diem                :   58,001 records
[2026-04-05 04:46:26] INFO    etl.transform :    fact_ren_luyen           :    9,629 records
[2026-04-05 04:46:26] INFO    etl.transform :    fact_tai_chinh           :    9,238 records
[2026-04-05 04:46:26] INFO    etl.transform :    fact_tong_hop_sv         :        0 records
[2026-04-05 04:46:26] INFO    etl.transform : ======================================================================
[2026-04-05 04:46:26] INFO    utils.minio :   MinIO ↑ [staging-data] 2026-04-05_04-46/dim_hoc_ky.parquet (5.3 KB | 9 rows)
[2026-04-05 04:46:26] INFO    utils.minio :   MinIO ↑ [staging-data] 2026-04-05_04-46/dim_giang_vien.parquet (8.9 KB | 45 rows)
[2026-04-05 04:46:27] INFO    utils.minio :   MinIO ↑ [staging-data] 2026-04-05_04-46/dim_hoc_phan.parquet (11.0 KB | 121 rows)
[2026-04-05 04:46:27] INFO    utils.minio :   MinIO ↑ [staging-data] 2026-04-05_04-46/dim_sinh_vien.parquet (72.9 KB | 1,695 rows)
[2026-04-05 04:46:27] INFO    utils.minio :   MinIO ↑ [staging-data] 2026-04-05_04-46/fact_diem.parquet (908.9 KB | 58,001 rows)
[2026-04-05 04:46:27] INFO    utils.minio :   MinIO ↑ [staging-data] 2026-04-05_04-46/fact_ren_luyen.parquet (47.2 KB | 9,629 rows)
[2026-04-05 04:46:27] INFO    utils.minio :   MinIO ↑ [staging-data] 2026-04-05_04-46/fact_tai_chinh.parquet (70.2 KB | 9,238 rows)
[2026-04-05 04:46:27] WARNING utils.minio :   MinIO skip (empty): fact_tong_hop_sv.parquet
[2026-04-05 04:46:27] INFO    etl.transform :   MinIO staging-data: 8/8 files OK → run_id=2026-04-05_04-46
[2026-04-05 04:46:28] INFO    etl.extract :   PostgreSQL | diem_hoc_phan             → 58,001 records
[2026-04-05 04:46:28] INFO    etl.extract :   PostgreSQL | tong_hop_ket_qua          →  1,695 records
[2026-04-05 04:46:28] INFO    etl.extract :   PostgreSQL | TỔNG: 119,622 records từ 10 bảng
[2026-04-05 04:46:28] INFO    etl.extract : ════════════════════════════════════════════════════════════
[2026-04-05 04:46:28] INFO    etl.extract : NGUỒN 2 — CSV (Phòng CTSV) | Extract
[2026-04-05 04:46:28] INFO    etl.extract : ════════════════════════════════════════════════════════════
[2026-04-05 04:46:28] INFO    etl.extract :   CSV | Tìm thấy 9 file(s)
[2026-04-05 04:46:28] INFO    etl.extract :   CSV | ctsv_HK1_2021_22.csv                →    791 records
[2026-04-05 04:46:28] INFO    etl.extract :   CSV | ctsv_HK1_2022_23.csv                →  1,635 records
[2026-04-05 04:46:28] INFO    etl.extract :   CSV | ctsv_HK1_2023_24.csv                →  2,502 records
[2026-04-05 04:46:28] INFO    etl.extract :   CSV | ctsv_HK1_2024_25.csv                →  3,355 records
[2026-04-05 04:46:28] INFO    etl.extract :   CSV | ctsv_HK1_2025_26.csv                →  2,543 records
[2026-04-05 04:46:28] INFO    etl.extract :   CSV | ctsv_HK2_2021_22.csv                →    791 records
[2026-04-05 04:46:29] INFO    etl.extract :   CSV | ctsv_HK2_2022_23.csv                →  1,628 records
[2026-04-05 04:46:29] INFO    etl.extract :   CSV | ctsv_HK2_2023_24.csv                →  2,489 records
[2026-04-05 04:46:29] INFO    etl.extract :   CSV | ctsv_HK2_2024_25.csv                →  2,958 records
[2026-04-05 04:46:29] INFO    etl.extract :   CSV | Loại bỏ 9063 bản ghi trùng
[2026-04-05 04:46:29] INFO    etl.extract :   CSV | TỔNG: 9,629 records từ 9 file(s)
[2026-04-05 04:46:29] INFO    etl.extract :   API | (JSON) taichinh_HK1_2021_22.json →    390 records
[2026-04-05 04:46:29] INFO    etl.extract :   API | (JSON) taichinh_HK1_2022_23.json →    802 records
[2026-04-05 04:46:29] INFO    etl.extract :   API | (JSON) taichinh_HK1_2023_24.json →  1,229 records
[2026-04-05 04:46:29] INFO    etl.extract :   API | (JSON) taichinh_HK1_2024_25.json →  1,646 records
[2026-04-05 04:46:29] INFO    etl.extract :   API | (JSON) taichinh_HK1_2025_26.json →  1,245 records
[2026-04-05 04:46:29] INFO    etl.extract :   API | (JSON) taichinh_HK2_2021_22.json →    390 records
[2026-04-05 04:46:29] INFO    etl.extract :   API | (JSON) taichinh_HK2_2022_23.json →    799 records
[2026-04-05 04:46:29] INFO    etl.extract :   API | (JSON) taichinh_HK2_2023_24.json →  1,223 records
[2026-04-05 04:46:29] INFO    etl.extract :   API | (JSON) taichinh_HK2_2024_25.json →  1,514 records
[2026-04-05 04:46:29] INFO    etl.extract :   API | TỔNG: 9,238 records từ 9 HK
[2026-04-05 04:46:29] INFO    utils.minio :   MinIO ↑ [raw-data] 2026-04-05_04-46/nguon1_sinh_vien.parquet (48.7 KB | 1,695 rows)
[2026-04-05 04:46:29] INFO    utils.minio :   MinIO ↑ [raw-data] 2026-04-05_04-46/nguon1_dang_ky.parquet (493.4 KB | 58,001 rows)
[2026-04-05 04:46:29] INFO    utils.minio :   MinIO ↑ [raw-data] 2026-04-05_04-46/nguon1_diem.parquet (1187.9 KB | 58,001 rows)
[2026-04-05 04:46:29] INFO    utils.minio :   MinIO ↑ [raw-data] 2026-04-05_04-46/nguon1_hoc_phan.parquet (10.3 KB | 121 rows)
[2026-04-05 04:46:29] INFO    utils.minio :   MinIO ↑ [raw-data] 2026-04-05_04-46/nguon1_hoc_ky.parquet (4.1 KB | 9 rows)
[2026-04-05 04:46:29] INFO    utils.minio :   MinIO ↑ [raw-data] 2026-04-05_04-46/nguon1_giang_vien.parquet (8.3 KB | 45 rows)
[2026-04-05 04:46:29] INFO    utils.minio :   MinIO ↑ [raw-data] 2026-04-05_04-46/nguon1_khoa.parquet (2.6 KB | 4 rows)
[2026-04-05 04:46:30] INFO    utils.minio :   MinIO ↑ [raw-data] 2026-04-05_04-46/nguon1_nganh.parquet (3.2 KB | 3 rows)
[2026-04-05 04:46:30] INFO    utils.minio :   MinIO ↑ [raw-data] 2026-04-05_04-46/nguon1_lop_hanh_chinh.parquet (4.8 KB | 48 rows)
[2026-04-05 04:46:30] INFO    utils.minio :   MinIO ↑ [raw-data] 2026-04-05_04-46/nguon1_tong_hop_ket_qua.parquet (21.6 KB | 1,695 rows)
[2026-04-05 04:46:30] INFO    utils.minio :   MinIO ↑ [raw-data] 2026-04-05_04-46/nguon2_ctsv.parquet (48.1 KB | 9,629 rows)
[2026-04-05 04:46:30] INFO    utils.minio :   MinIO ↑ [raw-data] 2026-04-05_04-46/nguon3_tai_chinh.parquet (71.0 KB | 9,238 rows)
[2026-04-05 04:46:30] INFO    utils.minio :   MinIO upload xong: 12/12 files | run_id=2026-04-05_04-46
[2026-04-05 04:46:30] INFO    etl.extract :   MinIO staging: 12/12 files OK → run_id=2026-04-05_04-46
[2026-04-05 04:46:30] INFO    etl.extract : ======================================================================
[2026-04-05 04:46:30] INFO    etl.extract :  FULL EXTRACT HOÀN TẤT
[2026-04-05 04:46:30] INFO    etl.extract :    khoa                     :        4
[2026-04-05 04:46:30] INFO    etl.extract :    nganh                    :        3
[2026-04-05 04:46:30] INFO    etl.extract :    giang_vien               :       45
[2026-04-05 04:46:30] INFO    etl.extract :    lop_hanh_chinh           :       48
[2026-04-05 04:46:30] INFO    etl.extract :    sinh_vien                :    1,695
[2026-04-05 04:46:30] INFO    etl.extract :    hoc_phan                 :      121
[2026-04-05 04:46:30] INFO    etl.extract :    hoc_ky_nam_hoc           :        9
[2026-04-05 04:46:30] INFO    etl.extract :    dang_ky_hoc_phan         :   58,001
[2026-04-05 04:46:30] INFO    etl.extract :    diem_hoc_phan            :   58,001
[2026-04-05 04:46:30] INFO    etl.extract :    tong_hop_ket_qua         :    1,695
[2026-04-05 04:46:30] INFO    etl.extract :    ctsv_data                :    9,629
[2026-04-05 04:46:30] INFO    etl.extract :    tai_chinh_data           :    9,238
[2026-04-05 04:46:30] INFO    etl.extract : ======================================================================
[2026-04-05 04:46:30] INFO    etl.load :   dim_sinh_vien →  1,695 records (new: 0, SCD2: 25, fact cascade: 1174)
[2026-04-05 04:46:30] INFO    etl.load : ── Bước 2: Build Surrogate Key Cache ──
[2026-04-05 04:46:30] INFO    etl.load :  Building surrogate key caches...
[2026-04-05 04:46:30] INFO    etl.load :   SV=1695, HP=121, GV=45, HK=9
[2026-04-05 04:46:30] INFO    etl.load : ── Bước 3: Load Fact Tables ──
[2026-04-05 04:46:32] INFO    validation.ge :   GE | DataValidator khoi tao | GE dir: /opt/airflow/great_expectations
[2026-04-05 04:46:32] INFO    validation.ge :   GE | Bat dau validation | run_id=2026-04-05_04-46
[2026-04-05 04:46:32] INFO    utils.minio :   MinIO ↓ [raw-data] 2026-04-05_04-46/nguon1_sinh_vien.parquet (1,695 rows)
[2026-04-05 04:46:32] INFO    utils.minio :   MinIO ↓ [raw-data] 2026-04-05_04-46/nguon1_diem.parquet (58,001 rows)
[2026-04-05 04:46:32] INFO    utils.minio :   MinIO ↓ [raw-data] 2026-04-05_04-46/nguon1_tong_hop_ket_qua.parquet (1,695 rows)
[2026-04-05 04:46:32] INFO    utils.minio :   MinIO ↓ [raw-data] 2026-04-05_04-46/nguon2_ctsv.parquet (9,629 rows)
[2026-04-05 04:46:32] INFO    utils.minio :   MinIO ↓ [raw-data] 2026-04-05_04-46/nguon3_tai_chinh.parquet (9,238 rows)
[2026-04-05 04:46:32] INFO    validation.ge :   GE | Downloaded: sv=1695, diem=58001, ctsv=9629, tc=9238
[2026-04-05 04:46:32] INFO    validation.ge :   GE | Chay 4 validation suites...
[2026-04-05 04:46:32] INFO    validation.ge :   GE | Loaded 'students_suite' (14 expectations)
[2026-04-05 04:46:32] INFO    validation.ge :   GE | [students_suite] sinh_vien: 14/14 (OK)
[2026-04-05 04:46:32] INFO    validation.ge :   GE | Loaded 'grades_suite' (11 expectations)
[2026-04-05 04:46:32] INFO    validation.ge :   GE | [grades_suite] diem_hoc_phan: 11/11 (OK)
[2026-04-05 04:46:32] INFO    validation.ge :   GE | Loaded 'ctsv_suite' (10 expectations)
[2026-04-05 04:46:32] INFO    validation.ge :   GE | [ctsv_suite] ctsv_data: 9/10 (FAIL)
[2026-04-05 04:46:32] WARNING validation.ge :     FAIL: [ctsv_data] expect_column_values_to_match_regex | col='hoc_ky' | unexpected=0.9% | mostly=0.993
[2026-04-05 04:46:32] INFO    validation.ge :   GE | Loaded 'tai_chinh_suite' (11 expectations)
[2026-04-05 04:46:32] INFO    validation.ge :   GE | [tai_chinh_suite] tai_chinh_data: 11/11 (OK)
[2026-04-05 04:46:32] INFO    validation.ge : ============================================================
[2026-04-05 04:46:32] INFO    validation.ge :   GE | VALIDATION FAILED
[2026-04-05 04:46:32] INFO    validation.ge :   GE | run_id: 2026-04-05_04-46 | 45/46 passed
[2026-04-05 04:46:32] INFO    validation.ge :        students    : OK (14/14)
[2026-04-05 04:46:32] INFO    validation.ge :        grades      : OK (11/11)
[2026-04-05 04:46:32] INFO    validation.ge :        ctsv        : FAIL (9/10)
[2026-04-05 04:46:32] INFO    validation.ge :        tai_chinh   : OK (11/11)
[2026-04-05 04:46:32] INFO    validation.ge : ============================================================
[2026-04-05 04:48:07] INFO    etl.load :   fact_hoc_tap   →      0 records
[2026-04-05 04:48:16] INFO    etl.load :   fact_ctsv      →      0 records
[2026-04-05 04:48:24] ERROR   etl.load :   fact_tai_chinh | Lỗi: (psycopg2.errors.InvalidDatetimeFormat) invalid input syntax for type timestamp: "NaT"
LINE 1: UPDATE fact_tai_chinh SET ngay_dong_cuoi='NaT'::timestamp WH...
                                                 ^

[SQL: UPDATE fact_tai_chinh SET ngay_dong_cuoi=%(ngay_dong_cuoi)s WHERE fact_tai_chinh.tai_chinh_key = %(fact_tai_chinh_tai_chinh_key)s]
[parameters: ({'ngay_dong_cuoi': Timestamp('2021-10-11 00:00:00'), 'fact_tai_chinh_tai_chinh_key': 53}, {'ngay_dong_cuoi': Timestamp('2021-10-11 00:00:00'), 'fact_tai_chinh_tai_chinh_key': 54}, {'ngay_dong_cuoi': Timestamp('2021-10-11 00:00:00'), 'fact_tai_chinh_tai_chinh_key': 55}, {'ngay_dong_cuoi': Timestamp('2021-10-11 00:00:00'), 'fact_tai_chinh_tai_chinh_key': 56}, {'ngay_dong_cuoi': Timestamp('2021-10-11 00:00:00'), 'fact_tai_chinh_tai_chinh_key': 57}, {'ngay_dong_cuoi': Timestamp('2021-10-11 00:00:00'), 'fact_tai_chinh_tai_chinh_key': 58}, {'ngay_dong_cuoi': Timestamp('2021-10-11 00:00:00'), 'fact_tai_chinh_tai_chinh_key': 59}, {'ngay_dong_cuoi': Timestamp('2021-10-11 00:00:00'), 'fact_tai_chinh_tai_chinh_key': 60}  ... displaying 10 of 15 total bound parameter sets ...  {'ngay_dong_cuoi': Timestamp('2021-10-11 00:00:00'), 'fact_tai_chinh_tai_chinh_key': 66}, {'ngay_dong_cuoi': Timestamp('2021-10-11 00:00:00'), 'fact_tai_chinh_tai_chinh_key': 67})]
(Background on this error at: https://sqlalche.me/e/14/9h9h)
[2026-04-05 04:48:24] INFO    etl.load : ── Bước 4: Build Aggregation ──
[2026-04-05 04:48:24] INFO    etl.aggregation : == BẮT ĐẦU AGGREGATION ==
[2026-04-05 04:48:24] INFO    etl.aggregation :   agg_student_summary → 1,695 records
[2026-04-05 04:48:24] INFO    etl.aggregation :  agg_student_summary rebuilt : 1,695
[2026-04-05 04:48:24] INFO    etl.aggregation : == AGGREGATION HOÀN TẤT ==
[2026-04-05 04:48:24] INFO    etl.load : ======================================================================
[2026-04-05 04:48:24] INFO    etl.load : LOAD HOÀN TẤT
[2026-04-05 04:48:24] INFO    etl.load :   dim_hoc_ky               :        9 records
[2026-04-05 04:48:24] INFO    etl.load :   dim_giang_vien           :       45 records
[2026-04-05 04:48:24] INFO    etl.load :   dim_hoc_phan             :      121 records
[2026-04-05 04:48:24] INFO    etl.load :   dim_sinh_vien            :       25 records
[2026-04-05 04:48:24] INFO    etl.load :   fact_hoc_tap             :        0 records
[2026-04-05 04:48:24] INFO    etl.load :   fact_ctsv                :        0 records
[2026-04-05 04:48:24] INFO    etl.load :   fact_tai_chinh           :        0 records
[2026-04-05 04:48:24] INFO    etl.load :   agg_student_summary      :    1,695 records
[2026-04-05 04:48:24] INFO    etl.load :   TỔNG                     :    1,895 records
[2026-04-05 04:48:24] INFO    etl.load : ======================================================================
[2026-04-05 12:38:51] INFO    validation.ge :   GE | Loaded 'students_suite' (14 expectations)
[2026-04-05 12:38:51] INFO    validation.ge :   GE | Loaded 'grades_suite' (11 expectations)
[2026-04-05 12:38:51] INFO    validation.ge :   GE | Loaded 'ctsv_suite' (10 expectations)
[2026-04-05 12:38:51] INFO    validation.ge :   GE | Loaded 'tai_chinh_suite' (11 expectations)
[2026-04-05 12:38:51] INFO    validation.ge :   GE | Loaded 'warehouse_suite' (7 expectations)
[2026-04-05 12:39:12] INFO    validation.ge :   GE | Loaded 'students_suite' (14 expectations)
[2026-04-05 12:39:12] INFO    validation.ge :   GE | [students_suite] mock_students: 12/14 (FAIL)
[2026-04-05 12:39:12] WARNING validation.ge :     FAIL: [mock_students] expect_table_row_count_to_be_between
[2026-04-05 12:39:12] WARNING validation.ge :     FAIL: [mock_students] expect_table_columns_to_match_set
[2026-04-05 12:39:12] INFO    validation.ge :   GE | Loaded 'grades_suite' (11 expectations)
[2026-04-05 12:39:12] INFO    validation.ge :   GE | [grades_suite] mock_grades: 10/11 (FAIL)
[2026-04-05 12:39:12] WARNING validation.ge :     FAIL: [mock_grades] expect_table_row_count_to_be_between
[2026-04-05 12:39:12] INFO    validation.ge :   GE | Loaded 'ctsv_suite' (10 expectations)
[2026-04-05 12:39:12] INFO    validation.ge :   GE | [ctsv_suite] mock_ctsv: 10/10 (OK)
[2026-04-05 12:39:12] INFO    validation.ge :   GE | Loaded 'tai_chinh_suite' (11 expectations)
[2026-04-05 12:39:12] INFO    validation.ge :   GE | [tai_chinh_suite] mock_tc: 11/11 (OK)
[2026-04-05 12:39:12] INFO    validation.ge :   GE | Loaded 'warehouse_suite' (7 expectations)
[2026-04-05 12:39:12] INFO    validation.ge :   GE | [warehouse_suite] mock_warehouse: 6/7 (FAIL)
[2026-04-05 12:39:12] WARNING validation.ge :     FAIL: [mock_warehouse] expect_table_row_count_to_be_between
[2026-04-05 12:41:29] INFO    validation.ge :   GE | Loaded 'students_suite' (14 expectations)
[2026-04-05 12:41:29] INFO    validation.ge :   GE | [students_suite] mock_students: 14/14 (OK)
[2026-04-05 12:41:29] INFO    validation.ge :   GE | Loaded 'grades_suite' (11 expectations)
[2026-04-05 12:41:29] INFO    validation.ge :   GE | [grades_suite] mock_grades: 10/11 (FAIL)
[2026-04-05 12:41:29] WARNING validation.ge :     FAIL: [mock_grades] expect_table_row_count_to_be_between
[2026-04-05 12:41:29] INFO    validation.ge :   GE | Loaded 'ctsv_suite' (10 expectations)
[2026-04-05 12:41:29] INFO    validation.ge :   GE | [ctsv_suite] mock_ctsv: 10/10 (OK)
[2026-04-05 12:41:29] INFO    validation.ge :   GE | Loaded 'tai_chinh_suite' (11 expectations)
[2026-04-05 12:41:29] INFO    validation.ge :   GE | [tai_chinh_suite] mock_tc: 11/11 (OK)
[2026-04-05 12:41:29] INFO    validation.ge :   GE | Loaded 'warehouse_suite' (7 expectations)
[2026-04-05 12:41:29] INFO    validation.ge :   GE | [warehouse_suite] mock_warehouse: 7/7 (OK)
[2026-04-05 12:42:01] INFO    validation.ge :   GE | Loaded 'students_suite' (14 expectations)
[2026-04-05 12:42:01] INFO    validation.ge :   GE | [students_suite] mock_students: 14/14 (OK)
[2026-04-05 12:42:01] INFO    validation.ge :   GE | Loaded 'grades_suite' (11 expectations)
[2026-04-05 12:42:01] INFO    validation.ge :   GE | [grades_suite] mock_grades: 11/11 (OK)
[2026-04-05 12:42:01] INFO    validation.ge :   GE | Loaded 'ctsv_suite' (10 expectations)
[2026-04-05 12:42:01] INFO    validation.ge :   GE | [ctsv_suite] mock_ctsv: 10/10 (OK)
[2026-04-05 12:42:01] INFO    validation.ge :   GE | Loaded 'tai_chinh_suite' (11 expectations)
[2026-04-05 12:42:01] INFO    validation.ge :   GE | [tai_chinh_suite] mock_tc: 11/11 (OK)
[2026-04-05 12:42:01] INFO    validation.ge :   GE | Loaded 'warehouse_suite' (7 expectations)
[2026-04-05 12:42:01] INFO    validation.ge :   GE | [warehouse_suite] mock_warehouse: 7/7 (OK)
[2026-04-05 09:12:30] INFO    etl.extract : ==BẮT ĐẦU FULL EXTRACT==
[2026-04-05 09:12:30] INFO    etl.extract : ======================================================================
[2026-04-05 09:12:30] INFO    etl.extract : ════════════════════════════════════════════════════════════
[2026-04-05 09:12:30] INFO    etl.extract : NGUỒN 1 — PostgreSQL (Phòng Đào tạo) | Full Extract
[2026-04-05 09:12:30] INFO    etl.extract : ════════════════════════════════════════════════════════════
[2026-04-05 09:12:30] INFO    etl.extract :   PostgreSQL | khoa                      →      4 records
[2026-04-05 09:12:31] INFO    etl.extract :   PostgreSQL | nganh                     →      3 records
[2026-04-05 09:12:31] INFO    etl.extract :   PostgreSQL | giang_vien                →     45 records
[2026-04-05 09:12:31] INFO    etl.extract :   PostgreSQL | lop_hanh_chinh            →     48 records
[2026-04-05 09:12:31] INFO    etl.extract :   PostgreSQL | sinh_vien                 →  1,695 records
[2026-04-05 09:12:31] INFO    etl.extract :   PostgreSQL | hoc_phan                  →    121 records
[2026-04-05 09:12:31] INFO    etl.extract :   PostgreSQL | hoc_ky_nam_hoc            →      9 records
[2026-04-05 09:12:31] INFO    etl.extract :   PostgreSQL | dang_ky_hoc_phan          → 58,001 records
[2026-04-05 09:12:34] INFO    etl.extract :   PostgreSQL | diem_hoc_phan             → 58,001 records
[2026-04-05 09:12:34] INFO    etl.extract :   PostgreSQL | tong_hop_ket_qua          →  1,695 records
[2026-04-05 09:12:34] INFO    etl.extract :   PostgreSQL | TỔNG: 119,622 records từ 10 bảng
[2026-04-05 09:12:34] INFO    etl.extract : ════════════════════════════════════════════════════════════
[2026-04-05 09:12:34] INFO    etl.extract : NGUỒN 2 — CSV (Phòng CTSV) | Extract
[2026-04-05 09:12:34] INFO    etl.extract : ════════════════════════════════════════════════════════════
[2026-04-05 09:12:34] INFO    etl.extract :   CSV | Tìm thấy 9 file(s)
[2026-04-05 09:12:34] INFO    etl.extract :   CSV | ctsv_HK1_2021_22.csv                →    791 records
[2026-04-05 09:12:34] INFO    etl.extract :   CSV | ctsv_HK1_2022_23.csv                →  1,635 records
[2026-04-05 09:12:34] INFO    etl.extract :   CSV | ctsv_HK1_2023_24.csv                →  2,502 records
[2026-04-05 09:12:34] INFO    etl.extract :   CSV | ctsv_HK1_2024_25.csv                →  3,355 records
[2026-04-05 09:12:34] INFO    etl.extract :   CSV | ctsv_HK1_2025_26.csv                →  2,543 records
[2026-04-05 09:12:34] INFO    etl.extract :   CSV | ctsv_HK2_2021_22.csv                →    791 records
[2026-04-05 09:12:34] INFO    etl.extract :   CSV | ctsv_HK2_2022_23.csv                →  1,628 records
[2026-04-05 09:12:34] INFO    etl.extract :   CSV | ctsv_HK2_2023_24.csv                →  2,489 records
[2026-04-05 09:12:34] INFO    etl.extract :   CSV | ctsv_HK2_2024_25.csv                →  2,958 records
[2026-04-05 09:12:34] INFO    etl.extract :   CSV | Loại bỏ 9063 bản ghi trùng
[2026-04-05 09:12:34] INFO    etl.extract :   CSV | TỔNG: 9,629 records từ 9 file(s)
[2026-04-05 09:12:34] INFO    etl.extract :   API | (JSON) taichinh_HK1_2021_22.json →    390 records
[2026-04-05 09:12:34] INFO    etl.extract :   API | (JSON) taichinh_HK1_2022_23.json →    802 records
[2026-04-05 09:12:34] INFO    etl.extract :   API | (JSON) taichinh_HK1_2023_24.json →  1,229 records
[2026-04-05 09:12:34] INFO    etl.extract :   API | (JSON) taichinh_HK1_2024_25.json →  1,646 records
[2026-04-05 09:12:34] INFO    etl.extract :   API | (JSON) taichinh_HK1_2025_26.json →  1,245 records
[2026-04-05 09:12:34] INFO    etl.extract :   API | (JSON) taichinh_HK2_2021_22.json →    390 records
[2026-04-05 09:12:34] INFO    etl.extract :   API | (JSON) taichinh_HK2_2022_23.json →    799 records
[2026-04-05 09:12:34] INFO    etl.extract :   API | (JSON) taichinh_HK2_2023_24.json →  1,223 records
[2026-04-05 09:12:34] INFO    etl.extract :   API | (JSON) taichinh_HK2_2024_25.json →  1,514 records
[2026-04-05 09:12:34] INFO    etl.extract :   API | TỔNG: 9,238 records từ 9 HK
[2026-04-05 09:12:35] INFO    utils.minio :   MinIO ↑ [raw-data] 2026-04-05_09-12/nguon1_sinh_vien.parquet (48.7 KB | 1,695 rows)
[2026-04-05 09:12:35] INFO    utils.minio :   MinIO ↑ [raw-data] 2026-04-05_09-12/nguon1_dang_ky.parquet (493.4 KB | 58,001 rows)
[2026-04-05 09:12:35] INFO    utils.minio :   MinIO ↑ [raw-data] 2026-04-05_09-12/nguon1_diem.parquet (1187.9 KB | 58,001 rows)
[2026-04-05 09:12:35] INFO    utils.minio :   MinIO ↑ [raw-data] 2026-04-05_09-12/nguon1_hoc_phan.parquet (10.3 KB | 121 rows)
[2026-04-05 09:12:35] INFO    utils.minio :   MinIO ↑ [raw-data] 2026-04-05_09-12/nguon1_hoc_ky.parquet (4.1 KB | 9 rows)
[2026-04-05 09:12:35] INFO    utils.minio :   MinIO ↑ [raw-data] 2026-04-05_09-12/nguon1_giang_vien.parquet (8.3 KB | 45 rows)
[2026-04-05 09:12:35] INFO    utils.minio :   MinIO ↑ [raw-data] 2026-04-05_09-12/nguon1_khoa.parquet (2.6 KB | 4 rows)
[2026-04-05 09:12:35] INFO    utils.minio :   MinIO ↑ [raw-data] 2026-04-05_09-12/nguon1_nganh.parquet (3.2 KB | 3 rows)
[2026-04-05 09:12:35] INFO    utils.minio :   MinIO ↑ [raw-data] 2026-04-05_09-12/nguon1_lop_hanh_chinh.parquet (4.8 KB | 48 rows)
[2026-04-05 09:12:35] INFO    utils.minio :   MinIO ↑ [raw-data] 2026-04-05_09-12/nguon1_tong_hop_ket_qua.parquet (21.6 KB | 1,695 rows)
[2026-04-05 09:12:35] INFO    utils.minio :   MinIO ↑ [raw-data] 2026-04-05_09-12/nguon2_ctsv.parquet (48.1 KB | 9,629 rows)
[2026-04-05 09:12:35] INFO    utils.minio :   MinIO ↑ [raw-data] 2026-04-05_09-12/nguon3_tai_chinh.parquet (71.0 KB | 9,238 rows)
[2026-04-05 09:12:35] INFO    utils.minio :   MinIO upload xong: 12/12 files | run_id=2026-04-05_09-12
[2026-04-05 09:12:35] INFO    etl.extract :   MinIO staging: 12/12 files OK → run_id=2026-04-05_09-12
[2026-04-05 09:12:35] INFO    etl.extract : ======================================================================
[2026-04-05 09:12:35] INFO    etl.extract :  FULL EXTRACT HOÀN TẤT
[2026-04-05 09:12:35] INFO    etl.extract :    khoa                     :        4
[2026-04-05 09:12:35] INFO    etl.extract :    nganh                    :        3
[2026-04-05 09:12:35] INFO    etl.extract :    giang_vien               :       45
[2026-04-05 09:12:35] INFO    etl.extract :    lop_hanh_chinh           :       48
[2026-04-05 09:12:35] INFO    etl.extract :    sinh_vien                :    1,695
[2026-04-05 09:12:35] INFO    etl.extract :    hoc_phan                 :      121
[2026-04-05 09:12:35] INFO    etl.extract :    hoc_ky_nam_hoc           :        9
[2026-04-05 09:12:35] INFO    etl.extract :    dang_ky_hoc_phan         :   58,001
[2026-04-05 09:12:35] INFO    etl.extract :    diem_hoc_phan            :   58,001
[2026-04-05 09:12:35] INFO    etl.extract :    tong_hop_ket_qua         :    1,695
[2026-04-05 09:12:35] INFO    etl.extract :    ctsv_data                :    9,629
[2026-04-05 09:12:35] INFO    etl.extract :    tai_chinh_data           :    9,238
[2026-04-05 09:12:35] INFO    etl.extract : ======================================================================
[2026-04-05 09:12:41] INFO    validation.ge :   GE | DataValidator khoi tao | GE dir: /opt/airflow/great_expectations
[2026-04-05 09:12:41] INFO    validation.ge :   GE | Bat dau validation | run_id=2026-04-05_09-12
[2026-04-05 09:12:42] INFO    utils.minio :   MinIO ↓ [raw-data] 2026-04-05_09-12/nguon1_sinh_vien.parquet (1,695 rows)
[2026-04-05 09:12:42] INFO    utils.minio :   MinIO ↓ [raw-data] 2026-04-05_09-12/nguon1_diem.parquet (58,001 rows)
[2026-04-05 09:12:42] INFO    utils.minio :   MinIO ↓ [raw-data] 2026-04-05_09-12/nguon1_tong_hop_ket_qua.parquet (1,695 rows)
[2026-04-05 09:12:42] INFO    utils.minio :   MinIO ↓ [raw-data] 2026-04-05_09-12/nguon2_ctsv.parquet (9,629 rows)
[2026-04-05 09:12:42] INFO    utils.minio :   MinIO ↓ [raw-data] 2026-04-05_09-12/nguon3_tai_chinh.parquet (9,238 rows)
[2026-04-05 09:12:42] INFO    validation.ge :   GE | Downloaded: sv=1695, diem=58001, ctsv=9629, tc=9238
[2026-04-05 09:12:42] INFO    validation.ge :   GE | Chay 4 validation suites...
[2026-04-05 09:12:42] INFO    validation.ge :   GE | Loaded 'students_suite' (14 expectations)
[2026-04-05 09:12:42] INFO    validation.ge :   GE | [students_suite] sinh_vien: 14/14 (OK)
[2026-04-05 09:12:42] INFO    validation.ge :   GE | Loaded 'grades_suite' (11 expectations)
[2026-04-05 09:12:42] INFO    validation.ge :   GE | [grades_suite] diem_hoc_phan: 11/11 (OK)
[2026-04-05 09:12:42] INFO    validation.ge :   GE | Loaded 'ctsv_suite' (10 expectations)
[2026-04-05 09:12:42] INFO    validation.ge :   GE | [ctsv_suite] ctsv_data: 9/10 (FAIL)
[2026-04-05 09:12:42] WARNING validation.ge :     FAIL: [ctsv_data] expect_column_values_to_match_regex | col='hoc_ky' | unexpected=0.9% | mostly=0.993
[2026-04-05 09:12:42] INFO    validation.ge :   GE | Loaded 'tai_chinh_suite' (11 expectations)
[2026-04-05 09:12:42] INFO    validation.ge :   GE | [tai_chinh_suite] tai_chinh_data: 11/11 (OK)
[2026-04-05 09:12:42] INFO    validation.ge : ============================================================
[2026-04-05 09:12:42] INFO    validation.ge :   GE | VALIDATION FAILED
[2026-04-05 09:12:42] INFO    validation.ge :   GE | run_id: 2026-04-05_09-12 | 45/46 passed
[2026-04-05 09:12:42] INFO    validation.ge :        students    : OK (14/14)
[2026-04-05 09:12:42] INFO    validation.ge :        grades      : OK (11/11)
[2026-04-05 09:12:42] INFO    validation.ge :        ctsv        : FAIL (9/10)
[2026-04-05 09:12:42] INFO    validation.ge :        tai_chinh   : OK (11/11)
[2026-04-05 09:12:42] INFO    validation.ge : ============================================================
[2026-04-05 09:28:56] INFO    etl.extract : ==BẮT ĐẦU FULL EXTRACT==
[2026-04-05 09:28:56] INFO    etl.extract : ======================================================================
[2026-04-05 09:28:56] INFO    etl.extract : ════════════════════════════════════════════════════════════
[2026-04-05 09:28:56] INFO    etl.extract : NGUỒN 1 — PostgreSQL (Phòng Đào tạo) | Full Extract
[2026-04-05 09:28:56] INFO    etl.extract : ════════════════════════════════════════════════════════════
[2026-04-05 09:28:57] INFO    etl.extract :   PostgreSQL | khoa                      →      4 records
[2026-04-05 09:28:57] INFO    etl.extract :   PostgreSQL | nganh                     →      3 records
[2026-04-05 09:28:57] INFO    etl.extract :   PostgreSQL | giang_vien                →     45 records
[2026-04-05 09:28:57] INFO    etl.extract :   PostgreSQL | lop_hanh_chinh            →     48 records
[2026-04-05 09:28:57] INFO    etl.extract :   PostgreSQL | sinh_vien                 →  1,695 records
[2026-04-05 09:28:57] INFO    etl.extract :   PostgreSQL | hoc_phan                  →    121 records
[2026-04-05 09:28:57] INFO    etl.extract :   PostgreSQL | hoc_ky_nam_hoc            →      9 records
[2026-04-05 09:28:57] INFO    etl.extract :   PostgreSQL | dang_ky_hoc_phan          → 58,001 records
[2026-04-05 09:28:59] INFO    etl.extract :   PostgreSQL | diem_hoc_phan             → 58,001 records
[2026-04-05 09:28:59] INFO    etl.extract :   PostgreSQL | tong_hop_ket_qua          →  1,695 records
[2026-04-05 09:28:59] INFO    etl.extract :   PostgreSQL | TỔNG: 119,622 records từ 10 bảng
[2026-04-05 09:28:59] INFO    etl.extract : ════════════════════════════════════════════════════════════
[2026-04-05 09:28:59] INFO    etl.extract : NGUỒN 2 — CSV (Phòng CTSV) | Extract
[2026-04-05 09:28:59] INFO    etl.extract : ════════════════════════════════════════════════════════════
[2026-04-05 09:28:59] INFO    etl.extract :   CSV | Tìm thấy 9 file(s)
[2026-04-05 09:28:59] INFO    etl.extract :   CSV | ctsv_HK1_2021_22.csv                →    780 records
[2026-04-05 09:28:59] INFO    etl.extract :   CSV | ctsv_HK1_2022_23.csv                →  1,611 records
[2026-04-05 09:28:59] INFO    etl.extract :   CSV | ctsv_HK1_2023_24.csv                →  2,466 records
[2026-04-05 09:28:59] INFO    etl.extract :   CSV | ctsv_HK1_2024_25.csv                →  3,306 records
[2026-04-05 09:28:59] INFO    etl.extract :   CSV | ctsv_HK1_2025_26.csv                →  2,506 records
[2026-04-05 09:29:00] INFO    etl.extract :   CSV | ctsv_HK2_2021_22.csv                →    780 records
[2026-04-05 09:29:00] INFO    etl.extract :   CSV | ctsv_HK2_2022_23.csv                →  1,604 records
[2026-04-05 09:29:00] INFO    etl.extract :   CSV | ctsv_HK2_2023_24.csv                →  2,453 records
[2026-04-05 09:29:00] INFO    etl.extract :   CSV | ctsv_HK2_2024_25.csv                →  2,915 records
[2026-04-05 09:29:00] INFO    etl.extract :   CSV | Loại bỏ 9183 bản ghi trùng
[2026-04-05 09:29:00] INFO    etl.extract :   CSV | TỔNG: 9,238 records từ 9 file(s)
[2026-04-05 09:29:00] INFO    etl.extract :   API | (JSON) taichinh_HK1_2021_22.json →    390 records
[2026-04-05 09:29:00] INFO    etl.extract :   API | (JSON) taichinh_HK1_2022_23.json →    802 records
[2026-04-05 09:29:00] INFO    etl.extract :   API | (JSON) taichinh_HK1_2023_24.json →  1,229 records
[2026-04-05 09:29:00] INFO    etl.extract :   API | (JSON) taichinh_HK1_2024_25.json →  1,646 records
[2026-04-05 09:29:00] INFO    etl.extract :   API | (JSON) taichinh_HK1_2025_26.json →  1,245 records
[2026-04-05 09:29:00] INFO    etl.extract :   API | (JSON) taichinh_HK2_2021_22.json →    390 records
[2026-04-05 09:29:00] INFO    etl.extract :   API | (JSON) taichinh_HK2_2022_23.json →    799 records
[2026-04-05 09:29:00] INFO    etl.extract :   API | (JSON) taichinh_HK2_2023_24.json →  1,223 records
[2026-04-05 09:29:00] INFO    etl.extract :   API | (JSON) taichinh_HK2_2024_25.json →  1,514 records
[2026-04-05 09:29:00] INFO    etl.extract :   API | TỔNG: 9,238 records từ 9 HK
[2026-04-05 09:29:01] INFO    utils.minio :   MinIO ↑ [raw-data] 2026-04-05_09-29/nguon1_sinh_vien.parquet (48.7 KB | 1,695 rows)
[2026-04-05 09:29:01] INFO    utils.minio :   MinIO ↑ [raw-data] 2026-04-05_09-29/nguon1_dang_ky.parquet (493.4 KB | 58,001 rows)
[2026-04-05 09:29:01] INFO    utils.minio :   MinIO ↑ [raw-data] 2026-04-05_09-29/nguon1_diem.parquet (1187.9 KB | 58,001 rows)
[2026-04-05 09:29:01] INFO    utils.minio :   MinIO ↑ [raw-data] 2026-04-05_09-29/nguon1_hoc_phan.parquet (10.3 KB | 121 rows)
[2026-04-05 09:29:01] INFO    utils.minio :   MinIO ↑ [raw-data] 2026-04-05_09-29/nguon1_hoc_ky.parquet (4.1 KB | 9 rows)
[2026-04-05 09:29:01] INFO    utils.minio :   MinIO ↑ [raw-data] 2026-04-05_09-29/nguon1_giang_vien.parquet (8.3 KB | 45 rows)
[2026-04-05 09:29:01] INFO    utils.minio :   MinIO ↑ [raw-data] 2026-04-05_09-29/nguon1_khoa.parquet (2.6 KB | 4 rows)
[2026-04-05 09:29:01] INFO    utils.minio :   MinIO ↑ [raw-data] 2026-04-05_09-29/nguon1_nganh.parquet (3.2 KB | 3 rows)
[2026-04-05 09:29:01] INFO    utils.minio :   MinIO ↑ [raw-data] 2026-04-05_09-29/nguon1_lop_hanh_chinh.parquet (4.8 KB | 48 rows)
[2026-04-05 09:29:01] INFO    utils.minio :   MinIO ↑ [raw-data] 2026-04-05_09-29/nguon1_tong_hop_ket_qua.parquet (21.6 KB | 1,695 rows)
[2026-04-05 09:29:01] INFO    utils.minio :   MinIO ↑ [raw-data] 2026-04-05_09-29/nguon2_ctsv.parquet (38.2 KB | 9,238 rows)
[2026-04-05 09:29:01] INFO    utils.minio :   MinIO ↑ [raw-data] 2026-04-05_09-29/nguon3_tai_chinh.parquet (66.6 KB | 9,238 rows)
[2026-04-05 09:29:01] INFO    utils.minio :   MinIO upload xong: 12/12 files | run_id=2026-04-05_09-29
[2026-04-05 09:29:01] INFO    etl.extract :   MinIO staging: 12/12 files OK → run_id=2026-04-05_09-29
[2026-04-05 09:29:01] INFO    etl.extract : ======================================================================
[2026-04-05 09:29:01] INFO    etl.extract :  FULL EXTRACT HOÀN TẤT
[2026-04-05 09:29:01] INFO    etl.extract :    khoa                     :        4
[2026-04-05 09:29:01] INFO    etl.extract :    nganh                    :        3
[2026-04-05 09:29:01] INFO    etl.extract :    giang_vien               :       45
[2026-04-05 09:29:01] INFO    etl.extract :    lop_hanh_chinh           :       48
[2026-04-05 09:29:01] INFO    etl.extract :    sinh_vien                :    1,695
[2026-04-05 09:29:01] INFO    etl.extract :    hoc_phan                 :      121
[2026-04-05 09:29:01] INFO    etl.extract :    hoc_ky_nam_hoc           :        9
[2026-04-05 09:29:01] INFO    etl.extract :    dang_ky_hoc_phan         :   58,001
[2026-04-05 09:29:01] INFO    etl.extract :    diem_hoc_phan            :   58,001
[2026-04-05 09:29:01] INFO    etl.extract :    tong_hop_ket_qua         :    1,695
[2026-04-05 09:29:01] INFO    etl.extract :    ctsv_data                :    9,238
[2026-04-05 09:29:01] INFO    etl.extract :    tai_chinh_data           :    9,238
[2026-04-05 09:29:01] INFO    etl.extract : ======================================================================
[2026-04-05 09:29:06] INFO    validation.ge :   GE | DataValidator khoi tao | GE dir: /opt/airflow/great_expectations
[2026-04-05 09:29:06] INFO    validation.ge :   GE | Bat dau validation | run_id=2026-04-05_09-29
[2026-04-05 09:29:06] INFO    utils.minio :   MinIO ↓ [raw-data] 2026-04-05_09-29/nguon1_sinh_vien.parquet (1,695 rows)
[2026-04-05 09:29:06] INFO    utils.minio :   MinIO ↓ [raw-data] 2026-04-05_09-29/nguon1_diem.parquet (58,001 rows)
[2026-04-05 09:29:06] INFO    utils.minio :   MinIO ↓ [raw-data] 2026-04-05_09-29/nguon1_tong_hop_ket_qua.parquet (1,695 rows)
[2026-04-05 09:29:06] INFO    utils.minio :   MinIO ↓ [raw-data] 2026-04-05_09-29/nguon2_ctsv.parquet (9,238 rows)
[2026-04-05 09:29:06] INFO    utils.minio :   MinIO ↓ [raw-data] 2026-04-05_09-29/nguon3_tai_chinh.parquet (9,238 rows)
[2026-04-05 09:29:06] INFO    validation.ge :   GE | Downloaded: sv=1695, diem=58001, ctsv=9238, tc=9238
[2026-04-05 09:29:06] INFO    validation.ge :   GE | Chay 4 validation suites...
[2026-04-05 09:29:06] INFO    validation.ge :   GE | Loaded 'students_suite' (14 expectations)
[2026-04-05 09:29:06] INFO    validation.ge :   GE | [students_suite] sinh_vien: 14/14 (OK)
[2026-04-05 09:29:06] INFO    validation.ge :   GE | Loaded 'grades_suite' (11 expectations)
[2026-04-05 09:29:06] INFO    validation.ge :   GE | [grades_suite] diem_hoc_phan: 11/11 (OK)
[2026-04-05 09:29:06] INFO    validation.ge :   GE | Loaded 'ctsv_suite' (10 expectations)
[2026-04-05 09:29:06] INFO    validation.ge :   GE | [ctsv_suite] ctsv_data: 10/10 (OK)
[2026-04-05 09:29:06] INFO    validation.ge :   GE | Loaded 'tai_chinh_suite' (11 expectations)
[2026-04-05 09:29:06] INFO    validation.ge :   GE | [tai_chinh_suite] tai_chinh_data: 11/11 (OK)
[2026-04-05 09:29:06] INFO    validation.ge : ============================================================
[2026-04-05 09:29:06] INFO    validation.ge :   GE | VALIDATION OK
[2026-04-05 09:29:06] INFO    validation.ge :   GE | run_id: 2026-04-05_09-29 | 46/46 passed
[2026-04-05 09:29:06] INFO    validation.ge :        students    : OK (14/14)
[2026-04-05 09:29:06] INFO    validation.ge :        grades      : OK (11/11)
[2026-04-05 09:29:06] INFO    validation.ge :        ctsv        : OK (10/10)
[2026-04-05 09:29:06] INFO    validation.ge :        tai_chinh   : OK (11/11)
[2026-04-05 09:29:06] INFO    validation.ge : ============================================================
[2026-04-05 09:29:08] INFO    etl.extract :   Load from MinIO staging: run_id=2026-04-05_09-29
[2026-04-05 09:29:08] INFO    utils.minio :   MinIO ↓ [raw-data] 2026-04-05_09-29/nguon1_khoa.parquet (4 rows)
[2026-04-05 09:29:08] INFO    utils.minio :   MinIO ↓ [raw-data] 2026-04-05_09-29/nguon1_nganh.parquet (3 rows)
[2026-04-05 09:29:08] INFO    utils.minio :   MinIO ↓ [raw-data] 2026-04-05_09-29/nguon1_giang_vien.parquet (45 rows)
[2026-04-05 09:29:08] INFO    utils.minio :   MinIO ↓ [raw-data] 2026-04-05_09-29/nguon1_lop_hanh_chinh.parquet (48 rows)
[2026-04-05 09:29:08] INFO    utils.minio :   MinIO ↓ [raw-data] 2026-04-05_09-29/nguon1_sinh_vien.parquet (1,695 rows)
[2026-04-05 09:29:08] INFO    utils.minio :   MinIO ↓ [raw-data] 2026-04-05_09-29/nguon1_hoc_phan.parquet (121 rows)
[2026-04-05 09:29:08] INFO    utils.minio :   MinIO ↓ [raw-data] 2026-04-05_09-29/nguon1_hoc_ky.parquet (9 rows)
[2026-04-05 09:29:08] INFO    utils.minio :   MinIO ↓ [raw-data] 2026-04-05_09-29/nguon1_dang_ky.parquet (58,001 rows)
[2026-04-05 09:29:08] INFO    utils.minio :   MinIO ↓ [raw-data] 2026-04-05_09-29/nguon1_diem.parquet (58,001 rows)
[2026-04-05 09:29:08] INFO    utils.minio :   MinIO ↓ [raw-data] 2026-04-05_09-29/nguon1_tong_hop_ket_qua.parquet (1,695 rows)
[2026-04-05 09:29:08] INFO    utils.minio :   MinIO ↓ [raw-data] 2026-04-05_09-29/nguon2_ctsv.parquet (9,238 rows)
[2026-04-05 09:29:08] INFO    utils.minio :   MinIO ↓ [raw-data] 2026-04-05_09-29/nguon3_tai_chinh.parquet (9,238 rows)
[2026-04-05 09:29:08] INFO    etl.extract :  Load from staging OK — run_id=2026-04-05_09-29
[2026-04-05 09:29:08] INFO    etl.transform : ==BẮT ĐẦU TRANSFORM==
[2026-04-05 09:29:08] INFO    etl.transform : ======================================================================
[2026-04-05 09:29:08] INFO    etl.transform : ── Bước 1: Transform Dimension Tables ──
[2026-04-05 09:29:08] INFO    etl.transform :   dim_thoi_gian (→dim_hoc_ky)  →      9 records
[2026-04-05 09:29:08] INFO    etl.transform :   dim_giang_vien              →     45 records
[2026-04-05 09:29:08] INFO    etl.transform :   dim_hoc_phan                →    121 records
[2026-04-05 09:29:08] INFO    etl.transform :   dim_sinh_vien               →  1,695 records
[2026-04-05 09:29:08] INFO    etl.transform : ── Bước 2: Transform Fact Tables ──
[2026-04-05 09:29:08] INFO    etl.transform :   fact_diem | Tính lại điểm tổng kết cho 1160 bản ghi
[2026-04-05 09:29:08] INFO    etl.transform :   fact_diem (→fact_hoc_tap)    → 58,001 records
[2026-04-05 09:29:08] INFO    etl.transform :   fact_ren_luyen (→fact_ctsv)  →  9,238 records
[2026-04-05 09:29:08] INFO    etl.transform :   fact_tai_chinh               →  9,238 records
[2026-04-05 09:29:08] INFO    etl.transform : ── Bước 3: Tổng hợp đa nguồn ──
[2026-04-05 09:29:08] INFO    etl.transform : ======================================================================
[2026-04-05 09:29:08] INFO    etl.transform : TRANSFORM HOÀN TẤT
[2026-04-05 09:29:08] INFO    etl.transform :    dim_giang_vien           :       45 records
[2026-04-05 09:29:08] INFO    etl.transform :    dim_sinh_vien            :    1,695 records
[2026-04-05 09:29:08] INFO    etl.transform :    dim_hoc_phan             :      121 records
[2026-04-05 09:29:08] INFO    etl.transform :    dim_thoi_gian            :        9 records
[2026-04-05 09:29:08] INFO    etl.transform :    fact_diem                :   58,001 records
[2026-04-05 09:29:08] INFO    etl.transform :    fact_ren_luyen           :    9,238 records
[2026-04-05 09:29:08] INFO    etl.transform :    fact_tai_chinh           :    9,238 records
[2026-04-05 09:29:08] INFO    etl.transform :    fact_tong_hop_sv         :        0 records
[2026-04-05 09:29:08] INFO    etl.transform : ======================================================================
[2026-04-05 09:29:08] INFO    utils.minio :   MinIO ↑ [staging-data] 2026-04-05_09-29/dim_hoc_ky.parquet (5.3 KB | 9 rows)
[2026-04-05 09:29:08] INFO    utils.minio :   MinIO ↑ [staging-data] 2026-04-05_09-29/dim_giang_vien.parquet (8.9 KB | 45 rows)
[2026-04-05 09:29:08] INFO    utils.minio :   MinIO ↑ [staging-data] 2026-04-05_09-29/dim_hoc_phan.parquet (11.0 KB | 121 rows)
[2026-04-05 09:29:08] INFO    utils.minio :   MinIO ↑ [staging-data] 2026-04-05_09-29/dim_sinh_vien.parquet (72.9 KB | 1,695 rows)
[2026-04-05 09:29:08] INFO    utils.minio :   MinIO ↑ [staging-data] 2026-04-05_09-29/fact_diem.parquet (908.9 KB | 58,001 rows)
[2026-04-05 09:29:08] INFO    utils.minio :   MinIO ↑ [staging-data] 2026-04-05_09-29/fact_ren_luyen.parquet (39.7 KB | 9,238 rows)
[2026-04-05 09:29:08] INFO    utils.minio :   MinIO ↑ [staging-data] 2026-04-05_09-29/fact_tai_chinh.parquet (66.6 KB | 9,238 rows)
[2026-04-05 09:29:08] WARNING utils.minio :   MinIO skip (empty): fact_tong_hop_sv.parquet
[2026-04-05 09:29:08] INFO    etl.transform :   MinIO staging-data: 8/8 files OK → run_id=2026-04-05_09-29
[2026-04-05 09:29:10] INFO    etl.transform :   Load TransformedData từ MinIO staging: run_id=2026-04-05_09-29
[2026-04-05 09:29:11] INFO    utils.minio :   MinIO ↓ [staging-data] 2026-04-05_09-29/dim_hoc_ky.parquet (9 rows)
[2026-04-05 09:29:11] INFO    utils.minio :   MinIO ↓ [staging-data] 2026-04-05_09-29/dim_giang_vien.parquet (45 rows)
[2026-04-05 09:29:11] INFO    utils.minio :   MinIO ↓ [staging-data] 2026-04-05_09-29/dim_hoc_phan.parquet (121 rows)
[2026-04-05 09:29:11] INFO    utils.minio :   MinIO ↓ [staging-data] 2026-04-05_09-29/dim_sinh_vien.parquet (1,695 rows)
[2026-04-05 09:29:11] INFO    utils.minio :   MinIO ↓ [staging-data] 2026-04-05_09-29/fact_diem.parquet (58,001 rows)
[2026-04-05 09:29:11] INFO    utils.minio :   MinIO ↓ [staging-data] 2026-04-05_09-29/fact_ren_luyen.parquet (9,238 rows)
[2026-04-05 09:29:11] INFO    utils.minio :   MinIO ↓ [staging-data] 2026-04-05_09-29/fact_tai_chinh.parquet (9,238 rows)
[2026-04-05 09:29:11] WARNING utils.minio :   MinIO không tìm thấy: 2026-04-05_09-29/fact_tong_hop_sv.parquet
[2026-04-05 09:29:11] INFO    etl.transform : Load from staging-data OK — run_id=2026-04-05_09-29
[2026-04-05 09:29:11] INFO    etl.load : ==BẮT ĐẦU LOAD VÀO DATA WAREHOUSE==
[2026-04-05 09:29:11] INFO    etl.load : ======================================================================
[2026-04-05 09:29:11] INFO    etl.load : 🔧 Tạo schema warehouse từ warehouse_models.py...
[2026-04-05 09:29:11] INFO    etl.load :   Schema warehouse OK ✓
[2026-04-05 09:29:11] INFO    etl.load : ── Bước 1: Load Dimension Tables ──
[2026-04-05 09:29:11] INFO    etl.load :   dim_hoc_ky     →      9 records (new: 0)
[2026-04-05 09:29:11] INFO    etl.load :   dim_giang_vien →     45 records (new: 0)
[2026-04-05 09:29:11] INFO    etl.load :   dim_hoc_phan   →    121 records (new: 0)
[2026-04-05 09:29:13] INFO    etl.load :   dim_sinh_vien →  1,695 records (new: 0, SCD2: 0, fact cascade: 0)
[2026-04-05 09:29:13] INFO    etl.load : ── Bước 2: Build Surrogate Key Cache ──
[2026-04-05 09:29:13] INFO    etl.load :  Building surrogate key caches...
[2026-04-05 09:29:13] INFO    etl.load :   SV=1695, HP=121, GV=45, HK=9
[2026-04-05 09:29:13] INFO    etl.load : ── Bước 3: Load Fact Tables ──
[2026-04-05 09:30:50] INFO    etl.load :   fact_hoc_tap   →      0 records
[2026-04-05 09:30:59] INFO    etl.load :   fact_ctsv      →      0 records
[2026-04-05 09:31:09] INFO    etl.load :   fact_tai_chinh →      0 records
[2026-04-05 09:31:09] INFO    etl.load : ── Bước 4: Build Aggregation ──
[2026-04-05 09:31:09] INFO    etl.aggregation : == BẮT ĐẦU AGGREGATION ==
[2026-04-05 09:31:09] INFO    etl.aggregation :   agg_student_summary → 1,695 records
[2026-04-05 09:31:09] INFO    etl.aggregation :  agg_student_summary rebuilt : 1,695
[2026-04-05 09:31:09] INFO    etl.aggregation : == AGGREGATION HOÀN TẤT ==
[2026-04-05 09:31:09] INFO    etl.load : ======================================================================
[2026-04-05 09:31:09] INFO    etl.load : LOAD HOÀN TẤT
[2026-04-05 09:31:09] INFO    etl.load :   dim_hoc_ky               :        9 records
[2026-04-05 09:31:09] INFO    etl.load :   dim_giang_vien           :       45 records
[2026-04-05 09:31:09] INFO    etl.load :   dim_hoc_phan             :      121 records
[2026-04-05 09:31:09] INFO    etl.load :   dim_sinh_vien            :        0 records
[2026-04-05 09:31:09] INFO    etl.load :   fact_hoc_tap             :        0 records
[2026-04-05 09:31:09] INFO    etl.load :   fact_ctsv                :        0 records
[2026-04-05 09:31:09] INFO    etl.load :   fact_tai_chinh           :        0 records
[2026-04-05 09:31:09] INFO    etl.load :   agg_student_summary      :    1,695 records
[2026-04-05 09:31:09] INFO    etl.load :   TỔNG                     :    1,870 records
[2026-04-05 09:31:09] INFO    etl.load : ======================================================================
[2026-04-05 10:35:41] INFO    etl.extract : ==BẮT ĐẦU FULL EXTRACT==
[2026-04-05 10:35:41] INFO    etl.extract : ======================================================================
[2026-04-05 10:35:41] INFO    etl.extract : ════════════════════════════════════════════════════════════
[2026-04-05 10:35:41] INFO    etl.extract : NGUỒN 1 — PostgreSQL (Phòng Đào tạo) | Full Extract
[2026-04-05 10:35:41] INFO    etl.extract : ════════════════════════════════════════════════════════════
[2026-04-05 10:35:41] INFO    etl.extract :   PostgreSQL | khoa                      →      4 records
[2026-04-05 10:35:41] INFO    etl.extract :   PostgreSQL | nganh                     →      3 records
[2026-04-05 10:35:41] INFO    etl.extract :   PostgreSQL | giang_vien                →     45 records
[2026-04-05 10:35:41] INFO    etl.extract :   PostgreSQL | lop_hanh_chinh            →     48 records
[2026-04-05 10:35:41] INFO    etl.extract :   PostgreSQL | sinh_vien                 →  1,695 records
[2026-04-05 10:35:41] INFO    etl.extract :   PostgreSQL | hoc_phan                  →    121 records
[2026-04-05 10:35:41] INFO    etl.extract :   PostgreSQL | hoc_ky_nam_hoc            →      9 records
[2026-04-05 10:35:41] INFO    etl.extract :   PostgreSQL | dang_ky_hoc_phan          → 58,001 records
[2026-04-05 10:35:42] INFO    etl.extract :   PostgreSQL | diem_hoc_phan             → 58,001 records
[2026-04-05 10:35:42] INFO    etl.extract :   PostgreSQL | tong_hop_ket_qua          →  1,695 records
[2026-04-05 10:35:42] INFO    etl.extract :   PostgreSQL | TỔNG: 119,622 records từ 10 bảng
[2026-04-05 10:35:42] INFO    etl.extract : ════════════════════════════════════════════════════════════
[2026-04-05 10:35:42] INFO    etl.extract : NGUỒN 2 — CSV (Phòng CTSV) | Extract
[2026-04-05 10:35:42] INFO    etl.extract : ════════════════════════════════════════════════════════════
[2026-04-05 10:35:42] INFO    etl.extract :   CSV | Tìm thấy 9 file(s)
[2026-04-05 10:35:42] INFO    etl.extract :   CSV | ctsv_HK1_2021_22.csv                →    780 records
[2026-04-05 10:35:42] INFO    etl.extract :   CSV | ctsv_HK1_2022_23.csv                →  1,611 records
[2026-04-05 10:35:42] INFO    etl.extract :   CSV | ctsv_HK1_2023_24.csv                →  2,466 records
[2026-04-05 10:35:42] INFO    etl.extract :   CSV | ctsv_HK1_2024_25.csv                →  3,306 records
[2026-04-05 10:35:42] INFO    etl.extract :   CSV | ctsv_HK1_2025_26.csv                →  2,506 records
[2026-04-05 10:35:42] INFO    etl.extract :   CSV | ctsv_HK2_2021_22.csv                →    780 records
[2026-04-05 10:35:43] INFO    etl.extract :   CSV | ctsv_HK2_2022_23.csv                →  1,604 records
[2026-04-05 10:35:43] INFO    etl.extract :   CSV | ctsv_HK2_2023_24.csv                →  2,453 records
[2026-04-05 10:35:43] INFO    etl.extract :   CSV | ctsv_HK2_2024_25.csv                →  2,915 records
[2026-04-05 10:35:43] INFO    etl.extract :   CSV | Loại bỏ 9183 bản ghi trùng
[2026-04-05 10:35:43] INFO    etl.extract :   CSV | TỔNG: 9,238 records từ 9 file(s)
[2026-04-05 10:35:43] INFO    etl.extract :   API | (JSON) taichinh_HK1_2021_22.json →    390 records
[2026-04-05 10:35:43] INFO    etl.extract :   API | (JSON) taichinh_HK1_2022_23.json →    802 records
[2026-04-05 10:35:43] INFO    etl.extract :   API | (JSON) taichinh_HK1_2023_24.json →  1,229 records
[2026-04-05 10:35:43] INFO    etl.extract :   API | (JSON) taichinh_HK1_2024_25.json →  1,646 records
[2026-04-05 10:35:43] INFO    etl.extract :   API | (JSON) taichinh_HK1_2025_26.json →  1,245 records
[2026-04-05 10:35:43] INFO    etl.extract :   API | (JSON) taichinh_HK2_2021_22.json →    390 records
[2026-04-05 10:35:43] INFO    etl.extract :   API | (JSON) taichinh_HK2_2022_23.json →    799 records
[2026-04-05 10:35:43] INFO    etl.extract :   API | (JSON) taichinh_HK2_2023_24.json →  1,223 records
[2026-04-05 10:35:43] INFO    etl.extract :   API | (JSON) taichinh_HK2_2024_25.json →  1,514 records
[2026-04-05 10:35:43] INFO    etl.extract :   API | TỔNG: 9,238 records từ 9 HK
[2026-04-05 10:35:43] INFO    utils.minio :   MinIO ↑ [raw-data] 2026-04-05_10-35/nguon1_sinh_vien.parquet (48.7 KB | 1,695 rows)
[2026-04-05 10:35:43] INFO    utils.minio :   MinIO ↑ [raw-data] 2026-04-05_10-35/nguon1_dang_ky.parquet (493.4 KB | 58,001 rows)
[2026-04-05 10:35:44] INFO    utils.minio :   MinIO ↑ [raw-data] 2026-04-05_10-35/nguon1_diem.parquet (1187.9 KB | 58,001 rows)
[2026-04-05 10:35:44] INFO    utils.minio :   MinIO ↑ [raw-data] 2026-04-05_10-35/nguon1_hoc_phan.parquet (10.3 KB | 121 rows)
[2026-04-05 10:35:44] INFO    utils.minio :   MinIO ↑ [raw-data] 2026-04-05_10-35/nguon1_hoc_ky.parquet (4.1 KB | 9 rows)
[2026-04-05 10:35:44] INFO    utils.minio :   MinIO ↑ [raw-data] 2026-04-05_10-35/nguon1_giang_vien.parquet (8.3 KB | 45 rows)
[2026-04-05 10:35:44] INFO    utils.minio :   MinIO ↑ [raw-data] 2026-04-05_10-35/nguon1_khoa.parquet (2.6 KB | 4 rows)
[2026-04-05 10:35:44] INFO    utils.minio :   MinIO ↑ [raw-data] 2026-04-05_10-35/nguon1_nganh.parquet (3.2 KB | 3 rows)
[2026-04-05 10:35:44] INFO    utils.minio :   MinIO ↑ [raw-data] 2026-04-05_10-35/nguon1_lop_hanh_chinh.parquet (4.8 KB | 48 rows)
[2026-04-05 10:35:44] INFO    utils.minio :   MinIO ↑ [raw-data] 2026-04-05_10-35/nguon1_tong_hop_ket_qua.parquet (21.6 KB | 1,695 rows)
[2026-04-05 10:35:44] INFO    utils.minio :   MinIO ↑ [raw-data] 2026-04-05_10-35/nguon2_ctsv.parquet (38.2 KB | 9,238 rows)
[2026-04-05 10:35:44] INFO    utils.minio :   MinIO ↑ [raw-data] 2026-04-05_10-35/nguon3_tai_chinh.parquet (66.6 KB | 9,238 rows)
[2026-04-05 10:35:44] INFO    utils.minio :   MinIO upload xong: 12/12 files | run_id=2026-04-05_10-35
[2026-04-05 10:35:44] INFO    etl.extract :   MinIO staging: 12/12 files OK → run_id=2026-04-05_10-35
[2026-04-05 10:35:44] INFO    etl.extract : ======================================================================
[2026-04-05 10:35:44] INFO    etl.extract :  FULL EXTRACT HOÀN TẤT
[2026-04-05 10:35:44] INFO    etl.extract :    khoa                     :        4
[2026-04-05 10:35:44] INFO    etl.extract :    nganh                    :        3
[2026-04-05 10:35:44] INFO    etl.extract :    giang_vien               :       45
[2026-04-05 10:35:44] INFO    etl.extract :    lop_hanh_chinh           :       48
[2026-04-05 10:35:44] INFO    etl.extract :    sinh_vien                :    1,695
[2026-04-05 10:35:44] INFO    etl.extract :    hoc_phan                 :      121
[2026-04-05 10:35:44] INFO    etl.extract :    hoc_ky_nam_hoc           :        9
[2026-04-05 10:35:44] INFO    etl.extract :    dang_ky_hoc_phan         :   58,001
[2026-04-05 10:35:44] INFO    etl.extract :    diem_hoc_phan            :   58,001
[2026-04-05 10:35:44] INFO    etl.extract :    tong_hop_ket_qua         :    1,695
[2026-04-05 10:35:44] INFO    etl.extract :    ctsv_data                :    9,238
[2026-04-05 10:35:44] INFO    etl.extract :    tai_chinh_data           :    9,238
[2026-04-05 10:35:44] INFO    etl.extract : ======================================================================
[2026-04-05 10:35:48] INFO    validation.ge :   GE | DataValidator khởi tạo | GE dir: /opt/airflow/great_expectations
[2026-04-05 10:35:48] INFO    validation.ge :   GE | Bắt đầu validation | run_id=2026-04-05_10-35
[2026-04-05 10:35:48] INFO    utils.minio :   MinIO ↓ [raw-data] 2026-04-05_10-35/nguon1_sinh_vien.parquet (1,695 rows)
[2026-04-05 10:35:48] INFO    utils.minio :   MinIO ↓ [raw-data] 2026-04-05_10-35/nguon1_diem.parquet (58,001 rows)
[2026-04-05 10:35:48] INFO    utils.minio :   MinIO ↓ [raw-data] 2026-04-05_10-35/nguon1_tong_hop_ket_qua.parquet (1,695 rows)
[2026-04-05 10:35:48] INFO    utils.minio :   MinIO ↓ [raw-data] 2026-04-05_10-35/nguon2_ctsv.parquet (9,238 rows)
[2026-04-05 10:35:48] INFO    utils.minio :   MinIO ↓ [raw-data] 2026-04-05_10-35/nguon3_tai_chinh.parquet (9,238 rows)
[2026-04-05 10:35:48] INFO    validation.ge :   GE | Downloaded: sv=1695, diem=58001, ctsv=9238, tc=9238
[2026-04-05 10:35:48] INFO    validation.ge :   GE | Chạy 4 validation suites...
[2026-04-05 10:35:48] INFO    validation.ge :   GE | Loaded 'students_suite' (14 expectations)
[2026-04-05 10:35:48] INFO    validation.ge :   GE | [students_suite] sinh_vien: 14/14 (OK)
[2026-04-05 10:35:48] INFO    validation.ge :   GE | Loaded 'grades_suite' (11 expectations)
[2026-04-05 10:35:48] INFO    validation.ge :   GE | [grades_suite] diem_hoc_phan: 11/11 (OK)
[2026-04-05 10:35:48] INFO    validation.ge :   GE | Loaded 'ctsv_suite' (10 expectations)
[2026-04-05 10:35:49] INFO    validation.ge :   GE | [ctsv_suite] ctsv_data: 10/10 (OK)
[2026-04-05 10:35:49] INFO    validation.ge :   GE | Loaded 'tai_chinh_suite' (11 expectations)
[2026-04-05 10:35:49] INFO    validation.ge :   GE | [tai_chinh_suite] tai_chinh_data: 11/11 (OK)
[2026-04-05 10:35:49] INFO    validation.ge : ============================================================
[2026-04-05 10:35:49] INFO    validation.ge :   GE | VALIDATION OK
[2026-04-05 10:35:49] INFO    validation.ge :   GE | run_id: 2026-04-05_10-35 | 46/46 passed
[2026-04-05 10:35:49] INFO    validation.ge :        students    : OK (14/14)
[2026-04-05 10:35:49] INFO    validation.ge :        grades      : OK (11/11)
[2026-04-05 10:35:49] INFO    validation.ge :        ctsv        : OK (10/10)
[2026-04-05 10:35:49] INFO    validation.ge :        tai_chinh   : OK (11/11)
[2026-04-05 10:35:49] INFO    validation.ge : ============================================================
[2026-04-05 10:35:51] INFO    etl.extract :   Load from MinIO staging: run_id=2026-04-05_10-35
[2026-04-05 10:35:51] INFO    utils.minio :   MinIO ↓ [raw-data] 2026-04-05_10-35/nguon1_khoa.parquet (4 rows)
[2026-04-05 10:35:51] INFO    utils.minio :   MinIO ↓ [raw-data] 2026-04-05_10-35/nguon1_nganh.parquet (3 rows)
[2026-04-05 10:35:51] INFO    utils.minio :   MinIO ↓ [raw-data] 2026-04-05_10-35/nguon1_giang_vien.parquet (45 rows)
[2026-04-05 10:35:51] INFO    utils.minio :   MinIO ↓ [raw-data] 2026-04-05_10-35/nguon1_lop_hanh_chinh.parquet (48 rows)
[2026-04-05 10:35:51] INFO    utils.minio :   MinIO ↓ [raw-data] 2026-04-05_10-35/nguon1_sinh_vien.parquet (1,695 rows)
[2026-04-05 10:35:51] INFO    utils.minio :   MinIO ↓ [raw-data] 2026-04-05_10-35/nguon1_hoc_phan.parquet (121 rows)
[2026-04-05 10:35:51] INFO    utils.minio :   MinIO ↓ [raw-data] 2026-04-05_10-35/nguon1_hoc_ky.parquet (9 rows)
[2026-04-05 10:35:51] INFO    utils.minio :   MinIO ↓ [raw-data] 2026-04-05_10-35/nguon1_dang_ky.parquet (58,001 rows)
[2026-04-05 10:35:51] INFO    utils.minio :   MinIO ↓ [raw-data] 2026-04-05_10-35/nguon1_diem.parquet (58,001 rows)
[2026-04-05 10:35:51] INFO    utils.minio :   MinIO ↓ [raw-data] 2026-04-05_10-35/nguon1_tong_hop_ket_qua.parquet (1,695 rows)
[2026-04-05 10:35:51] INFO    utils.minio :   MinIO ↓ [raw-data] 2026-04-05_10-35/nguon2_ctsv.parquet (9,238 rows)
[2026-04-05 10:35:51] INFO    utils.minio :   MinIO ↓ [raw-data] 2026-04-05_10-35/nguon3_tai_chinh.parquet (9,238 rows)
[2026-04-05 10:35:51] INFO    etl.extract :  Load from staging OK — run_id=2026-04-05_10-35
[2026-04-05 10:35:51] INFO    etl.transform : ==BẮT ĐẦU TRANSFORM==
[2026-04-05 10:35:51] INFO    etl.transform : ======================================================================
[2026-04-05 10:35:51] INFO    etl.transform : ── Bước 1: Transform Dimension Tables ──
[2026-04-05 10:35:51] INFO    etl.transform :   dim_thoi_gian               →      9 records
[2026-04-05 10:35:51] INFO    etl.transform :   dim_giang_vien              →     45 records
[2026-04-05 10:35:51] INFO    etl.transform :   dim_hoc_phan                →    121 records
[2026-04-05 10:35:51] INFO    etl.transform :   dim_sinh_vien               →  1,695 records
[2026-04-05 10:35:51] INFO    etl.transform : ── Bước 2: Transform Fact Tables ──
[2026-04-05 10:35:51] INFO    etl.transform :   fact_diem | Tính lại điểm tổng kết cho 1160 bản ghi
[2026-04-05 10:35:51] INFO    etl.transform :   fact_diem                   → 58,001 records
[2026-04-05 10:35:51] INFO    etl.transform :   fact_ren_luyen              →  9,238 records
[2026-04-05 10:35:51] INFO    etl.transform :   fact_tai_chinh              →  9,238 records
[2026-04-05 10:35:51] INFO    etl.transform : ======================================================================
[2026-04-05 10:35:51] INFO    etl.transform : TRANSFORM HOÀN TẤT
[2026-04-05 10:35:51] INFO    etl.transform :    dim_giang_vien           :       45 records
[2026-04-05 10:35:51] INFO    etl.transform :    dim_sinh_vien            :    1,695 records
[2026-04-05 10:35:51] INFO    etl.transform :    dim_hoc_phan             :      121 records
[2026-04-05 10:35:51] INFO    etl.transform :    dim_thoi_gian            :        9 records
[2026-04-05 10:35:51] INFO    etl.transform :    fact_diem                :   58,001 records
[2026-04-05 10:35:51] INFO    etl.transform :    fact_ren_luyen           :    9,238 records
[2026-04-05 10:35:51] INFO    etl.transform :    fact_tai_chinh           :    9,238 records
[2026-04-05 10:35:51] INFO    etl.transform : ======================================================================
[2026-04-05 10:35:51] INFO    utils.minio :   MinIO ↑ [staging-data] 2026-04-05_10-35/dim_hoc_ky.parquet (5.3 KB | 9 rows)
[2026-04-05 10:35:51] INFO    utils.minio :   MinIO ↑ [staging-data] 2026-04-05_10-35/dim_giang_vien.parquet (8.9 KB | 45 rows)
[2026-04-05 10:35:51] INFO    utils.minio :   MinIO ↑ [staging-data] 2026-04-05_10-35/dim_hoc_phan.parquet (11.0 KB | 121 rows)
[2026-04-05 10:35:51] INFO    utils.minio :   MinIO ↑ [staging-data] 2026-04-05_10-35/dim_sinh_vien.parquet (72.9 KB | 1,695 rows)
[2026-04-05 10:35:51] INFO    utils.minio :   MinIO ↑ [staging-data] 2026-04-05_10-35/fact_diem.parquet (908.9 KB | 58,001 rows)
[2026-04-05 10:35:51] INFO    utils.minio :   MinIO ↑ [staging-data] 2026-04-05_10-35/fact_ren_luyen.parquet (39.7 KB | 9,238 rows)
[2026-04-05 10:35:52] INFO    utils.minio :   MinIO ↑ [staging-data] 2026-04-05_10-35/fact_tai_chinh.parquet (66.6 KB | 9,238 rows)
[2026-04-05 10:35:52] INFO    etl.transform :   MinIO staging-data: 7/7 files OK → run_id=2026-04-05_10-35
[2026-04-05 10:35:53] INFO    etl.transform :   Load TransformedData từ MinIO staging: run_id=2026-04-05_10-35
[2026-04-05 10:35:53] INFO    utils.minio :   MinIO ↓ [staging-data] 2026-04-05_10-35/dim_hoc_ky.parquet (9 rows)
[2026-04-05 10:35:53] INFO    utils.minio :   MinIO ↓ [staging-data] 2026-04-05_10-35/dim_giang_vien.parquet (45 rows)
[2026-04-05 10:35:53] INFO    utils.minio :   MinIO ↓ [staging-data] 2026-04-05_10-35/dim_hoc_phan.parquet (121 rows)
[2026-04-05 10:35:53] INFO    utils.minio :   MinIO ↓ [staging-data] 2026-04-05_10-35/dim_sinh_vien.parquet (1,695 rows)
[2026-04-05 10:35:53] INFO    utils.minio :   MinIO ↓ [staging-data] 2026-04-05_10-35/fact_diem.parquet (58,001 rows)
[2026-04-05 10:35:53] INFO    utils.minio :   MinIO ↓ [staging-data] 2026-04-05_10-35/fact_ren_luyen.parquet (9,238 rows)
[2026-04-05 10:35:53] INFO    utils.minio :   MinIO ↓ [staging-data] 2026-04-05_10-35/fact_tai_chinh.parquet (9,238 rows)
[2026-04-05 10:35:53] INFO    etl.transform : Load from staging-data OK — run_id=2026-04-05_10-35
[2026-04-05 10:35:53] INFO    etl.load : ==BẮT ĐẦU LOAD VÀO DATA WAREHOUSE==
[2026-04-05 10:35:53] INFO    etl.load : ======================================================================
[2026-04-05 10:35:53] INFO    etl.load : Tạo schema warehouse từ warehouse_models.py...
[2026-04-05 10:35:53] INFO    etl.load :   Schema warehouse OK
[2026-04-05 10:35:53] INFO    etl.load : ── Bước 1: Load Dimension Tables ──
[2026-04-05 10:35:53] INFO    etl.load :   dim_hoc_ky     →      9 records (new: 0)
[2026-04-05 10:35:53] INFO    etl.load :   dim_giang_vien →     45 records (new: 0)
[2026-04-05 10:35:53] INFO    etl.load :   dim_hoc_phan   →    121 records (new: 0)
[2026-04-05 10:35:56] INFO    etl.load :   dim_sinh_vien →  1,695 records (new: 0, SCD2: 0, fact cascade: 0)
[2026-04-05 10:35:56] INFO    etl.load : ── Bước 2: Build Surrogate Key Cache ──
[2026-04-05 10:35:56] INFO    etl.load : Building surrogate key caches...
[2026-04-05 10:35:56] INFO    etl.load :   SV=1695, HP=121, GV=45, HK=9
[2026-04-05 10:35:56] INFO    etl.load : ── Bước 3: Load Fact Tables ──
[2026-04-05 10:37:31] INFO    etl.load :   fact_hoc_tap   →      0 records
[2026-04-05 10:37:39] INFO    etl.load :   fact_ctsv      →      0 records
[2026-04-05 10:37:50] INFO    etl.load :   fact_tai_chinh →      0 records
[2026-04-05 10:37:50] INFO    etl.load : ── Bước 4: Build Aggregation ──
[2026-04-05 10:37:50] INFO    etl.aggregation : == BẮT ĐẦU AGGREGATION ==
[2026-04-05 10:37:51] INFO    etl.aggregation :   agg_student_summary → 1,695 records
[2026-04-05 10:37:51] INFO    etl.aggregation :  agg_student_summary rebuilt : 1,695
[2026-04-05 10:37:51] INFO    etl.aggregation : == AGGREGATION HOÀN TẤT ==
[2026-04-05 10:37:51] INFO    etl.load : ======================================================================
[2026-04-05 10:37:51] INFO    etl.load : LOAD HOÀN TẤT
[2026-04-05 10:37:51] INFO    etl.load :   dim_hoc_ky               :        9 records
[2026-04-05 10:37:51] INFO    etl.load :   dim_giang_vien           :       45 records
[2026-04-05 10:37:51] INFO    etl.load :   dim_hoc_phan             :      121 records
[2026-04-05 10:37:51] INFO    etl.load :   dim_sinh_vien            :        0 records
[2026-04-05 10:37:51] INFO    etl.load :   fact_hoc_tap             :        0 records
[2026-04-05 10:37:51] INFO    etl.load :   fact_ctsv                :        0 records
[2026-04-05 10:37:51] INFO    etl.load :   fact_tai_chinh           :        0 records
[2026-04-05 10:37:51] INFO    etl.load :   agg_student_summary      :    1,695 records
[2026-04-05 10:37:51] INFO    etl.load :   TỔNG                     :    1,870 records
[2026-04-05 10:37:51] INFO    etl.load : ======================================================================
