[2026-04-04 05:49:07] INFO    etl.extract : ==BẮT ĐẦU FULL EXTRACT==
[2026-04-04 05:49:07] INFO    etl.extract : ======================================================================
[2026-04-04 05:49:07] INFO    etl.extract : ════════════════════════════════════════════════════════════
[2026-04-04 05:49:07] INFO    etl.extract : NGUỒN 1 — PostgreSQL (Phòng Đào tạo) | Full Extract
[2026-04-04 05:49:07] INFO    etl.extract : ════════════════════════════════════════════════════════════
[2026-04-04 05:49:07] INFO    etl.extract :   PostgreSQL | khoa                      →      4 records
[2026-04-04 05:49:07] INFO    etl.extract :   PostgreSQL | nganh                     →      3 records
[2026-04-04 05:49:07] INFO    etl.extract :   PostgreSQL | giang_vien                →     45 records
[2026-04-04 05:49:07] INFO    etl.extract :   PostgreSQL | lop_hanh_chinh            →     48 records
[2026-04-04 05:49:08] INFO    etl.extract :   PostgreSQL | sinh_vien                 →  1,695 records
[2026-04-04 05:49:08] INFO    etl.extract :   PostgreSQL | hoc_phan                  →    121 records
[2026-04-04 05:49:08] INFO    etl.extract :   PostgreSQL | hoc_ky_nam_hoc            →      9 records
[2026-04-04 05:49:09] INFO    utils.minio :   MinIO run mới nhất: 2026-04-03_16-12
[2026-04-04 05:49:09] INFO    utils.minio :   MinIO run mới nhất: 2026-04-03_16-12
[2026-04-04 05:49:09] INFO    etl.extract :   Load from MinIO staging: run_id=2026-04-03_16-12
[2026-04-04 05:49:09] INFO    etl.transform :   Load TransformedData từ MinIO staging: run_id=2026-04-03_16-12
[2026-04-04 05:49:09] INFO    etl.extract :   PostgreSQL | dang_ky_hoc_phan          → 58,001 records
[2026-04-04 05:49:09] INFO    utils.minio :   MinIO ↓ [raw-data] 2026-04-03_16-12/nguon1_khoa.parquet (4 rows)
[2026-04-04 05:49:09] INFO    utils.minio :   MinIO ↓ [staging-data] 2026-04-03_16-12/dim_hoc_ky.parquet (9 rows)
[2026-04-04 05:49:09] INFO    utils.minio :   MinIO ↓ [raw-data] 2026-04-03_16-12/nguon1_nganh.parquet (3 rows)
[2026-04-04 05:49:09] INFO    utils.minio :   MinIO ↓ [staging-data] 2026-04-03_16-12/dim_giang_vien.parquet (45 rows)
[2026-04-04 05:49:09] INFO    utils.minio :   MinIO ↓ [raw-data] 2026-04-03_16-12/nguon1_giang_vien.parquet (45 rows)
[2026-04-04 05:49:09] INFO    utils.minio :   MinIO ↓ [staging-data] 2026-04-03_16-12/dim_hoc_phan.parquet (121 rows)
[2026-04-04 05:49:09] INFO    utils.minio :   MinIO ↓ [raw-data] 2026-04-03_16-12/nguon1_lop_hanh_chinh.parquet (48 rows)
[2026-04-04 05:49:09] INFO    utils.minio :   MinIO ↓ [staging-data] 2026-04-03_16-12/dim_sinh_vien.parquet (1,695 rows)
[2026-04-04 05:49:09] INFO    utils.minio :   MinIO ↓ [raw-data] 2026-04-03_16-12/nguon1_sinh_vien.parquet (1,695 rows)
[2026-04-04 05:49:09] INFO    utils.minio :   MinIO ↓ [raw-data] 2026-04-03_16-12/nguon1_hoc_phan.parquet (121 rows)
[2026-04-04 05:49:09] INFO    utils.minio :   MinIO ↓ [staging-data] 2026-04-03_16-12/fact_diem.parquet (54,529 rows)
[2026-04-04 05:49:09] INFO    utils.minio :   MinIO ↓ [raw-data] 2026-04-03_16-12/nguon1_hoc_ky.parquet (9 rows)
[2026-04-04 05:49:09] INFO    utils.minio :   MinIO ↓ [staging-data] 2026-04-03_16-12/fact_ren_luyen.parquet (8,990 rows)
[2026-04-04 05:49:09] INFO    utils.minio :   MinIO ↓ [staging-data] 2026-04-03_16-12/fact_tai_chinh.parquet (8,990 rows)
[2026-04-04 05:49:09] WARNING utils.minio :   MinIO không tìm thấy: 2026-04-03_16-12/fact_tong_hop_sv.parquet
[2026-04-04 05:49:09] INFO    etl.transform : Load from staging-data OK — run_id=2026-04-03_16-12
[2026-04-04 05:49:09] INFO    etl.load : ==BẮT ĐẦU LOAD VÀO DATA WAREHOUSE==
[2026-04-04 05:49:09] INFO    etl.load : ======================================================================
[2026-04-04 05:49:09] INFO    etl.load : 🔧 Tạo schema warehouse từ warehouse_models.py...
[2026-04-04 05:49:09] INFO    utils.minio :   MinIO ↓ [raw-data] 2026-04-03_16-12/nguon1_dang_ky.parquet (58,001 rows)
[2026-04-04 05:49:09] INFO    etl.load :   Schema warehouse OK ✓
[2026-04-04 05:49:09] INFO    etl.load : ── Bước 1: Load Dimension Tables ──
[2026-04-04 05:49:09] INFO    utils.minio :   MinIO ↓ [raw-data] 2026-04-03_16-12/nguon1_diem.parquet (58,001 rows)
[2026-04-04 05:49:09] INFO    utils.minio :   MinIO ↓ [raw-data] 2026-04-03_16-12/nguon1_tong_hop_ket_qua.parquet (1,695 rows)
[2026-04-04 05:49:09] INFO    etl.load :   dim_hoc_ky     →      9 records (new: 0)
[2026-04-04 05:49:09] INFO    utils.minio :   MinIO ↓ [raw-data] 2026-04-03_16-12/nguon2_ctsv.parquet (9,238 rows)
[2026-04-04 05:49:09] INFO    utils.minio :   MinIO ↓ [raw-data] 2026-04-03_16-12/nguon3_tai_chinh.parquet (9,238 rows)
[2026-04-04 05:49:09] INFO    etl.extract :  Load from staging OK — run_id=2026-04-03_16-12
[2026-04-04 05:49:09] INFO    etl.transform : ==BẮT ĐẦU TRANSFORM==
[2026-04-04 05:49:09] INFO    etl.transform : ======================================================================
[2026-04-04 05:49:09] INFO    etl.transform : ── Bước 1: Transform Dimension Tables ──
[2026-04-04 05:49:09] INFO    etl.transform :   dim_thoi_gian (→dim_hoc_ky)  →      9 records
[2026-04-04 05:49:09] INFO    etl.transform :   dim_giang_vien              →     45 records
[2026-04-04 05:49:09] INFO    etl.transform :   dim_hoc_phan                →    121 records
[2026-04-04 05:49:10] INFO    etl.load :   dim_giang_vien →     45 records (new: 0)
[2026-04-04 05:49:10] INFO    etl.transform :   dim_sinh_vien               →  1,695 records
[2026-04-04 05:49:10] INFO    etl.transform : ── Bước 2: Transform Fact Tables ──
[2026-04-04 05:49:10] INFO    etl.transform :   fact_diem (→fact_hoc_tap)    → 58,001 records
[2026-04-04 05:49:10] INFO    etl.transform :   fact_ren_luyen (→fact_ctsv)  →  9,238 records
[2026-04-04 05:49:10] INFO    etl.transform :   fact_tai_chinh               →  9,238 records
[2026-04-04 05:49:10] INFO    etl.transform : ── Bước 3: Tổng hợp đa nguồn ──
[2026-04-04 05:49:10] INFO    etl.transform : ======================================================================
[2026-04-04 05:49:10] INFO    etl.transform : TRANSFORM HOÀN TẤT
[2026-04-04 05:49:10] INFO    etl.transform :    dim_giang_vien           :       45 records
[2026-04-04 05:49:10] INFO    etl.transform :    dim_sinh_vien            :    1,695 records
[2026-04-04 05:49:10] INFO    etl.transform :    dim_hoc_phan             :      121 records
[2026-04-04 05:49:10] INFO    etl.transform :    dim_thoi_gian            :        9 records
[2026-04-04 05:49:10] INFO    etl.transform :    fact_diem                :   58,001 records
[2026-04-04 05:49:10] INFO    etl.transform :    fact_ren_luyen           :    9,238 records
[2026-04-04 05:49:10] INFO    etl.transform :    fact_tai_chinh           :    9,238 records
[2026-04-04 05:49:10] INFO    etl.load :   dim_hoc_phan   →    121 records (new: 0)
[2026-04-04 05:49:10] INFO    etl.transform :    fact_tong_hop_sv         :        0 records
[2026-04-04 05:49:10] INFO    etl.transform : ======================================================================
[2026-04-04 05:49:10] INFO    utils.minio :   MinIO ↑ [staging-data] 2026-04-04_05-49/dim_hoc_ky.parquet (5.3 KB | 9 rows)
[2026-04-04 05:49:10] INFO    utils.minio :   MinIO ↑ [staging-data] 2026-04-04_05-49/dim_giang_vien.parquet (8.9 KB | 45 rows)
[2026-04-04 05:49:10] INFO    utils.minio :   MinIO ↑ [staging-data] 2026-04-04_05-49/dim_hoc_phan.parquet (11.0 KB | 121 rows)
[2026-04-04 05:49:10] INFO    utils.minio :   MinIO ↑ [staging-data] 2026-04-04_05-49/dim_sinh_vien.parquet (71.8 KB | 1,695 rows)
[2026-04-04 05:49:10] INFO    utils.minio :   MinIO ↑ [staging-data] 2026-04-04_05-49/fact_diem.parquet (880.7 KB | 58,001 rows)
[2026-04-04 05:49:10] INFO    utils.minio :   MinIO ↑ [staging-data] 2026-04-04_05-49/fact_ren_luyen.parquet (39.7 KB | 9,238 rows)
[2026-04-04 05:49:10] INFO    utils.minio :   MinIO ↑ [staging-data] 2026-04-04_05-49/fact_tai_chinh.parquet (66.6 KB | 9,238 rows)
[2026-04-04 05:49:10] WARNING utils.minio :   MinIO skip (empty): fact_tong_hop_sv.parquet
[2026-04-04 05:49:10] INFO    etl.transform :   MinIO staging-data: 8/8 files OK → run_id=2026-04-04_05-49
[2026-04-04 05:49:11] INFO    etl.extract :   PostgreSQL | diem_hoc_phan             → 58,001 records
[2026-04-04 05:49:11] INFO    etl.extract :   PostgreSQL | tong_hop_ket_qua          →  1,695 records
[2026-04-04 05:49:11] INFO    etl.extract :   PostgreSQL | TỔNG: 119,622 records từ 10 bảng
[2026-04-04 05:49:11] INFO    etl.extract : ════════════════════════════════════════════════════════════
[2026-04-04 05:49:11] INFO    etl.extract : NGUỒN 2 — CSV (Phòng CTSV) | Extract
[2026-04-04 05:49:11] INFO    etl.extract : ════════════════════════════════════════════════════════════
[2026-04-04 05:49:11] INFO    etl.extract :   CSV | Tìm thấy 9 file(s)
[2026-04-04 05:49:11] INFO    etl.extract :   CSV | ctsv_HK1_2021_22.csv                →    780 records
[2026-04-04 05:49:11] INFO    etl.extract :   CSV | ctsv_HK1_2022_23.csv                →  1,611 records
[2026-04-04 05:49:11] INFO    etl.extract :   CSV | ctsv_HK1_2023_24.csv                →  2,466 records
[2026-04-04 05:49:11] INFO    etl.extract :   CSV | ctsv_HK1_2024_25.csv                →  3,306 records
[2026-04-04 05:49:11] INFO    etl.extract :   CSV | ctsv_HK1_2025_26.csv                →  2,506 records
[2026-04-04 05:49:11] INFO    etl.extract :   CSV | ctsv_HK2_2021_22.csv                →    780 records
[2026-04-04 05:49:11] INFO    etl.extract :   CSV | ctsv_HK2_2022_23.csv                →  1,604 records
[2026-04-04 05:49:11] INFO    etl.extract :   CSV | ctsv_HK2_2023_24.csv                →  2,453 records
[2026-04-04 05:49:11] INFO    etl.extract :   CSV | ctsv_HK2_2024_25.csv                →  2,915 records
[2026-04-04 05:49:11] INFO    etl.extract :   CSV | Loại bỏ 9183 bản ghi trùng
[2026-04-04 05:49:11] INFO    etl.extract :   CSV | TỔNG: 9,238 records từ 9 file(s)
[2026-04-04 05:49:11] INFO    etl.extract :   API | (JSON) taichinh_HK1_2021_22.json →    390 records
[2026-04-04 05:49:11] INFO    etl.extract :   API | (JSON) taichinh_HK1_2022_23.json →    802 records
[2026-04-04 05:49:11] INFO    etl.extract :   API | (JSON) taichinh_HK1_2023_24.json →  1,229 records
[2026-04-04 05:49:11] INFO    etl.extract :   API | (JSON) taichinh_HK1_2024_25.json →  1,646 records
[2026-04-04 05:49:11] INFO    etl.extract :   API | (JSON) taichinh_HK1_2025_26.json →  1,245 records
[2026-04-04 05:49:11] INFO    etl.extract :   API | (JSON) taichinh_HK2_2021_22.json →    390 records
[2026-04-04 05:49:11] INFO    etl.extract :   API | (JSON) taichinh_HK2_2022_23.json →    799 records
[2026-04-04 05:49:11] INFO    etl.extract :   API | (JSON) taichinh_HK2_2023_24.json →  1,223 records
[2026-04-04 05:49:11] INFO    etl.extract :   API | (JSON) taichinh_HK2_2024_25.json →  1,514 records
[2026-04-04 05:49:11] INFO    etl.extract :   API | TỔNG: 9,238 records từ 9 HK
[2026-04-04 05:49:12] INFO    utils.minio :   MinIO ↑ [raw-data] 2026-04-04_05-49/nguon1_sinh_vien.parquet (47.6 KB | 1,695 rows)
[2026-04-04 05:49:12] INFO    utils.minio :   MinIO ↑ [raw-data] 2026-04-04_05-49/nguon1_dang_ky.parquet (493.4 KB | 58,001 rows)
[2026-04-04 05:49:12] INFO    utils.minio :   MinIO ↑ [raw-data] 2026-04-04_05-49/nguon1_diem.parquet (1180.5 KB | 58,001 rows)
[2026-04-04 05:49:12] INFO    utils.minio :   MinIO ↑ [raw-data] 2026-04-04_05-49/nguon1_hoc_phan.parquet (10.3 KB | 121 rows)
[2026-04-04 05:49:12] INFO    utils.minio :   MinIO ↑ [raw-data] 2026-04-04_05-49/nguon1_hoc_ky.parquet (4.1 KB | 9 rows)
[2026-04-04 05:49:12] INFO    utils.minio :   MinIO ↑ [raw-data] 2026-04-04_05-49/nguon1_giang_vien.parquet (8.3 KB | 45 rows)
[2026-04-04 05:49:12] INFO    utils.minio :   MinIO ↑ [raw-data] 2026-04-04_05-49/nguon1_khoa.parquet (2.6 KB | 4 rows)
[2026-04-04 05:49:12] INFO    utils.minio :   MinIO ↑ [raw-data] 2026-04-04_05-49/nguon1_nganh.parquet (3.2 KB | 3 rows)
[2026-04-04 05:49:12] INFO    utils.minio :   MinIO ↑ [raw-data] 2026-04-04_05-49/nguon1_lop_hanh_chinh.parquet (4.8 KB | 48 rows)
[2026-04-04 05:49:12] INFO    utils.minio :   MinIO ↑ [raw-data] 2026-04-04_05-49/nguon1_tong_hop_ket_qua.parquet (21.6 KB | 1,695 rows)
[2026-04-04 05:49:12] INFO    utils.minio :   MinIO ↑ [raw-data] 2026-04-04_05-49/nguon2_ctsv.parquet (38.2 KB | 9,238 rows)
[2026-04-04 05:49:12] INFO    utils.minio :   MinIO ↑ [raw-data] 2026-04-04_05-49/nguon3_tai_chinh.parquet (66.6 KB | 9,238 rows)
[2026-04-04 05:49:12] INFO    utils.minio :   MinIO upload xong: 12/12 files | run_id=2026-04-04_05-49
[2026-04-04 05:49:12] INFO    etl.extract :   MinIO staging: 12/12 files OK → run_id=2026-04-04_05-49
[2026-04-04 05:49:12] INFO    etl.extract : ======================================================================
[2026-04-04 05:49:12] INFO    etl.extract :  FULL EXTRACT HOÀN TẤT
[2026-04-04 05:49:12] INFO    etl.extract :    khoa                     :        4
[2026-04-04 05:49:12] INFO    etl.extract :    nganh                    :        3
[2026-04-04 05:49:12] INFO    etl.extract :    giang_vien               :       45
[2026-04-04 05:49:12] INFO    etl.extract :    lop_hanh_chinh           :       48
[2026-04-04 05:49:12] INFO    etl.extract :    sinh_vien                :    1,695
[2026-04-04 05:49:12] INFO    etl.extract :    hoc_phan                 :      121
[2026-04-04 05:49:12] INFO    etl.extract :    hoc_ky_nam_hoc           :        9
[2026-04-04 05:49:12] INFO    etl.extract :    dang_ky_hoc_phan         :   58,001
[2026-04-04 05:49:12] INFO    etl.extract :    diem_hoc_phan            :   58,001
[2026-04-04 05:49:12] INFO    etl.extract :    tong_hop_ket_qua         :    1,695
[2026-04-04 05:49:12] INFO    etl.extract :    ctsv_data                :    9,238
[2026-04-04 05:49:12] INFO    etl.extract :    tai_chinh_data           :    9,238
[2026-04-04 05:49:12] INFO    etl.extract : ======================================================================
[2026-04-04 05:49:14] INFO    etl.load :   dim_sinh_vien →  1,695 records (new: 0, SCD2: 0, fact cascade: 0)
[2026-04-04 05:49:14] INFO    etl.load : ── Bước 2: Build Surrogate Key Cache ──
[2026-04-04 05:49:14] INFO    etl.load :  Building surrogate key caches...
[2026-04-04 05:49:14] INFO    etl.load :   SV=1695, HP=121, GV=45, HK=9
[2026-04-04 05:49:14] INFO    etl.load : ── Bước 3: Load Fact Tables ──
[2026-04-04 05:49:14] INFO    validation.ge :  GE | DataValidator khởi tạo | GE dir: /opt/airflow/great_expectations
[2026-04-04 05:49:14] INFO    validation.ge :  GE | Bắt đầu validation | run_id=2026-04-04_05-49
[2026-04-04 05:49:14] INFO    validation.ge :  GE | GE suites directory: /opt/airflow/great_expectations/expectations
[2026-04-04 05:49:14] INFO    validation.ge :  GE | Downloading staging data từ MinIO...
[2026-04-04 05:49:14] INFO    utils.minio :   MinIO ↓ [raw-data] 2026-04-04_05-49/nguon1_sinh_vien.parquet (1,695 rows)
[2026-04-04 05:49:14] INFO    utils.minio :   MinIO ↓ [raw-data] 2026-04-04_05-49/nguon1_diem.parquet (58,001 rows)
[2026-04-04 05:49:14] INFO    utils.minio :   MinIO ↓ [raw-data] 2026-04-04_05-49/nguon1_tong_hop_ket_qua.parquet (1,695 rows)
[2026-04-04 05:49:14] INFO    utils.minio :   MinIO ↓ [raw-data] 2026-04-04_05-49/nguon2_ctsv.parquet (9,238 rows)
[2026-04-04 05:49:14] INFO    utils.minio :   MinIO ↓ [raw-data] 2026-04-04_05-49/nguon3_tai_chinh.parquet (9,238 rows)
[2026-04-04 05:49:14] INFO    validation.ge :  GE | Downloaded: sv=1695, diem=58001, ctsv=9238, tc=9238
[2026-04-04 05:49:14] INFO    validation.ge :  GE | Chạy validation suites...
[2026-04-04 05:49:14] INFO    validation.ge :  GE | Loaded suite 'students_suite' (15 expectations)
[2026-04-04 05:49:14] INFO    validation.ge :  GE | [students_suite] sinh_vien: 15/15 passed (OK)
[2026-04-04 05:49:14] INFO    validation.ge :  GE | Loaded suite 'grades_suite' (12 expectations)
[2026-04-04 05:49:14] INFO    validation.ge :  GE | [grades_suite] diem_hoc_phan: 12/12 passed (OK)
[2026-04-04 05:49:14] INFO    validation.ge :  GE | Loaded suite 'ctsv_suite' (9 expectations)
[2026-04-04 05:49:15] INFO    validation.ge :  GE | [ctsv_suite] ctsv_data: 9/9 passed (OK)
[2026-04-04 05:49:15] INFO    validation.ge :  GE | Loaded suite 'tai_chinh_suite' (8 expectations)
[2026-04-04 05:49:15] INFO    validation.ge :  GE | [tai_chinh_suite] tai_chinh_data: 8/8 passed (OK)
[2026-04-04 05:49:15] INFO    validation.ge : ============================================================
[2026-04-04 05:49:15] INFO    validation.ge :  GE | VALIDATION OK
[2026-04-04 05:49:15] INFO    validation.ge :  GE | run_id         : 2026-04-04_05-49
[2026-04-04 05:49:15] INFO    validation.ge :  GE | Tổng expectations : 44
[2026-04-04 05:49:15] INFO    validation.ge :  GE | Passed           : 44
[2026-04-04 05:49:15] INFO    validation.ge :  GE | Failed           : 0
[2026-04-04 05:49:15] INFO    validation.ge :  GE | Suite results:
[2026-04-04 05:49:15] INFO    validation.ge :      students       : OK (15/15)
[2026-04-04 05:49:15] INFO    validation.ge :      grades         : OK (12/12)
[2026-04-04 05:49:15] INFO    validation.ge :      ctsv           : OK (9/9)
[2026-04-04 05:49:15] INFO    validation.ge :      tai_chinh      : OK (8/8)
[2026-04-04 05:49:15] INFO    validation.ge : ============================================================
[2026-04-04 05:50:28] INFO    etl.load :   fact_hoc_tap   →      0 records
[2026-04-04 05:50:35] INFO    etl.load :   fact_ctsv      →      0 records
[2026-04-04 05:50:44] INFO    etl.load :   fact_tai_chinh →      0 records
[2026-04-04 05:50:44] INFO    etl.load : ── Bước 4: Build Aggregation ──
[2026-04-04 05:50:44] INFO    etl.aggregation : == BẮT ĐẦU AGGREGATION ==
[2026-04-04 05:50:44] INFO    etl.aggregation :   agg_student_summary → 1,695 records
[2026-04-04 05:50:44] INFO    etl.aggregation :  agg_student_summary rebuilt : 1,695
[2026-04-04 05:50:44] INFO    etl.aggregation : == AGGREGATION HOÀN TẤT ==
[2026-04-04 05:50:44] INFO    etl.load : ======================================================================
[2026-04-04 05:50:44] INFO    etl.load : LOAD HOÀN TẤT
[2026-04-04 05:50:44] INFO    etl.load :   dim_hoc_ky               :        9 records
[2026-04-04 05:50:44] INFO    etl.load :   dim_giang_vien           :       45 records
[2026-04-04 05:50:44] INFO    etl.load :   dim_hoc_phan             :      121 records
[2026-04-04 05:50:44] INFO    etl.load :   dim_sinh_vien            :        0 records
[2026-04-04 05:50:44] INFO    etl.load :   fact_hoc_tap             :        0 records
[2026-04-04 05:50:44] INFO    etl.load :   fact_ctsv                :        0 records
[2026-04-04 05:50:44] INFO    etl.load :   fact_tai_chinh           :        0 records
[2026-04-04 05:50:44] INFO    etl.load :   agg_student_summary      :    1,695 records
[2026-04-04 05:50:44] INFO    etl.load :   TỔNG                     :    1,870 records
[2026-04-04 05:50:44] INFO    etl.load : ======================================================================
