[2026-05-01 01:48:09] INFO    airflow.models.dag : Sync 3 DAGs
[2026-05-01 01:48:09] INFO    airflow.models.dag : Setting next_dagrun for daily_student_pipeline to 2026-04-29 02:00:00+00:00, run_after=2026-04-30 02:00:00+00:00
[2026-05-01 01:48:09] INFO    airflow.models.dag : Setting next_dagrun for test_dag to None, run_after=None
[2026-05-01 01:48:09] INFO    airflow.models.dag : Setting next_dagrun for weekly_summary_pipeline to 2026-04-27 06:00:00+00:00, run_after=2026-05-04 06:00:00+00:00
[2026-05-01 01:48:15] INFO    airflow.models.dag : Sync 1 DAGs
[2026-05-01 01:48:15] INFO    airflow.models.dag : Setting next_dagrun for daily_student_pipeline to 2026-04-30 02:00:00+00:00, run_after=2026-05-01 02:00:00+00:00
[2026-05-01 01:48:16] INFO    airflow.cli.commands.task_command : Running <TaskInstance: daily_student_pipeline.init_run_id scheduled__2026-04-29T02:00:00+00:00 [queued]> on host 485f600440bc
[2026-05-01 01:48:19] INFO    airflow.cli.commands.task_command : Running <TaskInstance: daily_student_pipeline.extract_group.extract_postgres scheduled__2026-04-29T02:00:00+00:00 [queued]> on host 485f600440bc
[2026-05-01 01:48:19] INFO    airflow.cli.commands.task_command : Running <TaskInstance: daily_student_pipeline.extract_group.extract_csv scheduled__2026-04-29T02:00:00+00:00 [queued]> on host 485f600440bc
[2026-05-01 01:48:19] INFO    airflow.cli.commands.task_command : Running <TaskInstance: daily_student_pipeline.extract_group.extract_api scheduled__2026-04-29T02:00:00+00:00 [queued]> on host 485f600440bc
[2026-05-01 01:48:24] INFO    airflow.cli.commands.task_command : Running <TaskInstance: daily_student_pipeline.validate_data scheduled__2026-04-29T02:00:00+00:00 [queued]> on host 485f600440bc
[2026-05-01 01:48:36] INFO    airflow.models.dag.DAG : Executing dag callback function: <function task_alert_failure at 0x7ef84dc9c220>
[2026-05-01 01:48:36] INFO    airflow.models.dag : Sync 1 DAGs
[2026-05-01 01:48:36] INFO    airflow.models.dag : Setting next_dagrun for daily_student_pipeline to 2026-04-30 02:00:00+00:00, run_after=2026-05-01 02:00:00+00:00
[2026-05-01 01:49:07] INFO    airflow.models.dag : Sync 1 DAGs
[2026-05-01 01:49:07] INFO    airflow.models.dag : Setting next_dagrun for daily_student_pipeline to 2026-04-30 02:00:00+00:00, run_after=2026-05-01 02:00:00+00:00
[2026-05-01 01:49:38] INFO    airflow.models.dag : Sync 1 DAGs
[2026-05-01 01:49:38] INFO    airflow.models.dag : Setting next_dagrun for daily_student_pipeline to 2026-04-30 02:00:00+00:00, run_after=2026-05-01 02:00:00+00:00
[2026-05-01 01:50:09] INFO    airflow.models.dag : Sync 1 DAGs
[2026-05-01 01:50:09] INFO    airflow.models.dag : Setting next_dagrun for daily_student_pipeline to 2026-04-30 02:00:00+00:00, run_after=2026-05-01 02:00:00+00:00
[2026-05-01 01:50:40] INFO    airflow.models.dag : Sync 1 DAGs
[2026-05-01 01:50:40] INFO    airflow.models.dag : Setting next_dagrun for daily_student_pipeline to 2026-04-30 02:00:00+00:00, run_after=2026-05-01 02:00:00+00:00
[2026-05-01 01:51:10] INFO    airflow.models.dag : Sync 1 DAGs
[2026-05-01 01:51:10] INFO    airflow.models.dag : Setting next_dagrun for daily_student_pipeline to 2026-04-30 02:00:00+00:00, run_after=2026-05-01 02:00:00+00:00
[2026-05-01 01:51:41] INFO    airflow.models.dag : Sync 1 DAGs
[2026-05-01 01:51:41] INFO    airflow.models.dag : Setting next_dagrun for daily_student_pipeline to 2026-04-30 02:00:00+00:00, run_after=2026-05-01 02:00:00+00:00
[2026-05-01 01:52:12] INFO    airflow.models.dag : Sync 1 DAGs
[2026-05-01 01:52:12] INFO    airflow.models.dag : Setting next_dagrun for daily_student_pipeline to 2026-04-30 02:00:00+00:00, run_after=2026-05-01 02:00:00+00:00
[2026-05-01 01:52:43] INFO    airflow.models.dag : Sync 1 DAGs
[2026-05-01 01:52:43] INFO    airflow.models.dag : Setting next_dagrun for daily_student_pipeline to 2026-04-30 02:00:00+00:00, run_after=2026-05-01 02:00:00+00:00
[2026-05-01 01:53:13] INFO    airflow.models.dag : Sync 1 DAGs
[2026-05-01 01:53:13] INFO    airflow.models.dag : Setting next_dagrun for daily_student_pipeline to 2026-04-30 02:00:00+00:00, run_after=2026-05-01 02:00:00+00:00
[2026-05-01 01:53:44] INFO    airflow.models.dag : Sync 1 DAGs
[2026-05-01 01:53:44] INFO    airflow.models.dag : Setting next_dagrun for daily_student_pipeline to 2026-04-30 02:00:00+00:00, run_after=2026-05-01 02:00:00+00:00
[2026-05-01 01:54:15] INFO    airflow.models.dag : Sync 1 DAGs
[2026-05-01 01:54:15] INFO    airflow.models.dag : Setting next_dagrun for daily_student_pipeline to 2026-04-30 02:00:00+00:00, run_after=2026-05-01 02:00:00+00:00
[2026-05-01 01:54:46] INFO    airflow.models.dag : Sync 1 DAGs
[2026-05-01 01:54:46] INFO    airflow.models.dag : Setting next_dagrun for daily_student_pipeline to 2026-04-30 02:00:00+00:00, run_after=2026-05-01 02:00:00+00:00
[2026-05-01 01:55:17] INFO    airflow.models.dag : Sync 1 DAGs
[2026-05-01 01:55:17] INFO    airflow.models.dag : Setting next_dagrun for daily_student_pipeline to 2026-04-30 02:00:00+00:00, run_after=2026-05-01 02:00:00+00:00
[2026-05-01 01:55:48] INFO    airflow.models.dag : Sync 1 DAGs
[2026-05-01 01:55:48] INFO    airflow.models.dag : Setting next_dagrun for daily_student_pipeline to 2026-04-30 02:00:00+00:00, run_after=2026-05-01 02:00:00+00:00
[2026-05-01 01:56:19] INFO    airflow.models.dag : Sync 1 DAGs
[2026-05-01 01:56:19] INFO    airflow.models.dag : Setting next_dagrun for daily_student_pipeline to 2026-04-30 02:00:00+00:00, run_after=2026-05-01 02:00:00+00:00
[2026-05-01 01:56:51] INFO    airflow.models.dag : Sync 1 DAGs
[2026-05-01 01:56:51] INFO    airflow.models.dag : Setting next_dagrun for daily_student_pipeline to 2026-04-30 02:00:00+00:00, run_after=2026-05-01 02:00:00+00:00
[2026-05-01 01:57:24] INFO    airflow.models.dag : Sync 1 DAGs
[2026-05-01 01:57:24] INFO    airflow.models.dag : Setting next_dagrun for daily_student_pipeline to 2026-04-30 02:00:00+00:00, run_after=2026-05-01 02:00:00+00:00
[2026-05-01 01:57:56] INFO    airflow.models.dag : Sync 1 DAGs
[2026-05-01 01:57:56] INFO    airflow.models.dag : Setting next_dagrun for daily_student_pipeline to 2026-04-30 02:00:00+00:00, run_after=2026-05-01 02:00:00+00:00
[2026-05-01 01:58:29] INFO    airflow.models.dag : Sync 1 DAGs
[2026-05-01 01:58:29] INFO    airflow.models.dag : Setting next_dagrun for daily_student_pipeline to 2026-04-30 02:00:00+00:00, run_after=2026-05-01 02:00:00+00:00
[2026-05-01 01:59:02] INFO    airflow.models.dag : Sync 1 DAGs
[2026-05-01 01:59:02] INFO    airflow.models.dag : Setting next_dagrun for daily_student_pipeline to 2026-04-30 02:00:00+00:00, run_after=2026-05-01 02:00:00+00:00
[2026-05-01 01:59:34] INFO    airflow.models.dag : Sync 1 DAGs
[2026-05-01 01:59:34] INFO    airflow.models.dag : Setting next_dagrun for daily_student_pipeline to 2026-04-30 02:00:00+00:00, run_after=2026-05-01 02:00:00+00:00
[2026-05-01 02:00:01] INFO    airflow.cli.commands.task_command : Running <TaskInstance: daily_student_pipeline.init_run_id scheduled__2026-04-30T02:00:00+00:00 [queued]> on host 485f600440bc
[2026-05-01 02:00:03] INFO    airflow.cli.commands.task_command : Running <TaskInstance: daily_student_pipeline.extract_group.extract_csv scheduled__2026-04-30T02:00:00+00:00 [queued]> on host 485f600440bc
[2026-05-01 02:00:03] INFO    airflow.cli.commands.task_command : Running <TaskInstance: daily_student_pipeline.extract_group.extract_postgres scheduled__2026-04-30T02:00:00+00:00 [queued]> on host 485f600440bc
[2026-05-01 02:00:03] INFO    airflow.cli.commands.task_command : Running <TaskInstance: daily_student_pipeline.extract_group.extract_api scheduled__2026-04-30T02:00:00+00:00 [queued]> on host 485f600440bc
[2026-05-01 02:00:07] INFO    airflow.models.dag : Sync 1 DAGs
[2026-05-01 02:00:07] INFO    airflow.models.dag : Setting next_dagrun for daily_student_pipeline to 2026-05-01 02:00:00+00:00, run_after=2026-05-02 02:00:00+00:00
[2026-05-01 02:00:08] INFO    airflow.cli.commands.task_command : Running <TaskInstance: daily_student_pipeline.validate_data scheduled__2026-04-30T02:00:00+00:00 [queued]> on host 485f600440bc
[2026-05-01 02:00:16] INFO    airflow.models.dag.DAG : Executing dag callback function: <function task_alert_failure at 0x7ef84dc9c220>
[2026-05-01 02:00:17] INFO    airflow.models.dag : Sync 1 DAGs
[2026-05-01 02:00:17] INFO    airflow.models.dag : Setting next_dagrun for daily_student_pipeline to 2026-05-01 02:00:00+00:00, run_after=2026-05-02 02:00:00+00:00
[2026-05-01 02:00:47] INFO    airflow.models.dag : Sync 1 DAGs
[2026-05-01 02:00:47] INFO    airflow.models.dag : Setting next_dagrun for daily_student_pipeline to 2026-05-01 02:00:00+00:00, run_after=2026-05-02 02:00:00+00:00
[2026-05-01 02:01:18] INFO    airflow.models.dag : Sync 1 DAGs
[2026-05-01 02:01:18] INFO    airflow.models.dag : Setting next_dagrun for daily_student_pipeline to 2026-05-01 02:00:00+00:00, run_after=2026-05-02 02:00:00+00:00
[2026-05-01 02:01:49] INFO    airflow.models.dag : Sync 1 DAGs
[2026-05-01 02:01:49] INFO    airflow.models.dag : Setting next_dagrun for daily_student_pipeline to 2026-05-01 02:00:00+00:00, run_after=2026-05-02 02:00:00+00:00
[2026-05-01 02:02:20] INFO    airflow.models.dag : Sync 1 DAGs
[2026-05-01 02:02:20] INFO    airflow.models.dag : Setting next_dagrun for daily_student_pipeline to 2026-05-01 02:00:00+00:00, run_after=2026-05-02 02:00:00+00:00
[2026-05-01 02:02:51] INFO    airflow.models.dag : Sync 1 DAGs
[2026-05-01 02:02:51] INFO    airflow.models.dag : Setting next_dagrun for daily_student_pipeline to 2026-05-01 02:00:00+00:00, run_after=2026-05-02 02:00:00+00:00
[2026-05-01 02:03:22] INFO    airflow.models.dag : Sync 1 DAGs
[2026-05-01 02:03:22] INFO    airflow.models.dag : Setting next_dagrun for daily_student_pipeline to 2026-05-01 02:00:00+00:00, run_after=2026-05-02 02:00:00+00:00
[2026-05-01 02:03:54] INFO    airflow.models.dag : Sync 1 DAGs
[2026-05-01 02:03:54] INFO    airflow.models.dag : Setting next_dagrun for daily_student_pipeline to 2026-05-01 02:00:00+00:00, run_after=2026-05-02 02:00:00+00:00
[2026-05-01 02:04:27] INFO    airflow.models.dag : Sync 1 DAGs
[2026-05-01 02:04:27] INFO    airflow.models.dag : Setting next_dagrun for daily_student_pipeline to 2026-05-01 02:00:00+00:00, run_after=2026-05-02 02:00:00+00:00
[2026-05-01 02:04:59] INFO    airflow.models.dag : Sync 1 DAGs
[2026-05-01 02:04:59] INFO    airflow.models.dag : Setting next_dagrun for daily_student_pipeline to 2026-05-01 02:00:00+00:00, run_after=2026-05-02 02:00:00+00:00
[2026-05-01 02:05:32] INFO    airflow.models.dag : Sync 1 DAGs
[2026-05-01 02:05:32] INFO    airflow.models.dag : Setting next_dagrun for daily_student_pipeline to 2026-05-01 02:00:00+00:00, run_after=2026-05-02 02:00:00+00:00
[2026-05-01 02:06:04] INFO    airflow.models.dag : Sync 1 DAGs
[2026-05-01 02:06:04] INFO    airflow.models.dag : Setting next_dagrun for daily_student_pipeline to 2026-05-01 02:00:00+00:00, run_after=2026-05-02 02:00:00+00:00
[2026-05-01 02:06:37] INFO    airflow.models.dag : Sync 1 DAGs
[2026-05-01 02:06:37] INFO    airflow.models.dag : Setting next_dagrun for daily_student_pipeline to 2026-05-01 02:00:00+00:00, run_after=2026-05-02 02:00:00+00:00
[2026-05-01 02:07:09] INFO    airflow.models.dag : Sync 1 DAGs
[2026-05-01 02:07:09] INFO    airflow.models.dag : Setting next_dagrun for daily_student_pipeline to 2026-05-01 02:00:00+00:00, run_after=2026-05-02 02:00:00+00:00
[2026-05-01 02:07:42] INFO    airflow.models.dag : Sync 1 DAGs
[2026-05-01 02:07:42] INFO    airflow.models.dag : Setting next_dagrun for daily_student_pipeline to 2026-05-01 02:00:00+00:00, run_after=2026-05-02 02:00:00+00:00
[2026-05-01 02:08:14] INFO    airflow.models.dag : Sync 1 DAGs
[2026-05-01 02:08:14] INFO    airflow.models.dag : Setting next_dagrun for daily_student_pipeline to 2026-05-01 02:00:00+00:00, run_after=2026-05-02 02:00:00+00:00
[2026-05-01 02:08:47] INFO    airflow.models.dag : Sync 1 DAGs
[2026-05-01 02:08:47] INFO    airflow.models.dag : Setting next_dagrun for daily_student_pipeline to 2026-05-01 02:00:00+00:00, run_after=2026-05-02 02:00:00+00:00
[2026-05-01 02:09:19] INFO    airflow.models.dag : Sync 1 DAGs
[2026-05-01 02:09:19] INFO    airflow.models.dag : Setting next_dagrun for daily_student_pipeline to 2026-05-01 02:00:00+00:00, run_after=2026-05-02 02:00:00+00:00
[2026-05-01 02:09:51] INFO    airflow.models.dag : Sync 1 DAGs
[2026-05-01 02:09:52] INFO    airflow.models.dag : Setting next_dagrun for daily_student_pipeline to 2026-05-01 02:00:00+00:00, run_after=2026-05-02 02:00:00+00:00
[2026-05-01 02:10:23] INFO    airflow.models.dag : Sync 1 DAGs
[2026-05-01 02:10:23] INFO    airflow.models.dag : Setting next_dagrun for daily_student_pipeline to 2026-05-01 02:00:00+00:00, run_after=2026-05-02 02:00:00+00:00
[2026-05-01 02:10:56] INFO    airflow.models.dag : Sync 1 DAGs
[2026-05-01 02:10:56] INFO    airflow.models.dag : Setting next_dagrun for daily_student_pipeline to 2026-05-01 02:00:00+00:00, run_after=2026-05-02 02:00:00+00:00
[2026-05-01 02:11:28] INFO    airflow.models.dag : Sync 1 DAGs
[2026-05-01 02:11:28] INFO    airflow.models.dag : Setting next_dagrun for daily_student_pipeline to 2026-05-01 02:00:00+00:00, run_after=2026-05-02 02:00:00+00:00
[2026-05-01 02:12:01] INFO    airflow.models.dag : Sync 1 DAGs
[2026-05-01 02:12:01] INFO    airflow.models.dag : Setting next_dagrun for daily_student_pipeline to 2026-05-01 02:00:00+00:00, run_after=2026-05-02 02:00:00+00:00
[2026-05-01 02:12:33] INFO    airflow.models.dag : Sync 1 DAGs
[2026-05-01 02:12:33] INFO    airflow.models.dag : Setting next_dagrun for daily_student_pipeline to 2026-05-01 02:00:00+00:00, run_after=2026-05-02 02:00:00+00:00
[2026-05-01 02:13:06] INFO    airflow.models.dag : Sync 1 DAGs
[2026-05-01 02:13:06] INFO    airflow.models.dag : Setting next_dagrun for daily_student_pipeline to 2026-05-01 02:00:00+00:00, run_after=2026-05-02 02:00:00+00:00
[2026-05-01 02:13:38] INFO    airflow.models.dag : Sync 1 DAGs
[2026-05-01 02:13:39] INFO    airflow.models.dag : Setting next_dagrun for daily_student_pipeline to 2026-05-01 02:00:00+00:00, run_after=2026-05-02 02:00:00+00:00
[2026-05-01 02:14:10] INFO    airflow.models.dag : Sync 1 DAGs
[2026-05-01 02:14:10] INFO    airflow.models.dag : Setting next_dagrun for daily_student_pipeline to 2026-05-01 02:00:00+00:00, run_after=2026-05-02 02:00:00+00:00
[2026-05-01 02:14:43] INFO    airflow.models.dag : Sync 1 DAGs
[2026-05-01 02:14:43] INFO    airflow.models.dag : Setting next_dagrun for daily_student_pipeline to 2026-05-01 02:00:00+00:00, run_after=2026-05-02 02:00:00+00:00
[2026-05-01 02:15:15] INFO    airflow.models.dag : Sync 1 DAGs
[2026-05-01 02:15:15] INFO    airflow.models.dag : Setting next_dagrun for daily_student_pipeline to 2026-05-01 02:00:00+00:00, run_after=2026-05-02 02:00:00+00:00
[2026-05-01 02:15:17] INFO    airflow.cli.commands.task_command : Running <TaskInstance: daily_student_pipeline.init_run_id manual__2026-05-01T02:15:15.419040+00:00 [queued]> on host 485f600440bc
[2026-05-01 02:15:21] INFO    airflow.cli.commands.task_command : Running <TaskInstance: daily_student_pipeline.extract_group.extract_csv manual__2026-05-01T02:15:15.419040+00:00 [queued]> on host 485f600440bc
[2026-05-01 02:15:21] INFO    airflow.cli.commands.task_command : Running <TaskInstance: daily_student_pipeline.extract_group.extract_api manual__2026-05-01T02:15:15.419040+00:00 [queued]> on host 485f600440bc
[2026-05-01 02:15:21] INFO    airflow.cli.commands.task_command : Running <TaskInstance: daily_student_pipeline.extract_group.extract_postgres manual__2026-05-01T02:15:15.419040+00:00 [queued]> on host 485f600440bc
[2026-05-01 02:15:24] INFO    airflow.cli.commands.task_command : Running <TaskInstance: daily_student_pipeline.validate_data manual__2026-05-01T02:15:15.419040+00:00 [queued]> on host 485f600440bc
[2026-05-01 02:15:30] INFO    airflow.cli.commands.task_command : Running <TaskInstance: daily_student_pipeline.transform_data manual__2026-05-01T02:15:15.419040+00:00 [queued]> on host 485f600440bc
[2026-05-01 02:15:32] INFO    airflow.cli.commands.task_command : Running <TaskInstance: daily_student_pipeline.load_data manual__2026-05-01T02:15:15.419040+00:00 [queued]> on host 485f600440bc
[2026-05-01 02:15:40] INFO    airflow.cli.commands.task_command : Running <TaskInstance: daily_student_pipeline.alert_success manual__2026-05-01T02:15:15.419040+00:00 [queued]> on host 485f600440bc
[2026-05-01 02:15:47] INFO    airflow.models.dag : Sync 1 DAGs
[2026-05-01 02:15:47] INFO    airflow.models.dag : Setting next_dagrun for daily_student_pipeline to 2026-05-01 02:00:00+00:00, run_after=2026-05-02 02:00:00+00:00
[2026-05-01 02:16:19] INFO    airflow.models.dag : Sync 1 DAGs
[2026-05-01 02:16:19] INFO    airflow.models.dag : Setting next_dagrun for daily_student_pipeline to 2026-05-01 02:00:00+00:00, run_after=2026-05-02 02:00:00+00:00
[2026-05-01 02:16:53] INFO    airflow.models.dag : Sync 1 DAGs
[2026-05-01 02:16:53] INFO    airflow.models.dag : Setting next_dagrun for daily_student_pipeline to 2026-05-01 02:00:00+00:00, run_after=2026-05-02 02:00:00+00:00
[2026-05-01 02:17:24] INFO    airflow.models.dag : Sync 1 DAGs
[2026-05-01 02:17:24] INFO    airflow.models.dag : Setting next_dagrun for daily_student_pipeline to 2026-05-01 02:00:00+00:00, run_after=2026-05-02 02:00:00+00:00
[2026-05-01 02:17:57] INFO    airflow.models.dag : Sync 1 DAGs
[2026-05-01 02:17:57] INFO    airflow.models.dag : Setting next_dagrun for daily_student_pipeline to 2026-05-01 02:00:00+00:00, run_after=2026-05-02 02:00:00+00:00
