[2026-04-03 06:30:50] INFO    etl.extract : ==BẮT ĐẦU FULL EXTRACT==
[2026-04-03 06:30:50] INFO    etl.extract : ======================================================================
[2026-04-03 06:30:50] INFO    etl.extract : ════════════════════════════════════════════════════════════
[2026-04-03 06:30:50] INFO    etl.extract : NGUỒN 1 — PostgreSQL (Phòng Đào tạo) | Full Extract
[2026-04-03 06:30:50] INFO    etl.extract : ════════════════════════════════════════════════════════════
[2026-04-03 06:30:51] INFO    etl.extract :   PostgreSQL | khoa                      →      4 records
[2026-04-03 06:30:51] INFO    etl.extract :   PostgreSQL | nganh                     →      3 records
[2026-04-03 06:30:51] INFO    etl.extract :   PostgreSQL | giang_vien                →     45 records
[2026-04-03 06:30:51] INFO    etl.extract :   PostgreSQL | lop_hanh_chinh            →     48 records
[2026-04-03 06:30:51] INFO    etl.extract :   PostgreSQL | sinh_vien                 →  1,695 records
[2026-04-03 06:30:51] INFO    etl.extract :   PostgreSQL | hoc_phan                  →    121 records
[2026-04-03 06:30:51] INFO    etl.extract :   PostgreSQL | hoc_ky_nam_hoc            →      9 records
[2026-04-03 06:30:51] INFO    etl.extract :   PostgreSQL | dang_ky_hoc_phan          → 54,529 records
[2026-04-03 06:30:52] INFO    etl.extract :   PostgreSQL | diem_hoc_phan             → 54,529 records
[2026-04-03 06:30:52] INFO    etl.extract :   PostgreSQL | tong_hop_ket_qua          →  1,695 records
[2026-04-03 06:30:52] INFO    etl.extract :   PostgreSQL | TỔNG: 112,678 records từ 10 bảng
[2026-04-03 06:30:52] INFO    etl.extract : ════════════════════════════════════════════════════════════
[2026-04-03 06:30:52] INFO    etl.extract : NGUỒN 2 — CSV (Phòng CTSV) | Extract
[2026-04-03 06:30:52] INFO    etl.extract : ════════════════════════════════════════════════════════════
[2026-04-03 06:30:52] INFO    etl.extract :   CSV | Tìm thấy 9 file(s)
[2026-04-03 06:30:52] INFO    etl.extract :   CSV | ctsv_HK1_2021_22.csv                →    780 records
[2026-04-03 06:30:52] INFO    etl.extract :   CSV | ctsv_HK1_2022_23.csv                →  1,580 records
[2026-04-03 06:30:52] INFO    etl.extract :   CSV | ctsv_HK1_2023_24.csv                →  2,395 records
[2026-04-03 06:30:52] INFO    etl.extract :   CSV | ctsv_HK1_2024_25.csv                →  3,202 records
[2026-04-03 06:30:52] INFO    etl.extract :   CSV | ctsv_HK1_2025_26.csv                →  2,428 records
[2026-04-03 06:30:53] INFO    etl.extract :   CSV | ctsv_HK2_2021_22.csv                →    780 records
[2026-04-03 06:30:53] INFO    etl.extract :   CSV | ctsv_HK2_2022_23.csv                →  1,559 records
[2026-04-03 06:30:53] INFO    etl.extract :   CSV | ctsv_HK2_2023_24.csv                →  2,381 records
[2026-04-03 06:30:53] INFO    etl.extract :   CSV | ctsv_HK2_2024_25.csv                →  2,835 records
[2026-04-03 06:30:53] INFO    etl.extract :   CSV | Loại bỏ 8950 bản ghi trùng
[2026-04-03 06:30:53] INFO    etl.extract :   CSV | TỔNG: 8,990 records từ 9 file(s)
[2026-04-03 06:30:53] INFO    etl.extract :   API | (JSON) taichinh_HK1_2021_22.json →    390 records
[2026-04-03 06:30:53] INFO    etl.extract :   API | (JSON) taichinh_HK1_2022_23.json →    787 records
[2026-04-03 06:30:53] INFO    etl.extract :   API | (JSON) taichinh_HK1_2023_24.json →  1,192 records
[2026-04-03 06:30:53] INFO    etl.extract :   API | (JSON) taichinh_HK1_2024_25.json →  1,592 records
[2026-04-03 06:30:53] INFO    etl.extract :   API | (JSON) taichinh_HK1_2025_26.json →  1,206 records
[2026-04-03 06:30:53] INFO    etl.extract :   API | (JSON) taichinh_HK2_2021_22.json →    390 records
[2026-04-03 06:30:53] INFO    etl.extract :   API | (JSON) taichinh_HK2_2022_23.json →    778 records
[2026-04-03 06:30:53] INFO    etl.extract :   API | (JSON) taichinh_HK2_2023_24.json →  1,186 records
[2026-04-03 06:30:53] INFO    etl.extract :   API | (JSON) taichinh_HK2_2024_25.json →  1,469 records
[2026-04-03 06:30:53] INFO    etl.extract :   API | TỔNG: 8,990 records từ 9 HK
[2026-04-03 06:30:54] INFO    utils.minio :   MinIO ↑ [raw-data] 2026-04-03_06-30/nguon1_sinh_vien.parquet (47.4 KB | 1,695 rows)
[2026-04-03 06:30:54] INFO    utils.minio :   MinIO ↑ [raw-data] 2026-04-03_06-30/nguon1_dang_ky.parquet (459.3 KB | 54,529 rows)
[2026-04-03 06:30:54] INFO    utils.minio :   MinIO ↑ [raw-data] 2026-04-03_06-30/nguon1_diem.parquet (1108.6 KB | 54,529 rows)
[2026-04-03 06:30:54] INFO    utils.minio :   MinIO ↑ [raw-data] 2026-04-03_06-30/nguon1_hoc_phan.parquet (10.3 KB | 121 rows)
[2026-04-03 06:30:54] INFO    utils.minio :   MinIO ↑ [raw-data] 2026-04-03_06-30/nguon1_hoc_ky.parquet (4.1 KB | 9 rows)
[2026-04-03 06:30:54] INFO    utils.minio :   MinIO ↑ [raw-data] 2026-04-03_06-30/nguon1_giang_vien.parquet (8.3 KB | 45 rows)
[2026-04-03 06:30:55] INFO    utils.minio :   MinIO ↑ [raw-data] 2026-04-03_06-30/nguon1_khoa.parquet (2.6 KB | 4 rows)
[2026-04-03 06:30:55] INFO    utils.minio :   MinIO ↑ [raw-data] 2026-04-03_06-30/nguon1_nganh.parquet (3.2 KB | 3 rows)
[2026-04-03 06:30:55] INFO    utils.minio :   MinIO ↑ [raw-data] 2026-04-03_06-30/nguon1_lop_hanh_chinh.parquet (4.8 KB | 48 rows)
[2026-04-03 06:30:55] INFO    utils.minio :   MinIO ↑ [raw-data] 2026-04-03_06-30/nguon1_tong_hop_ket_qua.parquet (22.0 KB | 1,695 rows)
[2026-04-03 06:30:55] INFO    utils.minio :   MinIO ↑ [raw-data] 2026-04-03_06-30/nguon2_ctsv.parquet (37.4 KB | 8,990 rows)
[2026-04-03 06:30:55] INFO    utils.minio :   MinIO ↑ [raw-data] 2026-04-03_06-30/nguon3_tai_chinh.parquet (65.0 KB | 8,990 rows)
[2026-04-03 06:30:55] INFO    utils.minio :   MinIO upload xong: 12/12 files | run_id=2026-04-03_06-30
[2026-04-03 06:30:55] INFO    etl.extract :   MinIO staging: 12/12 files OK → run_id=2026-04-03_06-30
[2026-04-03 06:30:55] INFO    etl.extract : ======================================================================
[2026-04-03 06:30:55] INFO    etl.extract :  FULL EXTRACT HOÀN TẤT
[2026-04-03 06:30:55] INFO    etl.extract :    khoa                     :        4
[2026-04-03 06:30:55] INFO    etl.extract :    nganh                    :        3
[2026-04-03 06:30:55] INFO    etl.extract :    giang_vien               :       45
[2026-04-03 06:30:55] INFO    etl.extract :    lop_hanh_chinh           :       48
[2026-04-03 06:30:55] INFO    etl.extract :    sinh_vien                :    1,695
[2026-04-03 06:30:55] INFO    etl.extract :    hoc_phan                 :      121
[2026-04-03 06:30:55] INFO    etl.extract :    hoc_ky_nam_hoc           :        9
[2026-04-03 06:30:55] INFO    etl.extract :    dang_ky_hoc_phan         :   54,529
[2026-04-03 06:30:55] INFO    etl.extract :    diem_hoc_phan            :   54,529
[2026-04-03 06:30:55] INFO    etl.extract :    tong_hop_ket_qua         :    1,695
[2026-04-03 06:30:55] INFO    etl.extract :    ctsv_data                :    8,990
[2026-04-03 06:30:55] INFO    etl.extract :    tai_chinh_data           :    8,990
[2026-04-03 06:30:55] INFO    etl.extract : ======================================================================
[2026-04-03 06:30:57] INFO    validation.ge :   Validating staging: run_id=2026-04-03_06-30
[2026-04-03 06:30:57] INFO    utils.minio :   MinIO ↓ [raw-data] 2026-04-03_06-30/nguon1_sinh_vien.parquet (1,695 rows)
[2026-04-03 06:30:57] INFO    utils.minio :   MinIO ↓ [raw-data] 2026-04-03_06-30/nguon1_diem.parquet (54,529 rows)
[2026-04-03 06:30:57] INFO    utils.minio :   MinIO ↓ [raw-data] 2026-04-03_06-30/nguon2_ctsv.parquet (8,990 rows)
[2026-04-03 06:30:57] INFO    utils.minio :   MinIO ↓ [raw-data] 2026-04-03_06-30/nguon3_tai_chinh.parquet (8,990 rows)
[2026-04-03 06:30:57] INFO    validation.ge :   Validation OK: 23/23 passed
[2026-04-03 06:31:00] INFO    etl.extract :   Load from MinIO staging: run_id=2026-04-03_06-30
[2026-04-03 06:31:00] INFO    utils.minio :   MinIO ↓ [raw-data] 2026-04-03_06-30/nguon1_khoa.parquet (4 rows)
[2026-04-03 06:31:00] INFO    utils.minio :   MinIO ↓ [raw-data] 2026-04-03_06-30/nguon1_nganh.parquet (3 rows)
[2026-04-03 06:31:00] INFO    utils.minio :   MinIO ↓ [raw-data] 2026-04-03_06-30/nguon1_giang_vien.parquet (45 rows)
[2026-04-03 06:31:00] INFO    utils.minio :   MinIO ↓ [raw-data] 2026-04-03_06-30/nguon1_lop_hanh_chinh.parquet (48 rows)
[2026-04-03 06:31:00] INFO    utils.minio :   MinIO ↓ [raw-data] 2026-04-03_06-30/nguon1_sinh_vien.parquet (1,695 rows)
[2026-04-03 06:31:00] INFO    utils.minio :   MinIO ↓ [raw-data] 2026-04-03_06-30/nguon1_hoc_phan.parquet (121 rows)
[2026-04-03 06:31:00] INFO    utils.minio :   MinIO ↓ [raw-data] 2026-04-03_06-30/nguon1_hoc_ky.parquet (9 rows)
[2026-04-03 06:31:00] INFO    utils.minio :   MinIO ↓ [raw-data] 2026-04-03_06-30/nguon1_dang_ky.parquet (54,529 rows)
[2026-04-03 06:31:00] INFO    utils.minio :   MinIO ↓ [raw-data] 2026-04-03_06-30/nguon1_diem.parquet (54,529 rows)
[2026-04-03 06:31:00] INFO    utils.minio :   MinIO ↓ [raw-data] 2026-04-03_06-30/nguon1_tong_hop_ket_qua.parquet (1,695 rows)
[2026-04-03 06:31:00] INFO    utils.minio :   MinIO ↓ [raw-data] 2026-04-03_06-30/nguon2_ctsv.parquet (8,990 rows)
[2026-04-03 06:31:00] INFO    utils.minio :   MinIO ↓ [raw-data] 2026-04-03_06-30/nguon3_tai_chinh.parquet (8,990 rows)
[2026-04-03 06:31:00] INFO    etl.extract :  Load from staging OK — run_id=2026-04-03_06-30
[2026-04-03 06:31:00] INFO    etl.transform : ==BẮT ĐẦU TRANSFORM==
[2026-04-03 06:31:00] INFO    etl.transform : ======================================================================
[2026-04-03 06:31:00] INFO    etl.transform : ── Bước 1: Transform Dimension Tables ──
[2026-04-03 06:31:00] INFO    etl.transform :   dim_thoi_gian (→dim_hoc_ky)  →      9 records
[2026-04-03 06:31:00] INFO    etl.transform :   dim_giang_vien              →     45 records
[2026-04-03 06:31:00] INFO    etl.transform :   dim_hoc_phan                →    121 records
[2026-04-03 06:31:00] INFO    etl.transform :   dim_sinh_vien               →  1,695 records
[2026-04-03 06:31:00] INFO    etl.transform : ── Bước 2: Transform Fact Tables ──
[2026-04-03 06:31:00] INFO    etl.transform :   fact_diem (→fact_hoc_tap)    → 54,529 records
[2026-04-03 06:31:00] INFO    etl.transform :   fact_ren_luyen (→fact_ctsv)  →  8,990 records
[2026-04-03 06:31:00] INFO    etl.transform :   fact_tai_chinh               →  8,990 records
[2026-04-03 06:31:00] INFO    etl.transform : ── Bước 3: Tổng hợp đa nguồn ──
[2026-04-03 06:31:00] INFO    etl.transform : ======================================================================
[2026-04-03 06:31:00] INFO    etl.transform : TRANSFORM HOÀN TẤT
[2026-04-03 06:31:00] INFO    etl.transform :    dim_giang_vien           :       45 records
[2026-04-03 06:31:00] INFO    etl.transform :    dim_sinh_vien            :    1,695 records
[2026-04-03 06:31:00] INFO    etl.transform :    dim_hoc_phan             :      121 records
[2026-04-03 06:31:00] INFO    etl.transform :    dim_thoi_gian            :        9 records
[2026-04-03 06:31:00] INFO    etl.transform :    fact_diem                :   54,529 records
[2026-04-03 06:31:00] INFO    etl.transform :    fact_ren_luyen           :    8,990 records
[2026-04-03 06:31:00] INFO    etl.transform :    fact_tai_chinh           :    8,990 records
[2026-04-03 06:31:00] INFO    etl.transform :    fact_tong_hop_sv         :        0 records
[2026-04-03 06:31:00] INFO    etl.transform : ======================================================================
[2026-04-03 06:31:00] INFO    utils.minio :   MinIO ↑ [staging-data] 2026-04-03_06-31/dim_hoc_ky.parquet (5.3 KB | 9 rows)
[2026-04-03 06:31:00] INFO    utils.minio :   MinIO ↑ [staging-data] 2026-04-03_06-31/dim_giang_vien.parquet (8.9 KB | 45 rows)
[2026-04-03 06:31:00] INFO    utils.minio :   MinIO ↑ [staging-data] 2026-04-03_06-31/dim_hoc_phan.parquet (11.0 KB | 121 rows)
[2026-04-03 06:31:00] INFO    utils.minio :   MinIO ↑ [staging-data] 2026-04-03_06-31/dim_sinh_vien.parquet (71.7 KB | 1,695 rows)
[2026-04-03 06:31:00] INFO    utils.minio :   MinIO ↑ [staging-data] 2026-04-03_06-31/fact_diem.parquet (821.9 KB | 54,529 rows)
[2026-04-03 06:31:00] INFO    utils.minio :   MinIO ↑ [staging-data] 2026-04-03_06-31/fact_ren_luyen.parquet (38.8 KB | 8,990 rows)
[2026-04-03 06:31:00] INFO    utils.minio :   MinIO ↑ [staging-data] 2026-04-03_06-31/fact_tai_chinh.parquet (65.1 KB | 8,990 rows)
[2026-04-03 06:31:00] WARNING utils.minio :   MinIO skip (empty): fact_tong_hop_sv.parquet
[2026-04-03 06:31:00] INFO    etl.transform :   MinIO staging-data: 8/8 files OK → run_id=2026-04-03_06-31
[2026-04-03 06:31:02] INFO    etl.transform :   Load TransformedData từ MinIO staging: run_id=2026-04-03_06-31
[2026-04-03 06:31:02] INFO    utils.minio :   MinIO ↓ [staging-data] 2026-04-03_06-31/dim_hoc_ky.parquet (9 rows)
[2026-04-03 06:31:02] INFO    utils.minio :   MinIO ↓ [staging-data] 2026-04-03_06-31/dim_giang_vien.parquet (45 rows)
[2026-04-03 06:31:02] INFO    utils.minio :   MinIO ↓ [staging-data] 2026-04-03_06-31/dim_hoc_phan.parquet (121 rows)
[2026-04-03 06:31:02] INFO    utils.minio :   MinIO ↓ [staging-data] 2026-04-03_06-31/dim_sinh_vien.parquet (1,695 rows)
[2026-04-03 06:31:02] INFO    utils.minio :   MinIO ↓ [staging-data] 2026-04-03_06-31/fact_diem.parquet (54,529 rows)
[2026-04-03 06:31:02] INFO    utils.minio :   MinIO ↓ [staging-data] 2026-04-03_06-31/fact_ren_luyen.parquet (8,990 rows)
[2026-04-03 06:31:02] INFO    utils.minio :   MinIO ↓ [staging-data] 2026-04-03_06-31/fact_tai_chinh.parquet (8,990 rows)
[2026-04-03 06:31:02] WARNING utils.minio :   MinIO không tìm thấy: 2026-04-03_06-31/fact_tong_hop_sv.parquet
[2026-04-03 06:31:02] INFO    etl.transform : Load from staging-data OK — run_id=2026-04-03_06-31
[2026-04-03 06:31:02] INFO    etl.load : ==BẮT ĐẦU LOAD VÀO DATA WAREHOUSE==
[2026-04-03 06:31:02] INFO    etl.load : ======================================================================
[2026-04-03 06:31:02] INFO    etl.load : 🔧 Tạo schema warehouse từ warehouse_models.py...
[2026-04-03 06:31:02] INFO    etl.load :   Schema warehouse OK ✓
[2026-04-03 06:31:02] INFO    etl.load : ── Bước 1: Load Dimension Tables ──
[2026-04-03 06:31:02] INFO    etl.load :   dim_hoc_ky     →      9 records (new: 0)
[2026-04-03 06:31:02] INFO    etl.load :   dim_giang_vien →     45 records (new: 0)
[2026-04-03 06:31:02] INFO    etl.load :   dim_hoc_phan   →    121 records (new: 0)
[2026-04-03 06:31:04] INFO    etl.load :   dim_sinh_vien →  1,695 records (new: 0, SCD2: 0, fact cascade: 0)
[2026-04-03 06:31:04] INFO    etl.load : ── Bước 2: Build Surrogate Key Cache ──
[2026-04-03 06:31:04] INFO    etl.load :  Building surrogate key caches...
[2026-04-03 06:31:04] INFO    etl.load :   SV=1695, HP=121, GV=45, HK=9
[2026-04-03 06:31:04] INFO    etl.load : ── Bước 3: Load Fact Tables ──
[2026-04-03 06:32:22] INFO    etl.load :   fact_hoc_tap   →      0 records
[2026-04-03 06:32:29] INFO    etl.load :   fact_ctsv      →      0 records
[2026-04-03 06:32:37] INFO    etl.load :   fact_tai_chinh →      0 records
[2026-04-03 06:32:37] INFO    etl.load : ── Bước 4: Build Aggregation ──
[2026-04-03 06:32:37] INFO    etl.aggregation : == BẮT ĐẦU AGGREGATION ==
[2026-04-03 06:32:38] INFO    etl.aggregation :  agg_student_summary → 1,695 records
[2026-04-03 06:32:38] INFO    etl.aggregation :  agg_student_summary rebuilt : 1,695
[2026-04-03 06:32:38] INFO    etl.aggregation : == AGGREGATION HOÀN TẤT ==
[2026-04-03 06:32:38] INFO    etl.load : ======================================================================
[2026-04-03 06:32:38] INFO    etl.load : LOAD HOÀN TẤT
[2026-04-03 06:32:38] INFO    etl.load :   dim_hoc_ky               :        9 records
[2026-04-03 06:32:38] INFO    etl.load :   dim_giang_vien           :       45 records
[2026-04-03 06:32:38] INFO    etl.load :   dim_hoc_phan             :      121 records
[2026-04-03 06:32:38] INFO    etl.load :   dim_sinh_vien            :        0 records
[2026-04-03 06:32:38] INFO    etl.load :   fact_hoc_tap             :        0 records
[2026-04-03 06:32:38] INFO    etl.load :   fact_ctsv                :        0 records
[2026-04-03 06:32:38] INFO    etl.load :   fact_tai_chinh           :        0 records
[2026-04-03 06:32:38] INFO    etl.load :   agg_student_summary      :    1,695 records
[2026-04-03 06:32:38] INFO    etl.load :   TỔNG                     :    1,870 records
[2026-04-03 06:32:38] INFO    etl.load : ======================================================================
[2026-04-03 13:43:57] INFO    scripts.run_etl :  Bắt đầu lúc: 2026-04-03 13:43:57
[2026-04-03 13:43:57] INFO    scripts.run_etl : ======================================================================
[2026-04-03 13:43:57] INFO    scripts.run_etl : MODE: FULL — Extract + Transform + Load
[2026-04-03 13:43:57] INFO    scripts.run_etl : ======================================================================
[2026-04-03 13:43:57] INFO    scripts.run_etl : 
[BƯỚC 1/3] EXTRACT
[2026-04-03 13:43:57] INFO    etl.extract : ==BẮT ĐẦU FULL EXTRACT==
[2026-04-03 13:43:57] INFO    etl.extract : ======================================================================
[2026-04-03 13:43:57] INFO    etl.extract : ════════════════════════════════════════════════════════════
[2026-04-03 13:43:57] INFO    etl.extract : NGUỒN 1 — PostgreSQL (Phòng Đào tạo) | Full Extract
[2026-04-03 13:43:57] INFO    etl.extract : ════════════════════════════════════════════════════════════
[2026-04-03 13:43:57] INFO    etl.extract :   PostgreSQL | khoa                      →      4 records
[2026-04-03 13:43:57] INFO    etl.extract :   PostgreSQL | nganh                     →      3 records
[2026-04-03 13:43:57] INFO    etl.extract :   PostgreSQL | giang_vien                →     45 records
[2026-04-03 13:43:57] INFO    etl.extract :   PostgreSQL | lop_hanh_chinh            →     48 records
[2026-04-03 13:43:57] INFO    etl.extract :   PostgreSQL | sinh_vien                 →  1,695 records
[2026-04-03 13:43:57] INFO    etl.extract :   PostgreSQL | hoc_phan                  →    121 records
[2026-04-03 13:43:57] INFO    etl.extract :   PostgreSQL | hoc_ky_nam_hoc            →      9 records
[2026-04-03 13:43:58] INFO    etl.extract :   PostgreSQL | dang_ky_hoc_phan          → 54,529 records
[2026-04-03 13:43:58] INFO    etl.extract :   PostgreSQL | diem_hoc_phan             → 54,529 records
[2026-04-03 13:43:58] INFO    etl.extract :   PostgreSQL | tong_hop_ket_qua          →  1,695 records
[2026-04-03 13:43:58] INFO    etl.extract :   PostgreSQL | TỔNG: 112,678 records từ 10 bảng
[2026-04-03 13:43:58] INFO    etl.extract : ════════════════════════════════════════════════════════════
[2026-04-03 13:43:58] INFO    etl.extract : NGUỒN 2 — CSV (Phòng CTSV) | Extract
[2026-04-03 13:43:58] INFO    etl.extract : ════════════════════════════════════════════════════════════
[2026-04-03 13:43:58] INFO    etl.extract :   CSV | Tìm thấy 9 file(s)
[2026-04-03 13:43:58] INFO    etl.extract :   CSV | ctsv_HK1_2021_22.csv                →    780 records
[2026-04-03 13:43:58] INFO    etl.extract :   CSV | ctsv_HK1_2022_23.csv                →  1,580 records
[2026-04-03 13:43:58] INFO    etl.extract :   CSV | ctsv_HK1_2023_24.csv                →  2,395 records
[2026-04-03 13:43:59] INFO    etl.extract :   CSV | ctsv_HK1_2024_25.csv                →  3,202 records
[2026-04-03 13:43:59] INFO    etl.extract :   CSV | ctsv_HK1_2025_26.csv                →  2,428 records
[2026-04-03 13:43:59] INFO    etl.extract :   CSV | ctsv_HK2_2021_22.csv                →    780 records
[2026-04-03 13:43:59] INFO    etl.extract :   CSV | ctsv_HK2_2022_23.csv                →  1,559 records
[2026-04-03 13:43:59] INFO    etl.extract :   CSV | ctsv_HK2_2023_24.csv                →  2,381 records
[2026-04-03 13:43:59] INFO    etl.extract :   CSV | ctsv_HK2_2024_25.csv                →  2,835 records
[2026-04-03 13:43:59] INFO    etl.extract :   CSV | Loại bỏ 8950 bản ghi trùng
[2026-04-03 13:43:59] INFO    etl.extract :   CSV | TỔNG: 8,990 records từ 9 file(s)
[2026-04-03 13:44:03] WARNING scripts.run_etl : Pipeline bị dừng thủ công (Ctrl+C)
[2026-04-03 06:45:52] INFO    etl.aggregation : == WeeklyAggregator: BẮT ĐẦU ==
[2026-04-03 06:45:52] INFO    etl.aggregation :  agg_student_summary → 1,695 records
[2026-04-03 06:45:52] INFO    etl.aggregation :  dim_sinh_vien synced → 'Thôi học' hiện tại = 138
[2026-04-03 06:45:52] INFO    etl.aggregation :   agg_student_summary : 1,695 records
[2026-04-03 06:45:52] INFO    etl.aggregation :   sv_status_synced    : 138 SV cập nhật Thôi học
[2026-04-03 06:45:52] INFO    etl.aggregation : == WeeklyAggregator: HOÀN TẤT ==
[2026-04-03 06:45:53] INFO    etl.aggregation : == WeeklyReporter: Đang tạo báo cáo tuần ==
[2026-04-03 06:45:53] INFO    etl.aggregation :   sv_canh_bao   : 376
[2026-04-03 06:45:53] INFO    etl.aggregation :   sv_hoc_bong   : 93
[2026-04-03 06:45:53] INFO    etl.aggregation :   ty_le_dat     : 95.6%
[2026-04-03 06:45:53] INFO    etl.aggregation :   sv_rui_ro_cao : 46
[2026-04-03 06:45:53] INFO    etl.aggregation : == WeeklyReporter: HOÀN TẤT ==
[2026-04-03 07:26:28] INFO    etl.extract : ==BẮT ĐẦU FULL EXTRACT==
[2026-04-03 07:26:28] INFO    etl.extract : ======================================================================
[2026-04-03 07:26:28] INFO    etl.extract : ════════════════════════════════════════════════════════════
[2026-04-03 07:26:28] INFO    etl.extract : NGUỒN 1 — PostgreSQL (Phòng Đào tạo) | Full Extract
[2026-04-03 07:26:28] INFO    etl.extract : ════════════════════════════════════════════════════════════
[2026-04-03 07:26:28] INFO    etl.extract :   PostgreSQL | khoa                      →      4 records
[2026-04-03 07:26:28] INFO    etl.extract :   PostgreSQL | nganh                     →      3 records
[2026-04-03 07:26:28] INFO    etl.extract :   PostgreSQL | giang_vien                →     45 records
[2026-04-03 07:26:28] INFO    etl.extract :   PostgreSQL | lop_hanh_chinh            →     48 records
[2026-04-03 07:26:28] INFO    etl.extract :   PostgreSQL | sinh_vien                 →  1,695 records
[2026-04-03 07:26:28] INFO    etl.extract :   PostgreSQL | hoc_phan                  →    121 records
[2026-04-03 07:26:28] INFO    etl.extract :   PostgreSQL | hoc_ky_nam_hoc            →      9 records
[2026-04-03 07:26:29] INFO    etl.extract :   PostgreSQL | dang_ky_hoc_phan          → 54,529 records
[2026-04-03 07:26:31] INFO    etl.extract :   PostgreSQL | diem_hoc_phan             → 54,529 records
[2026-04-03 07:26:31] INFO    etl.extract :   PostgreSQL | tong_hop_ket_qua          →  1,695 records
[2026-04-03 07:26:31] INFO    etl.extract :   PostgreSQL | TỔNG: 112,678 records từ 10 bảng
[2026-04-03 07:26:31] INFO    etl.extract : ════════════════════════════════════════════════════════════
[2026-04-03 07:26:31] INFO    etl.extract : NGUỒN 2 — CSV (Phòng CTSV) | Extract
[2026-04-03 07:26:31] INFO    etl.extract : ════════════════════════════════════════════════════════════
[2026-04-03 07:26:31] INFO    etl.extract :   CSV | Tìm thấy 9 file(s)
[2026-04-03 07:26:31] INFO    etl.extract :   CSV | ctsv_HK1_2021_22.csv                →    780 records
[2026-04-03 07:26:32] INFO    etl.extract :   CSV | ctsv_HK1_2022_23.csv                →  1,580 records
[2026-04-03 07:26:32] INFO    etl.extract :   CSV | ctsv_HK1_2023_24.csv                →  2,395 records
[2026-04-03 07:26:32] INFO    etl.extract :   CSV | ctsv_HK1_2024_25.csv                →  3,202 records
[2026-04-03 07:26:32] INFO    etl.extract :   CSV | ctsv_HK1_2025_26.csv                →  2,428 records
[2026-04-03 07:26:32] INFO    etl.extract :   CSV | ctsv_HK2_2021_22.csv                →    780 records
[2026-04-03 07:26:32] INFO    etl.extract :   CSV | ctsv_HK2_2022_23.csv                →  1,559 records
[2026-04-03 07:26:32] INFO    etl.extract :   CSV | ctsv_HK2_2023_24.csv                →  2,381 records
[2026-04-03 07:26:32] INFO    etl.extract :   CSV | ctsv_HK2_2024_25.csv                →  2,835 records
[2026-04-03 07:26:32] INFO    etl.extract :   CSV | Loại bỏ 8950 bản ghi trùng
[2026-04-03 07:26:32] INFO    etl.extract :   CSV | TỔNG: 8,990 records từ 9 file(s)
[2026-04-03 07:26:32] INFO    etl.extract :   API | (JSON) taichinh_HK1_2021_22.json →    390 records
[2026-04-03 07:26:32] INFO    etl.extract :   API | (JSON) taichinh_HK1_2022_23.json →    787 records
[2026-04-03 07:26:32] INFO    etl.extract :   API | (JSON) taichinh_HK1_2023_24.json →  1,192 records
[2026-04-03 07:26:32] INFO    etl.extract :   API | (JSON) taichinh_HK1_2024_25.json →  1,592 records
[2026-04-03 07:26:32] INFO    etl.extract :   API | (JSON) taichinh_HK1_2025_26.json →  1,206 records
[2026-04-03 07:26:32] INFO    etl.extract :   API | (JSON) taichinh_HK2_2021_22.json →    390 records
[2026-04-03 07:26:32] INFO    etl.extract :   API | (JSON) taichinh_HK2_2022_23.json →    778 records
[2026-04-03 07:26:32] INFO    etl.extract :   API | (JSON) taichinh_HK2_2023_24.json →  1,186 records
[2026-04-03 07:26:32] INFO    etl.extract :   API | (JSON) taichinh_HK2_2024_25.json →  1,469 records
[2026-04-03 07:26:32] INFO    etl.extract :   API | TỔNG: 8,990 records từ 9 HK
[2026-04-03 07:26:33] INFO    utils.minio :   MinIO ↑ [raw-data] 2026-04-03_07-26/nguon1_sinh_vien.parquet (47.4 KB | 1,695 rows)
[2026-04-03 07:26:32] INFO    utils.minio :   MinIO ↑ [raw-data] 2026-04-03_07-26/nguon1_dang_ky.parquet (459.3 KB | 54,529 rows)
[2026-04-03 07:26:32] INFO    utils.minio :   MinIO ↑ [raw-data] 2026-04-03_07-26/nguon1_diem.parquet (1108.6 KB | 54,529 rows)
[2026-04-03 07:26:32] INFO    utils.minio :   MinIO ↑ [raw-data] 2026-04-03_07-26/nguon1_hoc_phan.parquet (10.3 KB | 121 rows)
[2026-04-03 07:26:32] INFO    utils.minio :   MinIO ↑ [raw-data] 2026-04-03_07-26/nguon1_hoc_ky.parquet (4.1 KB | 9 rows)
[2026-04-03 07:26:32] INFO    utils.minio :   MinIO ↑ [raw-data] 2026-04-03_07-26/nguon1_giang_vien.parquet (8.3 KB | 45 rows)
[2026-04-03 07:26:32] INFO    utils.minio :   MinIO ↑ [raw-data] 2026-04-03_07-26/nguon1_khoa.parquet (2.6 KB | 4 rows)
[2026-04-03 07:26:32] INFO    utils.minio :   MinIO ↑ [raw-data] 2026-04-03_07-26/nguon1_nganh.parquet (3.2 KB | 3 rows)
[2026-04-03 07:26:32] INFO    utils.minio :   MinIO ↑ [raw-data] 2026-04-03_07-26/nguon1_lop_hanh_chinh.parquet (4.8 KB | 48 rows)
[2026-04-03 07:26:32] INFO    utils.minio :   MinIO ↑ [raw-data] 2026-04-03_07-26/nguon1_tong_hop_ket_qua.parquet (22.0 KB | 1,695 rows)
[2026-04-03 07:26:32] INFO    utils.minio :   MinIO ↑ [raw-data] 2026-04-03_07-26/nguon2_ctsv.parquet (37.4 KB | 8,990 rows)
[2026-04-03 07:26:32] INFO    utils.minio :   MinIO ↑ [raw-data] 2026-04-03_07-26/nguon3_tai_chinh.parquet (65.0 KB | 8,990 rows)
[2026-04-03 07:26:32] INFO    utils.minio :   MinIO upload xong: 12/12 files | run_id=2026-04-03_07-26
[2026-04-03 07:26:32] INFO    etl.extract :   MinIO staging: 12/12 files OK → run_id=2026-04-03_07-26
[2026-04-03 07:26:32] INFO    etl.extract : ======================================================================
[2026-04-03 07:26:32] INFO    etl.extract :  FULL EXTRACT HOÀN TẤT
[2026-04-03 07:26:32] INFO    etl.extract :    khoa                     :        4
[2026-04-03 07:26:32] INFO    etl.extract :    nganh                    :        3
[2026-04-03 07:26:32] INFO    etl.extract :    giang_vien               :       45
[2026-04-03 07:26:32] INFO    etl.extract :    lop_hanh_chinh           :       48
[2026-04-03 07:26:32] INFO    etl.extract :    sinh_vien                :    1,695
[2026-04-03 07:26:32] INFO    etl.extract :    hoc_phan                 :      121
[2026-04-03 07:26:32] INFO    etl.extract :    hoc_ky_nam_hoc           :        9
[2026-04-03 07:26:32] INFO    etl.extract :    dang_ky_hoc_phan         :   54,529
[2026-04-03 07:26:32] INFO    etl.extract :    diem_hoc_phan            :   54,529
[2026-04-03 07:26:32] INFO    etl.extract :    tong_hop_ket_qua         :    1,695
[2026-04-03 07:26:32] INFO    etl.extract :    ctsv_data                :    8,990
[2026-04-03 07:26:32] INFO    etl.extract :    tai_chinh_data           :    8,990
[2026-04-03 07:26:32] INFO    etl.extract : ======================================================================
[2026-04-03 07:26:35] INFO    validation.ge :   Validating staging: run_id=2026-04-03_07-26
[2026-04-03 07:26:35] INFO    utils.minio :   MinIO ↓ [raw-data] 2026-04-03_07-26/nguon1_sinh_vien.parquet (1,695 rows)
[2026-04-03 07:26:35] INFO    utils.minio :   MinIO ↓ [raw-data] 2026-04-03_07-26/nguon1_diem.parquet (54,529 rows)
[2026-04-03 07:26:35] INFO    utils.minio :   MinIO ↓ [raw-data] 2026-04-03_07-26/nguon2_ctsv.parquet (8,990 rows)
[2026-04-03 07:26:35] INFO    utils.minio :   MinIO ↓ [raw-data] 2026-04-03_07-26/nguon3_tai_chinh.parquet (8,990 rows)
[2026-04-03 07:26:35] INFO    validation.ge :   Validation OK: 23/23 passed
[2026-04-03 07:26:37] INFO    etl.extract :   Load from MinIO staging: run_id=2026-04-03_07-26
[2026-04-03 07:26:37] INFO    utils.minio :   MinIO ↓ [raw-data] 2026-04-03_07-26/nguon1_khoa.parquet (4 rows)
[2026-04-03 07:26:37] INFO    utils.minio :   MinIO ↓ [raw-data] 2026-04-03_07-26/nguon1_nganh.parquet (3 rows)
[2026-04-03 07:26:37] INFO    utils.minio :   MinIO ↓ [raw-data] 2026-04-03_07-26/nguon1_giang_vien.parquet (45 rows)
[2026-04-03 07:26:37] INFO    utils.minio :   MinIO ↓ [raw-data] 2026-04-03_07-26/nguon1_lop_hanh_chinh.parquet (48 rows)
[2026-04-03 07:26:37] INFO    utils.minio :   MinIO ↓ [raw-data] 2026-04-03_07-26/nguon1_sinh_vien.parquet (1,695 rows)
[2026-04-03 07:26:37] INFO    utils.minio :   MinIO ↓ [raw-data] 2026-04-03_07-26/nguon1_hoc_phan.parquet (121 rows)
[2026-04-03 07:26:37] INFO    utils.minio :   MinIO ↓ [raw-data] 2026-04-03_07-26/nguon1_hoc_ky.parquet (9 rows)
[2026-04-03 07:26:37] INFO    utils.minio :   MinIO ↓ [raw-data] 2026-04-03_07-26/nguon1_dang_ky.parquet (54,529 rows)
[2026-04-03 07:26:37] INFO    utils.minio :   MinIO ↓ [raw-data] 2026-04-03_07-26/nguon1_diem.parquet (54,529 rows)
[2026-04-03 07:26:37] INFO    utils.minio :   MinIO ↓ [raw-data] 2026-04-03_07-26/nguon1_tong_hop_ket_qua.parquet (1,695 rows)
[2026-04-03 07:26:37] INFO    utils.minio :   MinIO ↓ [raw-data] 2026-04-03_07-26/nguon2_ctsv.parquet (8,990 rows)
[2026-04-03 07:26:37] INFO    utils.minio :   MinIO ↓ [raw-data] 2026-04-03_07-26/nguon3_tai_chinh.parquet (8,990 rows)
[2026-04-03 07:26:37] INFO    etl.extract :  Load from staging OK — run_id=2026-04-03_07-26
[2026-04-03 07:26:37] INFO    etl.transform : ==BẮT ĐẦU TRANSFORM==
[2026-04-03 07:26:37] INFO    etl.transform : ======================================================================
[2026-04-03 07:26:37] INFO    etl.transform : ── Bước 1: Transform Dimension Tables ──
[2026-04-03 07:26:37] INFO    etl.transform :   dim_thoi_gian (→dim_hoc_ky)  →      9 records
[2026-04-03 07:26:37] INFO    etl.transform :   dim_giang_vien              →     45 records
[2026-04-03 07:26:37] INFO    etl.transform :   dim_hoc_phan                →    121 records
[2026-04-03 07:26:37] INFO    etl.transform :   dim_sinh_vien               →  1,695 records
[2026-04-03 07:26:37] INFO    etl.transform : ── Bước 2: Transform Fact Tables ──
[2026-04-03 07:26:37] INFO    etl.transform :   fact_diem (→fact_hoc_tap)    → 54,529 records
[2026-04-03 07:26:37] INFO    etl.transform :   fact_ren_luyen (→fact_ctsv)  →  8,990 records
[2026-04-03 07:26:37] INFO    etl.transform :   fact_tai_chinh               →  8,990 records
[2026-04-03 07:26:37] INFO    etl.transform : ── Bước 3: Tổng hợp đa nguồn ──
[2026-04-03 07:26:37] INFO    etl.transform : ======================================================================
[2026-04-03 07:26:37] INFO    etl.transform : TRANSFORM HOÀN TẤT
[2026-04-03 07:26:37] INFO    etl.transform :    dim_giang_vien           :       45 records
[2026-04-03 07:26:37] INFO    etl.transform :    dim_sinh_vien            :    1,695 records
[2026-04-03 07:26:37] INFO    etl.transform :    dim_hoc_phan             :      121 records
[2026-04-03 07:26:37] INFO    etl.transform :    dim_thoi_gian            :        9 records
[2026-04-03 07:26:37] INFO    etl.transform :    fact_diem                :   54,529 records
[2026-04-03 07:26:37] INFO    etl.transform :    fact_ren_luyen           :    8,990 records
[2026-04-03 07:26:37] INFO    etl.transform :    fact_tai_chinh           :    8,990 records
[2026-04-03 07:26:37] INFO    etl.transform :    fact_tong_hop_sv         :        0 records
[2026-04-03 07:26:37] INFO    etl.transform : ======================================================================
[2026-04-03 07:26:37] INFO    utils.minio :   MinIO ↑ [staging-data] 2026-04-03_07-26/dim_hoc_ky.parquet (5.3 KB | 9 rows)
[2026-04-03 07:26:37] INFO    utils.minio :   MinIO ↑ [staging-data] 2026-04-03_07-26/dim_giang_vien.parquet (8.9 KB | 45 rows)
[2026-04-03 07:26:37] INFO    utils.minio :   MinIO ↑ [staging-data] 2026-04-03_07-26/dim_hoc_phan.parquet (11.0 KB | 121 rows)
[2026-04-03 07:26:37] INFO    utils.minio :   MinIO ↑ [staging-data] 2026-04-03_07-26/dim_sinh_vien.parquet (71.7 KB | 1,695 rows)
[2026-04-03 07:26:37] INFO    utils.minio :   MinIO ↑ [staging-data] 2026-04-03_07-26/fact_diem.parquet (821.9 KB | 54,529 rows)
[2026-04-03 07:26:37] INFO    utils.minio :   MinIO ↑ [staging-data] 2026-04-03_07-26/fact_ren_luyen.parquet (38.8 KB | 8,990 rows)
[2026-04-03 07:26:37] INFO    utils.minio :   MinIO ↑ [staging-data] 2026-04-03_07-26/fact_tai_chinh.parquet (65.1 KB | 8,990 rows)
[2026-04-03 07:26:37] WARNING utils.minio :   MinIO skip (empty): fact_tong_hop_sv.parquet
[2026-04-03 07:26:37] INFO    etl.transform :   MinIO staging-data: 8/8 files OK → run_id=2026-04-03_07-26
[2026-04-03 07:26:39] INFO    etl.transform :   Load TransformedData từ MinIO staging: run_id=2026-04-03_07-26
[2026-04-03 07:26:39] INFO    utils.minio :   MinIO ↓ [staging-data] 2026-04-03_07-26/dim_hoc_ky.parquet (9 rows)
[2026-04-03 07:26:39] INFO    utils.minio :   MinIO ↓ [staging-data] 2026-04-03_07-26/dim_giang_vien.parquet (45 rows)
[2026-04-03 07:26:39] INFO    utils.minio :   MinIO ↓ [staging-data] 2026-04-03_07-26/dim_hoc_phan.parquet (121 rows)
[2026-04-03 07:26:39] INFO    utils.minio :   MinIO ↓ [staging-data] 2026-04-03_07-26/dim_sinh_vien.parquet (1,695 rows)
[2026-04-03 07:26:39] INFO    utils.minio :   MinIO ↓ [staging-data] 2026-04-03_07-26/fact_diem.parquet (54,529 rows)
[2026-04-03 07:26:39] INFO    utils.minio :   MinIO ↓ [staging-data] 2026-04-03_07-26/fact_ren_luyen.parquet (8,990 rows)
[2026-04-03 07:26:39] INFO    utils.minio :   MinIO ↓ [staging-data] 2026-04-03_07-26/fact_tai_chinh.parquet (8,990 rows)
[2026-04-03 07:26:39] WARNING utils.minio :   MinIO không tìm thấy: 2026-04-03_07-26/fact_tong_hop_sv.parquet
[2026-04-03 07:26:39] INFO    etl.transform : Load from staging-data OK — run_id=2026-04-03_07-26
[2026-04-03 07:26:39] INFO    etl.load : ==BẮT ĐẦU LOAD VÀO DATA WAREHOUSE==
[2026-04-03 07:26:39] INFO    etl.load : ======================================================================
[2026-04-03 07:26:39] INFO    etl.load : 🔧 Tạo schema warehouse từ warehouse_models.py...
[2026-04-03 07:26:39] INFO    etl.load :   Schema warehouse OK ✓
[2026-04-03 07:26:39] INFO    etl.load : ── Bước 1: Load Dimension Tables ──
[2026-04-03 07:26:39] INFO    etl.load :   dim_hoc_ky     →      9 records (new: 0)
[2026-04-03 07:26:39] INFO    etl.load :   dim_giang_vien →     45 records (new: 0)
[2026-04-03 07:26:39] INFO    etl.load :   dim_hoc_phan   →    121 records (new: 0)
[2026-04-03 07:26:41] INFO    etl.load :   dim_sinh_vien →  1,695 records (new: 0, SCD2: 20, fact cascade: 931)
[2026-04-03 07:26:41] INFO    etl.load : ── Bước 2: Build Surrogate Key Cache ──
[2026-04-03 07:26:41] INFO    etl.load :  Building surrogate key caches...
[2026-04-03 07:26:41] INFO    etl.load :   SV=1695, HP=121, GV=45, HK=9
[2026-04-03 07:26:41] INFO    etl.load : ── Bước 3: Load Fact Tables ──
[2026-04-03 07:27:58] INFO    etl.load :   fact_hoc_tap   →      0 records
[2026-04-03 07:28:04] INFO    etl.load :   fact_ctsv      →      0 records
[2026-04-03 07:28:14] INFO    etl.load :   fact_tai_chinh →      0 records
[2026-04-03 07:28:14] INFO    etl.load : ── Bước 4: Build Aggregation ──
[2026-04-03 07:28:14] INFO    etl.aggregation : == BẮT ĐẦU AGGREGATION ==
[2026-04-03 07:28:14] INFO    etl.aggregation :  agg_student_summary → 1,695 records
[2026-04-03 07:28:14] INFO    etl.aggregation :  agg_student_summary rebuilt : 1,695
[2026-04-03 07:28:14] INFO    etl.aggregation : == AGGREGATION HOÀN TẤT ==
[2026-04-03 07:28:14] INFO    etl.load : ======================================================================
[2026-04-03 07:28:14] INFO    etl.load : LOAD HOÀN TẤT
[2026-04-03 07:28:14] INFO    etl.load :   dim_hoc_ky               :        9 records
[2026-04-03 07:28:14] INFO    etl.load :   dim_giang_vien           :       45 records
[2026-04-03 07:28:14] INFO    etl.load :   dim_hoc_phan             :      121 records
[2026-04-03 07:28:14] INFO    etl.load :   dim_sinh_vien            :       20 records
[2026-04-03 07:28:14] INFO    etl.load :   fact_hoc_tap             :        0 records
[2026-04-03 07:28:14] INFO    etl.load :   fact_ctsv                :        0 records
[2026-04-03 07:28:14] INFO    etl.load :   fact_tai_chinh           :        0 records
[2026-04-03 07:28:14] INFO    etl.load :   agg_student_summary      :    1,695 records
[2026-04-03 07:28:14] INFO    etl.load :   TỔNG                     :    1,890 records
[2026-04-03 07:28:14] INFO    etl.load : ======================================================================
[2026-04-03 10:59:58] INFO    etl.extract : ==BẮT ĐẦU FULL EXTRACT==
[2026-04-03 10:59:58] INFO    etl.extract : ======================================================================
[2026-04-03 10:59:58] INFO    etl.extract : ════════════════════════════════════════════════════════════
[2026-04-03 10:59:58] INFO    etl.extract : NGUỒN 1 — PostgreSQL (Phòng Đào tạo) | Full Extract
[2026-04-03 10:59:58] INFO    etl.extract : ════════════════════════════════════════════════════════════
[2026-04-03 10:59:59] INFO    etl.extract :   PostgreSQL | khoa                      →      4 records
[2026-04-03 10:59:59] INFO    etl.extract :   PostgreSQL | nganh                     →      3 records
[2026-04-03 10:59:59] INFO    etl.extract :   PostgreSQL | giang_vien                →     45 records
[2026-04-03 10:59:59] INFO    etl.extract :   PostgreSQL | lop_hanh_chinh            →     48 records
[2026-04-03 10:59:59] INFO    etl.extract :   PostgreSQL | sinh_vien                 →  1,695 records
[2026-04-03 10:59:59] INFO    etl.extract :   PostgreSQL | hoc_phan                  →    121 records
[2026-04-03 10:59:59] INFO    etl.extract :   PostgreSQL | hoc_ky_nam_hoc            →      9 records
[2026-04-03 11:00:01] INFO    etl.extract :   PostgreSQL | dang_ky_hoc_phan          → 54,529 records
[2026-04-03 11:00:04] INFO    etl.extract :   PostgreSQL | diem_hoc_phan             → 54,529 records
[2026-04-03 11:00:04] INFO    etl.extract :   PostgreSQL | tong_hop_ket_qua          →  1,695 records
[2026-04-03 11:00:04] INFO    etl.extract :   PostgreSQL | TỔNG: 112,678 records từ 10 bảng
[2026-04-03 11:00:04] INFO    etl.extract : ════════════════════════════════════════════════════════════
[2026-04-03 11:00:04] INFO    etl.extract : NGUỒN 2 — CSV (Phòng CTSV) | Extract
[2026-04-03 11:00:04] INFO    etl.extract : ════════════════════════════════════════════════════════════
[2026-04-03 11:00:04] INFO    etl.extract :   CSV | Tìm thấy 9 file(s)
[2026-04-03 11:00:04] INFO    etl.extract :   CSV | ctsv_HK1_2021_22.csv                →    780 records
[2026-04-03 11:00:04] INFO    etl.extract :   CSV | ctsv_HK1_2022_23.csv                →  1,580 records
[2026-04-03 11:00:04] INFO    etl.extract :   CSV | ctsv_HK1_2023_24.csv                →  2,395 records
[2026-04-03 11:00:04] INFO    etl.extract :   CSV | ctsv_HK1_2024_25.csv                →  3,202 records
[2026-04-03 11:00:04] INFO    etl.extract :   CSV | ctsv_HK1_2025_26.csv                →  2,428 records
[2026-04-03 11:00:04] INFO    etl.extract :   CSV | ctsv_HK2_2021_22.csv                →    780 records
[2026-04-03 11:00:04] INFO    etl.extract :   CSV | ctsv_HK2_2022_23.csv                →  1,559 records
[2026-04-03 11:00:04] INFO    etl.extract :   CSV | ctsv_HK2_2023_24.csv                →  2,381 records
[2026-04-03 11:00:04] INFO    etl.extract :   CSV | ctsv_HK2_2024_25.csv                →  2,835 records
[2026-04-03 11:00:04] INFO    etl.extract :   CSV | Loại bỏ 8950 bản ghi trùng
[2026-04-03 11:00:04] INFO    etl.extract :   CSV | TỔNG: 8,990 records từ 9 file(s)
[2026-04-03 11:00:04] INFO    etl.extract :   API | (JSON) taichinh_HK1_2021_22.json →    390 records
[2026-04-03 11:00:04] INFO    etl.extract :   API | (JSON) taichinh_HK1_2022_23.json →    787 records
[2026-04-03 11:00:04] INFO    etl.extract :   API | (JSON) taichinh_HK1_2023_24.json →  1,192 records
[2026-04-03 11:00:04] INFO    etl.extract :   API | (JSON) taichinh_HK1_2024_25.json →  1,592 records
[2026-04-03 11:00:04] INFO    etl.extract :   API | (JSON) taichinh_HK1_2025_26.json →  1,206 records
[2026-04-03 11:00:04] INFO    etl.extract :   API | (JSON) taichinh_HK2_2021_22.json →    390 records
[2026-04-03 11:00:05] INFO    etl.extract :   API | (JSON) taichinh_HK2_2022_23.json →    778 records
[2026-04-03 11:00:05] INFO    etl.extract :   API | (JSON) taichinh_HK2_2023_24.json →  1,186 records
[2026-04-03 11:00:05] INFO    etl.extract :   API | (JSON) taichinh_HK2_2024_25.json →  1,469 records
[2026-04-03 11:00:05] INFO    etl.extract :   API | TỔNG: 8,990 records từ 9 HK
[2026-04-03 11:00:06] INFO    utils.minio :   MinIO ↑ [raw-data] 2026-04-03_11-00/nguon1_sinh_vien.parquet (47.4 KB | 1,695 rows)
[2026-04-03 11:00:06] INFO    utils.minio :   MinIO ↑ [raw-data] 2026-04-03_11-00/nguon1_dang_ky.parquet (459.3 KB | 54,529 rows)
[2026-04-03 11:00:06] INFO    utils.minio :   MinIO ↑ [raw-data] 2026-04-03_11-00/nguon1_diem.parquet (1108.6 KB | 54,529 rows)
[2026-04-03 11:00:07] INFO    utils.minio :   MinIO ↑ [raw-data] 2026-04-03_11-00/nguon1_hoc_phan.parquet (10.3 KB | 121 rows)
[2026-04-03 11:00:07] INFO    utils.minio :   MinIO ↑ [raw-data] 2026-04-03_11-00/nguon1_hoc_ky.parquet (4.1 KB | 9 rows)
[2026-04-03 11:00:07] INFO    utils.minio :   MinIO ↑ [raw-data] 2026-04-03_11-00/nguon1_giang_vien.parquet (8.3 KB | 45 rows)
[2026-04-03 11:00:07] INFO    utils.minio :   MinIO ↑ [raw-data] 2026-04-03_11-00/nguon1_khoa.parquet (2.6 KB | 4 rows)
[2026-04-03 11:00:07] INFO    utils.minio :   MinIO ↑ [raw-data] 2026-04-03_11-00/nguon1_nganh.parquet (3.2 KB | 3 rows)
[2026-04-03 11:00:07] INFO    utils.minio :   MinIO ↑ [raw-data] 2026-04-03_11-00/nguon1_lop_hanh_chinh.parquet (4.8 KB | 48 rows)
[2026-04-03 11:00:07] INFO    utils.minio :   MinIO ↑ [raw-data] 2026-04-03_11-00/nguon1_tong_hop_ket_qua.parquet (22.0 KB | 1,695 rows)
[2026-04-03 11:00:07] INFO    utils.minio :   MinIO ↑ [raw-data] 2026-04-03_11-00/nguon2_ctsv.parquet (37.4 KB | 8,990 rows)
[2026-04-03 11:00:07] INFO    utils.minio :   MinIO ↑ [raw-data] 2026-04-03_11-00/nguon3_tai_chinh.parquet (65.0 KB | 8,990 rows)
[2026-04-03 11:00:07] INFO    utils.minio :   MinIO upload xong: 12/12 files | run_id=2026-04-03_11-00
[2026-04-03 11:00:07] INFO    etl.extract :   MinIO staging: 12/12 files OK → run_id=2026-04-03_11-00
[2026-04-03 11:00:07] INFO    etl.extract : ======================================================================
[2026-04-03 11:00:07] INFO    etl.extract :  FULL EXTRACT HOÀN TẤT
[2026-04-03 11:00:07] INFO    etl.extract :    khoa                     :        4
[2026-04-03 11:00:07] INFO    etl.extract :    nganh                    :        3
[2026-04-03 11:00:07] INFO    etl.extract :    giang_vien               :       45
[2026-04-03 11:00:07] INFO    etl.extract :    lop_hanh_chinh           :       48
[2026-04-03 11:00:07] INFO    etl.extract :    sinh_vien                :    1,695
[2026-04-03 11:00:07] INFO    etl.extract :    hoc_phan                 :      121
[2026-04-03 11:00:07] INFO    etl.extract :    hoc_ky_nam_hoc           :        9
[2026-04-03 11:00:07] INFO    etl.extract :    dang_ky_hoc_phan         :   54,529
[2026-04-03 11:00:07] INFO    etl.extract :    diem_hoc_phan            :   54,529
[2026-04-03 11:00:07] INFO    etl.extract :    tong_hop_ket_qua         :    1,695
[2026-04-03 11:00:07] INFO    etl.extract :    ctsv_data                :    8,990
[2026-04-03 11:00:07] INFO    etl.extract :    tai_chinh_data           :    8,990
[2026-04-03 11:00:07] INFO    etl.extract : ======================================================================
[2026-04-03 11:00:10] INFO    validation.ge :   Validating staging: run_id=2026-04-03_11-00
[2026-04-03 11:00:11] INFO    utils.minio :   MinIO ↓ [raw-data] 2026-04-03_11-00/nguon1_sinh_vien.parquet (1,695 rows)
[2026-04-03 11:00:11] INFO    utils.minio :   MinIO ↓ [raw-data] 2026-04-03_11-00/nguon1_diem.parquet (54,529 rows)
[2026-04-03 11:00:11] INFO    utils.minio :   MinIO ↓ [raw-data] 2026-04-03_11-00/nguon2_ctsv.parquet (8,990 rows)
[2026-04-03 11:00:11] INFO    utils.minio :   MinIO ↓ [raw-data] 2026-04-03_11-00/nguon3_tai_chinh.parquet (8,990 rows)
[2026-04-03 11:00:11] INFO    validation.ge :   Validation OK: 23/23 passed
[2026-04-03 11:00:15] INFO    etl.extract :   Load from MinIO staging: run_id=2026-04-03_11-00
[2026-04-03 11:00:15] INFO    utils.minio :   MinIO ↓ [raw-data] 2026-04-03_11-00/nguon1_khoa.parquet (4 rows)
[2026-04-03 11:00:15] INFO    utils.minio :   MinIO ↓ [raw-data] 2026-04-03_11-00/nguon1_nganh.parquet (3 rows)
[2026-04-03 11:00:15] INFO    utils.minio :   MinIO ↓ [raw-data] 2026-04-03_11-00/nguon1_giang_vien.parquet (45 rows)
[2026-04-03 11:00:15] INFO    utils.minio :   MinIO ↓ [raw-data] 2026-04-03_11-00/nguon1_lop_hanh_chinh.parquet (48 rows)
[2026-04-03 11:00:15] INFO    utils.minio :   MinIO ↓ [raw-data] 2026-04-03_11-00/nguon1_sinh_vien.parquet (1,695 rows)
[2026-04-03 11:00:15] INFO    utils.minio :   MinIO ↓ [raw-data] 2026-04-03_11-00/nguon1_hoc_phan.parquet (121 rows)
[2026-04-03 11:00:15] INFO    utils.minio :   MinIO ↓ [raw-data] 2026-04-03_11-00/nguon1_hoc_ky.parquet (9 rows)
[2026-04-03 11:00:15] INFO    utils.minio :   MinIO ↓ [raw-data] 2026-04-03_11-00/nguon1_dang_ky.parquet (54,529 rows)
[2026-04-03 11:00:15] INFO    utils.minio :   MinIO ↓ [raw-data] 2026-04-03_11-00/nguon1_diem.parquet (54,529 rows)
[2026-04-03 11:00:15] INFO    utils.minio :   MinIO ↓ [raw-data] 2026-04-03_11-00/nguon1_tong_hop_ket_qua.parquet (1,695 rows)
[2026-04-03 11:00:15] INFO    utils.minio :   MinIO ↓ [raw-data] 2026-04-03_11-00/nguon2_ctsv.parquet (8,990 rows)
[2026-04-03 11:00:15] INFO    utils.minio :   MinIO ↓ [raw-data] 2026-04-03_11-00/nguon3_tai_chinh.parquet (8,990 rows)
[2026-04-03 11:00:15] INFO    etl.extract :  Load from staging OK — run_id=2026-04-03_11-00
[2026-04-03 11:00:15] INFO    etl.transform : ==BẮT ĐẦU TRANSFORM==
[2026-04-03 11:00:15] INFO    etl.transform : ======================================================================
[2026-04-03 11:00:15] INFO    etl.transform : ── Bước 1: Transform Dimension Tables ──
[2026-04-03 11:00:15] INFO    etl.transform :   dim_thoi_gian (→dim_hoc_ky)  →      9 records
[2026-04-03 11:00:15] INFO    etl.transform :   dim_giang_vien              →     45 records
[2026-04-03 11:00:15] INFO    etl.transform :   dim_hoc_phan                →    121 records
[2026-04-03 11:00:15] INFO    etl.transform :   dim_sinh_vien               →  1,695 records
[2026-04-03 11:00:15] INFO    etl.transform : ── Bước 2: Transform Fact Tables ──
[2026-04-03 11:00:15] INFO    etl.transform :   fact_diem (→fact_hoc_tap)    → 54,529 records
[2026-04-03 11:00:15] INFO    etl.transform :   fact_ren_luyen (→fact_ctsv)  →  8,990 records
[2026-04-03 11:00:15] INFO    etl.transform :   fact_tai_chinh               →  8,990 records
[2026-04-03 11:00:15] INFO    etl.transform : ── Bước 3: Tổng hợp đa nguồn ──
[2026-04-03 11:00:15] INFO    etl.transform : ======================================================================
[2026-04-03 11:00:15] INFO    etl.transform : TRANSFORM HOÀN TẤT
[2026-04-03 11:00:15] INFO    etl.transform :    dim_giang_vien           :       45 records
[2026-04-03 11:00:15] INFO    etl.transform :    dim_sinh_vien            :    1,695 records
[2026-04-03 11:00:15] INFO    etl.transform :    dim_hoc_phan             :      121 records
[2026-04-03 11:00:15] INFO    etl.transform :    dim_thoi_gian            :        9 records
[2026-04-03 11:00:15] INFO    etl.transform :    fact_diem                :   54,529 records
[2026-04-03 11:00:15] INFO    etl.transform :    fact_ren_luyen           :    8,990 records
[2026-04-03 11:00:15] INFO    etl.transform :    fact_tai_chinh           :    8,990 records
[2026-04-03 11:00:15] INFO    etl.transform :    fact_tong_hop_sv         :        0 records
[2026-04-03 11:00:15] INFO    etl.transform : ======================================================================
[2026-04-03 11:00:15] INFO    utils.minio :   MinIO ↑ [staging-data] 2026-04-03_11-00/dim_hoc_ky.parquet (5.3 KB | 9 rows)
[2026-04-03 11:00:15] INFO    utils.minio :   MinIO ↑ [staging-data] 2026-04-03_11-00/dim_giang_vien.parquet (8.9 KB | 45 rows)
[2026-04-03 11:00:15] INFO    utils.minio :   MinIO ↑ [staging-data] 2026-04-03_11-00/dim_hoc_phan.parquet (11.0 KB | 121 rows)
[2026-04-03 11:00:15] INFO    utils.minio :   MinIO ↑ [staging-data] 2026-04-03_11-00/dim_sinh_vien.parquet (71.7 KB | 1,695 rows)
[2026-04-03 11:00:15] INFO    utils.minio :   MinIO ↑ [staging-data] 2026-04-03_11-00/fact_diem.parquet (821.9 KB | 54,529 rows)
[2026-04-03 11:00:15] INFO    utils.minio :   MinIO ↑ [staging-data] 2026-04-03_11-00/fact_ren_luyen.parquet (38.8 KB | 8,990 rows)
[2026-04-03 11:00:16] INFO    utils.minio :   MinIO ↑ [staging-data] 2026-04-03_11-00/fact_tai_chinh.parquet (65.1 KB | 8,990 rows)
[2026-04-03 11:00:16] WARNING utils.minio :   MinIO skip (empty): fact_tong_hop_sv.parquet
[2026-04-03 11:00:16] INFO    etl.transform :   MinIO staging-data: 8/8 files OK → run_id=2026-04-03_11-00
[2026-04-03 11:00:19] INFO    etl.transform :   Load TransformedData từ MinIO staging: run_id=2026-04-03_11-00
[2026-04-03 11:00:19] INFO    utils.minio :   MinIO ↓ [staging-data] 2026-04-03_11-00/dim_hoc_ky.parquet (9 rows)
[2026-04-03 11:00:19] INFO    utils.minio :   MinIO ↓ [staging-data] 2026-04-03_11-00/dim_giang_vien.parquet (45 rows)
[2026-04-03 11:00:19] INFO    utils.minio :   MinIO ↓ [staging-data] 2026-04-03_11-00/dim_hoc_phan.parquet (121 rows)
[2026-04-03 11:00:19] INFO    utils.minio :   MinIO ↓ [staging-data] 2026-04-03_11-00/dim_sinh_vien.parquet (1,695 rows)
[2026-04-03 11:00:19] INFO    utils.minio :   MinIO ↓ [staging-data] 2026-04-03_11-00/fact_diem.parquet (54,529 rows)
[2026-04-03 11:00:19] INFO    utils.minio :   MinIO ↓ [staging-data] 2026-04-03_11-00/fact_ren_luyen.parquet (8,990 rows)
[2026-04-03 11:00:19] INFO    utils.minio :   MinIO ↓ [staging-data] 2026-04-03_11-00/fact_tai_chinh.parquet (8,990 rows)
[2026-04-03 11:00:19] WARNING utils.minio :   MinIO không tìm thấy: 2026-04-03_11-00/fact_tong_hop_sv.parquet
[2026-04-03 11:00:19] INFO    etl.transform : Load from staging-data OK — run_id=2026-04-03_11-00
[2026-04-03 11:00:19] INFO    etl.load : ==BẮT ĐẦU LOAD VÀO DATA WAREHOUSE==
[2026-04-03 11:00:19] INFO    etl.load : ======================================================================
[2026-04-03 11:00:19] INFO    etl.load : 🔧 Tạo schema warehouse từ warehouse_models.py...
[2026-04-03 11:00:19] INFO    etl.load :   Schema warehouse OK ✓
[2026-04-03 11:00:19] INFO    etl.load : ── Bước 1: Load Dimension Tables ──
[2026-04-03 11:00:20] INFO    etl.load :   dim_hoc_ky     →      9 records (new: 0)
[2026-04-03 11:00:20] INFO    etl.load :   dim_giang_vien →     45 records (new: 0)
[2026-04-03 11:00:20] INFO    etl.load :   dim_hoc_phan   →    121 records (new: 0)
[2026-04-03 11:00:24] INFO    etl.load :   dim_sinh_vien →  1,695 records (new: 0, SCD2: 0, fact cascade: 0)
[2026-04-03 11:00:24] INFO    etl.load : ── Bước 2: Build Surrogate Key Cache ──
[2026-04-03 11:00:24] INFO    etl.load :  Building surrogate key caches...
[2026-04-03 11:00:24] INFO    etl.load :   SV=1695, HP=121, GV=45, HK=9
[2026-04-03 11:00:24] INFO    etl.load : ── Bước 3: Load Fact Tables ──
[2026-04-03 11:03:48] INFO    etl.load :   fact_hoc_tap   →      0 records
[2026-04-03 11:04:05] INFO    etl.load :   fact_ctsv      →      0 records
[2026-04-03 11:04:30] INFO    etl.load :   fact_tai_chinh →      0 records
[2026-04-03 11:04:30] INFO    etl.load : ── Bước 4: Build Aggregation ──
[2026-04-03 11:04:30] INFO    etl.aggregation : == BẮT ĐẦU AGGREGATION ==
[2026-04-03 11:04:30] INFO    etl.aggregation :   agg_student_summary → 1,695 records
[2026-04-03 11:04:30] INFO    etl.aggregation :  agg_student_summary rebuilt : 1,695
[2026-04-03 11:04:30] INFO    etl.aggregation : == AGGREGATION HOÀN TẤT ==
[2026-04-03 11:04:30] INFO    etl.load : ======================================================================
[2026-04-03 11:04:30] INFO    etl.load : LOAD HOÀN TẤT
[2026-04-03 11:04:30] INFO    etl.load :   dim_hoc_ky               :        9 records
[2026-04-03 11:04:30] INFO    etl.load :   dim_giang_vien           :       45 records
[2026-04-03 11:04:30] INFO    etl.load :   dim_hoc_phan             :      121 records
[2026-04-03 11:04:30] INFO    etl.load :   dim_sinh_vien            :        0 records
[2026-04-03 11:04:30] INFO    etl.load :   fact_hoc_tap             :        0 records
[2026-04-03 11:04:30] INFO    etl.load :   fact_ctsv                :        0 records
[2026-04-03 11:04:30] INFO    etl.load :   fact_tai_chinh           :        0 records
[2026-04-03 11:04:30] INFO    etl.load :   agg_student_summary      :    1,695 records
[2026-04-03 11:04:30] INFO    etl.load :   TỔNG                     :    1,870 records
[2026-04-03 11:04:30] INFO    etl.load : ======================================================================
