[2026-04-05T10:58:36.852+0000] {taskinstance.py:1956} INFO - Dependencies all met for dep_context=non-requeueable deps ti=<TaskInstance: daily_student_pipeline.transform_data manual__2026-04-05T10:58:23.697916+00:00 [queued]>
[2026-04-05T10:58:36.860+0000] {taskinstance.py:1956} INFO - Dependencies all met for dep_context=requeueable deps ti=<TaskInstance: daily_student_pipeline.transform_data manual__2026-04-05T10:58:23.697916+00:00 [queued]>
[2026-04-05T10:58:36.861+0000] {taskinstance.py:2170} INFO - Starting attempt 1 of 1
[2026-04-05T10:58:36.871+0000] {taskinstance.py:2191} INFO - Executing <Task(PythonOperator): transform_data> on 2026-04-05 10:58:23.697916+00:00
[2026-04-05T10:58:36.876+0000] {standard_task_runner.py:60} INFO - Started process 16548 to run task
[2026-04-05T10:58:36.878+0000] {standard_task_runner.py:87} INFO - Running: ['***', 'tasks', 'run', 'daily_student_pipeline', 'transform_data', 'manual__2026-04-05T10:58:23.697916+00:00', '--job-id', '207', '--raw', '--subdir', 'DAGS_FOLDER/daily_student_pipeline.py', '--cfg-path', '/tmp/tmp1zk5alqf']
[2026-04-05T10:58:36.880+0000] {standard_task_runner.py:88} INFO - Job 207: Subtask transform_data
[2026-04-05T10:58:36.944+0000] {task_command.py:423} INFO - Running <TaskInstance: daily_student_pipeline.transform_data manual__2026-04-05T10:58:23.697916+00:00 [running]> on host 1c62953c8918
[2026-04-05T10:58:37.027+0000] {taskinstance.py:2480} INFO - Exporting env vars: AIRFLOW_CTX_DAG_OWNER='nhom8' AIRFLOW_CTX_DAG_ID='daily_student_pipeline' AIRFLOW_CTX_TASK_ID='transform_data' AIRFLOW_CTX_EXECUTION_DATE='2026-04-05T10:58:23.697916+00:00' AIRFLOW_CTX_TRY_NUMBER='1' AIRFLOW_CTX_DAG_RUN_ID='manual__2026-04-05T10:58:23.697916+00:00'
[2026-04-05T10:58:37.656+0000] {logging_mixin.py:188} WARNING - [2026-04-05 10:58:37] INFO    etl.extract :   Load from MinIO staging: run_id=2026-04-05_10-58
[2026-04-05T10:58:37.656+0000] {extract.py:352} INFO -   Load from MinIO staging: run_id=2026-04-05_10-58
[2026-04-05T10:58:37.686+0000] {logging_mixin.py:188} WARNING - [2026-04-05 10:58:37] INFO    utils.minio :   MinIO ↓ [raw-data] 2026-04-05_10-58/nguon1_khoa.parquet (4 rows)
[2026-04-05T10:58:37.686+0000] {minio_client.py:223} INFO -   MinIO ↓ [raw-data] 2026-04-05_10-58/nguon1_khoa.parquet (4 rows)
[2026-04-05T10:58:37.696+0000] {logging_mixin.py:188} WARNING - [2026-04-05 10:58:37] INFO    utils.minio :   MinIO ↓ [raw-data] 2026-04-05_10-58/nguon1_nganh.parquet (3 rows)
[2026-04-05T10:58:37.696+0000] {minio_client.py:223} INFO -   MinIO ↓ [raw-data] 2026-04-05_10-58/nguon1_nganh.parquet (3 rows)
[2026-04-05T10:58:37.708+0000] {logging_mixin.py:188} WARNING - [2026-04-05 10:58:37] INFO    utils.minio :   MinIO ↓ [raw-data] 2026-04-05_10-58/nguon1_giang_vien.parquet (45 rows)
[2026-04-05T10:58:37.708+0000] {minio_client.py:223} INFO -   MinIO ↓ [raw-data] 2026-04-05_10-58/nguon1_giang_vien.parquet (45 rows)
[2026-04-05T10:58:37.718+0000] {logging_mixin.py:188} WARNING - [2026-04-05 10:58:37] INFO    utils.minio :   MinIO ↓ [raw-data] 2026-04-05_10-58/nguon1_lop_hanh_chinh.parquet (48 rows)
[2026-04-05T10:58:37.718+0000] {minio_client.py:223} INFO -   MinIO ↓ [raw-data] 2026-04-05_10-58/nguon1_lop_hanh_chinh.parquet (48 rows)
[2026-04-05T10:58:37.731+0000] {logging_mixin.py:188} WARNING - [2026-04-05 10:58:37] INFO    utils.minio :   MinIO ↓ [raw-data] 2026-04-05_10-58/nguon1_sinh_vien.parquet (1,695 rows)
[2026-04-05T10:58:37.731+0000] {minio_client.py:223} INFO -   MinIO ↓ [raw-data] 2026-04-05_10-58/nguon1_sinh_vien.parquet (1,695 rows)
[2026-04-05T10:58:37.742+0000] {logging_mixin.py:188} WARNING - [2026-04-05 10:58:37] INFO    utils.minio :   MinIO ↓ [raw-data] 2026-04-05_10-58/nguon1_hoc_phan.parquet (121 rows)
[2026-04-05T10:58:37.742+0000] {minio_client.py:223} INFO -   MinIO ↓ [raw-data] 2026-04-05_10-58/nguon1_hoc_phan.parquet (121 rows)
[2026-04-05T10:58:37.751+0000] {logging_mixin.py:188} WARNING - [2026-04-05 10:58:37] INFO    utils.minio :   MinIO ↓ [raw-data] 2026-04-05_10-58/nguon1_hoc_ky.parquet (9 rows)
[2026-04-05T10:58:37.751+0000] {minio_client.py:223} INFO -   MinIO ↓ [raw-data] 2026-04-05_10-58/nguon1_hoc_ky.parquet (9 rows)
[2026-04-05T10:58:37.772+0000] {logging_mixin.py:188} WARNING - [2026-04-05 10:58:37] INFO    utils.minio :   MinIO ↓ [raw-data] 2026-04-05_10-58/nguon1_dang_ky.parquet (58,001 rows)
[2026-04-05T10:58:37.772+0000] {minio_client.py:223} INFO -   MinIO ↓ [raw-data] 2026-04-05_10-58/nguon1_dang_ky.parquet (58,001 rows)
[2026-04-05T10:58:37.791+0000] {logging_mixin.py:188} WARNING - [2026-04-05 10:58:37] INFO    utils.minio :   MinIO ↓ [raw-data] 2026-04-05_10-58/nguon1_diem.parquet (58,001 rows)
[2026-04-05T10:58:37.791+0000] {minio_client.py:223} INFO -   MinIO ↓ [raw-data] 2026-04-05_10-58/nguon1_diem.parquet (58,001 rows)
[2026-04-05T10:58:37.802+0000] {logging_mixin.py:188} WARNING - [2026-04-05 10:58:37] INFO    utils.minio :   MinIO ↓ [raw-data] 2026-04-05_10-58/nguon1_tong_hop_ket_qua.parquet (1,695 rows)
[2026-04-05T10:58:37.802+0000] {minio_client.py:223} INFO -   MinIO ↓ [raw-data] 2026-04-05_10-58/nguon1_tong_hop_ket_qua.parquet (1,695 rows)
[2026-04-05T10:58:37.813+0000] {logging_mixin.py:188} WARNING - [2026-04-05 10:58:37] INFO    utils.minio :   MinIO ↓ [raw-data] 2026-04-05_10-58/nguon2_ctsv.parquet (9,238 rows)
[2026-04-05T10:58:37.813+0000] {minio_client.py:223} INFO -   MinIO ↓ [raw-data] 2026-04-05_10-58/nguon2_ctsv.parquet (9,238 rows)
[2026-04-05T10:58:37.826+0000] {logging_mixin.py:188} WARNING - [2026-04-05 10:58:37] INFO    utils.minio :   MinIO ↓ [raw-data] 2026-04-05_10-58/nguon3_tai_chinh.parquet (9,238 rows)
[2026-04-05T10:58:37.826+0000] {minio_client.py:223} INFO -   MinIO ↓ [raw-data] 2026-04-05_10-58/nguon3_tai_chinh.parquet (9,238 rows)
[2026-04-05T10:58:37.828+0000] {logging_mixin.py:188} WARNING - [2026-04-05 10:58:37] INFO    etl.extract :  Load from staging OK — run_id=2026-04-05_10-58
[2026-04-05T10:58:37.828+0000] {extract.py:369} INFO -  Load from staging OK — run_id=2026-04-05_10-58
[2026-04-05T10:58:37.829+0000] {logging_mixin.py:188} WARNING - [2026-04-05 10:58:37] INFO    etl.transform : ==BẮT ĐẦU TRANSFORM==
[2026-04-05T10:58:37.829+0000] {transform.py:72} INFO - ==BẮT ĐẦU TRANSFORM==
[2026-04-05T10:58:37.831+0000] {logging_mixin.py:188} WARNING - [2026-04-05 10:58:37] INFO    etl.transform : ======================================================================
[2026-04-05T10:58:37.830+0000] {transform.py:73} INFO - ======================================================================
[2026-04-05T10:58:37.833+0000] {logging_mixin.py:188} WARNING - [2026-04-05 10:58:37] INFO    etl.transform : ── Bước 1: Transform Dimension Tables ──
[2026-04-05T10:58:37.833+0000] {transform.py:77} INFO - ── Bước 1: Transform Dimension Tables ──
[2026-04-05T10:58:37.837+0000] {logging_mixin.py:188} WARNING - [2026-04-05 10:58:37] INFO    etl.transform :   dim_thoi_gian               →      9 records
[2026-04-05T10:58:37.837+0000] {transform.py:185} INFO -   dim_thoi_gian               →      9 records
[2026-04-05T10:58:37.841+0000] {logging_mixin.py:188} WARNING - [2026-04-05 10:58:37] INFO    etl.transform :   dim_giang_vien              →     45 records
[2026-04-05T10:58:37.841+0000] {transform.py:208} INFO -   dim_giang_vien              →     45 records
[2026-04-05T10:58:37.845+0000] {logging_mixin.py:188} WARNING - [2026-04-05 10:58:37] INFO    etl.transform :   dim_hoc_phan                →    121 records
[2026-04-05T10:58:37.845+0000] {transform.py:235} INFO -   dim_hoc_phan                →    121 records
[2026-04-05T10:58:37.859+0000] {logging_mixin.py:188} WARNING - [2026-04-05 10:58:37] INFO    etl.transform :   dim_sinh_vien               →  1,695 records
[2026-04-05T10:58:37.859+0000] {transform.py:299} INFO -   dim_sinh_vien               →  1,695 records
[2026-04-05T10:58:37.861+0000] {logging_mixin.py:188} WARNING - [2026-04-05 10:58:37] INFO    etl.transform : ── Bước 2: Transform Fact Tables ──
[2026-04-05T10:58:37.861+0000] {transform.py:89} INFO - ── Bước 2: Transform Fact Tables ──
[2026-04-05T10:58:37.880+0000] {logging_mixin.py:188} WARNING - [2026-04-05 10:58:37] INFO    etl.transform :   fact_diem | Tính lại điểm tổng kết cho 1160 bản ghi
[2026-04-05T10:58:37.880+0000] {transform.py:348} INFO -   fact_diem | Tính lại điểm tổng kết cho 1160 bản ghi
[2026-04-05T10:58:37.930+0000] {logging_mixin.py:188} WARNING - [2026-04-05 10:58:37] INFO    etl.transform :   fact_diem                   → 58,001 records
[2026-04-05T10:58:37.930+0000] {transform.py:368} INFO -   fact_diem                   → 58,001 records
[2026-04-05T10:58:37.942+0000] {logging_mixin.py:188} WARNING - [2026-04-05 10:58:37] INFO    etl.transform :   fact_ren_luyen              →  9,238 records
[2026-04-05T10:58:37.941+0000] {transform.py:404} INFO -   fact_ren_luyen              →  9,238 records
[2026-04-05T10:58:37.949+0000] {logging_mixin.py:188} WARNING - [2026-04-05 10:58:37] INFO    etl.transform :   fact_tai_chinh              →  9,238 records
[2026-04-05T10:58:37.949+0000] {transform.py:424} INFO -   fact_tai_chinh              →  9,238 records
[2026-04-05T10:58:37.952+0000] {logging_mixin.py:188} WARNING - [2026-04-05 10:58:37] INFO    etl.transform : ======================================================================
[2026-04-05T10:58:37.951+0000] {transform.py:97} INFO - ======================================================================
[2026-04-05T10:58:37.954+0000] {logging_mixin.py:188} WARNING - [2026-04-05 10:58:37] INFO    etl.transform : TRANSFORM HOÀN TẤT
[2026-04-05T10:58:37.954+0000] {transform.py:98} INFO - TRANSFORM HOÀN TẤT
[2026-04-05T10:58:37.956+0000] {logging_mixin.py:188} WARNING - [2026-04-05 10:58:37] INFO    etl.transform :    dim_giang_vien           :       45 records
[2026-04-05T10:58:37.956+0000] {transform.py:100} INFO -    dim_giang_vien           :       45 records
[2026-04-05T10:58:37.958+0000] {logging_mixin.py:188} WARNING - [2026-04-05 10:58:37] INFO    etl.transform :    dim_sinh_vien            :    1,695 records
[2026-04-05T10:58:37.958+0000] {transform.py:100} INFO -    dim_sinh_vien            :    1,695 records
[2026-04-05T10:58:37.959+0000] {logging_mixin.py:188} WARNING - [2026-04-05 10:58:37] INFO    etl.transform :    dim_hoc_phan             :      121 records
[2026-04-05T10:58:37.959+0000] {transform.py:100} INFO -    dim_hoc_phan             :      121 records
[2026-04-05T10:58:37.961+0000] {logging_mixin.py:188} WARNING - [2026-04-05 10:58:37] INFO    etl.transform :    dim_thoi_gian            :        9 records
[2026-04-05T10:58:37.961+0000] {transform.py:100} INFO -    dim_thoi_gian            :        9 records
[2026-04-05T10:58:37.963+0000] {logging_mixin.py:188} WARNING - [2026-04-05 10:58:37] INFO    etl.transform :    fact_diem                :   58,001 records
[2026-04-05T10:58:37.963+0000] {transform.py:100} INFO -    fact_diem                :   58,001 records
[2026-04-05T10:58:37.964+0000] {logging_mixin.py:188} WARNING - [2026-04-05 10:58:37] INFO    etl.transform :    fact_ren_luyen           :    9,238 records
[2026-04-05T10:58:37.964+0000] {transform.py:100} INFO -    fact_ren_luyen           :    9,238 records
[2026-04-05T10:58:37.966+0000] {logging_mixin.py:188} WARNING - [2026-04-05 10:58:37] INFO    etl.transform :    fact_tai_chinh           :    9,238 records
[2026-04-05T10:58:37.966+0000] {transform.py:100} INFO -    fact_tai_chinh           :    9,238 records
[2026-04-05T10:58:37.967+0000] {logging_mixin.py:188} WARNING - [2026-04-05 10:58:37] INFO    etl.transform : ======================================================================
[2026-04-05T10:58:37.967+0000] {transform.py:101} INFO - ======================================================================
[2026-04-05T10:58:37.988+0000] {logging_mixin.py:188} WARNING - [2026-04-05 10:58:37] INFO    utils.minio :   MinIO ↑ [staging-data] 2026-04-05_10-58/dim_hoc_ky.parquet (5.3 KB | 9 rows)
[2026-04-05T10:58:37.988+0000] {minio_client.py:142} INFO -   MinIO ↑ [staging-data] 2026-04-05_10-58/dim_hoc_ky.parquet (5.3 KB | 9 rows)
[2026-04-05T10:58:38.000+0000] {logging_mixin.py:188} WARNING - [2026-04-05 10:58:38] INFO    utils.minio :   MinIO ↑ [staging-data] 2026-04-05_10-58/dim_giang_vien.parquet (8.9 KB | 45 rows)
[2026-04-05T10:58:38.000+0000] {minio_client.py:142} INFO -   MinIO ↑ [staging-data] 2026-04-05_10-58/dim_giang_vien.parquet (8.9 KB | 45 rows)
[2026-04-05T10:58:38.009+0000] {logging_mixin.py:188} WARNING - [2026-04-05 10:58:38] INFO    utils.minio :   MinIO ↑ [staging-data] 2026-04-05_10-58/dim_hoc_phan.parquet (11.0 KB | 121 rows)
[2026-04-05T10:58:38.009+0000] {minio_client.py:142} INFO -   MinIO ↑ [staging-data] 2026-04-05_10-58/dim_hoc_phan.parquet (11.0 KB | 121 rows)
[2026-04-05T10:58:38.027+0000] {logging_mixin.py:188} WARNING - [2026-04-05 10:58:38] INFO    utils.minio :   MinIO ↑ [staging-data] 2026-04-05_10-58/dim_sinh_vien.parquet (72.9 KB | 1,695 rows)
[2026-04-05T10:58:38.027+0000] {minio_client.py:142} INFO -   MinIO ↑ [staging-data] 2026-04-05_10-58/dim_sinh_vien.parquet (72.9 KB | 1,695 rows)
[2026-04-05T10:58:38.092+0000] {logging_mixin.py:188} WARNING - [2026-04-05 10:58:38] INFO    utils.minio :   MinIO ↑ [staging-data] 2026-04-05_10-58/fact_diem.parquet (908.9 KB | 58,001 rows)
[2026-04-05T10:58:38.092+0000] {minio_client.py:142} INFO -   MinIO ↑ [staging-data] 2026-04-05_10-58/fact_diem.parquet (908.9 KB | 58,001 rows)
[2026-04-05T10:58:38.109+0000] {logging_mixin.py:188} WARNING - [2026-04-05 10:58:38] INFO    utils.minio :   MinIO ↑ [staging-data] 2026-04-05_10-58/fact_ren_luyen.parquet (39.7 KB | 9,238 rows)
[2026-04-05T10:58:38.109+0000] {minio_client.py:142} INFO -   MinIO ↑ [staging-data] 2026-04-05_10-58/fact_ren_luyen.parquet (39.7 KB | 9,238 rows)
[2026-04-05T10:58:38.126+0000] {logging_mixin.py:188} WARNING - [2026-04-05 10:58:38] INFO    utils.minio :   MinIO ↑ [staging-data] 2026-04-05_10-58/fact_tai_chinh.parquet (66.6 KB | 9,238 rows)
[2026-04-05T10:58:38.126+0000] {minio_client.py:142} INFO -   MinIO ↑ [staging-data] 2026-04-05_10-58/fact_tai_chinh.parquet (66.6 KB | 9,238 rows)
[2026-04-05T10:58:38.128+0000] {logging_mixin.py:188} WARNING - [2026-04-05 10:58:38] INFO    etl.transform :   MinIO staging-data: 7/7 files OK → run_id=2026-04-05_10-58
[2026-04-05T10:58:38.128+0000] {transform.py:133} INFO -   MinIO staging-data: 7/7 files OK → run_id=2026-04-05_10-58
[2026-04-05T10:58:38.159+0000] {logging_mixin.py:188} INFO - Transform xong: {'dim_giang_vien': 45, 'dim_sinh_vien': 1695, 'dim_hoc_phan': 121, 'dim_thoi_gian': 9, 'fact_diem': 58001, 'fact_ren_luyen': 9238, 'fact_tai_chinh': 9238}
[2026-04-05T10:58:38.162+0000] {python.py:201} INFO - Done. Returned value was: {'dim_giang_vien': 45, 'dim_sinh_vien': 1695, 'dim_hoc_phan': 121, 'dim_thoi_gian': 9, 'fact_diem': 58001, 'fact_ren_luyen': 9238, 'fact_tai_chinh': 9238}
[2026-04-05T10:58:38.186+0000] {taskinstance.py:1138} INFO - Marking task as SUCCESS. dag_id=daily_student_pipeline, task_id=transform_data, execution_date=20260405T105823, start_date=20260405T105836, end_date=20260405T105838
[2026-04-05T10:58:38.214+0000] {local_task_job_runner.py:234} INFO - Task exited with return code 0
[2026-04-05T10:58:38.239+0000] {taskinstance.py:3280} INFO - 1 downstream tasks scheduled from follow-on schedule check
