[2026-04-19T06:38:42.877+0000] {taskinstance.py:1956} INFO - Dependencies all met for dep_context=non-requeueable deps ti=<TaskInstance: daily_student_pipeline.load_data scheduled__2026-04-18T02:00:00+00:00 [queued]>
[2026-04-19T06:38:42.885+0000] {taskinstance.py:1956} INFO - Dependencies all met for dep_context=requeueable deps ti=<TaskInstance: daily_student_pipeline.load_data scheduled__2026-04-18T02:00:00+00:00 [queued]>
[2026-04-19T06:38:42.886+0000] {taskinstance.py:2170} INFO - Starting attempt 1 of 1
[2026-04-19T06:38:42.897+0000] {taskinstance.py:2191} INFO - Executing <Task(PythonOperator): load_data> on 2026-04-18 02:00:00+00:00
[2026-04-19T06:38:42.901+0000] {standard_task_runner.py:60} INFO - Started process 376 to run task
[2026-04-19T06:38:42.903+0000] {standard_task_runner.py:87} INFO - Running: ['***', 'tasks', 'run', 'daily_student_pipeline', 'load_data', 'scheduled__2026-04-18T02:00:00+00:00', '--job-id', '331', '--raw', '--subdir', 'DAGS_FOLDER/daily_student_pipeline.py', '--cfg-path', '/tmp/tmpqkn892m9']
[2026-04-19T06:38:42.906+0000] {standard_task_runner.py:88} INFO - Job 331: Subtask load_data
[2026-04-19T06:38:42.971+0000] {task_command.py:423} INFO - Running <TaskInstance: daily_student_pipeline.load_data scheduled__2026-04-18T02:00:00+00:00 [running]> on host dc2680f839d5
[2026-04-19T06:38:43.070+0000] {taskinstance.py:2480} INFO - Exporting env vars: AIRFLOW_CTX_DAG_OWNER='nhom8' AIRFLOW_CTX_DAG_ID='daily_student_pipeline' AIRFLOW_CTX_TASK_ID='load_data' AIRFLOW_CTX_EXECUTION_DATE='2026-04-18T02:00:00+00:00' AIRFLOW_CTX_TRY_NUMBER='1' AIRFLOW_CTX_DAG_RUN_ID='scheduled__2026-04-18T02:00:00+00:00'
[2026-04-19T06:38:43.772+0000] {logging_mixin.py:188} WARNING - [2026-04-19 06:38:43] INFO    etl.transform :   Load TransformedData từ MinIO staging: run_id=2026-04-19_06-38
[2026-04-19T06:38:43.771+0000] {transform.py:159} INFO -   Load TransformedData từ MinIO staging: run_id=2026-04-19_06-38
[2026-04-19T06:38:43.814+0000] {logging_mixin.py:188} WARNING - [2026-04-19 06:38:43] INFO    utils.minio :   MinIO ↓ [staging-data] 2026-04-19_06-38/dim_hoc_ky.parquet (9 rows)
[2026-04-19T06:38:43.813+0000] {minio_client.py:223} INFO -   MinIO ↓ [staging-data] 2026-04-19_06-38/dim_hoc_ky.parquet (9 rows)
[2026-04-19T06:38:43.828+0000] {logging_mixin.py:188} WARNING - [2026-04-19 06:38:43] INFO    utils.minio :   MinIO ↓ [staging-data] 2026-04-19_06-38/dim_giang_vien.parquet (45 rows)
[2026-04-19T06:38:43.827+0000] {minio_client.py:223} INFO -   MinIO ↓ [staging-data] 2026-04-19_06-38/dim_giang_vien.parquet (45 rows)
[2026-04-19T06:38:43.842+0000] {logging_mixin.py:188} WARNING - [2026-04-19 06:38:43] INFO    utils.minio :   MinIO ↓ [staging-data] 2026-04-19_06-38/dim_hoc_phan.parquet (121 rows)
[2026-04-19T06:38:43.842+0000] {minio_client.py:223} INFO -   MinIO ↓ [staging-data] 2026-04-19_06-38/dim_hoc_phan.parquet (121 rows)
[2026-04-19T06:38:43.857+0000] {logging_mixin.py:188} WARNING - [2026-04-19 06:38:43] INFO    utils.minio :   MinIO ↓ [staging-data] 2026-04-19_06-38/dim_sinh_vien.parquet (1,695 rows)
[2026-04-19T06:38:43.857+0000] {minio_client.py:223} INFO -   MinIO ↓ [staging-data] 2026-04-19_06-38/dim_sinh_vien.parquet (1,695 rows)
[2026-04-19T06:38:43.876+0000] {logging_mixin.py:188} WARNING - [2026-04-19 06:38:43] INFO    utils.minio :   MinIO ↓ [staging-data] 2026-04-19_06-38/fact_diem.parquet (58,001 rows)
[2026-04-19T06:38:43.875+0000] {minio_client.py:223} INFO -   MinIO ↓ [staging-data] 2026-04-19_06-38/fact_diem.parquet (58,001 rows)
[2026-04-19T06:38:43.896+0000] {logging_mixin.py:188} WARNING - [2026-04-19 06:38:43] INFO    utils.minio :   MinIO ↓ [staging-data] 2026-04-19_06-38/fact_dang_ky.parquet (58,001 rows)
[2026-04-19T06:38:43.896+0000] {minio_client.py:223} INFO -   MinIO ↓ [staging-data] 2026-04-19_06-38/fact_dang_ky.parquet (58,001 rows)
[2026-04-19T06:38:43.907+0000] {logging_mixin.py:188} WARNING - [2026-04-19 06:38:43] INFO    utils.minio :   MinIO ↓ [staging-data] 2026-04-19_06-38/fact_ren_luyen.parquet (9,238 rows)
[2026-04-19T06:38:43.907+0000] {minio_client.py:223} INFO -   MinIO ↓ [staging-data] 2026-04-19_06-38/fact_ren_luyen.parquet (9,238 rows)
[2026-04-19T06:38:43.918+0000] {logging_mixin.py:188} WARNING - [2026-04-19 06:38:43] INFO    utils.minio :   MinIO ↓ [staging-data] 2026-04-19_06-38/fact_tai_chinh.parquet (9,238 rows)
[2026-04-19T06:38:43.918+0000] {minio_client.py:223} INFO -   MinIO ↓ [staging-data] 2026-04-19_06-38/fact_tai_chinh.parquet (9,238 rows)
[2026-04-19T06:38:43.919+0000] {logging_mixin.py:188} WARNING - [2026-04-19 06:38:43] INFO    etl.transform : Load from staging-data OK — run_id=2026-04-19_06-38
[2026-04-19T06:38:43.919+0000] {transform.py:172} INFO - Load from staging-data OK — run_id=2026-04-19_06-38
[2026-04-19T06:38:43.921+0000] {logging_mixin.py:188} WARNING - [2026-04-19 06:38:43] INFO    etl.load : ==BẮT ĐẦU LOAD VÀO DATA WAREHOUSE==
[2026-04-19T06:38:43.920+0000] {load.py:39} INFO - ==BẮT ĐẦU LOAD VÀO DATA WAREHOUSE==
[2026-04-19T06:38:43.922+0000] {logging_mixin.py:188} WARNING - [2026-04-19 06:38:43] INFO    etl.load : ======================================================================
[2026-04-19T06:38:43.922+0000] {load.py:40} INFO - ======================================================================
[2026-04-19T06:38:43.923+0000] {logging_mixin.py:188} WARNING - [2026-04-19 06:38:43] INFO    etl.load : Tạo schema warehouse từ warehouse_models.py...
[2026-04-19T06:38:43.923+0000] {load.py:109} INFO - Tạo schema warehouse từ warehouse_models.py...
[2026-04-19T06:38:43.952+0000] {logging_mixin.py:188} WARNING - [2026-04-19 06:38:43] INFO    etl.load :   Schema warehouse OK
[2026-04-19T06:38:43.952+0000] {load.py:111} INFO -   Schema warehouse OK
[2026-04-19T06:38:43.953+0000] {logging_mixin.py:188} WARNING - [2026-04-19 06:38:43] INFO    etl.load : ── Bước 1: Load Dimension Tables ──
[2026-04-19T06:38:43.953+0000] {load.py:45} INFO - ── Bước 1: Load Dimension Tables ──
[2026-04-19T06:38:43.979+0000] {logging_mixin.py:188} WARNING - [2026-04-19 06:38:43] INFO    etl.load :   dim_hoc_ky     →      9 records (new: 0)
[2026-04-19T06:38:43.979+0000] {load.py:200} INFO -   dim_hoc_ky     →      9 records (new: 0)
[2026-04-19T06:38:44.013+0000] {logging_mixin.py:188} WARNING - [2026-04-19 06:38:44] INFO    etl.load :   dim_giang_vien →     45 records (new: 0)
[2026-04-19T06:38:44.013+0000] {load.py:250} INFO -   dim_giang_vien →     45 records (new: 0)
[2026-04-19T06:38:44.090+0000] {logging_mixin.py:188} WARNING - [2026-04-19 06:38:44] INFO    etl.load :   dim_hoc_phan   →    121 records (new: 0)
[2026-04-19T06:38:44.090+0000] {load.py:298} INFO -   dim_hoc_phan   →    121 records (new: 0)
[2026-04-19T06:38:45.350+0000] {logging_mixin.py:188} WARNING - [2026-04-19 06:38:45] INFO    etl.load :   dim_sinh_vien →  1,695 records (new: 0, SCD2: 0, fact cascade: 0)
[2026-04-19T06:38:45.350+0000] {load.py:407} INFO -   dim_sinh_vien →  1,695 records (new: 0, SCD2: 0, fact cascade: 0)
[2026-04-19T06:38:45.352+0000] {logging_mixin.py:188} WARNING - [2026-04-19 06:38:45] INFO    etl.load : ── Bước 2: Build Surrogate Key Cache ──
[2026-04-19T06:38:45.352+0000] {load.py:51} INFO - ── Bước 2: Build Surrogate Key Cache ──
[2026-04-19T06:38:45.353+0000] {logging_mixin.py:188} WARNING - [2026-04-19 06:38:45] INFO    etl.load : Building surrogate key caches...
[2026-04-19T06:38:45.353+0000] {load.py:114} INFO - Building surrogate key caches...
[2026-04-19T06:38:45.365+0000] {logging_mixin.py:188} WARNING - [2026-04-19 06:38:45] INFO    etl.load :   SV=1695, HP=121, GV=45, HK=9
[2026-04-19T06:38:45.365+0000] {load.py:142} INFO -   SV=1695, HP=121, GV=45, HK=9
[2026-04-19T06:38:45.366+0000] {logging_mixin.py:188} WARNING - [2026-04-19 06:38:45] INFO    etl.load : ── Bước 3: Load Fact Tables ──
[2026-04-19T06:38:45.366+0000] {load.py:54} INFO - ── Bước 3: Load Fact Tables ──
[2026-04-19T06:39:02.996+0000] {logging_mixin.py:188} WARNING - [2026-04-19 06:39:02] INFO    etl.load :   fact_hoc_tap   → 58,001 records (upserted)
[2026-04-19T06:39:02.996+0000] {load.py:557} INFO -   fact_hoc_tap   → 58,001 records (upserted)
[2026-04-19T06:39:12.734+0000] {logging_mixin.py:188} WARNING - [2026-04-19 06:39:12] INFO    etl.load :   fact_dang_ky   → 58,001 records (upserted)
[2026-04-19T06:39:12.734+0000] {load.py:629} INFO -   fact_dang_ky   → 58,001 records (upserted)
[2026-04-19T06:39:14.389+0000] {logging_mixin.py:188} WARNING - [2026-04-19 06:39:14] INFO    etl.load :   fact_ctsv      →  9,238 records (upserted)
[2026-04-19T06:39:14.389+0000] {load.py:739} INFO -   fact_ctsv      →  9,238 records (upserted)
[2026-04-19T06:39:16.129+0000] {logging_mixin.py:188} WARNING - [2026-04-19 06:39:16] INFO    etl.load :   fact_tai_chinh →  9,238 records (upserted)
[2026-04-19T06:39:16.129+0000] {load.py:806} INFO -   fact_tai_chinh →  9,238 records (upserted)
[2026-04-19T06:39:16.131+0000] {logging_mixin.py:188} WARNING - [2026-04-19 06:39:16] INFO    etl.load : ── Bước 4: Build Aggregation ──
[2026-04-19T06:39:16.131+0000] {load.py:61} INFO - ── Bước 4: Build Aggregation ──
[2026-04-19T06:39:16.131+0000] {logging_mixin.py:188} WARNING - [2026-04-19 06:39:16] INFO    etl.aggregation : == BẮT ĐẦU AGGREGATION ==
[2026-04-19T06:39:16.131+0000] {aggregation.py:12} INFO - == BẮT ĐẦU AGGREGATION ==
[2026-04-19T06:39:16.424+0000] {logging_mixin.py:188} WARNING - [2026-04-19 06:39:16] INFO    etl.aggregation :   agg_student_summary → 1,695 records
[2026-04-19T06:39:16.423+0000] {aggregation.py:189} INFO -   agg_student_summary → 1,695 records
[2026-04-19T06:39:16.426+0000] {logging_mixin.py:188} WARNING - [2026-04-19 06:39:16] INFO    etl.aggregation :   agg_student_summary rebuilt : 1,695
[2026-04-19T06:39:16.426+0000] {aggregation.py:14} INFO -   agg_student_summary rebuilt : 1,695
[2026-04-19T06:39:16.428+0000] {logging_mixin.py:188} WARNING - [2026-04-19 06:39:16] INFO    etl.aggregation : == AGGREGATION HOÀN TẤT ==
[2026-04-19T06:39:16.428+0000] {aggregation.py:15} INFO - == AGGREGATION HOÀN TẤT ==
[2026-04-19T06:39:16.430+0000] {logging_mixin.py:188} WARNING - [2026-04-19 06:39:16] INFO    etl.load : ======================================================================
[2026-04-19T06:39:16.429+0000] {load.py:65} INFO - ======================================================================
[2026-04-19T06:39:16.431+0000] {logging_mixin.py:188} WARNING - [2026-04-19 06:39:16] INFO    etl.load : LOAD HOÀN TẤT
[2026-04-19T06:39:16.431+0000] {load.py:66} INFO - LOAD HOÀN TẤT
[2026-04-19T06:39:16.433+0000] {logging_mixin.py:188} WARNING - [2026-04-19 06:39:16] INFO    etl.load :   dim_hoc_ky               :        9 records
[2026-04-19T06:39:16.433+0000] {load.py:69} INFO -   dim_hoc_ky               :        9 records
[2026-04-19T06:39:16.435+0000] {logging_mixin.py:188} WARNING - [2026-04-19 06:39:16] INFO    etl.load :   dim_giang_vien           :       45 records
[2026-04-19T06:39:16.435+0000] {load.py:69} INFO -   dim_giang_vien           :       45 records
[2026-04-19T06:39:16.437+0000] {logging_mixin.py:188} WARNING - [2026-04-19 06:39:16] INFO    etl.load :   dim_hoc_phan             :      121 records
[2026-04-19T06:39:16.437+0000] {load.py:69} INFO -   dim_hoc_phan             :      121 records
[2026-04-19T06:39:16.439+0000] {logging_mixin.py:188} WARNING - [2026-04-19 06:39:16] INFO    etl.load :   dim_sinh_vien            :        0 records
[2026-04-19T06:39:16.439+0000] {load.py:69} INFO -   dim_sinh_vien            :        0 records
[2026-04-19T06:39:16.441+0000] {logging_mixin.py:188} WARNING - [2026-04-19 06:39:16] INFO    etl.load :   fact_hoc_tap             :   58,001 records
[2026-04-19T06:39:16.441+0000] {load.py:69} INFO -   fact_hoc_tap             :   58,001 records
[2026-04-19T06:39:16.442+0000] {logging_mixin.py:188} WARNING - [2026-04-19 06:39:16] INFO    etl.load :   fact_dang_ky             :   58,001 records
[2026-04-19T06:39:16.442+0000] {load.py:69} INFO -   fact_dang_ky             :   58,001 records
[2026-04-19T06:39:16.444+0000] {logging_mixin.py:188} WARNING - [2026-04-19 06:39:16] INFO    etl.load :   fact_ctsv                :    9,238 records
[2026-04-19T06:39:16.444+0000] {load.py:69} INFO -   fact_ctsv                :    9,238 records
[2026-04-19T06:39:16.445+0000] {logging_mixin.py:188} WARNING - [2026-04-19 06:39:16] INFO    etl.load :   fact_tai_chinh           :    9,238 records
[2026-04-19T06:39:16.445+0000] {load.py:69} INFO -   fact_tai_chinh           :    9,238 records
[2026-04-19T06:39:16.445+0000] {logging_mixin.py:188} WARNING - [2026-04-19 06:39:16] INFO    etl.load :   agg_student_summary      :    1,695 records
[2026-04-19T06:39:16.445+0000] {load.py:69} INFO -   agg_student_summary      :    1,695 records
[2026-04-19T06:39:16.446+0000] {logging_mixin.py:188} WARNING - [2026-04-19 06:39:16] INFO    etl.load :   TỔNG                     :  136,348 records
[2026-04-19T06:39:16.446+0000] {load.py:71} INFO -   TỔNG                     :  136,348 records
[2026-04-19T06:39:16.447+0000] {logging_mixin.py:188} WARNING - [2026-04-19 06:39:16] INFO    etl.load : ======================================================================
[2026-04-19T06:39:16.447+0000] {load.py:72} INFO - ======================================================================
[2026-04-19T06:39:16.462+0000] {logging_mixin.py:188} INFO - Load xong: {'dim_hoc_ky': 9, 'dim_giang_vien': 45, 'dim_hoc_phan': 121, 'dim_sinh_vien': 0, 'fact_hoc_tap': 58001, 'fact_dang_ky': 58001, 'fact_ctsv': 9238, 'fact_tai_chinh': 9238, 'agg_student_summary': 1695}
[2026-04-19T06:39:16.464+0000] {python.py:201} INFO - Done. Returned value was: {'dim_hoc_ky': 9, 'dim_giang_vien': 45, 'dim_hoc_phan': 121, 'dim_sinh_vien': 0, 'fact_hoc_tap': 58001, 'fact_dang_ky': 58001, 'fact_ctsv': 9238, 'fact_tai_chinh': 9238, 'agg_student_summary': 1695}
[2026-04-19T06:39:16.487+0000] {taskinstance.py:1138} INFO - Marking task as SUCCESS. dag_id=daily_student_pipeline, task_id=load_data, execution_date=20260418T020000, start_date=20260419T063842, end_date=20260419T063916
[2026-04-19T06:39:16.540+0000] {local_task_job_runner.py:234} INFO - Task exited with return code 0
[2026-04-19T06:39:16.570+0000] {taskinstance.py:3280} INFO - 1 downstream tasks scheduled from follow-on schedule check
