[2026-04-27T14:49:38.203+0000] {taskinstance.py:1956} INFO - Dependencies all met for dep_context=non-requeueable deps ti=<TaskInstance: daily_student_pipeline.load_data manual__2026-04-27T14:49:01.668300+00:00 [queued]>
[2026-04-27T14:49:38.213+0000] {taskinstance.py:1956} INFO - Dependencies all met for dep_context=requeueable deps ti=<TaskInstance: daily_student_pipeline.load_data manual__2026-04-27T14:49:01.668300+00:00 [queued]>
[2026-04-27T14:49:38.214+0000] {taskinstance.py:2170} INFO - Starting attempt 1 of 1
[2026-04-27T14:49:38.229+0000] {taskinstance.py:2191} INFO - Executing <Task(PythonOperator): load_data> on 2026-04-27 14:49:01.668300+00:00
[2026-04-27T14:49:38.233+0000] {standard_task_runner.py:60} INFO - Started process 23698 to run task
[2026-04-27T14:49:38.235+0000] {standard_task_runner.py:87} INFO - Running: ['***', 'tasks', 'run', 'daily_student_pipeline', 'load_data', 'manual__2026-04-27T14:49:01.668300+00:00', '--job-id', '529', '--raw', '--subdir', 'DAGS_FOLDER/daily_student_pipeline.py', '--cfg-path', '/tmp/tmp8lqakti4']
[2026-04-27T14:49:38.238+0000] {standard_task_runner.py:88} INFO - Job 529: Subtask load_data
[2026-04-27T14:49:38.309+0000] {task_command.py:423} INFO - Running <TaskInstance: daily_student_pipeline.load_data manual__2026-04-27T14:49:01.668300+00:00 [running]> on host 759b8b5e27b5
[2026-04-27T14:49:38.416+0000] {taskinstance.py:2480} INFO - Exporting env vars: AIRFLOW_CTX_DAG_OWNER='nhom8' AIRFLOW_CTX_DAG_ID='daily_student_pipeline' AIRFLOW_CTX_TASK_ID='load_data' AIRFLOW_CTX_EXECUTION_DATE='2026-04-27T14:49:01.668300+00:00' AIRFLOW_CTX_TRY_NUMBER='1' AIRFLOW_CTX_DAG_RUN_ID='manual__2026-04-27T14:49:01.668300+00:00'
[2026-04-27T14:49:38.988+0000] {taskinstance.py:2698} ERROR - Task failed with exception
Traceback (most recent call last):
  File "/home/airflow/.local/lib/python3.11/site-packages/airflow/models/taskinstance.py", line 433, in _execute_task
    result = execute_callable(context=context, **execute_callable_kwargs)
             ^^^^^^^^^^^^^^^^^^^^^^^^^^^^^^^^^^^^^^^^^^^^^^^^^^^^^^^^^^^^
  File "/home/airflow/.local/lib/python3.11/site-packages/airflow/operators/python.py", line 199, in execute
    return_value = self.execute_callable()
                   ^^^^^^^^^^^^^^^^^^^^^^^
  File "/home/airflow/.local/lib/python3.11/site-packages/airflow/operators/python.py", line 216, in execute_callable
    return self.python_callable(*self.op_args, **self.op_kwargs)
           ^^^^^^^^^^^^^^^^^^^^^^^^^^^^^^^^^^^^^^^^^^^^^^^^^^^^^
  File "/opt/airflow/dags/daily_student_pipeline.py", line 150, in task_load
    from src.etl.load      import DataLoader
  File "/opt/airflow/src/etl/load.py", line 887
    except Exception as e:
SyntaxError: expected 'except' or 'finally' block
[2026-04-27T14:49:39.004+0000] {taskinstance.py:1138} INFO - Marking task as FAILED. dag_id=daily_student_pipeline, task_id=load_data, execution_date=20260427T144901, start_date=20260427T144938, end_date=20260427T144939
[2026-04-27T14:49:39.020+0000] {standard_task_runner.py:107} ERROR - Failed to execute job 529 for task load_data (expected 'except' or 'finally' block (load.py, line 887); 23698)
[2026-04-27T14:49:39.049+0000] {local_task_job_runner.py:234} INFO - Task exited with return code 1
[2026-04-27T14:49:39.071+0000] {taskinstance.py:3280} INFO - 0 downstream tasks scheduled from follow-on schedule check
