[2026-04-27T01:30:32.732+0000] {taskinstance.py:1956} INFO - Dependencies all met for dep_context=non-requeueable deps ti=<TaskInstance: daily_student_pipeline.transform_data manual__2026-04-27T01:30:16.423221+00:00 [queued]>
[2026-04-27T01:30:32.739+0000] {taskinstance.py:1956} INFO - Dependencies all met for dep_context=requeueable deps ti=<TaskInstance: daily_student_pipeline.transform_data manual__2026-04-27T01:30:16.423221+00:00 [queued]>
[2026-04-27T01:30:32.740+0000] {taskinstance.py:2170} INFO - Starting attempt 1 of 1
[2026-04-27T01:30:32.750+0000] {taskinstance.py:2191} INFO - Executing <Task(PythonOperator): transform_data> on 2026-04-27 01:30:16.423221+00:00
[2026-04-27T01:30:32.754+0000] {standard_task_runner.py:60} INFO - Started process 8998 to run task
[2026-04-27T01:30:32.756+0000] {standard_task_runner.py:87} INFO - Running: ['***', 'tasks', 'run', 'daily_student_pipeline', 'transform_data', 'manual__2026-04-27T01:30:16.423221+00:00', '--job-id', '492', '--raw', '--subdir', 'DAGS_FOLDER/daily_student_pipeline.py', '--cfg-path', '/tmp/tmp_miignwb']
[2026-04-27T01:30:32.759+0000] {standard_task_runner.py:88} INFO - Job 492: Subtask transform_data
[2026-04-27T01:30:32.829+0000] {task_command.py:423} INFO - Running <TaskInstance: daily_student_pipeline.transform_data manual__2026-04-27T01:30:16.423221+00:00 [running]> on host 759b8b5e27b5
[2026-04-27T01:30:32.909+0000] {taskinstance.py:2480} INFO - Exporting env vars: AIRFLOW_CTX_DAG_OWNER='nhom8' AIRFLOW_CTX_DAG_ID='daily_student_pipeline' AIRFLOW_CTX_TASK_ID='transform_data' AIRFLOW_CTX_EXECUTION_DATE='2026-04-27T01:30:16.423221+00:00' AIRFLOW_CTX_TRY_NUMBER='1' AIRFLOW_CTX_DAG_RUN_ID='manual__2026-04-27T01:30:16.423221+00:00'
[2026-04-27T01:30:33.554+0000] {logging_mixin.py:188} WARNING - [2026-04-27 01:30:33] INFO    etl.extract :   Load from MinIO staging: run_id=2026-04-27_01-30
[2026-04-27T01:30:33.554+0000] {extract.py:502} INFO -   Load from MinIO staging: run_id=2026-04-27_01-30
[2026-04-27T01:30:33.588+0000] {logging_mixin.py:188} WARNING - [2026-04-27 01:30:33] INFO    utils.minio :   MinIO ↓ [raw-data] 2026-04-27_01-30/nguon1_khoa.parquet (4 rows)
[2026-04-27T01:30:33.588+0000] {minio_client.py:223} INFO -   MinIO ↓ [raw-data] 2026-04-27_01-30/nguon1_khoa.parquet (4 rows)
[2026-04-27T01:30:33.598+0000] {logging_mixin.py:188} WARNING - [2026-04-27 01:30:33] INFO    utils.minio :   MinIO ↓ [raw-data] 2026-04-27_01-30/nguon1_nganh.parquet (3 rows)
[2026-04-27T01:30:33.598+0000] {minio_client.py:223} INFO -   MinIO ↓ [raw-data] 2026-04-27_01-30/nguon1_nganh.parquet (3 rows)
[2026-04-27T01:30:33.612+0000] {logging_mixin.py:188} WARNING - [2026-04-27 01:30:33] INFO    utils.minio :   MinIO ↓ [raw-data] 2026-04-27_01-30/nguon1_giang_vien.parquet (45 rows)
[2026-04-27T01:30:33.612+0000] {minio_client.py:223} INFO -   MinIO ↓ [raw-data] 2026-04-27_01-30/nguon1_giang_vien.parquet (45 rows)
[2026-04-27T01:30:33.622+0000] {logging_mixin.py:188} WARNING - [2026-04-27 01:30:33] INFO    utils.minio :   MinIO ↓ [raw-data] 2026-04-27_01-30/nguon1_lop_hanh_chinh.parquet (48 rows)
[2026-04-27T01:30:33.622+0000] {minio_client.py:223} INFO -   MinIO ↓ [raw-data] 2026-04-27_01-30/nguon1_lop_hanh_chinh.parquet (48 rows)
[2026-04-27T01:30:33.637+0000] {logging_mixin.py:188} WARNING - [2026-04-27 01:30:33] INFO    utils.minio :   MinIO ↓ [raw-data] 2026-04-27_01-30/nguon1_sinh_vien.parquet (1,695 rows)
[2026-04-27T01:30:33.636+0000] {minio_client.py:223} INFO -   MinIO ↓ [raw-data] 2026-04-27_01-30/nguon1_sinh_vien.parquet (1,695 rows)
[2026-04-27T01:30:33.647+0000] {logging_mixin.py:188} WARNING - [2026-04-27 01:30:33] INFO    utils.minio :   MinIO ↓ [raw-data] 2026-04-27_01-30/nguon1_hoc_phan.parquet (121 rows)
[2026-04-27T01:30:33.647+0000] {minio_client.py:223} INFO -   MinIO ↓ [raw-data] 2026-04-27_01-30/nguon1_hoc_phan.parquet (121 rows)
[2026-04-27T01:30:33.659+0000] {logging_mixin.py:188} WARNING - [2026-04-27 01:30:33] INFO    utils.minio :   MinIO ↓ [raw-data] 2026-04-27_01-30/nguon1_hoc_ky.parquet (13 rows)
[2026-04-27T01:30:33.659+0000] {minio_client.py:223} INFO -   MinIO ↓ [raw-data] 2026-04-27_01-30/nguon1_hoc_ky.parquet (13 rows)
[2026-04-27T01:30:33.684+0000] {logging_mixin.py:188} WARNING - [2026-04-27 01:30:33] INFO    utils.minio :   MinIO ↓ [raw-data] 2026-04-27_01-30/nguon1_dang_ky.parquet (55,971 rows)
[2026-04-27T01:30:33.684+0000] {minio_client.py:223} INFO -   MinIO ↓ [raw-data] 2026-04-27_01-30/nguon1_dang_ky.parquet (55,971 rows)
[2026-04-27T01:30:33.719+0000] {logging_mixin.py:188} WARNING - [2026-04-27 01:30:33] INFO    utils.minio :   MinIO ↓ [raw-data] 2026-04-27_01-30/nguon1_diem.parquet (55,535 rows)
[2026-04-27T01:30:33.719+0000] {minio_client.py:223} INFO -   MinIO ↓ [raw-data] 2026-04-27_01-30/nguon1_diem.parquet (55,535 rows)
[2026-04-27T01:30:33.730+0000] {logging_mixin.py:188} WARNING - [2026-04-27 01:30:33] INFO    utils.minio :   MinIO ↓ [raw-data] 2026-04-27_01-30/nguon1_tong_hop_ket_qua.parquet (1,695 rows)
[2026-04-27T01:30:33.730+0000] {minio_client.py:223} INFO -   MinIO ↓ [raw-data] 2026-04-27_01-30/nguon1_tong_hop_ket_qua.parquet (1,695 rows)
[2026-04-27T01:30:33.745+0000] {logging_mixin.py:188} WARNING - [2026-04-27 01:30:33] INFO    utils.minio :   MinIO ↓ [raw-data] 2026-04-27_01-30/nguon2_ctsv.parquet (9,962 rows)
[2026-04-27T01:30:33.745+0000] {minio_client.py:223} INFO -   MinIO ↓ [raw-data] 2026-04-27_01-30/nguon2_ctsv.parquet (9,962 rows)
[2026-04-27T01:30:33.759+0000] {logging_mixin.py:188} WARNING - [2026-04-27 01:30:33] INFO    utils.minio :   MinIO ↓ [raw-data] 2026-04-27_01-30/nguon3_tai_chinh.parquet (9,670 rows)
[2026-04-27T01:30:33.759+0000] {minio_client.py:223} INFO -   MinIO ↓ [raw-data] 2026-04-27_01-30/nguon3_tai_chinh.parquet (9,670 rows)
[2026-04-27T01:30:33.760+0000] {logging_mixin.py:188} WARNING - [2026-04-27 01:30:33] INFO    etl.extract :  Load from staging OK — run_id=2026-04-27_01-30
[2026-04-27T01:30:33.760+0000] {extract.py:519} INFO -  Load from staging OK — run_id=2026-04-27_01-30
[2026-04-27T01:30:33.762+0000] {logging_mixin.py:188} WARNING - [2026-04-27 01:30:33] INFO    etl.transform : ==BẮT ĐẦU TRANSFORM==
[2026-04-27T01:30:33.762+0000] {transform.py:75} INFO - ==BẮT ĐẦU TRANSFORM==
[2026-04-27T01:30:33.763+0000] {logging_mixin.py:188} WARNING - [2026-04-27 01:30:33] INFO    etl.transform : ======================================================================
[2026-04-27T01:30:33.763+0000] {transform.py:76} INFO - ======================================================================
[2026-04-27T01:30:33.765+0000] {logging_mixin.py:188} WARNING - [2026-04-27 01:30:33] INFO    etl.transform : ── Bước 1: Transform Dimension Tables ──
[2026-04-27T01:30:33.765+0000] {transform.py:80} INFO - ── Bước 1: Transform Dimension Tables ──
[2026-04-27T01:30:33.770+0000] {logging_mixin.py:188} WARNING - [2026-04-27 01:30:33] INFO    etl.transform :   dim_thoi_gian               →     13 records
[2026-04-27T01:30:33.770+0000] {transform.py:190} INFO -   dim_thoi_gian               →     13 records
[2026-04-27T01:30:33.777+0000] {logging_mixin.py:188} WARNING - [2026-04-27 01:30:33] INFO    etl.transform :   dim_giang_vien              →     45 records
[2026-04-27T01:30:33.776+0000] {transform.py:213} INFO -   dim_giang_vien              →     45 records
[2026-04-27T01:30:33.783+0000] {logging_mixin.py:188} WARNING - [2026-04-27 01:30:33] INFO    etl.transform :   dim_hoc_phan                →    121 records
[2026-04-27T01:30:33.783+0000] {transform.py:240} INFO -   dim_hoc_phan                →    121 records
[2026-04-27T01:30:33.799+0000] {logging_mixin.py:188} WARNING - [2026-04-27 01:30:33] INFO    etl.transform :   dim_sinh_vien               →  1,695 records
[2026-04-27T01:30:33.799+0000] {transform.py:306} INFO -   dim_sinh_vien               →  1,695 records
[2026-04-27T01:30:33.800+0000] {logging_mixin.py:188} WARNING - [2026-04-27 01:30:33] INFO    etl.transform : ── Bước 2: Transform Fact Tables ──
[2026-04-27T01:30:33.800+0000] {transform.py:96} INFO - ── Bước 2: Transform Fact Tables ──
[2026-04-27T01:30:33.855+0000] {logging_mixin.py:188} WARNING - [2026-04-27 01:30:33] INFO    etl.transform :   fact_diem                   → 55,535 records
[2026-04-27T01:30:33.855+0000] {transform.py:376} INFO -   fact_diem                   → 55,535 records
[2026-04-27T01:30:33.895+0000] {logging_mixin.py:188} WARNING - [2026-04-27 01:30:33] INFO    etl.transform :   fact_dang_ky               → 55,971 records
[2026-04-27T01:30:33.895+0000] {transform.py:413} INFO -   fact_dang_ky               → 55,971 records
[2026-04-27T01:30:33.908+0000] {logging_mixin.py:188} WARNING - [2026-04-27 01:30:33] INFO    etl.transform :   fact_ren_luyen              →  9,962 records
[2026-04-27T01:30:33.908+0000] {transform.py:445} INFO -   fact_ren_luyen              →  9,962 records
[2026-04-27T01:30:33.916+0000] {logging_mixin.py:188} WARNING - /opt/***/src/etl/transform.py:467 UserWarning: The argument 'infer_datetime_format' is deprecated and will be removed in a future version. A strict version of it is now the default, see https://pandas.pydata.org/pdeps/0004-consistent-to-datetime-parsing.html. You can safely remove this argument.
[2026-04-27T01:30:33.924+0000] {logging_mixin.py:188} WARNING - [2026-04-27 01:30:33] INFO    etl.transform :   fact_tai_chinh              →  9,670 records
[2026-04-27T01:30:33.924+0000] {transform.py:485} INFO -   fact_tai_chinh              →  9,670 records
[2026-04-27T01:30:33.926+0000] {logging_mixin.py:188} WARNING - [2026-04-27 01:30:33] INFO    etl.transform : ======================================================================
[2026-04-27T01:30:33.926+0000] {transform.py:108} INFO - ======================================================================
[2026-04-27T01:30:33.927+0000] {logging_mixin.py:188} WARNING - [2026-04-27 01:30:33] INFO    etl.transform : TRANSFORM HOÀN TẤT
[2026-04-27T01:30:33.927+0000] {transform.py:109} INFO - TRANSFORM HOÀN TẤT
[2026-04-27T01:30:33.928+0000] {logging_mixin.py:188} WARNING - [2026-04-27 01:30:33] INFO    etl.transform :    dim_giang_vien           :       45 records
[2026-04-27T01:30:33.928+0000] {transform.py:111} INFO -    dim_giang_vien           :       45 records
[2026-04-27T01:30:33.929+0000] {logging_mixin.py:188} WARNING - [2026-04-27 01:30:33] INFO    etl.transform :    dim_sinh_vien            :    1,695 records
[2026-04-27T01:30:33.929+0000] {transform.py:111} INFO -    dim_sinh_vien            :    1,695 records
[2026-04-27T01:30:33.929+0000] {logging_mixin.py:188} WARNING - [2026-04-27 01:30:33] INFO    etl.transform :    dim_hoc_phan             :      121 records
[2026-04-27T01:30:33.929+0000] {transform.py:111} INFO -    dim_hoc_phan             :      121 records
[2026-04-27T01:30:33.930+0000] {logging_mixin.py:188} WARNING - [2026-04-27 01:30:33] INFO    etl.transform :    dim_thoi_gian            :       13 records
[2026-04-27T01:30:33.930+0000] {transform.py:111} INFO -    dim_thoi_gian            :       13 records
[2026-04-27T01:30:33.930+0000] {logging_mixin.py:188} WARNING - [2026-04-27 01:30:33] INFO    etl.transform :    fact_diem                :   55,535 records
[2026-04-27T01:30:33.930+0000] {transform.py:111} INFO -    fact_diem                :   55,535 records
[2026-04-27T01:30:33.931+0000] {logging_mixin.py:188} WARNING - [2026-04-27 01:30:33] INFO    etl.transform :    fact_dang_ky             :   55,971 records
[2026-04-27T01:30:33.931+0000] {transform.py:111} INFO -    fact_dang_ky             :   55,971 records
[2026-04-27T01:30:33.931+0000] {logging_mixin.py:188} WARNING - [2026-04-27 01:30:33] INFO    etl.transform :    fact_ren_luyen           :    9,962 records
[2026-04-27T01:30:33.931+0000] {transform.py:111} INFO -    fact_ren_luyen           :    9,962 records
[2026-04-27T01:30:33.932+0000] {logging_mixin.py:188} WARNING - [2026-04-27 01:30:33] INFO    etl.transform :    fact_tai_chinh           :    9,670 records
[2026-04-27T01:30:33.932+0000] {transform.py:111} INFO -    fact_tai_chinh           :    9,670 records
[2026-04-27T01:30:33.932+0000] {logging_mixin.py:188} WARNING - [2026-04-27 01:30:33] INFO    etl.transform : ======================================================================
[2026-04-27T01:30:33.932+0000] {transform.py:112} INFO - ======================================================================
[2026-04-27T01:30:33.950+0000] {logging_mixin.py:188} WARNING - [2026-04-27 01:30:33] INFO    utils.minio :   MinIO ↑ [staging-data] 2026-04-27_01-30/dim_hoc_ky.parquet (5.4 KB | 13 rows)
[2026-04-27T01:30:33.950+0000] {minio_client.py:142} INFO -   MinIO ↑ [staging-data] 2026-04-27_01-30/dim_hoc_ky.parquet (5.4 KB | 13 rows)
[2026-04-27T01:30:33.960+0000] {logging_mixin.py:188} WARNING - [2026-04-27 01:30:33] INFO    utils.minio :   MinIO ↑ [staging-data] 2026-04-27_01-30/dim_giang_vien.parquet (8.9 KB | 45 rows)
[2026-04-27T01:30:33.960+0000] {minio_client.py:142} INFO -   MinIO ↑ [staging-data] 2026-04-27_01-30/dim_giang_vien.parquet (8.9 KB | 45 rows)
[2026-04-27T01:30:33.969+0000] {logging_mixin.py:188} WARNING - [2026-04-27 01:30:33] INFO    utils.minio :   MinIO ↑ [staging-data] 2026-04-27_01-30/dim_hoc_phan.parquet (11.0 KB | 121 rows)
[2026-04-27T01:30:33.968+0000] {minio_client.py:142} INFO -   MinIO ↑ [staging-data] 2026-04-27_01-30/dim_hoc_phan.parquet (11.0 KB | 121 rows)
[2026-04-27T01:30:33.983+0000] {logging_mixin.py:188} WARNING - [2026-04-27 01:30:33] INFO    utils.minio :   MinIO ↑ [staging-data] 2026-04-27_01-30/dim_sinh_vien.parquet (71.6 KB | 1,695 rows)
[2026-04-27T01:30:33.983+0000] {minio_client.py:142} INFO -   MinIO ↑ [staging-data] 2026-04-27_01-30/dim_sinh_vien.parquet (71.6 KB | 1,695 rows)
[2026-04-27T01:30:34.035+0000] {logging_mixin.py:188} WARNING - [2026-04-27 01:30:34] INFO    utils.minio :   MinIO ↑ [staging-data] 2026-04-27_01-30/fact_diem.parquet (844.9 KB | 55,535 rows)
[2026-04-27T01:30:34.035+0000] {minio_client.py:142} INFO -   MinIO ↑ [staging-data] 2026-04-27_01-30/fact_diem.parquet (844.9 KB | 55,535 rows)
[2026-04-27T01:30:34.089+0000] {logging_mixin.py:188} WARNING - [2026-04-27 01:30:34] INFO    utils.minio :   MinIO ↑ [staging-data] 2026-04-27_01-30/fact_dang_ky.parquet (480.5 KB | 55,971 rows)
[2026-04-27T01:30:34.089+0000] {minio_client.py:142} INFO -   MinIO ↑ [staging-data] 2026-04-27_01-30/fact_dang_ky.parquet (480.5 KB | 55,971 rows)
[2026-04-27T01:30:34.112+0000] {logging_mixin.py:188} WARNING - [2026-04-27 01:30:34] INFO    utils.minio :   MinIO ↑ [staging-data] 2026-04-27_01-30/fact_ren_luyen.parquet (42.0 KB | 9,962 rows)
[2026-04-27T01:30:34.112+0000] {minio_client.py:142} INFO -   MinIO ↑ [staging-data] 2026-04-27_01-30/fact_ren_luyen.parquet (42.0 KB | 9,962 rows)
[2026-04-27T01:30:34.140+0000] {logging_mixin.py:188} WARNING - [2026-04-27 01:30:34] INFO    utils.minio :   MinIO ↑ [staging-data] 2026-04-27_01-30/fact_tai_chinh.parquet (88.7 KB | 9,670 rows)
[2026-04-27T01:30:34.140+0000] {minio_client.py:142} INFO -   MinIO ↑ [staging-data] 2026-04-27_01-30/fact_tai_chinh.parquet (88.7 KB | 9,670 rows)
[2026-04-27T01:30:34.142+0000] {logging_mixin.py:188} WARNING - [2026-04-27 01:30:34] INFO    etl.transform :   MinIO staging-data: 8/8 files OK → run_id=2026-04-27_01-30
[2026-04-27T01:30:34.142+0000] {transform.py:141} INFO -   MinIO staging-data: 8/8 files OK → run_id=2026-04-27_01-30
[2026-04-27T01:30:34.174+0000] {logging_mixin.py:188} INFO - Transform xong: {'dim_giang_vien': 45, 'dim_sinh_vien': 1695, 'dim_hoc_phan': 121, 'dim_thoi_gian': 13, 'fact_diem': 55535, 'fact_dang_ky': 55971, 'fact_ren_luyen': 9962, 'fact_tai_chinh': 9670}
[2026-04-27T01:30:34.179+0000] {python.py:201} INFO - Done. Returned value was: {'dim_giang_vien': 45, 'dim_sinh_vien': 1695, 'dim_hoc_phan': 121, 'dim_thoi_gian': 13, 'fact_diem': 55535, 'fact_dang_ky': 55971, 'fact_ren_luyen': 9962, 'fact_tai_chinh': 9670}
[2026-04-27T01:30:34.205+0000] {taskinstance.py:1138} INFO - Marking task as SUCCESS. dag_id=daily_student_pipeline, task_id=transform_data, execution_date=20260427T013016, start_date=20260427T013032, end_date=20260427T013034
[2026-04-27T01:30:34.252+0000] {local_task_job_runner.py:234} INFO - Task exited with return code 0
[2026-04-27T01:30:34.275+0000] {taskinstance.py:3280} INFO - 1 downstream tasks scheduled from follow-on schedule check
