[2026-04-06T06:22:16.776+0000] {taskinstance.py:1956} INFO - Dependencies all met for dep_context=non-requeueable deps ti=<TaskInstance: daily_student_pipeline.load_data scheduled__2026-04-05T02:00:00+00:00 [queued]>
[2026-04-06T06:22:16.787+0000] {taskinstance.py:1956} INFO - Dependencies all met for dep_context=requeueable deps ti=<TaskInstance: daily_student_pipeline.load_data scheduled__2026-04-05T02:00:00+00:00 [queued]>
[2026-04-06T06:22:16.788+0000] {taskinstance.py:2170} INFO - Starting attempt 1 of 1
[2026-04-06T06:22:16.803+0000] {taskinstance.py:2191} INFO - Executing <Task(PythonOperator): load_data> on 2026-04-05 02:00:00+00:00
[2026-04-06T06:22:16.807+0000] {standard_task_runner.py:60} INFO - Started process 381 to run task
[2026-04-06T06:22:16.810+0000] {standard_task_runner.py:87} INFO - Running: ['***', 'tasks', 'run', 'daily_student_pipeline', 'load_data', 'scheduled__2026-04-05T02:00:00+00:00', '--job-id', '260', '--raw', '--subdir', 'DAGS_FOLDER/daily_student_pipeline.py', '--cfg-path', '/tmp/tmpiiq5on6z']
[2026-04-06T06:22:16.813+0000] {standard_task_runner.py:88} INFO - Job 260: Subtask load_data
[2026-04-06T06:22:16.906+0000] {task_command.py:423} INFO - Running <TaskInstance: daily_student_pipeline.load_data scheduled__2026-04-05T02:00:00+00:00 [running]> on host 1c62953c8918
[2026-04-06T06:22:17.013+0000] {taskinstance.py:2480} INFO - Exporting env vars: AIRFLOW_CTX_DAG_OWNER='nhom8' AIRFLOW_CTX_DAG_ID='daily_student_pipeline' AIRFLOW_CTX_TASK_ID='load_data' AIRFLOW_CTX_EXECUTION_DATE='2026-04-05T02:00:00+00:00' AIRFLOW_CTX_TRY_NUMBER='1' AIRFLOW_CTX_DAG_RUN_ID='scheduled__2026-04-05T02:00:00+00:00'
[2026-04-06T06:22:17.987+0000] {logging_mixin.py:188} WARNING - [2026-04-06 06:22:17] INFO    etl.transform :   Load TransformedData từ MinIO staging: run_id=2026-04-06_06-22
[2026-04-06T06:22:17.987+0000] {transform.py:159} INFO -   Load TransformedData từ MinIO staging: run_id=2026-04-06_06-22
[2026-04-06T06:22:18.023+0000] {logging_mixin.py:188} WARNING - [2026-04-06 06:22:18] INFO    utils.minio :   MinIO ↓ [staging-data] 2026-04-06_06-22/dim_hoc_ky.parquet (9 rows)
[2026-04-06T06:22:18.023+0000] {minio_client.py:223} INFO -   MinIO ↓ [staging-data] 2026-04-06_06-22/dim_hoc_ky.parquet (9 rows)
[2026-04-06T06:22:18.036+0000] {logging_mixin.py:188} WARNING - [2026-04-06 06:22:18] INFO    utils.minio :   MinIO ↓ [staging-data] 2026-04-06_06-22/dim_giang_vien.parquet (45 rows)
[2026-04-06T06:22:18.036+0000] {minio_client.py:223} INFO -   MinIO ↓ [staging-data] 2026-04-06_06-22/dim_giang_vien.parquet (45 rows)
[2026-04-06T06:22:18.050+0000] {logging_mixin.py:188} WARNING - [2026-04-06 06:22:18] INFO    utils.minio :   MinIO ↓ [staging-data] 2026-04-06_06-22/dim_hoc_phan.parquet (121 rows)
[2026-04-06T06:22:18.049+0000] {minio_client.py:223} INFO -   MinIO ↓ [staging-data] 2026-04-06_06-22/dim_hoc_phan.parquet (121 rows)
[2026-04-06T06:22:18.063+0000] {logging_mixin.py:188} WARNING - [2026-04-06 06:22:18] INFO    utils.minio :   MinIO ↓ [staging-data] 2026-04-06_06-22/dim_sinh_vien.parquet (1,695 rows)
[2026-04-06T06:22:18.063+0000] {minio_client.py:223} INFO -   MinIO ↓ [staging-data] 2026-04-06_06-22/dim_sinh_vien.parquet (1,695 rows)
[2026-04-06T06:22:18.086+0000] {logging_mixin.py:188} WARNING - [2026-04-06 06:22:18] INFO    utils.minio :   MinIO ↓ [staging-data] 2026-04-06_06-22/fact_diem.parquet (58,001 rows)
[2026-04-06T06:22:18.086+0000] {minio_client.py:223} INFO -   MinIO ↓ [staging-data] 2026-04-06_06-22/fact_diem.parquet (58,001 rows)
[2026-04-06T06:22:18.103+0000] {logging_mixin.py:188} WARNING - [2026-04-06 06:22:18] INFO    utils.minio :   MinIO ↓ [staging-data] 2026-04-06_06-22/fact_dang_ky.parquet (58,001 rows)
[2026-04-06T06:22:18.103+0000] {minio_client.py:223} INFO -   MinIO ↓ [staging-data] 2026-04-06_06-22/fact_dang_ky.parquet (58,001 rows)
[2026-04-06T06:22:18.116+0000] {logging_mixin.py:188} WARNING - [2026-04-06 06:22:18] INFO    utils.minio :   MinIO ↓ [staging-data] 2026-04-06_06-22/fact_ren_luyen.parquet (9,238 rows)
[2026-04-06T06:22:18.116+0000] {minio_client.py:223} INFO -   MinIO ↓ [staging-data] 2026-04-06_06-22/fact_ren_luyen.parquet (9,238 rows)
[2026-04-06T06:22:18.130+0000] {logging_mixin.py:188} WARNING - [2026-04-06 06:22:18] INFO    utils.minio :   MinIO ↓ [staging-data] 2026-04-06_06-22/fact_tai_chinh.parquet (9,238 rows)
[2026-04-06T06:22:18.130+0000] {minio_client.py:223} INFO -   MinIO ↓ [staging-data] 2026-04-06_06-22/fact_tai_chinh.parquet (9,238 rows)
[2026-04-06T06:22:18.132+0000] {logging_mixin.py:188} WARNING - [2026-04-06 06:22:18] INFO    etl.transform : Load from staging-data OK — run_id=2026-04-06_06-22
[2026-04-06T06:22:18.132+0000] {transform.py:172} INFO - Load from staging-data OK — run_id=2026-04-06_06-22
[2026-04-06T06:22:18.134+0000] {logging_mixin.py:188} WARNING - [2026-04-06 06:22:18] INFO    etl.load : ==BẮT ĐẦU LOAD VÀO DATA WAREHOUSE==
[2026-04-06T06:22:18.134+0000] {load.py:39} INFO - ==BẮT ĐẦU LOAD VÀO DATA WAREHOUSE==
[2026-04-06T06:22:18.136+0000] {logging_mixin.py:188} WARNING - [2026-04-06 06:22:18] INFO    etl.load : ======================================================================
[2026-04-06T06:22:18.136+0000] {load.py:40} INFO - ======================================================================
[2026-04-06T06:22:18.137+0000] {logging_mixin.py:188} WARNING - [2026-04-06 06:22:18] INFO    etl.load : Tạo schema warehouse từ warehouse_models.py...
[2026-04-06T06:22:18.137+0000] {load.py:109} INFO - Tạo schema warehouse từ warehouse_models.py...
[2026-04-06T06:22:18.155+0000] {logging_mixin.py:188} WARNING - [2026-04-06 06:22:18] INFO    etl.load :   Schema warehouse OK
[2026-04-06T06:22:18.155+0000] {load.py:111} INFO -   Schema warehouse OK
[2026-04-06T06:22:18.158+0000] {logging_mixin.py:188} WARNING - [2026-04-06 06:22:18] INFO    etl.load : ── Bước 1: Load Dimension Tables ──
[2026-04-06T06:22:18.158+0000] {load.py:45} INFO - ── Bước 1: Load Dimension Tables ──
[2026-04-06T06:22:18.195+0000] {logging_mixin.py:188} WARNING - [2026-04-06 06:22:18] INFO    etl.load :   dim_hoc_ky     →      9 records (new: 0)
[2026-04-06T06:22:18.195+0000] {load.py:200} INFO -   dim_hoc_ky     →      9 records (new: 0)
[2026-04-06T06:22:18.247+0000] {logging_mixin.py:188} WARNING - [2026-04-06 06:22:18] INFO    etl.load :   dim_giang_vien →     45 records (new: 0)
[2026-04-06T06:22:18.247+0000] {load.py:250} INFO -   dim_giang_vien →     45 records (new: 0)
[2026-04-06T06:22:18.350+0000] {logging_mixin.py:188} WARNING - [2026-04-06 06:22:18] INFO    etl.load :   dim_hoc_phan   →    121 records (new: 0)
[2026-04-06T06:22:18.350+0000] {load.py:298} INFO -   dim_hoc_phan   →    121 records (new: 0)
[2026-04-06T06:22:20.087+0000] {logging_mixin.py:188} WARNING - [2026-04-06 06:22:20] INFO    etl.load :   dim_sinh_vien →  1,695 records (new: 0, SCD2: 0, fact cascade: 0)
[2026-04-06T06:22:20.087+0000] {load.py:407} INFO -   dim_sinh_vien →  1,695 records (new: 0, SCD2: 0, fact cascade: 0)
[2026-04-06T06:22:20.090+0000] {logging_mixin.py:188} WARNING - [2026-04-06 06:22:20] INFO    etl.load : ── Bước 2: Build Surrogate Key Cache ──
[2026-04-06T06:22:20.090+0000] {load.py:51} INFO - ── Bước 2: Build Surrogate Key Cache ──
[2026-04-06T06:22:20.092+0000] {logging_mixin.py:188} WARNING - [2026-04-06 06:22:20] INFO    etl.load : Building surrogate key caches...
[2026-04-06T06:22:20.092+0000] {load.py:114} INFO - Building surrogate key caches...
[2026-04-06T06:22:20.111+0000] {logging_mixin.py:188} WARNING - [2026-04-06 06:22:20] INFO    etl.load :   SV=1695, HP=121, GV=45, HK=9
[2026-04-06T06:22:20.111+0000] {load.py:142} INFO -   SV=1695, HP=121, GV=45, HK=9
[2026-04-06T06:22:20.112+0000] {logging_mixin.py:188} WARNING - [2026-04-06 06:22:20] INFO    etl.load : ── Bước 3: Load Fact Tables ──
[2026-04-06T06:22:20.112+0000] {load.py:54} INFO - ── Bước 3: Load Fact Tables ──
[2026-04-06T06:23:55.031+0000] {logging_mixin.py:188} WARNING - [2026-04-06 06:23:55] INFO    etl.load :   fact_hoc_tap   →      0 records
[2026-04-06T06:23:55.031+0000] {load.py:546} INFO -   fact_hoc_tap   →      0 records
[2026-04-06T06:25:28.307+0000] {logging_mixin.py:188} WARNING - [2026-04-06 06:25:28] INFO    etl.load :   fact_dang_ky   →      0 records
[2026-04-06T06:25:28.307+0000] {load.py:616} INFO -   fact_dang_ky   →      0 records
[2026-04-06T06:25:41.225+0000] {logging_mixin.py:188} WARNING - [2026-04-06 06:25:41] INFO    etl.load :   fact_ctsv      →      0 records
[2026-04-06T06:25:41.225+0000] {load.py:729} INFO -   fact_ctsv      →      0 records
[2026-04-06T06:25:57.975+0000] {logging_mixin.py:188} WARNING - [2026-04-06 06:25:57] INFO    etl.load :   fact_tai_chinh →      0 records
[2026-04-06T06:25:57.974+0000] {load.py:790} INFO -   fact_tai_chinh →      0 records
[2026-04-06T06:25:57.978+0000] {logging_mixin.py:188} WARNING - [2026-04-06 06:25:57] INFO    etl.load : ── Bước 4: Build Aggregation ──
[2026-04-06T06:25:57.978+0000] {load.py:61} INFO - ── Bước 4: Build Aggregation ──
[2026-04-06T06:25:57.980+0000] {logging_mixin.py:188} WARNING - [2026-04-06 06:25:57] INFO    etl.aggregation : == BẮT ĐẦU AGGREGATION ==
[2026-04-06T06:25:57.980+0000] {aggregation.py:13} INFO - == BẮT ĐẦU AGGREGATION ==
[2026-04-06T06:25:58.258+0000] {logging_mixin.py:188} WARNING - [2026-04-06 06:25:58] INFO    etl.aggregation :   agg_student_summary → 1,695 records
[2026-04-06T06:25:58.258+0000] {aggregation.py:190} INFO -   agg_student_summary → 1,695 records
[2026-04-06T06:25:58.261+0000] {logging_mixin.py:188} WARNING - [2026-04-06 06:25:58] INFO    etl.aggregation :   agg_student_summary rebuilt : 1,695
[2026-04-06T06:25:58.261+0000] {aggregation.py:15} INFO -   agg_student_summary rebuilt : 1,695
[2026-04-06T06:25:58.265+0000] {logging_mixin.py:188} WARNING - [2026-04-06 06:25:58] INFO    etl.aggregation : == AGGREGATION HOÀN TẤT ==
[2026-04-06T06:25:58.265+0000] {aggregation.py:16} INFO - == AGGREGATION HOÀN TẤT ==
[2026-04-06T06:25:58.267+0000] {logging_mixin.py:188} WARNING - [2026-04-06 06:25:58] INFO    etl.load : ======================================================================
[2026-04-06T06:25:58.267+0000] {load.py:65} INFO - ======================================================================
[2026-04-06T06:25:58.270+0000] {logging_mixin.py:188} WARNING - [2026-04-06 06:25:58] INFO    etl.load : LOAD HOÀN TẤT
[2026-04-06T06:25:58.270+0000] {load.py:66} INFO - LOAD HOÀN TẤT
[2026-04-06T06:25:58.272+0000] {logging_mixin.py:188} WARNING - [2026-04-06 06:25:58] INFO    etl.load :   dim_hoc_ky               :        9 records
[2026-04-06T06:25:58.272+0000] {load.py:69} INFO -   dim_hoc_ky               :        9 records
[2026-04-06T06:25:58.273+0000] {logging_mixin.py:188} WARNING - [2026-04-06 06:25:58] INFO    etl.load :   dim_giang_vien           :       45 records
[2026-04-06T06:25:58.273+0000] {load.py:69} INFO -   dim_giang_vien           :       45 records
[2026-04-06T06:25:58.276+0000] {logging_mixin.py:188} WARNING - [2026-04-06 06:25:58] INFO    etl.load :   dim_hoc_phan             :      121 records
[2026-04-06T06:25:58.276+0000] {load.py:69} INFO -   dim_hoc_phan             :      121 records
[2026-04-06T06:25:58.279+0000] {logging_mixin.py:188} WARNING - [2026-04-06 06:25:58] INFO    etl.load :   dim_sinh_vien            :        0 records
[2026-04-06T06:25:58.279+0000] {load.py:69} INFO -   dim_sinh_vien            :        0 records
[2026-04-06T06:25:58.282+0000] {logging_mixin.py:188} WARNING - [2026-04-06 06:25:58] INFO    etl.load :   fact_hoc_tap             :        0 records
[2026-04-06T06:25:58.281+0000] {load.py:69} INFO -   fact_hoc_tap             :        0 records
[2026-04-06T06:25:58.285+0000] {logging_mixin.py:188} WARNING - [2026-04-06 06:25:58] INFO    etl.load :   fact_dang_ky             :        0 records
[2026-04-06T06:25:58.285+0000] {load.py:69} INFO -   fact_dang_ky             :        0 records
[2026-04-06T06:25:58.287+0000] {logging_mixin.py:188} WARNING - [2026-04-06 06:25:58] INFO    etl.load :   fact_ctsv                :        0 records
[2026-04-06T06:25:58.287+0000] {load.py:69} INFO -   fact_ctsv                :        0 records
[2026-04-06T06:25:58.289+0000] {logging_mixin.py:188} WARNING - [2026-04-06 06:25:58] INFO    etl.load :   fact_tai_chinh           :        0 records
[2026-04-06T06:25:58.289+0000] {load.py:69} INFO -   fact_tai_chinh           :        0 records
[2026-04-06T06:25:58.292+0000] {logging_mixin.py:188} WARNING - [2026-04-06 06:25:58] INFO    etl.load :   agg_student_summary      :    1,695 records
[2026-04-06T06:25:58.292+0000] {load.py:69} INFO -   agg_student_summary      :    1,695 records
[2026-04-06T06:25:58.295+0000] {logging_mixin.py:188} WARNING - [2026-04-06 06:25:58] INFO    etl.load :   TỔNG                     :    1,870 records
[2026-04-06T06:25:58.295+0000] {load.py:71} INFO -   TỔNG                     :    1,870 records
[2026-04-06T06:25:58.298+0000] {logging_mixin.py:188} WARNING - [2026-04-06 06:25:58] INFO    etl.load : ======================================================================
[2026-04-06T06:25:58.298+0000] {load.py:72} INFO - ======================================================================
[2026-04-06T06:25:58.323+0000] {logging_mixin.py:188} INFO - Load xong: {'dim_hoc_ky': 9, 'dim_giang_vien': 45, 'dim_hoc_phan': 121, 'dim_sinh_vien': 0, 'fact_hoc_tap': 0, 'fact_dang_ky': 0, 'fact_ctsv': 0, 'fact_tai_chinh': 0, 'agg_student_summary': 1695}
[2026-04-06T06:25:58.365+0000] {python.py:201} INFO - Done. Returned value was: {'dim_hoc_ky': 9, 'dim_giang_vien': 45, 'dim_hoc_phan': 121, 'dim_sinh_vien': 0, 'fact_hoc_tap': 0, 'fact_dang_ky': 0, 'fact_ctsv': 0, 'fact_tai_chinh': 0, 'agg_student_summary': 1695}
[2026-04-06T06:25:58.396+0000] {taskinstance.py:1138} INFO - Marking task as SUCCESS. dag_id=daily_student_pipeline, task_id=load_data, execution_date=20260405T020000, start_date=20260406T062216, end_date=20260406T062558
[2026-04-06T06:25:58.470+0000] {local_task_job_runner.py:234} INFO - Task exited with return code 0
[2026-04-06T06:25:58.553+0000] {taskinstance.py:3280} INFO - 1 downstream tasks scheduled from follow-on schedule check
