[2026-04-18T14:14:11.161+0000] {taskinstance.py:1956} INFO - Dependencies all met for dep_context=non-requeueable deps ti=<TaskInstance: daily_student_pipeline.load_data manual__2026-04-18T14:13:54.746669+00:00 [queued]>
[2026-04-18T14:14:11.168+0000] {taskinstance.py:1956} INFO - Dependencies all met for dep_context=requeueable deps ti=<TaskInstance: daily_student_pipeline.load_data manual__2026-04-18T14:13:54.746669+00:00 [queued]>
[2026-04-18T14:14:11.169+0000] {taskinstance.py:2170} INFO - Starting attempt 1 of 1
[2026-04-18T14:14:11.179+0000] {taskinstance.py:2191} INFO - Executing <Task(PythonOperator): load_data> on 2026-04-18 14:13:54.746669+00:00
[2026-04-18T14:14:11.183+0000] {standard_task_runner.py:60} INFO - Started process 1333 to run task
[2026-04-18T14:14:11.186+0000] {standard_task_runner.py:87} INFO - Running: ['***', 'tasks', 'run', 'daily_student_pipeline', 'load_data', 'manual__2026-04-18T14:13:54.746669+00:00', '--job-id', '320', '--raw', '--subdir', 'DAGS_FOLDER/daily_student_pipeline.py', '--cfg-path', '/tmp/tmpcuz8fnnx']
[2026-04-18T14:14:11.188+0000] {standard_task_runner.py:88} INFO - Job 320: Subtask load_data
[2026-04-18T14:14:11.250+0000] {task_command.py:423} INFO - Running <TaskInstance: daily_student_pipeline.load_data manual__2026-04-18T14:13:54.746669+00:00 [running]> on host dc2680f839d5
[2026-04-18T14:14:11.336+0000] {taskinstance.py:2480} INFO - Exporting env vars: AIRFLOW_CTX_DAG_OWNER='nhom8' AIRFLOW_CTX_DAG_ID='daily_student_pipeline' AIRFLOW_CTX_TASK_ID='load_data' AIRFLOW_CTX_EXECUTION_DATE='2026-04-18T14:13:54.746669+00:00' AIRFLOW_CTX_TRY_NUMBER='1' AIRFLOW_CTX_DAG_RUN_ID='manual__2026-04-18T14:13:54.746669+00:00'
[2026-04-18T14:14:11.979+0000] {logging_mixin.py:188} WARNING - [2026-04-18 14:14:11] INFO    etl.transform :   Load TransformedData từ MinIO staging: run_id=2026-04-18_14-14
[2026-04-18T14:14:11.979+0000] {transform.py:159} INFO -   Load TransformedData từ MinIO staging: run_id=2026-04-18_14-14
[2026-04-18T14:14:12.022+0000] {logging_mixin.py:188} WARNING - [2026-04-18 14:14:12] INFO    utils.minio :   MinIO ↓ [staging-data] 2026-04-18_14-14/dim_hoc_ky.parquet (9 rows)
[2026-04-18T14:14:12.022+0000] {minio_client.py:223} INFO -   MinIO ↓ [staging-data] 2026-04-18_14-14/dim_hoc_ky.parquet (9 rows)
[2026-04-18T14:14:12.035+0000] {logging_mixin.py:188} WARNING - [2026-04-18 14:14:12] INFO    utils.minio :   MinIO ↓ [staging-data] 2026-04-18_14-14/dim_giang_vien.parquet (45 rows)
[2026-04-18T14:14:12.034+0000] {minio_client.py:223} INFO -   MinIO ↓ [staging-data] 2026-04-18_14-14/dim_giang_vien.parquet (45 rows)
[2026-04-18T14:14:12.047+0000] {logging_mixin.py:188} WARNING - [2026-04-18 14:14:12] INFO    utils.minio :   MinIO ↓ [staging-data] 2026-04-18_14-14/dim_hoc_phan.parquet (121 rows)
[2026-04-18T14:14:12.047+0000] {minio_client.py:223} INFO -   MinIO ↓ [staging-data] 2026-04-18_14-14/dim_hoc_phan.parquet (121 rows)
[2026-04-18T14:14:12.060+0000] {logging_mixin.py:188} WARNING - [2026-04-18 14:14:12] INFO    utils.minio :   MinIO ↓ [staging-data] 2026-04-18_14-14/dim_sinh_vien.parquet (1,695 rows)
[2026-04-18T14:14:12.060+0000] {minio_client.py:223} INFO -   MinIO ↓ [staging-data] 2026-04-18_14-14/dim_sinh_vien.parquet (1,695 rows)
[2026-04-18T14:14:12.081+0000] {logging_mixin.py:188} WARNING - [2026-04-18 14:14:12] INFO    utils.minio :   MinIO ↓ [staging-data] 2026-04-18_14-14/fact_diem.parquet (58,001 rows)
[2026-04-18T14:14:12.081+0000] {minio_client.py:223} INFO -   MinIO ↓ [staging-data] 2026-04-18_14-14/fact_diem.parquet (58,001 rows)
[2026-04-18T14:14:12.096+0000] {logging_mixin.py:188} WARNING - [2026-04-18 14:14:12] INFO    utils.minio :   MinIO ↓ [staging-data] 2026-04-18_14-14/fact_dang_ky.parquet (58,001 rows)
[2026-04-18T14:14:12.096+0000] {minio_client.py:223} INFO -   MinIO ↓ [staging-data] 2026-04-18_14-14/fact_dang_ky.parquet (58,001 rows)
[2026-04-18T14:14:12.106+0000] {logging_mixin.py:188} WARNING - [2026-04-18 14:14:12] INFO    utils.minio :   MinIO ↓ [staging-data] 2026-04-18_14-14/fact_ren_luyen.parquet (9,238 rows)
[2026-04-18T14:14:12.106+0000] {minio_client.py:223} INFO -   MinIO ↓ [staging-data] 2026-04-18_14-14/fact_ren_luyen.parquet (9,238 rows)
[2026-04-18T14:14:12.117+0000] {logging_mixin.py:188} WARNING - [2026-04-18 14:14:12] INFO    utils.minio :   MinIO ↓ [staging-data] 2026-04-18_14-14/fact_tai_chinh.parquet (9,238 rows)
[2026-04-18T14:14:12.117+0000] {minio_client.py:223} INFO -   MinIO ↓ [staging-data] 2026-04-18_14-14/fact_tai_chinh.parquet (9,238 rows)
[2026-04-18T14:14:12.119+0000] {logging_mixin.py:188} WARNING - [2026-04-18 14:14:12] INFO    etl.transform : Load from staging-data OK — run_id=2026-04-18_14-14
[2026-04-18T14:14:12.119+0000] {transform.py:172} INFO - Load from staging-data OK — run_id=2026-04-18_14-14
[2026-04-18T14:14:12.120+0000] {logging_mixin.py:188} WARNING - [2026-04-18 14:14:12] INFO    etl.load : ==BẮT ĐẦU LOAD VÀO DATA WAREHOUSE==
[2026-04-18T14:14:12.120+0000] {load.py:39} INFO - ==BẮT ĐẦU LOAD VÀO DATA WAREHOUSE==
[2026-04-18T14:14:12.121+0000] {logging_mixin.py:188} WARNING - [2026-04-18 14:14:12] INFO    etl.load : ======================================================================
[2026-04-18T14:14:12.121+0000] {load.py:40} INFO - ======================================================================
[2026-04-18T14:14:12.122+0000] {logging_mixin.py:188} WARNING - [2026-04-18 14:14:12] INFO    etl.load : Tạo schema warehouse từ warehouse_models.py...
[2026-04-18T14:14:12.122+0000] {load.py:109} INFO - Tạo schema warehouse từ warehouse_models.py...
[2026-04-18T14:14:12.136+0000] {logging_mixin.py:188} WARNING - [2026-04-18 14:14:12] INFO    etl.load :   Schema warehouse OK
[2026-04-18T14:14:12.136+0000] {load.py:111} INFO -   Schema warehouse OK
[2026-04-18T14:14:12.137+0000] {logging_mixin.py:188} WARNING - [2026-04-18 14:14:12] INFO    etl.load : ── Bước 1: Load Dimension Tables ──
[2026-04-18T14:14:12.137+0000] {load.py:45} INFO - ── Bước 1: Load Dimension Tables ──
[2026-04-18T14:14:12.158+0000] {logging_mixin.py:188} WARNING - [2026-04-18 14:14:12] INFO    etl.load :   dim_hoc_ky     →      9 records (new: 0)
[2026-04-18T14:14:12.158+0000] {load.py:200} INFO -   dim_hoc_ky     →      9 records (new: 0)
[2026-04-18T14:14:12.188+0000] {logging_mixin.py:188} WARNING - [2026-04-18 14:14:12] INFO    etl.load :   dim_giang_vien →     45 records (new: 0)
[2026-04-18T14:14:12.188+0000] {load.py:250} INFO -   dim_giang_vien →     45 records (new: 0)
[2026-04-18T14:14:12.263+0000] {logging_mixin.py:188} WARNING - [2026-04-18 14:14:12] INFO    etl.load :   dim_hoc_phan   →    121 records (new: 0)
[2026-04-18T14:14:12.263+0000] {load.py:298} INFO -   dim_hoc_phan   →    121 records (new: 0)
[2026-04-18T14:14:13.614+0000] {logging_mixin.py:188} WARNING - [2026-04-18 14:14:13] INFO    etl.load :   dim_sinh_vien →  1,695 records (new: 0, SCD2: 0, fact cascade: 0)
[2026-04-18T14:14:13.613+0000] {load.py:407} INFO -   dim_sinh_vien →  1,695 records (new: 0, SCD2: 0, fact cascade: 0)
[2026-04-18T14:14:13.616+0000] {logging_mixin.py:188} WARNING - [2026-04-18 14:14:13] INFO    etl.load : ── Bước 2: Build Surrogate Key Cache ──
[2026-04-18T14:14:13.616+0000] {load.py:51} INFO - ── Bước 2: Build Surrogate Key Cache ──
[2026-04-18T14:14:13.617+0000] {logging_mixin.py:188} WARNING - [2026-04-18 14:14:13] INFO    etl.load : Building surrogate key caches...
[2026-04-18T14:14:13.617+0000] {load.py:114} INFO - Building surrogate key caches...
[2026-04-18T14:14:13.632+0000] {logging_mixin.py:188} WARNING - [2026-04-18 14:14:13] INFO    etl.load :   SV=1695, HP=121, GV=45, HK=9
[2026-04-18T14:14:13.632+0000] {load.py:142} INFO -   SV=1695, HP=121, GV=45, HK=9
[2026-04-18T14:14:13.634+0000] {logging_mixin.py:188} WARNING - [2026-04-18 14:14:13] INFO    etl.load : ── Bước 3: Load Fact Tables ──
[2026-04-18T14:14:13.634+0000] {load.py:54} INFO - ── Bước 3: Load Fact Tables ──
[2026-04-18T14:14:16.117+0000] {logging_mixin.py:188} WARNING - [2026-04-18 14:14:16] ERROR   etl.load :   fact_hoc_tap | Lỗi: DataLoader._chunked() missing 1 required positional argument: 'lst'
[2026-04-18T14:14:16.116+0000] {load.py:561} ERROR -   fact_hoc_tap | Lỗi: DataLoader._chunked() missing 1 required positional argument: 'lst'
[2026-04-18T14:14:17.760+0000] {logging_mixin.py:188} WARNING - [2026-04-18 14:14:17] ERROR   etl.load :   fact_dang_ky | Lỗi: DataLoader._chunked() missing 1 required positional argument: 'lst'
[2026-04-18T14:14:17.760+0000] {load.py:633} ERROR -   fact_dang_ky | Lỗi: DataLoader._chunked() missing 1 required positional argument: 'lst'
[2026-04-18T14:14:18.010+0000] {logging_mixin.py:188} WARNING - [2026-04-18 14:14:18] ERROR   etl.load :   fact_ctsv | Lỗi: DataLoader._chunked() missing 1 required positional argument: 'lst'
[2026-04-18T14:14:18.010+0000] {load.py:743} ERROR -   fact_ctsv | Lỗi: DataLoader._chunked() missing 1 required positional argument: 'lst'
[2026-04-18T14:14:18.411+0000] {logging_mixin.py:188} WARNING - [2026-04-18 14:14:18] ERROR   etl.load :   fact_tai_chinh | Lỗi: DataLoader._chunked() missing 1 required positional argument: 'lst'
[2026-04-18T14:14:18.411+0000] {load.py:810} ERROR -   fact_tai_chinh | Lỗi: DataLoader._chunked() missing 1 required positional argument: 'lst'
[2026-04-18T14:14:18.415+0000] {logging_mixin.py:188} WARNING - [2026-04-18 14:14:18] INFO    etl.load : ── Bước 4: Build Aggregation ──
[2026-04-18T14:14:18.415+0000] {load.py:61} INFO - ── Bước 4: Build Aggregation ──
[2026-04-18T14:14:18.416+0000] {logging_mixin.py:188} WARNING - [2026-04-18 14:14:18] INFO    etl.aggregation : == BẮT ĐẦU AGGREGATION ==
[2026-04-18T14:14:18.416+0000] {aggregation.py:12} INFO - == BẮT ĐẦU AGGREGATION ==
[2026-04-18T14:14:18.523+0000] {logging_mixin.py:188} WARNING - [2026-04-18 14:14:18] INFO    etl.aggregation :   agg_student_summary → 1,695 records
[2026-04-18T14:14:18.523+0000] {aggregation.py:189} INFO -   agg_student_summary → 1,695 records
[2026-04-18T14:14:18.525+0000] {logging_mixin.py:188} WARNING - [2026-04-18 14:14:18] INFO    etl.aggregation :   agg_student_summary rebuilt : 1,695
[2026-04-18T14:14:18.525+0000] {aggregation.py:14} INFO -   agg_student_summary rebuilt : 1,695
[2026-04-18T14:14:18.526+0000] {logging_mixin.py:188} WARNING - [2026-04-18 14:14:18] INFO    etl.aggregation : == AGGREGATION HOÀN TẤT ==
[2026-04-18T14:14:18.526+0000] {aggregation.py:15} INFO - == AGGREGATION HOÀN TẤT ==
[2026-04-18T14:14:18.527+0000] {logging_mixin.py:188} WARNING - [2026-04-18 14:14:18] INFO    etl.load : ======================================================================
[2026-04-18T14:14:18.527+0000] {load.py:65} INFO - ======================================================================
[2026-04-18T14:14:18.528+0000] {logging_mixin.py:188} WARNING - [2026-04-18 14:14:18] INFO    etl.load : LOAD HOÀN TẤT
[2026-04-18T14:14:18.528+0000] {load.py:66} INFO - LOAD HOÀN TẤT
[2026-04-18T14:14:18.528+0000] {logging_mixin.py:188} WARNING - [2026-04-18 14:14:18] INFO    etl.load :   dim_hoc_ky               :        9 records
[2026-04-18T14:14:18.528+0000] {load.py:69} INFO -   dim_hoc_ky               :        9 records
[2026-04-18T14:14:18.529+0000] {logging_mixin.py:188} WARNING - [2026-04-18 14:14:18] INFO    etl.load :   dim_giang_vien           :       45 records
[2026-04-18T14:14:18.529+0000] {load.py:69} INFO -   dim_giang_vien           :       45 records
[2026-04-18T14:14:18.529+0000] {logging_mixin.py:188} WARNING - [2026-04-18 14:14:18] INFO    etl.load :   dim_hoc_phan             :      121 records
[2026-04-18T14:14:18.529+0000] {load.py:69} INFO -   dim_hoc_phan             :      121 records
[2026-04-18T14:14:18.530+0000] {logging_mixin.py:188} WARNING - [2026-04-18 14:14:18] INFO    etl.load :   dim_sinh_vien            :        0 records
[2026-04-18T14:14:18.530+0000] {load.py:69} INFO -   dim_sinh_vien            :        0 records
[2026-04-18T14:14:18.531+0000] {logging_mixin.py:188} WARNING - [2026-04-18 14:14:18] INFO    etl.load :   fact_hoc_tap             :        0 records
[2026-04-18T14:14:18.531+0000] {load.py:69} INFO -   fact_hoc_tap             :        0 records
[2026-04-18T14:14:18.532+0000] {logging_mixin.py:188} WARNING - [2026-04-18 14:14:18] INFO    etl.load :   fact_dang_ky             :        0 records
[2026-04-18T14:14:18.532+0000] {load.py:69} INFO -   fact_dang_ky             :        0 records
[2026-04-18T14:14:18.532+0000] {logging_mixin.py:188} WARNING - [2026-04-18 14:14:18] INFO    etl.load :   fact_ctsv                :        0 records
[2026-04-18T14:14:18.532+0000] {load.py:69} INFO -   fact_ctsv                :        0 records
[2026-04-18T14:14:18.533+0000] {logging_mixin.py:188} WARNING - [2026-04-18 14:14:18] INFO    etl.load :   fact_tai_chinh           :        0 records
[2026-04-18T14:14:18.533+0000] {load.py:69} INFO -   fact_tai_chinh           :        0 records
[2026-04-18T14:14:18.534+0000] {logging_mixin.py:188} WARNING - [2026-04-18 14:14:18] INFO    etl.load :   agg_student_summary      :    1,695 records
[2026-04-18T14:14:18.533+0000] {load.py:69} INFO -   agg_student_summary      :    1,695 records
[2026-04-18T14:14:18.534+0000] {logging_mixin.py:188} WARNING - [2026-04-18 14:14:18] INFO    etl.load :   TỔNG                     :    1,870 records
[2026-04-18T14:14:18.534+0000] {load.py:71} INFO -   TỔNG                     :    1,870 records
[2026-04-18T14:14:18.535+0000] {logging_mixin.py:188} WARNING - [2026-04-18 14:14:18] INFO    etl.load : ======================================================================
[2026-04-18T14:14:18.535+0000] {load.py:72} INFO - ======================================================================
[2026-04-18T14:14:18.549+0000] {logging_mixin.py:188} INFO - Load xong: {'dim_hoc_ky': 9, 'dim_giang_vien': 45, 'dim_hoc_phan': 121, 'dim_sinh_vien': 0, 'fact_hoc_tap': 0, 'fact_dang_ky': 0, 'fact_ctsv': 0, 'fact_tai_chinh': 0, 'agg_student_summary': 1695}
[2026-04-18T14:14:18.551+0000] {python.py:201} INFO - Done. Returned value was: {'dim_hoc_ky': 9, 'dim_giang_vien': 45, 'dim_hoc_phan': 121, 'dim_sinh_vien': 0, 'fact_hoc_tap': 0, 'fact_dang_ky': 0, 'fact_ctsv': 0, 'fact_tai_chinh': 0, 'agg_student_summary': 1695}
[2026-04-18T14:14:18.574+0000] {taskinstance.py:1138} INFO - Marking task as SUCCESS. dag_id=daily_student_pipeline, task_id=load_data, execution_date=20260418T141354, start_date=20260418T141411, end_date=20260418T141418
[2026-04-18T14:14:18.635+0000] {local_task_job_runner.py:234} INFO - Task exited with return code 0
[2026-04-18T14:14:18.662+0000] {taskinstance.py:3280} INFO - 1 downstream tasks scheduled from follow-on schedule check
