[2026-04-05T15:46:45.076+0000] {taskinstance.py:1956} INFO - Dependencies all met for dep_context=non-requeueable deps ti=<TaskInstance: daily_student_pipeline.extract_data manual__2026-04-05T15:46:42.723605+00:00 [queued]>
[2026-04-05T15:46:45.092+0000] {taskinstance.py:1956} INFO - Dependencies all met for dep_context=requeueable deps ti=<TaskInstance: daily_student_pipeline.extract_data manual__2026-04-05T15:46:42.723605+00:00 [queued]>
[2026-04-05T15:46:45.093+0000] {taskinstance.py:2170} INFO - Starting attempt 1 of 1
[2026-04-05T15:46:45.119+0000] {taskinstance.py:2191} INFO - Executing <Task(PythonOperator): extract_data> on 2026-04-05 15:46:42.723605+00:00
[2026-04-05T15:46:45.127+0000] {standard_task_runner.py:60} INFO - Started process 25642 to run task
[2026-04-05T15:46:45.131+0000] {standard_task_runner.py:87} INFO - Running: ['***', 'tasks', 'run', 'daily_student_pipeline', 'extract_data', 'manual__2026-04-05T15:46:42.723605+00:00', '--job-id', '236', '--raw', '--subdir', 'DAGS_FOLDER/daily_student_pipeline.py', '--cfg-path', '/tmp/tmpvcarzc6y']
[2026-04-05T15:46:45.134+0000] {standard_task_runner.py:88} INFO - Job 236: Subtask extract_data
[2026-04-05T15:46:45.256+0000] {task_command.py:423} INFO - Running <TaskInstance: daily_student_pipeline.extract_data manual__2026-04-05T15:46:42.723605+00:00 [running]> on host 1c62953c8918
[2026-04-05T15:46:45.422+0000] {taskinstance.py:2480} INFO - Exporting env vars: AIRFLOW_CTX_DAG_OWNER='nhom8' AIRFLOW_CTX_DAG_ID='daily_student_pipeline' AIRFLOW_CTX_TASK_ID='extract_data' AIRFLOW_CTX_EXECUTION_DATE='2026-04-05T15:46:42.723605+00:00' AIRFLOW_CTX_TRY_NUMBER='1' AIRFLOW_CTX_DAG_RUN_ID='manual__2026-04-05T15:46:42.723605+00:00'
[2026-04-05T15:46:47.793+0000] {logging_mixin.py:188} WARNING - [2026-04-05 15:46:47] INFO    etl.extract : ==BẮT ĐẦU FULL EXTRACT==
[2026-04-05T15:46:47.793+0000] {extract.py:277} INFO - ==BẮT ĐẦU FULL EXTRACT==
[2026-04-05T15:46:47.795+0000] {logging_mixin.py:188} WARNING - [2026-04-05 15:46:47] INFO    etl.extract : ======================================================================
[2026-04-05T15:46:47.795+0000] {extract.py:278} INFO - ======================================================================
[2026-04-05T15:46:47.804+0000] {logging_mixin.py:188} WARNING - [2026-04-05 15:46:47] INFO    etl.extract : ════════════════════════════════════════════════════════════
[2026-04-05T15:46:47.803+0000] {extract.py:82} INFO - ════════════════════════════════════════════════════════════
[2026-04-05T15:46:47.805+0000] {logging_mixin.py:188} WARNING - [2026-04-05 15:46:47] INFO    etl.extract : NGUỒN 1 — PostgreSQL (Phòng Đào tạo) | Full Extract
[2026-04-05T15:46:47.805+0000] {extract.py:83} INFO - NGUỒN 1 — PostgreSQL (Phòng Đào tạo) | Full Extract
[2026-04-05T15:46:47.807+0000] {logging_mixin.py:188} WARNING - [2026-04-05 15:46:47] INFO    etl.extract : ════════════════════════════════════════════════════════════
[2026-04-05T15:46:47.807+0000] {extract.py:84} INFO - ════════════════════════════════════════════════════════════
[2026-04-05T15:46:47.882+0000] {logging_mixin.py:188} WARNING - [2026-04-05 15:46:47] INFO    etl.extract :   PostgreSQL | khoa                      →      4 records
[2026-04-05T15:46:47.882+0000] {extract.py:66} INFO -   PostgreSQL | khoa                      →      4 records
[2026-04-05T15:46:47.914+0000] {logging_mixin.py:188} WARNING - [2026-04-05 15:46:47] INFO    etl.extract :   PostgreSQL | nganh                     →      3 records
[2026-04-05T15:46:47.914+0000] {extract.py:66} INFO -   PostgreSQL | nganh                     →      3 records
[2026-04-05T15:46:47.938+0000] {logging_mixin.py:188} WARNING - [2026-04-05 15:46:47] INFO    etl.extract :   PostgreSQL | giang_vien                →     45 records
[2026-04-05T15:46:47.938+0000] {extract.py:66} INFO -   PostgreSQL | giang_vien                →     45 records
[2026-04-05T15:46:47.987+0000] {logging_mixin.py:188} WARNING - [2026-04-05 15:46:47] INFO    etl.extract :   PostgreSQL | lop_hanh_chinh            →     48 records
[2026-04-05T15:46:47.987+0000] {extract.py:66} INFO -   PostgreSQL | lop_hanh_chinh            →     48 records
[2026-04-05T15:46:48.055+0000] {logging_mixin.py:188} WARNING - [2026-04-05 15:46:48] INFO    etl.extract :   PostgreSQL | sinh_vien                 →  1,695 records
[2026-04-05T15:46:48.055+0000] {extract.py:66} INFO -   PostgreSQL | sinh_vien                 →  1,695 records
[2026-04-05T15:46:48.084+0000] {logging_mixin.py:188} WARNING - [2026-04-05 15:46:48] INFO    etl.extract :   PostgreSQL | hoc_phan                  →    121 records
[2026-04-05T15:46:48.084+0000] {extract.py:66} INFO -   PostgreSQL | hoc_phan                  →    121 records
[2026-04-05T15:46:48.096+0000] {logging_mixin.py:188} WARNING - [2026-04-05 15:46:48] INFO    etl.extract :   PostgreSQL | hoc_ky_nam_hoc            →      9 records
[2026-04-05T15:46:48.096+0000] {extract.py:66} INFO -   PostgreSQL | hoc_ky_nam_hoc            →      9 records
[2026-04-05T15:46:48.333+0000] {logging_mixin.py:188} WARNING - [2026-04-05 15:46:48] INFO    etl.extract :   PostgreSQL | dang_ky_hoc_phan          → 58,001 records
[2026-04-05T15:46:48.333+0000] {extract.py:66} INFO -   PostgreSQL | dang_ky_hoc_phan          → 58,001 records
[2026-04-05T15:46:49.015+0000] {logging_mixin.py:188} WARNING - [2026-04-05 15:46:49] INFO    etl.extract :   PostgreSQL | diem_hoc_phan             → 58,001 records
[2026-04-05T15:46:49.015+0000] {extract.py:66} INFO -   PostgreSQL | diem_hoc_phan             → 58,001 records
[2026-04-05T15:46:49.096+0000] {logging_mixin.py:188} WARNING - [2026-04-05 15:46:49] INFO    etl.extract :   PostgreSQL | tong_hop_ket_qua          →  1,695 records
[2026-04-05T15:46:49.096+0000] {extract.py:66} INFO -   PostgreSQL | tong_hop_ket_qua          →  1,695 records
[2026-04-05T15:46:49.098+0000] {logging_mixin.py:188} WARNING - [2026-04-05 15:46:49] INFO    etl.extract :   PostgreSQL | TỔNG: 119,622 records từ 10 bảng
[2026-04-05T15:46:49.097+0000] {extract.py:91} INFO -   PostgreSQL | TỔNG: 119,622 records từ 10 bảng
[2026-04-05T15:46:49.099+0000] {logging_mixin.py:188} WARNING - [2026-04-05 15:46:49] INFO    etl.extract : ════════════════════════════════════════════════════════════
[2026-04-05T15:46:49.099+0000] {extract.py:163} INFO - ════════════════════════════════════════════════════════════
[2026-04-05T15:46:49.101+0000] {logging_mixin.py:188} WARNING - [2026-04-05 15:46:49] INFO    etl.extract : NGUỒN 2 — CSV (Phòng CTSV) | Extract
[2026-04-05T15:46:49.101+0000] {extract.py:164} INFO - NGUỒN 2 — CSV (Phòng CTSV) | Extract
[2026-04-05T15:46:49.102+0000] {logging_mixin.py:188} WARNING - [2026-04-05 15:46:49] INFO    etl.extract : ════════════════════════════════════════════════════════════
[2026-04-05T15:46:49.102+0000] {extract.py:165} INFO - ════════════════════════════════════════════════════════════
[2026-04-05T15:46:49.107+0000] {logging_mixin.py:188} WARNING - [2026-04-05 15:46:49] INFO    etl.extract :   CSV | Tìm thấy 9 file(s)
[2026-04-05T15:46:49.106+0000] {extract.py:174} INFO -   CSV | Tìm thấy 9 file(s)
[2026-04-05T15:46:49.118+0000] {logging_mixin.py:188} WARNING - [2026-04-05 15:46:49] INFO    etl.extract :   CSV | ctsv_HK1_2021_22.csv                →    780 records
[2026-04-05T15:46:49.118+0000] {extract.py:140} INFO -   CSV | ctsv_HK1_2021_22.csv                →    780 records
[2026-04-05T15:46:49.126+0000] {logging_mixin.py:188} WARNING - [2026-04-05 15:46:49] INFO    etl.extract :   CSV | ctsv_HK1_2022_23.csv                →  1,611 records
[2026-04-05T15:46:49.125+0000] {extract.py:140} INFO -   CSV | ctsv_HK1_2022_23.csv                →  1,611 records
[2026-04-05T15:46:49.133+0000] {logging_mixin.py:188} WARNING - [2026-04-05 15:46:49] INFO    etl.extract :   CSV | ctsv_HK1_2023_24.csv                →  2,466 records
[2026-04-05T15:46:49.133+0000] {extract.py:140} INFO -   CSV | ctsv_HK1_2023_24.csv                →  2,466 records
[2026-04-05T15:46:49.144+0000] {logging_mixin.py:188} WARNING - [2026-04-05 15:46:49] INFO    etl.extract :   CSV | ctsv_HK1_2024_25.csv                →  3,306 records
[2026-04-05T15:46:49.144+0000] {extract.py:140} INFO -   CSV | ctsv_HK1_2024_25.csv                →  3,306 records
[2026-04-05T15:46:49.152+0000] {logging_mixin.py:188} WARNING - [2026-04-05 15:46:49] INFO    etl.extract :   CSV | ctsv_HK1_2025_26.csv                →  2,506 records
[2026-04-05T15:46:49.152+0000] {extract.py:140} INFO -   CSV | ctsv_HK1_2025_26.csv                →  2,506 records
[2026-04-05T15:46:49.158+0000] {logging_mixin.py:188} WARNING - [2026-04-05 15:46:49] INFO    etl.extract :   CSV | ctsv_HK2_2021_22.csv                →    780 records
[2026-04-05T15:46:49.158+0000] {extract.py:140} INFO -   CSV | ctsv_HK2_2021_22.csv                →    780 records
[2026-04-05T15:46:49.166+0000] {logging_mixin.py:188} WARNING - [2026-04-05 15:46:49] INFO    etl.extract :   CSV | ctsv_HK2_2022_23.csv                →  1,604 records
[2026-04-05T15:46:49.165+0000] {extract.py:140} INFO -   CSV | ctsv_HK2_2022_23.csv                →  1,604 records
[2026-04-05T15:46:49.176+0000] {logging_mixin.py:188} WARNING - [2026-04-05 15:46:49] INFO    etl.extract :   CSV | ctsv_HK2_2023_24.csv                →  2,453 records
[2026-04-05T15:46:49.176+0000] {extract.py:140} INFO -   CSV | ctsv_HK2_2023_24.csv                →  2,453 records
[2026-04-05T15:46:49.184+0000] {logging_mixin.py:188} WARNING - [2026-04-05 15:46:49] INFO    etl.extract :   CSV | ctsv_HK2_2024_25.csv                →  2,915 records
[2026-04-05T15:46:49.184+0000] {extract.py:140} INFO -   CSV | ctsv_HK2_2024_25.csv                →  2,915 records
[2026-04-05T15:46:49.191+0000] {logging_mixin.py:188} WARNING - [2026-04-05 15:46:49] INFO    etl.extract :   CSV | Loại bỏ 9183 bản ghi trùng
[2026-04-05T15:46:49.191+0000] {extract.py:191} INFO -   CSV | Loại bỏ 9183 bản ghi trùng
[2026-04-05T15:46:49.193+0000] {logging_mixin.py:188} WARNING - [2026-04-05 15:46:49] INFO    etl.extract :   CSV | TỔNG: 9,238 records từ 9 file(s)
[2026-04-05T15:46:49.193+0000] {extract.py:193} INFO -   CSV | TỔNG: 9,238 records từ 9 file(s)
[2026-04-05T15:46:49.213+0000] {logging_mixin.py:188} WARNING - [2026-04-05 15:46:49] INFO    etl.extract :   API | (JSON) taichinh_HK1_2021_22.json →    390 records
[2026-04-05T15:46:49.212+0000] {extract.py:242} INFO -   API | (JSON) taichinh_HK1_2021_22.json →    390 records
[2026-04-05T15:46:49.229+0000] {logging_mixin.py:188} WARNING - [2026-04-05 15:46:49] INFO    etl.extract :   API | (JSON) taichinh_HK1_2022_23.json →    802 records
[2026-04-05T15:46:49.229+0000] {extract.py:242} INFO -   API | (JSON) taichinh_HK1_2022_23.json →    802 records
[2026-04-05T15:46:49.250+0000] {logging_mixin.py:188} WARNING - [2026-04-05 15:46:49] INFO    etl.extract :   API | (JSON) taichinh_HK1_2023_24.json →  1,229 records
[2026-04-05T15:46:49.250+0000] {extract.py:242} INFO -   API | (JSON) taichinh_HK1_2023_24.json →  1,229 records
[2026-04-05T15:46:49.272+0000] {logging_mixin.py:188} WARNING - [2026-04-05 15:46:49] INFO    etl.extract :   API | (JSON) taichinh_HK1_2024_25.json →  1,646 records
[2026-04-05T15:46:49.272+0000] {extract.py:242} INFO -   API | (JSON) taichinh_HK1_2024_25.json →  1,646 records
[2026-04-05T15:46:49.290+0000] {logging_mixin.py:188} WARNING - [2026-04-05 15:46:49] INFO    etl.extract :   API | (JSON) taichinh_HK1_2025_26.json →  1,245 records
[2026-04-05T15:46:49.290+0000] {extract.py:242} INFO -   API | (JSON) taichinh_HK1_2025_26.json →  1,245 records
[2026-04-05T15:46:49.305+0000] {logging_mixin.py:188} WARNING - [2026-04-05 15:46:49] INFO    etl.extract :   API | (JSON) taichinh_HK2_2021_22.json →    390 records
[2026-04-05T15:46:49.305+0000] {extract.py:242} INFO -   API | (JSON) taichinh_HK2_2021_22.json →    390 records
[2026-04-05T15:46:49.321+0000] {logging_mixin.py:188} WARNING - [2026-04-05 15:46:49] INFO    etl.extract :   API | (JSON) taichinh_HK2_2022_23.json →    799 records
[2026-04-05T15:46:49.321+0000] {extract.py:242} INFO -   API | (JSON) taichinh_HK2_2022_23.json →    799 records
[2026-04-05T15:46:49.339+0000] {logging_mixin.py:188} WARNING - [2026-04-05 15:46:49] INFO    etl.extract :   API | (JSON) taichinh_HK2_2023_24.json →  1,223 records
[2026-04-05T15:46:49.339+0000] {extract.py:242} INFO -   API | (JSON) taichinh_HK2_2023_24.json →  1,223 records
[2026-04-05T15:46:49.358+0000] {logging_mixin.py:188} WARNING - [2026-04-05 15:46:49] INFO    etl.extract :   API | (JSON) taichinh_HK2_2024_25.json →  1,514 records
[2026-04-05T15:46:49.358+0000] {extract.py:242} INFO -   API | (JSON) taichinh_HK2_2024_25.json →  1,514 records
[2026-04-05T15:46:49.361+0000] {logging_mixin.py:188} WARNING - [2026-04-05 15:46:49] INFO    etl.extract :   API | TỔNG: 9,238 records từ 9 HK
[2026-04-05T15:46:49.360+0000] {extract.py:266} INFO -   API | TỔNG: 9,238 records từ 9 HK
[2026-04-05T15:46:49.733+0000] {logging_mixin.py:188} WARNING - [2026-04-05 15:46:49] INFO    utils.minio :   MinIO ↑ [raw-data] 2026-04-05_15-46/nguon1_sinh_vien.parquet (48.7 KB | 1,695 rows)
[2026-04-05T15:46:49.733+0000] {minio_client.py:142} INFO -   MinIO ↑ [raw-data] 2026-04-05_15-46/nguon1_sinh_vien.parquet (48.7 KB | 1,695 rows)
[2026-04-05T15:46:49.795+0000] {logging_mixin.py:188} WARNING - [2026-04-05 15:46:49] INFO    utils.minio :   MinIO ↑ [raw-data] 2026-04-05_15-46/nguon1_dang_ky.parquet (493.4 KB | 58,001 rows)
[2026-04-05T15:46:49.795+0000] {minio_client.py:142} INFO -   MinIO ↑ [raw-data] 2026-04-05_15-46/nguon1_dang_ky.parquet (493.4 KB | 58,001 rows)
[2026-04-05T15:46:49.852+0000] {logging_mixin.py:188} WARNING - [2026-04-05 15:46:49] INFO    utils.minio :   MinIO ↑ [raw-data] 2026-04-05_15-46/nguon1_diem.parquet (1187.9 KB | 58,001 rows)
[2026-04-05T15:46:49.852+0000] {minio_client.py:142} INFO -   MinIO ↑ [raw-data] 2026-04-05_15-46/nguon1_diem.parquet (1187.9 KB | 58,001 rows)
[2026-04-05T15:46:49.865+0000] {logging_mixin.py:188} WARNING - [2026-04-05 15:46:49] INFO    utils.minio :   MinIO ↑ [raw-data] 2026-04-05_15-46/nguon1_hoc_phan.parquet (10.3 KB | 121 rows)
[2026-04-05T15:46:49.864+0000] {minio_client.py:142} INFO -   MinIO ↑ [raw-data] 2026-04-05_15-46/nguon1_hoc_phan.parquet (10.3 KB | 121 rows)
[2026-04-05T15:46:49.878+0000] {logging_mixin.py:188} WARNING - [2026-04-05 15:46:49] INFO    utils.minio :   MinIO ↑ [raw-data] 2026-04-05_15-46/nguon1_hoc_ky.parquet (4.1 KB | 9 rows)
[2026-04-05T15:46:49.878+0000] {minio_client.py:142} INFO -   MinIO ↑ [raw-data] 2026-04-05_15-46/nguon1_hoc_ky.parquet (4.1 KB | 9 rows)
[2026-04-05T15:46:49.891+0000] {logging_mixin.py:188} WARNING - [2026-04-05 15:46:49] INFO    utils.minio :   MinIO ↑ [raw-data] 2026-04-05_15-46/nguon1_giang_vien.parquet (8.3 KB | 45 rows)
[2026-04-05T15:46:49.891+0000] {minio_client.py:142} INFO -   MinIO ↑ [raw-data] 2026-04-05_15-46/nguon1_giang_vien.parquet (8.3 KB | 45 rows)
[2026-04-05T15:46:49.903+0000] {logging_mixin.py:188} WARNING - [2026-04-05 15:46:49] INFO    utils.minio :   MinIO ↑ [raw-data] 2026-04-05_15-46/nguon1_khoa.parquet (2.6 KB | 4 rows)
[2026-04-05T15:46:49.903+0000] {minio_client.py:142} INFO -   MinIO ↑ [raw-data] 2026-04-05_15-46/nguon1_khoa.parquet (2.6 KB | 4 rows)
[2026-04-05T15:46:49.915+0000] {logging_mixin.py:188} WARNING - [2026-04-05 15:46:49] INFO    utils.minio :   MinIO ↑ [raw-data] 2026-04-05_15-46/nguon1_nganh.parquet (3.2 KB | 3 rows)
[2026-04-05T15:46:49.915+0000] {minio_client.py:142} INFO -   MinIO ↑ [raw-data] 2026-04-05_15-46/nguon1_nganh.parquet (3.2 KB | 3 rows)
[2026-04-05T15:46:49.928+0000] {logging_mixin.py:188} WARNING - [2026-04-05 15:46:49] INFO    utils.minio :   MinIO ↑ [raw-data] 2026-04-05_15-46/nguon1_lop_hanh_chinh.parquet (4.8 KB | 48 rows)
[2026-04-05T15:46:49.928+0000] {minio_client.py:142} INFO -   MinIO ↑ [raw-data] 2026-04-05_15-46/nguon1_lop_hanh_chinh.parquet (4.8 KB | 48 rows)
[2026-04-05T15:46:49.944+0000] {logging_mixin.py:188} WARNING - [2026-04-05 15:46:49] INFO    utils.minio :   MinIO ↑ [raw-data] 2026-04-05_15-46/nguon1_tong_hop_ket_qua.parquet (21.6 KB | 1,695 rows)
[2026-04-05T15:46:49.944+0000] {minio_client.py:142} INFO -   MinIO ↑ [raw-data] 2026-04-05_15-46/nguon1_tong_hop_ket_qua.parquet (21.6 KB | 1,695 rows)
[2026-04-05T15:46:49.961+0000] {logging_mixin.py:188} WARNING - [2026-04-05 15:46:49] INFO    utils.minio :   MinIO ↑ [raw-data] 2026-04-05_15-46/nguon2_ctsv.parquet (38.2 KB | 9,238 rows)
[2026-04-05T15:46:49.961+0000] {minio_client.py:142} INFO -   MinIO ↑ [raw-data] 2026-04-05_15-46/nguon2_ctsv.parquet (38.2 KB | 9,238 rows)
[2026-04-05T15:46:49.983+0000] {logging_mixin.py:188} WARNING - [2026-04-05 15:46:49] INFO    utils.minio :   MinIO ↑ [raw-data] 2026-04-05_15-46/nguon3_tai_chinh.parquet (66.6 KB | 9,238 rows)
[2026-04-05T15:46:49.983+0000] {minio_client.py:142} INFO -   MinIO ↑ [raw-data] 2026-04-05_15-46/nguon3_tai_chinh.parquet (66.6 KB | 9,238 rows)
[2026-04-05T15:46:49.985+0000] {logging_mixin.py:188} WARNING - [2026-04-05 15:46:49] INFO    utils.minio :   MinIO upload xong: 12/12 files | run_id=2026-04-05_15-46
[2026-04-05T15:46:49.985+0000] {minio_client.py:188} INFO -   MinIO upload xong: 12/12 files | run_id=2026-04-05_15-46
[2026-04-05T15:46:49.986+0000] {logging_mixin.py:188} WARNING - [2026-04-05 15:46:49] INFO    etl.extract :   MinIO staging: 12/12 files OK → run_id=2026-04-05_15-46
[2026-04-05T15:46:49.986+0000] {extract.py:333} INFO -   MinIO staging: 12/12 files OK → run_id=2026-04-05_15-46
[2026-04-05T15:46:49.987+0000] {logging_mixin.py:188} WARNING - [2026-04-05 15:46:49] INFO    etl.extract : ======================================================================
[2026-04-05T15:46:49.987+0000] {extract.py:296} INFO - ======================================================================
[2026-04-05T15:46:49.988+0000] {logging_mixin.py:188} WARNING - [2026-04-05 15:46:49] INFO    etl.extract :  FULL EXTRACT HOÀN TẤT
[2026-04-05T15:46:49.988+0000] {extract.py:297} INFO -  FULL EXTRACT HOÀN TẤT
[2026-04-05T15:46:49.989+0000] {logging_mixin.py:188} WARNING - [2026-04-05 15:46:49] INFO    etl.extract :    khoa                     :        4
[2026-04-05T15:46:49.989+0000] {extract.py:299} INFO -    khoa                     :        4
[2026-04-05T15:46:49.990+0000] {logging_mixin.py:188} WARNING - [2026-04-05 15:46:49] INFO    etl.extract :    nganh                    :        3
[2026-04-05T15:46:49.990+0000] {extract.py:299} INFO -    nganh                    :        3
[2026-04-05T15:46:49.991+0000] {logging_mixin.py:188} WARNING - [2026-04-05 15:46:49] INFO    etl.extract :    giang_vien               :       45
[2026-04-05T15:46:49.991+0000] {extract.py:299} INFO -    giang_vien               :       45
[2026-04-05T15:46:49.991+0000] {logging_mixin.py:188} WARNING - [2026-04-05 15:46:49] INFO    etl.extract :    lop_hanh_chinh           :       48
[2026-04-05T15:46:49.991+0000] {extract.py:299} INFO -    lop_hanh_chinh           :       48
[2026-04-05T15:46:49.992+0000] {logging_mixin.py:188} WARNING - [2026-04-05 15:46:49] INFO    etl.extract :    sinh_vien                :    1,695
[2026-04-05T15:46:49.992+0000] {extract.py:299} INFO -    sinh_vien                :    1,695
[2026-04-05T15:46:49.993+0000] {logging_mixin.py:188} WARNING - [2026-04-05 15:46:49] INFO    etl.extract :    hoc_phan                 :      121
[2026-04-05T15:46:49.993+0000] {extract.py:299} INFO -    hoc_phan                 :      121
[2026-04-05T15:46:49.993+0000] {logging_mixin.py:188} WARNING - [2026-04-05 15:46:49] INFO    etl.extract :    hoc_ky_nam_hoc           :        9
[2026-04-05T15:46:49.993+0000] {extract.py:299} INFO -    hoc_ky_nam_hoc           :        9
[2026-04-05T15:46:49.994+0000] {logging_mixin.py:188} WARNING - [2026-04-05 15:46:49] INFO    etl.extract :    dang_ky_hoc_phan         :   58,001
[2026-04-05T15:46:49.994+0000] {extract.py:299} INFO -    dang_ky_hoc_phan         :   58,001
[2026-04-05T15:46:49.994+0000] {logging_mixin.py:188} WARNING - [2026-04-05 15:46:49] INFO    etl.extract :    diem_hoc_phan            :   58,001
[2026-04-05T15:46:49.994+0000] {extract.py:299} INFO -    diem_hoc_phan            :   58,001
[2026-04-05T15:46:49.995+0000] {logging_mixin.py:188} WARNING - [2026-04-05 15:46:49] INFO    etl.extract :    tong_hop_ket_qua         :    1,695
[2026-04-05T15:46:49.995+0000] {extract.py:299} INFO -    tong_hop_ket_qua         :    1,695
[2026-04-05T15:46:49.996+0000] {logging_mixin.py:188} WARNING - [2026-04-05 15:46:49] INFO    etl.extract :    ctsv_data                :    9,238
[2026-04-05T15:46:49.996+0000] {extract.py:299} INFO -    ctsv_data                :    9,238
[2026-04-05T15:46:49.997+0000] {logging_mixin.py:188} WARNING - [2026-04-05 15:46:49] INFO    etl.extract :    tai_chinh_data           :    9,238
[2026-04-05T15:46:49.997+0000] {extract.py:299} INFO -    tai_chinh_data           :    9,238
[2026-04-05T15:46:49.997+0000] {logging_mixin.py:188} WARNING - [2026-04-05 15:46:49] INFO    etl.extract : ======================================================================
[2026-04-05T15:46:49.997+0000] {extract.py:300} INFO - ======================================================================
[2026-04-05T15:46:50.030+0000] {logging_mixin.py:188} INFO - Extract xong: {'khoa': 4, 'nganh': 3, 'giang_vien': 45, 'lop_hanh_chinh': 48, 'sinh_vien': 1695, 'hoc_phan': 121, 'hoc_ky_nam_hoc': 9, 'dang_ky_hoc_phan': 58001, 'diem_hoc_phan': 58001, 'tong_hop_ket_qua': 1695, 'ctsv_data': 9238, 'tai_chinh_data': 9238}
[2026-04-05T15:46:50.040+0000] {python.py:201} INFO - Done. Returned value was: {'khoa': 4, 'nganh': 3, 'giang_vien': 45, 'lop_hanh_chinh': 48, 'sinh_vien': 1695, 'hoc_phan': 121, 'hoc_ky_nam_hoc': 9, 'dang_ky_hoc_phan': 58001, 'diem_hoc_phan': 58001, 'tong_hop_ket_qua': 1695, 'ctsv_data': 9238, 'tai_chinh_data': 9238}
[2026-04-05T15:46:50.067+0000] {taskinstance.py:1138} INFO - Marking task as SUCCESS. dag_id=daily_student_pipeline, task_id=extract_data, execution_date=20260405T154642, start_date=20260405T154645, end_date=20260405T154650
[2026-04-05T15:46:50.137+0000] {local_task_job_runner.py:234} INFO - Task exited with return code 0
[2026-04-05T15:46:50.166+0000] {taskinstance.py:3280} INFO - 1 downstream tasks scheduled from follow-on schedule check
