[2026-05-01T01:48:14.973+0000] {processor.py:161} INFO - Started process (PID=178) to work on /opt/airflow/dags/weekly_summary_pipeline.py
[2026-05-01T01:48:14.979+0000] {processor.py:830} INFO - Processing file /opt/airflow/dags/weekly_summary_pipeline.py for tasks to queue
[2026-05-01T01:48:14.985+0000] {logging_mixin.py:188} INFO - [2026-05-01T01:48:14.984+0000] {dagbag.py:538} INFO - Filling up the DagBag from /opt/airflow/dags/weekly_summary_pipeline.py
[2026-05-01T01:48:15.106+0000] {processor.py:840} INFO - DAG(s) 'weekly_summary_pipeline' retrieved from /opt/airflow/dags/weekly_summary_pipeline.py
[2026-05-01T01:48:15.216+0000] {logging_mixin.py:188} INFO - [2026-05-01T01:48:15.216+0000] {dag.py:3036} INFO - Sync 1 DAGs
[2026-05-01T01:48:15.270+0000] {logging_mixin.py:188} INFO - [2026-05-01T01:48:15.266+0000] {dag.py:3823} INFO - Setting next_dagrun for weekly_summary_pipeline to 2026-04-27 06:00:00+00:00, run_after=2026-05-04 06:00:00+00:00
[2026-05-01T01:48:15.314+0000] {processor.py:183} INFO - Processing /opt/airflow/dags/weekly_summary_pipeline.py took 0.351 seconds
[2026-05-01T01:48:45.562+0000] {processor.py:161} INFO - Started process (PID=283) to work on /opt/airflow/dags/weekly_summary_pipeline.py
[2026-05-01T01:48:45.563+0000] {processor.py:830} INFO - Processing file /opt/airflow/dags/weekly_summary_pipeline.py for tasks to queue
[2026-05-01T01:48:45.564+0000] {logging_mixin.py:188} INFO - [2026-05-01T01:48:45.564+0000] {dagbag.py:538} INFO - Filling up the DagBag from /opt/airflow/dags/weekly_summary_pipeline.py
[2026-05-01T01:48:45.581+0000] {processor.py:840} INFO - DAG(s) 'weekly_summary_pipeline' retrieved from /opt/airflow/dags/weekly_summary_pipeline.py
[2026-05-01T01:48:45.710+0000] {logging_mixin.py:188} INFO - [2026-05-01T01:48:45.710+0000] {dag.py:3036} INFO - Sync 1 DAGs
[2026-05-01T01:48:45.727+0000] {logging_mixin.py:188} INFO - [2026-05-01T01:48:45.727+0000] {dag.py:3823} INFO - Setting next_dagrun for weekly_summary_pipeline to 2026-04-27 06:00:00+00:00, run_after=2026-05-04 06:00:00+00:00
[2026-05-01T01:48:45.744+0000] {processor.py:183} INFO - Processing /opt/airflow/dags/weekly_summary_pipeline.py took 0.186 seconds
[2026-05-01T01:49:17.727+0000] {processor.py:161} INFO - Started process (PID=306) to work on /opt/airflow/dags/weekly_summary_pipeline.py
[2026-05-01T01:49:17.729+0000] {processor.py:830} INFO - Processing file /opt/airflow/dags/weekly_summary_pipeline.py for tasks to queue
[2026-05-01T01:49:17.731+0000] {logging_mixin.py:188} INFO - [2026-05-01T01:49:17.730+0000] {dagbag.py:538} INFO - Filling up the DagBag from /opt/airflow/dags/weekly_summary_pipeline.py
[2026-05-01T01:49:17.759+0000] {processor.py:840} INFO - DAG(s) 'weekly_summary_pipeline' retrieved from /opt/airflow/dags/weekly_summary_pipeline.py
[2026-05-01T01:49:17.793+0000] {logging_mixin.py:188} INFO - [2026-05-01T01:49:17.792+0000] {dag.py:3036} INFO - Sync 1 DAGs
[2026-05-01T01:49:17.820+0000] {logging_mixin.py:188} INFO - [2026-05-01T01:49:17.820+0000] {dag.py:3823} INFO - Setting next_dagrun for weekly_summary_pipeline to 2026-04-27 06:00:00+00:00, run_after=2026-05-04 06:00:00+00:00
[2026-05-01T01:49:17.862+0000] {processor.py:183} INFO - Processing /opt/airflow/dags/weekly_summary_pipeline.py took 0.140 seconds
[2026-05-01T01:49:49.717+0000] {processor.py:161} INFO - Started process (PID=329) to work on /opt/airflow/dags/weekly_summary_pipeline.py
[2026-05-01T01:49:49.717+0000] {processor.py:830} INFO - Processing file /opt/airflow/dags/weekly_summary_pipeline.py for tasks to queue
[2026-05-01T01:49:49.718+0000] {logging_mixin.py:188} INFO - [2026-05-01T01:49:49.718+0000] {dagbag.py:538} INFO - Filling up the DagBag from /opt/airflow/dags/weekly_summary_pipeline.py
[2026-05-01T01:49:49.734+0000] {processor.py:840} INFO - DAG(s) 'weekly_summary_pipeline' retrieved from /opt/airflow/dags/weekly_summary_pipeline.py
[2026-05-01T01:49:49.765+0000] {logging_mixin.py:188} INFO - [2026-05-01T01:49:49.765+0000] {dag.py:3036} INFO - Sync 1 DAGs
[2026-05-01T01:49:49.785+0000] {logging_mixin.py:188} INFO - [2026-05-01T01:49:49.785+0000] {dag.py:3823} INFO - Setting next_dagrun for weekly_summary_pipeline to 2026-04-27 06:00:00+00:00, run_after=2026-05-04 06:00:00+00:00
[2026-05-01T01:49:49.805+0000] {processor.py:183} INFO - Processing /opt/airflow/dags/weekly_summary_pipeline.py took 0.090 seconds
[2026-05-01T01:50:22.714+0000] {processor.py:161} INFO - Started process (PID=352) to work on /opt/airflow/dags/weekly_summary_pipeline.py
[2026-05-01T01:50:22.715+0000] {processor.py:830} INFO - Processing file /opt/airflow/dags/weekly_summary_pipeline.py for tasks to queue
[2026-05-01T01:50:22.717+0000] {logging_mixin.py:188} INFO - [2026-05-01T01:50:22.716+0000] {dagbag.py:538} INFO - Filling up the DagBag from /opt/airflow/dags/weekly_summary_pipeline.py
[2026-05-01T01:50:22.747+0000] {processor.py:840} INFO - DAG(s) 'weekly_summary_pipeline' retrieved from /opt/airflow/dags/weekly_summary_pipeline.py
[2026-05-01T01:50:22.779+0000] {logging_mixin.py:188} INFO - [2026-05-01T01:50:22.779+0000] {dag.py:3036} INFO - Sync 1 DAGs
[2026-05-01T01:50:22.815+0000] {logging_mixin.py:188} INFO - [2026-05-01T01:50:22.815+0000] {dag.py:3823} INFO - Setting next_dagrun for weekly_summary_pipeline to 2026-04-27 06:00:00+00:00, run_after=2026-05-04 06:00:00+00:00
[2026-05-01T01:50:22.860+0000] {processor.py:183} INFO - Processing /opt/airflow/dags/weekly_summary_pipeline.py took 0.150 seconds
[2026-05-01T01:50:54.739+0000] {processor.py:161} INFO - Started process (PID=375) to work on /opt/airflow/dags/weekly_summary_pipeline.py
[2026-05-01T01:50:54.740+0000] {processor.py:830} INFO - Processing file /opt/airflow/dags/weekly_summary_pipeline.py for tasks to queue
[2026-05-01T01:50:54.741+0000] {logging_mixin.py:188} INFO - [2026-05-01T01:50:54.741+0000] {dagbag.py:538} INFO - Filling up the DagBag from /opt/airflow/dags/weekly_summary_pipeline.py
[2026-05-01T01:50:54.759+0000] {processor.py:840} INFO - DAG(s) 'weekly_summary_pipeline' retrieved from /opt/airflow/dags/weekly_summary_pipeline.py
[2026-05-01T01:50:54.786+0000] {logging_mixin.py:188} INFO - [2026-05-01T01:50:54.786+0000] {dag.py:3036} INFO - Sync 1 DAGs
[2026-05-01T01:50:54.808+0000] {logging_mixin.py:188} INFO - [2026-05-01T01:50:54.808+0000] {dag.py:3823} INFO - Setting next_dagrun for weekly_summary_pipeline to 2026-04-27 06:00:00+00:00, run_after=2026-05-04 06:00:00+00:00
[2026-05-01T01:50:54.830+0000] {processor.py:183} INFO - Processing /opt/airflow/dags/weekly_summary_pipeline.py took 0.093 seconds
[2026-05-01T01:51:27.517+0000] {processor.py:161} INFO - Started process (PID=398) to work on /opt/airflow/dags/weekly_summary_pipeline.py
[2026-05-01T01:51:27.518+0000] {processor.py:830} INFO - Processing file /opt/airflow/dags/weekly_summary_pipeline.py for tasks to queue
[2026-05-01T01:51:27.519+0000] {logging_mixin.py:188} INFO - [2026-05-01T01:51:27.519+0000] {dagbag.py:538} INFO - Filling up the DagBag from /opt/airflow/dags/weekly_summary_pipeline.py
[2026-05-01T01:51:27.544+0000] {processor.py:840} INFO - DAG(s) 'weekly_summary_pipeline' retrieved from /opt/airflow/dags/weekly_summary_pipeline.py
[2026-05-01T01:51:27.574+0000] {logging_mixin.py:188} INFO - [2026-05-01T01:51:27.573+0000] {dag.py:3036} INFO - Sync 1 DAGs
[2026-05-01T01:51:27.597+0000] {logging_mixin.py:188} INFO - [2026-05-01T01:51:27.597+0000] {dag.py:3823} INFO - Setting next_dagrun for weekly_summary_pipeline to 2026-04-27 06:00:00+00:00, run_after=2026-05-04 06:00:00+00:00
[2026-05-01T01:51:27.618+0000] {processor.py:183} INFO - Processing /opt/airflow/dags/weekly_summary_pipeline.py took 0.104 seconds
[2026-05-01T01:52:00.352+0000] {processor.py:161} INFO - Started process (PID=420) to work on /opt/airflow/dags/weekly_summary_pipeline.py
[2026-05-01T01:52:00.353+0000] {processor.py:830} INFO - Processing file /opt/airflow/dags/weekly_summary_pipeline.py for tasks to queue
[2026-05-01T01:52:00.354+0000] {logging_mixin.py:188} INFO - [2026-05-01T01:52:00.354+0000] {dagbag.py:538} INFO - Filling up the DagBag from /opt/airflow/dags/weekly_summary_pipeline.py
[2026-05-01T01:52:00.371+0000] {processor.py:840} INFO - DAG(s) 'weekly_summary_pipeline' retrieved from /opt/airflow/dags/weekly_summary_pipeline.py
[2026-05-01T01:52:00.397+0000] {logging_mixin.py:188} INFO - [2026-05-01T01:52:00.396+0000] {dag.py:3036} INFO - Sync 1 DAGs
[2026-05-01T01:52:00.417+0000] {logging_mixin.py:188} INFO - [2026-05-01T01:52:00.417+0000] {dag.py:3823} INFO - Setting next_dagrun for weekly_summary_pipeline to 2026-04-27 06:00:00+00:00, run_after=2026-05-04 06:00:00+00:00
[2026-05-01T01:52:00.433+0000] {processor.py:183} INFO - Processing /opt/airflow/dags/weekly_summary_pipeline.py took 0.084 seconds
[2026-05-01T01:52:31.924+0000] {processor.py:161} INFO - Started process (PID=443) to work on /opt/airflow/dags/weekly_summary_pipeline.py
[2026-05-01T01:52:31.925+0000] {processor.py:830} INFO - Processing file /opt/airflow/dags/weekly_summary_pipeline.py for tasks to queue
[2026-05-01T01:52:31.926+0000] {logging_mixin.py:188} INFO - [2026-05-01T01:52:31.925+0000] {dagbag.py:538} INFO - Filling up the DagBag from /opt/airflow/dags/weekly_summary_pipeline.py
[2026-05-01T01:52:31.949+0000] {processor.py:840} INFO - DAG(s) 'weekly_summary_pipeline' retrieved from /opt/airflow/dags/weekly_summary_pipeline.py
[2026-05-01T01:52:31.974+0000] {logging_mixin.py:188} INFO - [2026-05-01T01:52:31.974+0000] {dag.py:3036} INFO - Sync 1 DAGs
[2026-05-01T01:52:31.996+0000] {logging_mixin.py:188} INFO - [2026-05-01T01:52:31.996+0000] {dag.py:3823} INFO - Setting next_dagrun for weekly_summary_pipeline to 2026-04-27 06:00:00+00:00, run_after=2026-05-04 06:00:00+00:00
[2026-05-01T01:52:32.014+0000] {processor.py:183} INFO - Processing /opt/airflow/dags/weekly_summary_pipeline.py took 0.095 seconds
[2026-05-01T01:53:04.713+0000] {processor.py:161} INFO - Started process (PID=466) to work on /opt/airflow/dags/weekly_summary_pipeline.py
[2026-05-01T01:53:04.714+0000] {processor.py:830} INFO - Processing file /opt/airflow/dags/weekly_summary_pipeline.py for tasks to queue
[2026-05-01T01:53:04.715+0000] {logging_mixin.py:188} INFO - [2026-05-01T01:53:04.714+0000] {dagbag.py:538} INFO - Filling up the DagBag from /opt/airflow/dags/weekly_summary_pipeline.py
[2026-05-01T01:53:04.731+0000] {processor.py:840} INFO - DAG(s) 'weekly_summary_pipeline' retrieved from /opt/airflow/dags/weekly_summary_pipeline.py
[2026-05-01T01:53:04.758+0000] {logging_mixin.py:188} INFO - [2026-05-01T01:53:04.758+0000] {dag.py:3036} INFO - Sync 1 DAGs
[2026-05-01T01:53:04.782+0000] {logging_mixin.py:188} INFO - [2026-05-01T01:53:04.782+0000] {dag.py:3823} INFO - Setting next_dagrun for weekly_summary_pipeline to 2026-04-27 06:00:00+00:00, run_after=2026-05-04 06:00:00+00:00
[2026-05-01T01:53:04.803+0000] {processor.py:183} INFO - Processing /opt/airflow/dags/weekly_summary_pipeline.py took 0.095 seconds
[2026-05-01T01:53:36.573+0000] {processor.py:161} INFO - Started process (PID=489) to work on /opt/airflow/dags/weekly_summary_pipeline.py
[2026-05-01T01:53:36.574+0000] {processor.py:830} INFO - Processing file /opt/airflow/dags/weekly_summary_pipeline.py for tasks to queue
[2026-05-01T01:53:36.575+0000] {logging_mixin.py:188} INFO - [2026-05-01T01:53:36.575+0000] {dagbag.py:538} INFO - Filling up the DagBag from /opt/airflow/dags/weekly_summary_pipeline.py
[2026-05-01T01:53:36.599+0000] {processor.py:840} INFO - DAG(s) 'weekly_summary_pipeline' retrieved from /opt/airflow/dags/weekly_summary_pipeline.py
[2026-05-01T01:53:36.627+0000] {logging_mixin.py:188} INFO - [2026-05-01T01:53:36.627+0000] {dag.py:3036} INFO - Sync 1 DAGs
[2026-05-01T01:53:36.649+0000] {logging_mixin.py:188} INFO - [2026-05-01T01:53:36.649+0000] {dag.py:3823} INFO - Setting next_dagrun for weekly_summary_pipeline to 2026-04-27 06:00:00+00:00, run_after=2026-05-04 06:00:00+00:00
[2026-05-01T01:53:36.670+0000] {processor.py:183} INFO - Processing /opt/airflow/dags/weekly_summary_pipeline.py took 0.099 seconds
[2026-05-01T01:54:09.456+0000] {processor.py:161} INFO - Started process (PID=511) to work on /opt/airflow/dags/weekly_summary_pipeline.py
[2026-05-01T01:54:09.457+0000] {processor.py:830} INFO - Processing file /opt/airflow/dags/weekly_summary_pipeline.py for tasks to queue
[2026-05-01T01:54:09.458+0000] {logging_mixin.py:188} INFO - [2026-05-01T01:54:09.458+0000] {dagbag.py:538} INFO - Filling up the DagBag from /opt/airflow/dags/weekly_summary_pipeline.py
[2026-05-01T01:54:09.477+0000] {processor.py:840} INFO - DAG(s) 'weekly_summary_pipeline' retrieved from /opt/airflow/dags/weekly_summary_pipeline.py
[2026-05-01T01:54:09.503+0000] {logging_mixin.py:188} INFO - [2026-05-01T01:54:09.503+0000] {dag.py:3036} INFO - Sync 1 DAGs
[2026-05-01T01:54:09.526+0000] {logging_mixin.py:188} INFO - [2026-05-01T01:54:09.526+0000] {dag.py:3823} INFO - Setting next_dagrun for weekly_summary_pipeline to 2026-04-27 06:00:00+00:00, run_after=2026-05-04 06:00:00+00:00
[2026-05-01T01:54:09.545+0000] {processor.py:183} INFO - Processing /opt/airflow/dags/weekly_summary_pipeline.py took 0.092 seconds
[2026-05-01T01:54:41.983+0000] {processor.py:161} INFO - Started process (PID=534) to work on /opt/airflow/dags/weekly_summary_pipeline.py
[2026-05-01T01:54:41.984+0000] {processor.py:830} INFO - Processing file /opt/airflow/dags/weekly_summary_pipeline.py for tasks to queue
[2026-05-01T01:54:41.985+0000] {logging_mixin.py:188} INFO - [2026-05-01T01:54:41.985+0000] {dagbag.py:538} INFO - Filling up the DagBag from /opt/airflow/dags/weekly_summary_pipeline.py
[2026-05-01T01:54:42.001+0000] {processor.py:840} INFO - DAG(s) 'weekly_summary_pipeline' retrieved from /opt/airflow/dags/weekly_summary_pipeline.py
[2026-05-01T01:54:42.025+0000] {logging_mixin.py:188} INFO - [2026-05-01T01:54:42.025+0000] {dag.py:3036} INFO - Sync 1 DAGs
[2026-05-01T01:54:42.047+0000] {logging_mixin.py:188} INFO - [2026-05-01T01:54:42.046+0000] {dag.py:3823} INFO - Setting next_dagrun for weekly_summary_pipeline to 2026-04-27 06:00:00+00:00, run_after=2026-05-04 06:00:00+00:00
[2026-05-01T01:54:42.064+0000] {processor.py:183} INFO - Processing /opt/airflow/dags/weekly_summary_pipeline.py took 0.083 seconds
[2026-05-01T01:55:14.061+0000] {processor.py:161} INFO - Started process (PID=557) to work on /opt/airflow/dags/weekly_summary_pipeline.py
[2026-05-01T01:55:14.062+0000] {processor.py:830} INFO - Processing file /opt/airflow/dags/weekly_summary_pipeline.py for tasks to queue
[2026-05-01T01:55:14.063+0000] {logging_mixin.py:188} INFO - [2026-05-01T01:55:14.063+0000] {dagbag.py:538} INFO - Filling up the DagBag from /opt/airflow/dags/weekly_summary_pipeline.py
[2026-05-01T01:55:14.081+0000] {processor.py:840} INFO - DAG(s) 'weekly_summary_pipeline' retrieved from /opt/airflow/dags/weekly_summary_pipeline.py
[2026-05-01T01:55:14.111+0000] {logging_mixin.py:188} INFO - [2026-05-01T01:55:14.111+0000] {dag.py:3036} INFO - Sync 1 DAGs
[2026-05-01T01:55:14.134+0000] {logging_mixin.py:188} INFO - [2026-05-01T01:55:14.134+0000] {dag.py:3823} INFO - Setting next_dagrun for weekly_summary_pipeline to 2026-04-27 06:00:00+00:00, run_after=2026-05-04 06:00:00+00:00
[2026-05-01T01:55:14.154+0000] {processor.py:183} INFO - Processing /opt/airflow/dags/weekly_summary_pipeline.py took 0.096 seconds
[2026-05-01T01:55:46.862+0000] {processor.py:161} INFO - Started process (PID=580) to work on /opt/airflow/dags/weekly_summary_pipeline.py
[2026-05-01T01:55:46.863+0000] {processor.py:830} INFO - Processing file /opt/airflow/dags/weekly_summary_pipeline.py for tasks to queue
[2026-05-01T01:55:46.864+0000] {logging_mixin.py:188} INFO - [2026-05-01T01:55:46.863+0000] {dagbag.py:538} INFO - Filling up the DagBag from /opt/airflow/dags/weekly_summary_pipeline.py
[2026-05-01T01:55:46.880+0000] {processor.py:840} INFO - DAG(s) 'weekly_summary_pipeline' retrieved from /opt/airflow/dags/weekly_summary_pipeline.py
[2026-05-01T01:55:46.907+0000] {logging_mixin.py:188} INFO - [2026-05-01T01:55:46.907+0000] {dag.py:3036} INFO - Sync 1 DAGs
[2026-05-01T01:55:46.930+0000] {logging_mixin.py:188} INFO - [2026-05-01T01:55:46.930+0000] {dag.py:3823} INFO - Setting next_dagrun for weekly_summary_pipeline to 2026-04-27 06:00:00+00:00, run_after=2026-05-04 06:00:00+00:00
[2026-05-01T01:55:46.949+0000] {processor.py:183} INFO - Processing /opt/airflow/dags/weekly_summary_pipeline.py took 0.090 seconds
[2026-05-01T01:56:19.784+0000] {processor.py:161} INFO - Started process (PID=606) to work on /opt/airflow/dags/weekly_summary_pipeline.py
[2026-05-01T01:56:19.785+0000] {processor.py:830} INFO - Processing file /opt/airflow/dags/weekly_summary_pipeline.py for tasks to queue
[2026-05-01T01:56:19.786+0000] {logging_mixin.py:188} INFO - [2026-05-01T01:56:19.785+0000] {dagbag.py:538} INFO - Filling up the DagBag from /opt/airflow/dags/weekly_summary_pipeline.py
[2026-05-01T01:56:19.802+0000] {processor.py:840} INFO - DAG(s) 'weekly_summary_pipeline' retrieved from /opt/airflow/dags/weekly_summary_pipeline.py
[2026-05-01T01:56:19.825+0000] {logging_mixin.py:188} INFO - [2026-05-01T01:56:19.825+0000] {dag.py:3036} INFO - Sync 1 DAGs
[2026-05-01T01:56:19.846+0000] {logging_mixin.py:188} INFO - [2026-05-01T01:56:19.846+0000] {dag.py:3823} INFO - Setting next_dagrun for weekly_summary_pipeline to 2026-04-27 06:00:00+00:00, run_after=2026-05-04 06:00:00+00:00
[2026-05-01T01:56:19.866+0000] {processor.py:183} INFO - Processing /opt/airflow/dags/weekly_summary_pipeline.py took 0.085 seconds
[2026-05-01T01:56:51.383+0000] {processor.py:161} INFO - Started process (PID=629) to work on /opt/airflow/dags/weekly_summary_pipeline.py
[2026-05-01T01:56:51.384+0000] {processor.py:830} INFO - Processing file /opt/airflow/dags/weekly_summary_pipeline.py for tasks to queue
[2026-05-01T01:56:51.385+0000] {logging_mixin.py:188} INFO - [2026-05-01T01:56:51.385+0000] {dagbag.py:538} INFO - Filling up the DagBag from /opt/airflow/dags/weekly_summary_pipeline.py
[2026-05-01T01:56:51.406+0000] {processor.py:840} INFO - DAG(s) 'weekly_summary_pipeline' retrieved from /opt/airflow/dags/weekly_summary_pipeline.py
[2026-05-01T01:56:51.436+0000] {logging_mixin.py:188} INFO - [2026-05-01T01:56:51.436+0000] {dag.py:3036} INFO - Sync 1 DAGs
[2026-05-01T01:56:51.457+0000] {logging_mixin.py:188} INFO - [2026-05-01T01:56:51.457+0000] {dag.py:3823} INFO - Setting next_dagrun for weekly_summary_pipeline to 2026-04-27 06:00:00+00:00, run_after=2026-05-04 06:00:00+00:00
[2026-05-01T01:56:51.476+0000] {processor.py:183} INFO - Processing /opt/airflow/dags/weekly_summary_pipeline.py took 0.096 seconds
[2026-05-01T01:57:24.498+0000] {processor.py:161} INFO - Started process (PID=644) to work on /opt/airflow/dags/weekly_summary_pipeline.py
[2026-05-01T01:57:24.500+0000] {processor.py:830} INFO - Processing file /opt/airflow/dags/weekly_summary_pipeline.py for tasks to queue
[2026-05-01T01:57:24.501+0000] {logging_mixin.py:188} INFO - [2026-05-01T01:57:24.500+0000] {dagbag.py:538} INFO - Filling up the DagBag from /opt/airflow/dags/weekly_summary_pipeline.py
[2026-05-01T01:57:24.520+0000] {processor.py:840} INFO - DAG(s) 'weekly_summary_pipeline' retrieved from /opt/airflow/dags/weekly_summary_pipeline.py
[2026-05-01T01:57:24.549+0000] {logging_mixin.py:188} INFO - [2026-05-01T01:57:24.549+0000] {dag.py:3036} INFO - Sync 1 DAGs
[2026-05-01T01:57:24.578+0000] {logging_mixin.py:188} INFO - [2026-05-01T01:57:24.578+0000] {dag.py:3823} INFO - Setting next_dagrun for weekly_summary_pipeline to 2026-04-27 06:00:00+00:00, run_after=2026-05-04 06:00:00+00:00
[2026-05-01T01:57:24.600+0000] {processor.py:183} INFO - Processing /opt/airflow/dags/weekly_summary_pipeline.py took 0.104 seconds
[2026-05-01T01:57:56.616+0000] {processor.py:161} INFO - Started process (PID=668) to work on /opt/airflow/dags/weekly_summary_pipeline.py
[2026-05-01T01:57:56.617+0000] {processor.py:830} INFO - Processing file /opt/airflow/dags/weekly_summary_pipeline.py for tasks to queue
[2026-05-01T01:57:56.618+0000] {logging_mixin.py:188} INFO - [2026-05-01T01:57:56.618+0000] {dagbag.py:538} INFO - Filling up the DagBag from /opt/airflow/dags/weekly_summary_pipeline.py
[2026-05-01T01:57:56.635+0000] {processor.py:840} INFO - DAG(s) 'weekly_summary_pipeline' retrieved from /opt/airflow/dags/weekly_summary_pipeline.py
[2026-05-01T01:57:56.658+0000] {logging_mixin.py:188} INFO - [2026-05-01T01:57:56.658+0000] {dag.py:3036} INFO - Sync 1 DAGs
[2026-05-01T01:57:56.679+0000] {logging_mixin.py:188} INFO - [2026-05-01T01:57:56.679+0000] {dag.py:3823} INFO - Setting next_dagrun for weekly_summary_pipeline to 2026-04-27 06:00:00+00:00, run_after=2026-05-04 06:00:00+00:00
[2026-05-01T01:57:56.697+0000] {processor.py:183} INFO - Processing /opt/airflow/dags/weekly_summary_pipeline.py took 0.083 seconds
[2026-05-01T01:58:29.421+0000] {processor.py:161} INFO - Started process (PID=691) to work on /opt/airflow/dags/weekly_summary_pipeline.py
[2026-05-01T01:58:29.423+0000] {processor.py:830} INFO - Processing file /opt/airflow/dags/weekly_summary_pipeline.py for tasks to queue
[2026-05-01T01:58:29.424+0000] {logging_mixin.py:188} INFO - [2026-05-01T01:58:29.423+0000] {dagbag.py:538} INFO - Filling up the DagBag from /opt/airflow/dags/weekly_summary_pipeline.py
[2026-05-01T01:58:29.458+0000] {processor.py:840} INFO - DAG(s) 'weekly_summary_pipeline' retrieved from /opt/airflow/dags/weekly_summary_pipeline.py
[2026-05-01T01:58:29.504+0000] {logging_mixin.py:188} INFO - [2026-05-01T01:58:29.503+0000] {dag.py:3036} INFO - Sync 1 DAGs
[2026-05-01T01:58:29.525+0000] {logging_mixin.py:188} INFO - [2026-05-01T01:58:29.525+0000] {dag.py:3823} INFO - Setting next_dagrun for weekly_summary_pipeline to 2026-04-27 06:00:00+00:00, run_after=2026-05-04 06:00:00+00:00
[2026-05-01T01:58:29.545+0000] {processor.py:183} INFO - Processing /opt/airflow/dags/weekly_summary_pipeline.py took 0.127 seconds
[2026-05-01T01:59:02.327+0000] {processor.py:161} INFO - Started process (PID=714) to work on /opt/airflow/dags/weekly_summary_pipeline.py
[2026-05-01T01:59:02.328+0000] {processor.py:830} INFO - Processing file /opt/airflow/dags/weekly_summary_pipeline.py for tasks to queue
[2026-05-01T01:59:02.329+0000] {logging_mixin.py:188} INFO - [2026-05-01T01:59:02.329+0000] {dagbag.py:538} INFO - Filling up the DagBag from /opt/airflow/dags/weekly_summary_pipeline.py
[2026-05-01T01:59:02.348+0000] {processor.py:840} INFO - DAG(s) 'weekly_summary_pipeline' retrieved from /opt/airflow/dags/weekly_summary_pipeline.py
[2026-05-01T01:59:02.378+0000] {logging_mixin.py:188} INFO - [2026-05-01T01:59:02.377+0000] {dag.py:3036} INFO - Sync 1 DAGs
[2026-05-01T01:59:02.402+0000] {logging_mixin.py:188} INFO - [2026-05-01T01:59:02.402+0000] {dag.py:3823} INFO - Setting next_dagrun for weekly_summary_pipeline to 2026-04-27 06:00:00+00:00, run_after=2026-05-04 06:00:00+00:00
[2026-05-01T01:59:02.425+0000] {processor.py:183} INFO - Processing /opt/airflow/dags/weekly_summary_pipeline.py took 0.101 seconds
[2026-05-01T01:59:34.317+0000] {processor.py:161} INFO - Started process (PID=737) to work on /opt/airflow/dags/weekly_summary_pipeline.py
[2026-05-01T01:59:34.318+0000] {processor.py:830} INFO - Processing file /opt/airflow/dags/weekly_summary_pipeline.py for tasks to queue
[2026-05-01T01:59:34.319+0000] {logging_mixin.py:188} INFO - [2026-05-01T01:59:34.319+0000] {dagbag.py:538} INFO - Filling up the DagBag from /opt/airflow/dags/weekly_summary_pipeline.py
[2026-05-01T01:59:34.339+0000] {processor.py:840} INFO - DAG(s) 'weekly_summary_pipeline' retrieved from /opt/airflow/dags/weekly_summary_pipeline.py
[2026-05-01T01:59:34.364+0000] {logging_mixin.py:188} INFO - [2026-05-01T01:59:34.364+0000] {dag.py:3036} INFO - Sync 1 DAGs
[2026-05-01T01:59:34.385+0000] {logging_mixin.py:188} INFO - [2026-05-01T01:59:34.385+0000] {dag.py:3823} INFO - Setting next_dagrun for weekly_summary_pipeline to 2026-04-27 06:00:00+00:00, run_after=2026-05-04 06:00:00+00:00
[2026-05-01T01:59:34.406+0000] {processor.py:183} INFO - Processing /opt/airflow/dags/weekly_summary_pipeline.py took 0.091 seconds
[2026-05-01T02:00:07.214+0000] {processor.py:161} INFO - Started process (PID=783) to work on /opt/airflow/dags/weekly_summary_pipeline.py
[2026-05-01T02:00:07.215+0000] {processor.py:830} INFO - Processing file /opt/airflow/dags/weekly_summary_pipeline.py for tasks to queue
[2026-05-01T02:00:07.216+0000] {logging_mixin.py:188} INFO - [2026-05-01T02:00:07.216+0000] {dagbag.py:538} INFO - Filling up the DagBag from /opt/airflow/dags/weekly_summary_pipeline.py
[2026-05-01T02:00:07.243+0000] {processor.py:840} INFO - DAG(s) 'weekly_summary_pipeline' retrieved from /opt/airflow/dags/weekly_summary_pipeline.py
[2026-05-01T02:00:07.276+0000] {logging_mixin.py:188} INFO - [2026-05-01T02:00:07.276+0000] {dag.py:3036} INFO - Sync 1 DAGs
[2026-05-01T02:00:07.303+0000] {logging_mixin.py:188} INFO - [2026-05-01T02:00:07.303+0000] {dag.py:3823} INFO - Setting next_dagrun for weekly_summary_pipeline to 2026-04-27 06:00:00+00:00, run_after=2026-05-04 06:00:00+00:00
[2026-05-01T02:00:07.336+0000] {processor.py:183} INFO - Processing /opt/airflow/dags/weekly_summary_pipeline.py took 0.124 seconds
[2026-05-01T02:00:39.501+0000] {processor.py:161} INFO - Started process (PID=870) to work on /opt/airflow/dags/weekly_summary_pipeline.py
[2026-05-01T02:00:39.502+0000] {processor.py:830} INFO - Processing file /opt/airflow/dags/weekly_summary_pipeline.py for tasks to queue
[2026-05-01T02:00:39.503+0000] {logging_mixin.py:188} INFO - [2026-05-01T02:00:39.503+0000] {dagbag.py:538} INFO - Filling up the DagBag from /opt/airflow/dags/weekly_summary_pipeline.py
[2026-05-01T02:00:39.524+0000] {processor.py:840} INFO - DAG(s) 'weekly_summary_pipeline' retrieved from /opt/airflow/dags/weekly_summary_pipeline.py
[2026-05-01T02:00:39.553+0000] {logging_mixin.py:188} INFO - [2026-05-01T02:00:39.552+0000] {dag.py:3036} INFO - Sync 1 DAGs
[2026-05-01T02:00:39.572+0000] {logging_mixin.py:188} INFO - [2026-05-01T02:00:39.572+0000] {dag.py:3823} INFO - Setting next_dagrun for weekly_summary_pipeline to 2026-04-27 06:00:00+00:00, run_after=2026-05-04 06:00:00+00:00
[2026-05-01T02:00:39.593+0000] {processor.py:183} INFO - Processing /opt/airflow/dags/weekly_summary_pipeline.py took 0.094 seconds
[2026-05-01T02:01:12.345+0000] {processor.py:161} INFO - Started process (PID=893) to work on /opt/airflow/dags/weekly_summary_pipeline.py
[2026-05-01T02:01:12.346+0000] {processor.py:830} INFO - Processing file /opt/airflow/dags/weekly_summary_pipeline.py for tasks to queue
[2026-05-01T02:01:12.347+0000] {logging_mixin.py:188} INFO - [2026-05-01T02:01:12.347+0000] {dagbag.py:538} INFO - Filling up the DagBag from /opt/airflow/dags/weekly_summary_pipeline.py
[2026-05-01T02:01:12.372+0000] {processor.py:840} INFO - DAG(s) 'weekly_summary_pipeline' retrieved from /opt/airflow/dags/weekly_summary_pipeline.py
[2026-05-01T02:01:12.399+0000] {logging_mixin.py:188} INFO - [2026-05-01T02:01:12.399+0000] {dag.py:3036} INFO - Sync 1 DAGs
[2026-05-01T02:01:12.423+0000] {logging_mixin.py:188} INFO - [2026-05-01T02:01:12.423+0000] {dag.py:3823} INFO - Setting next_dagrun for weekly_summary_pipeline to 2026-04-27 06:00:00+00:00, run_after=2026-05-04 06:00:00+00:00
[2026-05-01T02:01:12.448+0000] {processor.py:183} INFO - Processing /opt/airflow/dags/weekly_summary_pipeline.py took 0.105 seconds
[2026-05-01T02:01:44.261+0000] {processor.py:161} INFO - Started process (PID=916) to work on /opt/airflow/dags/weekly_summary_pipeline.py
[2026-05-01T02:01:44.262+0000] {processor.py:830} INFO - Processing file /opt/airflow/dags/weekly_summary_pipeline.py for tasks to queue
[2026-05-01T02:01:44.263+0000] {logging_mixin.py:188} INFO - [2026-05-01T02:01:44.263+0000] {dagbag.py:538} INFO - Filling up the DagBag from /opt/airflow/dags/weekly_summary_pipeline.py
[2026-05-01T02:01:44.285+0000] {processor.py:840} INFO - DAG(s) 'weekly_summary_pipeline' retrieved from /opt/airflow/dags/weekly_summary_pipeline.py
[2026-05-01T02:01:44.319+0000] {logging_mixin.py:188} INFO - [2026-05-01T02:01:44.319+0000] {dag.py:3036} INFO - Sync 1 DAGs
[2026-05-01T02:01:44.340+0000] {logging_mixin.py:188} INFO - [2026-05-01T02:01:44.340+0000] {dag.py:3823} INFO - Setting next_dagrun for weekly_summary_pipeline to 2026-04-27 06:00:00+00:00, run_after=2026-05-04 06:00:00+00:00
[2026-05-01T02:01:44.363+0000] {processor.py:183} INFO - Processing /opt/airflow/dags/weekly_summary_pipeline.py took 0.105 seconds
[2026-05-01T02:02:17.263+0000] {processor.py:161} INFO - Started process (PID=939) to work on /opt/airflow/dags/weekly_summary_pipeline.py
[2026-05-01T02:02:17.264+0000] {processor.py:830} INFO - Processing file /opt/airflow/dags/weekly_summary_pipeline.py for tasks to queue
[2026-05-01T02:02:17.265+0000] {logging_mixin.py:188} INFO - [2026-05-01T02:02:17.265+0000] {dagbag.py:538} INFO - Filling up the DagBag from /opt/airflow/dags/weekly_summary_pipeline.py
[2026-05-01T02:02:17.291+0000] {processor.py:840} INFO - DAG(s) 'weekly_summary_pipeline' retrieved from /opt/airflow/dags/weekly_summary_pipeline.py
[2026-05-01T02:02:17.320+0000] {logging_mixin.py:188} INFO - [2026-05-01T02:02:17.320+0000] {dag.py:3036} INFO - Sync 1 DAGs
[2026-05-01T02:02:17.344+0000] {logging_mixin.py:188} INFO - [2026-05-01T02:02:17.344+0000] {dag.py:3823} INFO - Setting next_dagrun for weekly_summary_pipeline to 2026-04-27 06:00:00+00:00, run_after=2026-05-04 06:00:00+00:00
[2026-05-01T02:02:17.371+0000] {processor.py:183} INFO - Processing /opt/airflow/dags/weekly_summary_pipeline.py took 0.110 seconds
[2026-05-01T02:02:49.357+0000] {processor.py:161} INFO - Started process (PID=962) to work on /opt/airflow/dags/weekly_summary_pipeline.py
[2026-05-01T02:02:49.359+0000] {processor.py:830} INFO - Processing file /opt/airflow/dags/weekly_summary_pipeline.py for tasks to queue
[2026-05-01T02:02:49.360+0000] {logging_mixin.py:188} INFO - [2026-05-01T02:02:49.360+0000] {dagbag.py:538} INFO - Filling up the DagBag from /opt/airflow/dags/weekly_summary_pipeline.py
[2026-05-01T02:02:49.393+0000] {processor.py:840} INFO - DAG(s) 'weekly_summary_pipeline' retrieved from /opt/airflow/dags/weekly_summary_pipeline.py
[2026-05-01T02:02:49.456+0000] {logging_mixin.py:188} INFO - [2026-05-01T02:02:49.455+0000] {dag.py:3036} INFO - Sync 1 DAGs
[2026-05-01T02:02:49.522+0000] {logging_mixin.py:188} INFO - [2026-05-01T02:02:49.521+0000] {dag.py:3823} INFO - Setting next_dagrun for weekly_summary_pipeline to 2026-04-27 06:00:00+00:00, run_after=2026-05-04 06:00:00+00:00
[2026-05-01T02:02:49.580+0000] {processor.py:183} INFO - Processing /opt/airflow/dags/weekly_summary_pipeline.py took 0.226 seconds
[2026-05-01T02:03:22.535+0000] {processor.py:161} INFO - Started process (PID=988) to work on /opt/airflow/dags/weekly_summary_pipeline.py
[2026-05-01T02:03:22.536+0000] {processor.py:830} INFO - Processing file /opt/airflow/dags/weekly_summary_pipeline.py for tasks to queue
[2026-05-01T02:03:22.538+0000] {logging_mixin.py:188} INFO - [2026-05-01T02:03:22.537+0000] {dagbag.py:538} INFO - Filling up the DagBag from /opt/airflow/dags/weekly_summary_pipeline.py
[2026-05-01T02:03:22.566+0000] {processor.py:840} INFO - DAG(s) 'weekly_summary_pipeline' retrieved from /opt/airflow/dags/weekly_summary_pipeline.py
[2026-05-01T02:03:22.599+0000] {logging_mixin.py:188} INFO - [2026-05-01T02:03:22.599+0000] {dag.py:3036} INFO - Sync 1 DAGs
[2026-05-01T02:03:22.621+0000] {logging_mixin.py:188} INFO - [2026-05-01T02:03:22.620+0000] {dag.py:3823} INFO - Setting next_dagrun for weekly_summary_pipeline to 2026-04-27 06:00:00+00:00, run_after=2026-05-04 06:00:00+00:00
[2026-05-01T02:03:22.641+0000] {processor.py:183} INFO - Processing /opt/airflow/dags/weekly_summary_pipeline.py took 0.108 seconds
[2026-05-01T02:03:54.618+0000] {processor.py:161} INFO - Started process (PID=1011) to work on /opt/airflow/dags/weekly_summary_pipeline.py
[2026-05-01T02:03:54.619+0000] {processor.py:830} INFO - Processing file /opt/airflow/dags/weekly_summary_pipeline.py for tasks to queue
[2026-05-01T02:03:54.620+0000] {logging_mixin.py:188} INFO - [2026-05-01T02:03:54.620+0000] {dagbag.py:538} INFO - Filling up the DagBag from /opt/airflow/dags/weekly_summary_pipeline.py
[2026-05-01T02:03:54.647+0000] {processor.py:840} INFO - DAG(s) 'weekly_summary_pipeline' retrieved from /opt/airflow/dags/weekly_summary_pipeline.py
[2026-05-01T02:03:54.684+0000] {logging_mixin.py:188} INFO - [2026-05-01T02:03:54.684+0000] {dag.py:3036} INFO - Sync 1 DAGs
[2026-05-01T02:03:54.717+0000] {logging_mixin.py:188} INFO - [2026-05-01T02:03:54.717+0000] {dag.py:3823} INFO - Setting next_dagrun for weekly_summary_pipeline to 2026-04-27 06:00:00+00:00, run_after=2026-05-04 06:00:00+00:00
[2026-05-01T02:03:54.744+0000] {processor.py:183} INFO - Processing /opt/airflow/dags/weekly_summary_pipeline.py took 0.129 seconds
[2026-05-01T02:04:27.624+0000] {processor.py:161} INFO - Started process (PID=1034) to work on /opt/airflow/dags/weekly_summary_pipeline.py
[2026-05-01T02:04:27.625+0000] {processor.py:830} INFO - Processing file /opt/airflow/dags/weekly_summary_pipeline.py for tasks to queue
[2026-05-01T02:04:27.626+0000] {logging_mixin.py:188} INFO - [2026-05-01T02:04:27.625+0000] {dagbag.py:538} INFO - Filling up the DagBag from /opt/airflow/dags/weekly_summary_pipeline.py
[2026-05-01T02:04:27.655+0000] {processor.py:840} INFO - DAG(s) 'weekly_summary_pipeline' retrieved from /opt/airflow/dags/weekly_summary_pipeline.py
[2026-05-01T02:04:27.679+0000] {logging_mixin.py:188} INFO - [2026-05-01T02:04:27.679+0000] {dag.py:3036} INFO - Sync 1 DAGs
[2026-05-01T02:04:27.699+0000] {logging_mixin.py:188} INFO - [2026-05-01T02:04:27.699+0000] {dag.py:3823} INFO - Setting next_dagrun for weekly_summary_pipeline to 2026-04-27 06:00:00+00:00, run_after=2026-05-04 06:00:00+00:00
[2026-05-01T02:04:27.722+0000] {processor.py:183} INFO - Processing /opt/airflow/dags/weekly_summary_pipeline.py took 0.101 seconds
[2026-05-01T02:04:59.737+0000] {processor.py:161} INFO - Started process (PID=1057) to work on /opt/airflow/dags/weekly_summary_pipeline.py
[2026-05-01T02:04:59.738+0000] {processor.py:830} INFO - Processing file /opt/airflow/dags/weekly_summary_pipeline.py for tasks to queue
[2026-05-01T02:04:59.739+0000] {logging_mixin.py:188} INFO - [2026-05-01T02:04:59.738+0000] {dagbag.py:538} INFO - Filling up the DagBag from /opt/airflow/dags/weekly_summary_pipeline.py
[2026-05-01T02:04:59.767+0000] {processor.py:840} INFO - DAG(s) 'weekly_summary_pipeline' retrieved from /opt/airflow/dags/weekly_summary_pipeline.py
[2026-05-01T02:04:59.791+0000] {logging_mixin.py:188} INFO - [2026-05-01T02:04:59.791+0000] {dag.py:3036} INFO - Sync 1 DAGs
[2026-05-01T02:04:59.811+0000] {logging_mixin.py:188} INFO - [2026-05-01T02:04:59.810+0000] {dag.py:3823} INFO - Setting next_dagrun for weekly_summary_pipeline to 2026-04-27 06:00:00+00:00, run_after=2026-05-04 06:00:00+00:00
[2026-05-01T02:04:59.833+0000] {processor.py:183} INFO - Processing /opt/airflow/dags/weekly_summary_pipeline.py took 0.098 seconds
[2026-05-01T02:05:32.694+0000] {processor.py:161} INFO - Started process (PID=1080) to work on /opt/airflow/dags/weekly_summary_pipeline.py
[2026-05-01T02:05:32.695+0000] {processor.py:830} INFO - Processing file /opt/airflow/dags/weekly_summary_pipeline.py for tasks to queue
[2026-05-01T02:05:32.697+0000] {logging_mixin.py:188} INFO - [2026-05-01T02:05:32.696+0000] {dagbag.py:538} INFO - Filling up the DagBag from /opt/airflow/dags/weekly_summary_pipeline.py
[2026-05-01T02:05:32.723+0000] {processor.py:840} INFO - DAG(s) 'weekly_summary_pipeline' retrieved from /opt/airflow/dags/weekly_summary_pipeline.py
[2026-05-01T02:05:32.758+0000] {logging_mixin.py:188} INFO - [2026-05-01T02:05:32.758+0000] {dag.py:3036} INFO - Sync 1 DAGs
[2026-05-01T02:05:32.784+0000] {logging_mixin.py:188} INFO - [2026-05-01T02:05:32.784+0000] {dag.py:3823} INFO - Setting next_dagrun for weekly_summary_pipeline to 2026-04-27 06:00:00+00:00, run_after=2026-05-04 06:00:00+00:00
[2026-05-01T02:05:32.804+0000] {processor.py:183} INFO - Processing /opt/airflow/dags/weekly_summary_pipeline.py took 0.114 seconds
[2026-05-01T02:06:04.679+0000] {processor.py:161} INFO - Started process (PID=1095) to work on /opt/airflow/dags/weekly_summary_pipeline.py
[2026-05-01T02:06:04.680+0000] {processor.py:830} INFO - Processing file /opt/airflow/dags/weekly_summary_pipeline.py for tasks to queue
[2026-05-01T02:06:04.681+0000] {logging_mixin.py:188} INFO - [2026-05-01T02:06:04.681+0000] {dagbag.py:538} INFO - Filling up the DagBag from /opt/airflow/dags/weekly_summary_pipeline.py
[2026-05-01T02:06:04.700+0000] {processor.py:840} INFO - DAG(s) 'weekly_summary_pipeline' retrieved from /opt/airflow/dags/weekly_summary_pipeline.py
[2026-05-01T02:06:04.726+0000] {logging_mixin.py:188} INFO - [2026-05-01T02:06:04.725+0000] {dag.py:3036} INFO - Sync 1 DAGs
[2026-05-01T02:06:04.745+0000] {logging_mixin.py:188} INFO - [2026-05-01T02:06:04.745+0000] {dag.py:3823} INFO - Setting next_dagrun for weekly_summary_pipeline to 2026-04-27 06:00:00+00:00, run_after=2026-05-04 06:00:00+00:00
[2026-05-01T02:06:04.775+0000] {processor.py:183} INFO - Processing /opt/airflow/dags/weekly_summary_pipeline.py took 0.099 seconds
[2026-05-01T02:06:37.620+0000] {processor.py:161} INFO - Started process (PID=1118) to work on /opt/airflow/dags/weekly_summary_pipeline.py
[2026-05-01T02:06:37.622+0000] {processor.py:830} INFO - Processing file /opt/airflow/dags/weekly_summary_pipeline.py for tasks to queue
[2026-05-01T02:06:37.623+0000] {logging_mixin.py:188} INFO - [2026-05-01T02:06:37.623+0000] {dagbag.py:538} INFO - Filling up the DagBag from /opt/airflow/dags/weekly_summary_pipeline.py
[2026-05-01T02:06:37.647+0000] {processor.py:840} INFO - DAG(s) 'weekly_summary_pipeline' retrieved from /opt/airflow/dags/weekly_summary_pipeline.py
[2026-05-01T02:06:37.672+0000] {logging_mixin.py:188} INFO - [2026-05-01T02:06:37.672+0000] {dag.py:3036} INFO - Sync 1 DAGs
[2026-05-01T02:06:37.692+0000] {logging_mixin.py:188} INFO - [2026-05-01T02:06:37.691+0000] {dag.py:3823} INFO - Setting next_dagrun for weekly_summary_pipeline to 2026-04-27 06:00:00+00:00, run_after=2026-05-04 06:00:00+00:00
[2026-05-01T02:06:37.707+0000] {processor.py:183} INFO - Processing /opt/airflow/dags/weekly_summary_pipeline.py took 0.090 seconds
[2026-05-01T02:07:09.451+0000] {processor.py:161} INFO - Started process (PID=1141) to work on /opt/airflow/dags/weekly_summary_pipeline.py
[2026-05-01T02:07:09.452+0000] {processor.py:830} INFO - Processing file /opt/airflow/dags/weekly_summary_pipeline.py for tasks to queue
[2026-05-01T02:07:09.454+0000] {logging_mixin.py:188} INFO - [2026-05-01T02:07:09.453+0000] {dagbag.py:538} INFO - Filling up the DagBag from /opt/airflow/dags/weekly_summary_pipeline.py
[2026-05-01T02:07:09.473+0000] {processor.py:840} INFO - DAG(s) 'weekly_summary_pipeline' retrieved from /opt/airflow/dags/weekly_summary_pipeline.py
[2026-05-01T02:07:09.499+0000] {logging_mixin.py:188} INFO - [2026-05-01T02:07:09.499+0000] {dag.py:3036} INFO - Sync 1 DAGs
[2026-05-01T02:07:09.520+0000] {logging_mixin.py:188} INFO - [2026-05-01T02:07:09.519+0000] {dag.py:3823} INFO - Setting next_dagrun for weekly_summary_pipeline to 2026-04-27 06:00:00+00:00, run_after=2026-05-04 06:00:00+00:00
[2026-05-01T02:07:09.541+0000] {processor.py:183} INFO - Processing /opt/airflow/dags/weekly_summary_pipeline.py took 0.092 seconds
[2026-05-01T02:07:42.229+0000] {processor.py:161} INFO - Started process (PID=1164) to work on /opt/airflow/dags/weekly_summary_pipeline.py
[2026-05-01T02:07:42.230+0000] {processor.py:830} INFO - Processing file /opt/airflow/dags/weekly_summary_pipeline.py for tasks to queue
[2026-05-01T02:07:42.231+0000] {logging_mixin.py:188} INFO - [2026-05-01T02:07:42.231+0000] {dagbag.py:538} INFO - Filling up the DagBag from /opt/airflow/dags/weekly_summary_pipeline.py
[2026-05-01T02:07:42.260+0000] {processor.py:840} INFO - DAG(s) 'weekly_summary_pipeline' retrieved from /opt/airflow/dags/weekly_summary_pipeline.py
[2026-05-01T02:07:42.292+0000] {logging_mixin.py:188} INFO - [2026-05-01T02:07:42.292+0000] {dag.py:3036} INFO - Sync 1 DAGs
[2026-05-01T02:07:42.318+0000] {logging_mixin.py:188} INFO - [2026-05-01T02:07:42.318+0000] {dag.py:3823} INFO - Setting next_dagrun for weekly_summary_pipeline to 2026-04-27 06:00:00+00:00, run_after=2026-05-04 06:00:00+00:00
[2026-05-01T02:07:42.340+0000] {processor.py:183} INFO - Processing /opt/airflow/dags/weekly_summary_pipeline.py took 0.113 seconds
[2026-05-01T02:08:14.386+0000] {processor.py:161} INFO - Started process (PID=1187) to work on /opt/airflow/dags/weekly_summary_pipeline.py
[2026-05-01T02:08:14.387+0000] {processor.py:830} INFO - Processing file /opt/airflow/dags/weekly_summary_pipeline.py for tasks to queue
[2026-05-01T02:08:14.388+0000] {logging_mixin.py:188} INFO - [2026-05-01T02:08:14.387+0000] {dagbag.py:538} INFO - Filling up the DagBag from /opt/airflow/dags/weekly_summary_pipeline.py
[2026-05-01T02:08:14.411+0000] {processor.py:840} INFO - DAG(s) 'weekly_summary_pipeline' retrieved from /opt/airflow/dags/weekly_summary_pipeline.py
[2026-05-01T02:08:14.443+0000] {logging_mixin.py:188} INFO - [2026-05-01T02:08:14.443+0000] {dag.py:3036} INFO - Sync 1 DAGs
[2026-05-01T02:08:14.462+0000] {logging_mixin.py:188} INFO - [2026-05-01T02:08:14.462+0000] {dag.py:3823} INFO - Setting next_dagrun for weekly_summary_pipeline to 2026-04-27 06:00:00+00:00, run_after=2026-05-04 06:00:00+00:00
[2026-05-01T02:08:14.499+0000] {processor.py:183} INFO - Processing /opt/airflow/dags/weekly_summary_pipeline.py took 0.117 seconds
[2026-05-01T02:08:47.222+0000] {processor.py:161} INFO - Started process (PID=1210) to work on /opt/airflow/dags/weekly_summary_pipeline.py
[2026-05-01T02:08:47.223+0000] {processor.py:830} INFO - Processing file /opt/airflow/dags/weekly_summary_pipeline.py for tasks to queue
[2026-05-01T02:08:47.225+0000] {logging_mixin.py:188} INFO - [2026-05-01T02:08:47.224+0000] {dagbag.py:538} INFO - Filling up the DagBag from /opt/airflow/dags/weekly_summary_pipeline.py
[2026-05-01T02:08:47.244+0000] {processor.py:840} INFO - DAG(s) 'weekly_summary_pipeline' retrieved from /opt/airflow/dags/weekly_summary_pipeline.py
[2026-05-01T02:08:47.272+0000] {logging_mixin.py:188} INFO - [2026-05-01T02:08:47.272+0000] {dag.py:3036} INFO - Sync 1 DAGs
[2026-05-01T02:08:47.295+0000] {logging_mixin.py:188} INFO - [2026-05-01T02:08:47.294+0000] {dag.py:3823} INFO - Setting next_dagrun for weekly_summary_pipeline to 2026-04-27 06:00:00+00:00, run_after=2026-05-04 06:00:00+00:00
[2026-05-01T02:08:47.316+0000] {processor.py:183} INFO - Processing /opt/airflow/dags/weekly_summary_pipeline.py took 0.097 seconds
[2026-05-01T02:09:19.062+0000] {processor.py:161} INFO - Started process (PID=1233) to work on /opt/airflow/dags/weekly_summary_pipeline.py
[2026-05-01T02:09:19.063+0000] {processor.py:830} INFO - Processing file /opt/airflow/dags/weekly_summary_pipeline.py for tasks to queue
[2026-05-01T02:09:19.063+0000] {logging_mixin.py:188} INFO - [2026-05-01T02:09:19.063+0000] {dagbag.py:538} INFO - Filling up the DagBag from /opt/airflow/dags/weekly_summary_pipeline.py
[2026-05-01T02:09:19.084+0000] {processor.py:840} INFO - DAG(s) 'weekly_summary_pipeline' retrieved from /opt/airflow/dags/weekly_summary_pipeline.py
[2026-05-01T02:09:19.108+0000] {logging_mixin.py:188} INFO - [2026-05-01T02:09:19.108+0000] {dag.py:3036} INFO - Sync 1 DAGs
[2026-05-01T02:09:19.129+0000] {logging_mixin.py:188} INFO - [2026-05-01T02:09:19.129+0000] {dag.py:3823} INFO - Setting next_dagrun for weekly_summary_pipeline to 2026-04-27 06:00:00+00:00, run_after=2026-05-04 06:00:00+00:00
[2026-05-01T02:09:19.162+0000] {processor.py:183} INFO - Processing /opt/airflow/dags/weekly_summary_pipeline.py took 0.103 seconds
[2026-05-01T02:09:51.878+0000] {processor.py:161} INFO - Started process (PID=1256) to work on /opt/airflow/dags/weekly_summary_pipeline.py
[2026-05-01T02:09:51.879+0000] {processor.py:830} INFO - Processing file /opt/airflow/dags/weekly_summary_pipeline.py for tasks to queue
[2026-05-01T02:09:51.879+0000] {logging_mixin.py:188} INFO - [2026-05-01T02:09:51.879+0000] {dagbag.py:538} INFO - Filling up the DagBag from /opt/airflow/dags/weekly_summary_pipeline.py
[2026-05-01T02:09:51.898+0000] {processor.py:840} INFO - DAG(s) 'weekly_summary_pipeline' retrieved from /opt/airflow/dags/weekly_summary_pipeline.py
[2026-05-01T02:09:51.922+0000] {logging_mixin.py:188} INFO - [2026-05-01T02:09:51.922+0000] {dag.py:3036} INFO - Sync 1 DAGs
[2026-05-01T02:09:51.945+0000] {logging_mixin.py:188} INFO - [2026-05-01T02:09:51.944+0000] {dag.py:3823} INFO - Setting next_dagrun for weekly_summary_pipeline to 2026-04-27 06:00:00+00:00, run_after=2026-05-04 06:00:00+00:00
[2026-05-01T02:09:51.967+0000] {processor.py:183} INFO - Processing /opt/airflow/dags/weekly_summary_pipeline.py took 0.092 seconds
[2026-05-01T02:10:23.727+0000] {processor.py:161} INFO - Started process (PID=1279) to work on /opt/airflow/dags/weekly_summary_pipeline.py
[2026-05-01T02:10:23.728+0000] {processor.py:830} INFO - Processing file /opt/airflow/dags/weekly_summary_pipeline.py for tasks to queue
[2026-05-01T02:10:23.729+0000] {logging_mixin.py:188} INFO - [2026-05-01T02:10:23.728+0000] {dagbag.py:538} INFO - Filling up the DagBag from /opt/airflow/dags/weekly_summary_pipeline.py
[2026-05-01T02:10:23.747+0000] {processor.py:840} INFO - DAG(s) 'weekly_summary_pipeline' retrieved from /opt/airflow/dags/weekly_summary_pipeline.py
[2026-05-01T02:10:23.774+0000] {logging_mixin.py:188} INFO - [2026-05-01T02:10:23.774+0000] {dag.py:3036} INFO - Sync 1 DAGs
[2026-05-01T02:10:23.796+0000] {logging_mixin.py:188} INFO - [2026-05-01T02:10:23.796+0000] {dag.py:3823} INFO - Setting next_dagrun for weekly_summary_pipeline to 2026-04-27 06:00:00+00:00, run_after=2026-05-04 06:00:00+00:00
[2026-05-01T02:10:23.815+0000] {processor.py:183} INFO - Processing /opt/airflow/dags/weekly_summary_pipeline.py took 0.091 seconds
[2026-05-01T02:10:56.551+0000] {processor.py:161} INFO - Started process (PID=1302) to work on /opt/airflow/dags/weekly_summary_pipeline.py
[2026-05-01T02:10:56.553+0000] {processor.py:830} INFO - Processing file /opt/airflow/dags/weekly_summary_pipeline.py for tasks to queue
[2026-05-01T02:10:56.554+0000] {logging_mixin.py:188} INFO - [2026-05-01T02:10:56.553+0000] {dagbag.py:538} INFO - Filling up the DagBag from /opt/airflow/dags/weekly_summary_pipeline.py
[2026-05-01T02:10:56.579+0000] {processor.py:840} INFO - DAG(s) 'weekly_summary_pipeline' retrieved from /opt/airflow/dags/weekly_summary_pipeline.py
[2026-05-01T02:10:56.607+0000] {logging_mixin.py:188} INFO - [2026-05-01T02:10:56.607+0000] {dag.py:3036} INFO - Sync 1 DAGs
[2026-05-01T02:10:56.631+0000] {logging_mixin.py:188} INFO - [2026-05-01T02:10:56.631+0000] {dag.py:3823} INFO - Setting next_dagrun for weekly_summary_pipeline to 2026-04-27 06:00:00+00:00, run_after=2026-05-04 06:00:00+00:00
[2026-05-01T02:10:56.652+0000] {processor.py:183} INFO - Processing /opt/airflow/dags/weekly_summary_pipeline.py took 0.103 seconds
[2026-05-01T02:11:28.482+0000] {processor.py:161} INFO - Started process (PID=1325) to work on /opt/airflow/dags/weekly_summary_pipeline.py
[2026-05-01T02:11:28.483+0000] {processor.py:830} INFO - Processing file /opt/airflow/dags/weekly_summary_pipeline.py for tasks to queue
[2026-05-01T02:11:28.484+0000] {logging_mixin.py:188} INFO - [2026-05-01T02:11:28.484+0000] {dagbag.py:538} INFO - Filling up the DagBag from /opt/airflow/dags/weekly_summary_pipeline.py
[2026-05-01T02:11:28.505+0000] {processor.py:840} INFO - DAG(s) 'weekly_summary_pipeline' retrieved from /opt/airflow/dags/weekly_summary_pipeline.py
[2026-05-01T02:11:28.530+0000] {logging_mixin.py:188} INFO - [2026-05-01T02:11:28.530+0000] {dag.py:3036} INFO - Sync 1 DAGs
[2026-05-01T02:11:28.550+0000] {logging_mixin.py:188} INFO - [2026-05-01T02:11:28.550+0000] {dag.py:3823} INFO - Setting next_dagrun for weekly_summary_pipeline to 2026-04-27 06:00:00+00:00, run_after=2026-05-04 06:00:00+00:00
[2026-05-01T02:11:28.568+0000] {processor.py:183} INFO - Processing /opt/airflow/dags/weekly_summary_pipeline.py took 0.089 seconds
[2026-05-01T02:12:01.273+0000] {processor.py:161} INFO - Started process (PID=1348) to work on /opt/airflow/dags/weekly_summary_pipeline.py
[2026-05-01T02:12:01.274+0000] {processor.py:830} INFO - Processing file /opt/airflow/dags/weekly_summary_pipeline.py for tasks to queue
[2026-05-01T02:12:01.275+0000] {logging_mixin.py:188} INFO - [2026-05-01T02:12:01.275+0000] {dagbag.py:538} INFO - Filling up the DagBag from /opt/airflow/dags/weekly_summary_pipeline.py
[2026-05-01T02:12:01.297+0000] {processor.py:840} INFO - DAG(s) 'weekly_summary_pipeline' retrieved from /opt/airflow/dags/weekly_summary_pipeline.py
[2026-05-01T02:12:01.323+0000] {logging_mixin.py:188} INFO - [2026-05-01T02:12:01.322+0000] {dag.py:3036} INFO - Sync 1 DAGs
[2026-05-01T02:12:01.342+0000] {logging_mixin.py:188} INFO - [2026-05-01T02:12:01.342+0000] {dag.py:3823} INFO - Setting next_dagrun for weekly_summary_pipeline to 2026-04-27 06:00:00+00:00, run_after=2026-05-04 06:00:00+00:00
[2026-05-01T02:12:01.360+0000] {processor.py:183} INFO - Processing /opt/airflow/dags/weekly_summary_pipeline.py took 0.090 seconds
[2026-05-01T02:12:33.179+0000] {processor.py:161} INFO - Started process (PID=1371) to work on /opt/airflow/dags/weekly_summary_pipeline.py
[2026-05-01T02:12:33.180+0000] {processor.py:830} INFO - Processing file /opt/airflow/dags/weekly_summary_pipeline.py for tasks to queue
[2026-05-01T02:12:33.181+0000] {logging_mixin.py:188} INFO - [2026-05-01T02:12:33.181+0000] {dagbag.py:538} INFO - Filling up the DagBag from /opt/airflow/dags/weekly_summary_pipeline.py
[2026-05-01T02:12:33.199+0000] {processor.py:840} INFO - DAG(s) 'weekly_summary_pipeline' retrieved from /opt/airflow/dags/weekly_summary_pipeline.py
[2026-05-01T02:12:33.224+0000] {logging_mixin.py:188} INFO - [2026-05-01T02:12:33.223+0000] {dag.py:3036} INFO - Sync 1 DAGs
[2026-05-01T02:12:33.243+0000] {logging_mixin.py:188} INFO - [2026-05-01T02:12:33.243+0000] {dag.py:3823} INFO - Setting next_dagrun for weekly_summary_pipeline to 2026-04-27 06:00:00+00:00, run_after=2026-05-04 06:00:00+00:00
[2026-05-01T02:12:33.261+0000] {processor.py:183} INFO - Processing /opt/airflow/dags/weekly_summary_pipeline.py took 0.085 seconds
[2026-05-01T02:13:05.993+0000] {processor.py:161} INFO - Started process (PID=1394) to work on /opt/airflow/dags/weekly_summary_pipeline.py
[2026-05-01T02:13:05.994+0000] {processor.py:830} INFO - Processing file /opt/airflow/dags/weekly_summary_pipeline.py for tasks to queue
[2026-05-01T02:13:05.995+0000] {logging_mixin.py:188} INFO - [2026-05-01T02:13:05.995+0000] {dagbag.py:538} INFO - Filling up the DagBag from /opt/airflow/dags/weekly_summary_pipeline.py
[2026-05-01T02:13:06.015+0000] {processor.py:840} INFO - DAG(s) 'weekly_summary_pipeline' retrieved from /opt/airflow/dags/weekly_summary_pipeline.py
[2026-05-01T02:13:06.042+0000] {logging_mixin.py:188} INFO - [2026-05-01T02:13:06.042+0000] {dag.py:3036} INFO - Sync 1 DAGs
[2026-05-01T02:13:06.064+0000] {logging_mixin.py:188} INFO - [2026-05-01T02:13:06.064+0000] {dag.py:3823} INFO - Setting next_dagrun for weekly_summary_pipeline to 2026-04-27 06:00:00+00:00, run_after=2026-05-04 06:00:00+00:00
[2026-05-01T02:13:06.088+0000] {processor.py:183} INFO - Processing /opt/airflow/dags/weekly_summary_pipeline.py took 0.097 seconds
[2026-05-01T02:13:38.883+0000] {processor.py:161} INFO - Started process (PID=1417) to work on /opt/airflow/dags/weekly_summary_pipeline.py
[2026-05-01T02:13:38.884+0000] {processor.py:830} INFO - Processing file /opt/airflow/dags/weekly_summary_pipeline.py for tasks to queue
[2026-05-01T02:13:38.885+0000] {logging_mixin.py:188} INFO - [2026-05-01T02:13:38.884+0000] {dagbag.py:538} INFO - Filling up the DagBag from /opt/airflow/dags/weekly_summary_pipeline.py
[2026-05-01T02:13:38.907+0000] {processor.py:840} INFO - DAG(s) 'weekly_summary_pipeline' retrieved from /opt/airflow/dags/weekly_summary_pipeline.py
[2026-05-01T02:13:38.935+0000] {logging_mixin.py:188} INFO - [2026-05-01T02:13:38.935+0000] {dag.py:3036} INFO - Sync 1 DAGs
[2026-05-01T02:13:38.959+0000] {logging_mixin.py:188} INFO - [2026-05-01T02:13:38.959+0000] {dag.py:3823} INFO - Setting next_dagrun for weekly_summary_pipeline to 2026-04-27 06:00:00+00:00, run_after=2026-05-04 06:00:00+00:00
[2026-05-01T02:13:38.988+0000] {processor.py:183} INFO - Processing /opt/airflow/dags/weekly_summary_pipeline.py took 0.108 seconds
[2026-05-01T02:14:10.672+0000] {processor.py:161} INFO - Started process (PID=1440) to work on /opt/airflow/dags/weekly_summary_pipeline.py
[2026-05-01T02:14:10.673+0000] {processor.py:830} INFO - Processing file /opt/airflow/dags/weekly_summary_pipeline.py for tasks to queue
[2026-05-01T02:14:10.674+0000] {logging_mixin.py:188} INFO - [2026-05-01T02:14:10.674+0000] {dagbag.py:538} INFO - Filling up the DagBag from /opt/airflow/dags/weekly_summary_pipeline.py
[2026-05-01T02:14:10.698+0000] {processor.py:840} INFO - DAG(s) 'weekly_summary_pipeline' retrieved from /opt/airflow/dags/weekly_summary_pipeline.py
[2026-05-01T02:14:10.726+0000] {logging_mixin.py:188} INFO - [2026-05-01T02:14:10.726+0000] {dag.py:3036} INFO - Sync 1 DAGs
[2026-05-01T02:14:10.749+0000] {logging_mixin.py:188} INFO - [2026-05-01T02:14:10.749+0000] {dag.py:3823} INFO - Setting next_dagrun for weekly_summary_pipeline to 2026-04-27 06:00:00+00:00, run_after=2026-05-04 06:00:00+00:00
[2026-05-01T02:14:10.773+0000] {processor.py:183} INFO - Processing /opt/airflow/dags/weekly_summary_pipeline.py took 0.105 seconds
[2026-05-01T02:14:43.473+0000] {processor.py:161} INFO - Started process (PID=1455) to work on /opt/airflow/dags/weekly_summary_pipeline.py
[2026-05-01T02:14:43.474+0000] {processor.py:830} INFO - Processing file /opt/airflow/dags/weekly_summary_pipeline.py for tasks to queue
[2026-05-01T02:14:43.475+0000] {logging_mixin.py:188} INFO - [2026-05-01T02:14:43.474+0000] {dagbag.py:538} INFO - Filling up the DagBag from /opt/airflow/dags/weekly_summary_pipeline.py
[2026-05-01T02:14:43.496+0000] {processor.py:840} INFO - DAG(s) 'weekly_summary_pipeline' retrieved from /opt/airflow/dags/weekly_summary_pipeline.py
[2026-05-01T02:14:43.523+0000] {logging_mixin.py:188} INFO - [2026-05-01T02:14:43.523+0000] {dag.py:3036} INFO - Sync 1 DAGs
[2026-05-01T02:14:43.546+0000] {logging_mixin.py:188} INFO - [2026-05-01T02:14:43.545+0000] {dag.py:3823} INFO - Setting next_dagrun for weekly_summary_pipeline to 2026-04-27 06:00:00+00:00, run_after=2026-05-04 06:00:00+00:00
[2026-05-01T02:14:43.565+0000] {processor.py:183} INFO - Processing /opt/airflow/dags/weekly_summary_pipeline.py took 0.095 seconds
[2026-05-01T02:15:15.222+0000] {processor.py:161} INFO - Started process (PID=1478) to work on /opt/airflow/dags/weekly_summary_pipeline.py
[2026-05-01T02:15:15.224+0000] {processor.py:830} INFO - Processing file /opt/airflow/dags/weekly_summary_pipeline.py for tasks to queue
[2026-05-01T02:15:15.226+0000] {logging_mixin.py:188} INFO - [2026-05-01T02:15:15.225+0000] {dagbag.py:538} INFO - Filling up the DagBag from /opt/airflow/dags/weekly_summary_pipeline.py
[2026-05-01T02:15:15.268+0000] {processor.py:840} INFO - DAG(s) 'weekly_summary_pipeline' retrieved from /opt/airflow/dags/weekly_summary_pipeline.py
[2026-05-01T02:15:15.302+0000] {logging_mixin.py:188} INFO - [2026-05-01T02:15:15.301+0000] {dag.py:3036} INFO - Sync 1 DAGs
[2026-05-01T02:15:15.330+0000] {logging_mixin.py:188} INFO - [2026-05-01T02:15:15.330+0000] {dag.py:3823} INFO - Setting next_dagrun for weekly_summary_pipeline to 2026-04-27 06:00:00+00:00, run_after=2026-05-04 06:00:00+00:00
[2026-05-01T02:15:15.364+0000] {processor.py:183} INFO - Processing /opt/airflow/dags/weekly_summary_pipeline.py took 0.144 seconds
[2026-05-01T02:15:47.604+0000] {processor.py:161} INFO - Started process (PID=1663) to work on /opt/airflow/dags/weekly_summary_pipeline.py
[2026-05-01T02:15:47.605+0000] {processor.py:830} INFO - Processing file /opt/airflow/dags/weekly_summary_pipeline.py for tasks to queue
[2026-05-01T02:15:47.606+0000] {logging_mixin.py:188} INFO - [2026-05-01T02:15:47.605+0000] {dagbag.py:538} INFO - Filling up the DagBag from /opt/airflow/dags/weekly_summary_pipeline.py
[2026-05-01T02:15:47.629+0000] {processor.py:840} INFO - DAG(s) 'weekly_summary_pipeline' retrieved from /opt/airflow/dags/weekly_summary_pipeline.py
[2026-05-01T02:15:47.656+0000] {logging_mixin.py:188} INFO - [2026-05-01T02:15:47.656+0000] {dag.py:3036} INFO - Sync 1 DAGs
[2026-05-01T02:15:47.678+0000] {logging_mixin.py:188} INFO - [2026-05-01T02:15:47.677+0000] {dag.py:3823} INFO - Setting next_dagrun for weekly_summary_pipeline to 2026-04-27 06:00:00+00:00, run_after=2026-05-04 06:00:00+00:00
[2026-05-01T02:15:47.701+0000] {processor.py:183} INFO - Processing /opt/airflow/dags/weekly_summary_pipeline.py took 0.100 seconds
[2026-05-01T02:16:19.770+0000] {processor.py:161} INFO - Started process (PID=1686) to work on /opt/airflow/dags/weekly_summary_pipeline.py
[2026-05-01T02:16:19.771+0000] {processor.py:830} INFO - Processing file /opt/airflow/dags/weekly_summary_pipeline.py for tasks to queue
[2026-05-01T02:16:19.771+0000] {logging_mixin.py:188} INFO - [2026-05-01T02:16:19.771+0000] {dagbag.py:538} INFO - Filling up the DagBag from /opt/airflow/dags/weekly_summary_pipeline.py
[2026-05-01T02:16:19.793+0000] {processor.py:840} INFO - DAG(s) 'weekly_summary_pipeline' retrieved from /opt/airflow/dags/weekly_summary_pipeline.py
[2026-05-01T02:16:19.820+0000] {logging_mixin.py:188} INFO - [2026-05-01T02:16:19.820+0000] {dag.py:3036} INFO - Sync 1 DAGs
[2026-05-01T02:16:19.841+0000] {logging_mixin.py:188} INFO - [2026-05-01T02:16:19.841+0000] {dag.py:3823} INFO - Setting next_dagrun for weekly_summary_pipeline to 2026-04-27 06:00:00+00:00, run_after=2026-05-04 06:00:00+00:00
[2026-05-01T02:16:19.862+0000] {processor.py:183} INFO - Processing /opt/airflow/dags/weekly_summary_pipeline.py took 0.094 seconds
[2026-05-01T02:16:52.916+0000] {processor.py:161} INFO - Started process (PID=1709) to work on /opt/airflow/dags/weekly_summary_pipeline.py
[2026-05-01T02:16:52.917+0000] {processor.py:830} INFO - Processing file /opt/airflow/dags/weekly_summary_pipeline.py for tasks to queue
[2026-05-01T02:16:52.918+0000] {logging_mixin.py:188} INFO - [2026-05-01T02:16:52.918+0000] {dagbag.py:538} INFO - Filling up the DagBag from /opt/airflow/dags/weekly_summary_pipeline.py
[2026-05-01T02:16:52.938+0000] {processor.py:840} INFO - DAG(s) 'weekly_summary_pipeline' retrieved from /opt/airflow/dags/weekly_summary_pipeline.py
[2026-05-01T02:16:52.965+0000] {logging_mixin.py:188} INFO - [2026-05-01T02:16:52.965+0000] {dag.py:3036} INFO - Sync 1 DAGs
[2026-05-01T02:16:52.986+0000] {logging_mixin.py:188} INFO - [2026-05-01T02:16:52.986+0000] {dag.py:3823} INFO - Setting next_dagrun for weekly_summary_pipeline to 2026-04-27 06:00:00+00:00, run_after=2026-05-04 06:00:00+00:00
[2026-05-01T02:16:53.004+0000] {processor.py:183} INFO - Processing /opt/airflow/dags/weekly_summary_pipeline.py took 0.090 seconds
[2026-05-01T02:17:24.656+0000] {processor.py:161} INFO - Started process (PID=1732) to work on /opt/airflow/dags/weekly_summary_pipeline.py
[2026-05-01T02:17:24.657+0000] {processor.py:830} INFO - Processing file /opt/airflow/dags/weekly_summary_pipeline.py for tasks to queue
[2026-05-01T02:17:24.657+0000] {logging_mixin.py:188} INFO - [2026-05-01T02:17:24.657+0000] {dagbag.py:538} INFO - Filling up the DagBag from /opt/airflow/dags/weekly_summary_pipeline.py
[2026-05-01T02:17:24.674+0000] {processor.py:840} INFO - DAG(s) 'weekly_summary_pipeline' retrieved from /opt/airflow/dags/weekly_summary_pipeline.py
[2026-05-01T02:17:24.699+0000] {logging_mixin.py:188} INFO - [2026-05-01T02:17:24.698+0000] {dag.py:3036} INFO - Sync 1 DAGs
[2026-05-01T02:17:24.719+0000] {logging_mixin.py:188} INFO - [2026-05-01T02:17:24.718+0000] {dag.py:3823} INFO - Setting next_dagrun for weekly_summary_pipeline to 2026-04-27 06:00:00+00:00, run_after=2026-05-04 06:00:00+00:00
[2026-05-01T02:17:24.738+0000] {processor.py:183} INFO - Processing /opt/airflow/dags/weekly_summary_pipeline.py took 0.084 seconds
[2026-05-01T02:17:57.485+0000] {processor.py:161} INFO - Started process (PID=1755) to work on /opt/airflow/dags/weekly_summary_pipeline.py
[2026-05-01T02:17:57.487+0000] {processor.py:830} INFO - Processing file /opt/airflow/dags/weekly_summary_pipeline.py for tasks to queue
[2026-05-01T02:17:57.488+0000] {logging_mixin.py:188} INFO - [2026-05-01T02:17:57.488+0000] {dagbag.py:538} INFO - Filling up the DagBag from /opt/airflow/dags/weekly_summary_pipeline.py
[2026-05-01T02:17:57.516+0000] {processor.py:840} INFO - DAG(s) 'weekly_summary_pipeline' retrieved from /opt/airflow/dags/weekly_summary_pipeline.py
[2026-05-01T02:17:57.546+0000] {logging_mixin.py:188} INFO - [2026-05-01T02:17:57.546+0000] {dag.py:3036} INFO - Sync 1 DAGs
[2026-05-01T02:17:57.571+0000] {logging_mixin.py:188} INFO - [2026-05-01T02:17:57.570+0000] {dag.py:3823} INFO - Setting next_dagrun for weekly_summary_pipeline to 2026-04-27 06:00:00+00:00, run_after=2026-05-04 06:00:00+00:00
[2026-05-01T02:17:57.593+0000] {processor.py:183} INFO - Processing /opt/airflow/dags/weekly_summary_pipeline.py took 0.113 seconds
