[2026-05-02T05:46:36.549+0000] {taskinstance.py:1956} INFO - Dependencies all met for dep_context=non-requeueable deps ti=<TaskInstance: daily_student_pipeline.alert_success manual__2026-05-02T05:46:14.512288+00:00 [queued]>
[2026-05-02T05:46:36.556+0000] {taskinstance.py:1956} INFO - Dependencies all met for dep_context=requeueable deps ti=<TaskInstance: daily_student_pipeline.alert_success manual__2026-05-02T05:46:14.512288+00:00 [queued]>
[2026-05-02T05:46:36.557+0000] {taskinstance.py:2170} INFO - Starting attempt 1 of 1
[2026-05-02T05:46:36.571+0000] {taskinstance.py:2191} INFO - Executing <Task(PythonOperator): alert_success> on 2026-05-02 05:46:14.512288+00:00
[2026-05-02T05:46:36.579+0000] {standard_task_runner.py:60} INFO - Started process 19291 to run task
[2026-05-02T05:46:36.582+0000] {standard_task_runner.py:87} INFO - Running: ['***', 'tasks', 'run', 'daily_student_pipeline', 'alert_success', 'manual__2026-05-02T05:46:14.512288+00:00', '--job-id', '634', '--raw', '--subdir', 'DAGS_FOLDER/daily_student_pipeline.py', '--cfg-path', '/tmp/tmpauub07gv']
[2026-05-02T05:46:36.585+0000] {standard_task_runner.py:88} INFO - Job 634: Subtask alert_success
[2026-05-02T05:46:36.656+0000] {task_command.py:423} INFO - Running <TaskInstance: daily_student_pipeline.alert_success manual__2026-05-02T05:46:14.512288+00:00 [running]> on host 485f600440bc
[2026-05-02T05:46:36.737+0000] {taskinstance.py:2480} INFO - Exporting env vars: AIRFLOW_CTX_DAG_OWNER='nhom8' AIRFLOW_CTX_DAG_ID='daily_student_pipeline' AIRFLOW_CTX_TASK_ID='alert_success' AIRFLOW_CTX_EXECUTION_DATE='2026-05-02T05:46:14.512288+00:00' AIRFLOW_CTX_TRY_NUMBER='1' AIRFLOW_CTX_DAG_RUN_ID='manual__2026-05-02T05:46:14.512288+00:00'
[2026-05-02T05:46:36.771+0000] {logging_mixin.py:188} INFO - ==================================================
[2026-05-02T05:46:36.771+0000] {logging_mixin.py:188} INFO - ✅ Validation Summary | run_id: 2026-05-02_05-46
[2026-05-02T05:46:36.772+0000] {logging_mixin.py:188} INFO -    Status: PASSED
[2026-05-02T05:46:36.772+0000] {logging_mixin.py:188} INFO -    Evaluated: 40
[2026-05-02T05:46:36.773+0000] {logging_mixin.py:188} INFO -    Passed:    40
[2026-05-02T05:46:36.773+0000] {logging_mixin.py:188} INFO -    Failed:    0
[2026-05-02T05:46:36.774+0000] {logging_mixin.py:188} INFO - ==================================================
[2026-05-02T05:46:36.774+0000] {logging_mixin.py:188} INFO - 
  Records loaded:
[2026-05-02T05:46:36.774+0000] {logging_mixin.py:188} INFO -     dim_hoc_ky               :          0
[2026-05-02T05:46:36.775+0000] {logging_mixin.py:188} INFO -     dim_giang_vien           :         45
[2026-05-02T05:46:36.775+0000] {logging_mixin.py:188} INFO -     dim_hoc_phan             :        121
[2026-05-02T05:46:36.775+0000] {logging_mixin.py:188} INFO -     dim_sinh_vien            :          0
[2026-05-02T05:46:36.776+0000] {logging_mixin.py:188} INFO -     fact_hoc_tap             :          0
[2026-05-02T05:46:36.776+0000] {logging_mixin.py:188} INFO -     fact_dang_ky             :          0
[2026-05-02T05:46:36.776+0000] {logging_mixin.py:188} INFO -     fact_ctsv                :          0
[2026-05-02T05:46:36.777+0000] {logging_mixin.py:188} INFO -     fact_tai_chinh           :          0
[2026-05-02T05:46:36.777+0000] {logging_mixin.py:188} INFO -     agg_student_summary      :      1,695
[2026-05-02T05:46:36.777+0000] {logging_mixin.py:188} INFO -     TỔNG                     :      1,861
[2026-05-02T05:46:36.778+0000] {logging_mixin.py:188} INFO - ==================================================
[2026-05-02T05:46:36.782+0000] {python.py:201} INFO - Done. Returned value was: None
[2026-05-02T05:46:36.792+0000] {taskinstance.py:1138} INFO - Marking task as SUCCESS. dag_id=daily_student_pipeline, task_id=alert_success, execution_date=20260502T054614, start_date=20260502T054636, end_date=20260502T054636
[2026-05-02T05:46:36.806+0000] {local_task_job_runner.py:234} INFO - Task exited with return code 0
[2026-05-02T05:46:36.823+0000] {taskinstance.py:3280} INFO - 0 downstream tasks scheduled from follow-on schedule check
