[2026-03-28T03:02:51.964+0000] {taskinstance.py:1956} INFO - Dependencies all met for dep_context=non-requeueable deps ti=<TaskInstance: daily_student_pipeline.load_data scheduled__2026-03-27T02:00:00+00:00 [queued]>
[2026-03-28T03:02:51.975+0000] {taskinstance.py:1956} INFO - Dependencies all met for dep_context=requeueable deps ti=<TaskInstance: daily_student_pipeline.load_data scheduled__2026-03-27T02:00:00+00:00 [queued]>
[2026-03-28T03:02:51.976+0000] {taskinstance.py:2170} INFO - Starting attempt 1 of 1
[2026-03-28T03:02:51.988+0000] {taskinstance.py:2191} INFO - Executing <Task(PythonOperator): load_data> on 2026-03-27 02:00:00+00:00
[2026-03-28T03:02:51.993+0000] {standard_task_runner.py:60} INFO - Started process 373 to run task
[2026-03-28T03:02:51.996+0000] {standard_task_runner.py:87} INFO - Running: ['***', 'tasks', 'run', 'daily_student_pipeline', 'load_data', 'scheduled__2026-03-27T02:00:00+00:00', '--job-id', '31', '--raw', '--subdir', 'DAGS_FOLDER/daily_student_pipeline.py', '--cfg-path', '/tmp/tmpjynr0c93']
[2026-03-28T03:02:51.998+0000] {standard_task_runner.py:88} INFO - Job 31: Subtask load_data
[2026-03-28T03:02:52.086+0000] {task_command.py:423} INFO - Running <TaskInstance: daily_student_pipeline.load_data scheduled__2026-03-27T02:00:00+00:00 [running]> on host 8474c56aea3d
[2026-03-28T03:02:52.180+0000] {taskinstance.py:2480} INFO - Exporting env vars: AIRFLOW_CTX_DAG_OWNER='nhom8' AIRFLOW_CTX_DAG_ID='daily_student_pipeline' AIRFLOW_CTX_TASK_ID='load_data' AIRFLOW_CTX_EXECUTION_DATE='2026-03-27T02:00:00+00:00' AIRFLOW_CTX_TRY_NUMBER='1' AIRFLOW_CTX_DAG_RUN_ID='scheduled__2026-03-27T02:00:00+00:00'
[2026-03-28T03:02:52.928+0000] {logging_mixin.py:188} WARNING - [2026-03-28 03:02:52] INFO    etl.transform :   Load TransformedData từ MinIO staging: run_id=2026-03-28_03-02
[2026-03-28T03:02:52.927+0000] {transform.py:285} INFO -   Load TransformedData từ MinIO staging: run_id=2026-03-28_03-02
[2026-03-28T03:02:52.967+0000] {logging_mixin.py:188} WARNING - [2026-03-28 03:02:52] INFO    utils.minio :   MinIO ↓ [staging-data] 2026-03-28_03-02/dim_hoc_ky.parquet (9 rows)
[2026-03-28T03:02:52.967+0000] {minio_client.py:223} INFO -   MinIO ↓ [staging-data] 2026-03-28_03-02/dim_hoc_ky.parquet (9 rows)
[2026-03-28T03:02:52.982+0000] {logging_mixin.py:188} WARNING - [2026-03-28 03:02:52] INFO    utils.minio :   MinIO ↓ [staging-data] 2026-03-28_03-02/dim_giang_vien.parquet (45 rows)
[2026-03-28T03:02:52.982+0000] {minio_client.py:223} INFO -   MinIO ↓ [staging-data] 2026-03-28_03-02/dim_giang_vien.parquet (45 rows)
[2026-03-28T03:02:53.001+0000] {logging_mixin.py:188} WARNING - [2026-03-28 03:02:53] INFO    utils.minio :   MinIO ↓ [staging-data] 2026-03-28_03-02/dim_hoc_phan.parquet (121 rows)
[2026-03-28T03:02:53.001+0000] {minio_client.py:223} INFO -   MinIO ↓ [staging-data] 2026-03-28_03-02/dim_hoc_phan.parquet (121 rows)
[2026-03-28T03:02:53.021+0000] {logging_mixin.py:188} WARNING - [2026-03-28 03:02:53] INFO    utils.minio :   MinIO ↓ [staging-data] 2026-03-28_03-02/dim_sinh_vien.parquet (1,695 rows)
[2026-03-28T03:02:53.021+0000] {minio_client.py:223} INFO -   MinIO ↓ [staging-data] 2026-03-28_03-02/dim_sinh_vien.parquet (1,695 rows)
[2026-03-28T03:02:53.041+0000] {logging_mixin.py:188} WARNING - [2026-03-28 03:02:53] INFO    utils.minio :   MinIO ↓ [staging-data] 2026-03-28_03-02/fact_diem.parquet (47,969 rows)
[2026-03-28T03:02:53.041+0000] {minio_client.py:223} INFO -   MinIO ↓ [staging-data] 2026-03-28_03-02/fact_diem.parquet (47,969 rows)
[2026-03-28T03:02:53.052+0000] {logging_mixin.py:188} WARNING - [2026-03-28 03:02:53] INFO    utils.minio :   MinIO ↓ [staging-data] 2026-03-28_03-02/fact_ren_luyen.parquet (8,247 rows)
[2026-03-28T03:02:53.052+0000] {minio_client.py:223} INFO -   MinIO ↓ [staging-data] 2026-03-28_03-02/fact_ren_luyen.parquet (8,247 rows)
[2026-03-28T03:02:53.064+0000] {logging_mixin.py:188} WARNING - [2026-03-28 03:02:53] INFO    utils.minio :   MinIO ↓ [staging-data] 2026-03-28_03-02/fact_tai_chinh.parquet (8,247 rows)
[2026-03-28T03:02:53.064+0000] {minio_client.py:223} INFO -   MinIO ↓ [staging-data] 2026-03-28_03-02/fact_tai_chinh.parquet (8,247 rows)
[2026-03-28T03:02:53.076+0000] {logging_mixin.py:188} WARNING - [2026-03-28 03:02:53] INFO    utils.minio :   MinIO ↓ [staging-data] 2026-03-28_03-02/fact_tong_hop_sv.parquet (8,247 rows)
[2026-03-28T03:02:53.076+0000] {minio_client.py:223} INFO -   MinIO ↓ [staging-data] 2026-03-28_03-02/fact_tong_hop_sv.parquet (8,247 rows)
[2026-03-28T03:02:53.078+0000] {logging_mixin.py:188} WARNING - [2026-03-28 03:02:53] INFO    etl.transform : ✅ Load from staging-data OK — run_id=2026-03-28_03-02
[2026-03-28T03:02:53.078+0000] {transform.py:298} INFO - ✅ Load from staging-data OK — run_id=2026-03-28_03-02
[2026-03-28T03:02:53.079+0000] {logging_mixin.py:188} WARNING - [2026-03-28 03:02:53] INFO    etl.load : 📥 BẮT ĐẦU LOAD VÀO DATA WAREHOUSE
[2026-03-28T03:02:53.079+0000] {load.py:55} INFO - 📥 BẮT ĐẦU LOAD VÀO DATA WAREHOUSE
[2026-03-28T03:02:53.081+0000] {logging_mixin.py:188} WARNING - [2026-03-28 03:02:53] INFO    etl.load : ======================================================================
[2026-03-28T03:02:53.081+0000] {load.py:56} INFO - ======================================================================
[2026-03-28T03:02:53.082+0000] {logging_mixin.py:188} WARNING - [2026-03-28 03:02:53] INFO    etl.load :   Tạo schema warehouse từ warehouse_models.py...
[2026-03-28T03:02:53.082+0000] {load.py:130} INFO -   Tạo schema warehouse từ warehouse_models.py...
[2026-03-28T03:02:53.102+0000] {logging_mixin.py:188} WARNING - [2026-03-28 03:02:53] INFO    etl.load :   Schema warehouse OK ✓
[2026-03-28T03:02:53.102+0000] {load.py:132} INFO -   Schema warehouse OK ✓
[2026-03-28T03:02:53.103+0000] {logging_mixin.py:188} WARNING - [2026-03-28 03:02:53] INFO    etl.load : ── Bước 1: Load Dimension Tables ──
[2026-03-28T03:02:53.103+0000] {load.py:64} INFO - ── Bước 1: Load Dimension Tables ──
[2026-03-28T03:02:53.137+0000] {logging_mixin.py:188} WARNING - [2026-03-28 03:02:53] INFO    etl.load :   dim_hoc_ky       →      9 records (new: 0)
[2026-03-28T03:02:53.137+0000] {load.py:233} INFO -   dim_hoc_ky       →      9 records (new: 0)
[2026-03-28T03:02:53.198+0000] {logging_mixin.py:188} WARNING - [2026-03-28 03:02:53] INFO    etl.load :   dim_giang_vien   →     45 records (new: 0)
[2026-03-28T03:02:53.198+0000] {load.py:282} INFO -   dim_giang_vien   →     45 records (new: 0)
[2026-03-28T03:02:53.317+0000] {logging_mixin.py:188} WARNING - [2026-03-28 03:02:53] INFO    etl.load :   dim_hoc_phan     →    121 records (new: 0)
[2026-03-28T03:02:53.317+0000] {load.py:331} INFO -   dim_hoc_phan     →    121 records (new: 0)
[2026-03-28T03:02:55.091+0000] {logging_mixin.py:188} WARNING - [2026-03-28 03:02:55] INFO    etl.load :   dim_sinh_vien    →  1,695 records (new: 0, SCD2 update: 0)
[2026-03-28T03:02:55.091+0000] {load.py:444} INFO -   dim_sinh_vien    →  1,695 records (new: 0, SCD2 update: 0)
[2026-03-28T03:02:55.093+0000] {logging_mixin.py:188} WARNING - [2026-03-28 03:02:55] INFO    etl.load : ── Bước 2: Build Surrogate Key Cache ──
[2026-03-28T03:02:55.093+0000] {load.py:71} INFO - ── Bước 2: Build Surrogate Key Cache ──
[2026-03-28T03:02:55.094+0000] {logging_mixin.py:188} WARNING - [2026-03-28 03:02:55] INFO    etl.load :   Building surrogate key caches...
[2026-03-28T03:02:55.094+0000] {load.py:140} INFO -   Building surrogate key caches...
[2026-03-28T03:02:55.113+0000] {logging_mixin.py:188} WARNING - [2026-03-28 03:02:55] INFO    etl.load :     SV=1695, HP=121, GV=45, HK=9
[2026-03-28T03:02:55.113+0000] {load.py:172} INFO -     SV=1695, HP=121, GV=45, HK=9
[2026-03-28T03:02:55.114+0000] {logging_mixin.py:188} WARNING - [2026-03-28 03:02:55] INFO    etl.load : ── Bước 3: Load Fact Tables ──
[2026-03-28T03:02:55.114+0000] {load.py:75} INFO - ── Bước 3: Load Fact Tables ──
[2026-03-28T03:04:21.902+0000] {logging_mixin.py:188} WARNING - [2026-03-28 03:04:21] INFO    etl.load :   fact_hoc_tap     →      0 records
[2026-03-28T03:04:21.902+0000] {load.py:534} INFO -   fact_hoc_tap     →      0 records
[2026-03-28T03:04:30.510+0000] {logging_mixin.py:188} WARNING - [2026-03-28 03:04:30] INFO    etl.load :   fact_ctsv        →    469 records
[2026-03-28T03:04:30.510+0000] {load.py:598} INFO -   fact_ctsv        →    469 records
[2026-03-28T03:04:38.963+0000] {logging_mixin.py:188} WARNING - [2026-03-28 03:04:38] INFO    etl.load :   fact_tai_chinh   →      0 records
[2026-03-28T03:04:38.963+0000] {load.py:660} INFO -   fact_tai_chinh   →      0 records
[2026-03-28T03:04:38.966+0000] {logging_mixin.py:188} WARNING - [2026-03-28 03:04:38] INFO    etl.load : ── Bước 4: Load Aggregation ──
[2026-03-28T03:04:38.966+0000] {load.py:81} INFO - ── Bước 4: Load Aggregation ──
[2026-03-28T03:04:40.803+0000] {logging_mixin.py:188} WARNING - [2026-03-28 03:04:40] INFO    etl.load :   agg_student_summary →  1,695 records
[2026-03-28T03:04:40.802+0000] {load.py:749} INFO -   agg_student_summary →  1,695 records
[2026-03-28T03:04:40.804+0000] {logging_mixin.py:188} WARNING - [2026-03-28 03:04:40] INFO    etl.load : ======================================================================
[2026-03-28T03:04:40.804+0000] {load.py:85} INFO - ======================================================================
[2026-03-28T03:04:40.805+0000] {logging_mixin.py:188} WARNING - [2026-03-28 03:04:40] INFO    etl.load : ✅ LOAD HOÀN TẤT
[2026-03-28T03:04:40.804+0000] {load.py:86} INFO - ✅ LOAD HOÀN TẤT
[2026-03-28T03:04:40.805+0000] {logging_mixin.py:188} WARNING - [2026-03-28 03:04:40] INFO    etl.load :    dim_hoc_ky               :        9 records
[2026-03-28T03:04:40.805+0000] {load.py:89} INFO -    dim_hoc_ky               :        9 records
[2026-03-28T03:04:40.806+0000] {logging_mixin.py:188} WARNING - [2026-03-28 03:04:40] INFO    etl.load :    dim_giang_vien           :       45 records
[2026-03-28T03:04:40.806+0000] {load.py:89} INFO -    dim_giang_vien           :       45 records
[2026-03-28T03:04:40.806+0000] {logging_mixin.py:188} WARNING - [2026-03-28 03:04:40] INFO    etl.load :    dim_hoc_phan             :      121 records
[2026-03-28T03:04:40.806+0000] {load.py:89} INFO -    dim_hoc_phan             :      121 records
[2026-03-28T03:04:40.807+0000] {logging_mixin.py:188} WARNING - [2026-03-28 03:04:40] INFO    etl.load :    dim_sinh_vien            :        0 records
[2026-03-28T03:04:40.807+0000] {load.py:89} INFO -    dim_sinh_vien            :        0 records
[2026-03-28T03:04:40.807+0000] {logging_mixin.py:188} WARNING - [2026-03-28 03:04:40] INFO    etl.load :    fact_hoc_tap             :        0 records
[2026-03-28T03:04:40.807+0000] {load.py:89} INFO -    fact_hoc_tap             :        0 records
[2026-03-28T03:04:40.808+0000] {logging_mixin.py:188} WARNING - [2026-03-28 03:04:40] INFO    etl.load :    fact_ctsv                :      469 records
[2026-03-28T03:04:40.808+0000] {load.py:89} INFO -    fact_ctsv                :      469 records
[2026-03-28T03:04:40.809+0000] {logging_mixin.py:188} WARNING - [2026-03-28 03:04:40] INFO    etl.load :    fact_tai_chinh           :        0 records
[2026-03-28T03:04:40.809+0000] {load.py:89} INFO -    fact_tai_chinh           :        0 records
[2026-03-28T03:04:40.809+0000] {logging_mixin.py:188} WARNING - [2026-03-28 03:04:40] INFO    etl.load :    agg_student_summary      :    1,695 records
[2026-03-28T03:04:40.809+0000] {load.py:89} INFO -    agg_student_summary      :    1,695 records
[2026-03-28T03:04:40.810+0000] {logging_mixin.py:188} WARNING - [2026-03-28 03:04:40] INFO    etl.load :    TỔNG                     :    2,339 records
[2026-03-28T03:04:40.810+0000] {load.py:91} INFO -    TỔNG                     :    2,339 records
[2026-03-28T03:04:40.810+0000] {logging_mixin.py:188} WARNING - [2026-03-28 03:04:40] INFO    etl.load : ======================================================================
[2026-03-28T03:04:40.810+0000] {load.py:92} INFO - ======================================================================
[2026-03-28T03:04:40.825+0000] {logging_mixin.py:188} INFO - Load xong: {'dim_hoc_ky': 9, 'dim_giang_vien': 45, 'dim_hoc_phan': 121, 'dim_sinh_vien': 0, 'fact_hoc_tap': 0, 'fact_ctsv': 469, 'fact_tai_chinh': 0, 'agg_student_summary': 1695}
[2026-03-28T03:04:40.828+0000] {python.py:201} INFO - Done. Returned value was: {'dim_hoc_ky': 9, 'dim_giang_vien': 45, 'dim_hoc_phan': 121, 'dim_sinh_vien': 0, 'fact_hoc_tap': 0, 'fact_ctsv': 469, 'fact_tai_chinh': 0, 'agg_student_summary': 1695}
[2026-03-28T03:04:40.850+0000] {taskinstance.py:1138} INFO - Marking task as SUCCESS. dag_id=daily_student_pipeline, task_id=load_data, execution_date=20260327T020000, start_date=20260328T030251, end_date=20260328T030440
[2026-03-28T03:04:40.886+0000] {local_task_job_runner.py:234} INFO - Task exited with return code 0
[2026-03-28T03:04:40.910+0000] {taskinstance.py:3280} INFO - 1 downstream tasks scheduled from follow-on schedule check
