[2026-04-04T07:00:59.858+0000] {taskinstance.py:1956} INFO - Dependencies all met for dep_context=non-requeueable deps ti=<TaskInstance: daily_student_pipeline.load_data manual__2026-04-04T07:00:58.303343+00:00 [queued]>
[2026-04-04T07:00:59.880+0000] {taskinstance.py:1956} INFO - Dependencies all met for dep_context=requeueable deps ti=<TaskInstance: daily_student_pipeline.load_data manual__2026-04-04T07:00:58.303343+00:00 [queued]>
[2026-04-04T07:00:59.882+0000] {taskinstance.py:2170} INFO - Starting attempt 1 of 1
[2026-04-04T07:00:59.908+0000] {taskinstance.py:2191} INFO - Executing <Task(PythonOperator): load_data> on 2026-04-04 07:00:58.303343+00:00
[2026-04-04T07:00:59.920+0000] {standard_task_runner.py:60} INFO - Started process 369 to run task
[2026-04-04T07:00:59.931+0000] {standard_task_runner.py:87} INFO - Running: ['***', 'tasks', 'run', 'daily_student_pipeline', 'load_data', 'manual__2026-04-04T07:00:58.303343+00:00', '--job-id', '174', '--raw', '--subdir', 'DAGS_FOLDER/daily_student_pipeline.py', '--cfg-path', '/tmp/tmpiyz2eexc']
[2026-04-04T07:00:59.940+0000] {standard_task_runner.py:88} INFO - Job 174: Subtask load_data
[2026-04-04T07:01:00.111+0000] {task_command.py:423} INFO - Running <TaskInstance: daily_student_pipeline.load_data manual__2026-04-04T07:00:58.303343+00:00 [running]> on host 1c62953c8918
[2026-04-04T07:01:00.271+0000] {taskinstance.py:2480} INFO - Exporting env vars: AIRFLOW_CTX_DAG_OWNER='nhom8' AIRFLOW_CTX_DAG_ID='daily_student_pipeline' AIRFLOW_CTX_TASK_ID='load_data' AIRFLOW_CTX_EXECUTION_DATE='2026-04-04T07:00:58.303343+00:00' AIRFLOW_CTX_TRY_NUMBER='1' AIRFLOW_CTX_DAG_RUN_ID='manual__2026-04-04T07:00:58.303343+00:00'
[2026-04-04T07:01:04.806+0000] {logging_mixin.py:188} WARNING - [2026-04-04 07:01:04] INFO    utils.minio :   MinIO run mới nhất: 2026-04-04_06-35
[2026-04-04T07:01:04.805+0000] {minio_client.py:283} INFO -   MinIO run mới nhất: 2026-04-04_06-35
[2026-04-04T07:01:04.808+0000] {logging_mixin.py:188} WARNING - [2026-04-04 07:01:04] INFO    etl.transform :   Load TransformedData từ MinIO staging: run_id=2026-04-04_06-35
[2026-04-04T07:01:04.808+0000] {transform.py:162} INFO -   Load TransformedData từ MinIO staging: run_id=2026-04-04_06-35
[2026-04-04T07:01:05.219+0000] {logging_mixin.py:188} WARNING - [2026-04-04 07:01:05] INFO    utils.minio :   MinIO ↓ [staging-data] 2026-04-04_06-35/dim_hoc_ky.parquet (9 rows)
[2026-04-04T07:01:05.219+0000] {minio_client.py:223} INFO -   MinIO ↓ [staging-data] 2026-04-04_06-35/dim_hoc_ky.parquet (9 rows)
[2026-04-04T07:01:05.266+0000] {logging_mixin.py:188} WARNING - [2026-04-04 07:01:05] INFO    utils.minio :   MinIO ↓ [staging-data] 2026-04-04_06-35/dim_giang_vien.parquet (45 rows)
[2026-04-04T07:01:05.266+0000] {minio_client.py:223} INFO -   MinIO ↓ [staging-data] 2026-04-04_06-35/dim_giang_vien.parquet (45 rows)
[2026-04-04T07:01:05.316+0000] {logging_mixin.py:188} WARNING - [2026-04-04 07:01:05] INFO    utils.minio :   MinIO ↓ [staging-data] 2026-04-04_06-35/dim_hoc_phan.parquet (121 rows)
[2026-04-04T07:01:05.315+0000] {minio_client.py:223} INFO -   MinIO ↓ [staging-data] 2026-04-04_06-35/dim_hoc_phan.parquet (121 rows)
[2026-04-04T07:01:05.438+0000] {logging_mixin.py:188} WARNING - [2026-04-04 07:01:05] INFO    utils.minio :   MinIO ↓ [staging-data] 2026-04-04_06-35/dim_sinh_vien.parquet (1,695 rows)
[2026-04-04T07:01:05.438+0000] {minio_client.py:223} INFO -   MinIO ↓ [staging-data] 2026-04-04_06-35/dim_sinh_vien.parquet (1,695 rows)
[2026-04-04T07:01:05.754+0000] {logging_mixin.py:188} WARNING - [2026-04-04 07:01:05] INFO    utils.minio :   MinIO ↓ [staging-data] 2026-04-04_06-35/fact_diem.parquet (58,001 rows)
[2026-04-04T07:01:05.754+0000] {minio_client.py:223} INFO -   MinIO ↓ [staging-data] 2026-04-04_06-35/fact_diem.parquet (58,001 rows)
[2026-04-04T07:01:05.792+0000] {logging_mixin.py:188} WARNING - [2026-04-04 07:01:05] INFO    utils.minio :   MinIO ↓ [staging-data] 2026-04-04_06-35/fact_ren_luyen.parquet (9,238 rows)
[2026-04-04T07:01:05.792+0000] {minio_client.py:223} INFO -   MinIO ↓ [staging-data] 2026-04-04_06-35/fact_ren_luyen.parquet (9,238 rows)
[2026-04-04T07:01:05.862+0000] {logging_mixin.py:188} WARNING - [2026-04-04 07:01:05] INFO    utils.minio :   MinIO ↓ [staging-data] 2026-04-04_06-35/fact_tai_chinh.parquet (9,238 rows)
[2026-04-04T07:01:05.861+0000] {minio_client.py:223} INFO -   MinIO ↓ [staging-data] 2026-04-04_06-35/fact_tai_chinh.parquet (9,238 rows)
[2026-04-04T07:01:05.874+0000] {logging_mixin.py:188} WARNING - [2026-04-04 07:01:05] WARNING utils.minio :   MinIO không tìm thấy: 2026-04-04_06-35/fact_tong_hop_sv.parquet
[2026-04-04T07:01:05.874+0000] {minio_client.py:229} WARNING -   MinIO không tìm thấy: 2026-04-04_06-35/fact_tong_hop_sv.parquet
[2026-04-04T07:01:05.882+0000] {logging_mixin.py:188} WARNING - [2026-04-04 07:01:05] INFO    etl.transform : Load from staging-data OK — run_id=2026-04-04_06-35
[2026-04-04T07:01:05.881+0000] {transform.py:175} INFO - Load from staging-data OK — run_id=2026-04-04_06-35
[2026-04-04T07:01:05.883+0000] {logging_mixin.py:188} WARNING - [2026-04-04 07:01:05] INFO    etl.load : ==BẮT ĐẦU LOAD VÀO DATA WAREHOUSE==
[2026-04-04T07:01:05.883+0000] {load.py:34} INFO - ==BẮT ĐẦU LOAD VÀO DATA WAREHOUSE==
[2026-04-04T07:01:05.885+0000] {logging_mixin.py:188} WARNING - [2026-04-04 07:01:05] INFO    etl.load : ======================================================================
[2026-04-04T07:01:05.885+0000] {load.py:35} INFO - ======================================================================
[2026-04-04T07:01:05.886+0000] {logging_mixin.py:188} WARNING - [2026-04-04 07:01:05] INFO    etl.load : 🔧 Tạo schema warehouse từ warehouse_models.py...
[2026-04-04T07:01:05.886+0000] {load.py:96} INFO - 🔧 Tạo schema warehouse từ warehouse_models.py...
[2026-04-04T07:01:06.001+0000] {logging_mixin.py:188} WARNING - [2026-04-04 07:01:06] INFO    etl.load :   Schema warehouse OK ✓
[2026-04-04T07:01:06.000+0000] {load.py:98} INFO -   Schema warehouse OK ✓
[2026-04-04T07:01:06.003+0000] {logging_mixin.py:188} WARNING - [2026-04-04 07:01:06] INFO    etl.load : ── Bước 1: Load Dimension Tables ──
[2026-04-04T07:01:06.003+0000] {load.py:41} INFO - ── Bước 1: Load Dimension Tables ──
[2026-04-04T07:01:06.080+0000] {logging_mixin.py:188} WARNING - [2026-04-04 07:01:06] INFO    etl.load :   dim_hoc_ky     →      9 records (new: 0)
[2026-04-04T07:01:06.080+0000] {load.py:185} INFO -   dim_hoc_ky     →      9 records (new: 0)
[2026-04-04T07:01:06.201+0000] {logging_mixin.py:188} WARNING - [2026-04-04 07:01:06] INFO    etl.load :   dim_giang_vien →     45 records (new: 0)
[2026-04-04T07:01:06.201+0000] {load.py:234} INFO -   dim_giang_vien →     45 records (new: 0)
[2026-04-04T07:01:06.503+0000] {logging_mixin.py:188} WARNING - [2026-04-04 07:01:06] INFO    etl.load :   dim_hoc_phan   →    121 records (new: 0)
[2026-04-04T07:01:06.503+0000] {load.py:282} INFO -   dim_hoc_phan   →    121 records (new: 0)
[2026-04-04T07:01:10.449+0000] {logging_mixin.py:188} WARNING - [2026-04-04 07:01:10] INFO    etl.load :   dim_sinh_vien →  1,695 records (new: 0, SCD2: 0, fact cascade: 0)
[2026-04-04T07:01:10.449+0000] {load.py:390} INFO -   dim_sinh_vien →  1,695 records (new: 0, SCD2: 0, fact cascade: 0)
[2026-04-04T07:01:10.451+0000] {logging_mixin.py:188} WARNING - [2026-04-04 07:01:10] INFO    etl.load : ── Bước 2: Build Surrogate Key Cache ──
[2026-04-04T07:01:10.451+0000] {load.py:47} INFO - ── Bước 2: Build Surrogate Key Cache ──
[2026-04-04T07:01:10.453+0000] {logging_mixin.py:188} WARNING - [2026-04-04 07:01:10] INFO    etl.load :  Building surrogate key caches...
[2026-04-04T07:01:10.453+0000] {load.py:101} INFO -  Building surrogate key caches...
[2026-04-04T07:01:10.479+0000] {logging_mixin.py:188} WARNING - [2026-04-04 07:01:10] INFO    etl.load :   SV=1695, HP=121, GV=45, HK=9
[2026-04-04T07:01:10.478+0000] {load.py:129} INFO -   SV=1695, HP=121, GV=45, HK=9
[2026-04-04T07:01:10.481+0000] {logging_mixin.py:188} WARNING - [2026-04-04 07:01:10] INFO    etl.load : ── Bước 3: Load Fact Tables ──
[2026-04-04T07:01:10.481+0000] {load.py:50} INFO - ── Bước 3: Load Fact Tables ──
[2026-04-04T07:03:20.856+0000] {logging_mixin.py:188} WARNING - [2026-04-04 07:03:20] INFO    etl.load :   fact_hoc_tap   →      0 records
[2026-04-04T07:03:20.856+0000] {load.py:522} INFO -   fact_hoc_tap   →      0 records
[2026-04-04T07:03:32.579+0000] {logging_mixin.py:188} WARNING - [2026-04-04 07:03:32] INFO    etl.load :   fact_ctsv      →      0 records
[2026-04-04T07:03:32.579+0000] {load.py:641} INFO -   fact_ctsv      →      0 records
[2026-04-04T07:03:46.830+0000] {logging_mixin.py:188} WARNING - [2026-04-04 07:03:46] INFO    etl.load :   fact_tai_chinh →      0 records
[2026-04-04T07:03:46.830+0000] {load.py:702} INFO -   fact_tai_chinh →      0 records
[2026-04-04T07:03:46.834+0000] {logging_mixin.py:188} WARNING - [2026-04-04 07:03:46] INFO    etl.load : ── Bước 4: Build Aggregation ──
[2026-04-04T07:03:46.834+0000] {load.py:55} INFO - ── Bước 4: Build Aggregation ──
[2026-04-04T07:03:46.836+0000] {logging_mixin.py:188} WARNING - [2026-04-04 07:03:46] INFO    etl.aggregation : == BẮT ĐẦU AGGREGATION ==
[2026-04-04T07:03:46.836+0000] {aggregation.py:12} INFO - == BẮT ĐẦU AGGREGATION ==
[2026-04-04T07:03:47.147+0000] {logging_mixin.py:188} WARNING - [2026-04-04 07:03:47] INFO    etl.aggregation :   agg_student_summary → 1,695 records
[2026-04-04T07:03:47.147+0000] {aggregation.py:142} INFO -   agg_student_summary → 1,695 records
[2026-04-04T07:03:47.148+0000] {logging_mixin.py:188} WARNING - [2026-04-04 07:03:47] INFO    etl.aggregation :  agg_student_summary rebuilt : 1,695
[2026-04-04T07:03:47.148+0000] {aggregation.py:14} INFO -  agg_student_summary rebuilt : 1,695
[2026-04-04T07:03:47.149+0000] {logging_mixin.py:188} WARNING - [2026-04-04 07:03:47] INFO    etl.aggregation : == AGGREGATION HOÀN TẤT ==
[2026-04-04T07:03:47.149+0000] {aggregation.py:15} INFO - == AGGREGATION HOÀN TẤT ==
[2026-04-04T07:03:47.152+0000] {logging_mixin.py:188} WARNING - [2026-04-04 07:03:47] INFO    etl.load : ======================================================================
[2026-04-04T07:03:47.151+0000] {load.py:59} INFO - ======================================================================
[2026-04-04T07:03:47.152+0000] {logging_mixin.py:188} WARNING - [2026-04-04 07:03:47] INFO    etl.load : LOAD HOÀN TẤT
[2026-04-04T07:03:47.152+0000] {load.py:60} INFO - LOAD HOÀN TẤT
[2026-04-04T07:03:47.154+0000] {logging_mixin.py:188} WARNING - [2026-04-04 07:03:47] INFO    etl.load :   dim_hoc_ky               :        9 records
[2026-04-04T07:03:47.153+0000] {load.py:63} INFO -   dim_hoc_ky               :        9 records
[2026-04-04T07:03:47.154+0000] {logging_mixin.py:188} WARNING - [2026-04-04 07:03:47] INFO    etl.load :   dim_giang_vien           :       45 records
[2026-04-04T07:03:47.154+0000] {load.py:63} INFO -   dim_giang_vien           :       45 records
[2026-04-04T07:03:47.155+0000] {logging_mixin.py:188} WARNING - [2026-04-04 07:03:47] INFO    etl.load :   dim_hoc_phan             :      121 records
[2026-04-04T07:03:47.155+0000] {load.py:63} INFO -   dim_hoc_phan             :      121 records
[2026-04-04T07:03:47.156+0000] {logging_mixin.py:188} WARNING - [2026-04-04 07:03:47] INFO    etl.load :   dim_sinh_vien            :        0 records
[2026-04-04T07:03:47.156+0000] {load.py:63} INFO -   dim_sinh_vien            :        0 records
[2026-04-04T07:03:47.158+0000] {logging_mixin.py:188} WARNING - [2026-04-04 07:03:47] INFO    etl.load :   fact_hoc_tap             :        0 records
[2026-04-04T07:03:47.158+0000] {load.py:63} INFO -   fact_hoc_tap             :        0 records
[2026-04-04T07:03:47.160+0000] {logging_mixin.py:188} WARNING - [2026-04-04 07:03:47] INFO    etl.load :   fact_ctsv                :        0 records
[2026-04-04T07:03:47.160+0000] {load.py:63} INFO -   fact_ctsv                :        0 records
[2026-04-04T07:03:47.162+0000] {logging_mixin.py:188} WARNING - [2026-04-04 07:03:47] INFO    etl.load :   fact_tai_chinh           :        0 records
[2026-04-04T07:03:47.162+0000] {load.py:63} INFO -   fact_tai_chinh           :        0 records
[2026-04-04T07:03:47.164+0000] {logging_mixin.py:188} WARNING - [2026-04-04 07:03:47] INFO    etl.load :   agg_student_summary      :    1,695 records
[2026-04-04T07:03:47.164+0000] {load.py:63} INFO -   agg_student_summary      :    1,695 records
[2026-04-04T07:03:47.167+0000] {logging_mixin.py:188} WARNING - [2026-04-04 07:03:47] INFO    etl.load :   TỔNG                     :    1,870 records
[2026-04-04T07:03:47.166+0000] {load.py:65} INFO -   TỔNG                     :    1,870 records
[2026-04-04T07:03:47.169+0000] {logging_mixin.py:188} WARNING - [2026-04-04 07:03:47] INFO    etl.load : ======================================================================
[2026-04-04T07:03:47.169+0000] {load.py:66} INFO - ======================================================================
[2026-04-04T07:03:47.189+0000] {logging_mixin.py:188} INFO - Load xong: {'dim_hoc_ky': 9, 'dim_giang_vien': 45, 'dim_hoc_phan': 121, 'dim_sinh_vien': 0, 'fact_hoc_tap': 0, 'fact_ctsv': 0, 'fact_tai_chinh': 0, 'agg_student_summary': 1695}
[2026-04-04T07:03:47.191+0000] {python.py:201} INFO - Done. Returned value was: {'dim_hoc_ky': 9, 'dim_giang_vien': 45, 'dim_hoc_phan': 121, 'dim_sinh_vien': 0, 'fact_hoc_tap': 0, 'fact_ctsv': 0, 'fact_tai_chinh': 0, 'agg_student_summary': 1695}
[2026-04-04T07:03:47.228+0000] {taskinstance.py:1138} INFO - Marking task as SUCCESS. dag_id=daily_student_pipeline, task_id=load_data, execution_date=20260404T070058, start_date=20260404T070059, end_date=20260404T070347
[2026-04-04T07:03:47.289+0000] {local_task_job_runner.py:234} INFO - Task exited with return code 0
[2026-04-04T07:03:47.323+0000] {taskinstance.py:3280} INFO - 0 downstream tasks scheduled from follow-on schedule check
