[2026-04-21T06:00:06.006+0000] {taskinstance.py:1956} INFO - Dependencies all met for dep_context=non-requeueable deps ti=<TaskInstance: daily_student_pipeline.extract_data scheduled__2026-04-20T02:00:00+00:00 [queued]>
[2026-04-21T06:00:06.021+0000] {taskinstance.py:1956} INFO - Dependencies all met for dep_context=requeueable deps ti=<TaskInstance: daily_student_pipeline.extract_data scheduled__2026-04-20T02:00:00+00:00 [queued]>
[2026-04-21T06:00:06.021+0000] {taskinstance.py:2170} INFO - Starting attempt 1 of 1
[2026-04-21T06:00:06.035+0000] {taskinstance.py:2191} INFO - Executing <Task(PythonOperator): extract_data> on 2026-04-20 02:00:00+00:00
[2026-04-21T06:00:06.038+0000] {standard_task_runner.py:60} INFO - Started process 265 to run task
[2026-04-21T06:00:06.041+0000] {standard_task_runner.py:87} INFO - Running: ['***', 'tasks', 'run', 'daily_student_pipeline', 'extract_data', 'scheduled__2026-04-20T02:00:00+00:00', '--job-id', '432', '--raw', '--subdir', 'DAGS_FOLDER/daily_student_pipeline.py', '--cfg-path', '/tmp/tmpr7g2q1hi']
[2026-04-21T06:00:06.043+0000] {standard_task_runner.py:88} INFO - Job 432: Subtask extract_data
[2026-04-21T06:00:06.136+0000] {task_command.py:423} INFO - Running <TaskInstance: daily_student_pipeline.extract_data scheduled__2026-04-20T02:00:00+00:00 [running]> on host 759b8b5e27b5
[2026-04-21T06:00:06.291+0000] {taskinstance.py:2480} INFO - Exporting env vars: AIRFLOW_CTX_DAG_OWNER='nhom8' AIRFLOW_CTX_DAG_ID='daily_student_pipeline' AIRFLOW_CTX_TASK_ID='extract_data' AIRFLOW_CTX_EXECUTION_DATE='2026-04-20T02:00:00+00:00' AIRFLOW_CTX_TRY_NUMBER='1' AIRFLOW_CTX_DAG_RUN_ID='scheduled__2026-04-20T02:00:00+00:00'
[2026-04-21T06:00:07.950+0000] {logging_mixin.py:188} WARNING - [2026-04-21 06:00:07] INFO    etl.extract : ==BẮT ĐẦU FULL EXTRACT==
[2026-04-21T06:00:07.950+0000] {extract.py:346} INFO - ==BẮT ĐẦU FULL EXTRACT==
[2026-04-21T06:00:07.953+0000] {logging_mixin.py:188} WARNING - [2026-04-21 06:00:07] INFO    etl.extract : ======================================================================
[2026-04-21T06:00:07.953+0000] {extract.py:347} INFO - ======================================================================
[2026-04-21T06:00:07.960+0000] {logging_mixin.py:188} WARNING - [2026-04-21 06:00:07] INFO    etl.extract : ════════════════════════════════════════════════════════════
[2026-04-21T06:00:07.959+0000] {extract.py:84} INFO - ════════════════════════════════════════════════════════════
[2026-04-21T06:00:07.962+0000] {logging_mixin.py:188} WARNING - [2026-04-21 06:00:07] INFO    etl.extract : NGUỒN 1 — PostgreSQL (Phòng Đào tạo) | Full Extract
[2026-04-21T06:00:07.962+0000] {extract.py:85} INFO - NGUỒN 1 — PostgreSQL (Phòng Đào tạo) | Full Extract
[2026-04-21T06:00:07.965+0000] {logging_mixin.py:188} WARNING - [2026-04-21 06:00:07] INFO    etl.extract : ════════════════════════════════════════════════════════════
[2026-04-21T06:00:07.965+0000] {extract.py:86} INFO - ════════════════════════════════════════════════════════════
[2026-04-21T06:00:08.090+0000] {logging_mixin.py:188} WARNING - [2026-04-21 06:00:08] INFO    etl.extract :   PostgreSQL | khoa                      →      4 records
[2026-04-21T06:00:08.090+0000] {extract.py:68} INFO -   PostgreSQL | khoa                      →      4 records
[2026-04-21T06:00:08.121+0000] {logging_mixin.py:188} WARNING - [2026-04-21 06:00:08] INFO    etl.extract :   PostgreSQL | nganh                     →      3 records
[2026-04-21T06:00:08.121+0000] {extract.py:68} INFO -   PostgreSQL | nganh                     →      3 records
[2026-04-21T06:00:08.150+0000] {logging_mixin.py:188} WARNING - [2026-04-21 06:00:08] INFO    etl.extract :   PostgreSQL | giang_vien                →     45 records
[2026-04-21T06:00:08.150+0000] {extract.py:68} INFO -   PostgreSQL | giang_vien                →     45 records
[2026-04-21T06:00:08.207+0000] {logging_mixin.py:188} WARNING - [2026-04-21 06:00:08] INFO    etl.extract :   PostgreSQL | lop_hanh_chinh            →     48 records
[2026-04-21T06:00:08.207+0000] {extract.py:68} INFO -   PostgreSQL | lop_hanh_chinh            →     48 records
[2026-04-21T06:00:08.278+0000] {logging_mixin.py:188} WARNING - [2026-04-21 06:00:08] INFO    etl.extract :   PostgreSQL | sinh_vien                 →  1,695 records
[2026-04-21T06:00:08.278+0000] {extract.py:68} INFO -   PostgreSQL | sinh_vien                 →  1,695 records
[2026-04-21T06:00:08.312+0000] {logging_mixin.py:188} WARNING - [2026-04-21 06:00:08] INFO    etl.extract :   PostgreSQL | hoc_phan                  →    121 records
[2026-04-21T06:00:08.312+0000] {extract.py:68} INFO -   PostgreSQL | hoc_phan                  →    121 records
[2026-04-21T06:00:08.327+0000] {logging_mixin.py:188} WARNING - [2026-04-21 06:00:08] INFO    etl.extract :   PostgreSQL | hoc_ky_nam_hoc            →     13 records
[2026-04-21T06:00:08.327+0000] {extract.py:68} INFO -   PostgreSQL | hoc_ky_nam_hoc            →     13 records
[2026-04-21T06:00:08.732+0000] {logging_mixin.py:188} WARNING - [2026-04-21 06:00:08] INFO    etl.extract :   PostgreSQL | dang_ky_hoc_phan          → 55,125 records
[2026-04-21T06:00:08.732+0000] {extract.py:68} INFO -   PostgreSQL | dang_ky_hoc_phan          → 55,125 records
[2026-04-21T06:00:09.465+0000] {logging_mixin.py:188} WARNING - [2026-04-21 06:00:09] INFO    etl.extract :   PostgreSQL | diem_hoc_phan             → 54,640 records
[2026-04-21T06:00:09.465+0000] {extract.py:68} INFO -   PostgreSQL | diem_hoc_phan             → 54,640 records
[2026-04-21T06:00:09.534+0000] {logging_mixin.py:188} WARNING - [2026-04-21 06:00:09] INFO    etl.extract :   PostgreSQL | tong_hop_ket_qua          →  1,695 records
[2026-04-21T06:00:09.534+0000] {extract.py:68} INFO -   PostgreSQL | tong_hop_ket_qua          →  1,695 records
[2026-04-21T06:00:09.543+0000] {logging_mixin.py:188} WARNING - [2026-04-21 06:00:09] INFO    etl.extract :   PostgreSQL | TỔNG: 113,389 records từ 10 bảng
[2026-04-21T06:00:09.543+0000] {extract.py:93} INFO -   PostgreSQL | TỔNG: 113,389 records từ 10 bảng
[2026-04-21T06:00:09.545+0000] {logging_mixin.py:188} WARNING - [2026-04-21 06:00:09] INFO    etl.extract : ════════════════════════════════════════════════════════════
[2026-04-21T06:00:09.545+0000] {extract.py:167} INFO - ════════════════════════════════════════════════════════════
[2026-04-21T06:00:09.546+0000] {logging_mixin.py:188} WARNING - [2026-04-21 06:00:09] INFO    etl.extract : NGUỒN 2 — CSV (Phòng CTSV) | Extract
[2026-04-21T06:00:09.546+0000] {extract.py:168} INFO - NGUỒN 2 — CSV (Phòng CTSV) | Extract
[2026-04-21T06:00:09.547+0000] {logging_mixin.py:188} WARNING - [2026-04-21 06:00:09] INFO    etl.extract : ════════════════════════════════════════════════════════════
[2026-04-21T06:00:09.547+0000] {extract.py:169} INFO - ════════════════════════════════════════════════════════════
[2026-04-21T06:00:09.552+0000] {logging_mixin.py:188} WARNING - [2026-04-21 06:00:09] INFO    etl.extract :   CSV | Tìm thấy 13 file(s)
[2026-04-21T06:00:09.552+0000] {extract.py:178} INFO -   CSV | Tìm thấy 13 file(s)
[2026-04-21T06:00:09.575+0000] {logging_mixin.py:188} WARNING - [2026-04-21 06:00:09] INFO    etl.extract :   CSV | ctsv_HK1_2021_22.csv                →    791 records
[2026-04-21T06:00:09.575+0000] {extract.py:144} INFO -   CSV | ctsv_HK1_2021_22.csv                →    791 records
[2026-04-21T06:00:09.597+0000] {logging_mixin.py:188} WARNING - [2026-04-21 06:00:09] INFO    etl.extract :   CSV | ctsv_HK1_2022_23.csv                →  1,582 records
[2026-04-21T06:00:09.597+0000] {extract.py:144} INFO -   CSV | ctsv_HK1_2022_23.csv                →  1,582 records
[2026-04-21T06:00:09.622+0000] {logging_mixin.py:188} WARNING - [2026-04-21 06:00:09] INFO    etl.extract :   CSV | ctsv_HK1_2023_24.csv                →  2,411 records
[2026-04-21T06:00:09.621+0000] {extract.py:144} INFO -   CSV | ctsv_HK1_2023_24.csv                →  2,411 records
[2026-04-21T06:00:09.659+0000] {logging_mixin.py:188} WARNING - [2026-04-21 06:00:09] INFO    etl.extract :   CSV | ctsv_HK1_2024_25.csv                →  3,235 records
[2026-04-21T06:00:09.659+0000] {extract.py:144} INFO -   CSV | ctsv_HK1_2024_25.csv                →  3,235 records
[2026-04-21T06:00:09.676+0000] {logging_mixin.py:188} WARNING - [2026-04-21 06:00:09] INFO    etl.extract :   CSV | ctsv_HK1_2025_26.csv                →  2,443 records
[2026-04-21T06:00:09.676+0000] {extract.py:144} INFO -   CSV | ctsv_HK1_2025_26.csv                →  2,443 records
[2026-04-21T06:00:09.692+0000] {logging_mixin.py:188} WARNING - [2026-04-21 06:00:09] INFO    etl.extract :   CSV | ctsv_HK2_2021_22.csv                →    786 records
[2026-04-21T06:00:09.692+0000] {extract.py:144} INFO -   CSV | ctsv_HK2_2021_22.csv                →    786 records
[2026-04-21T06:00:09.715+0000] {logging_mixin.py:188} WARNING - [2026-04-21 06:00:09] INFO    etl.extract :   CSV | ctsv_HK2_2022_23.csv                →  1,571 records
[2026-04-21T06:00:09.715+0000] {extract.py:144} INFO -   CSV | ctsv_HK2_2022_23.csv                →  1,571 records
[2026-04-21T06:00:09.737+0000] {logging_mixin.py:188} WARNING - [2026-04-21 06:00:09] INFO    etl.extract :   CSV | ctsv_HK2_2023_24.csv                →  2,397 records
[2026-04-21T06:00:09.737+0000] {extract.py:144} INFO -   CSV | ctsv_HK2_2023_24.csv                →  2,397 records
[2026-04-21T06:00:09.782+0000] {logging_mixin.py:188} WARNING - [2026-04-21 06:00:09] INFO    etl.extract :   CSV | ctsv_HK2_2024_25.csv                →  2,882 records
[2026-04-21T06:00:09.782+0000] {extract.py:144} INFO -   CSV | ctsv_HK2_2024_25.csv                →  2,882 records
[2026-04-21T06:00:09.800+0000] {logging_mixin.py:188} WARNING - [2026-04-21 06:00:09] INFO    etl.extract :   CSV | ctsv_HK3_2021_22.csv                →     42 records
[2026-04-21T06:00:09.800+0000] {extract.py:144} INFO -   CSV | ctsv_HK3_2021_22.csv                →     42 records
[2026-04-21T06:00:09.817+0000] {logging_mixin.py:188} WARNING - [2026-04-21 06:00:09] INFO    etl.extract :   CSV | ctsv_HK3_2022_23.csv                →     47 records
[2026-04-21T06:00:09.817+0000] {extract.py:144} INFO -   CSV | ctsv_HK3_2022_23.csv                →     47 records
[2026-04-21T06:00:09.834+0000] {logging_mixin.py:188} WARNING - [2026-04-21 06:00:09] INFO    etl.extract :   CSV | ctsv_HK3_2023_24.csv                →    146 records
[2026-04-21T06:00:09.834+0000] {extract.py:144} INFO -   CSV | ctsv_HK3_2023_24.csv                →    146 records
[2026-04-21T06:00:09.848+0000] {logging_mixin.py:188} WARNING - [2026-04-21 06:00:09] INFO    etl.extract :   CSV | ctsv_HK3_2024_25.csv                →     69 records
[2026-04-21T06:00:09.848+0000] {extract.py:144} INFO -   CSV | ctsv_HK3_2024_25.csv                →     69 records
[2026-04-21T06:00:09.855+0000] {logging_mixin.py:188} WARNING - [2026-04-21 06:00:09] INFO    etl.extract :   CSV | Loại bỏ 8927 bản ghi trùng
[2026-04-21T06:00:09.855+0000] {extract.py:195} INFO -   CSV | Loại bỏ 8927 bản ghi trùng
[2026-04-21T06:00:09.857+0000] {logging_mixin.py:188} WARNING - [2026-04-21 06:00:09] INFO    etl.extract :   CSV | TỔNG: 9,475 records từ 13 file(s)
[2026-04-21T06:00:09.856+0000] {extract.py:197} INFO -   CSV | TỔNG: 9,475 records từ 13 file(s)
[2026-04-21T06:00:09.884+0000] {logging_mixin.py:188} WARNING - [2026-04-21 06:00:09] INFO    etl.extract :   API | metadata: generated_at=None, schema_version=None
[2026-04-21T06:00:09.884+0000] {extract.py:232} INFO -   API | metadata: generated_at=None, schema_version=None
[2026-04-21T06:00:09.888+0000] {logging_mixin.py:188} WARNING - [2026-04-21 06:00:09] WARNING etl.extract :   API | (HTTP) HK HK1-2021-22: Loại bỏ 4 duplicate records (ma_sinh_vien, hoc_ky)
[2026-04-21T06:00:09.888+0000] {extract.py:254} WARNING -   API | (HTTP) HK HK1-2021-22: Loại bỏ 4 duplicate records (ma_sinh_vien, hoc_ky)
[2026-04-21T06:00:09.889+0000] {logging_mixin.py:188} WARNING - [2026-04-21 06:00:09] INFO    etl.extract :   API | (HTTP) HK HK1-2021-22 →    390 records
[2026-04-21T06:00:09.889+0000] {extract.py:259} INFO -   API | (HTTP) HK HK1-2021-22 →    390 records
[2026-04-21T06:00:09.914+0000] {logging_mixin.py:188} WARNING - [2026-04-21 06:00:09] INFO    etl.extract :   API | metadata: generated_at=None, schema_version=None
[2026-04-21T06:00:09.914+0000] {extract.py:232} INFO -   API | metadata: generated_at=None, schema_version=None
[2026-04-21T06:00:09.917+0000] {logging_mixin.py:188} WARNING - [2026-04-21 06:00:09] WARNING etl.extract :   API | (HTTP) HK HK1-2022-23: Loại bỏ 4 duplicate records (ma_sinh_vien, hoc_ky)
[2026-04-21T06:00:09.917+0000] {extract.py:254} WARNING -   API | (HTTP) HK HK1-2022-23: Loại bỏ 4 duplicate records (ma_sinh_vien, hoc_ky)
[2026-04-21T06:00:09.918+0000] {logging_mixin.py:188} WARNING - [2026-04-21 06:00:09] INFO    etl.extract :   API | (HTTP) HK HK1-2022-23 →    785 records
[2026-04-21T06:00:09.918+0000] {extract.py:259} INFO -   API | (HTTP) HK HK1-2022-23 →    785 records
[2026-04-21T06:00:09.964+0000] {logging_mixin.py:188} WARNING - [2026-04-21 06:00:09] INFO    etl.extract :   API | metadata: generated_at=None, schema_version=None
[2026-04-21T06:00:09.964+0000] {extract.py:232} INFO -   API | metadata: generated_at=None, schema_version=None
[2026-04-21T06:00:09.969+0000] {logging_mixin.py:188} WARNING - [2026-04-21 06:00:09] WARNING etl.extract :   API | (HTTP) HK HK1-2023-24: Loại bỏ 10 duplicate records (ma_sinh_vien, hoc_ky)
[2026-04-21T06:00:09.968+0000] {extract.py:254} WARNING -   API | (HTTP) HK HK1-2023-24: Loại bỏ 10 duplicate records (ma_sinh_vien, hoc_ky)
[2026-04-21T06:00:09.970+0000] {logging_mixin.py:188} WARNING - [2026-04-21 06:00:09] INFO    etl.extract :   API | (HTTP) HK HK1-2023-24 →  1,192 records
[2026-04-21T06:00:09.970+0000] {extract.py:259} INFO -   API | (HTTP) HK HK1-2023-24 →  1,192 records
[2026-04-21T06:00:10.019+0000] {logging_mixin.py:188} WARNING - [2026-04-21 06:00:10] INFO    etl.extract :   API | metadata: generated_at=None, schema_version=None
[2026-04-21T06:00:10.019+0000] {extract.py:232} INFO -   API | metadata: generated_at=None, schema_version=None
[2026-04-21T06:00:10.024+0000] {logging_mixin.py:188} WARNING - [2026-04-21 06:00:10] WARNING etl.extract :   API | (HTTP) HK HK1-2024-25: Loại bỏ 13 duplicate records (ma_sinh_vien, hoc_ky)
[2026-04-21T06:00:10.024+0000] {extract.py:254} WARNING -   API | (HTTP) HK HK1-2024-25: Loại bỏ 13 duplicate records (ma_sinh_vien, hoc_ky)
[2026-04-21T06:00:10.025+0000] {logging_mixin.py:188} WARNING - [2026-04-21 06:00:10] INFO    etl.extract :   API | (HTTP) HK HK1-2024-25 →  1,602 records
[2026-04-21T06:00:10.025+0000] {extract.py:259} INFO -   API | (HTTP) HK HK1-2024-25 →  1,602 records
[2026-04-21T06:00:10.075+0000] {logging_mixin.py:188} WARNING - [2026-04-21 06:00:10] INFO    etl.extract :   API | metadata: generated_at=None, schema_version=None
[2026-04-21T06:00:10.075+0000] {extract.py:232} INFO -   API | metadata: generated_at=None, schema_version=None
[2026-04-21T06:00:10.079+0000] {logging_mixin.py:188} WARNING - [2026-04-21 06:00:10] WARNING etl.extract :   API | (HTTP) HK HK1-2025-26: Loại bỏ 9 duplicate records (ma_sinh_vien, hoc_ky)
[2026-04-21T06:00:10.079+0000] {extract.py:254} WARNING -   API | (HTTP) HK HK1-2025-26: Loại bỏ 9 duplicate records (ma_sinh_vien, hoc_ky)
[2026-04-21T06:00:10.081+0000] {logging_mixin.py:188} WARNING - [2026-04-21 06:00:10] INFO    etl.extract :   API | (HTTP) HK HK1-2025-26 →  1,203 records
[2026-04-21T06:00:10.081+0000] {extract.py:259} INFO -   API | (HTTP) HK HK1-2025-26 →  1,203 records
[2026-04-21T06:00:10.099+0000] {logging_mixin.py:188} WARNING - [2026-04-21 06:00:10] INFO    etl.extract :   API | metadata: generated_at=None, schema_version=None
[2026-04-21T06:00:10.099+0000] {extract.py:232} INFO -   API | metadata: generated_at=None, schema_version=None
[2026-04-21T06:00:10.103+0000] {logging_mixin.py:188} WARNING - [2026-04-21 06:00:10] WARNING etl.extract :   API | (HTTP) HK HK2-2021-22: Loại bỏ 3 duplicate records (ma_sinh_vien, hoc_ky)
[2026-04-21T06:00:10.103+0000] {extract.py:254} WARNING -   API | (HTTP) HK HK2-2021-22: Loại bỏ 3 duplicate records (ma_sinh_vien, hoc_ky)
[2026-04-21T06:00:10.105+0000] {logging_mixin.py:188} WARNING - [2026-04-21 06:00:10] INFO    etl.extract :   API | (HTTP) HK HK2-2021-22 →    391 records
[2026-04-21T06:00:10.105+0000] {extract.py:259} INFO -   API | (HTTP) HK HK2-2021-22 →    391 records
[2026-04-21T06:00:10.135+0000] {logging_mixin.py:188} WARNING - [2026-04-21 06:00:10] INFO    etl.extract :   API | metadata: generated_at=None, schema_version=None
[2026-04-21T06:00:10.135+0000] {extract.py:232} INFO -   API | metadata: generated_at=None, schema_version=None
[2026-04-21T06:00:10.138+0000] {logging_mixin.py:188} WARNING - [2026-04-21 06:00:10] WARNING etl.extract :   API | (HTTP) HK HK2-2022-23: Loại bỏ 7 duplicate records (ma_sinh_vien, hoc_ky)
[2026-04-21T06:00:10.138+0000] {extract.py:254} WARNING -   API | (HTTP) HK HK2-2022-23: Loại bỏ 7 duplicate records (ma_sinh_vien, hoc_ky)
[2026-04-21T06:00:10.140+0000] {logging_mixin.py:188} WARNING - [2026-04-21 06:00:10] INFO    etl.extract :   API | (HTTP) HK HK2-2022-23 →    782 records
[2026-04-21T06:00:10.140+0000] {extract.py:259} INFO -   API | (HTTP) HK HK2-2022-23 →    782 records
[2026-04-21T06:00:10.185+0000] {logging_mixin.py:188} WARNING - [2026-04-21 06:00:10] INFO    etl.extract :   API | metadata: generated_at=None, schema_version=None
[2026-04-21T06:00:10.185+0000] {extract.py:232} INFO -   API | metadata: generated_at=None, schema_version=None
[2026-04-21T06:00:10.191+0000] {logging_mixin.py:188} WARNING - [2026-04-21 06:00:10] WARNING etl.extract :   API | (HTTP) HK HK2-2023-24: Loại bỏ 7 duplicate records (ma_sinh_vien, hoc_ky)
[2026-04-21T06:00:10.191+0000] {extract.py:254} WARNING -   API | (HTTP) HK HK2-2023-24: Loại bỏ 7 duplicate records (ma_sinh_vien, hoc_ky)
[2026-04-21T06:00:10.197+0000] {logging_mixin.py:188} WARNING - [2026-04-21 06:00:10] INFO    etl.extract :   API | (HTTP) HK HK2-2023-24 →  1,189 records
[2026-04-21T06:00:10.196+0000] {extract.py:259} INFO -   API | (HTTP) HK HK2-2023-24 →  1,189 records
[2026-04-21T06:00:10.288+0000] {logging_mixin.py:188} WARNING - [2026-04-21 06:00:10] INFO    etl.extract :   API | metadata: generated_at=None, schema_version=None
[2026-04-21T06:00:10.288+0000] {extract.py:232} INFO -   API | metadata: generated_at=None, schema_version=None
[2026-04-21T06:00:10.295+0000] {logging_mixin.py:188} WARNING - [2026-04-21 06:00:10] WARNING etl.extract :   API | (HTTP) HK HK2-2024-25: Loại bỏ 16 duplicate records (ma_sinh_vien, hoc_ky)
[2026-04-21T06:00:10.295+0000] {extract.py:254} WARNING -   API | (HTTP) HK HK2-2024-25: Loại bỏ 16 duplicate records (ma_sinh_vien, hoc_ky)
[2026-04-21T06:00:10.297+0000] {logging_mixin.py:188} WARNING - [2026-04-21 06:00:10] INFO    etl.extract :   API | (HTTP) HK HK2-2024-25 →  1,482 records
[2026-04-21T06:00:10.297+0000] {extract.py:259} INFO -   API | (HTTP) HK HK2-2024-25 →  1,482 records
[2026-04-21T06:00:10.314+0000] {logging_mixin.py:188} WARNING - [2026-04-21 06:00:10] INFO    etl.extract :   API | metadata: generated_at=None, schema_version=None
[2026-04-21T06:00:10.314+0000] {extract.py:232} INFO -   API | metadata: generated_at=None, schema_version=None
[2026-04-21T06:00:10.317+0000] {logging_mixin.py:188} WARNING - [2026-04-21 06:00:10] INFO    etl.extract :   API | (HTTP) HK HK3-2021-22 →     23 records
[2026-04-21T06:00:10.317+0000] {extract.py:259} INFO -   API | (HTTP) HK HK3-2021-22 →     23 records
[2026-04-21T06:00:10.329+0000] {logging_mixin.py:188} WARNING - [2026-04-21 06:00:10] INFO    etl.extract :   API | metadata: generated_at=None, schema_version=None
[2026-04-21T06:00:10.329+0000] {extract.py:232} INFO -   API | metadata: generated_at=None, schema_version=None
[2026-04-21T06:00:10.333+0000] {logging_mixin.py:188} WARNING - [2026-04-21 06:00:10] INFO    etl.extract :   API | (HTTP) HK HK3-2022-23 →     28 records
[2026-04-21T06:00:10.332+0000] {extract.py:259} INFO -   API | (HTTP) HK HK3-2022-23 →     28 records
[2026-04-21T06:00:10.349+0000] {logging_mixin.py:188} WARNING - [2026-04-21 06:00:10] INFO    etl.extract :   API | metadata: generated_at=None, schema_version=None
[2026-04-21T06:00:10.349+0000] {extract.py:232} INFO -   API | metadata: generated_at=None, schema_version=None
[2026-04-21T06:00:08.715+0000] {logging_mixin.py:188} WARNING - [2026-04-21 06:00:08] INFO    etl.extract :   API | (HTTP) HK HK3-2023-24 →     77 records
[2026-04-21T06:00:08.715+0000] {extract.py:259} INFO -   API | (HTTP) HK HK3-2023-24 →     77 records
[2026-04-21T06:00:08.726+0000] {logging_mixin.py:188} WARNING - [2026-04-21 06:00:08] INFO    etl.extract :   API | metadata: generated_at=None, schema_version=None
[2026-04-21T06:00:08.726+0000] {extract.py:232} INFO -   API | metadata: generated_at=None, schema_version=None
[2026-04-21T06:00:08.730+0000] {logging_mixin.py:188} WARNING - [2026-04-21 06:00:08] INFO    etl.extract :   API | (HTTP) HK HK3-2024-25 →     38 records
[2026-04-21T06:00:08.729+0000] {extract.py:259} INFO -   API | (HTTP) HK HK3-2024-25 →     38 records
[2026-04-21T06:00:08.732+0000] {logging_mixin.py:188} WARNING - [2026-04-21 06:00:08] INFO    etl.extract :   API | TỔNG: 9,182 records từ 13 HK
[2026-04-21T06:00:08.732+0000] {extract.py:335} INFO -   API | TỔNG: 9,182 records từ 13 HK
[2026-04-21T06:00:09.590+0000] {logging_mixin.py:188} WARNING - [2026-04-21 06:00:09] INFO    utils.minio :   MinIO ↑ [raw-data] 2026-04-21_06-00/nguon1_sinh_vien.parquet (47.4 KB | 1,695 rows)
[2026-04-21T06:00:09.590+0000] {minio_client.py:142} INFO -   MinIO ↑ [raw-data] 2026-04-21_06-00/nguon1_sinh_vien.parquet (47.4 KB | 1,695 rows)
[2026-04-21T06:00:09.681+0000] {logging_mixin.py:188} WARNING - [2026-04-21 06:00:09] INFO    utils.minio :   MinIO ↑ [raw-data] 2026-04-21_06-00/nguon1_dang_ky.parquet (462.4 KB | 55,125 rows)
[2026-04-21T06:00:09.681+0000] {minio_client.py:142} INFO -   MinIO ↑ [raw-data] 2026-04-21_06-00/nguon1_dang_ky.parquet (462.4 KB | 55,125 rows)
[2026-04-21T06:00:09.737+0000] {logging_mixin.py:188} WARNING - [2026-04-21 06:00:09] INFO    utils.minio :   MinIO ↑ [raw-data] 2026-04-21_06-00/nguon1_diem.parquet (1135.6 KB | 54,640 rows)
[2026-04-21T06:00:09.737+0000] {minio_client.py:142} INFO -   MinIO ↑ [raw-data] 2026-04-21_06-00/nguon1_diem.parquet (1135.6 KB | 54,640 rows)
[2026-04-21T06:00:09.749+0000] {logging_mixin.py:188} WARNING - [2026-04-21 06:00:09] INFO    utils.minio :   MinIO ↑ [raw-data] 2026-04-21_06-00/nguon1_hoc_phan.parquet (10.3 KB | 121 rows)
[2026-04-21T06:00:09.749+0000] {minio_client.py:142} INFO -   MinIO ↑ [raw-data] 2026-04-21_06-00/nguon1_hoc_phan.parquet (10.3 KB | 121 rows)
[2026-04-21T06:00:09.760+0000] {logging_mixin.py:188} WARNING - [2026-04-21 06:00:09] INFO    utils.minio :   MinIO ↑ [raw-data] 2026-04-21_06-00/nguon1_hoc_ky.parquet (4.2 KB | 13 rows)
[2026-04-21T06:00:09.760+0000] {minio_client.py:142} INFO -   MinIO ↑ [raw-data] 2026-04-21_06-00/nguon1_hoc_ky.parquet (4.2 KB | 13 rows)
[2026-04-21T06:00:09.775+0000] {logging_mixin.py:188} WARNING - [2026-04-21 06:00:09] INFO    utils.minio :   MinIO ↑ [raw-data] 2026-04-21_06-00/nguon1_giang_vien.parquet (8.3 KB | 45 rows)
[2026-04-21T06:00:09.774+0000] {minio_client.py:142} INFO -   MinIO ↑ [raw-data] 2026-04-21_06-00/nguon1_giang_vien.parquet (8.3 KB | 45 rows)
[2026-04-21T06:00:09.784+0000] {logging_mixin.py:188} WARNING - [2026-04-21 06:00:09] INFO    utils.minio :   MinIO ↑ [raw-data] 2026-04-21_06-00/nguon1_khoa.parquet (2.6 KB | 4 rows)
[2026-04-21T06:00:09.784+0000] {minio_client.py:142} INFO -   MinIO ↑ [raw-data] 2026-04-21_06-00/nguon1_khoa.parquet (2.6 KB | 4 rows)
[2026-04-21T06:00:09.795+0000] {logging_mixin.py:188} WARNING - [2026-04-21 06:00:09] INFO    utils.minio :   MinIO ↑ [raw-data] 2026-04-21_06-00/nguon1_nganh.parquet (3.2 KB | 3 rows)
[2026-04-21T06:00:09.795+0000] {minio_client.py:142} INFO -   MinIO ↑ [raw-data] 2026-04-21_06-00/nguon1_nganh.parquet (3.2 KB | 3 rows)
[2026-04-21T06:00:09.811+0000] {logging_mixin.py:188} WARNING - [2026-04-21 06:00:09] INFO    utils.minio :   MinIO ↑ [raw-data] 2026-04-21_06-00/nguon1_lop_hanh_chinh.parquet (4.8 KB | 48 rows)
[2026-04-21T06:00:09.811+0000] {minio_client.py:142} INFO -   MinIO ↑ [raw-data] 2026-04-21_06-00/nguon1_lop_hanh_chinh.parquet (4.8 KB | 48 rows)
[2026-04-21T06:00:09.824+0000] {logging_mixin.py:188} WARNING - [2026-04-21 06:00:09] INFO    utils.minio :   MinIO ↑ [raw-data] 2026-04-21_06-00/nguon1_tong_hop_ket_qua.parquet (22.0 KB | 1,695 rows)
[2026-04-21T06:00:09.824+0000] {minio_client.py:142} INFO -   MinIO ↑ [raw-data] 2026-04-21_06-00/nguon1_tong_hop_ket_qua.parquet (22.0 KB | 1,695 rows)
[2026-04-21T06:00:09.840+0000] {logging_mixin.py:188} WARNING - [2026-04-21 06:00:09] INFO    utils.minio :   MinIO ↑ [raw-data] 2026-04-21_06-00/nguon2_ctsv.parquet (41.8 KB | 9,475 rows)
[2026-04-21T06:00:09.840+0000] {minio_client.py:142} INFO -   MinIO ↑ [raw-data] 2026-04-21_06-00/nguon2_ctsv.parquet (41.8 KB | 9,475 rows)
[2026-04-21T06:00:09.860+0000] {logging_mixin.py:188} WARNING - [2026-04-21 06:00:09] INFO    utils.minio :   MinIO ↑ [raw-data] 2026-04-21_06-00/nguon3_tai_chinh.parquet (86.9 KB | 9,182 rows)
[2026-04-21T06:00:09.859+0000] {minio_client.py:142} INFO -   MinIO ↑ [raw-data] 2026-04-21_06-00/nguon3_tai_chinh.parquet (86.9 KB | 9,182 rows)
[2026-04-21T06:00:09.861+0000] {logging_mixin.py:188} WARNING - [2026-04-21 06:00:09] INFO    utils.minio :   MinIO upload xong: 12/12 files | run_id=2026-04-21_06-00
[2026-04-21T06:00:09.861+0000] {minio_client.py:188} INFO -   MinIO upload xong: 12/12 files | run_id=2026-04-21_06-00
[2026-04-21T06:00:09.862+0000] {logging_mixin.py:188} WARNING - [2026-04-21 06:00:09] INFO    etl.extract :   MinIO staging: 12/12 files OK → run_id=2026-04-21_06-00
[2026-04-21T06:00:09.862+0000] {extract.py:402} INFO -   MinIO staging: 12/12 files OK → run_id=2026-04-21_06-00
[2026-04-21T06:00:09.865+0000] {logging_mixin.py:188} WARNING - [2026-04-21 06:00:09] INFO    etl.extract : ======================================================================
[2026-04-21T06:00:09.865+0000] {extract.py:365} INFO - ======================================================================
[2026-04-21T06:00:09.869+0000] {logging_mixin.py:188} WARNING - [2026-04-21 06:00:09] INFO    etl.extract :  FULL EXTRACT HOÀN TẤT
[2026-04-21T06:00:09.869+0000] {extract.py:366} INFO -  FULL EXTRACT HOÀN TẤT
[2026-04-21T06:00:09.871+0000] {logging_mixin.py:188} WARNING - [2026-04-21 06:00:09] INFO    etl.extract :    khoa                     :        4
[2026-04-21T06:00:09.871+0000] {extract.py:368} INFO -    khoa                     :        4
[2026-04-21T06:00:09.873+0000] {logging_mixin.py:188} WARNING - [2026-04-21 06:00:09] INFO    etl.extract :    nganh                    :        3
[2026-04-21T06:00:09.873+0000] {extract.py:368} INFO -    nganh                    :        3
[2026-04-21T06:00:09.874+0000] {logging_mixin.py:188} WARNING - [2026-04-21 06:00:09] INFO    etl.extract :    giang_vien               :       45
[2026-04-21T06:00:09.874+0000] {extract.py:368} INFO -    giang_vien               :       45
[2026-04-21T06:00:09.875+0000] {logging_mixin.py:188} WARNING - [2026-04-21 06:00:09] INFO    etl.extract :    lop_hanh_chinh           :       48
[2026-04-21T06:00:09.875+0000] {extract.py:368} INFO -    lop_hanh_chinh           :       48
[2026-04-21T06:00:09.875+0000] {logging_mixin.py:188} WARNING - [2026-04-21 06:00:09] INFO    etl.extract :    sinh_vien                :    1,695
[2026-04-21T06:00:09.875+0000] {extract.py:368} INFO -    sinh_vien                :    1,695
[2026-04-21T06:00:09.876+0000] {logging_mixin.py:188} WARNING - [2026-04-21 06:00:09] INFO    etl.extract :    hoc_phan                 :      121
[2026-04-21T06:00:09.876+0000] {extract.py:368} INFO -    hoc_phan                 :      121
[2026-04-21T06:00:09.877+0000] {logging_mixin.py:188} WARNING - [2026-04-21 06:00:09] INFO    etl.extract :    hoc_ky_nam_hoc           :       13
[2026-04-21T06:00:09.877+0000] {extract.py:368} INFO -    hoc_ky_nam_hoc           :       13
[2026-04-21T06:00:09.878+0000] {logging_mixin.py:188} WARNING - [2026-04-21 06:00:09] INFO    etl.extract :    dang_ky_hoc_phan         :   55,125
[2026-04-21T06:00:09.878+0000] {extract.py:368} INFO -    dang_ky_hoc_phan         :   55,125
[2026-04-21T06:00:09.879+0000] {logging_mixin.py:188} WARNING - [2026-04-21 06:00:09] INFO    etl.extract :    diem_hoc_phan            :   54,640
[2026-04-21T06:00:09.879+0000] {extract.py:368} INFO -    diem_hoc_phan            :   54,640
[2026-04-21T06:00:09.880+0000] {logging_mixin.py:188} WARNING - [2026-04-21 06:00:09] INFO    etl.extract :    tong_hop_ket_qua         :    1,695
[2026-04-21T06:00:09.880+0000] {extract.py:368} INFO -    tong_hop_ket_qua         :    1,695
[2026-04-21T06:00:09.881+0000] {logging_mixin.py:188} WARNING - [2026-04-21 06:00:09] INFO    etl.extract :    ctsv_data                :    9,475
[2026-04-21T06:00:09.881+0000] {extract.py:368} INFO -    ctsv_data                :    9,475
[2026-04-21T06:00:09.882+0000] {logging_mixin.py:188} WARNING - [2026-04-21 06:00:09] INFO    etl.extract :    tai_chinh_data           :    9,182
[2026-04-21T06:00:09.882+0000] {extract.py:368} INFO -    tai_chinh_data           :    9,182
[2026-04-21T06:00:09.883+0000] {logging_mixin.py:188} WARNING - [2026-04-21 06:00:09] INFO    etl.extract : ======================================================================
[2026-04-21T06:00:09.883+0000] {extract.py:369} INFO - ======================================================================
[2026-04-21T06:00:09.924+0000] {logging_mixin.py:188} INFO - Extract xong: {'khoa': 4, 'nganh': 3, 'giang_vien': 45, 'lop_hanh_chinh': 48, 'sinh_vien': 1695, 'hoc_phan': 121, 'hoc_ky_nam_hoc': 13, 'dang_ky_hoc_phan': 55125, 'diem_hoc_phan': 54640, 'tong_hop_ket_qua': 1695, 'ctsv_data': 9475, 'tai_chinh_data': 9182}
[2026-04-21T06:00:09.935+0000] {python.py:201} INFO - Done. Returned value was: {'khoa': 4, 'nganh': 3, 'giang_vien': 45, 'lop_hanh_chinh': 48, 'sinh_vien': 1695, 'hoc_phan': 121, 'hoc_ky_nam_hoc': 13, 'dang_ky_hoc_phan': 55125, 'diem_hoc_phan': 54640, 'tong_hop_ket_qua': 1695, 'ctsv_data': 9475, 'tai_chinh_data': 9182}
[2026-04-21T06:00:09.974+0000] {taskinstance.py:1138} INFO - Marking task as SUCCESS. dag_id=daily_student_pipeline, task_id=extract_data, execution_date=20260420T020000, start_date=20260421T060006, end_date=20260421T060009
[2026-04-21T06:00:10.646+0000] {local_task_job_runner.py:234} INFO - Task exited with return code 0
[2026-04-21T06:00:10.673+0000] {taskinstance.py:3280} INFO - 1 downstream tasks scheduled from follow-on schedule check
