[2026-03-29T02:33:51.310+0000] {taskinstance.py:1956} INFO - Dependencies all met for dep_context=non-requeueable deps ti=<TaskInstance: daily_student_pipeline.extract_data scheduled__2026-03-28T02:00:00+00:00 [queued]>
[2026-03-29T02:33:51.339+0000] {taskinstance.py:1956} INFO - Dependencies all met for dep_context=requeueable deps ti=<TaskInstance: daily_student_pipeline.extract_data scheduled__2026-03-28T02:00:00+00:00 [queued]>
[2026-03-29T02:33:51.348+0000] {taskinstance.py:2170} INFO - Starting attempt 1 of 1
[2026-03-29T02:33:51.391+0000] {taskinstance.py:2191} INFO - Executing <Task(PythonOperator): extract_data> on 2026-03-28 02:00:00+00:00
[2026-03-29T02:33:51.412+0000] {standard_task_runner.py:60} INFO - Started process 271 to run task
[2026-03-29T02:33:51.426+0000] {standard_task_runner.py:87} INFO - Running: ['***', 'tasks', 'run', 'daily_student_pipeline', 'extract_data', 'scheduled__2026-03-28T02:00:00+00:00', '--job-id', '56', '--raw', '--subdir', 'DAGS_FOLDER/daily_student_pipeline.py', '--cfg-path', '/tmp/tmpdccs81mz']
[2026-03-29T02:33:51.441+0000] {standard_task_runner.py:88} INFO - Job 56: Subtask extract_data
[2026-03-29T02:33:51.656+0000] {task_command.py:423} INFO - Running <TaskInstance: daily_student_pipeline.extract_data scheduled__2026-03-28T02:00:00+00:00 [running]> on host 8474c56aea3d
[2026-03-29T02:33:52.002+0000] {taskinstance.py:2480} INFO - Exporting env vars: AIRFLOW_CTX_DAG_OWNER='nhom8' AIRFLOW_CTX_DAG_ID='daily_student_pipeline' AIRFLOW_CTX_TASK_ID='extract_data' AIRFLOW_CTX_EXECUTION_DATE='2026-03-28T02:00:00+00:00' AIRFLOW_CTX_TRY_NUMBER='1' AIRFLOW_CTX_DAG_RUN_ID='scheduled__2026-03-28T02:00:00+00:00'
[2026-03-29T02:33:54.104+0000] {logging_mixin.py:188} WARNING - [2026-03-29 02:33:54] INFO    etl.extract : ==BẮT ĐẦU FULL EXTRACT==
[2026-03-29T02:33:54.103+0000] {extract.py:277} INFO - ==BẮT ĐẦU FULL EXTRACT==
[2026-03-29T02:33:54.105+0000] {logging_mixin.py:188} WARNING - [2026-03-29 02:33:54] INFO    etl.extract : ======================================================================
[2026-03-29T02:33:54.105+0000] {extract.py:278} INFO - ======================================================================
[2026-03-29T02:33:54.116+0000] {logging_mixin.py:188} WARNING - [2026-03-29 02:33:54] INFO    etl.extract : ════════════════════════════════════════════════════════════
[2026-03-29T02:33:54.115+0000] {extract.py:82} INFO - ════════════════════════════════════════════════════════════
[2026-03-29T02:33:54.117+0000] {logging_mixin.py:188} WARNING - [2026-03-29 02:33:54] INFO    etl.extract : NGUỒN 1 — PostgreSQL (Phòng Đào tạo) | Full Extract
[2026-03-29T02:33:54.117+0000] {extract.py:83} INFO - NGUỒN 1 — PostgreSQL (Phòng Đào tạo) | Full Extract
[2026-03-29T02:33:54.120+0000] {logging_mixin.py:188} WARNING - [2026-03-29 02:33:54] INFO    etl.extract : ════════════════════════════════════════════════════════════
[2026-03-29T02:33:54.120+0000] {extract.py:84} INFO - ════════════════════════════════════════════════════════════
[2026-03-29T02:33:54.255+0000] {logging_mixin.py:188} WARNING - [2026-03-29 02:33:54] INFO    etl.extract :   PostgreSQL | khoa                      →      4 records
[2026-03-29T02:33:54.255+0000] {extract.py:66} INFO -   PostgreSQL | khoa                      →      4 records
[2026-03-29T02:33:54.295+0000] {logging_mixin.py:188} WARNING - [2026-03-29 02:33:54] INFO    etl.extract :   PostgreSQL | nganh                     →      3 records
[2026-03-29T02:33:54.295+0000] {extract.py:66} INFO -   PostgreSQL | nganh                     →      3 records
[2026-03-29T02:33:54.343+0000] {logging_mixin.py:188} WARNING - [2026-03-29 02:33:54] INFO    etl.extract :   PostgreSQL | giang_vien                →     45 records
[2026-03-29T02:33:54.342+0000] {extract.py:66} INFO -   PostgreSQL | giang_vien                →     45 records
[2026-03-29T02:33:54.404+0000] {logging_mixin.py:188} WARNING - [2026-03-29 02:33:54] INFO    etl.extract :   PostgreSQL | lop_hanh_chinh            →     48 records
[2026-03-29T02:33:54.404+0000] {extract.py:66} INFO -   PostgreSQL | lop_hanh_chinh            →     48 records
[2026-03-29T02:33:54.506+0000] {logging_mixin.py:188} WARNING - [2026-03-29 02:33:54] INFO    etl.extract :   PostgreSQL | sinh_vien                 →  1,695 records
[2026-03-29T02:33:54.505+0000] {extract.py:66} INFO -   PostgreSQL | sinh_vien                 →  1,695 records
[2026-03-29T02:33:54.563+0000] {logging_mixin.py:188} WARNING - [2026-03-29 02:33:54] INFO    etl.extract :   PostgreSQL | hoc_phan                  →    121 records
[2026-03-29T02:33:54.562+0000] {extract.py:66} INFO -   PostgreSQL | hoc_phan                  →    121 records
[2026-03-29T02:33:54.590+0000] {logging_mixin.py:188} WARNING - [2026-03-29 02:33:54] INFO    etl.extract :   PostgreSQL | hoc_ky_nam_hoc            →      9 records
[2026-03-29T02:33:54.590+0000] {extract.py:66} INFO -   PostgreSQL | hoc_ky_nam_hoc            →      9 records
[2026-03-29T02:33:54.916+0000] {logging_mixin.py:188} WARNING - [2026-03-29 02:33:54] INFO    etl.extract :   PostgreSQL | dang_ky_hoc_phan          → 52,893 records
[2026-03-29T02:33:54.916+0000] {extract.py:66} INFO -   PostgreSQL | dang_ky_hoc_phan          → 52,893 records
[2026-03-29T02:33:55.976+0000] {logging_mixin.py:188} WARNING - [2026-03-29 02:33:55] INFO    etl.extract :   PostgreSQL | diem_hoc_phan             → 52,893 records
[2026-03-29T02:33:55.976+0000] {extract.py:66} INFO -   PostgreSQL | diem_hoc_phan             → 52,893 records
[2026-03-29T02:33:56.076+0000] {logging_mixin.py:188} WARNING - [2026-03-29 02:33:56] INFO    etl.extract :   PostgreSQL | tong_hop_ket_qua          →  1,695 records
[2026-03-29T02:33:56.075+0000] {extract.py:66} INFO -   PostgreSQL | tong_hop_ket_qua          →  1,695 records
[2026-03-29T02:33:56.077+0000] {logging_mixin.py:188} WARNING - [2026-03-29 02:33:56] INFO    etl.extract :   PostgreSQL | TỔNG: 109,406 records từ 10 bảng
[2026-03-29T02:33:56.077+0000] {extract.py:91} INFO -   PostgreSQL | TỔNG: 109,406 records từ 10 bảng
[2026-03-29T02:33:56.078+0000] {logging_mixin.py:188} WARNING - [2026-03-29 02:33:56] INFO    etl.extract : ════════════════════════════════════════════════════════════
[2026-03-29T02:33:56.078+0000] {extract.py:163} INFO - ════════════════════════════════════════════════════════════
[2026-03-29T02:33:56.079+0000] {logging_mixin.py:188} WARNING - [2026-03-29 02:33:56] INFO    etl.extract : NGUỒN 2 — CSV (Phòng CTSV) | Extract
[2026-03-29T02:33:56.079+0000] {extract.py:164} INFO - NGUỒN 2 — CSV (Phòng CTSV) | Extract
[2026-03-29T02:33:56.080+0000] {logging_mixin.py:188} WARNING - [2026-03-29 02:33:56] INFO    etl.extract : ════════════════════════════════════════════════════════════
[2026-03-29T02:33:56.080+0000] {extract.py:165} INFO - ════════════════════════════════════════════════════════════
[2026-03-29T02:33:56.085+0000] {logging_mixin.py:188} WARNING - [2026-03-29 02:33:56] INFO    etl.extract :   CSV | Tìm thấy 9 file(s)
[2026-03-29T02:33:56.085+0000] {extract.py:174} INFO -   CSV | Tìm thấy 9 file(s)
[2026-03-29T02:33:56.098+0000] {logging_mixin.py:188} WARNING - [2026-03-29 02:33:56] INFO    etl.extract :   CSV | ctsv_HK1_2021_22.csv                →    780 records
[2026-03-29T02:33:56.098+0000] {extract.py:140} INFO -   CSV | ctsv_HK1_2021_22.csv                →    780 records
[2026-03-29T02:33:56.107+0000] {logging_mixin.py:188} WARNING - [2026-03-29 02:33:56] INFO    etl.extract :   CSV | ctsv_HK1_2022_23.csv                →  1,553 records
[2026-03-29T02:33:56.107+0000] {extract.py:140} INFO -   CSV | ctsv_HK1_2022_23.csv                →  1,553 records
[2026-03-29T02:33:56.118+0000] {logging_mixin.py:188} WARNING - [2026-03-29 02:33:56] INFO    etl.extract :   CSV | ctsv_HK1_2023_24.csv                →  2,336 records
[2026-03-29T02:33:56.118+0000] {extract.py:140} INFO -   CSV | ctsv_HK1_2023_24.csv                →  2,336 records
[2026-03-29T02:33:56.131+0000] {logging_mixin.py:188} WARNING - [2026-03-29 02:33:56] INFO    etl.extract :   CSV | ctsv_HK1_2024_25.csv                →  3,108 records
[2026-03-29T02:33:56.131+0000] {extract.py:140} INFO -   CSV | ctsv_HK1_2024_25.csv                →  3,108 records
[2026-03-29T02:33:56.140+0000] {logging_mixin.py:188} WARNING - [2026-03-29 02:33:56] INFO    etl.extract :   CSV | ctsv_HK1_2025_26.csv                →  2,319 records
[2026-03-29T02:33:56.140+0000] {extract.py:140} INFO -   CSV | ctsv_HK1_2025_26.csv                →  2,319 records
[2026-03-29T02:33:56.148+0000] {logging_mixin.py:188} WARNING - [2026-03-29 02:33:56] INFO    etl.extract :   CSV | ctsv_HK2_2021_22.csv                →    780 records
[2026-03-29T02:33:56.148+0000] {extract.py:140} INFO -   CSV | ctsv_HK2_2021_22.csv                →    780 records
[2026-03-29T02:33:56.164+0000] {logging_mixin.py:188} WARNING - [2026-03-29 02:33:56] INFO    etl.extract :   CSV | ctsv_HK2_2022_23.csv                →  1,540 records
[2026-03-29T02:33:56.164+0000] {extract.py:140} INFO -   CSV | ctsv_HK2_2022_23.csv                →  1,540 records
[2026-03-29T02:33:56.174+0000] {logging_mixin.py:188} WARNING - [2026-03-29 02:33:56] INFO    etl.extract :   CSV | ctsv_HK2_2023_24.csv                →  2,335 records
[2026-03-29T02:33:56.174+0000] {extract.py:140} INFO -   CSV | ctsv_HK2_2023_24.csv                →  2,335 records
[2026-03-29T02:33:56.186+0000] {logging_mixin.py:188} WARNING - [2026-03-29 02:33:56] INFO    etl.extract :   CSV | ctsv_HK2_2024_25.csv                →  2,743 records
[2026-03-29T02:33:56.186+0000] {extract.py:140} INFO -   CSV | ctsv_HK2_2024_25.csv                →  2,743 records
[2026-03-29T02:33:56.195+0000] {logging_mixin.py:188} WARNING - [2026-03-29 02:33:56] INFO    etl.extract :   CSV | Loại bỏ 8757 bản ghi trùng
[2026-03-29T02:33:56.194+0000] {extract.py:191} INFO -   CSV | Loại bỏ 8757 bản ghi trùng
[2026-03-29T02:33:56.196+0000] {logging_mixin.py:188} WARNING - [2026-03-29 02:33:56] INFO    etl.extract :   CSV | TỔNG: 8,737 records từ 9 file(s)
[2026-03-29T02:33:56.196+0000] {extract.py:193} INFO -   CSV | TỔNG: 8,737 records từ 9 file(s)
[2026-03-29T02:33:56.238+0000] {logging_mixin.py:188} WARNING - [2026-03-29 02:33:56] INFO    etl.extract :   API | (JSON) taichinh_HK1_2021_22.json →    390 records
[2026-03-29T02:33:56.238+0000] {extract.py:242} INFO -   API | (JSON) taichinh_HK1_2021_22.json →    390 records
[2026-03-29T02:33:56.259+0000] {logging_mixin.py:188} WARNING - [2026-03-29 02:33:56] INFO    etl.extract :   API | (JSON) taichinh_HK1_2022_23.json →    774 records
[2026-03-29T02:33:56.259+0000] {extract.py:242} INFO -   API | (JSON) taichinh_HK1_2022_23.json →    774 records
[2026-03-29T02:33:56.307+0000] {logging_mixin.py:188} WARNING - [2026-03-29 02:33:56] INFO    etl.extract :   API | (JSON) taichinh_HK1_2023_24.json →  1,162 records
[2026-03-29T02:33:56.307+0000] {extract.py:242} INFO -   API | (JSON) taichinh_HK1_2023_24.json →  1,162 records
[2026-03-29T02:33:56.343+0000] {logging_mixin.py:188} WARNING - [2026-03-29 02:33:56] INFO    etl.extract :   API | (JSON) taichinh_HK1_2024_25.json →  1,537 records
[2026-03-29T02:33:56.342+0000] {extract.py:242} INFO -   API | (JSON) taichinh_HK1_2024_25.json →  1,537 records
[2026-03-29T02:33:56.380+0000] {logging_mixin.py:188} WARNING - [2026-03-29 02:33:56] INFO    etl.extract :   API | (JSON) taichinh_HK1_2025_26.json →  1,143 records
[2026-03-29T02:33:56.380+0000] {extract.py:242} INFO -   API | (JSON) taichinh_HK1_2025_26.json →  1,143 records
[2026-03-29T02:33:56.412+0000] {logging_mixin.py:188} WARNING - [2026-03-29 02:33:56] INFO    etl.extract :   API | (JSON) taichinh_HK2_2021_22.json →    390 records
[2026-03-29T02:33:56.412+0000] {extract.py:242} INFO -   API | (JSON) taichinh_HK2_2021_22.json →    390 records
[2026-03-29T02:33:56.475+0000] {logging_mixin.py:188} WARNING - [2026-03-29 02:33:56] INFO    etl.extract :   API | (JSON) taichinh_HK2_2022_23.json →    765 records
[2026-03-29T02:33:56.475+0000] {extract.py:242} INFO -   API | (JSON) taichinh_HK2_2022_23.json →    765 records
[2026-03-29T02:33:56.510+0000] {logging_mixin.py:188} WARNING - [2026-03-29 02:33:56] INFO    etl.extract :   API | (JSON) taichinh_HK2_2023_24.json →  1,161 records
[2026-03-29T02:33:56.510+0000] {extract.py:242} INFO -   API | (JSON) taichinh_HK2_2023_24.json →  1,161 records
[2026-03-29T02:33:56.549+0000] {logging_mixin.py:188} WARNING - [2026-03-29 02:33:56] INFO    etl.extract :   API | (JSON) taichinh_HK2_2024_25.json →  1,415 records
[2026-03-29T02:33:56.548+0000] {extract.py:242} INFO -   API | (JSON) taichinh_HK2_2024_25.json →  1,415 records
[2026-03-29T02:33:56.563+0000] {logging_mixin.py:188} WARNING - [2026-03-29 02:33:56] INFO    etl.extract :   API | TỔNG: 8,737 records từ 9 HK
[2026-03-29T02:33:56.563+0000] {extract.py:266} INFO -   API | TỔNG: 8,737 records từ 9 HK
[2026-03-29T02:33:57.763+0000] {logging_mixin.py:188} WARNING - [2026-03-29 02:33:57] INFO    utils.minio :   MinIO ↑ [raw-data] 2026-03-29_02-33/nguon1_sinh_vien.parquet (47.5 KB | 1,695 rows)
[2026-03-29T02:33:57.763+0000] {minio_client.py:142} INFO -   MinIO ↑ [raw-data] 2026-03-29_02-33/nguon1_sinh_vien.parquet (47.5 KB | 1,695 rows)
[2026-03-29T02:33:57.829+0000] {logging_mixin.py:188} WARNING - [2026-03-29 02:33:57] INFO    utils.minio :   MinIO ↑ [raw-data] 2026-03-29_02-33/nguon1_dang_ky.parquet (446.0 KB | 52,893 rows)
[2026-03-29T02:33:57.828+0000] {minio_client.py:142} INFO -   MinIO ↑ [raw-data] 2026-03-29_02-33/nguon1_dang_ky.parquet (446.0 KB | 52,893 rows)
[2026-03-29T02:33:57.888+0000] {logging_mixin.py:188} WARNING - [2026-03-29 02:33:57] INFO    utils.minio :   MinIO ↑ [raw-data] 2026-03-29_02-33/nguon1_diem.parquet (1076.0 KB | 52,893 rows)
[2026-03-29T02:33:57.888+0000] {minio_client.py:142} INFO -   MinIO ↑ [raw-data] 2026-03-29_02-33/nguon1_diem.parquet (1076.0 KB | 52,893 rows)
[2026-03-29T02:33:57.906+0000] {logging_mixin.py:188} WARNING - [2026-03-29 02:33:57] INFO    utils.minio :   MinIO ↑ [raw-data] 2026-03-29_02-33/nguon1_hoc_phan.parquet (10.3 KB | 121 rows)
[2026-03-29T02:33:57.905+0000] {minio_client.py:142} INFO -   MinIO ↑ [raw-data] 2026-03-29_02-33/nguon1_hoc_phan.parquet (10.3 KB | 121 rows)
[2026-03-29T02:33:57.918+0000] {logging_mixin.py:188} WARNING - [2026-03-29 02:33:57] INFO    utils.minio :   MinIO ↑ [raw-data] 2026-03-29_02-33/nguon1_hoc_ky.parquet (4.1 KB | 9 rows)
[2026-03-29T02:33:57.918+0000] {minio_client.py:142} INFO -   MinIO ↑ [raw-data] 2026-03-29_02-33/nguon1_hoc_ky.parquet (4.1 KB | 9 rows)
[2026-03-29T02:33:57.935+0000] {logging_mixin.py:188} WARNING - [2026-03-29 02:33:57] INFO    utils.minio :   MinIO ↑ [raw-data] 2026-03-29_02-33/nguon1_giang_vien.parquet (8.3 KB | 45 rows)
[2026-03-29T02:33:57.935+0000] {minio_client.py:142} INFO -   MinIO ↑ [raw-data] 2026-03-29_02-33/nguon1_giang_vien.parquet (8.3 KB | 45 rows)
[2026-03-29T02:33:57.949+0000] {logging_mixin.py:188} WARNING - [2026-03-29 02:33:57] INFO    utils.minio :   MinIO ↑ [raw-data] 2026-03-29_02-33/nguon1_khoa.parquet (2.6 KB | 4 rows)
[2026-03-29T02:33:57.948+0000] {minio_client.py:142} INFO -   MinIO ↑ [raw-data] 2026-03-29_02-33/nguon1_khoa.parquet (2.6 KB | 4 rows)
[2026-03-29T02:33:57.962+0000] {logging_mixin.py:188} WARNING - [2026-03-29 02:33:57] INFO    utils.minio :   MinIO ↑ [raw-data] 2026-03-29_02-33/nguon1_nganh.parquet (3.2 KB | 3 rows)
[2026-03-29T02:33:57.962+0000] {minio_client.py:142} INFO -   MinIO ↑ [raw-data] 2026-03-29_02-33/nguon1_nganh.parquet (3.2 KB | 3 rows)
[2026-03-29T02:33:57.974+0000] {logging_mixin.py:188} WARNING - [2026-03-29 02:33:57] INFO    utils.minio :   MinIO ↑ [raw-data] 2026-03-29_02-33/nguon1_lop_hanh_chinh.parquet (4.8 KB | 48 rows)
[2026-03-29T02:33:57.974+0000] {minio_client.py:142} INFO -   MinIO ↑ [raw-data] 2026-03-29_02-33/nguon1_lop_hanh_chinh.parquet (4.8 KB | 48 rows)
[2026-03-29T02:33:57.989+0000] {logging_mixin.py:188} WARNING - [2026-03-29 02:33:57] INFO    utils.minio :   MinIO ↑ [raw-data] 2026-03-29_02-33/nguon1_tong_hop_ket_qua.parquet (22.3 KB | 1,695 rows)
[2026-03-29T02:33:57.989+0000] {minio_client.py:142} INFO -   MinIO ↑ [raw-data] 2026-03-29_02-33/nguon1_tong_hop_ket_qua.parquet (22.3 KB | 1,695 rows)
[2026-03-29T02:33:58.010+0000] {logging_mixin.py:188} WARNING - [2026-03-29 02:33:58] INFO    utils.minio :   MinIO ↑ [raw-data] 2026-03-29_02-33/nguon2_ctsv.parquet (36.7 KB | 8,737 rows)
[2026-03-29T02:33:58.010+0000] {minio_client.py:142} INFO -   MinIO ↑ [raw-data] 2026-03-29_02-33/nguon2_ctsv.parquet (36.7 KB | 8,737 rows)
[2026-03-29T02:33:58.036+0000] {logging_mixin.py:188} WARNING - [2026-03-29 02:33:58] INFO    utils.minio :   MinIO ↑ [raw-data] 2026-03-29_02-33/nguon3_tai_chinh.parquet (62.2 KB | 8,737 rows)
[2026-03-29T02:33:58.036+0000] {minio_client.py:142} INFO -   MinIO ↑ [raw-data] 2026-03-29_02-33/nguon3_tai_chinh.parquet (62.2 KB | 8,737 rows)
[2026-03-29T02:33:58.038+0000] {logging_mixin.py:188} WARNING - [2026-03-29 02:33:58] INFO    utils.minio :   MinIO upload xong: 12/12 files | run_id=2026-03-29_02-33
[2026-03-29T02:33:58.038+0000] {minio_client.py:188} INFO -   MinIO upload xong: 12/12 files | run_id=2026-03-29_02-33
[2026-03-29T02:33:58.039+0000] {logging_mixin.py:188} WARNING - [2026-03-29 02:33:58] INFO    etl.extract :   MinIO staging: 12/12 files OK → run_id=2026-03-29_02-33
[2026-03-29T02:33:58.039+0000] {extract.py:333} INFO -   MinIO staging: 12/12 files OK → run_id=2026-03-29_02-33
[2026-03-29T02:33:58.042+0000] {logging_mixin.py:188} WARNING - [2026-03-29 02:33:58] INFO    etl.extract : ======================================================================
[2026-03-29T02:33:58.042+0000] {extract.py:296} INFO - ======================================================================
[2026-03-29T02:33:58.043+0000] {logging_mixin.py:188} WARNING - [2026-03-29 02:33:58] INFO    etl.extract :  FULL EXTRACT HOÀN TẤT
[2026-03-29T02:33:58.043+0000] {extract.py:297} INFO -  FULL EXTRACT HOÀN TẤT
[2026-03-29T02:33:58.045+0000] {logging_mixin.py:188} WARNING - [2026-03-29 02:33:58] INFO    etl.extract :    khoa                     :        4
[2026-03-29T02:33:58.045+0000] {extract.py:299} INFO -    khoa                     :        4
[2026-03-29T02:33:58.046+0000] {logging_mixin.py:188} WARNING - [2026-03-29 02:33:58] INFO    etl.extract :    nganh                    :        3
[2026-03-29T02:33:58.046+0000] {extract.py:299} INFO -    nganh                    :        3
[2026-03-29T02:33:58.047+0000] {logging_mixin.py:188} WARNING - [2026-03-29 02:33:58] INFO    etl.extract :    giang_vien               :       45
[2026-03-29T02:33:58.047+0000] {extract.py:299} INFO -    giang_vien               :       45
[2026-03-29T02:33:58.049+0000] {logging_mixin.py:188} WARNING - [2026-03-29 02:33:58] INFO    etl.extract :    lop_hanh_chinh           :       48
[2026-03-29T02:33:58.049+0000] {extract.py:299} INFO -    lop_hanh_chinh           :       48
[2026-03-29T02:33:58.051+0000] {logging_mixin.py:188} WARNING - [2026-03-29 02:33:58] INFO    etl.extract :    sinh_vien                :    1,695
[2026-03-29T02:33:58.051+0000] {extract.py:299} INFO -    sinh_vien                :    1,695
[2026-03-29T02:33:58.054+0000] {logging_mixin.py:188} WARNING - [2026-03-29 02:33:58] INFO    etl.extract :    hoc_phan                 :      121
[2026-03-29T02:33:58.054+0000] {extract.py:299} INFO -    hoc_phan                 :      121
[2026-03-29T02:33:58.058+0000] {logging_mixin.py:188} WARNING - [2026-03-29 02:33:58] INFO    etl.extract :    hoc_ky_nam_hoc           :        9
[2026-03-29T02:33:58.058+0000] {extract.py:299} INFO -    hoc_ky_nam_hoc           :        9
[2026-03-29T02:33:58.060+0000] {logging_mixin.py:188} WARNING - [2026-03-29 02:33:58] INFO    etl.extract :    dang_ky_hoc_phan         :   52,893
[2026-03-29T02:33:58.060+0000] {extract.py:299} INFO -    dang_ky_hoc_phan         :   52,893
[2026-03-29T02:33:58.065+0000] {logging_mixin.py:188} WARNING - [2026-03-29 02:33:58] INFO    etl.extract :    diem_hoc_phan            :   52,893
[2026-03-29T02:33:58.065+0000] {extract.py:299} INFO -    diem_hoc_phan            :   52,893
[2026-03-29T02:33:58.066+0000] {logging_mixin.py:188} WARNING - [2026-03-29 02:33:58] INFO    etl.extract :    tong_hop_ket_qua         :    1,695
[2026-03-29T02:33:58.066+0000] {extract.py:299} INFO -    tong_hop_ket_qua         :    1,695
[2026-03-29T02:33:58.067+0000] {logging_mixin.py:188} WARNING - [2026-03-29 02:33:58] INFO    etl.extract :    ctsv_data                :    8,737
[2026-03-29T02:33:58.067+0000] {extract.py:299} INFO -    ctsv_data                :    8,737
[2026-03-29T02:33:58.068+0000] {logging_mixin.py:188} WARNING - [2026-03-29 02:33:58] INFO    etl.extract :    tai_chinh_data           :    8,737
[2026-03-29T02:33:58.068+0000] {extract.py:299} INFO -    tai_chinh_data           :    8,737
[2026-03-29T02:33:58.069+0000] {logging_mixin.py:188} WARNING - [2026-03-29 02:33:58] INFO    etl.extract : ======================================================================
[2026-03-29T02:33:58.069+0000] {extract.py:300} INFO - ======================================================================
[2026-03-29T02:33:58.118+0000] {logging_mixin.py:188} INFO - Extract xong: {'khoa': 4, 'nganh': 3, 'giang_vien': 45, 'lop_hanh_chinh': 48, 'sinh_vien': 1695, 'hoc_phan': 121, 'hoc_ky_nam_hoc': 9, 'dang_ky_hoc_phan': 52893, 'diem_hoc_phan': 52893, 'tong_hop_ket_qua': 1695, 'ctsv_data': 8737, 'tai_chinh_data': 8737}
[2026-03-29T02:33:58.129+0000] {python.py:201} INFO - Done. Returned value was: {'khoa': 4, 'nganh': 3, 'giang_vien': 45, 'lop_hanh_chinh': 48, 'sinh_vien': 1695, 'hoc_phan': 121, 'hoc_ky_nam_hoc': 9, 'dang_ky_hoc_phan': 52893, 'diem_hoc_phan': 52893, 'tong_hop_ket_qua': 1695, 'ctsv_data': 8737, 'tai_chinh_data': 8737}
[2026-03-29T02:33:58.162+0000] {taskinstance.py:1138} INFO - Marking task as SUCCESS. dag_id=daily_student_pipeline, task_id=extract_data, execution_date=20260328T020000, start_date=20260329T023351, end_date=20260329T023358
[2026-03-29T02:33:58.223+0000] {local_task_job_runner.py:234} INFO - Task exited with return code 0
[2026-03-29T02:33:58.262+0000] {taskinstance.py:3280} INFO - 1 downstream tasks scheduled from follow-on schedule check
