[2026-04-28T03:37:22.784+0000] {taskinstance.py:1956} INFO - Dependencies all met for dep_context=non-requeueable deps ti=<TaskInstance: daily_student_pipeline.load_data manual__2026-04-28T03:37:04.301001+00:00 [queued]>
[2026-04-28T03:37:22.814+0000] {taskinstance.py:1956} INFO - Dependencies all met for dep_context=requeueable deps ti=<TaskInstance: daily_student_pipeline.load_data manual__2026-04-28T03:37:04.301001+00:00 [queued]>
[2026-04-28T03:37:22.817+0000] {taskinstance.py:2170} INFO - Starting attempt 1 of 1
[2026-04-28T03:37:22.853+0000] {taskinstance.py:2191} INFO - Executing <Task(PythonOperator): load_data> on 2026-04-28 03:37:04.301001+00:00
[2026-04-28T03:37:22.870+0000] {standard_task_runner.py:60} INFO - Started process 619 to run task
[2026-04-28T03:37:22.875+0000] {standard_task_runner.py:87} INFO - Running: ['***', 'tasks', 'run', 'daily_student_pipeline', 'load_data', 'manual__2026-04-28T03:37:04.301001+00:00', '--job-id', '572', '--raw', '--subdir', 'DAGS_FOLDER/daily_student_pipeline.py', '--cfg-path', '/tmp/tmpv18aousu']
[2026-04-28T03:37:22.890+0000] {standard_task_runner.py:88} INFO - Job 572: Subtask load_data
[2026-04-28T03:37:23.011+0000] {task_command.py:423} INFO - Running <TaskInstance: daily_student_pipeline.load_data manual__2026-04-28T03:37:04.301001+00:00 [running]> on host 6b19557e5822
[2026-04-28T03:37:23.145+0000] {taskinstance.py:2480} INFO - Exporting env vars: AIRFLOW_CTX_DAG_OWNER='nhom8' AIRFLOW_CTX_DAG_ID='daily_student_pipeline' AIRFLOW_CTX_TASK_ID='load_data' AIRFLOW_CTX_EXECUTION_DATE='2026-04-28T03:37:04.301001+00:00' AIRFLOW_CTX_TRY_NUMBER='1' AIRFLOW_CTX_DAG_RUN_ID='manual__2026-04-28T03:37:04.301001+00:00'
[2026-04-28T03:37:24.667+0000] {transform.py:159} INFO -   Load TransformedData từ MinIO staging: run_id=2026-04-28_03-37
[2026-04-28T03:37:24.679+0000] {minio_client.py:229} WARNING -   MinIO không tìm thấy: 2026-04-28_03-37/dim_hoc_ky.parquet
[2026-04-28T03:37:24.747+0000] {minio_client.py:223} INFO -   MinIO ↓ [staging-data] 2026-04-28_03-37/dim_giang_vien.parquet (45 rows)
[2026-04-28T03:37:24.771+0000] {minio_client.py:223} INFO -   MinIO ↓ [staging-data] 2026-04-28_03-37/dim_hoc_phan.parquet (121 rows)
[2026-04-28T03:37:24.811+0000] {minio_client.py:223} INFO -   MinIO ↓ [staging-data] 2026-04-28_03-37/dim_sinh_vien.parquet (1,695 rows)
[2026-04-28T03:37:24.823+0000] {minio_client.py:229} WARNING -   MinIO không tìm thấy: 2026-04-28_03-37/fact_diem.parquet
[2026-04-28T03:37:24.831+0000] {minio_client.py:229} WARNING -   MinIO không tìm thấy: 2026-04-28_03-37/fact_dang_ky.parquet
[2026-04-28T03:37:24.859+0000] {minio_client.py:223} INFO -   MinIO ↓ [staging-data] 2026-04-28_03-37/fact_ren_luyen.parquet (9,962 rows)
[2026-04-28T03:37:24.888+0000] {minio_client.py:223} INFO -   MinIO ↓ [staging-data] 2026-04-28_03-37/fact_tai_chinh.parquet (9,670 rows)
[2026-04-28T03:37:24.889+0000] {transform.py:172} INFO - Load from staging-data OK — run_id=2026-04-28_03-37
[2026-04-28T03:37:24.890+0000] {load.py:51} INFO - ==BẮT ĐẦU LOAD VÀO DATA WAREHOUSE==
[2026-04-28T03:37:24.892+0000] {load.py:52} INFO - ======================================================================
[2026-04-28T03:37:24.892+0000] {load.py:121} INFO - Tạo schema warehouse từ warehouse_models.py...
[2026-04-28T03:37:25.017+0000] {load.py:123} INFO -   Schema warehouse OK
[2026-04-28T03:37:25.018+0000] {load.py:57} INFO - ── Bước 1: Load Dimension Tables ──
[2026-04-28T03:37:25.155+0000] {load.py:262} INFO -   dim_giang_vien →     45 records (new: 0)
[2026-04-28T03:37:25.336+0000] {load.py:310} INFO -   dim_hoc_phan   →    121 records (new: 0)
[2026-04-28T03:37:27.326+0000] {load.py:419} INFO -   dim_sinh_vien →  1,695 records (new: 0, SCD2: 0, fact cascade: 0)
[2026-04-28T03:37:27.327+0000] {load.py:63} INFO - ── Bước 2: Build Surrogate Key Cache ──
[2026-04-28T03:37:27.327+0000] {load.py:126} INFO - Building surrogate key caches...
[2026-04-28T03:37:27.345+0000] {load.py:154} INFO -   SV=1695, HP=121, GV=45, HK=13
[2026-04-28T03:37:27.346+0000] {load.py:66} INFO - ── Bước 3: Load Fact Tables ──
[2026-04-28T03:37:27.347+0000] {load.py:488} INFO -   fact_hoc_tap   → SKIP (empty)
[2026-04-28T03:37:27.347+0000] {load.py:579} INFO -   fact_dang_ky   → SKIP (empty)
[2026-04-28T03:37:27.350+0000] {load.py:686} WARNING -   fact_ctsv | [DEDUP Tầng 1 - DataFrame] Loại bỏ 292 bản ghi trùng (9962 → 9670)
[2026-04-28T03:37:27.357+0000] {load.py:719} WARNING -   fact_ctsv | Bỏ qua 5 rows: không tìm thấy surrogate key (SV hoặc HK chưa có trong dim)
[2026-04-28T03:37:27.417+0000] {load.py:805} INFO -   fact_ctsv | Vectorize OK: 9670 input → 9665 valid records
[2026-04-28T03:37:29.148+0000] {load.py:873} INFO -   fact_ctsv | Tiến độ: 2/2 batches (9,665/9,665 records)
[2026-04-28T03:37:29.149+0000] {load.py:881} INFO -   fact_ctsv      → 9,665 records (upserted) | Đã loại: 292 duplicates
[2026-04-28T03:37:29.164+0000] {load.py:931} INFO -   fact_tai_chinh | Đã làm sạch 1 cột datetime (NaT → None)
[2026-04-28T03:37:31.027+0000] {load.py:1001} INFO -   fact_tai_chinh →  9,665 records (upserted)
[2026-04-28T03:37:31.029+0000] {load.py:73} INFO - ── Bước 4: Build Aggregation ──
[2026-04-28T03:37:31.030+0000] {aggregation.py:12} INFO - == BẮT ĐẦU AGGREGATION ==
[2026-04-28T03:37:31.398+0000] {aggregation.py:288} INFO -   agg_student_summary → 1,695 records
[2026-04-28T03:37:31.398+0000] {aggregation.py:14} INFO -   agg_student_summary rebuilt : 1,695
[2026-04-28T03:37:31.399+0000] {aggregation.py:15} INFO - == AGGREGATION HOÀN TẤT ==
[2026-04-28T03:37:31.400+0000] {load.py:77} INFO - ======================================================================
[2026-04-28T03:37:31.400+0000] {load.py:78} INFO - LOAD HOÀN TẤT
[2026-04-28T03:37:31.401+0000] {load.py:81} INFO -   dim_hoc_ky               :        0 records
[2026-04-28T03:37:31.401+0000] {load.py:81} INFO -   dim_giang_vien           :       45 records
[2026-04-28T03:37:31.402+0000] {load.py:81} INFO -   dim_hoc_phan             :      121 records
[2026-04-28T03:37:31.402+0000] {load.py:81} INFO -   dim_sinh_vien            :        0 records
[2026-04-28T03:37:31.402+0000] {load.py:81} INFO -   fact_hoc_tap             :        0 records
[2026-04-28T03:37:31.403+0000] {load.py:81} INFO -   fact_dang_ky             :        0 records
[2026-04-28T03:37:31.403+0000] {load.py:81} INFO -   fact_ctsv                :    9,665 records
[2026-04-28T03:37:31.403+0000] {load.py:81} INFO -   fact_tai_chinh           :    9,665 records
[2026-04-28T03:37:31.404+0000] {load.py:81} INFO -   agg_student_summary      :    1,695 records
[2026-04-28T03:37:31.404+0000] {load.py:83} INFO -   TỔNG                     :   21,191 records
[2026-04-28T03:37:31.405+0000] {load.py:84} INFO - ======================================================================
[2026-04-28T03:37:31.444+0000] {logging_mixin.py:188} INFO - ============================================================
[2026-04-28T03:37:31.445+0000] {logging_mixin.py:188} INFO - LOAD HOÀN TẤT — Thống kê:
[2026-04-28T03:37:31.446+0000] {logging_mixin.py:188} INFO -   dim_hoc_ky                    :          0 records
[2026-04-28T03:37:31.446+0000] {logging_mixin.py:188} INFO -   dim_giang_vien                :         45 records
[2026-04-28T03:37:31.446+0000] {logging_mixin.py:188} INFO -   dim_hoc_phan                  :        121 records
[2026-04-28T03:37:31.447+0000] {logging_mixin.py:188} INFO -   dim_sinh_vien                 :          0 records
[2026-04-28T03:37:31.447+0000] {logging_mixin.py:188} INFO -   fact_hoc_tap                  :          0 records
[2026-04-28T03:37:31.447+0000] {logging_mixin.py:188} INFO -   fact_dang_ky                  :          0 records
[2026-04-28T03:37:31.448+0000] {logging_mixin.py:188} INFO -   fact_ctsv                     :      9,665 records
[2026-04-28T03:37:31.448+0000] {logging_mixin.py:188} INFO -   fact_tai_chinh                :      9,665 records
[2026-04-28T03:37:31.449+0000] {logging_mixin.py:188} INFO -   agg_student_summary           :      1,695 records
[2026-04-28T03:37:31.449+0000] {logging_mixin.py:188} INFO -   TỔNG                          :     21,191 records
[2026-04-28T03:37:31.450+0000] {logging_mixin.py:188} INFO - ============================================================
[2026-04-28T03:37:31.451+0000] {python.py:201} INFO - Done. Returned value was: {'dim_hoc_ky': 0, 'dim_giang_vien': 45, 'dim_hoc_phan': 121, 'dim_sinh_vien': 0, 'fact_hoc_tap': 0, 'fact_dang_ky': 0, 'fact_ctsv': 9665, 'fact_tai_chinh': 9665, 'agg_student_summary': 1695}
[2026-04-28T03:37:31.477+0000] {taskinstance.py:1138} INFO - Marking task as SUCCESS. dag_id=daily_student_pipeline, task_id=load_data, execution_date=20260428T033704, start_date=20260428T033722, end_date=20260428T033731
[2026-04-28T03:37:31.505+0000] {local_task_job_runner.py:234} INFO - Task exited with return code 0
[2026-04-28T03:37:31.533+0000] {taskinstance.py:3280} INFO - 1 downstream tasks scheduled from follow-on schedule check
