[2026-04-02T08:36:11.311+0000] {taskinstance.py:1956} INFO - Dependencies all met for dep_context=non-requeueable deps ti=<TaskInstance: daily_student_pipeline.extract_data scheduled__2026-03-31T02:00:00+00:00 [queued]>
[2026-04-02T08:36:11.326+0000] {taskinstance.py:1956} INFO - Dependencies all met for dep_context=requeueable deps ti=<TaskInstance: daily_student_pipeline.extract_data scheduled__2026-03-31T02:00:00+00:00 [queued]>
[2026-04-02T08:36:11.327+0000] {taskinstance.py:2170} INFO - Starting attempt 1 of 1
[2026-04-02T08:36:11.347+0000] {taskinstance.py:2191} INFO - Executing <Task(PythonOperator): extract_data> on 2026-03-31 02:00:00+00:00
[2026-04-02T08:36:11.358+0000] {standard_task_runner.py:60} INFO - Started process 212 to run task
[2026-04-02T08:36:11.368+0000] {standard_task_runner.py:87} INFO - Running: ['***', 'tasks', 'run', 'daily_student_pipeline', 'extract_data', 'scheduled__2026-03-31T02:00:00+00:00', '--job-id', '75', '--raw', '--subdir', 'DAGS_FOLDER/daily_student_pipeline.py', '--cfg-path', '/tmp/tmp6tt_wdrl']
[2026-04-02T08:36:11.377+0000] {standard_task_runner.py:88} INFO - Job 75: Subtask extract_data
[2026-04-02T08:36:11.550+0000] {task_command.py:423} INFO - Running <TaskInstance: daily_student_pipeline.extract_data scheduled__2026-03-31T02:00:00+00:00 [running]> on host 8474c56aea3d
[2026-04-02T08:36:11.754+0000] {taskinstance.py:2480} INFO - Exporting env vars: AIRFLOW_CTX_DAG_OWNER='nhom8' AIRFLOW_CTX_DAG_ID='daily_student_pipeline' AIRFLOW_CTX_TASK_ID='extract_data' AIRFLOW_CTX_EXECUTION_DATE='2026-03-31T02:00:00+00:00' AIRFLOW_CTX_TRY_NUMBER='1' AIRFLOW_CTX_DAG_RUN_ID='scheduled__2026-03-31T02:00:00+00:00'
[2026-04-02T08:36:13.688+0000] {logging_mixin.py:188} WARNING - [2026-04-02 08:36:13] INFO    etl.extract : ==BẮT ĐẦU FULL EXTRACT==
[2026-04-02T08:36:13.688+0000] {extract.py:277} INFO - ==BẮT ĐẦU FULL EXTRACT==
[2026-04-02T08:36:13.689+0000] {logging_mixin.py:188} WARNING - [2026-04-02 08:36:13] INFO    etl.extract : ======================================================================
[2026-04-02T08:36:13.689+0000] {extract.py:278} INFO - ======================================================================
[2026-04-02T08:36:13.694+0000] {logging_mixin.py:188} WARNING - [2026-04-02 08:36:13] INFO    etl.extract : ════════════════════════════════════════════════════════════
[2026-04-02T08:36:13.694+0000] {extract.py:82} INFO - ════════════════════════════════════════════════════════════
[2026-04-02T08:36:13.696+0000] {logging_mixin.py:188} WARNING - [2026-04-02 08:36:13] INFO    etl.extract : NGUỒN 1 — PostgreSQL (Phòng Đào tạo) | Full Extract
[2026-04-02T08:36:13.696+0000] {extract.py:83} INFO - NGUỒN 1 — PostgreSQL (Phòng Đào tạo) | Full Extract
[2026-04-02T08:36:13.697+0000] {logging_mixin.py:188} WARNING - [2026-04-02 08:36:13] INFO    etl.extract : ════════════════════════════════════════════════════════════
[2026-04-02T08:36:13.697+0000] {extract.py:84} INFO - ════════════════════════════════════════════════════════════
[2026-04-02T08:36:13.873+0000] {logging_mixin.py:188} WARNING - [2026-04-02 08:36:13] INFO    etl.extract :   PostgreSQL | khoa                      →      4 records
[2026-04-02T08:36:13.873+0000] {extract.py:66} INFO -   PostgreSQL | khoa                      →      4 records
[2026-04-02T08:36:13.922+0000] {logging_mixin.py:188} WARNING - [2026-04-02 08:36:13] INFO    etl.extract :   PostgreSQL | nganh                     →      3 records
[2026-04-02T08:36:13.922+0000] {extract.py:66} INFO -   PostgreSQL | nganh                     →      3 records
[2026-04-02T08:36:13.990+0000] {logging_mixin.py:188} WARNING - [2026-04-02 08:36:13] INFO    etl.extract :   PostgreSQL | giang_vien                →     45 records
[2026-04-02T08:36:13.989+0000] {extract.py:66} INFO -   PostgreSQL | giang_vien                →     45 records
[2026-04-02T08:36:14.084+0000] {logging_mixin.py:188} WARNING - [2026-04-02 08:36:14] INFO    etl.extract :   PostgreSQL | lop_hanh_chinh            →     48 records
[2026-04-02T08:36:14.083+0000] {extract.py:66} INFO -   PostgreSQL | lop_hanh_chinh            →     48 records
[2026-04-02T08:36:14.203+0000] {logging_mixin.py:188} WARNING - [2026-04-02 08:36:14] INFO    etl.extract :   PostgreSQL | sinh_vien                 →  1,695 records
[2026-04-02T08:36:14.203+0000] {extract.py:66} INFO -   PostgreSQL | sinh_vien                 →  1,695 records
[2026-04-02T08:36:14.254+0000] {logging_mixin.py:188} WARNING - [2026-04-02 08:36:14] INFO    etl.extract :   PostgreSQL | hoc_phan                  →    121 records
[2026-04-02T08:36:14.254+0000] {extract.py:66} INFO -   PostgreSQL | hoc_phan                  →    121 records
[2026-04-02T08:36:14.288+0000] {logging_mixin.py:188} WARNING - [2026-04-02 08:36:14] INFO    etl.extract :   PostgreSQL | hoc_ky_nam_hoc            →      9 records
[2026-04-02T08:36:14.288+0000] {extract.py:66} INFO -   PostgreSQL | hoc_ky_nam_hoc            →      9 records
[2026-04-02T08:36:14.662+0000] {logging_mixin.py:188} WARNING - [2026-04-02 08:36:14] INFO    etl.extract :   PostgreSQL | dang_ky_hoc_phan          → 54,529 records
[2026-04-02T08:36:14.662+0000] {extract.py:66} INFO -   PostgreSQL | dang_ky_hoc_phan          → 54,529 records
[2026-04-02T08:36:15.768+0000] {logging_mixin.py:188} WARNING - [2026-04-02 08:36:15] INFO    etl.extract :   PostgreSQL | diem_hoc_phan             → 54,529 records
[2026-04-02T08:36:15.768+0000] {extract.py:66} INFO -   PostgreSQL | diem_hoc_phan             → 54,529 records
[2026-04-02T08:36:15.853+0000] {logging_mixin.py:188} WARNING - [2026-04-02 08:36:15] INFO    etl.extract :   PostgreSQL | tong_hop_ket_qua          →  1,695 records
[2026-04-02T08:36:15.853+0000] {extract.py:66} INFO -   PostgreSQL | tong_hop_ket_qua          →  1,695 records
[2026-04-02T08:36:15.855+0000] {logging_mixin.py:188} WARNING - [2026-04-02 08:36:15] INFO    etl.extract :   PostgreSQL | TỔNG: 112,678 records từ 10 bảng
[2026-04-02T08:36:15.855+0000] {extract.py:91} INFO -   PostgreSQL | TỔNG: 112,678 records từ 10 bảng
[2026-04-02T08:36:15.856+0000] {logging_mixin.py:188} WARNING - [2026-04-02 08:36:15] INFO    etl.extract : ════════════════════════════════════════════════════════════
[2026-04-02T08:36:15.856+0000] {extract.py:163} INFO - ════════════════════════════════════════════════════════════
[2026-04-02T08:36:15.857+0000] {logging_mixin.py:188} WARNING - [2026-04-02 08:36:15] INFO    etl.extract : NGUỒN 2 — CSV (Phòng CTSV) | Extract
[2026-04-02T08:36:15.857+0000] {extract.py:164} INFO - NGUỒN 2 — CSV (Phòng CTSV) | Extract
[2026-04-02T08:36:15.858+0000] {logging_mixin.py:188} WARNING - [2026-04-02 08:36:15] INFO    etl.extract : ════════════════════════════════════════════════════════════
[2026-04-02T08:36:15.858+0000] {extract.py:165} INFO - ════════════════════════════════════════════════════════════
[2026-04-02T08:36:15.862+0000] {logging_mixin.py:188} WARNING - [2026-04-02 08:36:15] INFO    etl.extract :   CSV | Tìm thấy 9 file(s)
[2026-04-02T08:36:15.862+0000] {extract.py:174} INFO -   CSV | Tìm thấy 9 file(s)
[2026-04-02T08:36:16.009+0000] {logging_mixin.py:188} WARNING - [2026-04-02 08:36:16] INFO    etl.extract :   CSV | ctsv_HK1_2021_22.csv                →    780 records
[2026-04-02T08:36:16.009+0000] {extract.py:140} INFO -   CSV | ctsv_HK1_2021_22.csv                →    780 records
[2026-04-02T08:36:16.050+0000] {logging_mixin.py:188} WARNING - [2026-04-02 08:36:16] INFO    etl.extract :   CSV | ctsv_HK1_2022_23.csv                →  1,580 records
[2026-04-02T08:36:16.050+0000] {extract.py:140} INFO -   CSV | ctsv_HK1_2022_23.csv                →  1,580 records
[2026-04-02T08:36:16.189+0000] {logging_mixin.py:188} WARNING - [2026-04-02 08:36:16] INFO    etl.extract :   CSV | ctsv_HK1_2023_24.csv                →  2,395 records
[2026-04-02T08:36:16.189+0000] {extract.py:140} INFO -   CSV | ctsv_HK1_2023_24.csv                →  2,395 records
[2026-04-02T08:36:16.221+0000] {logging_mixin.py:188} WARNING - [2026-04-02 08:36:16] INFO    etl.extract :   CSV | ctsv_HK1_2024_25.csv                →  3,202 records
[2026-04-02T08:36:16.221+0000] {extract.py:140} INFO -   CSV | ctsv_HK1_2024_25.csv                →  3,202 records
[2026-04-02T08:36:16.252+0000] {logging_mixin.py:188} WARNING - [2026-04-02 08:36:16] INFO    etl.extract :   CSV | ctsv_HK1_2025_26.csv                →  2,428 records
[2026-04-02T08:36:16.252+0000] {extract.py:140} INFO -   CSV | ctsv_HK1_2025_26.csv                →  2,428 records
[2026-04-02T08:36:16.349+0000] {logging_mixin.py:188} WARNING - [2026-04-02 08:36:16] INFO    etl.extract :   CSV | ctsv_HK2_2021_22.csv                →    780 records
[2026-04-02T08:36:16.349+0000] {extract.py:140} INFO -   CSV | ctsv_HK2_2021_22.csv                →    780 records
[2026-04-02T08:36:16.376+0000] {logging_mixin.py:188} WARNING - [2026-04-02 08:36:16] INFO    etl.extract :   CSV | ctsv_HK2_2022_23.csv                →  1,559 records
[2026-04-02T08:36:16.375+0000] {extract.py:140} INFO -   CSV | ctsv_HK2_2022_23.csv                →  1,559 records
[2026-04-02T08:36:16.409+0000] {logging_mixin.py:188} WARNING - [2026-04-02 08:36:16] INFO    etl.extract :   CSV | ctsv_HK2_2023_24.csv                →  2,381 records
[2026-04-02T08:36:16.409+0000] {extract.py:140} INFO -   CSV | ctsv_HK2_2023_24.csv                →  2,381 records
[2026-04-02T08:36:16.442+0000] {logging_mixin.py:188} WARNING - [2026-04-02 08:36:16] INFO    etl.extract :   CSV | ctsv_HK2_2024_25.csv                →  2,835 records
[2026-04-02T08:36:16.442+0000] {extract.py:140} INFO -   CSV | ctsv_HK2_2024_25.csv                →  2,835 records
[2026-04-02T08:36:16.451+0000] {logging_mixin.py:188} WARNING - [2026-04-02 08:36:16] INFO    etl.extract :   CSV | Loại bỏ 8950 bản ghi trùng
[2026-04-02T08:36:16.451+0000] {extract.py:191} INFO -   CSV | Loại bỏ 8950 bản ghi trùng
[2026-04-02T08:36:16.454+0000] {logging_mixin.py:188} WARNING - [2026-04-02 08:36:16] INFO    etl.extract :   CSV | TỔNG: 8,990 records từ 9 file(s)
[2026-04-02T08:36:16.453+0000] {extract.py:193} INFO -   CSV | TỔNG: 8,990 records từ 9 file(s)
[2026-04-02T08:36:16.503+0000] {logging_mixin.py:188} WARNING - [2026-04-02 08:36:16] INFO    etl.extract :   API | (JSON) taichinh_HK1_2021_22.json →    390 records
[2026-04-02T08:36:16.503+0000] {extract.py:242} INFO -   API | (JSON) taichinh_HK1_2021_22.json →    390 records
[2026-04-02T08:36:16.540+0000] {logging_mixin.py:188} WARNING - [2026-04-02 08:36:16] INFO    etl.extract :   API | (JSON) taichinh_HK1_2022_23.json →    787 records
[2026-04-02T08:36:16.540+0000] {extract.py:242} INFO -   API | (JSON) taichinh_HK1_2022_23.json →    787 records
[2026-04-02T08:36:16.584+0000] {logging_mixin.py:188} WARNING - [2026-04-02 08:36:16] INFO    etl.extract :   API | (JSON) taichinh_HK1_2023_24.json →  1,192 records
[2026-04-02T08:36:16.584+0000] {extract.py:242} INFO -   API | (JSON) taichinh_HK1_2023_24.json →  1,192 records
[2026-04-02T08:36:16.668+0000] {logging_mixin.py:188} WARNING - [2026-04-02 08:36:16] INFO    etl.extract :   API | (JSON) taichinh_HK1_2024_25.json →  1,592 records
[2026-04-02T08:36:16.668+0000] {extract.py:242} INFO -   API | (JSON) taichinh_HK1_2024_25.json →  1,592 records
[2026-04-02T08:36:16.744+0000] {logging_mixin.py:188} WARNING - [2026-04-02 08:36:16] INFO    etl.extract :   API | (JSON) taichinh_HK1_2025_26.json →  1,206 records
[2026-04-02T08:36:16.744+0000] {extract.py:242} INFO -   API | (JSON) taichinh_HK1_2025_26.json →  1,206 records
[2026-04-02T08:36:16.787+0000] {logging_mixin.py:188} WARNING - [2026-04-02 08:36:16] INFO    etl.extract :   API | (JSON) taichinh_HK2_2021_22.json →    390 records
[2026-04-02T08:36:16.787+0000] {extract.py:242} INFO -   API | (JSON) taichinh_HK2_2021_22.json →    390 records
[2026-04-02T08:36:16.824+0000] {logging_mixin.py:188} WARNING - [2026-04-02 08:36:16] INFO    etl.extract :   API | (JSON) taichinh_HK2_2022_23.json →    778 records
[2026-04-02T08:36:16.824+0000] {extract.py:242} INFO -   API | (JSON) taichinh_HK2_2022_23.json →    778 records
[2026-04-02T08:36:16.865+0000] {logging_mixin.py:188} WARNING - [2026-04-02 08:36:16] INFO    etl.extract :   API | (JSON) taichinh_HK2_2023_24.json →  1,186 records
[2026-04-02T08:36:16.865+0000] {extract.py:242} INFO -   API | (JSON) taichinh_HK2_2023_24.json →  1,186 records
[2026-04-02T08:36:17.108+0000] {logging_mixin.py:188} WARNING - [2026-04-02 08:36:17] INFO    etl.extract :   API | (JSON) taichinh_HK2_2024_25.json →  1,469 records
[2026-04-02T08:36:17.108+0000] {extract.py:242} INFO -   API | (JSON) taichinh_HK2_2024_25.json →  1,469 records
[2026-04-02T08:36:17.113+0000] {logging_mixin.py:188} WARNING - [2026-04-02 08:36:17] INFO    etl.extract :   API | TỔNG: 8,990 records từ 9 HK
[2026-04-02T08:36:17.113+0000] {extract.py:266} INFO -   API | TỔNG: 8,990 records từ 9 HK
[2026-04-02T08:36:19.479+0000] {logging_mixin.py:188} WARNING - [2026-04-02 08:36:19] INFO    utils.minio :   MinIO ↑ [raw-data] 2026-04-02_08-36/nguon1_sinh_vien.parquet (47.4 KB | 1,695 rows)
[2026-04-02T08:36:19.479+0000] {minio_client.py:142} INFO -   MinIO ↑ [raw-data] 2026-04-02_08-36/nguon1_sinh_vien.parquet (47.4 KB | 1,695 rows)
[2026-04-02T08:36:19.619+0000] {logging_mixin.py:188} WARNING - [2026-04-02 08:36:19] INFO    utils.minio :   MinIO ↑ [raw-data] 2026-04-02_08-36/nguon1_dang_ky.parquet (459.3 KB | 54,529 rows)
[2026-04-02T08:36:19.618+0000] {minio_client.py:142} INFO -   MinIO ↑ [raw-data] 2026-04-02_08-36/nguon1_dang_ky.parquet (459.3 KB | 54,529 rows)
[2026-04-02T08:36:19.732+0000] {logging_mixin.py:188} WARNING - [2026-04-02 08:36:19] INFO    utils.minio :   MinIO ↑ [raw-data] 2026-04-02_08-36/nguon1_diem.parquet (1108.6 KB | 54,529 rows)
[2026-04-02T08:36:19.732+0000] {minio_client.py:142} INFO -   MinIO ↑ [raw-data] 2026-04-02_08-36/nguon1_diem.parquet (1108.6 KB | 54,529 rows)
[2026-04-02T08:36:19.760+0000] {logging_mixin.py:188} WARNING - [2026-04-02 08:36:19] INFO    utils.minio :   MinIO ↑ [raw-data] 2026-04-02_08-36/nguon1_hoc_phan.parquet (10.3 KB | 121 rows)
[2026-04-02T08:36:19.760+0000] {minio_client.py:142} INFO -   MinIO ↑ [raw-data] 2026-04-02_08-36/nguon1_hoc_phan.parquet (10.3 KB | 121 rows)
[2026-04-02T08:36:19.779+0000] {logging_mixin.py:188} WARNING - [2026-04-02 08:36:19] INFO    utils.minio :   MinIO ↑ [raw-data] 2026-04-02_08-36/nguon1_hoc_ky.parquet (4.1 KB | 9 rows)
[2026-04-02T08:36:19.779+0000] {minio_client.py:142} INFO -   MinIO ↑ [raw-data] 2026-04-02_08-36/nguon1_hoc_ky.parquet (4.1 KB | 9 rows)
[2026-04-02T08:36:19.798+0000] {logging_mixin.py:188} WARNING - [2026-04-02 08:36:19] INFO    utils.minio :   MinIO ↑ [raw-data] 2026-04-02_08-36/nguon1_giang_vien.parquet (8.3 KB | 45 rows)
[2026-04-02T08:36:19.798+0000] {minio_client.py:142} INFO -   MinIO ↑ [raw-data] 2026-04-02_08-36/nguon1_giang_vien.parquet (8.3 KB | 45 rows)
[2026-04-02T08:36:19.816+0000] {logging_mixin.py:188} WARNING - [2026-04-02 08:36:19] INFO    utils.minio :   MinIO ↑ [raw-data] 2026-04-02_08-36/nguon1_khoa.parquet (2.6 KB | 4 rows)
[2026-04-02T08:36:19.816+0000] {minio_client.py:142} INFO -   MinIO ↑ [raw-data] 2026-04-02_08-36/nguon1_khoa.parquet (2.6 KB | 4 rows)
[2026-04-02T08:36:19.832+0000] {logging_mixin.py:188} WARNING - [2026-04-02 08:36:19] INFO    utils.minio :   MinIO ↑ [raw-data] 2026-04-02_08-36/nguon1_nganh.parquet (3.2 KB | 3 rows)
[2026-04-02T08:36:19.832+0000] {minio_client.py:142} INFO -   MinIO ↑ [raw-data] 2026-04-02_08-36/nguon1_nganh.parquet (3.2 KB | 3 rows)
[2026-04-02T08:36:19.847+0000] {logging_mixin.py:188} WARNING - [2026-04-02 08:36:19] INFO    utils.minio :   MinIO ↑ [raw-data] 2026-04-02_08-36/nguon1_lop_hanh_chinh.parquet (4.8 KB | 48 rows)
[2026-04-02T08:36:19.846+0000] {minio_client.py:142} INFO -   MinIO ↑ [raw-data] 2026-04-02_08-36/nguon1_lop_hanh_chinh.parquet (4.8 KB | 48 rows)
[2026-04-02T08:36:19.865+0000] {logging_mixin.py:188} WARNING - [2026-04-02 08:36:19] INFO    utils.minio :   MinIO ↑ [raw-data] 2026-04-02_08-36/nguon1_tong_hop_ket_qua.parquet (22.0 KB | 1,695 rows)
[2026-04-02T08:36:19.864+0000] {minio_client.py:142} INFO -   MinIO ↑ [raw-data] 2026-04-02_08-36/nguon1_tong_hop_ket_qua.parquet (22.0 KB | 1,695 rows)
[2026-04-02T08:36:19.887+0000] {logging_mixin.py:188} WARNING - [2026-04-02 08:36:19] INFO    utils.minio :   MinIO ↑ [raw-data] 2026-04-02_08-36/nguon2_ctsv.parquet (37.4 KB | 8,990 rows)
[2026-04-02T08:36:19.887+0000] {minio_client.py:142} INFO -   MinIO ↑ [raw-data] 2026-04-02_08-36/nguon2_ctsv.parquet (37.4 KB | 8,990 rows)
[2026-04-02T08:36:19.907+0000] {logging_mixin.py:188} WARNING - [2026-04-02 08:36:19] INFO    utils.minio :   MinIO ↑ [raw-data] 2026-04-02_08-36/nguon3_tai_chinh.parquet (65.0 KB | 8,990 rows)
[2026-04-02T08:36:19.907+0000] {minio_client.py:142} INFO -   MinIO ↑ [raw-data] 2026-04-02_08-36/nguon3_tai_chinh.parquet (65.0 KB | 8,990 rows)
[2026-04-02T08:36:19.910+0000] {logging_mixin.py:188} WARNING - [2026-04-02 08:36:19] INFO    utils.minio :   MinIO upload xong: 12/12 files | run_id=2026-04-02_08-36
[2026-04-02T08:36:19.910+0000] {minio_client.py:188} INFO -   MinIO upload xong: 12/12 files | run_id=2026-04-02_08-36
[2026-04-02T08:36:19.912+0000] {logging_mixin.py:188} WARNING - [2026-04-02 08:36:19] INFO    etl.extract :   MinIO staging: 12/12 files OK → run_id=2026-04-02_08-36
[2026-04-02T08:36:19.912+0000] {extract.py:333} INFO -   MinIO staging: 12/12 files OK → run_id=2026-04-02_08-36
[2026-04-02T08:36:19.914+0000] {logging_mixin.py:188} WARNING - [2026-04-02 08:36:19] INFO    etl.extract : ======================================================================
[2026-04-02T08:36:19.914+0000] {extract.py:296} INFO - ======================================================================
[2026-04-02T08:36:19.915+0000] {logging_mixin.py:188} WARNING - [2026-04-02 08:36:19] INFO    etl.extract :  FULL EXTRACT HOÀN TẤT
[2026-04-02T08:36:19.915+0000] {extract.py:297} INFO -  FULL EXTRACT HOÀN TẤT
[2026-04-02T08:36:19.916+0000] {logging_mixin.py:188} WARNING - [2026-04-02 08:36:19] INFO    etl.extract :    khoa                     :        4
[2026-04-02T08:36:19.916+0000] {extract.py:299} INFO -    khoa                     :        4
[2026-04-02T08:36:19.919+0000] {logging_mixin.py:188} WARNING - [2026-04-02 08:36:19] INFO    etl.extract :    nganh                    :        3
[2026-04-02T08:36:19.918+0000] {extract.py:299} INFO -    nganh                    :        3
[2026-04-02T08:36:19.920+0000] {logging_mixin.py:188} WARNING - [2026-04-02 08:36:19] INFO    etl.extract :    giang_vien               :       45
[2026-04-02T08:36:19.920+0000] {extract.py:299} INFO -    giang_vien               :       45
[2026-04-02T08:36:19.921+0000] {logging_mixin.py:188} WARNING - [2026-04-02 08:36:19] INFO    etl.extract :    lop_hanh_chinh           :       48
[2026-04-02T08:36:19.921+0000] {extract.py:299} INFO -    lop_hanh_chinh           :       48
[2026-04-02T08:36:19.922+0000] {logging_mixin.py:188} WARNING - [2026-04-02 08:36:19] INFO    etl.extract :    sinh_vien                :    1,695
[2026-04-02T08:36:19.922+0000] {extract.py:299} INFO -    sinh_vien                :    1,695
[2026-04-02T08:36:19.923+0000] {logging_mixin.py:188} WARNING - [2026-04-02 08:36:19] INFO    etl.extract :    hoc_phan                 :      121
[2026-04-02T08:36:19.923+0000] {extract.py:299} INFO -    hoc_phan                 :      121
[2026-04-02T08:36:19.924+0000] {logging_mixin.py:188} WARNING - [2026-04-02 08:36:19] INFO    etl.extract :    hoc_ky_nam_hoc           :        9
[2026-04-02T08:36:19.924+0000] {extract.py:299} INFO -    hoc_ky_nam_hoc           :        9
[2026-04-02T08:36:19.926+0000] {logging_mixin.py:188} WARNING - [2026-04-02 08:36:19] INFO    etl.extract :    dang_ky_hoc_phan         :   54,529
[2026-04-02T08:36:19.925+0000] {extract.py:299} INFO -    dang_ky_hoc_phan         :   54,529
[2026-04-02T08:36:19.927+0000] {logging_mixin.py:188} WARNING - [2026-04-02 08:36:19] INFO    etl.extract :    diem_hoc_phan            :   54,529
[2026-04-02T08:36:19.927+0000] {extract.py:299} INFO -    diem_hoc_phan            :   54,529
[2026-04-02T08:36:19.928+0000] {logging_mixin.py:188} WARNING - [2026-04-02 08:36:19] INFO    etl.extract :    tong_hop_ket_qua         :    1,695
[2026-04-02T08:36:19.928+0000] {extract.py:299} INFO -    tong_hop_ket_qua         :    1,695
[2026-04-02T08:36:19.930+0000] {logging_mixin.py:188} WARNING - [2026-04-02 08:36:19] INFO    etl.extract :    ctsv_data                :    8,990
[2026-04-02T08:36:19.929+0000] {extract.py:299} INFO -    ctsv_data                :    8,990
[2026-04-02T08:36:19.931+0000] {logging_mixin.py:188} WARNING - [2026-04-02 08:36:19] INFO    etl.extract :    tai_chinh_data           :    8,990
[2026-04-02T08:36:19.931+0000] {extract.py:299} INFO -    tai_chinh_data           :    8,990
[2026-04-02T08:36:19.933+0000] {logging_mixin.py:188} WARNING - [2026-04-02 08:36:19] INFO    etl.extract : ======================================================================
[2026-04-02T08:36:19.933+0000] {extract.py:300} INFO - ======================================================================
[2026-04-02T08:36:19.982+0000] {logging_mixin.py:188} INFO - Extract xong: {'khoa': 4, 'nganh': 3, 'giang_vien': 45, 'lop_hanh_chinh': 48, 'sinh_vien': 1695, 'hoc_phan': 121, 'hoc_ky_nam_hoc': 9, 'dang_ky_hoc_phan': 54529, 'diem_hoc_phan': 54529, 'tong_hop_ket_qua': 1695, 'ctsv_data': 8990, 'tai_chinh_data': 8990}
[2026-04-02T08:36:20.002+0000] {python.py:201} INFO - Done. Returned value was: {'khoa': 4, 'nganh': 3, 'giang_vien': 45, 'lop_hanh_chinh': 48, 'sinh_vien': 1695, 'hoc_phan': 121, 'hoc_ky_nam_hoc': 9, 'dang_ky_hoc_phan': 54529, 'diem_hoc_phan': 54529, 'tong_hop_ket_qua': 1695, 'ctsv_data': 8990, 'tai_chinh_data': 8990}
[2026-04-02T08:36:20.033+0000] {taskinstance.py:1138} INFO - Marking task as SUCCESS. dag_id=daily_student_pipeline, task_id=extract_data, execution_date=20260331T020000, start_date=20260402T083611, end_date=20260402T083620
[2026-04-02T08:36:20.089+0000] {local_task_job_runner.py:234} INFO - Task exited with return code 0
[2026-04-02T08:36:20.125+0000] {taskinstance.py:3280} INFO - 1 downstream tasks scheduled from follow-on schedule check
