[2026-04-28T03:43:37.024+0000] {taskinstance.py:1956} INFO - Dependencies all met for dep_context=non-requeueable deps ti=<TaskInstance: daily_student_pipeline.alert_success manual__2026-04-28T03:43:15.062903+00:00 [queued]>
[2026-04-28T03:43:37.035+0000] {taskinstance.py:1956} INFO - Dependencies all met for dep_context=requeueable deps ti=<TaskInstance: daily_student_pipeline.alert_success manual__2026-04-28T03:43:15.062903+00:00 [queued]>
[2026-04-28T03:43:37.036+0000] {taskinstance.py:2170} INFO - Starting attempt 1 of 1
[2026-04-28T03:43:37.055+0000] {taskinstance.py:2191} INFO - Executing <Task(PythonOperator): alert_success> on 2026-04-28 03:43:15.062903+00:00
[2026-04-28T03:43:37.060+0000] {standard_task_runner.py:60} INFO - Started process 1082 to run task
[2026-04-28T03:43:37.063+0000] {standard_task_runner.py:87} INFO - Running: ['***', 'tasks', 'run', 'daily_student_pipeline', 'alert_success', 'manual__2026-04-28T03:43:15.062903+00:00', '--job-id', '581', '--raw', '--subdir', 'DAGS_FOLDER/daily_student_pipeline.py', '--cfg-path', '/tmp/tmpnb97rfii']
[2026-04-28T03:43:37.066+0000] {standard_task_runner.py:88} INFO - Job 581: Subtask alert_success
[2026-04-28T03:43:37.143+0000] {task_command.py:423} INFO - Running <TaskInstance: daily_student_pipeline.alert_success manual__2026-04-28T03:43:15.062903+00:00 [running]> on host 6b19557e5822
[2026-04-28T03:43:37.249+0000] {taskinstance.py:2480} INFO - Exporting env vars: AIRFLOW_CTX_DAG_OWNER='nhom8' AIRFLOW_CTX_DAG_ID='daily_student_pipeline' AIRFLOW_CTX_TASK_ID='alert_success' AIRFLOW_CTX_EXECUTION_DATE='2026-04-28T03:43:15.062903+00:00' AIRFLOW_CTX_TRY_NUMBER='1' AIRFLOW_CTX_DAG_RUN_ID='manual__2026-04-28T03:43:15.062903+00:00'
[2026-04-28T03:43:37.278+0000] {logging_mixin.py:188} INFO - ==================================================
[2026-04-28T03:43:37.280+0000] {logging_mixin.py:188} INFO - ✅ Validation Summary | run_id: 2026-04-28_03-43
[2026-04-28T03:43:37.282+0000] {logging_mixin.py:188} INFO -    Status: PASSED
[2026-04-28T03:43:37.282+0000] {logging_mixin.py:188} INFO -    Evaluated: 40
[2026-04-28T03:43:37.283+0000] {logging_mixin.py:188} INFO -    Passed:    40
[2026-04-28T03:43:37.283+0000] {logging_mixin.py:188} INFO -    Failed:    0
[2026-04-28T03:43:37.284+0000] {logging_mixin.py:188} INFO - ==================================================
[2026-04-28T03:43:37.285+0000] {logging_mixin.py:188} INFO - 
  Records loaded:
[2026-04-28T03:43:37.285+0000] {logging_mixin.py:188} INFO -     dim_hoc_ky               :          0
[2026-04-28T03:43:37.286+0000] {logging_mixin.py:188} INFO -     dim_giang_vien           :         45
[2026-04-28T03:43:37.286+0000] {logging_mixin.py:188} INFO -     dim_hoc_phan             :        121
[2026-04-28T03:43:37.286+0000] {logging_mixin.py:188} INFO -     dim_sinh_vien            :          0
[2026-04-28T03:43:37.287+0000] {logging_mixin.py:188} INFO -     fact_hoc_tap             :          0
[2026-04-28T03:43:37.287+0000] {logging_mixin.py:188} INFO -     fact_dang_ky             :          0
[2026-04-28T03:43:37.288+0000] {logging_mixin.py:188} INFO -     fact_ctsv                :      9,665
[2026-04-28T03:43:37.288+0000] {logging_mixin.py:188} INFO -     fact_tai_chinh           :      9,665
[2026-04-28T03:43:37.289+0000] {logging_mixin.py:188} INFO -     agg_student_summary      :      1,695
[2026-04-28T03:43:37.289+0000] {logging_mixin.py:188} INFO -     TỔNG                     :     21,191
[2026-04-28T03:43:37.289+0000] {logging_mixin.py:188} INFO - ==================================================
[2026-04-28T03:43:37.290+0000] {python.py:201} INFO - Done. Returned value was: None
[2026-04-28T03:43:37.301+0000] {taskinstance.py:1138} INFO - Marking task as SUCCESS. dag_id=daily_student_pipeline, task_id=alert_success, execution_date=20260428T034315, start_date=20260428T034337, end_date=20260428T034337
[2026-04-28T03:43:37.320+0000] {local_task_job_runner.py:234} INFO - Task exited with return code 0
[2026-04-28T03:43:37.341+0000] {taskinstance.py:3280} INFO - 0 downstream tasks scheduled from follow-on schedule check
