[2026-04-19T06:38:26.840+0000] {taskinstance.py:1956} INFO - Dependencies all met for dep_context=non-requeueable deps ti=<TaskInstance: daily_student_pipeline.extract_data scheduled__2026-04-18T02:00:00+00:00 [queued]>
[2026-04-19T06:38:26.850+0000] {taskinstance.py:1956} INFO - Dependencies all met for dep_context=requeueable deps ti=<TaskInstance: daily_student_pipeline.extract_data scheduled__2026-04-18T02:00:00+00:00 [queued]>
[2026-04-19T06:38:26.851+0000] {taskinstance.py:2170} INFO - Starting attempt 1 of 1
[2026-04-19T06:38:26.862+0000] {taskinstance.py:2191} INFO - Executing <Task(PythonOperator): extract_data> on 2026-04-18 02:00:00+00:00
[2026-04-19T06:38:26.867+0000] {standard_task_runner.py:60} INFO - Started process 211 to run task
[2026-04-19T06:38:26.871+0000] {standard_task_runner.py:87} INFO - Running: ['***', 'tasks', 'run', 'daily_student_pipeline', 'extract_data', 'scheduled__2026-04-18T02:00:00+00:00', '--job-id', '328', '--raw', '--subdir', 'DAGS_FOLDER/daily_student_pipeline.py', '--cfg-path', '/tmp/tmpp8x25g2d']
[2026-04-19T06:38:26.875+0000] {standard_task_runner.py:88} INFO - Job 328: Subtask extract_data
[2026-04-19T06:38:26.954+0000] {task_command.py:423} INFO - Running <TaskInstance: daily_student_pipeline.extract_data scheduled__2026-04-18T02:00:00+00:00 [running]> on host dc2680f839d5
[2026-04-19T06:38:27.067+0000] {taskinstance.py:2480} INFO - Exporting env vars: AIRFLOW_CTX_DAG_OWNER='nhom8' AIRFLOW_CTX_DAG_ID='daily_student_pipeline' AIRFLOW_CTX_TASK_ID='extract_data' AIRFLOW_CTX_EXECUTION_DATE='2026-04-18T02:00:00+00:00' AIRFLOW_CTX_TRY_NUMBER='1' AIRFLOW_CTX_DAG_RUN_ID='scheduled__2026-04-18T02:00:00+00:00'
[2026-04-19T06:38:28.184+0000] {logging_mixin.py:188} WARNING - [2026-04-19 06:38:28] INFO    etl.extract : ==BẮT ĐẦU FULL EXTRACT==
[2026-04-19T06:38:28.183+0000] {extract.py:281} INFO - ==BẮT ĐẦU FULL EXTRACT==
[2026-04-19T06:38:28.185+0000] {logging_mixin.py:188} WARNING - [2026-04-19 06:38:28] INFO    etl.extract : ======================================================================
[2026-04-19T06:38:28.185+0000] {extract.py:282} INFO - ======================================================================
[2026-04-19T06:38:28.190+0000] {logging_mixin.py:188} WARNING - [2026-04-19 06:38:28] INFO    etl.extract : ════════════════════════════════════════════════════════════
[2026-04-19T06:38:28.190+0000] {extract.py:84} INFO - ════════════════════════════════════════════════════════════
[2026-04-19T06:38:28.192+0000] {logging_mixin.py:188} WARNING - [2026-04-19 06:38:28] INFO    etl.extract : NGUỒN 1 — PostgreSQL (Phòng Đào tạo) | Full Extract
[2026-04-19T06:38:28.192+0000] {extract.py:85} INFO - NGUỒN 1 — PostgreSQL (Phòng Đào tạo) | Full Extract
[2026-04-19T06:38:28.193+0000] {logging_mixin.py:188} WARNING - [2026-04-19 06:38:28] INFO    etl.extract : ════════════════════════════════════════════════════════════
[2026-04-19T06:38:28.193+0000] {extract.py:86} INFO - ════════════════════════════════════════════════════════════
[2026-04-19T06:38:28.303+0000] {logging_mixin.py:188} WARNING - [2026-04-19 06:38:28] INFO    etl.extract :   PostgreSQL | khoa                      →      4 records
[2026-04-19T06:38:28.303+0000] {extract.py:68} INFO -   PostgreSQL | khoa                      →      4 records
[2026-04-19T06:38:28.336+0000] {logging_mixin.py:188} WARNING - [2026-04-19 06:38:28] INFO    etl.extract :   PostgreSQL | nganh                     →      3 records
[2026-04-19T06:38:28.336+0000] {extract.py:68} INFO -   PostgreSQL | nganh                     →      3 records
[2026-04-19T06:38:28.383+0000] {logging_mixin.py:188} WARNING - [2026-04-19 06:38:28] INFO    etl.extract :   PostgreSQL | giang_vien                →     45 records
[2026-04-19T06:38:28.382+0000] {extract.py:68} INFO -   PostgreSQL | giang_vien                →     45 records
[2026-04-19T06:38:28.461+0000] {logging_mixin.py:188} WARNING - [2026-04-19 06:38:28] INFO    etl.extract :   PostgreSQL | lop_hanh_chinh            →     48 records
[2026-04-19T06:38:28.461+0000] {extract.py:68} INFO -   PostgreSQL | lop_hanh_chinh            →     48 records
[2026-04-19T06:38:28.617+0000] {logging_mixin.py:188} WARNING - [2026-04-19 06:38:28] INFO    etl.extract :   PostgreSQL | sinh_vien                 →  1,695 records
[2026-04-19T06:38:28.616+0000] {extract.py:68} INFO -   PostgreSQL | sinh_vien                 →  1,695 records
[2026-04-19T06:38:28.672+0000] {logging_mixin.py:188} WARNING - [2026-04-19 06:38:28] INFO    etl.extract :   PostgreSQL | hoc_phan                  →    121 records
[2026-04-19T06:38:28.671+0000] {extract.py:68} INFO -   PostgreSQL | hoc_phan                  →    121 records
[2026-04-19T06:38:28.709+0000] {logging_mixin.py:188} WARNING - [2026-04-19 06:38:28] INFO    etl.extract :   PostgreSQL | hoc_ky_nam_hoc            →      9 records
[2026-04-19T06:38:28.708+0000] {extract.py:68} INFO -   PostgreSQL | hoc_ky_nam_hoc            →      9 records
[2026-04-19T06:38:29.333+0000] {logging_mixin.py:188} WARNING - [2026-04-19 06:38:29] INFO    etl.extract :   PostgreSQL | dang_ky_hoc_phan          → 58,001 records
[2026-04-19T06:38:29.333+0000] {extract.py:68} INFO -   PostgreSQL | dang_ky_hoc_phan          → 58,001 records
[2026-04-19T06:38:30.664+0000] {logging_mixin.py:188} WARNING - [2026-04-19 06:38:30] INFO    etl.extract :   PostgreSQL | diem_hoc_phan             → 58,001 records
[2026-04-19T06:38:30.663+0000] {extract.py:68} INFO -   PostgreSQL | diem_hoc_phan             → 58,001 records
[2026-04-19T06:38:30.815+0000] {logging_mixin.py:188} WARNING - [2026-04-19 06:38:30] INFO    etl.extract :   PostgreSQL | tong_hop_ket_qua          →  1,695 records
[2026-04-19T06:38:30.815+0000] {extract.py:68} INFO -   PostgreSQL | tong_hop_ket_qua          →  1,695 records
[2026-04-19T06:38:30.817+0000] {logging_mixin.py:188} WARNING - [2026-04-19 06:38:30] INFO    etl.extract :   PostgreSQL | TỔNG: 119,622 records từ 10 bảng
[2026-04-19T06:38:30.817+0000] {extract.py:93} INFO -   PostgreSQL | TỔNG: 119,622 records từ 10 bảng
[2026-04-19T06:38:30.819+0000] {logging_mixin.py:188} WARNING - [2026-04-19 06:38:30] INFO    etl.extract : ════════════════════════════════════════════════════════════
[2026-04-19T06:38:30.819+0000] {extract.py:167} INFO - ════════════════════════════════════════════════════════════
[2026-04-19T06:38:30.820+0000] {logging_mixin.py:188} WARNING - [2026-04-19 06:38:30] INFO    etl.extract : NGUỒN 2 — CSV (Phòng CTSV) | Extract
[2026-04-19T06:38:30.820+0000] {extract.py:168} INFO - NGUỒN 2 — CSV (Phòng CTSV) | Extract
[2026-04-19T06:38:30.823+0000] {logging_mixin.py:188} WARNING - [2026-04-19 06:38:30] INFO    etl.extract : ════════════════════════════════════════════════════════════
[2026-04-19T06:38:30.823+0000] {extract.py:169} INFO - ════════════════════════════════════════════════════════════
[2026-04-19T06:38:30.830+0000] {logging_mixin.py:188} WARNING - [2026-04-19 06:38:30] INFO    etl.extract :   CSV | Tìm thấy 9 file(s)
[2026-04-19T06:38:30.829+0000] {extract.py:178} INFO -   CSV | Tìm thấy 9 file(s)
[2026-04-19T06:38:30.995+0000] {logging_mixin.py:188} WARNING - [2026-04-19 06:38:30] INFO    etl.extract :   CSV | ctsv_HK1_2021_22.csv                →    780 records
[2026-04-19T06:38:30.995+0000] {extract.py:144} INFO -   CSV | ctsv_HK1_2021_22.csv                →    780 records
[2026-04-19T06:38:31.030+0000] {logging_mixin.py:188} WARNING - [2026-04-19 06:38:31] INFO    etl.extract :   CSV | ctsv_HK1_2022_23.csv                →  1,611 records
[2026-04-19T06:38:31.030+0000] {extract.py:144} INFO -   CSV | ctsv_HK1_2022_23.csv                →  1,611 records
[2026-04-19T06:38:31.061+0000] {logging_mixin.py:188} WARNING - [2026-04-19 06:38:31] INFO    etl.extract :   CSV | ctsv_HK1_2023_24.csv                →  2,466 records
[2026-04-19T06:38:31.060+0000] {extract.py:144} INFO -   CSV | ctsv_HK1_2023_24.csv                →  2,466 records
[2026-04-19T06:38:31.184+0000] {logging_mixin.py:188} WARNING - [2026-04-19 06:38:31] INFO    etl.extract :   CSV | ctsv_HK1_2024_25.csv                →  3,306 records
[2026-04-19T06:38:31.184+0000] {extract.py:144} INFO -   CSV | ctsv_HK1_2024_25.csv                →  3,306 records
[2026-04-19T06:38:31.202+0000] {logging_mixin.py:188} WARNING - [2026-04-19 06:38:31] INFO    etl.extract :   CSV | ctsv_HK1_2025_26.csv                →  2,506 records
[2026-04-19T06:38:31.202+0000] {extract.py:144} INFO -   CSV | ctsv_HK1_2025_26.csv                →  2,506 records
[2026-04-19T06:38:31.220+0000] {logging_mixin.py:188} WARNING - [2026-04-19 06:38:31] INFO    etl.extract :   CSV | ctsv_HK2_2021_22.csv                →    780 records
[2026-04-19T06:38:31.219+0000] {extract.py:144} INFO -   CSV | ctsv_HK2_2021_22.csv                →    780 records
[2026-04-19T06:38:31.247+0000] {logging_mixin.py:188} WARNING - [2026-04-19 06:38:31] INFO    etl.extract :   CSV | ctsv_HK2_2022_23.csv                →  1,604 records
[2026-04-19T06:38:31.247+0000] {extract.py:144} INFO -   CSV | ctsv_HK2_2022_23.csv                →  1,604 records
[2026-04-19T06:38:31.280+0000] {logging_mixin.py:188} WARNING - [2026-04-19 06:38:31] INFO    etl.extract :   CSV | ctsv_HK2_2023_24.csv                →  2,453 records
[2026-04-19T06:38:31.280+0000] {extract.py:144} INFO -   CSV | ctsv_HK2_2023_24.csv                →  2,453 records
[2026-04-19T06:38:31.355+0000] {logging_mixin.py:188} WARNING - [2026-04-19 06:38:31] INFO    etl.extract :   CSV | ctsv_HK2_2024_25.csv                →  2,915 records
[2026-04-19T06:38:31.355+0000] {extract.py:144} INFO -   CSV | ctsv_HK2_2024_25.csv                →  2,915 records
[2026-04-19T06:38:31.363+0000] {logging_mixin.py:188} WARNING - [2026-04-19 06:38:31] INFO    etl.extract :   CSV | Loại bỏ 9183 bản ghi trùng
[2026-04-19T06:38:31.362+0000] {extract.py:195} INFO -   CSV | Loại bỏ 9183 bản ghi trùng
[2026-04-19T06:38:31.364+0000] {logging_mixin.py:188} WARNING - [2026-04-19 06:38:31] INFO    etl.extract :   CSV | TỔNG: 9,238 records từ 9 file(s)
[2026-04-19T06:38:31.364+0000] {extract.py:197} INFO -   CSV | TỔNG: 9,238 records từ 9 file(s)
[2026-04-19T06:38:31.402+0000] {logging_mixin.py:188} WARNING - [2026-04-19 06:38:31] INFO    etl.extract :   API | (JSON) taichinh_HK1_2021_22.json →    390 records
[2026-04-19T06:38:31.402+0000] {extract.py:246} INFO -   API | (JSON) taichinh_HK1_2021_22.json →    390 records
[2026-04-19T06:38:31.431+0000] {logging_mixin.py:188} WARNING - [2026-04-19 06:38:31] INFO    etl.extract :   API | (JSON) taichinh_HK1_2022_23.json →    802 records
[2026-04-19T06:38:31.431+0000] {extract.py:246} INFO -   API | (JSON) taichinh_HK1_2022_23.json →    802 records
[2026-04-19T06:38:31.477+0000] {logging_mixin.py:188} WARNING - [2026-04-19 06:38:31] INFO    etl.extract :   API | (JSON) taichinh_HK1_2023_24.json →  1,229 records
[2026-04-19T06:38:31.477+0000] {extract.py:246} INFO -   API | (JSON) taichinh_HK1_2023_24.json →  1,229 records
[2026-04-19T06:38:31.516+0000] {logging_mixin.py:188} WARNING - [2026-04-19 06:38:31] INFO    etl.extract :   API | (JSON) taichinh_HK1_2024_25.json →  1,646 records
[2026-04-19T06:38:31.516+0000] {extract.py:246} INFO -   API | (JSON) taichinh_HK1_2024_25.json →  1,646 records
[2026-04-19T06:38:31.555+0000] {logging_mixin.py:188} WARNING - [2026-04-19 06:38:31] INFO    etl.extract :   API | (JSON) taichinh_HK1_2025_26.json →  1,245 records
[2026-04-19T06:38:31.555+0000] {extract.py:246} INFO -   API | (JSON) taichinh_HK1_2025_26.json →  1,245 records
[2026-04-19T06:38:31.583+0000] {logging_mixin.py:188} WARNING - [2026-04-19 06:38:31] INFO    etl.extract :   API | (JSON) taichinh_HK2_2021_22.json →    390 records
[2026-04-19T06:38:31.583+0000] {extract.py:246} INFO -   API | (JSON) taichinh_HK2_2021_22.json →    390 records
[2026-04-19T06:38:31.619+0000] {logging_mixin.py:188} WARNING - [2026-04-19 06:38:31] INFO    etl.extract :   API | (JSON) taichinh_HK2_2022_23.json →    799 records
[2026-04-19T06:38:31.619+0000] {extract.py:246} INFO -   API | (JSON) taichinh_HK2_2022_23.json →    799 records
[2026-04-19T06:38:31.657+0000] {logging_mixin.py:188} WARNING - [2026-04-19 06:38:31] INFO    etl.extract :   API | (JSON) taichinh_HK2_2023_24.json →  1,223 records
[2026-04-19T06:38:31.656+0000] {extract.py:246} INFO -   API | (JSON) taichinh_HK2_2023_24.json →  1,223 records
[2026-04-19T06:38:31.691+0000] {logging_mixin.py:188} WARNING - [2026-04-19 06:38:31] INFO    etl.extract :   API | (JSON) taichinh_HK2_2024_25.json →  1,514 records
[2026-04-19T06:38:31.691+0000] {extract.py:246} INFO -   API | (JSON) taichinh_HK2_2024_25.json →  1,514 records
[2026-04-19T06:38:31.693+0000] {logging_mixin.py:188} WARNING - [2026-04-19 06:38:31] INFO    etl.extract :   API | TỔNG: 9,238 records từ 9 HK
[2026-04-19T06:38:31.693+0000] {extract.py:270} INFO -   API | TỔNG: 9,238 records từ 9 HK
[2026-04-19T06:38:32.987+0000] {logging_mixin.py:188} WARNING - [2026-04-19 06:38:32] INFO    utils.minio :   MinIO ↑ [raw-data] 2026-04-19_06-38/nguon1_sinh_vien.parquet (47.6 KB | 1,695 rows)
[2026-04-19T06:38:32.987+0000] {minio_client.py:142} INFO -   MinIO ↑ [raw-data] 2026-04-19_06-38/nguon1_sinh_vien.parquet (47.6 KB | 1,695 rows)
[2026-04-19T06:38:33.213+0000] {logging_mixin.py:188} WARNING - [2026-04-19 06:38:33] INFO    utils.minio :   MinIO ↑ [raw-data] 2026-04-19_06-38/nguon1_dang_ky.parquet (493.4 KB | 58,001 rows)
[2026-04-19T06:38:33.213+0000] {minio_client.py:142} INFO -   MinIO ↑ [raw-data] 2026-04-19_06-38/nguon1_dang_ky.parquet (493.4 KB | 58,001 rows)
[2026-04-19T06:38:33.438+0000] {logging_mixin.py:188} WARNING - [2026-04-19 06:38:33] INFO    utils.minio :   MinIO ↑ [raw-data] 2026-04-19_06-38/nguon1_diem.parquet (1180.5 KB | 58,001 rows)
[2026-04-19T06:38:33.438+0000] {minio_client.py:142} INFO -   MinIO ↑ [raw-data] 2026-04-19_06-38/nguon1_diem.parquet (1180.5 KB | 58,001 rows)
[2026-04-19T06:38:33.463+0000] {logging_mixin.py:188} WARNING - [2026-04-19 06:38:33] INFO    utils.minio :   MinIO ↑ [raw-data] 2026-04-19_06-38/nguon1_hoc_phan.parquet (10.3 KB | 121 rows)
[2026-04-19T06:38:33.463+0000] {minio_client.py:142} INFO -   MinIO ↑ [raw-data] 2026-04-19_06-38/nguon1_hoc_phan.parquet (10.3 KB | 121 rows)
[2026-04-19T06:38:33.486+0000] {logging_mixin.py:188} WARNING - [2026-04-19 06:38:33] INFO    utils.minio :   MinIO ↑ [raw-data] 2026-04-19_06-38/nguon1_hoc_ky.parquet (4.1 KB | 9 rows)
[2026-04-19T06:38:33.485+0000] {minio_client.py:142} INFO -   MinIO ↑ [raw-data] 2026-04-19_06-38/nguon1_hoc_ky.parquet (4.1 KB | 9 rows)
[2026-04-19T06:38:33.510+0000] {logging_mixin.py:188} WARNING - [2026-04-19 06:38:33] INFO    utils.minio :   MinIO ↑ [raw-data] 2026-04-19_06-38/nguon1_giang_vien.parquet (8.3 KB | 45 rows)
[2026-04-19T06:38:33.510+0000] {minio_client.py:142} INFO -   MinIO ↑ [raw-data] 2026-04-19_06-38/nguon1_giang_vien.parquet (8.3 KB | 45 rows)
[2026-04-19T06:38:33.530+0000] {logging_mixin.py:188} WARNING - [2026-04-19 06:38:33] INFO    utils.minio :   MinIO ↑ [raw-data] 2026-04-19_06-38/nguon1_khoa.parquet (2.6 KB | 4 rows)
[2026-04-19T06:38:33.530+0000] {minio_client.py:142} INFO -   MinIO ↑ [raw-data] 2026-04-19_06-38/nguon1_khoa.parquet (2.6 KB | 4 rows)
[2026-04-19T06:38:33.552+0000] {logging_mixin.py:188} WARNING - [2026-04-19 06:38:33] INFO    utils.minio :   MinIO ↑ [raw-data] 2026-04-19_06-38/nguon1_nganh.parquet (3.2 KB | 3 rows)
[2026-04-19T06:38:33.552+0000] {minio_client.py:142} INFO -   MinIO ↑ [raw-data] 2026-04-19_06-38/nguon1_nganh.parquet (3.2 KB | 3 rows)
[2026-04-19T06:38:33.575+0000] {logging_mixin.py:188} WARNING - [2026-04-19 06:38:33] INFO    utils.minio :   MinIO ↑ [raw-data] 2026-04-19_06-38/nguon1_lop_hanh_chinh.parquet (4.8 KB | 48 rows)
[2026-04-19T06:38:33.575+0000] {minio_client.py:142} INFO -   MinIO ↑ [raw-data] 2026-04-19_06-38/nguon1_lop_hanh_chinh.parquet (4.8 KB | 48 rows)
[2026-04-19T06:38:33.598+0000] {logging_mixin.py:188} WARNING - [2026-04-19 06:38:33] INFO    utils.minio :   MinIO ↑ [raw-data] 2026-04-19_06-38/nguon1_tong_hop_ket_qua.parquet (21.6 KB | 1,695 rows)
[2026-04-19T06:38:33.598+0000] {minio_client.py:142} INFO -   MinIO ↑ [raw-data] 2026-04-19_06-38/nguon1_tong_hop_ket_qua.parquet (21.6 KB | 1,695 rows)
[2026-04-19T06:38:33.644+0000] {logging_mixin.py:188} WARNING - [2026-04-19 06:38:33] INFO    utils.minio :   MinIO ↑ [raw-data] 2026-04-19_06-38/nguon2_ctsv.parquet (38.2 KB | 9,238 rows)
[2026-04-19T06:38:33.644+0000] {minio_client.py:142} INFO -   MinIO ↑ [raw-data] 2026-04-19_06-38/nguon2_ctsv.parquet (38.2 KB | 9,238 rows)
[2026-04-19T06:38:33.790+0000] {logging_mixin.py:188} WARNING - [2026-04-19 06:38:33] INFO    utils.minio :   MinIO ↑ [raw-data] 2026-04-19_06-38/nguon3_tai_chinh.parquet (66.6 KB | 9,238 rows)
[2026-04-19T06:38:33.789+0000] {minio_client.py:142} INFO -   MinIO ↑ [raw-data] 2026-04-19_06-38/nguon3_tai_chinh.parquet (66.6 KB | 9,238 rows)
[2026-04-19T06:38:33.794+0000] {logging_mixin.py:188} WARNING - [2026-04-19 06:38:33] INFO    utils.minio :   MinIO upload xong: 12/12 files | run_id=2026-04-19_06-38
[2026-04-19T06:38:33.794+0000] {minio_client.py:188} INFO -   MinIO upload xong: 12/12 files | run_id=2026-04-19_06-38
[2026-04-19T06:38:33.798+0000] {logging_mixin.py:188} WARNING - [2026-04-19 06:38:33] INFO    etl.extract :   MinIO staging: 12/12 files OK → run_id=2026-04-19_06-38
[2026-04-19T06:38:33.797+0000] {extract.py:337} INFO -   MinIO staging: 12/12 files OK → run_id=2026-04-19_06-38
[2026-04-19T06:38:33.805+0000] {logging_mixin.py:188} WARNING - [2026-04-19 06:38:33] INFO    etl.extract : ======================================================================
[2026-04-19T06:38:33.805+0000] {extract.py:300} INFO - ======================================================================
[2026-04-19T06:38:33.808+0000] {logging_mixin.py:188} WARNING - [2026-04-19 06:38:33] INFO    etl.extract :  FULL EXTRACT HOÀN TẤT
[2026-04-19T06:38:33.808+0000] {extract.py:301} INFO -  FULL EXTRACT HOÀN TẤT
[2026-04-19T06:38:33.811+0000] {logging_mixin.py:188} WARNING - [2026-04-19 06:38:33] INFO    etl.extract :    khoa                     :        4
[2026-04-19T06:38:33.811+0000] {extract.py:303} INFO -    khoa                     :        4
[2026-04-19T06:38:33.814+0000] {logging_mixin.py:188} WARNING - [2026-04-19 06:38:33] INFO    etl.extract :    nganh                    :        3
[2026-04-19T06:38:33.814+0000] {extract.py:303} INFO -    nganh                    :        3
[2026-04-19T06:38:33.816+0000] {logging_mixin.py:188} WARNING - [2026-04-19 06:38:33] INFO    etl.extract :    giang_vien               :       45
[2026-04-19T06:38:33.816+0000] {extract.py:303} INFO -    giang_vien               :       45
[2026-04-19T06:38:33.819+0000] {logging_mixin.py:188} WARNING - [2026-04-19 06:38:33] INFO    etl.extract :    lop_hanh_chinh           :       48
[2026-04-19T06:38:33.819+0000] {extract.py:303} INFO -    lop_hanh_chinh           :       48
[2026-04-19T06:38:33.822+0000] {logging_mixin.py:188} WARNING - [2026-04-19 06:38:33] INFO    etl.extract :    sinh_vien                :    1,695
[2026-04-19T06:38:33.822+0000] {extract.py:303} INFO -    sinh_vien                :    1,695
[2026-04-19T06:38:33.823+0000] {logging_mixin.py:188} WARNING - [2026-04-19 06:38:33] INFO    etl.extract :    hoc_phan                 :      121
[2026-04-19T06:38:33.823+0000] {extract.py:303} INFO -    hoc_phan                 :      121
[2026-04-19T06:38:33.825+0000] {logging_mixin.py:188} WARNING - [2026-04-19 06:38:33] INFO    etl.extract :    hoc_ky_nam_hoc           :        9
[2026-04-19T06:38:33.825+0000] {extract.py:303} INFO -    hoc_ky_nam_hoc           :        9
[2026-04-19T06:38:33.827+0000] {logging_mixin.py:188} WARNING - [2026-04-19 06:38:33] INFO    etl.extract :    dang_ky_hoc_phan         :   58,001
[2026-04-19T06:38:33.827+0000] {extract.py:303} INFO -    dang_ky_hoc_phan         :   58,001
[2026-04-19T06:38:33.829+0000] {logging_mixin.py:188} WARNING - [2026-04-19 06:38:33] INFO    etl.extract :    diem_hoc_phan            :   58,001
[2026-04-19T06:38:33.829+0000] {extract.py:303} INFO -    diem_hoc_phan            :   58,001
[2026-04-19T06:38:33.833+0000] {logging_mixin.py:188} WARNING - [2026-04-19 06:38:33] INFO    etl.extract :    tong_hop_ket_qua         :    1,695
[2026-04-19T06:38:33.832+0000] {extract.py:303} INFO -    tong_hop_ket_qua         :    1,695
[2026-04-19T06:38:33.836+0000] {logging_mixin.py:188} WARNING - [2026-04-19 06:38:33] INFO    etl.extract :    ctsv_data                :    9,238
[2026-04-19T06:38:33.835+0000] {extract.py:303} INFO -    ctsv_data                :    9,238
[2026-04-19T06:38:33.842+0000] {logging_mixin.py:188} WARNING - [2026-04-19 06:38:33] INFO    etl.extract :    tai_chinh_data           :    9,238
[2026-04-19T06:38:33.842+0000] {extract.py:303} INFO -    tai_chinh_data           :    9,238
[2026-04-19T06:38:33.846+0000] {logging_mixin.py:188} WARNING - [2026-04-19 06:38:33] INFO    etl.extract : ======================================================================
[2026-04-19T06:38:33.845+0000] {extract.py:304} INFO - ======================================================================
[2026-04-19T06:38:34.060+0000] {logging_mixin.py:188} INFO - Extract xong: {'khoa': 4, 'nganh': 3, 'giang_vien': 45, 'lop_hanh_chinh': 48, 'sinh_vien': 1695, 'hoc_phan': 121, 'hoc_ky_nam_hoc': 9, 'dang_ky_hoc_phan': 58001, 'diem_hoc_phan': 58001, 'tong_hop_ket_qua': 1695, 'ctsv_data': 9238, 'tai_chinh_data': 9238}
[2026-04-19T06:38:34.089+0000] {python.py:201} INFO - Done. Returned value was: {'khoa': 4, 'nganh': 3, 'giang_vien': 45, 'lop_hanh_chinh': 48, 'sinh_vien': 1695, 'hoc_phan': 121, 'hoc_ky_nam_hoc': 9, 'dang_ky_hoc_phan': 58001, 'diem_hoc_phan': 58001, 'tong_hop_ket_qua': 1695, 'ctsv_data': 9238, 'tai_chinh_data': 9238}
[2026-04-19T06:38:34.147+0000] {taskinstance.py:1138} INFO - Marking task as SUCCESS. dag_id=daily_student_pipeline, task_id=extract_data, execution_date=20260418T020000, start_date=20260419T063826, end_date=20260419T063834
[2026-04-19T06:38:34.272+0000] {local_task_job_runner.py:234} INFO - Task exited with return code 0
[2026-04-19T06:38:34.352+0000] {taskinstance.py:3280} INFO - 1 downstream tasks scheduled from follow-on schedule check
