[2026-05-02T05:40:28.815+0000] {taskinstance.py:1956} INFO - Dependencies all met for dep_context=non-requeueable deps ti=<TaskInstance: daily_student_pipeline.alert_success manual__2026-05-02T05:40:03.609119+00:00 [queued]>
[2026-05-02T05:40:28.822+0000] {taskinstance.py:1956} INFO - Dependencies all met for dep_context=requeueable deps ti=<TaskInstance: daily_student_pipeline.alert_success manual__2026-05-02T05:40:03.609119+00:00 [queued]>
[2026-05-02T05:40:28.824+0000] {taskinstance.py:2170} INFO - Starting attempt 1 of 1
[2026-05-02T05:40:28.840+0000] {taskinstance.py:2191} INFO - Executing <Task(PythonOperator): alert_success> on 2026-05-02 05:40:03.609119+00:00
[2026-05-02T05:40:28.844+0000] {standard_task_runner.py:60} INFO - Started process 18867 to run task
[2026-05-02T05:40:28.846+0000] {standard_task_runner.py:87} INFO - Running: ['***', 'tasks', 'run', 'daily_student_pipeline', 'alert_success', 'manual__2026-05-02T05:40:03.609119+00:00', '--job-id', '626', '--raw', '--subdir', 'DAGS_FOLDER/daily_student_pipeline.py', '--cfg-path', '/tmp/tmpeo2mnyga']
[2026-05-02T05:40:28.848+0000] {standard_task_runner.py:88} INFO - Job 626: Subtask alert_success
[2026-05-02T05:40:28.928+0000] {task_command.py:423} INFO - Running <TaskInstance: daily_student_pipeline.alert_success manual__2026-05-02T05:40:03.609119+00:00 [running]> on host 485f600440bc
[2026-05-02T05:40:29.022+0000] {taskinstance.py:2480} INFO - Exporting env vars: AIRFLOW_CTX_DAG_OWNER='nhom8' AIRFLOW_CTX_DAG_ID='daily_student_pipeline' AIRFLOW_CTX_TASK_ID='alert_success' AIRFLOW_CTX_EXECUTION_DATE='2026-05-02T05:40:03.609119+00:00' AIRFLOW_CTX_TRY_NUMBER='1' AIRFLOW_CTX_DAG_RUN_ID='manual__2026-05-02T05:40:03.609119+00:00'
[2026-05-02T05:40:29.055+0000] {logging_mixin.py:188} INFO - ==================================================
[2026-05-02T05:40:29.055+0000] {logging_mixin.py:188} INFO - ✅ Validation Summary | run_id: 2026-05-02_05-40
[2026-05-02T05:40:29.056+0000] {logging_mixin.py:188} INFO -    Status: PASSED
[2026-05-02T05:40:29.057+0000] {logging_mixin.py:188} INFO -    Evaluated: 40
[2026-05-02T05:40:29.057+0000] {logging_mixin.py:188} INFO -    Passed:    40
[2026-05-02T05:40:29.058+0000] {logging_mixin.py:188} INFO -    Failed:    0
[2026-05-02T05:40:29.058+0000] {logging_mixin.py:188} INFO - ==================================================
[2026-05-02T05:40:29.059+0000] {logging_mixin.py:188} INFO - 
  Records loaded:
[2026-05-02T05:40:29.059+0000] {logging_mixin.py:188} INFO -     dim_hoc_ky               :          0
[2026-05-02T05:40:29.059+0000] {logging_mixin.py:188} INFO -     dim_giang_vien           :         45
[2026-05-02T05:40:29.060+0000] {logging_mixin.py:188} INFO -     dim_hoc_phan             :        121
[2026-05-02T05:40:29.060+0000] {logging_mixin.py:188} INFO -     dim_sinh_vien            :      1,695
[2026-05-02T05:40:29.061+0000] {logging_mixin.py:188} INFO -     fact_hoc_tap             :          0
[2026-05-02T05:40:29.061+0000] {logging_mixin.py:188} INFO -     fact_dang_ky             :          0
[2026-05-02T05:40:29.061+0000] {logging_mixin.py:188} INFO -     fact_ctsv                :          0
[2026-05-02T05:40:29.062+0000] {logging_mixin.py:188} INFO -     fact_tai_chinh           :          0
[2026-05-02T05:40:29.062+0000] {logging_mixin.py:188} INFO -     agg_student_summary      :      1,695
[2026-05-02T05:40:29.062+0000] {logging_mixin.py:188} INFO -     TỔNG                     :      3,556
[2026-05-02T05:40:29.063+0000] {logging_mixin.py:188} INFO - ==================================================
[2026-05-02T05:40:29.068+0000] {python.py:201} INFO - Done. Returned value was: None
[2026-05-02T05:40:29.077+0000] {taskinstance.py:1138} INFO - Marking task as SUCCESS. dag_id=daily_student_pipeline, task_id=alert_success, execution_date=20260502T054003, start_date=20260502T054028, end_date=20260502T054029
[2026-05-02T05:40:29.094+0000] {local_task_job_runner.py:234} INFO - Task exited with return code 0
[2026-05-02T05:40:29.112+0000] {taskinstance.py:3280} INFO - 0 downstream tasks scheduled from follow-on schedule check
