[2026-04-05T04:46:18.690+0000] {taskinstance.py:1956} INFO - Dependencies all met for dep_context=non-requeueable deps ti=<TaskInstance: daily_student_pipeline.load_data manual__2026-04-05T04:46:15.083879+00:00 [queued]>
[2026-04-05T04:46:18.739+0000] {taskinstance.py:1956} INFO - Dependencies all met for dep_context=requeueable deps ti=<TaskInstance: daily_student_pipeline.load_data manual__2026-04-05T04:46:15.083879+00:00 [queued]>
[2026-04-05T04:46:18.740+0000] {taskinstance.py:2170} INFO - Starting attempt 1 of 1
[2026-04-05T04:46:18.796+0000] {taskinstance.py:2191} INFO - Executing <Task(PythonOperator): load_data> on 2026-04-05 04:46:15.083879+00:00
[2026-04-05T04:46:18.809+0000] {standard_task_runner.py:60} INFO - Started process 3912 to run task
[2026-04-05T04:46:18.840+0000] {standard_task_runner.py:87} INFO - Running: ['***', 'tasks', 'run', 'daily_student_pipeline', 'load_data', 'manual__2026-04-05T04:46:15.083879+00:00', '--job-id', '191', '--raw', '--subdir', 'DAGS_FOLDER/daily_student_pipeline.py', '--cfg-path', '/tmp/tmp1c7jq63e']
[2026-04-05T04:46:18.872+0000] {standard_task_runner.py:88} INFO - Job 191: Subtask load_data
[2026-04-05T04:46:19.824+0000] {task_command.py:423} INFO - Running <TaskInstance: daily_student_pipeline.load_data manual__2026-04-05T04:46:15.083879+00:00 [running]> on host 1c62953c8918
[2026-04-05T04:46:20.155+0000] {taskinstance.py:2480} INFO - Exporting env vars: AIRFLOW_CTX_DAG_OWNER='nhom8' AIRFLOW_CTX_DAG_ID='daily_student_pipeline' AIRFLOW_CTX_TASK_ID='load_data' AIRFLOW_CTX_EXECUTION_DATE='2026-04-05T04:46:15.083879+00:00' AIRFLOW_CTX_TRY_NUMBER='1' AIRFLOW_CTX_DAG_RUN_ID='manual__2026-04-05T04:46:15.083879+00:00'
[2026-04-05T04:46:25.238+0000] {logging_mixin.py:188} WARNING - [2026-04-05 04:46:25] INFO    utils.minio :   MinIO run mới nhất: 2026-04-05_03-27
[2026-04-05T04:46:25.238+0000] {minio_client.py:283} INFO -   MinIO run mới nhất: 2026-04-05_03-27
[2026-04-05T04:46:25.240+0000] {logging_mixin.py:188} WARNING - [2026-04-05 04:46:25] INFO    etl.transform :   Load TransformedData từ MinIO staging: run_id=2026-04-05_03-27
[2026-04-05T04:46:25.240+0000] {transform.py:162} INFO -   Load TransformedData từ MinIO staging: run_id=2026-04-05_03-27
[2026-04-05T04:46:25.617+0000] {logging_mixin.py:188} WARNING - [2026-04-05 04:46:25] INFO    utils.minio :   MinIO ↓ [staging-data] 2026-04-05_03-27/dim_hoc_ky.parquet (9 rows)
[2026-04-05T04:46:25.617+0000] {minio_client.py:223} INFO -   MinIO ↓ [staging-data] 2026-04-05_03-27/dim_hoc_ky.parquet (9 rows)
[2026-04-05T04:46:25.658+0000] {logging_mixin.py:188} WARNING - [2026-04-05 04:46:25] INFO    utils.minio :   MinIO ↓ [staging-data] 2026-04-05_03-27/dim_giang_vien.parquet (45 rows)
[2026-04-05T04:46:25.658+0000] {minio_client.py:223} INFO -   MinIO ↓ [staging-data] 2026-04-05_03-27/dim_giang_vien.parquet (45 rows)
[2026-04-05T04:46:25.691+0000] {logging_mixin.py:188} WARNING - [2026-04-05 04:46:25] INFO    utils.minio :   MinIO ↓ [staging-data] 2026-04-05_03-27/dim_hoc_phan.parquet (121 rows)
[2026-04-05T04:46:25.691+0000] {minio_client.py:223} INFO -   MinIO ↓ [staging-data] 2026-04-05_03-27/dim_hoc_phan.parquet (121 rows)
[2026-04-05T04:46:25.751+0000] {logging_mixin.py:188} WARNING - [2026-04-05 04:46:25] INFO    utils.minio :   MinIO ↓ [staging-data] 2026-04-05_03-27/dim_sinh_vien.parquet (1,695 rows)
[2026-04-05T04:46:25.751+0000] {minio_client.py:223} INFO -   MinIO ↓ [staging-data] 2026-04-05_03-27/dim_sinh_vien.parquet (1,695 rows)
[2026-04-05T04:46:26.040+0000] {logging_mixin.py:188} WARNING - [2026-04-05 04:46:26] INFO    utils.minio :   MinIO ↓ [staging-data] 2026-04-05_03-27/fact_diem.parquet (58,001 rows)
[2026-04-05T04:46:26.040+0000] {minio_client.py:223} INFO -   MinIO ↓ [staging-data] 2026-04-05_03-27/fact_diem.parquet (58,001 rows)
[2026-04-05T04:46:26.101+0000] {logging_mixin.py:188} WARNING - [2026-04-05 04:46:26] INFO    utils.minio :   MinIO ↓ [staging-data] 2026-04-05_03-27/fact_ren_luyen.parquet (9,629 rows)
[2026-04-05T04:46:26.101+0000] {minio_client.py:223} INFO -   MinIO ↓ [staging-data] 2026-04-05_03-27/fact_ren_luyen.parquet (9,629 rows)
[2026-04-05T04:46:26.152+0000] {logging_mixin.py:188} WARNING - [2026-04-05 04:46:26] INFO    utils.minio :   MinIO ↓ [staging-data] 2026-04-05_03-27/fact_tai_chinh.parquet (9,238 rows)
[2026-04-05T04:46:26.152+0000] {minio_client.py:223} INFO -   MinIO ↓ [staging-data] 2026-04-05_03-27/fact_tai_chinh.parquet (9,238 rows)
[2026-04-05T04:46:26.175+0000] {logging_mixin.py:188} WARNING - [2026-04-05 04:46:26] WARNING utils.minio :   MinIO không tìm thấy: 2026-04-05_03-27/fact_tong_hop_sv.parquet
[2026-04-05T04:46:26.175+0000] {minio_client.py:229} WARNING -   MinIO không tìm thấy: 2026-04-05_03-27/fact_tong_hop_sv.parquet
[2026-04-05T04:46:26.180+0000] {logging_mixin.py:188} WARNING - [2026-04-05 04:46:26] INFO    etl.transform : Load from staging-data OK — run_id=2026-04-05_03-27
[2026-04-05T04:46:26.179+0000] {transform.py:175} INFO - Load from staging-data OK — run_id=2026-04-05_03-27
[2026-04-05T04:46:26.182+0000] {logging_mixin.py:188} WARNING - [2026-04-05 04:46:26] INFO    etl.load : ==BẮT ĐẦU LOAD VÀO DATA WAREHOUSE==
[2026-04-05T04:46:26.182+0000] {load.py:34} INFO - ==BẮT ĐẦU LOAD VÀO DATA WAREHOUSE==
[2026-04-05T04:46:26.184+0000] {logging_mixin.py:188} WARNING - [2026-04-05 04:46:26] INFO    etl.load : ======================================================================
[2026-04-05T04:46:26.184+0000] {load.py:35} INFO - ======================================================================
[2026-04-05T04:46:26.185+0000] {logging_mixin.py:188} WARNING - [2026-04-05 04:46:26] INFO    etl.load : 🔧 Tạo schema warehouse từ warehouse_models.py...
[2026-04-05T04:46:26.185+0000] {load.py:96} INFO - 🔧 Tạo schema warehouse từ warehouse_models.py...
[2026-04-05T04:46:26.308+0000] {logging_mixin.py:188} WARNING - [2026-04-05 04:46:26] INFO    etl.load :   Schema warehouse OK ✓
[2026-04-05T04:46:26.308+0000] {load.py:98} INFO -   Schema warehouse OK ✓
[2026-04-05T04:46:26.315+0000] {logging_mixin.py:188} WARNING - [2026-04-05 04:46:26] INFO    etl.load : ── Bước 1: Load Dimension Tables ──
[2026-04-05T04:46:26.315+0000] {load.py:41} INFO - ── Bước 1: Load Dimension Tables ──
[2026-04-05T04:46:26.405+0000] {logging_mixin.py:188} WARNING - [2026-04-05 04:46:26] INFO    etl.load :   dim_hoc_ky     →      9 records (new: 0)
[2026-04-05T04:46:26.405+0000] {load.py:185} INFO -   dim_hoc_ky     →      9 records (new: 0)
[2026-04-05T04:46:26.510+0000] {logging_mixin.py:188} WARNING - [2026-04-05 04:46:26] INFO    etl.load :   dim_giang_vien →     45 records (new: 0)
[2026-04-05T04:46:26.509+0000] {load.py:234} INFO -   dim_giang_vien →     45 records (new: 0)
[2026-04-05T04:46:26.687+0000] {logging_mixin.py:188} WARNING - [2026-04-05 04:46:26] INFO    etl.load :   dim_hoc_phan   →    121 records (new: 0)
[2026-04-05T04:46:26.687+0000] {load.py:282} INFO -   dim_hoc_phan   →    121 records (new: 0)
[2026-04-05T04:46:30.805+0000] {logging_mixin.py:188} WARNING - [2026-04-05 04:46:30] INFO    etl.load :   dim_sinh_vien →  1,695 records (new: 0, SCD2: 25, fact cascade: 1174)
[2026-04-05T04:46:30.805+0000] {load.py:390} INFO -   dim_sinh_vien →  1,695 records (new: 0, SCD2: 25, fact cascade: 1174)
[2026-04-05T04:46:30.807+0000] {logging_mixin.py:188} WARNING - [2026-04-05 04:46:30] INFO    etl.load : ── Bước 2: Build Surrogate Key Cache ──
[2026-04-05T04:46:30.807+0000] {load.py:47} INFO - ── Bước 2: Build Surrogate Key Cache ──
[2026-04-05T04:46:30.809+0000] {logging_mixin.py:188} WARNING - [2026-04-05 04:46:30] INFO    etl.load :  Building surrogate key caches...
[2026-04-05T04:46:30.809+0000] {load.py:101} INFO -  Building surrogate key caches...
[2026-04-05T04:46:30.831+0000] {logging_mixin.py:188} WARNING - [2026-04-05 04:46:30] INFO    etl.load :   SV=1695, HP=121, GV=45, HK=9
[2026-04-05T04:46:30.831+0000] {load.py:129} INFO -   SV=1695, HP=121, GV=45, HK=9
[2026-04-05T04:46:30.832+0000] {logging_mixin.py:188} WARNING - [2026-04-05 04:46:30] INFO    etl.load : ── Bước 3: Load Fact Tables ──
[2026-04-05T04:46:30.832+0000] {load.py:50} INFO - ── Bước 3: Load Fact Tables ──
[2026-04-05T04:48:07.564+0000] {logging_mixin.py:188} WARNING - [2026-04-05 04:48:07] INFO    etl.load :   fact_hoc_tap   →      0 records
[2026-04-05T04:48:07.563+0000] {load.py:522} INFO -   fact_hoc_tap   →      0 records
[2026-04-05T04:48:16.578+0000] {logging_mixin.py:188} WARNING - [2026-04-05 04:48:16] INFO    etl.load :   fact_ctsv      →      0 records
[2026-04-05T04:48:16.577+0000] {load.py:641} INFO -   fact_ctsv      →      0 records
[2026-04-05T04:48:24.319+0000] {logging_mixin.py:188} WARNING - [2026-04-05 04:48:24] ERROR   etl.load :   fact_tai_chinh | Lỗi: (psycopg2.errors.InvalidDatetimeFormat) invalid input syntax for type timestamp: "NaT"
LINE 1: UPDATE fact_tai_chinh SET ngay_dong_cuoi='NaT'::timestamp WH...
                                                 ^

[SQL: UPDATE fact_tai_chinh SET ngay_dong_cuoi=%(ngay_dong_cuoi)s WHERE fact_tai_chinh.tai_chinh_key = %(fact_tai_chinh_tai_chinh_key)s]
[parameters: ({'ngay_dong_cuoi': Timestamp('2021-10-11 00:00:00'), 'fact_tai_chinh_tai_chinh_key': 53}, {'ngay_dong_cuoi': Timestamp('2021-10-11 00:00:00'), 'fact_tai_chinh_tai_chinh_key': 54}, {'ngay_dong_cuoi': Timestamp('2021-10-11 00:00:00'), 'fact_tai_chinh_tai_chinh_key': 55}, {'ngay_dong_cuoi': Timestamp('2021-10-11 00:00:00'), 'fact_tai_chinh_tai_chinh_key': 56}, {'ngay_dong_cuoi': Timestamp('2021-10-11 00:00:00'), 'fact_tai_chinh_tai_chinh_key': 57}, {'ngay_dong_cuoi': Timestamp('2021-10-11 00:00:00'), 'fact_tai_chinh_tai_chinh_key': 58}, {'ngay_dong_cuoi': Timestamp('2021-10-11 00:00:00'), 'fact_tai_chinh_tai_chinh_key': 59}, {'ngay_dong_cuoi': Timestamp('2021-10-11 00:00:00'), 'fact_tai_chinh_tai_chinh_key': 60}  ... displaying 10 of 15 total bound parameter sets ...  {'ngay_dong_cuoi': Timestamp('2021-10-11 00:00:00'), 'fact_tai_chinh_tai_chinh_key': 66}, {'ngay_dong_cuoi': Timestamp('2021-10-11 00:00:00'), 'fact_tai_chinh_tai_chinh_key': 67})]
(Background on this error at: https://sqlalche.me/e/14/9h9h)
[2026-04-05T04:48:24.319+0000] {load.py:707} ERROR -   fact_tai_chinh | Lỗi: (psycopg2.errors.InvalidDatetimeFormat) invalid input syntax for type timestamp: "NaT"
LINE 1: UPDATE fact_tai_chinh SET ngay_dong_cuoi='NaT'::timestamp WH...
                                                 ^

[SQL: UPDATE fact_tai_chinh SET ngay_dong_cuoi=%(ngay_dong_cuoi)s WHERE fact_tai_chinh.tai_chinh_key = %(fact_tai_chinh_tai_chinh_key)s]
[parameters: ({'ngay_dong_cuoi': Timestamp('2021-10-11 00:00:00'), 'fact_tai_chinh_tai_chinh_key': 53}, {'ngay_dong_cuoi': Timestamp('2021-10-11 00:00:00'), 'fact_tai_chinh_tai_chinh_key': 54}, {'ngay_dong_cuoi': Timestamp('2021-10-11 00:00:00'), 'fact_tai_chinh_tai_chinh_key': 55}, {'ngay_dong_cuoi': Timestamp('2021-10-11 00:00:00'), 'fact_tai_chinh_tai_chinh_key': 56}, {'ngay_dong_cuoi': Timestamp('2021-10-11 00:00:00'), 'fact_tai_chinh_tai_chinh_key': 57}, {'ngay_dong_cuoi': Timestamp('2021-10-11 00:00:00'), 'fact_tai_chinh_tai_chinh_key': 58}, {'ngay_dong_cuoi': Timestamp('2021-10-11 00:00:00'), 'fact_tai_chinh_tai_chinh_key': 59}, {'ngay_dong_cuoi': Timestamp('2021-10-11 00:00:00'), 'fact_tai_chinh_tai_chinh_key': 60}  ... displaying 10 of 15 total bound parameter sets ...  {'ngay_dong_cuoi': Timestamp('2021-10-11 00:00:00'), 'fact_tai_chinh_tai_chinh_key': 66}, {'ngay_dong_cuoi': Timestamp('2021-10-11 00:00:00'), 'fact_tai_chinh_tai_chinh_key': 67})]
(Background on this error at: https://sqlalche.me/e/14/9h9h)
[2026-04-05T04:48:24.322+0000] {logging_mixin.py:188} WARNING - [2026-04-05 04:48:24] INFO    etl.load : ── Bước 4: Build Aggregation ──
[2026-04-05T04:48:24.321+0000] {load.py:55} INFO - ── Bước 4: Build Aggregation ──
[2026-04-05T04:48:24.325+0000] {logging_mixin.py:188} WARNING - [2026-04-05 04:48:24] INFO    etl.aggregation : == BẮT ĐẦU AGGREGATION ==
[2026-04-05T04:48:24.325+0000] {aggregation.py:12} INFO - == BẮT ĐẦU AGGREGATION ==
[2026-04-05T04:48:24.617+0000] {logging_mixin.py:188} WARNING - [2026-04-05 04:48:24] INFO    etl.aggregation :   agg_student_summary → 1,695 records
[2026-04-05T04:48:24.617+0000] {aggregation.py:142} INFO -   agg_student_summary → 1,695 records
[2026-04-05T04:48:24.619+0000] {logging_mixin.py:188} WARNING - [2026-04-05 04:48:24] INFO    etl.aggregation :  agg_student_summary rebuilt : 1,695
[2026-04-05T04:48:24.619+0000] {aggregation.py:14} INFO -  agg_student_summary rebuilt : 1,695
[2026-04-05T04:48:24.620+0000] {logging_mixin.py:188} WARNING - [2026-04-05 04:48:24] INFO    etl.aggregation : == AGGREGATION HOÀN TẤT ==
[2026-04-05T04:48:24.620+0000] {aggregation.py:15} INFO - == AGGREGATION HOÀN TẤT ==
[2026-04-05T04:48:24.620+0000] {logging_mixin.py:188} WARNING - [2026-04-05 04:48:24] INFO    etl.load : ======================================================================
[2026-04-05T04:48:24.620+0000] {load.py:59} INFO - ======================================================================
[2026-04-05T04:48:24.621+0000] {logging_mixin.py:188} WARNING - [2026-04-05 04:48:24] INFO    etl.load : LOAD HOÀN TẤT
[2026-04-05T04:48:24.621+0000] {load.py:60} INFO - LOAD HOÀN TẤT
[2026-04-05T04:48:24.621+0000] {logging_mixin.py:188} WARNING - [2026-04-05 04:48:24] INFO    etl.load :   dim_hoc_ky               :        9 records
[2026-04-05T04:48:24.621+0000] {load.py:63} INFO -   dim_hoc_ky               :        9 records
[2026-04-05T04:48:24.622+0000] {logging_mixin.py:188} WARNING - [2026-04-05 04:48:24] INFO    etl.load :   dim_giang_vien           :       45 records
[2026-04-05T04:48:24.622+0000] {load.py:63} INFO -   dim_giang_vien           :       45 records
[2026-04-05T04:48:24.623+0000] {logging_mixin.py:188} WARNING - [2026-04-05 04:48:24] INFO    etl.load :   dim_hoc_phan             :      121 records
[2026-04-05T04:48:24.623+0000] {load.py:63} INFO -   dim_hoc_phan             :      121 records
[2026-04-05T04:48:24.624+0000] {logging_mixin.py:188} WARNING - [2026-04-05 04:48:24] INFO    etl.load :   dim_sinh_vien            :       25 records
[2026-04-05T04:48:24.624+0000] {load.py:63} INFO -   dim_sinh_vien            :       25 records
[2026-04-05T04:48:24.625+0000] {logging_mixin.py:188} WARNING - [2026-04-05 04:48:24] INFO    etl.load :   fact_hoc_tap             :        0 records
[2026-04-05T04:48:24.625+0000] {load.py:63} INFO -   fact_hoc_tap             :        0 records
[2026-04-05T04:48:24.627+0000] {logging_mixin.py:188} WARNING - [2026-04-05 04:48:24] INFO    etl.load :   fact_ctsv                :        0 records
[2026-04-05T04:48:24.627+0000] {load.py:63} INFO -   fact_ctsv                :        0 records
[2026-04-05T04:48:24.627+0000] {logging_mixin.py:188} WARNING - [2026-04-05 04:48:24] INFO    etl.load :   fact_tai_chinh           :        0 records
[2026-04-05T04:48:24.627+0000] {load.py:63} INFO -   fact_tai_chinh           :        0 records
[2026-04-05T04:48:24.628+0000] {logging_mixin.py:188} WARNING - [2026-04-05 04:48:24] INFO    etl.load :   agg_student_summary      :    1,695 records
[2026-04-05T04:48:24.628+0000] {load.py:63} INFO -   agg_student_summary      :    1,695 records
[2026-04-05T04:48:24.628+0000] {logging_mixin.py:188} WARNING - [2026-04-05 04:48:24] INFO    etl.load :   TỔNG                     :    1,895 records
[2026-04-05T04:48:24.628+0000] {load.py:65} INFO -   TỔNG                     :    1,895 records
[2026-04-05T04:48:24.630+0000] {logging_mixin.py:188} WARNING - [2026-04-05 04:48:24] INFO    etl.load : ======================================================================
[2026-04-05T04:48:24.630+0000] {load.py:66} INFO - ======================================================================
[2026-04-05T04:48:24.648+0000] {logging_mixin.py:188} INFO - Load xong: {'dim_hoc_ky': 9, 'dim_giang_vien': 45, 'dim_hoc_phan': 121, 'dim_sinh_vien': 25, 'fact_hoc_tap': 0, 'fact_ctsv': 0, 'fact_tai_chinh': 0, 'agg_student_summary': 1695}
[2026-04-05T04:48:24.649+0000] {python.py:201} INFO - Done. Returned value was: {'dim_hoc_ky': 9, 'dim_giang_vien': 45, 'dim_hoc_phan': 121, 'dim_sinh_vien': 25, 'fact_hoc_tap': 0, 'fact_ctsv': 0, 'fact_tai_chinh': 0, 'agg_student_summary': 1695}
[2026-04-05T04:48:24.679+0000] {taskinstance.py:1138} INFO - Marking task as SUCCESS. dag_id=daily_student_pipeline, task_id=load_data, execution_date=20260405T044615, start_date=20260405T044618, end_date=20260405T044824
[2026-04-05T04:48:24.754+0000] {local_task_job_runner.py:234} INFO - Task exited with return code 0
[2026-04-05T04:48:24.803+0000] {taskinstance.py:3280} INFO - 0 downstream tasks scheduled from follow-on schedule check
