[2026-04-27T14:51:41.379+0000] {taskinstance.py:1956} INFO - Dependencies all met for dep_context=non-requeueable deps ti=<TaskInstance: daily_student_pipeline.extract_group.extract_postgres manual__2026-04-27T14:51:37.887983+00:00 [queued]>
[2026-04-27T14:51:41.389+0000] {taskinstance.py:1956} INFO - Dependencies all met for dep_context=requeueable deps ti=<TaskInstance: daily_student_pipeline.extract_group.extract_postgres manual__2026-04-27T14:51:37.887983+00:00 [queued]>
[2026-04-27T14:51:41.389+0000] {taskinstance.py:2170} INFO - Starting attempt 1 of 1
[2026-04-27T14:51:41.402+0000] {taskinstance.py:2191} INFO - Executing <Task(PythonOperator): extract_group.extract_postgres> on 2026-04-27 14:51:37.887983+00:00
[2026-04-27T14:51:41.412+0000] {standard_task_runner.py:60} INFO - Started process 23792 to run task
[2026-04-27T14:51:41.415+0000] {standard_task_runner.py:87} INFO - Running: ['***', 'tasks', 'run', 'daily_student_pipeline', 'extract_group.extract_postgres', 'manual__2026-04-27T14:51:37.887983+00:00', '--job-id', '532', '--raw', '--subdir', 'DAGS_FOLDER/daily_student_pipeline.py', '--cfg-path', '/tmp/tmp8dzyhrq8']
[2026-04-27T14:51:41.418+0000] {standard_task_runner.py:88} INFO - Job 532: Subtask extract_group.extract_postgres
[2026-04-27T14:51:41.494+0000] {task_command.py:423} INFO - Running <TaskInstance: daily_student_pipeline.extract_group.extract_postgres manual__2026-04-27T14:51:37.887983+00:00 [running]> on host 759b8b5e27b5
[2026-04-27T14:51:41.602+0000] {taskinstance.py:2480} INFO - Exporting env vars: AIRFLOW_CTX_DAG_OWNER='nhom8' AIRFLOW_CTX_DAG_ID='daily_student_pipeline' AIRFLOW_CTX_TASK_ID='extract_group.extract_postgres' AIRFLOW_CTX_EXECUTION_DATE='2026-04-27T14:51:37.887983+00:00' AIRFLOW_CTX_TRY_NUMBER='1' AIRFLOW_CTX_DAG_RUN_ID='manual__2026-04-27T14:51:37.887983+00:00'
[2026-04-27T14:51:42.240+0000] {extract.py:83} INFO - ════════════════════════════════════════════════════════════
[2026-04-27T14:51:42.241+0000] {extract.py:84} INFO - NGUỒN 1 — PostgreSQL (Phòng Đào tạo) | Full Extract
[2026-04-27T14:51:42.242+0000] {extract.py:85} INFO - ════════════════════════════════════════════════════════════
[2026-04-27T14:51:42.279+0000] {extract.py:67} INFO -   PostgreSQL | khoa                      →      4 records
[2026-04-27T14:51:42.300+0000] {extract.py:67} INFO -   PostgreSQL | nganh                     →      3 records
[2026-04-27T14:51:42.321+0000] {extract.py:67} INFO -   PostgreSQL | giang_vien                →     45 records
[2026-04-27T14:51:42.353+0000] {extract.py:67} INFO -   PostgreSQL | lop_hanh_chinh            →     48 records
[2026-04-27T14:51:42.426+0000] {extract.py:67} INFO -   PostgreSQL | sinh_vien                 →  1,695 records
[2026-04-27T14:51:42.454+0000] {extract.py:67} INFO -   PostgreSQL | hoc_phan                  →    121 records
[2026-04-27T14:51:42.470+0000] {extract.py:67} INFO -   PostgreSQL | hoc_ky_nam_hoc            →     13 records
[2026-04-27T14:51:42.690+0000] {extract.py:67} INFO -   PostgreSQL | dang_ky_hoc_phan          → 55,971 records
[2026-04-27T14:51:43.317+0000] {extract.py:67} INFO -   PostgreSQL | diem_hoc_phan             → 55,535 records
[2026-04-27T14:51:43.399+0000] {extract.py:67} INFO -   PostgreSQL | tong_hop_ket_qua          →  1,695 records
[2026-04-27T14:51:43.399+0000] {extract.py:92} INFO -   PostgreSQL | TỔNG: 115,130 records từ 10 bảng
[2026-04-27T14:51:43.637+0000] {minio_client.py:142} INFO -   MinIO ↑ [raw-data] 2026-04-27_14-51/nguon1_khoa.parquet (2.6 KB | 4 rows)
[2026-04-27T14:51:43.648+0000] {minio_client.py:142} INFO -   MinIO ↑ [raw-data] 2026-04-27_14-51/nguon1_nganh.parquet (3.2 KB | 3 rows)
[2026-04-27T14:51:43.661+0000] {minio_client.py:142} INFO -   MinIO ↑ [raw-data] 2026-04-27_14-51/nguon1_giang_vien.parquet (8.3 KB | 45 rows)
[2026-04-27T14:51:43.675+0000] {minio_client.py:142} INFO -   MinIO ↑ [raw-data] 2026-04-27_14-51/nguon1_lop_hanh_chinh.parquet (4.8 KB | 48 rows)
[2026-04-27T14:51:43.714+0000] {minio_client.py:142} INFO -   MinIO ↑ [raw-data] 2026-04-27_14-51/nguon1_sinh_vien.parquet (47.5 KB | 1,695 rows)
[2026-04-27T14:51:43.743+0000] {minio_client.py:142} INFO -   MinIO ↑ [raw-data] 2026-04-27_14-51/nguon1_hoc_phan.parquet (10.3 KB | 121 rows)
[2026-04-27T14:51:43.757+0000] {minio_client.py:142} INFO -   MinIO ↑ [raw-data] 2026-04-27_14-51/nguon1_hoc_ky_nam_hoc.parquet (4.2 KB | 13 rows)
[2026-04-27T14:51:44.085+0000] {minio_client.py:142} INFO -   MinIO ↑ [raw-data] 2026-04-27_14-51/nguon1_dang_ky_hoc_phan.parquet (480.5 KB | 55,971 rows)
[2026-04-27T14:51:44.231+0000] {minio_client.py:142} INFO -   MinIO ↑ [raw-data] 2026-04-27_14-51/nguon1_diem_hoc_phan.parquet (1156.2 KB | 55,535 rows)
[2026-04-27T14:51:44.259+0000] {minio_client.py:142} INFO -   MinIO ↑ [raw-data] 2026-04-27_14-51/nguon1_tong_hop_ket_qua.parquet (22.1 KB | 1,695 rows)
[2026-04-27T14:51:47.995+0000] {metrics.py:34} WARNING -   metrics | Push thất bại: <urlopen error [Errno -2] Name or service not known> (pipeline vẫn tiếp tục)
[2026-04-27T14:51:47.997+0000] {logging_mixin.py:188} INFO - [Extract PG] 115,130 records | run_id=2026-04-27_14-51
[2026-04-27T14:51:48.012+0000] {python.py:201} INFO - Done. Returned value was: 115130
[2026-04-27T14:51:48.043+0000] {taskinstance.py:1138} INFO - Marking task as SUCCESS. dag_id=daily_student_pipeline, task_id=extract_group.extract_postgres, execution_date=20260427T145137, start_date=20260427T145141, end_date=20260427T145148
[2026-04-27T14:51:48.098+0000] {local_task_job_runner.py:234} INFO - Task exited with return code 0
[2026-04-27T14:51:48.126+0000] {taskinstance.py:3280} INFO - 1 downstream tasks scheduled from follow-on schedule check
