[2026-04-28T03:43:18.369+0000] {taskinstance.py:1956} INFO - Dependencies all met for dep_context=non-requeueable deps ti=<TaskInstance: daily_student_pipeline.extract_group.extract_csv manual__2026-04-28T03:43:15.062903+00:00 [queued]>
[2026-04-28T03:43:18.376+0000] {taskinstance.py:1956} INFO - Dependencies all met for dep_context=requeueable deps ti=<TaskInstance: daily_student_pipeline.extract_group.extract_csv manual__2026-04-28T03:43:15.062903+00:00 [queued]>
[2026-04-28T03:43:18.377+0000] {taskinstance.py:2170} INFO - Starting attempt 1 of 1
[2026-04-28T03:43:18.390+0000] {taskinstance.py:2191} INFO - Executing <Task(PythonOperator): extract_group.extract_csv> on 2026-04-28 03:43:15.062903+00:00
[2026-04-28T03:43:18.394+0000] {standard_task_runner.py:60} INFO - Started process 913 to run task
[2026-04-28T03:43:18.397+0000] {standard_task_runner.py:87} INFO - Running: ['***', 'tasks', 'run', 'daily_student_pipeline', 'extract_group.extract_csv', 'manual__2026-04-28T03:43:15.062903+00:00', '--job-id', '575', '--raw', '--subdir', 'DAGS_FOLDER/daily_student_pipeline.py', '--cfg-path', '/tmp/tmpxoptdw6w']
[2026-04-28T03:43:18.399+0000] {standard_task_runner.py:88} INFO - Job 575: Subtask extract_group.extract_csv
[2026-04-28T03:43:18.464+0000] {task_command.py:423} INFO - Running <TaskInstance: daily_student_pipeline.extract_group.extract_csv manual__2026-04-28T03:43:15.062903+00:00 [running]> on host 6b19557e5822
[2026-04-28T03:43:18.555+0000] {taskinstance.py:2480} INFO - Exporting env vars: AIRFLOW_CTX_DAG_OWNER='nhom8' AIRFLOW_CTX_DAG_ID='daily_student_pipeline' AIRFLOW_CTX_TASK_ID='extract_group.extract_csv' AIRFLOW_CTX_EXECUTION_DATE='2026-04-28T03:43:15.062903+00:00' AIRFLOW_CTX_TRY_NUMBER='1' AIRFLOW_CTX_DAG_RUN_ID='manual__2026-04-28T03:43:15.062903+00:00'
[2026-04-28T03:43:19.084+0000] {extract.py:187} INFO - ════════════════════════════════════════════════════════════
[2026-04-28T03:43:19.085+0000] {extract.py:188} INFO - NGUỒN 2 — CSV (Phòng CTSV) | Extract
[2026-04-28T03:43:19.086+0000] {extract.py:189} INFO - ════════════════════════════════════════════════════════════
[2026-04-28T03:43:19.090+0000] {extract.py:141} INFO -   CSV | Tìm thấy 14 file trong: /opt/***/data/csv
[2026-04-28T03:43:19.091+0000] {extract.py:193} INFO -   CSV | Đang đọc từ: /opt/***/data/csv
[2026-04-28T03:43:19.094+0000] {extract.py:203} INFO -   CSV | Tìm thấy 13 file(s)
[2026-04-28T03:43:19.265+0000] {extract.py:163} INFO -   CSV | ctsv_HK1_2021_22.csv                →    791 records
[2026-04-28T03:43:19.300+0000] {extract.py:163} INFO -   CSV | ctsv_HK1_2022_23.csv                →  1,591 records
[2026-04-28T03:43:19.356+0000] {extract.py:163} INFO -   CSV | ctsv_HK1_2023_24.csv                →  2,412 records
[2026-04-28T03:43:19.425+0000] {extract.py:163} INFO -   CSV | ctsv_HK1_2024_25.csv                →  3,229 records
[2026-04-28T03:43:19.450+0000] {extract.py:163} INFO -   CSV | ctsv_HK1_2025_26.csv                →  2,436 records
[2026-04-28T03:43:19.482+0000] {extract.py:163} INFO -   CSV | ctsv_HK2_2021_22.csv                →    792 records
[2026-04-28T03:43:19.507+0000] {extract.py:163} INFO -   CSV | ctsv_HK2_2022_23.csv                →  1,574 records
[2026-04-28T03:43:19.531+0000] {extract.py:163} INFO -   CSV | ctsv_HK2_2023_24.csv                →  2,396 records
[2026-04-28T03:43:19.579+0000] {extract.py:163} INFO -   CSV | ctsv_HK2_2024_25.csv                →  2,871 records
[2026-04-28T03:43:19.600+0000] {extract.py:163} INFO -   CSV | ctsv_HK3_2021_22.csv                →    130 records
[2026-04-28T03:43:19.617+0000] {extract.py:163} INFO -   CSV | ctsv_HK3_2022_23.csv                →    219 records
[2026-04-28T03:43:19.641+0000] {extract.py:163} INFO -   CSV | ctsv_HK3_2023_24.csv                →    447 records
[2026-04-28T03:43:19.664+0000] {extract.py:163} INFO -   CSV | ctsv_HK3_2024_25.csv                →    500 records
[2026-04-28T03:43:19.670+0000] {extract.py:220} INFO -   CSV | Loại bỏ 9426 bản ghi trùng
[2026-04-28T03:43:19.671+0000] {extract.py:222} INFO -   CSV | TỔNG: 9,962 records từ 13 file(s)
[2026-04-28T03:43:19.771+0000] {minio_client.py:142} INFO -   MinIO ↑ [raw-data] 2026-04-28_03-43/nguon2_ctsv.parquet (42.5 KB | 9,962 rows)
[2026-04-28T03:43:19.775+0000] {logging_mixin.py:188} INFO - [Extract CSV] 9,962 records | run_id=2026-04-28_03-43
[2026-04-28T03:43:19.777+0000] {python.py:201} INFO - Done. Returned value was: 9962
[2026-04-28T03:43:19.804+0000] {taskinstance.py:1138} INFO - Marking task as SUCCESS. dag_id=daily_student_pipeline, task_id=extract_group.extract_csv, execution_date=20260428T034315, start_date=20260428T034318, end_date=20260428T034319
[2026-04-28T03:43:19.834+0000] {local_task_job_runner.py:234} INFO - Task exited with return code 0
[2026-04-28T03:43:19.858+0000] {taskinstance.py:3280} INFO - 0 downstream tasks scheduled from follow-on schedule check
