[2026-03-28T16:50:41.643+0000] {taskinstance.py:1956} INFO - Dependencies all met for dep_context=non-requeueable deps ti=<TaskInstance: daily_student_pipeline.extract_data manual__2026-03-28T16:50:37.823419+00:00 [queued]>
[2026-03-28T16:50:41.657+0000] {taskinstance.py:1956} INFO - Dependencies all met for dep_context=requeueable deps ti=<TaskInstance: daily_student_pipeline.extract_data manual__2026-03-28T16:50:37.823419+00:00 [queued]>
[2026-03-28T16:50:41.657+0000] {taskinstance.py:2170} INFO - Starting attempt 1 of 1
[2026-03-28T16:50:41.672+0000] {taskinstance.py:2191} INFO - Executing <Task(PythonOperator): extract_data> on 2026-03-28 16:50:37.823419+00:00
[2026-03-28T16:50:41.680+0000] {standard_task_runner.py:60} INFO - Started process 28966 to run task
[2026-03-28T16:50:41.684+0000] {standard_task_runner.py:87} INFO - Running: ['***', 'tasks', 'run', 'daily_student_pipeline', 'extract_data', 'manual__2026-03-28T16:50:37.823419+00:00', '--job-id', '50', '--raw', '--subdir', 'DAGS_FOLDER/daily_student_pipeline.py', '--cfg-path', '/tmp/tmpc8qa8wk0']
[2026-03-28T16:50:41.688+0000] {standard_task_runner.py:88} INFO - Job 50: Subtask extract_data
[2026-03-28T16:50:41.874+0000] {task_command.py:423} INFO - Running <TaskInstance: daily_student_pipeline.extract_data manual__2026-03-28T16:50:37.823419+00:00 [running]> on host 8474c56aea3d
[2026-03-28T16:50:42.064+0000] {taskinstance.py:2480} INFO - Exporting env vars: AIRFLOW_CTX_DAG_OWNER='nhom8' AIRFLOW_CTX_DAG_ID='daily_student_pipeline' AIRFLOW_CTX_TASK_ID='extract_data' AIRFLOW_CTX_EXECUTION_DATE='2026-03-28T16:50:37.823419+00:00' AIRFLOW_CTX_TRY_NUMBER='1' AIRFLOW_CTX_DAG_RUN_ID='manual__2026-03-28T16:50:37.823419+00:00'
[2026-03-28T16:50:45.991+0000] {logging_mixin.py:188} WARNING - [2026-03-28 16:50:45] INFO    etl.extract : ==BẮT ĐẦU FULL EXTRACT==
[2026-03-28T16:50:45.990+0000] {extract.py:277} INFO - ==BẮT ĐẦU FULL EXTRACT==
[2026-03-28T16:50:45.993+0000] {logging_mixin.py:188} WARNING - [2026-03-28 16:50:45] INFO    etl.extract : ======================================================================
[2026-03-28T16:50:45.993+0000] {extract.py:278} INFO - ======================================================================
[2026-03-28T16:50:46.014+0000] {logging_mixin.py:188} WARNING - [2026-03-28 16:50:46] INFO    etl.extract : ════════════════════════════════════════════════════════════
[2026-03-28T16:50:46.014+0000] {extract.py:82} INFO - ════════════════════════════════════════════════════════════
[2026-03-28T16:50:46.015+0000] {logging_mixin.py:188} WARNING - [2026-03-28 16:50:46] INFO    etl.extract : NGUỒN 1 — PostgreSQL (Phòng Đào tạo) | Full Extract
[2026-03-28T16:50:46.015+0000] {extract.py:83} INFO - NGUỒN 1 — PostgreSQL (Phòng Đào tạo) | Full Extract
[2026-03-28T16:50:46.017+0000] {logging_mixin.py:188} WARNING - [2026-03-28 16:50:46] INFO    etl.extract : ════════════════════════════════════════════════════════════
[2026-03-28T16:50:46.016+0000] {extract.py:84} INFO - ════════════════════════════════════════════════════════════
[2026-03-28T16:50:46.219+0000] {logging_mixin.py:188} WARNING - [2026-03-28 16:50:46] INFO    etl.extract :   PostgreSQL | khoa                      →      4 records
[2026-03-28T16:50:46.219+0000] {extract.py:66} INFO -   PostgreSQL | khoa                      →      4 records
[2026-03-28T16:50:46.255+0000] {logging_mixin.py:188} WARNING - [2026-03-28 16:50:46] INFO    etl.extract :   PostgreSQL | nganh                     →      3 records
[2026-03-28T16:50:46.255+0000] {extract.py:66} INFO -   PostgreSQL | nganh                     →      3 records
[2026-03-28T16:50:46.304+0000] {logging_mixin.py:188} WARNING - [2026-03-28 16:50:46] INFO    etl.extract :   PostgreSQL | giang_vien                →     45 records
[2026-03-28T16:50:46.304+0000] {extract.py:66} INFO -   PostgreSQL | giang_vien                →     45 records
[2026-03-28T16:50:46.386+0000] {logging_mixin.py:188} WARNING - [2026-03-28 16:50:46] INFO    etl.extract :   PostgreSQL | lop_hanh_chinh            →     48 records
[2026-03-28T16:50:46.386+0000] {extract.py:66} INFO -   PostgreSQL | lop_hanh_chinh            →     48 records
[2026-03-28T16:50:46.489+0000] {logging_mixin.py:188} WARNING - [2026-03-28 16:50:46] INFO    etl.extract :   PostgreSQL | sinh_vien                 →  1,695 records
[2026-03-28T16:50:46.489+0000] {extract.py:66} INFO -   PostgreSQL | sinh_vien                 →  1,695 records
[2026-03-28T16:50:46.517+0000] {logging_mixin.py:188} WARNING - [2026-03-28 16:50:46] INFO    etl.extract :   PostgreSQL | hoc_phan                  →    121 records
[2026-03-28T16:50:46.517+0000] {extract.py:66} INFO -   PostgreSQL | hoc_phan                  →    121 records
[2026-03-28T16:50:46.533+0000] {logging_mixin.py:188} WARNING - [2026-03-28 16:50:46] INFO    etl.extract :   PostgreSQL | hoc_ky_nam_hoc            →      9 records
[2026-03-28T16:50:46.533+0000] {extract.py:66} INFO -   PostgreSQL | hoc_ky_nam_hoc            →      9 records
[2026-03-28T16:50:47.487+0000] {logging_mixin.py:188} WARNING - [2026-03-28 16:50:47] INFO    etl.extract :   PostgreSQL | dang_ky_hoc_phan          → 52,893 records
[2026-03-28T16:50:47.487+0000] {extract.py:66} INFO -   PostgreSQL | dang_ky_hoc_phan          → 52,893 records
[2026-03-28T16:50:49.255+0000] {logging_mixin.py:188} WARNING - [2026-03-28 16:50:49] INFO    etl.extract :   PostgreSQL | diem_hoc_phan             → 52,893 records
[2026-03-28T16:50:49.255+0000] {extract.py:66} INFO -   PostgreSQL | diem_hoc_phan             → 52,893 records
[2026-03-28T16:50:49.322+0000] {logging_mixin.py:188} WARNING - [2026-03-28 16:50:49] INFO    etl.extract :   PostgreSQL | tong_hop_ket_qua          →  1,695 records
[2026-03-28T16:50:49.322+0000] {extract.py:66} INFO -   PostgreSQL | tong_hop_ket_qua          →  1,695 records
[2026-03-28T16:50:49.324+0000] {logging_mixin.py:188} WARNING - [2026-03-28 16:50:49] INFO    etl.extract :   PostgreSQL | TỔNG: 109,406 records từ 10 bảng
[2026-03-28T16:50:49.324+0000] {extract.py:91} INFO -   PostgreSQL | TỔNG: 109,406 records từ 10 bảng
[2026-03-28T16:50:49.327+0000] {logging_mixin.py:188} WARNING - [2026-03-28 16:50:49] INFO    etl.extract : ════════════════════════════════════════════════════════════
[2026-03-28T16:50:49.327+0000] {extract.py:163} INFO - ════════════════════════════════════════════════════════════
[2026-03-28T16:50:49.329+0000] {logging_mixin.py:188} WARNING - [2026-03-28 16:50:49] INFO    etl.extract : NGUỒN 2 — CSV (Phòng CTSV) | Extract
[2026-03-28T16:50:49.329+0000] {extract.py:164} INFO - NGUỒN 2 — CSV (Phòng CTSV) | Extract
[2026-03-28T16:50:49.331+0000] {logging_mixin.py:188} WARNING - [2026-03-28 16:50:49] INFO    etl.extract : ════════════════════════════════════════════════════════════
[2026-03-28T16:50:49.331+0000] {extract.py:165} INFO - ════════════════════════════════════════════════════════════
[2026-03-28T16:50:49.338+0000] {logging_mixin.py:188} WARNING - [2026-03-28 16:50:49] INFO    etl.extract :   CSV | Tìm thấy 9 file(s)
[2026-03-28T16:50:49.338+0000] {extract.py:174} INFO -   CSV | Tìm thấy 9 file(s)
[2026-03-28T16:50:49.352+0000] {logging_mixin.py:188} WARNING - [2026-03-28 16:50:49] INFO    etl.extract :   CSV | ctsv_HK1_2021_22.csv                →    780 records
[2026-03-28T16:50:49.351+0000] {extract.py:140} INFO -   CSV | ctsv_HK1_2021_22.csv                →    780 records
[2026-03-28T16:50:49.360+0000] {logging_mixin.py:188} WARNING - [2026-03-28 16:50:49] INFO    etl.extract :   CSV | ctsv_HK1_2022_23.csv                →  1,553 records
[2026-03-28T16:50:49.360+0000] {extract.py:140} INFO -   CSV | ctsv_HK1_2022_23.csv                →  1,553 records
[2026-03-28T16:50:49.368+0000] {logging_mixin.py:188} WARNING - [2026-03-28 16:50:49] INFO    etl.extract :   CSV | ctsv_HK1_2023_24.csv                →  2,336 records
[2026-03-28T16:50:49.368+0000] {extract.py:140} INFO -   CSV | ctsv_HK1_2023_24.csv                →  2,336 records
[2026-03-28T16:50:49.377+0000] {logging_mixin.py:188} WARNING - [2026-03-28 16:50:49] INFO    etl.extract :   CSV | ctsv_HK1_2024_25.csv                →  3,108 records
[2026-03-28T16:50:49.377+0000] {extract.py:140} INFO -   CSV | ctsv_HK1_2024_25.csv                →  3,108 records
[2026-03-28T16:50:49.387+0000] {logging_mixin.py:188} WARNING - [2026-03-28 16:50:49] INFO    etl.extract :   CSV | ctsv_HK1_2025_26.csv                →  2,319 records
[2026-03-28T16:50:49.387+0000] {extract.py:140} INFO -   CSV | ctsv_HK1_2025_26.csv                →  2,319 records
[2026-03-28T16:50:49.393+0000] {logging_mixin.py:188} WARNING - [2026-03-28 16:50:49] INFO    etl.extract :   CSV | ctsv_HK2_2021_22.csv                →    780 records
[2026-03-28T16:50:49.393+0000] {extract.py:140} INFO -   CSV | ctsv_HK2_2021_22.csv                →    780 records
[2026-03-28T16:50:49.402+0000] {logging_mixin.py:188} WARNING - [2026-03-28 16:50:49] INFO    etl.extract :   CSV | ctsv_HK2_2022_23.csv                →  1,540 records
[2026-03-28T16:50:49.402+0000] {extract.py:140} INFO -   CSV | ctsv_HK2_2022_23.csv                →  1,540 records
[2026-03-28T16:50:49.412+0000] {logging_mixin.py:188} WARNING - [2026-03-28 16:50:49] INFO    etl.extract :   CSV | ctsv_HK2_2023_24.csv                →  2,335 records
[2026-03-28T16:50:49.412+0000] {extract.py:140} INFO -   CSV | ctsv_HK2_2023_24.csv                →  2,335 records
[2026-03-28T16:50:49.421+0000] {logging_mixin.py:188} WARNING - [2026-03-28 16:50:49] INFO    etl.extract :   CSV | ctsv_HK2_2024_25.csv                →  2,743 records
[2026-03-28T16:50:49.421+0000] {extract.py:140} INFO -   CSV | ctsv_HK2_2024_25.csv                →  2,743 records
[2026-03-28T16:50:49.434+0000] {logging_mixin.py:188} WARNING - [2026-03-28 16:50:49] INFO    etl.extract :   CSV | Loại bỏ 8757 bản ghi trùng
[2026-03-28T16:50:49.434+0000] {extract.py:191} INFO -   CSV | Loại bỏ 8757 bản ghi trùng
[2026-03-28T16:50:49.437+0000] {logging_mixin.py:188} WARNING - [2026-03-28 16:50:49] INFO    etl.extract :   CSV | TỔNG: 8,737 records từ 9 file(s)
[2026-03-28T16:50:49.437+0000] {extract.py:193} INFO -   CSV | TỔNG: 8,737 records từ 9 file(s)
[2026-03-28T16:50:49.482+0000] {logging_mixin.py:188} WARNING - [2026-03-28 16:50:49] INFO    etl.extract :   API | (JSON) taichinh_HK1_2021_22.json →    390 records
[2026-03-28T16:50:49.482+0000] {extract.py:242} INFO -   API | (JSON) taichinh_HK1_2021_22.json →    390 records
[2026-03-28T16:50:49.500+0000] {logging_mixin.py:188} WARNING - [2026-03-28 16:50:49] INFO    etl.extract :   API | (JSON) taichinh_HK1_2022_23.json →    774 records
[2026-03-28T16:50:49.500+0000] {extract.py:242} INFO -   API | (JSON) taichinh_HK1_2022_23.json →    774 records
[2026-03-28T16:50:49.519+0000] {logging_mixin.py:188} WARNING - [2026-03-28 16:50:49] INFO    etl.extract :   API | (JSON) taichinh_HK1_2023_24.json →  1,162 records
[2026-03-28T16:50:49.519+0000] {extract.py:242} INFO -   API | (JSON) taichinh_HK1_2023_24.json →  1,162 records
[2026-03-28T16:50:49.541+0000] {logging_mixin.py:188} WARNING - [2026-03-28 16:50:49] INFO    etl.extract :   API | (JSON) taichinh_HK1_2024_25.json →  1,537 records
[2026-03-28T16:50:49.541+0000] {extract.py:242} INFO -   API | (JSON) taichinh_HK1_2024_25.json →  1,537 records
[2026-03-28T16:50:49.561+0000] {logging_mixin.py:188} WARNING - [2026-03-28 16:50:49] INFO    etl.extract :   API | (JSON) taichinh_HK1_2025_26.json →  1,143 records
[2026-03-28T16:50:49.561+0000] {extract.py:242} INFO -   API | (JSON) taichinh_HK1_2025_26.json →  1,143 records
[2026-03-28T16:50:49.575+0000] {logging_mixin.py:188} WARNING - [2026-03-28 16:50:49] INFO    etl.extract :   API | (JSON) taichinh_HK2_2021_22.json →    390 records
[2026-03-28T16:50:49.575+0000] {extract.py:242} INFO -   API | (JSON) taichinh_HK2_2021_22.json →    390 records
[2026-03-28T16:50:49.592+0000] {logging_mixin.py:188} WARNING - [2026-03-28 16:50:49] INFO    etl.extract :   API | (JSON) taichinh_HK2_2022_23.json →    765 records
[2026-03-28T16:50:49.591+0000] {extract.py:242} INFO -   API | (JSON) taichinh_HK2_2022_23.json →    765 records
[2026-03-28T16:50:49.611+0000] {logging_mixin.py:188} WARNING - [2026-03-28 16:50:49] INFO    etl.extract :   API | (JSON) taichinh_HK2_2023_24.json →  1,161 records
[2026-03-28T16:50:49.611+0000] {extract.py:242} INFO -   API | (JSON) taichinh_HK2_2023_24.json →  1,161 records
[2026-03-28T16:50:49.642+0000] {logging_mixin.py:188} WARNING - [2026-03-28 16:50:49] INFO    etl.extract :   API | (JSON) taichinh_HK2_2024_25.json →  1,415 records
[2026-03-28T16:50:49.642+0000] {extract.py:242} INFO -   API | (JSON) taichinh_HK2_2024_25.json →  1,415 records
[2026-03-28T16:50:49.645+0000] {logging_mixin.py:188} WARNING - [2026-03-28 16:50:49] INFO    etl.extract :   API | TỔNG: 8,737 records từ 9 HK
[2026-03-28T16:50:49.645+0000] {extract.py:266} INFO -   API | TỔNG: 8,737 records từ 9 HK
[2026-03-28T16:50:50.187+0000] {logging_mixin.py:188} WARNING - [2026-03-28 16:50:50] INFO    utils.minio :   MinIO ↑ [raw-data] 2026-03-28_16-50/nguon1_sinh_vien.parquet (47.5 KB | 1,695 rows)
[2026-03-28T16:50:50.187+0000] {minio_client.py:142} INFO -   MinIO ↑ [raw-data] 2026-03-28_16-50/nguon1_sinh_vien.parquet (47.5 KB | 1,695 rows)
[2026-03-28T16:50:50.242+0000] {logging_mixin.py:188} WARNING - [2026-03-28 16:50:50] INFO    utils.minio :   MinIO ↑ [raw-data] 2026-03-28_16-50/nguon1_dang_ky.parquet (446.0 KB | 52,893 rows)
[2026-03-28T16:50:50.242+0000] {minio_client.py:142} INFO -   MinIO ↑ [raw-data] 2026-03-28_16-50/nguon1_dang_ky.parquet (446.0 KB | 52,893 rows)
[2026-03-28T16:50:50.299+0000] {logging_mixin.py:188} WARNING - [2026-03-28 16:50:50] INFO    utils.minio :   MinIO ↑ [raw-data] 2026-03-28_16-50/nguon1_diem.parquet (1076.0 KB | 52,893 rows)
[2026-03-28T16:50:50.299+0000] {minio_client.py:142} INFO -   MinIO ↑ [raw-data] 2026-03-28_16-50/nguon1_diem.parquet (1076.0 KB | 52,893 rows)
[2026-03-28T16:50:50.311+0000] {logging_mixin.py:188} WARNING - [2026-03-28 16:50:50] INFO    utils.minio :   MinIO ↑ [raw-data] 2026-03-28_16-50/nguon1_hoc_phan.parquet (10.3 KB | 121 rows)
[2026-03-28T16:50:50.311+0000] {minio_client.py:142} INFO -   MinIO ↑ [raw-data] 2026-03-28_16-50/nguon1_hoc_phan.parquet (10.3 KB | 121 rows)
[2026-03-28T16:50:50.323+0000] {logging_mixin.py:188} WARNING - [2026-03-28 16:50:50] INFO    utils.minio :   MinIO ↑ [raw-data] 2026-03-28_16-50/nguon1_hoc_ky.parquet (4.1 KB | 9 rows)
[2026-03-28T16:50:50.323+0000] {minio_client.py:142} INFO -   MinIO ↑ [raw-data] 2026-03-28_16-50/nguon1_hoc_ky.parquet (4.1 KB | 9 rows)
[2026-03-28T16:50:50.336+0000] {logging_mixin.py:188} WARNING - [2026-03-28 16:50:50] INFO    utils.minio :   MinIO ↑ [raw-data] 2026-03-28_16-50/nguon1_giang_vien.parquet (8.3 KB | 45 rows)
[2026-03-28T16:50:50.336+0000] {minio_client.py:142} INFO -   MinIO ↑ [raw-data] 2026-03-28_16-50/nguon1_giang_vien.parquet (8.3 KB | 45 rows)
[2026-03-28T16:50:50.346+0000] {logging_mixin.py:188} WARNING - [2026-03-28 16:50:50] INFO    utils.minio :   MinIO ↑ [raw-data] 2026-03-28_16-50/nguon1_khoa.parquet (2.6 KB | 4 rows)
[2026-03-28T16:50:50.346+0000] {minio_client.py:142} INFO -   MinIO ↑ [raw-data] 2026-03-28_16-50/nguon1_khoa.parquet (2.6 KB | 4 rows)
[2026-03-28T16:50:50.358+0000] {logging_mixin.py:188} WARNING - [2026-03-28 16:50:50] INFO    utils.minio :   MinIO ↑ [raw-data] 2026-03-28_16-50/nguon1_nganh.parquet (3.2 KB | 3 rows)
[2026-03-28T16:50:50.358+0000] {minio_client.py:142} INFO -   MinIO ↑ [raw-data] 2026-03-28_16-50/nguon1_nganh.parquet (3.2 KB | 3 rows)
[2026-03-28T16:50:50.371+0000] {logging_mixin.py:188} WARNING - [2026-03-28 16:50:50] INFO    utils.minio :   MinIO ↑ [raw-data] 2026-03-28_16-50/nguon1_lop_hanh_chinh.parquet (4.8 KB | 48 rows)
[2026-03-28T16:50:50.371+0000] {minio_client.py:142} INFO -   MinIO ↑ [raw-data] 2026-03-28_16-50/nguon1_lop_hanh_chinh.parquet (4.8 KB | 48 rows)
[2026-03-28T16:50:50.386+0000] {logging_mixin.py:188} WARNING - [2026-03-28 16:50:50] INFO    utils.minio :   MinIO ↑ [raw-data] 2026-03-28_16-50/nguon1_tong_hop_ket_qua.parquet (22.3 KB | 1,695 rows)
[2026-03-28T16:50:50.386+0000] {minio_client.py:142} INFO -   MinIO ↑ [raw-data] 2026-03-28_16-50/nguon1_tong_hop_ket_qua.parquet (22.3 KB | 1,695 rows)
[2026-03-28T16:50:50.404+0000] {logging_mixin.py:188} WARNING - [2026-03-28 16:50:50] INFO    utils.minio :   MinIO ↑ [raw-data] 2026-03-28_16-50/nguon2_ctsv.parquet (36.7 KB | 8,737 rows)
[2026-03-28T16:50:50.404+0000] {minio_client.py:142} INFO -   MinIO ↑ [raw-data] 2026-03-28_16-50/nguon2_ctsv.parquet (36.7 KB | 8,737 rows)
[2026-03-28T16:50:50.424+0000] {logging_mixin.py:188} WARNING - [2026-03-28 16:50:50] INFO    utils.minio :   MinIO ↑ [raw-data] 2026-03-28_16-50/nguon3_tai_chinh.parquet (62.2 KB | 8,737 rows)
[2026-03-28T16:50:50.423+0000] {minio_client.py:142} INFO -   MinIO ↑ [raw-data] 2026-03-28_16-50/nguon3_tai_chinh.parquet (62.2 KB | 8,737 rows)
[2026-03-28T16:50:50.425+0000] {logging_mixin.py:188} WARNING - [2026-03-28 16:50:50] INFO    utils.minio :   MinIO upload xong: 12/12 files | run_id=2026-03-28_16-50
[2026-03-28T16:50:50.425+0000] {minio_client.py:188} INFO -   MinIO upload xong: 12/12 files | run_id=2026-03-28_16-50
[2026-03-28T16:50:50.427+0000] {logging_mixin.py:188} WARNING - [2026-03-28 16:50:50] INFO    etl.extract :   MinIO staging: 12/12 files OK → run_id=2026-03-28_16-50
[2026-03-28T16:50:50.427+0000] {extract.py:333} INFO -   MinIO staging: 12/12 files OK → run_id=2026-03-28_16-50
[2026-03-28T16:50:50.428+0000] {logging_mixin.py:188} WARNING - [2026-03-28 16:50:50] INFO    etl.extract : ======================================================================
[2026-03-28T16:50:50.428+0000] {extract.py:296} INFO - ======================================================================
[2026-03-28T16:50:50.430+0000] {logging_mixin.py:188} WARNING - [2026-03-28 16:50:50] INFO    etl.extract :  FULL EXTRACT HOÀN TẤT
[2026-03-28T16:50:50.430+0000] {extract.py:297} INFO -  FULL EXTRACT HOÀN TẤT
[2026-03-28T16:50:50.431+0000] {logging_mixin.py:188} WARNING - [2026-03-28 16:50:50] INFO    etl.extract :    khoa                     :        4
[2026-03-28T16:50:50.431+0000] {extract.py:299} INFO -    khoa                     :        4
[2026-03-28T16:50:50.432+0000] {logging_mixin.py:188} WARNING - [2026-03-28 16:50:50] INFO    etl.extract :    nganh                    :        3
[2026-03-28T16:50:50.432+0000] {extract.py:299} INFO -    nganh                    :        3
[2026-03-28T16:50:50.433+0000] {logging_mixin.py:188} WARNING - [2026-03-28 16:50:50] INFO    etl.extract :    giang_vien               :       45
[2026-03-28T16:50:50.433+0000] {extract.py:299} INFO -    giang_vien               :       45
[2026-03-28T16:50:50.434+0000] {logging_mixin.py:188} WARNING - [2026-03-28 16:50:50] INFO    etl.extract :    lop_hanh_chinh           :       48
[2026-03-28T16:50:50.434+0000] {extract.py:299} INFO -    lop_hanh_chinh           :       48
[2026-03-28T16:50:50.435+0000] {logging_mixin.py:188} WARNING - [2026-03-28 16:50:50] INFO    etl.extract :    sinh_vien                :    1,695
[2026-03-28T16:50:50.435+0000] {extract.py:299} INFO -    sinh_vien                :    1,695
[2026-03-28T16:50:50.435+0000] {logging_mixin.py:188} WARNING - [2026-03-28 16:50:50] INFO    etl.extract :    hoc_phan                 :      121
[2026-03-28T16:50:50.435+0000] {extract.py:299} INFO -    hoc_phan                 :      121
[2026-03-28T16:50:50.437+0000] {logging_mixin.py:188} WARNING - [2026-03-28 16:50:50] INFO    etl.extract :    hoc_ky_nam_hoc           :        9
[2026-03-28T16:50:50.437+0000] {extract.py:299} INFO -    hoc_ky_nam_hoc           :        9
[2026-03-28T16:50:50.439+0000] {logging_mixin.py:188} WARNING - [2026-03-28 16:50:50] INFO    etl.extract :    dang_ky_hoc_phan         :   52,893
[2026-03-28T16:50:50.439+0000] {extract.py:299} INFO -    dang_ky_hoc_phan         :   52,893
[2026-03-28T16:50:50.440+0000] {logging_mixin.py:188} WARNING - [2026-03-28 16:50:50] INFO    etl.extract :    diem_hoc_phan            :   52,893
[2026-03-28T16:50:50.440+0000] {extract.py:299} INFO -    diem_hoc_phan            :   52,893
[2026-03-28T16:50:50.441+0000] {logging_mixin.py:188} WARNING - [2026-03-28 16:50:50] INFO    etl.extract :    tong_hop_ket_qua         :    1,695
[2026-03-28T16:50:50.441+0000] {extract.py:299} INFO -    tong_hop_ket_qua         :    1,695
[2026-03-28T16:50:50.442+0000] {logging_mixin.py:188} WARNING - [2026-03-28 16:50:50] INFO    etl.extract :    ctsv_data                :    8,737
[2026-03-28T16:50:50.442+0000] {extract.py:299} INFO -    ctsv_data                :    8,737
[2026-03-28T16:50:50.443+0000] {logging_mixin.py:188} WARNING - [2026-03-28 16:50:50] INFO    etl.extract :    tai_chinh_data           :    8,737
[2026-03-28T16:50:50.443+0000] {extract.py:299} INFO -    tai_chinh_data           :    8,737
[2026-03-28T16:50:50.444+0000] {logging_mixin.py:188} WARNING - [2026-03-28 16:50:50] INFO    etl.extract : ======================================================================
[2026-03-28T16:50:50.444+0000] {extract.py:300} INFO - ======================================================================
[2026-03-28T16:50:50.518+0000] {logging_mixin.py:188} INFO - Extract xong: {'khoa': 4, 'nganh': 3, 'giang_vien': 45, 'lop_hanh_chinh': 48, 'sinh_vien': 1695, 'hoc_phan': 121, 'hoc_ky_nam_hoc': 9, 'dang_ky_hoc_phan': 52893, 'diem_hoc_phan': 52893, 'tong_hop_ket_qua': 1695, 'ctsv_data': 8737, 'tai_chinh_data': 8737}
[2026-03-28T16:50:50.530+0000] {python.py:201} INFO - Done. Returned value was: {'khoa': 4, 'nganh': 3, 'giang_vien': 45, 'lop_hanh_chinh': 48, 'sinh_vien': 1695, 'hoc_phan': 121, 'hoc_ky_nam_hoc': 9, 'dang_ky_hoc_phan': 52893, 'diem_hoc_phan': 52893, 'tong_hop_ket_qua': 1695, 'ctsv_data': 8737, 'tai_chinh_data': 8737}
[2026-03-28T16:50:50.557+0000] {taskinstance.py:1138} INFO - Marking task as SUCCESS. dag_id=daily_student_pipeline, task_id=extract_data, execution_date=20260328T165037, start_date=20260328T165041, end_date=20260328T165050
[2026-03-28T16:50:50.589+0000] {local_task_job_runner.py:234} INFO - Task exited with return code 0
[2026-03-28T16:50:50.631+0000] {taskinstance.py:3280} INFO - 1 downstream tasks scheduled from follow-on schedule check
