[2026-04-06T09:16:03.059+0000] {taskinstance.py:1956} INFO - Dependencies all met for dep_context=non-requeueable deps ti=<TaskInstance: daily_student_pipeline.extract_data manual__2026-04-06T09:15:59.262136+00:00 [queued]>
[2026-04-06T09:16:03.084+0000] {taskinstance.py:1956} INFO - Dependencies all met for dep_context=requeueable deps ti=<TaskInstance: daily_student_pipeline.extract_data manual__2026-04-06T09:15:59.262136+00:00 [queued]>
[2026-04-06T09:16:03.085+0000] {taskinstance.py:2170} INFO - Starting attempt 1 of 1
[2026-04-06T09:16:03.130+0000] {taskinstance.py:2191} INFO - Executing <Task(PythonOperator): extract_data> on 2026-04-06 09:15:59.262136+00:00
[2026-04-06T09:16:03.140+0000] {standard_task_runner.py:60} INFO - Started process 5135 to run task
[2026-04-06T09:16:03.146+0000] {standard_task_runner.py:87} INFO - Running: ['***', 'tasks', 'run', 'daily_student_pipeline', 'extract_data', 'manual__2026-04-06T09:15:59.262136+00:00', '--job-id', '272', '--raw', '--subdir', 'DAGS_FOLDER/daily_student_pipeline.py', '--cfg-path', '/tmp/tmpjn6pomr6']
[2026-04-06T09:16:03.151+0000] {standard_task_runner.py:88} INFO - Job 272: Subtask extract_data
[2026-04-06T09:16:03.306+0000] {task_command.py:423} INFO - Running <TaskInstance: daily_student_pipeline.extract_data manual__2026-04-06T09:15:59.262136+00:00 [running]> on host 1c62953c8918
[2026-04-06T09:16:03.536+0000] {taskinstance.py:2480} INFO - Exporting env vars: AIRFLOW_CTX_DAG_OWNER='nhom8' AIRFLOW_CTX_DAG_ID='daily_student_pipeline' AIRFLOW_CTX_TASK_ID='extract_data' AIRFLOW_CTX_EXECUTION_DATE='2026-04-06T09:15:59.262136+00:00' AIRFLOW_CTX_TRY_NUMBER='1' AIRFLOW_CTX_DAG_RUN_ID='manual__2026-04-06T09:15:59.262136+00:00'
[2026-04-06T09:16:08.552+0000] {logging_mixin.py:188} WARNING - [2026-04-06 09:16:08] INFO    etl.extract : ==BẮT ĐẦU FULL EXTRACT==
[2026-04-06T09:16:08.551+0000] {extract.py:277} INFO - ==BẮT ĐẦU FULL EXTRACT==
[2026-04-06T09:16:08.555+0000] {logging_mixin.py:188} WARNING - [2026-04-06 09:16:08] INFO    etl.extract : ======================================================================
[2026-04-06T09:16:08.555+0000] {extract.py:278} INFO - ======================================================================
[2026-04-06T09:16:08.566+0000] {logging_mixin.py:188} WARNING - [2026-04-06 09:16:08] INFO    etl.extract : ════════════════════════════════════════════════════════════
[2026-04-06T09:16:08.566+0000] {extract.py:82} INFO - ════════════════════════════════════════════════════════════
[2026-04-06T09:16:08.568+0000] {logging_mixin.py:188} WARNING - [2026-04-06 09:16:08] INFO    etl.extract : NGUỒN 1 — PostgreSQL (Phòng Đào tạo) | Full Extract
[2026-04-06T09:16:08.568+0000] {extract.py:83} INFO - NGUỒN 1 — PostgreSQL (Phòng Đào tạo) | Full Extract
[2026-04-06T09:16:08.572+0000] {logging_mixin.py:188} WARNING - [2026-04-06 09:16:08] INFO    etl.extract : ════════════════════════════════════════════════════════════
[2026-04-06T09:16:08.572+0000] {extract.py:84} INFO - ════════════════════════════════════════════════════════════
[2026-04-06T09:16:08.657+0000] {logging_mixin.py:188} WARNING - [2026-04-06 09:16:08] INFO    etl.extract :   PostgreSQL | khoa                      →      4 records
[2026-04-06T09:16:08.657+0000] {extract.py:66} INFO -   PostgreSQL | khoa                      →      4 records
[2026-04-06T09:16:08.689+0000] {logging_mixin.py:188} WARNING - [2026-04-06 09:16:08] INFO    etl.extract :   PostgreSQL | nganh                     →      3 records
[2026-04-06T09:16:08.689+0000] {extract.py:66} INFO -   PostgreSQL | nganh                     →      3 records
[2026-04-06T09:16:08.724+0000] {logging_mixin.py:188} WARNING - [2026-04-06 09:16:08] INFO    etl.extract :   PostgreSQL | giang_vien                →     45 records
[2026-04-06T09:16:08.724+0000] {extract.py:66} INFO -   PostgreSQL | giang_vien                →     45 records
[2026-04-06T09:16:08.792+0000] {logging_mixin.py:188} WARNING - [2026-04-06 09:16:08] INFO    etl.extract :   PostgreSQL | lop_hanh_chinh            →     48 records
[2026-04-06T09:16:08.792+0000] {extract.py:66} INFO -   PostgreSQL | lop_hanh_chinh            →     48 records
[2026-04-06T09:16:08.896+0000] {logging_mixin.py:188} WARNING - [2026-04-06 09:16:08] INFO    etl.extract :   PostgreSQL | sinh_vien                 →  1,695 records
[2026-04-06T09:16:08.896+0000] {extract.py:66} INFO -   PostgreSQL | sinh_vien                 →  1,695 records
[2026-04-06T09:16:08.931+0000] {logging_mixin.py:188} WARNING - [2026-04-06 09:16:08] INFO    etl.extract :   PostgreSQL | hoc_phan                  →    121 records
[2026-04-06T09:16:08.931+0000] {extract.py:66} INFO -   PostgreSQL | hoc_phan                  →    121 records
[2026-04-06T09:16:08.965+0000] {logging_mixin.py:188} WARNING - [2026-04-06 09:16:08] INFO    etl.extract :   PostgreSQL | hoc_ky_nam_hoc            →      9 records
[2026-04-06T09:16:08.964+0000] {extract.py:66} INFO -   PostgreSQL | hoc_ky_nam_hoc            →      9 records
[2026-04-06T09:16:09.337+0000] {logging_mixin.py:188} WARNING - [2026-04-06 09:16:09] INFO    etl.extract :   PostgreSQL | dang_ky_hoc_phan          → 58,001 records
[2026-04-06T09:16:09.337+0000] {extract.py:66} INFO -   PostgreSQL | dang_ky_hoc_phan          → 58,001 records
[2026-04-06T09:16:10.256+0000] {logging_mixin.py:188} WARNING - [2026-04-06 09:16:10] INFO    etl.extract :   PostgreSQL | diem_hoc_phan             → 58,001 records
[2026-04-06T09:16:10.256+0000] {extract.py:66} INFO -   PostgreSQL | diem_hoc_phan             → 58,001 records
[2026-04-06T09:16:10.349+0000] {logging_mixin.py:188} WARNING - [2026-04-06 09:16:10] INFO    etl.extract :   PostgreSQL | tong_hop_ket_qua          →  1,695 records
[2026-04-06T09:16:10.349+0000] {extract.py:66} INFO -   PostgreSQL | tong_hop_ket_qua          →  1,695 records
[2026-04-06T09:16:10.351+0000] {logging_mixin.py:188} WARNING - [2026-04-06 09:16:10] INFO    etl.extract :   PostgreSQL | TỔNG: 119,622 records từ 10 bảng
[2026-04-06T09:16:10.351+0000] {extract.py:91} INFO -   PostgreSQL | TỔNG: 119,622 records từ 10 bảng
[2026-04-06T09:16:10.354+0000] {logging_mixin.py:188} WARNING - [2026-04-06 09:16:10] INFO    etl.extract : ════════════════════════════════════════════════════════════
[2026-04-06T09:16:10.354+0000] {extract.py:163} INFO - ════════════════════════════════════════════════════════════
[2026-04-06T09:16:10.356+0000] {logging_mixin.py:188} WARNING - [2026-04-06 09:16:10] INFO    etl.extract : NGUỒN 2 — CSV (Phòng CTSV) | Extract
[2026-04-06T09:16:10.356+0000] {extract.py:164} INFO - NGUỒN 2 — CSV (Phòng CTSV) | Extract
[2026-04-06T09:16:10.359+0000] {logging_mixin.py:188} WARNING - [2026-04-06 09:16:10] INFO    etl.extract : ════════════════════════════════════════════════════════════
[2026-04-06T09:16:10.359+0000] {extract.py:165} INFO - ════════════════════════════════════════════════════════════
[2026-04-06T09:16:10.367+0000] {logging_mixin.py:188} WARNING - [2026-04-06 09:16:10] INFO    etl.extract :   CSV | Tìm thấy 9 file(s)
[2026-04-06T09:16:10.367+0000] {extract.py:174} INFO -   CSV | Tìm thấy 9 file(s)
[2026-04-06T09:16:10.387+0000] {logging_mixin.py:188} WARNING - [2026-04-06 09:16:10] INFO    etl.extract :   CSV | ctsv_HK1_2021_22.csv                →    791 records
[2026-04-06T09:16:10.387+0000] {extract.py:140} INFO -   CSV | ctsv_HK1_2021_22.csv                →    791 records
[2026-04-06T09:16:10.401+0000] {logging_mixin.py:188} WARNING - [2026-04-06 09:16:10] INFO    etl.extract :   CSV | ctsv_HK1_2022_23.csv                →  1,635 records
[2026-04-06T09:16:10.401+0000] {extract.py:140} INFO -   CSV | ctsv_HK1_2022_23.csv                →  1,635 records
[2026-04-06T09:16:10.421+0000] {logging_mixin.py:188} WARNING - [2026-04-06 09:16:10] INFO    etl.extract :   CSV | ctsv_HK1_2023_24.csv                →  2,502 records
[2026-04-06T09:16:10.421+0000] {extract.py:140} INFO -   CSV | ctsv_HK1_2023_24.csv                →  2,502 records
[2026-04-06T09:16:10.445+0000] {logging_mixin.py:188} WARNING - [2026-04-06 09:16:10] INFO    etl.extract :   CSV | ctsv_HK1_2024_25.csv                →  3,355 records
[2026-04-06T09:16:10.445+0000] {extract.py:140} INFO -   CSV | ctsv_HK1_2024_25.csv                →  3,355 records
[2026-04-06T09:16:10.465+0000] {logging_mixin.py:188} WARNING - [2026-04-06 09:16:10] INFO    etl.extract :   CSV | ctsv_HK1_2025_26.csv                →  2,543 records
[2026-04-06T09:16:10.465+0000] {extract.py:140} INFO -   CSV | ctsv_HK1_2025_26.csv                →  2,543 records
[2026-04-06T09:16:10.486+0000] {logging_mixin.py:188} WARNING - [2026-04-06 09:16:10] INFO    etl.extract :   CSV | ctsv_HK2_2021_22.csv                →    791 records
[2026-04-06T09:16:10.486+0000] {extract.py:140} INFO -   CSV | ctsv_HK2_2021_22.csv                →    791 records
[2026-04-06T09:16:10.508+0000] {logging_mixin.py:188} WARNING - [2026-04-06 09:16:10] INFO    etl.extract :   CSV | ctsv_HK2_2022_23.csv                →  1,628 records
[2026-04-06T09:16:10.507+0000] {extract.py:140} INFO -   CSV | ctsv_HK2_2022_23.csv                →  1,628 records
[2026-04-06T09:16:10.527+0000] {logging_mixin.py:188} WARNING - [2026-04-06 09:16:10] INFO    etl.extract :   CSV | ctsv_HK2_2023_24.csv                →  2,489 records
[2026-04-06T09:16:10.527+0000] {extract.py:140} INFO -   CSV | ctsv_HK2_2023_24.csv                →  2,489 records
[2026-04-06T09:16:10.544+0000] {logging_mixin.py:188} WARNING - [2026-04-06 09:16:10] INFO    etl.extract :   CSV | ctsv_HK2_2024_25.csv                →  2,958 records
[2026-04-06T09:16:10.544+0000] {extract.py:140} INFO -   CSV | ctsv_HK2_2024_25.csv                →  2,958 records
[2026-04-06T09:16:10.563+0000] {logging_mixin.py:188} WARNING - [2026-04-06 09:16:10] INFO    etl.extract :   CSV | Loại bỏ 9063 bản ghi trùng
[2026-04-06T09:16:10.563+0000] {extract.py:191} INFO -   CSV | Loại bỏ 9063 bản ghi trùng
[2026-04-06T09:16:10.567+0000] {logging_mixin.py:188} WARNING - [2026-04-06 09:16:10] INFO    etl.extract :   CSV | TỔNG: 9,629 records từ 9 file(s)
[2026-04-06T09:16:10.566+0000] {extract.py:193} INFO -   CSV | TỔNG: 9,629 records từ 9 file(s)
[2026-04-06T09:16:10.609+0000] {logging_mixin.py:188} WARNING - [2026-04-06 09:16:10] INFO    etl.extract :   API | (JSON) taichinh_HK1_2021_22.json →    390 records
[2026-04-06T09:16:10.608+0000] {extract.py:242} INFO -   API | (JSON) taichinh_HK1_2021_22.json →    390 records
[2026-04-06T09:16:10.637+0000] {logging_mixin.py:188} WARNING - [2026-04-06 09:16:10] INFO    etl.extract :   API | (JSON) taichinh_HK1_2022_23.json →    802 records
[2026-04-06T09:16:10.637+0000] {extract.py:242} INFO -   API | (JSON) taichinh_HK1_2022_23.json →    802 records
[2026-04-06T09:16:10.680+0000] {logging_mixin.py:188} WARNING - [2026-04-06 09:16:10] INFO    etl.extract :   API | (JSON) taichinh_HK1_2023_24.json →  1,229 records
[2026-04-06T09:16:10.680+0000] {extract.py:242} INFO -   API | (JSON) taichinh_HK1_2023_24.json →  1,229 records
[2026-04-06T09:16:10.725+0000] {logging_mixin.py:188} WARNING - [2026-04-06 09:16:10] INFO    etl.extract :   API | (JSON) taichinh_HK1_2024_25.json →  1,646 records
[2026-04-06T09:16:10.725+0000] {extract.py:242} INFO -   API | (JSON) taichinh_HK1_2024_25.json →  1,646 records
[2026-04-06T09:16:10.758+0000] {logging_mixin.py:188} WARNING - [2026-04-06 09:16:10] INFO    etl.extract :   API | (JSON) taichinh_HK1_2025_26.json →  1,245 records
[2026-04-06T09:16:10.758+0000] {extract.py:242} INFO -   API | (JSON) taichinh_HK1_2025_26.json →  1,245 records
[2026-04-06T09:16:10.780+0000] {logging_mixin.py:188} WARNING - [2026-04-06 09:16:10] INFO    etl.extract :   API | (JSON) taichinh_HK2_2021_22.json →    390 records
[2026-04-06T09:16:10.780+0000] {extract.py:242} INFO -   API | (JSON) taichinh_HK2_2021_22.json →    390 records
[2026-04-06T09:16:10.830+0000] {logging_mixin.py:188} WARNING - [2026-04-06 09:16:10] INFO    etl.extract :   API | (JSON) taichinh_HK2_2022_23.json →    799 records
[2026-04-06T09:16:10.830+0000] {extract.py:242} INFO -   API | (JSON) taichinh_HK2_2022_23.json →    799 records
[2026-04-06T09:16:10.861+0000] {logging_mixin.py:188} WARNING - [2026-04-06 09:16:10] INFO    etl.extract :   API | (JSON) taichinh_HK2_2023_24.json →  1,223 records
[2026-04-06T09:16:10.860+0000] {extract.py:242} INFO -   API | (JSON) taichinh_HK2_2023_24.json →  1,223 records
[2026-04-06T09:16:10.892+0000] {logging_mixin.py:188} WARNING - [2026-04-06 09:16:10] INFO    etl.extract :   API | (JSON) taichinh_HK2_2024_25.json →  1,514 records
[2026-04-06T09:16:10.892+0000] {extract.py:242} INFO -   API | (JSON) taichinh_HK2_2024_25.json →  1,514 records
[2026-04-06T09:16:10.896+0000] {logging_mixin.py:188} WARNING - [2026-04-06 09:16:10] INFO    etl.extract :   API | TỔNG: 9,238 records từ 9 HK
[2026-04-06T09:16:10.896+0000] {extract.py:266} INFO -   API | TỔNG: 9,238 records từ 9 HK
[2026-04-06T09:16:11.491+0000] {logging_mixin.py:188} WARNING - [2026-04-06 09:16:11] INFO    utils.minio :   MinIO ↑ [raw-data] 2026-04-06_09-16/nguon1_sinh_vien.parquet (48.7 KB | 1,695 rows)
[2026-04-06T09:16:11.491+0000] {minio_client.py:142} INFO -   MinIO ↑ [raw-data] 2026-04-06_09-16/nguon1_sinh_vien.parquet (48.7 KB | 1,695 rows)
[2026-04-06T09:16:11.605+0000] {logging_mixin.py:188} WARNING - [2026-04-06 09:16:11] INFO    utils.minio :   MinIO ↑ [raw-data] 2026-04-06_09-16/nguon1_dang_ky.parquet (493.4 KB | 58,001 rows)
[2026-04-06T09:16:11.605+0000] {minio_client.py:142} INFO -   MinIO ↑ [raw-data] 2026-04-06_09-16/nguon1_dang_ky.parquet (493.4 KB | 58,001 rows)
[2026-04-06T09:16:11.697+0000] {logging_mixin.py:188} WARNING - [2026-04-06 09:16:11] INFO    utils.minio :   MinIO ↑ [raw-data] 2026-04-06_09-16/nguon1_diem.parquet (1187.9 KB | 58,001 rows)
[2026-04-06T09:16:11.697+0000] {minio_client.py:142} INFO -   MinIO ↑ [raw-data] 2026-04-06_09-16/nguon1_diem.parquet (1187.9 KB | 58,001 rows)
[2026-04-06T09:16:11.713+0000] {logging_mixin.py:188} WARNING - [2026-04-06 09:16:11] INFO    utils.minio :   MinIO ↑ [raw-data] 2026-04-06_09-16/nguon1_hoc_phan.parquet (10.3 KB | 121 rows)
[2026-04-06T09:16:11.713+0000] {minio_client.py:142} INFO -   MinIO ↑ [raw-data] 2026-04-06_09-16/nguon1_hoc_phan.parquet (10.3 KB | 121 rows)
[2026-04-06T09:16:11.731+0000] {logging_mixin.py:188} WARNING - [2026-04-06 09:16:11] INFO    utils.minio :   MinIO ↑ [raw-data] 2026-04-06_09-16/nguon1_hoc_ky.parquet (4.1 KB | 9 rows)
[2026-04-06T09:16:11.731+0000] {minio_client.py:142} INFO -   MinIO ↑ [raw-data] 2026-04-06_09-16/nguon1_hoc_ky.parquet (4.1 KB | 9 rows)
[2026-04-06T09:16:11.746+0000] {logging_mixin.py:188} WARNING - [2026-04-06 09:16:11] INFO    utils.minio :   MinIO ↑ [raw-data] 2026-04-06_09-16/nguon1_giang_vien.parquet (8.3 KB | 45 rows)
[2026-04-06T09:16:11.745+0000] {minio_client.py:142} INFO -   MinIO ↑ [raw-data] 2026-04-06_09-16/nguon1_giang_vien.parquet (8.3 KB | 45 rows)
[2026-04-06T09:16:11.760+0000] {logging_mixin.py:188} WARNING - [2026-04-06 09:16:11] INFO    utils.minio :   MinIO ↑ [raw-data] 2026-04-06_09-16/nguon1_khoa.parquet (2.6 KB | 4 rows)
[2026-04-06T09:16:11.760+0000] {minio_client.py:142} INFO -   MinIO ↑ [raw-data] 2026-04-06_09-16/nguon1_khoa.parquet (2.6 KB | 4 rows)
[2026-04-06T09:16:11.776+0000] {logging_mixin.py:188} WARNING - [2026-04-06 09:16:11] INFO    utils.minio :   MinIO ↑ [raw-data] 2026-04-06_09-16/nguon1_nganh.parquet (3.2 KB | 3 rows)
[2026-04-06T09:16:11.776+0000] {minio_client.py:142} INFO -   MinIO ↑ [raw-data] 2026-04-06_09-16/nguon1_nganh.parquet (3.2 KB | 3 rows)
[2026-04-06T09:16:11.792+0000] {logging_mixin.py:188} WARNING - [2026-04-06 09:16:11] INFO    utils.minio :   MinIO ↑ [raw-data] 2026-04-06_09-16/nguon1_lop_hanh_chinh.parquet (4.8 KB | 48 rows)
[2026-04-06T09:16:11.792+0000] {minio_client.py:142} INFO -   MinIO ↑ [raw-data] 2026-04-06_09-16/nguon1_lop_hanh_chinh.parquet (4.8 KB | 48 rows)
[2026-04-06T09:16:11.812+0000] {logging_mixin.py:188} WARNING - [2026-04-06 09:16:11] INFO    utils.minio :   MinIO ↑ [raw-data] 2026-04-06_09-16/nguon1_tong_hop_ket_qua.parquet (21.6 KB | 1,695 rows)
[2026-04-06T09:16:11.812+0000] {minio_client.py:142} INFO -   MinIO ↑ [raw-data] 2026-04-06_09-16/nguon1_tong_hop_ket_qua.parquet (21.6 KB | 1,695 rows)
[2026-04-06T09:16:11.838+0000] {logging_mixin.py:188} WARNING - [2026-04-06 09:16:11] INFO    utils.minio :   MinIO ↑ [raw-data] 2026-04-06_09-16/nguon2_ctsv.parquet (48.1 KB | 9,629 rows)
[2026-04-06T09:16:11.838+0000] {minio_client.py:142} INFO -   MinIO ↑ [raw-data] 2026-04-06_09-16/nguon2_ctsv.parquet (48.1 KB | 9,629 rows)
[2026-04-06T09:16:11.882+0000] {logging_mixin.py:188} WARNING - [2026-04-06 09:16:11] INFO    utils.minio :   MinIO ↑ [raw-data] 2026-04-06_09-16/nguon3_tai_chinh.parquet (71.0 KB | 9,238 rows)
[2026-04-06T09:16:11.882+0000] {minio_client.py:142} INFO -   MinIO ↑ [raw-data] 2026-04-06_09-16/nguon3_tai_chinh.parquet (71.0 KB | 9,238 rows)
[2026-04-06T09:16:11.885+0000] {logging_mixin.py:188} WARNING - [2026-04-06 09:16:11] INFO    utils.minio :   MinIO upload xong: 12/12 files | run_id=2026-04-06_09-16
[2026-04-06T09:16:11.885+0000] {minio_client.py:188} INFO -   MinIO upload xong: 12/12 files | run_id=2026-04-06_09-16
[2026-04-06T09:16:11.889+0000] {logging_mixin.py:188} WARNING - [2026-04-06 09:16:11] INFO    etl.extract :   MinIO staging: 12/12 files OK → run_id=2026-04-06_09-16
[2026-04-06T09:16:11.889+0000] {extract.py:333} INFO -   MinIO staging: 12/12 files OK → run_id=2026-04-06_09-16
[2026-04-06T09:16:11.894+0000] {logging_mixin.py:188} WARNING - [2026-04-06 09:16:11] INFO    etl.extract : ======================================================================
[2026-04-06T09:16:11.894+0000] {extract.py:296} INFO - ======================================================================
[2026-04-06T09:16:11.897+0000] {logging_mixin.py:188} WARNING - [2026-04-06 09:16:11] INFO    etl.extract :  FULL EXTRACT HOÀN TẤT
[2026-04-06T09:16:11.897+0000] {extract.py:297} INFO -  FULL EXTRACT HOÀN TẤT
[2026-04-06T09:16:11.899+0000] {logging_mixin.py:188} WARNING - [2026-04-06 09:16:11] INFO    etl.extract :    khoa                     :        4
[2026-04-06T09:16:11.899+0000] {extract.py:299} INFO -    khoa                     :        4
[2026-04-06T09:16:11.902+0000] {logging_mixin.py:188} WARNING - [2026-04-06 09:16:11] INFO    etl.extract :    nganh                    :        3
[2026-04-06T09:16:11.901+0000] {extract.py:299} INFO -    nganh                    :        3
[2026-04-06T09:16:11.903+0000] {logging_mixin.py:188} WARNING - [2026-04-06 09:16:11] INFO    etl.extract :    giang_vien               :       45
[2026-04-06T09:16:11.903+0000] {extract.py:299} INFO -    giang_vien               :       45
[2026-04-06T09:16:11.904+0000] {logging_mixin.py:188} WARNING - [2026-04-06 09:16:11] INFO    etl.extract :    lop_hanh_chinh           :       48
[2026-04-06T09:16:11.904+0000] {extract.py:299} INFO -    lop_hanh_chinh           :       48
[2026-04-06T09:16:11.905+0000] {logging_mixin.py:188} WARNING - [2026-04-06 09:16:11] INFO    etl.extract :    sinh_vien                :    1,695
[2026-04-06T09:16:11.905+0000] {extract.py:299} INFO -    sinh_vien                :    1,695
[2026-04-06T09:16:11.905+0000] {logging_mixin.py:188} WARNING - [2026-04-06 09:16:11] INFO    etl.extract :    hoc_phan                 :      121
[2026-04-06T09:16:11.905+0000] {extract.py:299} INFO -    hoc_phan                 :      121
[2026-04-06T09:16:11.906+0000] {logging_mixin.py:188} WARNING - [2026-04-06 09:16:11] INFO    etl.extract :    hoc_ky_nam_hoc           :        9
[2026-04-06T09:16:11.906+0000] {extract.py:299} INFO -    hoc_ky_nam_hoc           :        9
[2026-04-06T09:16:11.907+0000] {logging_mixin.py:188} WARNING - [2026-04-06 09:16:11] INFO    etl.extract :    dang_ky_hoc_phan         :   58,001
[2026-04-06T09:16:11.907+0000] {extract.py:299} INFO -    dang_ky_hoc_phan         :   58,001
[2026-04-06T09:16:11.908+0000] {logging_mixin.py:188} WARNING - [2026-04-06 09:16:11] INFO    etl.extract :    diem_hoc_phan            :   58,001
[2026-04-06T09:16:11.908+0000] {extract.py:299} INFO -    diem_hoc_phan            :   58,001
[2026-04-06T09:16:11.909+0000] {logging_mixin.py:188} WARNING - [2026-04-06 09:16:11] INFO    etl.extract :    tong_hop_ket_qua         :    1,695
[2026-04-06T09:16:11.909+0000] {extract.py:299} INFO -    tong_hop_ket_qua         :    1,695
[2026-04-06T09:16:11.910+0000] {logging_mixin.py:188} WARNING - [2026-04-06 09:16:11] INFO    etl.extract :    ctsv_data                :    9,629
[2026-04-06T09:16:11.910+0000] {extract.py:299} INFO -    ctsv_data                :    9,629
[2026-04-06T09:16:11.911+0000] {logging_mixin.py:188} WARNING - [2026-04-06 09:16:11] INFO    etl.extract :    tai_chinh_data           :    9,238
[2026-04-06T09:16:11.911+0000] {extract.py:299} INFO -    tai_chinh_data           :    9,238
[2026-04-06T09:16:11.911+0000] {logging_mixin.py:188} WARNING - [2026-04-06 09:16:11] INFO    etl.extract : ======================================================================
[2026-04-06T09:16:11.911+0000] {extract.py:300} INFO - ======================================================================
[2026-04-06T09:16:11.959+0000] {logging_mixin.py:188} INFO - Extract xong: {'khoa': 4, 'nganh': 3, 'giang_vien': 45, 'lop_hanh_chinh': 48, 'sinh_vien': 1695, 'hoc_phan': 121, 'hoc_ky_nam_hoc': 9, 'dang_ky_hoc_phan': 58001, 'diem_hoc_phan': 58001, 'tong_hop_ket_qua': 1695, 'ctsv_data': 9629, 'tai_chinh_data': 9238}
[2026-04-06T09:16:11.975+0000] {python.py:201} INFO - Done. Returned value was: {'khoa': 4, 'nganh': 3, 'giang_vien': 45, 'lop_hanh_chinh': 48, 'sinh_vien': 1695, 'hoc_phan': 121, 'hoc_ky_nam_hoc': 9, 'dang_ky_hoc_phan': 58001, 'diem_hoc_phan': 58001, 'tong_hop_ket_qua': 1695, 'ctsv_data': 9629, 'tai_chinh_data': 9238}
[2026-04-06T09:16:12.011+0000] {taskinstance.py:1138} INFO - Marking task as SUCCESS. dag_id=daily_student_pipeline, task_id=extract_data, execution_date=20260406T091559, start_date=20260406T091603, end_date=20260406T091612
[2026-04-06T09:16:12.071+0000] {local_task_job_runner.py:234} INFO - Task exited with return code 0
[2026-04-06T09:16:12.110+0000] {taskinstance.py:3280} INFO - 1 downstream tasks scheduled from follow-on schedule check
