[2026-04-06T09:04:30.179+0000] {taskinstance.py:1956} INFO - Dependencies all met for dep_context=non-requeueable deps ti=<TaskInstance: daily_student_pipeline.extract_data manual__2026-04-06T09:04:27.726184+00:00 [queued]>
[2026-04-06T09:04:30.198+0000] {taskinstance.py:1956} INFO - Dependencies all met for dep_context=requeueable deps ti=<TaskInstance: daily_student_pipeline.extract_data manual__2026-04-06T09:04:27.726184+00:00 [queued]>
[2026-04-06T09:04:30.199+0000] {taskinstance.py:2170} INFO - Starting attempt 1 of 1
[2026-04-06T09:04:30.222+0000] {taskinstance.py:2191} INFO - Executing <Task(PythonOperator): extract_data> on 2026-04-06 09:04:27.726184+00:00
[2026-04-06T09:04:30.230+0000] {standard_task_runner.py:60} INFO - Started process 4430 to run task
[2026-04-06T09:04:30.236+0000] {standard_task_runner.py:87} INFO - Running: ['***', 'tasks', 'run', 'daily_student_pipeline', 'extract_data', 'manual__2026-04-06T09:04:27.726184+00:00', '--job-id', '267', '--raw', '--subdir', 'DAGS_FOLDER/daily_student_pipeline.py', '--cfg-path', '/tmp/tmpk2kb8c8g']
[2026-04-06T09:04:30.242+0000] {standard_task_runner.py:88} INFO - Job 267: Subtask extract_data
[2026-04-06T09:04:30.354+0000] {task_command.py:423} INFO - Running <TaskInstance: daily_student_pipeline.extract_data manual__2026-04-06T09:04:27.726184+00:00 [running]> on host 1c62953c8918
[2026-04-06T09:04:30.507+0000] {taskinstance.py:2480} INFO - Exporting env vars: AIRFLOW_CTX_DAG_OWNER='nhom8' AIRFLOW_CTX_DAG_ID='daily_student_pipeline' AIRFLOW_CTX_TASK_ID='extract_data' AIRFLOW_CTX_EXECUTION_DATE='2026-04-06T09:04:27.726184+00:00' AIRFLOW_CTX_TRY_NUMBER='1' AIRFLOW_CTX_DAG_RUN_ID='manual__2026-04-06T09:04:27.726184+00:00'
[2026-04-06T09:04:32.830+0000] {logging_mixin.py:188} WARNING - [2026-04-06 09:04:32] INFO    etl.extract : ==BẮT ĐẦU FULL EXTRACT==
[2026-04-06T09:04:32.830+0000] {extract.py:277} INFO - ==BẮT ĐẦU FULL EXTRACT==
[2026-04-06T09:04:32.833+0000] {logging_mixin.py:188} WARNING - [2026-04-06 09:04:32] INFO    etl.extract : ======================================================================
[2026-04-06T09:04:32.833+0000] {extract.py:278} INFO - ======================================================================
[2026-04-06T09:04:32.841+0000] {logging_mixin.py:188} WARNING - [2026-04-06 09:04:32] INFO    etl.extract : ════════════════════════════════════════════════════════════
[2026-04-06T09:04:32.841+0000] {extract.py:82} INFO - ════════════════════════════════════════════════════════════
[2026-04-06T09:04:32.843+0000] {logging_mixin.py:188} WARNING - [2026-04-06 09:04:32] INFO    etl.extract : NGUỒN 1 — PostgreSQL (Phòng Đào tạo) | Full Extract
[2026-04-06T09:04:32.843+0000] {extract.py:83} INFO - NGUỒN 1 — PostgreSQL (Phòng Đào tạo) | Full Extract
[2026-04-06T09:04:32.844+0000] {logging_mixin.py:188} WARNING - [2026-04-06 09:04:32] INFO    etl.extract : ════════════════════════════════════════════════════════════
[2026-04-06T09:04:32.844+0000] {extract.py:84} INFO - ════════════════════════════════════════════════════════════
[2026-04-06T09:04:32.926+0000] {logging_mixin.py:188} WARNING - [2026-04-06 09:04:32] INFO    etl.extract :   PostgreSQL | khoa                      →      4 records
[2026-04-06T09:04:32.926+0000] {extract.py:66} INFO -   PostgreSQL | khoa                      →      4 records
[2026-04-06T09:04:32.961+0000] {logging_mixin.py:188} WARNING - [2026-04-06 09:04:32] INFO    etl.extract :   PostgreSQL | nganh                     →      3 records
[2026-04-06T09:04:32.960+0000] {extract.py:66} INFO -   PostgreSQL | nganh                     →      3 records
[2026-04-06T09:04:33.019+0000] {logging_mixin.py:188} WARNING - [2026-04-06 09:04:33] INFO    etl.extract :   PostgreSQL | giang_vien                →     45 records
[2026-04-06T09:04:33.019+0000] {extract.py:66} INFO -   PostgreSQL | giang_vien                →     45 records
[2026-04-06T09:04:33.134+0000] {logging_mixin.py:188} WARNING - [2026-04-06 09:04:33] INFO    etl.extract :   PostgreSQL | lop_hanh_chinh            →     48 records
[2026-04-06T09:04:33.133+0000] {extract.py:66} INFO -   PostgreSQL | lop_hanh_chinh            →     48 records
[2026-04-06T09:04:33.295+0000] {logging_mixin.py:188} WARNING - [2026-04-06 09:04:33] INFO    etl.extract :   PostgreSQL | sinh_vien                 →  1,695 records
[2026-04-06T09:04:33.295+0000] {extract.py:66} INFO -   PostgreSQL | sinh_vien                 →  1,695 records
[2026-04-06T09:04:33.356+0000] {logging_mixin.py:188} WARNING - [2026-04-06 09:04:33] INFO    etl.extract :   PostgreSQL | hoc_phan                  →    121 records
[2026-04-06T09:04:33.356+0000] {extract.py:66} INFO -   PostgreSQL | hoc_phan                  →    121 records
[2026-04-06T09:04:33.393+0000] {logging_mixin.py:188} WARNING - [2026-04-06 09:04:33] INFO    etl.extract :   PostgreSQL | hoc_ky_nam_hoc            →      9 records
[2026-04-06T09:04:33.392+0000] {extract.py:66} INFO -   PostgreSQL | hoc_ky_nam_hoc            →      9 records
[2026-04-06T09:04:33.803+0000] {logging_mixin.py:188} WARNING - [2026-04-06 09:04:33] INFO    etl.extract :   PostgreSQL | dang_ky_hoc_phan          → 58,001 records
[2026-04-06T09:04:33.803+0000] {extract.py:66} INFO -   PostgreSQL | dang_ky_hoc_phan          → 58,001 records
[2026-04-06T09:04:34.828+0000] {logging_mixin.py:188} WARNING - [2026-04-06 09:04:34] INFO    etl.extract :   PostgreSQL | diem_hoc_phan             → 58,001 records
[2026-04-06T09:04:34.828+0000] {extract.py:66} INFO -   PostgreSQL | diem_hoc_phan             → 58,001 records
[2026-04-06T09:04:34.931+0000] {logging_mixin.py:188} WARNING - [2026-04-06 09:04:34] INFO    etl.extract :   PostgreSQL | tong_hop_ket_qua          →  1,695 records
[2026-04-06T09:04:34.931+0000] {extract.py:66} INFO -   PostgreSQL | tong_hop_ket_qua          →  1,695 records
[2026-04-06T09:04:34.933+0000] {logging_mixin.py:188} WARNING - [2026-04-06 09:04:34] INFO    etl.extract :   PostgreSQL | TỔNG: 119,622 records từ 10 bảng
[2026-04-06T09:04:34.933+0000] {extract.py:91} INFO -   PostgreSQL | TỔNG: 119,622 records từ 10 bảng
[2026-04-06T09:04:34.935+0000] {logging_mixin.py:188} WARNING - [2026-04-06 09:04:34] INFO    etl.extract : ════════════════════════════════════════════════════════════
[2026-04-06T09:04:34.935+0000] {extract.py:163} INFO - ════════════════════════════════════════════════════════════
[2026-04-06T09:04:34.937+0000] {logging_mixin.py:188} WARNING - [2026-04-06 09:04:34] INFO    etl.extract : NGUỒN 2 — CSV (Phòng CTSV) | Extract
[2026-04-06T09:04:34.937+0000] {extract.py:164} INFO - NGUỒN 2 — CSV (Phòng CTSV) | Extract
[2026-04-06T09:04:34.940+0000] {logging_mixin.py:188} WARNING - [2026-04-06 09:04:34] INFO    etl.extract : ════════════════════════════════════════════════════════════
[2026-04-06T09:04:34.939+0000] {extract.py:165} INFO - ════════════════════════════════════════════════════════════
[2026-04-06T09:04:34.948+0000] {logging_mixin.py:188} WARNING - [2026-04-06 09:04:34] INFO    etl.extract :   CSV | Tìm thấy 9 file(s)
[2026-04-06T09:04:34.948+0000] {extract.py:174} INFO -   CSV | Tìm thấy 9 file(s)
[2026-04-06T09:04:34.965+0000] {logging_mixin.py:188} WARNING - [2026-04-06 09:04:34] INFO    etl.extract :   CSV | ctsv_HK1_2021_22.csv                →    780 records
[2026-04-06T09:04:34.965+0000] {extract.py:140} INFO -   CSV | ctsv_HK1_2021_22.csv                →    780 records
[2026-04-06T09:04:34.981+0000] {logging_mixin.py:188} WARNING - [2026-04-06 09:04:34] INFO    etl.extract :   CSV | ctsv_HK1_2022_23.csv                →  1,611 records
[2026-04-06T09:04:34.981+0000] {extract.py:140} INFO -   CSV | ctsv_HK1_2022_23.csv                →  1,611 records
[2026-04-06T09:04:34.997+0000] {logging_mixin.py:188} WARNING - [2026-04-06 09:04:34] INFO    etl.extract :   CSV | ctsv_HK1_2023_24.csv                →  2,466 records
[2026-04-06T09:04:34.997+0000] {extract.py:140} INFO -   CSV | ctsv_HK1_2023_24.csv                →  2,466 records
[2026-04-06T09:04:35.012+0000] {logging_mixin.py:188} WARNING - [2026-04-06 09:04:35] INFO    etl.extract :   CSV | ctsv_HK1_2024_25.csv                →  3,306 records
[2026-04-06T09:04:35.012+0000] {extract.py:140} INFO -   CSV | ctsv_HK1_2024_25.csv                →  3,306 records
[2026-04-06T09:04:35.023+0000] {logging_mixin.py:188} WARNING - [2026-04-06 09:04:35] INFO    etl.extract :   CSV | ctsv_HK1_2025_26.csv                →  2,506 records
[2026-04-06T09:04:35.023+0000] {extract.py:140} INFO -   CSV | ctsv_HK1_2025_26.csv                →  2,506 records
[2026-04-06T09:04:35.031+0000] {logging_mixin.py:188} WARNING - [2026-04-06 09:04:35] INFO    etl.extract :   CSV | ctsv_HK2_2021_22.csv                →    780 records
[2026-04-06T09:04:35.031+0000] {extract.py:140} INFO -   CSV | ctsv_HK2_2021_22.csv                →    780 records
[2026-04-06T09:04:35.042+0000] {logging_mixin.py:188} WARNING - [2026-04-06 09:04:35] INFO    etl.extract :   CSV | ctsv_HK2_2022_23.csv                →  1,604 records
[2026-04-06T09:04:35.042+0000] {extract.py:140} INFO -   CSV | ctsv_HK2_2022_23.csv                →  1,604 records
[2026-04-06T09:04:35.055+0000] {logging_mixin.py:188} WARNING - [2026-04-06 09:04:35] INFO    etl.extract :   CSV | ctsv_HK2_2023_24.csv                →  2,453 records
[2026-04-06T09:04:35.055+0000] {extract.py:140} INFO -   CSV | ctsv_HK2_2023_24.csv                →  2,453 records
[2026-04-06T09:04:35.071+0000] {logging_mixin.py:188} WARNING - [2026-04-06 09:04:35] INFO    etl.extract :   CSV | ctsv_HK2_2024_25.csv                →  2,915 records
[2026-04-06T09:04:35.070+0000] {extract.py:140} INFO -   CSV | ctsv_HK2_2024_25.csv                →  2,915 records
[2026-04-06T09:04:35.082+0000] {logging_mixin.py:188} WARNING - [2026-04-06 09:04:35] INFO    etl.extract :   CSV | Loại bỏ 9183 bản ghi trùng
[2026-04-06T09:04:35.082+0000] {extract.py:191} INFO -   CSV | Loại bỏ 9183 bản ghi trùng
[2026-04-06T09:04:35.084+0000] {logging_mixin.py:188} WARNING - [2026-04-06 09:04:35] INFO    etl.extract :   CSV | TỔNG: 9,238 records từ 9 file(s)
[2026-04-06T09:04:35.084+0000] {extract.py:193} INFO -   CSV | TỔNG: 9,238 records từ 9 file(s)
[2026-04-06T09:04:35.116+0000] {logging_mixin.py:188} WARNING - [2026-04-06 09:04:35] INFO    etl.extract :   API | (JSON) taichinh_HK1_2021_22.json →    390 records
[2026-04-06T09:04:35.116+0000] {extract.py:242} INFO -   API | (JSON) taichinh_HK1_2021_22.json →    390 records
[2026-04-06T09:04:35.138+0000] {logging_mixin.py:188} WARNING - [2026-04-06 09:04:35] INFO    etl.extract :   API | (JSON) taichinh_HK1_2022_23.json →    802 records
[2026-04-06T09:04:35.138+0000] {extract.py:242} INFO -   API | (JSON) taichinh_HK1_2022_23.json →    802 records
[2026-04-06T09:04:35.162+0000] {logging_mixin.py:188} WARNING - [2026-04-06 09:04:35] INFO    etl.extract :   API | (JSON) taichinh_HK1_2023_24.json →  1,229 records
[2026-04-06T09:04:35.162+0000] {extract.py:242} INFO -   API | (JSON) taichinh_HK1_2023_24.json →  1,229 records
[2026-04-06T09:04:35.190+0000] {logging_mixin.py:188} WARNING - [2026-04-06 09:04:35] INFO    etl.extract :   API | (JSON) taichinh_HK1_2024_25.json →  1,646 records
[2026-04-06T09:04:35.189+0000] {extract.py:242} INFO -   API | (JSON) taichinh_HK1_2024_25.json →  1,646 records
[2026-04-06T09:04:35.216+0000] {logging_mixin.py:188} WARNING - [2026-04-06 09:04:35] INFO    etl.extract :   API | (JSON) taichinh_HK1_2025_26.json →  1,245 records
[2026-04-06T09:04:35.216+0000] {extract.py:242} INFO -   API | (JSON) taichinh_HK1_2025_26.json →  1,245 records
[2026-04-06T09:04:35.237+0000] {logging_mixin.py:188} WARNING - [2026-04-06 09:04:35] INFO    etl.extract :   API | (JSON) taichinh_HK2_2021_22.json →    390 records
[2026-04-06T09:04:35.236+0000] {extract.py:242} INFO -   API | (JSON) taichinh_HK2_2021_22.json →    390 records
[2026-04-06T09:04:35.258+0000] {logging_mixin.py:188} WARNING - [2026-04-06 09:04:35] INFO    etl.extract :   API | (JSON) taichinh_HK2_2022_23.json →    799 records
[2026-04-06T09:04:35.258+0000] {extract.py:242} INFO -   API | (JSON) taichinh_HK2_2022_23.json →    799 records
[2026-04-06T09:04:35.285+0000] {logging_mixin.py:188} WARNING - [2026-04-06 09:04:35] INFO    etl.extract :   API | (JSON) taichinh_HK2_2023_24.json →  1,223 records
[2026-04-06T09:04:35.285+0000] {extract.py:242} INFO -   API | (JSON) taichinh_HK2_2023_24.json →  1,223 records
[2026-04-06T09:04:35.313+0000] {logging_mixin.py:188} WARNING - [2026-04-06 09:04:35] INFO    etl.extract :   API | (JSON) taichinh_HK2_2024_25.json →  1,514 records
[2026-04-06T09:04:35.313+0000] {extract.py:242} INFO -   API | (JSON) taichinh_HK2_2024_25.json →  1,514 records
[2026-04-06T09:04:35.316+0000] {logging_mixin.py:188} WARNING - [2026-04-06 09:04:35] INFO    etl.extract :   API | TỔNG: 9,238 records từ 9 HK
[2026-04-06T09:04:35.316+0000] {extract.py:266} INFO -   API | TỔNG: 9,238 records từ 9 HK
[2026-04-06T09:04:35.833+0000] {logging_mixin.py:188} WARNING - [2026-04-06 09:04:35] INFO    utils.minio :   MinIO ↑ [raw-data] 2026-04-06_09-04/nguon1_sinh_vien.parquet (48.7 KB | 1,695 rows)
[2026-04-06T09:04:35.833+0000] {minio_client.py:142} INFO -   MinIO ↑ [raw-data] 2026-04-06_09-04/nguon1_sinh_vien.parquet (48.7 KB | 1,695 rows)
[2026-04-06T09:04:35.915+0000] {logging_mixin.py:188} WARNING - [2026-04-06 09:04:35] INFO    utils.minio :   MinIO ↑ [raw-data] 2026-04-06_09-04/nguon1_dang_ky.parquet (493.4 KB | 58,001 rows)
[2026-04-06T09:04:35.915+0000] {minio_client.py:142} INFO -   MinIO ↑ [raw-data] 2026-04-06_09-04/nguon1_dang_ky.parquet (493.4 KB | 58,001 rows)
[2026-04-06T09:04:35.984+0000] {logging_mixin.py:188} WARNING - [2026-04-06 09:04:35] INFO    utils.minio :   MinIO ↑ [raw-data] 2026-04-06_09-04/nguon1_diem.parquet (1187.9 KB | 58,001 rows)
[2026-04-06T09:04:35.984+0000] {minio_client.py:142} INFO -   MinIO ↑ [raw-data] 2026-04-06_09-04/nguon1_diem.parquet (1187.9 KB | 58,001 rows)
[2026-04-06T09:04:36.002+0000] {logging_mixin.py:188} WARNING - [2026-04-06 09:04:36] INFO    utils.minio :   MinIO ↑ [raw-data] 2026-04-06_09-04/nguon1_hoc_phan.parquet (10.3 KB | 121 rows)
[2026-04-06T09:04:36.002+0000] {minio_client.py:142} INFO -   MinIO ↑ [raw-data] 2026-04-06_09-04/nguon1_hoc_phan.parquet (10.3 KB | 121 rows)
[2026-04-06T09:04:36.021+0000] {logging_mixin.py:188} WARNING - [2026-04-06 09:04:36] INFO    utils.minio :   MinIO ↑ [raw-data] 2026-04-06_09-04/nguon1_hoc_ky.parquet (4.1 KB | 9 rows)
[2026-04-06T09:04:36.020+0000] {minio_client.py:142} INFO -   MinIO ↑ [raw-data] 2026-04-06_09-04/nguon1_hoc_ky.parquet (4.1 KB | 9 rows)
[2026-04-06T09:04:36.038+0000] {logging_mixin.py:188} WARNING - [2026-04-06 09:04:36] INFO    utils.minio :   MinIO ↑ [raw-data] 2026-04-06_09-04/nguon1_giang_vien.parquet (8.3 KB | 45 rows)
[2026-04-06T09:04:36.038+0000] {minio_client.py:142} INFO -   MinIO ↑ [raw-data] 2026-04-06_09-04/nguon1_giang_vien.parquet (8.3 KB | 45 rows)
[2026-04-06T09:04:36.053+0000] {logging_mixin.py:188} WARNING - [2026-04-06 09:04:36] INFO    utils.minio :   MinIO ↑ [raw-data] 2026-04-06_09-04/nguon1_khoa.parquet (2.6 KB | 4 rows)
[2026-04-06T09:04:36.053+0000] {minio_client.py:142} INFO -   MinIO ↑ [raw-data] 2026-04-06_09-04/nguon1_khoa.parquet (2.6 KB | 4 rows)
[2026-04-06T09:04:36.065+0000] {logging_mixin.py:188} WARNING - [2026-04-06 09:04:36] INFO    utils.minio :   MinIO ↑ [raw-data] 2026-04-06_09-04/nguon1_nganh.parquet (3.2 KB | 3 rows)
[2026-04-06T09:04:36.065+0000] {minio_client.py:142} INFO -   MinIO ↑ [raw-data] 2026-04-06_09-04/nguon1_nganh.parquet (3.2 KB | 3 rows)
[2026-04-06T09:04:36.078+0000] {logging_mixin.py:188} WARNING - [2026-04-06 09:04:36] INFO    utils.minio :   MinIO ↑ [raw-data] 2026-04-06_09-04/nguon1_lop_hanh_chinh.parquet (4.8 KB | 48 rows)
[2026-04-06T09:04:36.078+0000] {minio_client.py:142} INFO -   MinIO ↑ [raw-data] 2026-04-06_09-04/nguon1_lop_hanh_chinh.parquet (4.8 KB | 48 rows)
[2026-04-06T09:04:36.095+0000] {logging_mixin.py:188} WARNING - [2026-04-06 09:04:36] INFO    utils.minio :   MinIO ↑ [raw-data] 2026-04-06_09-04/nguon1_tong_hop_ket_qua.parquet (21.6 KB | 1,695 rows)
[2026-04-06T09:04:36.095+0000] {minio_client.py:142} INFO -   MinIO ↑ [raw-data] 2026-04-06_09-04/nguon1_tong_hop_ket_qua.parquet (21.6 KB | 1,695 rows)
[2026-04-06T09:04:36.125+0000] {logging_mixin.py:188} WARNING - [2026-04-06 09:04:36] INFO    utils.minio :   MinIO ↑ [raw-data] 2026-04-06_09-04/nguon2_ctsv.parquet (38.2 KB | 9,238 rows)
[2026-04-06T09:04:36.125+0000] {minio_client.py:142} INFO -   MinIO ↑ [raw-data] 2026-04-06_09-04/nguon2_ctsv.parquet (38.2 KB | 9,238 rows)
[2026-04-06T09:04:36.157+0000] {logging_mixin.py:188} WARNING - [2026-04-06 09:04:36] INFO    utils.minio :   MinIO ↑ [raw-data] 2026-04-06_09-04/nguon3_tai_chinh.parquet (66.6 KB | 9,238 rows)
[2026-04-06T09:04:36.157+0000] {minio_client.py:142} INFO -   MinIO ↑ [raw-data] 2026-04-06_09-04/nguon3_tai_chinh.parquet (66.6 KB | 9,238 rows)
[2026-04-06T09:04:36.159+0000] {logging_mixin.py:188} WARNING - [2026-04-06 09:04:36] INFO    utils.minio :   MinIO upload xong: 12/12 files | run_id=2026-04-06_09-04
[2026-04-06T09:04:36.159+0000] {minio_client.py:188} INFO -   MinIO upload xong: 12/12 files | run_id=2026-04-06_09-04
[2026-04-06T09:04:36.160+0000] {logging_mixin.py:188} WARNING - [2026-04-06 09:04:36] INFO    etl.extract :   MinIO staging: 12/12 files OK → run_id=2026-04-06_09-04
[2026-04-06T09:04:36.160+0000] {extract.py:333} INFO -   MinIO staging: 12/12 files OK → run_id=2026-04-06_09-04
[2026-04-06T09:04:36.162+0000] {logging_mixin.py:188} WARNING - [2026-04-06 09:04:36] INFO    etl.extract : ======================================================================
[2026-04-06T09:04:36.162+0000] {extract.py:296} INFO - ======================================================================
[2026-04-06T09:04:36.164+0000] {logging_mixin.py:188} WARNING - [2026-04-06 09:04:36] INFO    etl.extract :  FULL EXTRACT HOÀN TẤT
[2026-04-06T09:04:36.164+0000] {extract.py:297} INFO -  FULL EXTRACT HOÀN TẤT
[2026-04-06T09:04:36.165+0000] {logging_mixin.py:188} WARNING - [2026-04-06 09:04:36] INFO    etl.extract :    khoa                     :        4
[2026-04-06T09:04:36.165+0000] {extract.py:299} INFO -    khoa                     :        4
[2026-04-06T09:04:36.166+0000] {logging_mixin.py:188} WARNING - [2026-04-06 09:04:36] INFO    etl.extract :    nganh                    :        3
[2026-04-06T09:04:36.166+0000] {extract.py:299} INFO -    nganh                    :        3
[2026-04-06T09:04:36.168+0000] {logging_mixin.py:188} WARNING - [2026-04-06 09:04:36] INFO    etl.extract :    giang_vien               :       45
[2026-04-06T09:04:36.167+0000] {extract.py:299} INFO -    giang_vien               :       45
[2026-04-06T09:04:36.169+0000] {logging_mixin.py:188} WARNING - [2026-04-06 09:04:36] INFO    etl.extract :    lop_hanh_chinh           :       48
[2026-04-06T09:04:36.169+0000] {extract.py:299} INFO -    lop_hanh_chinh           :       48
[2026-04-06T09:04:36.170+0000] {logging_mixin.py:188} WARNING - [2026-04-06 09:04:36] INFO    etl.extract :    sinh_vien                :    1,695
[2026-04-06T09:04:36.170+0000] {extract.py:299} INFO -    sinh_vien                :    1,695
[2026-04-06T09:04:36.171+0000] {logging_mixin.py:188} WARNING - [2026-04-06 09:04:36] INFO    etl.extract :    hoc_phan                 :      121
[2026-04-06T09:04:36.171+0000] {extract.py:299} INFO -    hoc_phan                 :      121
[2026-04-06T09:04:36.173+0000] {logging_mixin.py:188} WARNING - [2026-04-06 09:04:36] INFO    etl.extract :    hoc_ky_nam_hoc           :        9
[2026-04-06T09:04:36.173+0000] {extract.py:299} INFO -    hoc_ky_nam_hoc           :        9
[2026-04-06T09:04:36.174+0000] {logging_mixin.py:188} WARNING - [2026-04-06 09:04:36] INFO    etl.extract :    dang_ky_hoc_phan         :   58,001
[2026-04-06T09:04:36.174+0000] {extract.py:299} INFO -    dang_ky_hoc_phan         :   58,001
[2026-04-06T09:04:36.176+0000] {logging_mixin.py:188} WARNING - [2026-04-06 09:04:36] INFO    etl.extract :    diem_hoc_phan            :   58,001
[2026-04-06T09:04:36.176+0000] {extract.py:299} INFO -    diem_hoc_phan            :   58,001
[2026-04-06T09:04:36.177+0000] {logging_mixin.py:188} WARNING - [2026-04-06 09:04:36] INFO    etl.extract :    tong_hop_ket_qua         :    1,695
[2026-04-06T09:04:36.177+0000] {extract.py:299} INFO -    tong_hop_ket_qua         :    1,695
[2026-04-06T09:04:36.178+0000] {logging_mixin.py:188} WARNING - [2026-04-06 09:04:36] INFO    etl.extract :    ctsv_data                :    9,238
[2026-04-06T09:04:36.178+0000] {extract.py:299} INFO -    ctsv_data                :    9,238
[2026-04-06T09:04:36.181+0000] {logging_mixin.py:188} WARNING - [2026-04-06 09:04:36] INFO    etl.extract :    tai_chinh_data           :    9,238
[2026-04-06T09:04:36.181+0000] {extract.py:299} INFO -    tai_chinh_data           :    9,238
[2026-04-06T09:04:36.183+0000] {logging_mixin.py:188} WARNING - [2026-04-06 09:04:36] INFO    etl.extract : ======================================================================
[2026-04-06T09:04:36.183+0000] {extract.py:300} INFO - ======================================================================
[2026-04-06T09:04:36.228+0000] {logging_mixin.py:188} INFO - Extract xong: {'khoa': 4, 'nganh': 3, 'giang_vien': 45, 'lop_hanh_chinh': 48, 'sinh_vien': 1695, 'hoc_phan': 121, 'hoc_ky_nam_hoc': 9, 'dang_ky_hoc_phan': 58001, 'diem_hoc_phan': 58001, 'tong_hop_ket_qua': 1695, 'ctsv_data': 9238, 'tai_chinh_data': 9238}
[2026-04-06T09:04:36.242+0000] {python.py:201} INFO - Done. Returned value was: {'khoa': 4, 'nganh': 3, 'giang_vien': 45, 'lop_hanh_chinh': 48, 'sinh_vien': 1695, 'hoc_phan': 121, 'hoc_ky_nam_hoc': 9, 'dang_ky_hoc_phan': 58001, 'diem_hoc_phan': 58001, 'tong_hop_ket_qua': 1695, 'ctsv_data': 9238, 'tai_chinh_data': 9238}
[2026-04-06T09:04:36.285+0000] {taskinstance.py:1138} INFO - Marking task as SUCCESS. dag_id=daily_student_pipeline, task_id=extract_data, execution_date=20260406T090427, start_date=20260406T090430, end_date=20260406T090436
[2026-04-06T09:04:36.324+0000] {local_task_job_runner.py:234} INFO - Task exited with return code 0
[2026-04-06T09:04:36.358+0000] {taskinstance.py:3280} INFO - 1 downstream tasks scheduled from follow-on schedule check
