[2026-04-05T09:29:07.220+0000] {taskinstance.py:1956} INFO - Dependencies all met for dep_context=non-requeueable deps ti=<TaskInstance: daily_student_pipeline.transform_data manual__2026-04-05T09:28:50.148953+00:00 [queued]>
[2026-04-05T09:29:07.229+0000] {taskinstance.py:1956} INFO - Dependencies all met for dep_context=requeueable deps ti=<TaskInstance: daily_student_pipeline.transform_data manual__2026-04-05T09:28:50.148953+00:00 [queued]>
[2026-04-05T09:29:07.230+0000] {taskinstance.py:2170} INFO - Starting attempt 1 of 1
[2026-04-05T09:29:07.250+0000] {taskinstance.py:2191} INFO - Executing <Task(PythonOperator): transform_data> on 2026-04-05 09:28:50.148953+00:00
[2026-04-05T09:29:07.256+0000] {standard_task_runner.py:60} INFO - Started process 12896 to run task
[2026-04-05T09:29:07.258+0000] {standard_task_runner.py:87} INFO - Running: ['***', 'tasks', 'run', 'daily_student_pipeline', 'transform_data', 'manual__2026-04-05T09:28:50.148953+00:00', '--job-id', '197', '--raw', '--subdir', 'DAGS_FOLDER/daily_student_pipeline.py', '--cfg-path', '/tmp/tmps88krfx5']
[2026-04-05T09:29:07.261+0000] {standard_task_runner.py:88} INFO - Job 197: Subtask transform_data
[2026-04-05T09:29:07.363+0000] {task_command.py:423} INFO - Running <TaskInstance: daily_student_pipeline.transform_data manual__2026-04-05T09:28:50.148953+00:00 [running]> on host 1c62953c8918
[2026-04-05T09:29:07.483+0000] {taskinstance.py:2480} INFO - Exporting env vars: AIRFLOW_CTX_DAG_OWNER='nhom8' AIRFLOW_CTX_DAG_ID='daily_student_pipeline' AIRFLOW_CTX_TASK_ID='transform_data' AIRFLOW_CTX_EXECUTION_DATE='2026-04-05T09:28:50.148953+00:00' AIRFLOW_CTX_TRY_NUMBER='1' AIRFLOW_CTX_DAG_RUN_ID='manual__2026-04-05T09:28:50.148953+00:00'
[2026-04-05T09:29:08.181+0000] {logging_mixin.py:188} WARNING - [2026-04-05 09:29:08] INFO    etl.extract :   Load from MinIO staging: run_id=2026-04-05_09-29
[2026-04-05T09:29:08.181+0000] {extract.py:352} INFO -   Load from MinIO staging: run_id=2026-04-05_09-29
[2026-04-05T09:29:08.210+0000] {logging_mixin.py:188} WARNING - [2026-04-05 09:29:08] INFO    utils.minio :   MinIO ↓ [raw-data] 2026-04-05_09-29/nguon1_khoa.parquet (4 rows)
[2026-04-05T09:29:08.210+0000] {minio_client.py:223} INFO -   MinIO ↓ [raw-data] 2026-04-05_09-29/nguon1_khoa.parquet (4 rows)
[2026-04-05T09:29:08.221+0000] {logging_mixin.py:188} WARNING - [2026-04-05 09:29:08] INFO    utils.minio :   MinIO ↓ [raw-data] 2026-04-05_09-29/nguon1_nganh.parquet (3 rows)
[2026-04-05T09:29:08.220+0000] {minio_client.py:223} INFO -   MinIO ↓ [raw-data] 2026-04-05_09-29/nguon1_nganh.parquet (3 rows)
[2026-04-05T09:29:08.232+0000] {logging_mixin.py:188} WARNING - [2026-04-05 09:29:08] INFO    utils.minio :   MinIO ↓ [raw-data] 2026-04-05_09-29/nguon1_giang_vien.parquet (45 rows)
[2026-04-05T09:29:08.232+0000] {minio_client.py:223} INFO -   MinIO ↓ [raw-data] 2026-04-05_09-29/nguon1_giang_vien.parquet (45 rows)
[2026-04-05T09:29:08.243+0000] {logging_mixin.py:188} WARNING - [2026-04-05 09:29:08] INFO    utils.minio :   MinIO ↓ [raw-data] 2026-04-05_09-29/nguon1_lop_hanh_chinh.parquet (48 rows)
[2026-04-05T09:29:08.243+0000] {minio_client.py:223} INFO -   MinIO ↓ [raw-data] 2026-04-05_09-29/nguon1_lop_hanh_chinh.parquet (48 rows)
[2026-04-05T09:29:08.255+0000] {logging_mixin.py:188} WARNING - [2026-04-05 09:29:08] INFO    utils.minio :   MinIO ↓ [raw-data] 2026-04-05_09-29/nguon1_sinh_vien.parquet (1,695 rows)
[2026-04-05T09:29:08.255+0000] {minio_client.py:223} INFO -   MinIO ↓ [raw-data] 2026-04-05_09-29/nguon1_sinh_vien.parquet (1,695 rows)
[2026-04-05T09:29:08.266+0000] {logging_mixin.py:188} WARNING - [2026-04-05 09:29:08] INFO    utils.minio :   MinIO ↓ [raw-data] 2026-04-05_09-29/nguon1_hoc_phan.parquet (121 rows)
[2026-04-05T09:29:08.266+0000] {minio_client.py:223} INFO -   MinIO ↓ [raw-data] 2026-04-05_09-29/nguon1_hoc_phan.parquet (121 rows)
[2026-04-05T09:29:08.276+0000] {logging_mixin.py:188} WARNING - [2026-04-05 09:29:08] INFO    utils.minio :   MinIO ↓ [raw-data] 2026-04-05_09-29/nguon1_hoc_ky.parquet (9 rows)
[2026-04-05T09:29:08.276+0000] {minio_client.py:223} INFO -   MinIO ↓ [raw-data] 2026-04-05_09-29/nguon1_hoc_ky.parquet (9 rows)
[2026-04-05T09:29:08.296+0000] {logging_mixin.py:188} WARNING - [2026-04-05 09:29:08] INFO    utils.minio :   MinIO ↓ [raw-data] 2026-04-05_09-29/nguon1_dang_ky.parquet (58,001 rows)
[2026-04-05T09:29:08.296+0000] {minio_client.py:223} INFO -   MinIO ↓ [raw-data] 2026-04-05_09-29/nguon1_dang_ky.parquet (58,001 rows)
[2026-04-05T09:29:08.323+0000] {logging_mixin.py:188} WARNING - [2026-04-05 09:29:08] INFO    utils.minio :   MinIO ↓ [raw-data] 2026-04-05_09-29/nguon1_diem.parquet (58,001 rows)
[2026-04-05T09:29:08.323+0000] {minio_client.py:223} INFO -   MinIO ↓ [raw-data] 2026-04-05_09-29/nguon1_diem.parquet (58,001 rows)
[2026-04-05T09:29:08.336+0000] {logging_mixin.py:188} WARNING - [2026-04-05 09:29:08] INFO    utils.minio :   MinIO ↓ [raw-data] 2026-04-05_09-29/nguon1_tong_hop_ket_qua.parquet (1,695 rows)
[2026-04-05T09:29:08.336+0000] {minio_client.py:223} INFO -   MinIO ↓ [raw-data] 2026-04-05_09-29/nguon1_tong_hop_ket_qua.parquet (1,695 rows)
[2026-04-05T09:29:08.348+0000] {logging_mixin.py:188} WARNING - [2026-04-05 09:29:08] INFO    utils.minio :   MinIO ↓ [raw-data] 2026-04-05_09-29/nguon2_ctsv.parquet (9,238 rows)
[2026-04-05T09:29:08.348+0000] {minio_client.py:223} INFO -   MinIO ↓ [raw-data] 2026-04-05_09-29/nguon2_ctsv.parquet (9,238 rows)
[2026-04-05T09:29:08.360+0000] {logging_mixin.py:188} WARNING - [2026-04-05 09:29:08] INFO    utils.minio :   MinIO ↓ [raw-data] 2026-04-05_09-29/nguon3_tai_chinh.parquet (9,238 rows)
[2026-04-05T09:29:08.359+0000] {minio_client.py:223} INFO -   MinIO ↓ [raw-data] 2026-04-05_09-29/nguon3_tai_chinh.parquet (9,238 rows)
[2026-04-05T09:29:08.361+0000] {logging_mixin.py:188} WARNING - [2026-04-05 09:29:08] INFO    etl.extract :  Load from staging OK — run_id=2026-04-05_09-29
[2026-04-05T09:29:08.361+0000] {extract.py:369} INFO -  Load from staging OK — run_id=2026-04-05_09-29
[2026-04-05T09:29:08.363+0000] {logging_mixin.py:188} WARNING - [2026-04-05 09:29:08] INFO    etl.transform : ==BẮT ĐẦU TRANSFORM==
[2026-04-05T09:29:08.363+0000] {transform.py:67} INFO - ==BẮT ĐẦU TRANSFORM==
[2026-04-05T09:29:08.364+0000] {logging_mixin.py:188} WARNING - [2026-04-05 09:29:08] INFO    etl.transform : ======================================================================
[2026-04-05T09:29:08.364+0000] {transform.py:68} INFO - ======================================================================
[2026-04-05T09:29:08.367+0000] {logging_mixin.py:188} WARNING - [2026-04-05 09:29:08] INFO    etl.transform : ── Bước 1: Transform Dimension Tables ──
[2026-04-05T09:29:08.367+0000] {transform.py:72} INFO - ── Bước 1: Transform Dimension Tables ──
[2026-04-05T09:29:08.372+0000] {logging_mixin.py:188} WARNING - [2026-04-05 09:29:08] INFO    etl.transform :   dim_thoi_gian (→dim_hoc_ky)  →      9 records
[2026-04-05T09:29:08.372+0000] {transform.py:198} INFO -   dim_thoi_gian (→dim_hoc_ky)  →      9 records
[2026-04-05T09:29:08.377+0000] {logging_mixin.py:188} WARNING - [2026-04-05 09:29:08] INFO    etl.transform :   dim_giang_vien              →     45 records
[2026-04-05T09:29:08.377+0000] {transform.py:226} INFO -   dim_giang_vien              →     45 records
[2026-04-05T09:29:08.381+0000] {logging_mixin.py:188} WARNING - [2026-04-05 09:29:08] INFO    etl.transform :   dim_hoc_phan                →    121 records
[2026-04-05T09:29:08.381+0000] {transform.py:258} INFO -   dim_hoc_phan                →    121 records
[2026-04-05T09:29:08.395+0000] {logging_mixin.py:188} WARNING - [2026-04-05 09:29:08] INFO    etl.transform :   dim_sinh_vien               →  1,695 records
[2026-04-05T09:29:08.395+0000] {transform.py:336} INFO -   dim_sinh_vien               →  1,695 records
[2026-04-05T09:29:08.397+0000] {logging_mixin.py:188} WARNING - [2026-04-05 09:29:08] INFO    etl.transform : ── Bước 2: Transform Fact Tables ──
[2026-04-05T09:29:08.397+0000] {transform.py:91} INFO - ── Bước 2: Transform Fact Tables ──
[2026-04-05T09:29:08.422+0000] {logging_mixin.py:188} WARNING - [2026-04-05 09:29:08] INFO    etl.transform :   fact_diem | Tính lại điểm tổng kết cho 1160 bản ghi
[2026-04-05T09:29:08.422+0000] {transform.py:391} INFO -   fact_diem | Tính lại điểm tổng kết cho 1160 bản ghi
[2026-04-05T09:29:08.472+0000] {logging_mixin.py:188} WARNING - [2026-04-05 09:29:08] INFO    etl.transform :   fact_diem (→fact_hoc_tap)    → 58,001 records
[2026-04-05T09:29:08.472+0000] {transform.py:414} INFO -   fact_diem (→fact_hoc_tap)    → 58,001 records
[2026-04-05T09:29:08.485+0000] {logging_mixin.py:188} WARNING - [2026-04-05 09:29:08] INFO    etl.transform :   fact_ren_luyen (→fact_ctsv)  →  9,238 records
[2026-04-05T09:29:08.485+0000] {transform.py:455} INFO -   fact_ren_luyen (→fact_ctsv)  →  9,238 records
[2026-04-05T09:29:08.499+0000] {logging_mixin.py:188} WARNING - [2026-04-05 09:29:08] INFO    etl.transform :   fact_tai_chinh               →  9,238 records
[2026-04-05T09:29:08.499+0000] {transform.py:492} INFO -   fact_tai_chinh               →  9,238 records
[2026-04-05T09:29:08.501+0000] {logging_mixin.py:188} WARNING - [2026-04-05 09:29:08] INFO    etl.transform : ── Bước 3: Tổng hợp đa nguồn ──
[2026-04-05T09:29:08.501+0000] {transform.py:104} INFO - ── Bước 3: Tổng hợp đa nguồn ──
[2026-04-05T09:29:08.503+0000] {logging_mixin.py:188} WARNING - [2026-04-05 09:29:08] INFO    etl.transform : ======================================================================
[2026-04-05T09:29:08.503+0000] {transform.py:107} INFO - ======================================================================
[2026-04-05T09:29:08.505+0000] {logging_mixin.py:188} WARNING - [2026-04-05 09:29:08] INFO    etl.transform : TRANSFORM HOÀN TẤT
[2026-04-05T09:29:08.505+0000] {transform.py:108} INFO - TRANSFORM HOÀN TẤT
[2026-04-05T09:29:08.507+0000] {logging_mixin.py:188} WARNING - [2026-04-05 09:29:08] INFO    etl.transform :    dim_giang_vien           :       45 records
[2026-04-05T09:29:08.507+0000] {transform.py:110} INFO -    dim_giang_vien           :       45 records
[2026-04-05T09:29:08.508+0000] {logging_mixin.py:188} WARNING - [2026-04-05 09:29:08] INFO    etl.transform :    dim_sinh_vien            :    1,695 records
[2026-04-05T09:29:08.508+0000] {transform.py:110} INFO -    dim_sinh_vien            :    1,695 records
[2026-04-05T09:29:08.510+0000] {logging_mixin.py:188} WARNING - [2026-04-05 09:29:08] INFO    etl.transform :    dim_hoc_phan             :      121 records
[2026-04-05T09:29:08.510+0000] {transform.py:110} INFO -    dim_hoc_phan             :      121 records
[2026-04-05T09:29:08.511+0000] {logging_mixin.py:188} WARNING - [2026-04-05 09:29:08] INFO    etl.transform :    dim_thoi_gian            :        9 records
[2026-04-05T09:29:08.511+0000] {transform.py:110} INFO -    dim_thoi_gian            :        9 records
[2026-04-05T09:29:08.513+0000] {logging_mixin.py:188} WARNING - [2026-04-05 09:29:08] INFO    etl.transform :    fact_diem                :   58,001 records
[2026-04-05T09:29:08.513+0000] {transform.py:110} INFO -    fact_diem                :   58,001 records
[2026-04-05T09:29:08.514+0000] {logging_mixin.py:188} WARNING - [2026-04-05 09:29:08] INFO    etl.transform :    fact_ren_luyen           :    9,238 records
[2026-04-05T09:29:08.514+0000] {transform.py:110} INFO -    fact_ren_luyen           :    9,238 records
[2026-04-05T09:29:08.514+0000] {logging_mixin.py:188} WARNING - [2026-04-05 09:29:08] INFO    etl.transform :    fact_tai_chinh           :    9,238 records
[2026-04-05T09:29:08.514+0000] {transform.py:110} INFO -    fact_tai_chinh           :    9,238 records
[2026-04-05T09:29:08.515+0000] {logging_mixin.py:188} WARNING - [2026-04-05 09:29:08] INFO    etl.transform :    fact_tong_hop_sv         :        0 records
[2026-04-05T09:29:08.515+0000] {transform.py:110} INFO -    fact_tong_hop_sv         :        0 records
[2026-04-05T09:29:08.516+0000] {logging_mixin.py:188} WARNING - [2026-04-05 09:29:08] INFO    etl.transform : ======================================================================
[2026-04-05T09:29:08.516+0000] {transform.py:111} INFO - ======================================================================
[2026-04-05T09:29:08.537+0000] {logging_mixin.py:188} WARNING - [2026-04-05 09:29:08] INFO    utils.minio :   MinIO ↑ [staging-data] 2026-04-05_09-29/dim_hoc_ky.parquet (5.3 KB | 9 rows)
[2026-04-05T09:29:08.536+0000] {minio_client.py:142} INFO -   MinIO ↑ [staging-data] 2026-04-05_09-29/dim_hoc_ky.parquet (5.3 KB | 9 rows)
[2026-04-05T09:29:08.548+0000] {logging_mixin.py:188} WARNING - [2026-04-05 09:29:08] INFO    utils.minio :   MinIO ↑ [staging-data] 2026-04-05_09-29/dim_giang_vien.parquet (8.9 KB | 45 rows)
[2026-04-05T09:29:08.548+0000] {minio_client.py:142} INFO -   MinIO ↑ [staging-data] 2026-04-05_09-29/dim_giang_vien.parquet (8.9 KB | 45 rows)
[2026-04-05T09:29:08.558+0000] {logging_mixin.py:188} WARNING - [2026-04-05 09:29:08] INFO    utils.minio :   MinIO ↑ [staging-data] 2026-04-05_09-29/dim_hoc_phan.parquet (11.0 KB | 121 rows)
[2026-04-05T09:29:08.558+0000] {minio_client.py:142} INFO -   MinIO ↑ [staging-data] 2026-04-05_09-29/dim_hoc_phan.parquet (11.0 KB | 121 rows)
[2026-04-05T09:29:08.573+0000] {logging_mixin.py:188} WARNING - [2026-04-05 09:29:08] INFO    utils.minio :   MinIO ↑ [staging-data] 2026-04-05_09-29/dim_sinh_vien.parquet (72.9 KB | 1,695 rows)
[2026-04-05T09:29:08.573+0000] {minio_client.py:142} INFO -   MinIO ↑ [staging-data] 2026-04-05_09-29/dim_sinh_vien.parquet (72.9 KB | 1,695 rows)
[2026-04-05T09:29:08.650+0000] {logging_mixin.py:188} WARNING - [2026-04-05 09:29:08] INFO    utils.minio :   MinIO ↑ [staging-data] 2026-04-05_09-29/fact_diem.parquet (908.9 KB | 58,001 rows)
[2026-04-05T09:29:08.650+0000] {minio_client.py:142} INFO -   MinIO ↑ [staging-data] 2026-04-05_09-29/fact_diem.parquet (908.9 KB | 58,001 rows)
[2026-04-05T09:29:08.666+0000] {logging_mixin.py:188} WARNING - [2026-04-05 09:29:08] INFO    utils.minio :   MinIO ↑ [staging-data] 2026-04-05_09-29/fact_ren_luyen.parquet (39.7 KB | 9,238 rows)
[2026-04-05T09:29:08.666+0000] {minio_client.py:142} INFO -   MinIO ↑ [staging-data] 2026-04-05_09-29/fact_ren_luyen.parquet (39.7 KB | 9,238 rows)
[2026-04-05T09:29:08.683+0000] {logging_mixin.py:188} WARNING - [2026-04-05 09:29:08] INFO    utils.minio :   MinIO ↑ [staging-data] 2026-04-05_09-29/fact_tai_chinh.parquet (66.6 KB | 9,238 rows)
[2026-04-05T09:29:08.683+0000] {minio_client.py:142} INFO -   MinIO ↑ [staging-data] 2026-04-05_09-29/fact_tai_chinh.parquet (66.6 KB | 9,238 rows)
[2026-04-05T09:29:08.685+0000] {logging_mixin.py:188} WARNING - [2026-04-05 09:29:08] WARNING utils.minio :   MinIO skip (empty): fact_tong_hop_sv.parquet
[2026-04-05T09:29:08.685+0000] {minio_client.py:120} WARNING -   MinIO skip (empty): fact_tong_hop_sv.parquet
[2026-04-05T09:29:08.686+0000] {logging_mixin.py:188} WARNING - [2026-04-05 09:29:08] INFO    etl.transform :   MinIO staging-data: 8/8 files OK → run_id=2026-04-05_09-29
[2026-04-05T09:29:08.686+0000] {transform.py:143} INFO -   MinIO staging-data: 8/8 files OK → run_id=2026-04-05_09-29
[2026-04-05T09:29:08.717+0000] {logging_mixin.py:188} INFO - Transform xong: {'dim_giang_vien': 45, 'dim_sinh_vien': 1695, 'dim_hoc_phan': 121, 'dim_thoi_gian': 9, 'fact_diem': 58001, 'fact_ren_luyen': 9238, 'fact_tai_chinh': 9238, 'fact_tong_hop_sv': 0}
[2026-04-05T09:29:08.721+0000] {python.py:201} INFO - Done. Returned value was: {'dim_giang_vien': 45, 'dim_sinh_vien': 1695, 'dim_hoc_phan': 121, 'dim_thoi_gian': 9, 'fact_diem': 58001, 'fact_ren_luyen': 9238, 'fact_tai_chinh': 9238, 'fact_tong_hop_sv': 0}
[2026-04-05T09:29:08.745+0000] {taskinstance.py:1138} INFO - Marking task as SUCCESS. dag_id=daily_student_pipeline, task_id=transform_data, execution_date=20260405T092850, start_date=20260405T092907, end_date=20260405T092908
[2026-04-05T09:29:08.809+0000] {local_task_job_runner.py:234} INFO - Task exited with return code 0
[2026-04-05T09:29:08.838+0000] {taskinstance.py:3280} INFO - 1 downstream tasks scheduled from follow-on schedule check
