[2026-04-19T14:21:17.460+0000] {taskinstance.py:1956} INFO - Dependencies all met for dep_context=non-requeueable deps ti=<TaskInstance: daily_student_pipeline.alert_success manual__2026-04-19T14:20:13.473520+00:00 [queued]>
[2026-04-19T14:21:17.469+0000] {taskinstance.py:1956} INFO - Dependencies all met for dep_context=requeueable deps ti=<TaskInstance: daily_student_pipeline.alert_success manual__2026-04-19T14:20:13.473520+00:00 [queued]>
[2026-04-19T14:21:17.470+0000] {taskinstance.py:2170} INFO - Starting attempt 1 of 1
[2026-04-19T14:21:17.483+0000] {taskinstance.py:2191} INFO - Executing <Task(PythonOperator): alert_success> on 2026-04-19 14:20:13.473520+00:00
[2026-04-19T14:21:17.494+0000] {standard_task_runner.py:60} INFO - Started process 2667 to run task
[2026-04-19T14:21:17.496+0000] {standard_task_runner.py:87} INFO - Running: ['***', 'tasks', 'run', 'daily_student_pipeline', 'alert_success', 'manual__2026-04-19T14:20:13.473520+00:00', '--job-id', '369', '--raw', '--subdir', 'DAGS_FOLDER/daily_student_pipeline.py', '--cfg-path', '/tmp/tmp4xd337al']
[2026-04-19T14:21:17.499+0000] {standard_task_runner.py:88} INFO - Job 369: Subtask alert_success
[2026-04-19T14:21:17.565+0000] {task_command.py:423} INFO - Running <TaskInstance: daily_student_pipeline.alert_success manual__2026-04-19T14:20:13.473520+00:00 [running]> on host eb2cbdc99987
[2026-04-19T14:21:17.653+0000] {taskinstance.py:2480} INFO - Exporting env vars: AIRFLOW_CTX_DAG_OWNER='nhom8' AIRFLOW_CTX_DAG_ID='daily_student_pipeline' AIRFLOW_CTX_TASK_ID='alert_success' AIRFLOW_CTX_EXECUTION_DATE='2026-04-19T14:20:13.473520+00:00' AIRFLOW_CTX_TRY_NUMBER='1' AIRFLOW_CTX_DAG_RUN_ID='manual__2026-04-19T14:20:13.473520+00:00'
[2026-04-19T14:21:17.667+0000] {logging_mixin.py:188} INFO - ==================================================
[2026-04-19T14:21:17.668+0000] {logging_mixin.py:188} INFO - ✅ Validation Summary | run_id: 2026-04-19_14-20
[2026-04-19T14:21:17.668+0000] {logging_mixin.py:188} INFO -    Status: PASSED
[2026-04-19T14:21:17.669+0000] {logging_mixin.py:188} INFO -    Evaluated: 51
[2026-04-19T14:21:17.669+0000] {logging_mixin.py:188} INFO -    Passed:    51
[2026-04-19T14:21:17.669+0000] {logging_mixin.py:188} INFO -    Failed:    0
[2026-04-19T14:21:17.670+0000] {logging_mixin.py:188} INFO - ==================================================
[2026-04-19T14:21:17.670+0000] {python.py:201} INFO - Done. Returned value was: None
[2026-04-19T14:21:17.681+0000] {taskinstance.py:1138} INFO - Marking task as SUCCESS. dag_id=daily_student_pipeline, task_id=alert_success, execution_date=20260419T142013, start_date=20260419T142117, end_date=20260419T142117
[2026-04-19T14:21:17.710+0000] {local_task_job_runner.py:234} INFO - Task exited with return code 0
[2026-04-19T14:21:17.731+0000] {taskinstance.py:3280} INFO - 0 downstream tasks scheduled from follow-on schedule check
