[2026-03-28T08:04:43.037+0000] {taskinstance.py:1956} INFO - Dependencies all met for dep_context=non-requeueable deps ti=<TaskInstance: daily_student_pipeline.extract_data manual__2026-03-28T08:04:40.117245+00:00 [queued]>
[2026-03-28T08:04:43.047+0000] {taskinstance.py:1956} INFO - Dependencies all met for dep_context=requeueable deps ti=<TaskInstance: daily_student_pipeline.extract_data manual__2026-03-28T08:04:40.117245+00:00 [queued]>
[2026-03-28T08:04:43.048+0000] {taskinstance.py:2170} INFO - Starting attempt 1 of 1
[2026-03-28T08:04:43.062+0000] {taskinstance.py:2191} INFO - Executing <Task(PythonOperator): extract_data> on 2026-03-28 08:04:40.117245+00:00
[2026-03-28T08:04:43.066+0000] {standard_task_runner.py:60} INFO - Started process 12712 to run task
[2026-03-28T08:04:43.069+0000] {standard_task_runner.py:87} INFO - Running: ['***', 'tasks', 'run', 'daily_student_pipeline', 'extract_data', 'manual__2026-03-28T08:04:40.117245+00:00', '--job-id', '38', '--raw', '--subdir', 'DAGS_FOLDER/daily_student_pipeline.py', '--cfg-path', '/tmp/tmphqpu_n9v']
[2026-03-28T08:04:43.071+0000] {standard_task_runner.py:88} INFO - Job 38: Subtask extract_data
[2026-03-28T08:04:43.154+0000] {task_command.py:423} INFO - Running <TaskInstance: daily_student_pipeline.extract_data manual__2026-03-28T08:04:40.117245+00:00 [running]> on host 8474c56aea3d
[2026-03-28T08:04:43.260+0000] {taskinstance.py:2480} INFO - Exporting env vars: AIRFLOW_CTX_DAG_OWNER='nhom8' AIRFLOW_CTX_DAG_ID='daily_student_pipeline' AIRFLOW_CTX_TASK_ID='extract_data' AIRFLOW_CTX_EXECUTION_DATE='2026-03-28T08:04:40.117245+00:00' AIRFLOW_CTX_TRY_NUMBER='1' AIRFLOW_CTX_DAG_RUN_ID='manual__2026-03-28T08:04:40.117245+00:00'
[2026-03-28T08:04:45.158+0000] {logging_mixin.py:188} WARNING - [2026-03-28 08:04:45] INFO    etl.extract : 🚀 BẮT ĐẦU FULL EXTRACT
[2026-03-28T08:04:45.157+0000] {extract.py:356} INFO - 🚀 BẮT ĐẦU FULL EXTRACT
[2026-03-28T08:04:45.159+0000] {logging_mixin.py:188} WARNING - [2026-03-28 08:04:45] INFO    etl.extract : ======================================================================
[2026-03-28T08:04:45.159+0000] {extract.py:357} INFO - ======================================================================
[2026-03-28T08:04:45.172+0000] {logging_mixin.py:188} WARNING - [2026-03-28 08:04:45] INFO    etl.extract : ════════════════════════════════════════════════════════════
[2026-03-28T08:04:45.171+0000] {extract.py:120} INFO - ════════════════════════════════════════════════════════════
[2026-03-28T08:04:45.173+0000] {logging_mixin.py:188} WARNING - [2026-03-28 08:04:45] INFO    etl.extract : NGUỒN 1 — PostgreSQL (Phòng Đào tạo) | Full Extract
[2026-03-28T08:04:45.173+0000] {extract.py:121} INFO - NGUỒN 1 — PostgreSQL (Phòng Đào tạo) | Full Extract
[2026-03-28T08:04:45.174+0000] {logging_mixin.py:188} WARNING - [2026-03-28 08:04:45] INFO    etl.extract : ════════════════════════════════════════════════════════════
[2026-03-28T08:04:45.174+0000] {extract.py:122} INFO - ════════════════════════════════════════════════════════════
[2026-03-28T08:04:45.237+0000] {logging_mixin.py:188} WARNING - [2026-03-28 08:04:45] INFO    etl.extract :   PostgreSQL | khoa                      →      4 records
[2026-03-28T08:04:45.237+0000] {extract.py:98} INFO -   PostgreSQL | khoa                      →      4 records
[2026-03-28T08:04:45.269+0000] {logging_mixin.py:188} WARNING - [2026-03-28 08:04:45] INFO    etl.extract :   PostgreSQL | nganh                     →      3 records
[2026-03-28T08:04:45.269+0000] {extract.py:98} INFO -   PostgreSQL | nganh                     →      3 records
[2026-03-28T08:04:45.299+0000] {logging_mixin.py:188} WARNING - [2026-03-28 08:04:45] INFO    etl.extract :   PostgreSQL | giang_vien                →     45 records
[2026-03-28T08:04:45.299+0000] {extract.py:98} INFO -   PostgreSQL | giang_vien                →     45 records
[2026-03-28T08:04:45.338+0000] {logging_mixin.py:188} WARNING - [2026-03-28 08:04:45] INFO    etl.extract :   PostgreSQL | lop_hanh_chinh            →     48 records
[2026-03-28T08:04:45.338+0000] {extract.py:98} INFO -   PostgreSQL | lop_hanh_chinh            →     48 records
[2026-03-28T08:04:45.492+0000] {logging_mixin.py:188} WARNING - [2026-03-28 08:04:45] INFO    etl.extract :   PostgreSQL | sinh_vien                 →  1,695 records
[2026-03-28T08:04:45.492+0000] {extract.py:98} INFO -   PostgreSQL | sinh_vien                 →  1,695 records
[2026-03-28T08:04:45.515+0000] {logging_mixin.py:188} WARNING - [2026-03-28 08:04:45] INFO    etl.extract :   PostgreSQL | hoc_phan                  →    121 records
[2026-03-28T08:04:45.515+0000] {extract.py:98} INFO -   PostgreSQL | hoc_phan                  →    121 records
[2026-03-28T08:04:45.526+0000] {logging_mixin.py:188} WARNING - [2026-03-28 08:04:45] INFO    etl.extract :   PostgreSQL | hoc_ky_nam_hoc            →      9 records
[2026-03-28T08:04:45.526+0000] {extract.py:98} INFO -   PostgreSQL | hoc_ky_nam_hoc            →      9 records
[2026-03-28T08:04:46.388+0000] {logging_mixin.py:188} WARNING - [2026-03-28 08:04:46] INFO    etl.extract :   PostgreSQL | dang_ky_hoc_phan          → 56,173 records
[2026-03-28T08:04:46.388+0000] {extract.py:98} INFO -   PostgreSQL | dang_ky_hoc_phan          → 56,173 records
[2026-03-28T08:04:47.955+0000] {logging_mixin.py:188} WARNING - [2026-03-28 08:04:47] INFO    etl.extract :   PostgreSQL | diem_hoc_phan             → 56,173 records
[2026-03-28T08:04:47.955+0000] {extract.py:98} INFO -   PostgreSQL | diem_hoc_phan             → 56,173 records
[2026-03-28T08:04:48.036+0000] {logging_mixin.py:188} WARNING - [2026-03-28 08:04:48] INFO    etl.extract :   PostgreSQL | tong_hop_ket_qua          →  1,695 records
[2026-03-28T08:04:48.036+0000] {extract.py:98} INFO -   PostgreSQL | tong_hop_ket_qua          →  1,695 records
[2026-03-28T08:04:48.037+0000] {logging_mixin.py:188} WARNING - [2026-03-28 08:04:48] INFO    etl.extract :   PostgreSQL | TỔNG: 115,966 records từ 10 bảng
[2026-03-28T08:04:48.037+0000] {extract.py:129} INFO -   PostgreSQL | TỔNG: 115,966 records từ 10 bảng
[2026-03-28T08:04:48.039+0000] {logging_mixin.py:188} WARNING - [2026-03-28 08:04:48] INFO    etl.extract : ════════════════════════════════════════════════════════════
[2026-03-28T08:04:48.039+0000] {extract.py:215} INFO - ════════════════════════════════════════════════════════════
[2026-03-28T08:04:48.040+0000] {logging_mixin.py:188} WARNING - [2026-03-28 08:04:48] INFO    etl.extract : NGUỒN 2 — CSV (Phòng CTSV) | Extract
[2026-03-28T08:04:48.040+0000] {extract.py:216} INFO - NGUỒN 2 — CSV (Phòng CTSV) | Extract
[2026-03-28T08:04:48.041+0000] {logging_mixin.py:188} WARNING - [2026-03-28 08:04:48] INFO    etl.extract : ════════════════════════════════════════════════════════════
[2026-03-28T08:04:48.041+0000] {extract.py:217} INFO - ════════════════════════════════════════════════════════════
[2026-03-28T08:04:48.046+0000] {logging_mixin.py:188} WARNING - [2026-03-28 08:04:48] INFO    etl.extract :   CSV | Tìm thấy 9 file(s)
[2026-03-28T08:04:48.046+0000] {extract.py:227} INFO -   CSV | Tìm thấy 9 file(s)
[2026-03-28T08:04:48.063+0000] {logging_mixin.py:188} WARNING - [2026-03-28 08:04:48] INFO    etl.extract :   CSV | ctsv_HK1_2021_22.csv                →    390 records
[2026-03-28T08:04:48.063+0000] {extract.py:190} INFO -   CSV | ctsv_HK1_2021_22.csv                →    390 records
[2026-03-28T08:04:48.070+0000] {logging_mixin.py:188} WARNING - [2026-03-28 08:04:48] INFO    etl.extract :   CSV | ctsv_HK1_2022_23.csv                →    803 records
[2026-03-28T08:04:48.070+0000] {extract.py:190} INFO -   CSV | ctsv_HK1_2022_23.csv                →    803 records
[2026-03-28T08:04:48.076+0000] {logging_mixin.py:188} WARNING - [2026-03-28 08:04:48] INFO    etl.extract :   CSV | ctsv_HK1_2023_24.csv                →  1,226 records
[2026-03-28T08:04:48.076+0000] {extract.py:190} INFO -   CSV | ctsv_HK1_2023_24.csv                →  1,226 records
[2026-03-28T08:04:48.083+0000] {logging_mixin.py:188} WARNING - [2026-03-28 08:04:48] INFO    etl.extract :   CSV | ctsv_HK1_2024_25.csv                →  1,665 records
[2026-03-28T08:04:48.083+0000] {extract.py:190} INFO -   CSV | ctsv_HK1_2024_25.csv                →  1,665 records
[2026-03-28T08:04:48.089+0000] {logging_mixin.py:188} WARNING - [2026-03-28 08:04:48] INFO    etl.extract :   CSV | ctsv_HK1_2025_26.csv                →  1,410 records
[2026-03-28T08:04:48.089+0000] {extract.py:190} INFO -   CSV | ctsv_HK1_2025_26.csv                →  1,410 records
[2026-03-28T08:04:48.096+0000] {logging_mixin.py:188} WARNING - [2026-03-28 08:04:48] INFO    etl.extract :   CSV | ctsv_HK2_2021_22.csv                →    386 records
[2026-03-28T08:04:48.095+0000] {extract.py:190} INFO -   CSV | ctsv_HK2_2021_22.csv                →    386 records
[2026-03-28T08:04:48.104+0000] {logging_mixin.py:188} WARNING - [2026-03-28 08:04:48] INFO    etl.extract :   CSV | ctsv_HK2_2022_23.csv                →    797 records
[2026-03-28T08:04:48.104+0000] {extract.py:190} INFO -   CSV | ctsv_HK2_2022_23.csv                →    797 records
[2026-03-28T08:04:48.110+0000] {logging_mixin.py:188} WARNING - [2026-03-28 08:04:48] INFO    etl.extract :   CSV | ctsv_HK2_2023_24.csv                →  1,217 records
[2026-03-28T08:04:48.110+0000] {extract.py:190} INFO -   CSV | ctsv_HK2_2023_24.csv                →  1,217 records
[2026-03-28T08:04:48.117+0000] {logging_mixin.py:188} WARNING - [2026-03-28 08:04:48] INFO    etl.extract :   CSV | ctsv_HK2_2024_25.csv                →  1,622 records
[2026-03-28T08:04:48.117+0000] {extract.py:190} INFO -   CSV | ctsv_HK2_2024_25.csv                →  1,622 records
[2026-03-28T08:04:48.128+0000] {logging_mixin.py:188} WARNING - [2026-03-28 08:04:48] INFO    etl.extract :   CSV | TỔNG: 9,516 records từ 9 file(s)
[2026-03-28T08:04:48.127+0000] {extract.py:247} INFO -   CSV | TỔNG: 9,516 records từ 9 file(s)
[2026-03-28T08:04:48.176+0000] {logging_mixin.py:188} WARNING - [2026-03-28 08:04:48] INFO    etl.extract :   API | (JSON) taichinh_HK1_2021_22.json →    390 records
[2026-03-28T08:04:48.176+0000] {extract.py:312} INFO -   API | (JSON) taichinh_HK1_2021_22.json →    390 records
[2026-03-28T08:04:48.192+0000] {logging_mixin.py:188} WARNING - [2026-03-28 08:04:48] INFO    etl.extract :   API | (JSON) taichinh_HK1_2022_23.json →    803 records
[2026-03-28T08:04:48.192+0000] {extract.py:312} INFO -   API | (JSON) taichinh_HK1_2022_23.json →    803 records
[2026-03-28T08:04:48.210+0000] {logging_mixin.py:188} WARNING - [2026-03-28 08:04:48] INFO    etl.extract :   API | (JSON) taichinh_HK1_2023_24.json →  1,226 records
[2026-03-28T08:04:48.209+0000] {extract.py:312} INFO -   API | (JSON) taichinh_HK1_2023_24.json →  1,226 records
[2026-03-28T08:04:48.229+0000] {logging_mixin.py:188} WARNING - [2026-03-28 08:04:48] INFO    etl.extract :   API | (JSON) taichinh_HK1_2024_25.json →  1,665 records
[2026-03-28T08:04:48.229+0000] {extract.py:312} INFO -   API | (JSON) taichinh_HK1_2024_25.json →  1,665 records
[2026-03-28T08:04:48.252+0000] {logging_mixin.py:188} WARNING - [2026-03-28 08:04:48] INFO    etl.extract :   API | (JSON) taichinh_HK1_2025_26.json →  1,410 records
[2026-03-28T08:04:48.252+0000] {extract.py:312} INFO -   API | (JSON) taichinh_HK1_2025_26.json →  1,410 records
[2026-03-28T08:04:48.266+0000] {logging_mixin.py:188} WARNING - [2026-03-28 08:04:48] INFO    etl.extract :   API | (JSON) taichinh_HK2_2021_22.json →    386 records
[2026-03-28T08:04:48.266+0000] {extract.py:312} INFO -   API | (JSON) taichinh_HK2_2021_22.json →    386 records
[2026-03-28T08:04:48.282+0000] {logging_mixin.py:188} WARNING - [2026-03-28 08:04:48] INFO    etl.extract :   API | (JSON) taichinh_HK2_2022_23.json →    797 records
[2026-03-28T08:04:48.281+0000] {extract.py:312} INFO -   API | (JSON) taichinh_HK2_2022_23.json →    797 records
[2026-03-28T08:04:48.303+0000] {logging_mixin.py:188} WARNING - [2026-03-28 08:04:48] INFO    etl.extract :   API | (JSON) taichinh_HK2_2023_24.json →  1,217 records
[2026-03-28T08:04:48.303+0000] {extract.py:312} INFO -   API | (JSON) taichinh_HK2_2023_24.json →  1,217 records
[2026-03-28T08:04:48.328+0000] {logging_mixin.py:188} WARNING - [2026-03-28 08:04:48] INFO    etl.extract :   API | (JSON) taichinh_HK2_2024_25.json →  1,622 records
[2026-03-28T08:04:48.328+0000] {extract.py:312} INFO -   API | (JSON) taichinh_HK2_2024_25.json →  1,622 records
[2026-03-28T08:04:48.331+0000] {logging_mixin.py:188} WARNING - [2026-03-28 08:04:48] INFO    etl.extract :   API | TỔNG: 9,516 records từ 9 HK
[2026-03-28T08:04:48.331+0000] {extract.py:338} INFO -   API | TỔNG: 9,516 records từ 9 HK
[2026-03-28T08:04:48.852+0000] {logging_mixin.py:188} WARNING - [2026-03-28 08:04:48] INFO    utils.minio :   MinIO ↑ [raw-data] 2026-03-28_08-04/nguon1_sinh_vien.parquet (47.1 KB | 1,695 rows)
[2026-03-28T08:04:48.852+0000] {minio_client.py:142} INFO -   MinIO ↑ [raw-data] 2026-03-28_08-04/nguon1_sinh_vien.parquet (47.1 KB | 1,695 rows)
[2026-03-28T08:04:48.912+0000] {logging_mixin.py:188} WARNING - [2026-03-28 08:04:48] INFO    utils.minio :   MinIO ↑ [raw-data] 2026-03-28_08-04/nguon1_dang_ky.parquet (444.1 KB | 56,173 rows)
[2026-03-28T08:04:48.911+0000] {minio_client.py:142} INFO -   MinIO ↑ [raw-data] 2026-03-28_08-04/nguon1_dang_ky.parquet (444.1 KB | 56,173 rows)
[2026-03-28T08:04:48.952+0000] {logging_mixin.py:188} WARNING - [2026-03-28 08:04:48] INFO    utils.minio :   MinIO ↑ [raw-data] 2026-03-28_08-04/nguon1_diem.parquet (1141.5 KB | 56,173 rows)
[2026-03-28T08:04:48.952+0000] {minio_client.py:142} INFO -   MinIO ↑ [raw-data] 2026-03-28_08-04/nguon1_diem.parquet (1141.5 KB | 56,173 rows)
[2026-03-28T08:04:48.963+0000] {logging_mixin.py:188} WARNING - [2026-03-28 08:04:48] INFO    utils.minio :   MinIO ↑ [raw-data] 2026-03-28_08-04/nguon1_hoc_phan.parquet (10.3 KB | 121 rows)
[2026-03-28T08:04:48.963+0000] {minio_client.py:142} INFO -   MinIO ↑ [raw-data] 2026-03-28_08-04/nguon1_hoc_phan.parquet (10.3 KB | 121 rows)
[2026-03-28T08:04:48.972+0000] {logging_mixin.py:188} WARNING - [2026-03-28 08:04:48] INFO    utils.minio :   MinIO ↑ [raw-data] 2026-03-28_08-04/nguon1_hoc_ky.parquet (4.1 KB | 9 rows)
[2026-03-28T08:04:48.972+0000] {minio_client.py:142} INFO -   MinIO ↑ [raw-data] 2026-03-28_08-04/nguon1_hoc_ky.parquet (4.1 KB | 9 rows)
[2026-03-28T08:04:48.982+0000] {logging_mixin.py:188} WARNING - [2026-03-28 08:04:48] INFO    utils.minio :   MinIO ↑ [raw-data] 2026-03-28_08-04/nguon1_giang_vien.parquet (8.3 KB | 45 rows)
[2026-03-28T08:04:48.982+0000] {minio_client.py:142} INFO -   MinIO ↑ [raw-data] 2026-03-28_08-04/nguon1_giang_vien.parquet (8.3 KB | 45 rows)
[2026-03-28T08:04:48.991+0000] {logging_mixin.py:188} WARNING - [2026-03-28 08:04:48] INFO    utils.minio :   MinIO ↑ [raw-data] 2026-03-28_08-04/nguon1_khoa.parquet (2.6 KB | 4 rows)
[2026-03-28T08:04:48.990+0000] {minio_client.py:142} INFO -   MinIO ↑ [raw-data] 2026-03-28_08-04/nguon1_khoa.parquet (2.6 KB | 4 rows)
[2026-03-28T08:04:48.999+0000] {logging_mixin.py:188} WARNING - [2026-03-28 08:04:48] INFO    utils.minio :   MinIO ↑ [raw-data] 2026-03-28_08-04/nguon1_nganh.parquet (3.2 KB | 3 rows)
[2026-03-28T08:04:48.999+0000] {minio_client.py:142} INFO -   MinIO ↑ [raw-data] 2026-03-28_08-04/nguon1_nganh.parquet (3.2 KB | 3 rows)
[2026-03-28T08:04:49.008+0000] {logging_mixin.py:188} WARNING - [2026-03-28 08:04:49] INFO    utils.minio :   MinIO ↑ [raw-data] 2026-03-28_08-04/nguon1_lop_hanh_chinh.parquet (4.8 KB | 48 rows)
[2026-03-28T08:04:49.008+0000] {minio_client.py:142} INFO -   MinIO ↑ [raw-data] 2026-03-28_08-04/nguon1_lop_hanh_chinh.parquet (4.8 KB | 48 rows)
[2026-03-28T08:04:49.019+0000] {logging_mixin.py:188} WARNING - [2026-03-28 08:04:49] INFO    utils.minio :   MinIO ↑ [raw-data] 2026-03-28_08-04/nguon1_tong_hop_ket_qua.parquet (22.4 KB | 1,695 rows)
[2026-03-28T08:04:49.019+0000] {minio_client.py:142} INFO -   MinIO ↑ [raw-data] 2026-03-28_08-04/nguon1_tong_hop_ket_qua.parquet (22.4 KB | 1,695 rows)
[2026-03-28T08:04:49.032+0000] {logging_mixin.py:188} WARNING - [2026-03-28 08:04:49] INFO    utils.minio :   MinIO ↑ [raw-data] 2026-03-28_08-04/nguon2_ctsv.parquet (39.3 KB | 9,516 rows)
[2026-03-28T08:04:49.032+0000] {minio_client.py:142} INFO -   MinIO ↑ [raw-data] 2026-03-28_08-04/nguon2_ctsv.parquet (39.3 KB | 9,516 rows)
[2026-03-28T08:04:49.046+0000] {logging_mixin.py:188} WARNING - [2026-03-28 08:04:49] INFO    utils.minio :   MinIO ↑ [raw-data] 2026-03-28_08-04/nguon3_tai_chinh.parquet (68.2 KB | 9,516 rows)
[2026-03-28T08:04:49.046+0000] {minio_client.py:142} INFO -   MinIO ↑ [raw-data] 2026-03-28_08-04/nguon3_tai_chinh.parquet (68.2 KB | 9,516 rows)
[2026-03-28T08:04:49.047+0000] {logging_mixin.py:188} WARNING - [2026-03-28 08:04:49] INFO    utils.minio :   MinIO upload xong: 12/12 files | run_id=2026-03-28_08-04
[2026-03-28T08:04:49.047+0000] {minio_client.py:188} INFO -   MinIO upload xong: 12/12 files | run_id=2026-03-28_08-04
[2026-03-28T08:04:49.048+0000] {logging_mixin.py:188} WARNING - [2026-03-28 08:04:49] INFO    etl.extract :   MinIO staging: 12/12 files OK → run_id=2026-03-28_08-04
[2026-03-28T08:04:49.048+0000] {extract.py:443} INFO -   MinIO staging: 12/12 files OK → run_id=2026-03-28_08-04
[2026-03-28T08:04:49.050+0000] {logging_mixin.py:188} WARNING - [2026-03-28 08:04:49] INFO    etl.extract : ======================================================================
[2026-03-28T08:04:49.050+0000] {extract.py:383} INFO - ======================================================================
[2026-03-28T08:04:49.051+0000] {logging_mixin.py:188} WARNING - [2026-03-28 08:04:49] INFO    etl.extract : ✅ FULL EXTRACT HOÀN TẤT
[2026-03-28T08:04:49.050+0000] {extract.py:384} INFO - ✅ FULL EXTRACT HOÀN TẤT
[2026-03-28T08:04:49.051+0000] {logging_mixin.py:188} WARNING - [2026-03-28 08:04:49] INFO    etl.extract :    khoa                     :        4
[2026-03-28T08:04:49.051+0000] {extract.py:386} INFO -    khoa                     :        4
[2026-03-28T08:04:49.052+0000] {logging_mixin.py:188} WARNING - [2026-03-28 08:04:49] INFO    etl.extract :    nganh                    :        3
[2026-03-28T08:04:49.052+0000] {extract.py:386} INFO -    nganh                    :        3
[2026-03-28T08:04:49.052+0000] {logging_mixin.py:188} WARNING - [2026-03-28 08:04:49] INFO    etl.extract :    giang_vien               :       45
[2026-03-28T08:04:49.052+0000] {extract.py:386} INFO -    giang_vien               :       45
[2026-03-28T08:04:49.053+0000] {logging_mixin.py:188} WARNING - [2026-03-28 08:04:49] INFO    etl.extract :    lop_hanh_chinh           :       48
[2026-03-28T08:04:49.053+0000] {extract.py:386} INFO -    lop_hanh_chinh           :       48
[2026-03-28T08:04:49.053+0000] {logging_mixin.py:188} WARNING - [2026-03-28 08:04:49] INFO    etl.extract :    sinh_vien                :    1,695
[2026-03-28T08:04:49.053+0000] {extract.py:386} INFO -    sinh_vien                :    1,695
[2026-03-28T08:04:49.054+0000] {logging_mixin.py:188} WARNING - [2026-03-28 08:04:49] INFO    etl.extract :    hoc_phan                 :      121
[2026-03-28T08:04:49.054+0000] {extract.py:386} INFO -    hoc_phan                 :      121
[2026-03-28T08:04:49.054+0000] {logging_mixin.py:188} WARNING - [2026-03-28 08:04:49] INFO    etl.extract :    hoc_ky_nam_hoc           :        9
[2026-03-28T08:04:49.054+0000] {extract.py:386} INFO -    hoc_ky_nam_hoc           :        9
[2026-03-28T08:04:49.055+0000] {logging_mixin.py:188} WARNING - [2026-03-28 08:04:49] INFO    etl.extract :    dang_ky_hoc_phan         :   56,173
[2026-03-28T08:04:49.055+0000] {extract.py:386} INFO -    dang_ky_hoc_phan         :   56,173
[2026-03-28T08:04:49.056+0000] {logging_mixin.py:188} WARNING - [2026-03-28 08:04:49] INFO    etl.extract :    diem_hoc_phan            :   56,173
[2026-03-28T08:04:49.056+0000] {extract.py:386} INFO -    diem_hoc_phan            :   56,173
[2026-03-28T08:04:49.056+0000] {logging_mixin.py:188} WARNING - [2026-03-28 08:04:49] INFO    etl.extract :    tong_hop_ket_qua         :    1,695
[2026-03-28T08:04:49.056+0000] {extract.py:386} INFO -    tong_hop_ket_qua         :    1,695
[2026-03-28T08:04:49.057+0000] {logging_mixin.py:188} WARNING - [2026-03-28 08:04:49] INFO    etl.extract :    ctsv_data                :    9,516
[2026-03-28T08:04:49.057+0000] {extract.py:386} INFO -    ctsv_data                :    9,516
[2026-03-28T08:04:49.058+0000] {logging_mixin.py:188} WARNING - [2026-03-28 08:04:49] INFO    etl.extract :    tai_chinh_data           :    9,516
[2026-03-28T08:04:49.058+0000] {extract.py:386} INFO -    tai_chinh_data           :    9,516
[2026-03-28T08:04:49.058+0000] {logging_mixin.py:188} WARNING - [2026-03-28 08:04:49] INFO    etl.extract : ======================================================================
[2026-03-28T08:04:49.058+0000] {extract.py:387} INFO - ======================================================================
[2026-03-28T08:04:49.104+0000] {logging_mixin.py:188} INFO - Extract xong: {'khoa': 4, 'nganh': 3, 'giang_vien': 45, 'lop_hanh_chinh': 48, 'sinh_vien': 1695, 'hoc_phan': 121, 'hoc_ky_nam_hoc': 9, 'dang_ky_hoc_phan': 56173, 'diem_hoc_phan': 56173, 'tong_hop_ket_qua': 1695, 'ctsv_data': 9516, 'tai_chinh_data': 9516}
[2026-03-28T08:04:49.114+0000] {python.py:201} INFO - Done. Returned value was: {'khoa': 4, 'nganh': 3, 'giang_vien': 45, 'lop_hanh_chinh': 48, 'sinh_vien': 1695, 'hoc_phan': 121, 'hoc_ky_nam_hoc': 9, 'dang_ky_hoc_phan': 56173, 'diem_hoc_phan': 56173, 'tong_hop_ket_qua': 1695, 'ctsv_data': 9516, 'tai_chinh_data': 9516}
[2026-03-28T08:04:49.138+0000] {taskinstance.py:1138} INFO - Marking task as SUCCESS. dag_id=daily_student_pipeline, task_id=extract_data, execution_date=20260328T080440, start_date=20260328T080443, end_date=20260328T080449
[2026-03-28T08:04:49.188+0000] {local_task_job_runner.py:234} INFO - Task exited with return code 0
[2026-03-28T08:04:49.211+0000] {taskinstance.py:3280} INFO - 1 downstream tasks scheduled from follow-on schedule check
