[2026-03-28T08:04:52.442+0000] {taskinstance.py:1956} INFO - Dependencies all met for dep_context=non-requeueable deps ti=<TaskInstance: daily_student_pipeline.transform_data manual__2026-03-28T08:04:40.117245+00:00 [queued]>
[2026-03-28T08:04:52.451+0000] {taskinstance.py:1956} INFO - Dependencies all met for dep_context=requeueable deps ti=<TaskInstance: daily_student_pipeline.transform_data manual__2026-03-28T08:04:40.117245+00:00 [queued]>
[2026-03-28T08:04:52.452+0000] {taskinstance.py:2170} INFO - Starting attempt 1 of 1
[2026-03-28T08:04:52.463+0000] {taskinstance.py:2191} INFO - Executing <Task(PythonOperator): transform_data> on 2026-03-28 08:04:40.117245+00:00
[2026-03-28T08:04:52.470+0000] {standard_task_runner.py:60} INFO - Started process 12797 to run task
[2026-03-28T08:04:52.473+0000] {standard_task_runner.py:87} INFO - Running: ['***', 'tasks', 'run', 'daily_student_pipeline', 'transform_data', 'manual__2026-03-28T08:04:40.117245+00:00', '--job-id', '41', '--raw', '--subdir', 'DAGS_FOLDER/daily_student_pipeline.py', '--cfg-path', '/tmp/tmpxbumg0_w']
[2026-03-28T08:04:52.475+0000] {standard_task_runner.py:88} INFO - Job 41: Subtask transform_data
[2026-03-28T08:04:52.546+0000] {task_command.py:423} INFO - Running <TaskInstance: daily_student_pipeline.transform_data manual__2026-03-28T08:04:40.117245+00:00 [running]> on host 8474c56aea3d
[2026-03-28T08:04:52.629+0000] {taskinstance.py:2480} INFO - Exporting env vars: AIRFLOW_CTX_DAG_OWNER='nhom8' AIRFLOW_CTX_DAG_ID='daily_student_pipeline' AIRFLOW_CTX_TASK_ID='transform_data' AIRFLOW_CTX_EXECUTION_DATE='2026-03-28T08:04:40.117245+00:00' AIRFLOW_CTX_TRY_NUMBER='1' AIRFLOW_CTX_DAG_RUN_ID='manual__2026-03-28T08:04:40.117245+00:00'
[2026-03-28T08:04:53.214+0000] {logging_mixin.py:188} WARNING - [2026-03-28 08:04:53] INFO    etl.extract :   Load from MinIO staging: run_id=2026-03-28_08-04
[2026-03-28T08:04:53.214+0000] {extract.py:486} INFO -   Load from MinIO staging: run_id=2026-03-28_08-04
[2026-03-28T08:04:53.242+0000] {logging_mixin.py:188} WARNING - [2026-03-28 08:04:53] INFO    utils.minio :   MinIO ↓ [raw-data] 2026-03-28_08-04/nguon1_khoa.parquet (4 rows)
[2026-03-28T08:04:53.242+0000] {minio_client.py:223} INFO -   MinIO ↓ [raw-data] 2026-03-28_08-04/nguon1_khoa.parquet (4 rows)
[2026-03-28T08:04:53.254+0000] {logging_mixin.py:188} WARNING - [2026-03-28 08:04:53] INFO    utils.minio :   MinIO ↓ [raw-data] 2026-03-28_08-04/nguon1_nganh.parquet (3 rows)
[2026-03-28T08:04:53.254+0000] {minio_client.py:223} INFO -   MinIO ↓ [raw-data] 2026-03-28_08-04/nguon1_nganh.parquet (3 rows)
[2026-03-28T08:04:53.265+0000] {logging_mixin.py:188} WARNING - [2026-03-28 08:04:53] INFO    utils.minio :   MinIO ↓ [raw-data] 2026-03-28_08-04/nguon1_giang_vien.parquet (45 rows)
[2026-03-28T08:04:53.265+0000] {minio_client.py:223} INFO -   MinIO ↓ [raw-data] 2026-03-28_08-04/nguon1_giang_vien.parquet (45 rows)
[2026-03-28T08:04:53.275+0000] {logging_mixin.py:188} WARNING - [2026-03-28 08:04:53] INFO    utils.minio :   MinIO ↓ [raw-data] 2026-03-28_08-04/nguon1_lop_hanh_chinh.parquet (48 rows)
[2026-03-28T08:04:53.275+0000] {minio_client.py:223} INFO -   MinIO ↓ [raw-data] 2026-03-28_08-04/nguon1_lop_hanh_chinh.parquet (48 rows)
[2026-03-28T08:04:53.287+0000] {logging_mixin.py:188} WARNING - [2026-03-28 08:04:53] INFO    utils.minio :   MinIO ↓ [raw-data] 2026-03-28_08-04/nguon1_sinh_vien.parquet (1,695 rows)
[2026-03-28T08:04:53.287+0000] {minio_client.py:223} INFO -   MinIO ↓ [raw-data] 2026-03-28_08-04/nguon1_sinh_vien.parquet (1,695 rows)
[2026-03-28T08:04:53.299+0000] {logging_mixin.py:188} WARNING - [2026-03-28 08:04:53] INFO    utils.minio :   MinIO ↓ [raw-data] 2026-03-28_08-04/nguon1_hoc_phan.parquet (121 rows)
[2026-03-28T08:04:53.299+0000] {minio_client.py:223} INFO -   MinIO ↓ [raw-data] 2026-03-28_08-04/nguon1_hoc_phan.parquet (121 rows)
[2026-03-28T08:04:53.309+0000] {logging_mixin.py:188} WARNING - [2026-03-28 08:04:53] INFO    utils.minio :   MinIO ↓ [raw-data] 2026-03-28_08-04/nguon1_hoc_ky.parquet (9 rows)
[2026-03-28T08:04:53.309+0000] {minio_client.py:223} INFO -   MinIO ↓ [raw-data] 2026-03-28_08-04/nguon1_hoc_ky.parquet (9 rows)
[2026-03-28T08:04:53.328+0000] {logging_mixin.py:188} WARNING - [2026-03-28 08:04:53] INFO    utils.minio :   MinIO ↓ [raw-data] 2026-03-28_08-04/nguon1_dang_ky.parquet (56,173 rows)
[2026-03-28T08:04:53.328+0000] {minio_client.py:223} INFO -   MinIO ↓ [raw-data] 2026-03-28_08-04/nguon1_dang_ky.parquet (56,173 rows)
[2026-03-28T08:04:53.351+0000] {logging_mixin.py:188} WARNING - [2026-03-28 08:04:53] INFO    utils.minio :   MinIO ↓ [raw-data] 2026-03-28_08-04/nguon1_diem.parquet (56,173 rows)
[2026-03-28T08:04:53.350+0000] {minio_client.py:223} INFO -   MinIO ↓ [raw-data] 2026-03-28_08-04/nguon1_diem.parquet (56,173 rows)
[2026-03-28T08:04:53.360+0000] {logging_mixin.py:188} WARNING - [2026-03-28 08:04:53] INFO    utils.minio :   MinIO ↓ [raw-data] 2026-03-28_08-04/nguon1_tong_hop_ket_qua.parquet (1,695 rows)
[2026-03-28T08:04:53.360+0000] {minio_client.py:223} INFO -   MinIO ↓ [raw-data] 2026-03-28_08-04/nguon1_tong_hop_ket_qua.parquet (1,695 rows)
[2026-03-28T08:04:53.371+0000] {logging_mixin.py:188} WARNING - [2026-03-28 08:04:53] INFO    utils.minio :   MinIO ↓ [raw-data] 2026-03-28_08-04/nguon2_ctsv.parquet (9,516 rows)
[2026-03-28T08:04:53.371+0000] {minio_client.py:223} INFO -   MinIO ↓ [raw-data] 2026-03-28_08-04/nguon2_ctsv.parquet (9,516 rows)
[2026-03-28T08:04:53.382+0000] {logging_mixin.py:188} WARNING - [2026-03-28 08:04:53] INFO    utils.minio :   MinIO ↓ [raw-data] 2026-03-28_08-04/nguon3_tai_chinh.parquet (9,516 rows)
[2026-03-28T08:04:53.382+0000] {minio_client.py:223} INFO -   MinIO ↓ [raw-data] 2026-03-28_08-04/nguon3_tai_chinh.parquet (9,516 rows)
[2026-03-28T08:04:53.383+0000] {logging_mixin.py:188} WARNING - [2026-03-28 08:04:53] INFO    etl.extract : ✅ Load from staging OK — run_id=2026-03-28_08-04
[2026-03-28T08:04:53.383+0000] {extract.py:504} INFO - ✅ Load from staging OK — run_id=2026-03-28_08-04
[2026-03-28T08:04:53.384+0000] {logging_mixin.py:188} WARNING - [2026-03-28 08:04:53] INFO    etl.transform : 🔄 BẮT ĐẦU TRANSFORM
[2026-03-28T08:04:53.384+0000] {transform.py:135} INFO - 🔄 BẮT ĐẦU TRANSFORM
[2026-03-28T08:04:53.385+0000] {logging_mixin.py:188} WARNING - [2026-03-28 08:04:53] INFO    etl.transform : ======================================================================
[2026-03-28T08:04:53.385+0000] {transform.py:136} INFO - ======================================================================
[2026-03-28T08:04:53.388+0000] {logging_mixin.py:188} WARNING - [2026-03-28 08:04:53] INFO    etl.transform : ── Bước 1: Transform Dimension Tables ──
[2026-03-28T08:04:53.388+0000] {transform.py:141} INFO - ── Bước 1: Transform Dimension Tables ──
[2026-03-28T08:04:53.392+0000] {logging_mixin.py:188} WARNING - [2026-03-28 08:04:53] INFO    etl.transform :   dim_thoi_gian (→dim_hoc_ky)  →      9 records
[2026-03-28T08:04:53.392+0000] {transform.py:333} INFO -   dim_thoi_gian (→dim_hoc_ky)  →      9 records
[2026-03-28T08:04:53.400+0000] {logging_mixin.py:188} WARNING - [2026-03-28 08:04:53] INFO    etl.transform :   dim_giang_vien              →     45 records
[2026-03-28T08:04:53.400+0000] {transform.py:370} INFO -   dim_giang_vien              →     45 records
[2026-03-28T08:04:53.404+0000] {logging_mixin.py:188} WARNING - [2026-03-28 08:04:53] INFO    etl.transform :   dim_hoc_phan                →    121 records
[2026-03-28T08:04:53.403+0000] {transform.py:412} INFO -   dim_hoc_phan                →    121 records
[2026-03-28T08:04:53.415+0000] {logging_mixin.py:188} WARNING - [2026-03-28 08:04:53] INFO    etl.transform :   dim_sinh_vien               →  1,695 records
[2026-03-28T08:04:53.415+0000] {transform.py:511} INFO -   dim_sinh_vien               →  1,695 records
[2026-03-28T08:04:53.416+0000] {logging_mixin.py:188} WARNING - [2026-03-28 08:04:53] INFO    etl.transform : ── Bước 2: Transform Fact Tables ──
[2026-03-28T08:04:53.416+0000] {transform.py:161} INFO - ── Bước 2: Transform Fact Tables ──
[2026-03-28T08:04:53.487+0000] {logging_mixin.py:188} WARNING - [2026-03-28 08:04:53] INFO    etl.transform :   fact_diem (→fact_hoc_tap)    → 56,173 records
[2026-03-28T08:04:53.487+0000] {transform.py:613} INFO -   fact_diem (→fact_hoc_tap)    → 56,173 records
[2026-03-28T08:04:53.498+0000] {logging_mixin.py:188} WARNING - [2026-03-28 08:04:53] INFO    etl.transform :   fact_ren_luyen (→fact_ctsv)  →  9,516 records
[2026-03-28T08:04:53.498+0000] {transform.py:671} INFO -   fact_ren_luyen (→fact_ctsv)  →  9,516 records
[2026-03-28T08:04:53.506+0000] {logging_mixin.py:188} WARNING - [2026-03-28 08:04:53] INFO    etl.transform :   fact_tai_chinh               →  9,516 records
[2026-03-28T08:04:53.506+0000] {transform.py:721} INFO -   fact_tai_chinh               →  9,516 records
[2026-03-28T08:04:53.508+0000] {logging_mixin.py:188} WARNING - [2026-03-28 08:04:53] INFO    etl.transform : ── Bước 3: Tổng hợp đa nguồn ──
[2026-03-28T08:04:53.508+0000] {transform.py:175} INFO - ── Bước 3: Tổng hợp đa nguồn ──
[2026-03-28T08:04:55.630+0000] {logging_mixin.py:188} WARNING - [2026-03-28 08:04:55] INFO    etl.transform :   agg_student_summary          →  9,516 records
[2026-03-28T08:04:55.630+0000] {transform.py:838} INFO -   agg_student_summary          →  9,516 records
[2026-03-28T08:04:55.632+0000] {logging_mixin.py:188} WARNING - [2026-03-28 08:04:55] INFO    etl.transform :     → Cảnh báo học vụ:         808
[2026-03-28T08:04:55.632+0000] {transform.py:845} INFO -     → Cảnh báo học vụ:         808
[2026-03-28T08:04:55.633+0000] {logging_mixin.py:188} WARNING - [2026-03-28 08:04:55] INFO    etl.transform :     → Đủ ĐK học bổng:         915
[2026-03-28T08:04:55.633+0000] {transform.py:846} INFO -     → Đủ ĐK học bổng:         915
[2026-03-28T08:04:55.634+0000] {logging_mixin.py:188} WARNING - [2026-03-28 08:04:55] INFO    etl.transform :     → Nguy cơ bỏ học:          135
[2026-03-28T08:04:55.634+0000] {transform.py:847} INFO -     → Nguy cơ bỏ học:          135
[2026-03-28T08:04:55.635+0000] {logging_mixin.py:188} WARNING - [2026-03-28 08:04:55] INFO    etl.transform : ======================================================================
[2026-03-28T08:04:55.635+0000] {transform.py:186} INFO - ======================================================================
[2026-03-28T08:04:55.636+0000] {logging_mixin.py:188} WARNING - [2026-03-28 08:04:55] INFO    etl.transform : ✅ TRANSFORM HOÀN TẤT
[2026-03-28T08:04:55.636+0000] {transform.py:187} INFO - ✅ TRANSFORM HOÀN TẤT
[2026-03-28T08:04:55.637+0000] {logging_mixin.py:188} WARNING - [2026-03-28 08:04:55] INFO    etl.transform :    dim_giang_vien           :       45 records
[2026-03-28T08:04:55.637+0000] {transform.py:189} INFO -    dim_giang_vien           :       45 records
[2026-03-28T08:04:55.638+0000] {logging_mixin.py:188} WARNING - [2026-03-28 08:04:55] INFO    etl.transform :    dim_sinh_vien            :    1,695 records
[2026-03-28T08:04:55.638+0000] {transform.py:189} INFO -    dim_sinh_vien            :    1,695 records
[2026-03-28T08:04:55.639+0000] {logging_mixin.py:188} WARNING - [2026-03-28 08:04:55] INFO    etl.transform :    dim_hoc_phan             :      121 records
[2026-03-28T08:04:55.639+0000] {transform.py:189} INFO -    dim_hoc_phan             :      121 records
[2026-03-28T08:04:55.640+0000] {logging_mixin.py:188} WARNING - [2026-03-28 08:04:55] INFO    etl.transform :    dim_thoi_gian            :        9 records
[2026-03-28T08:04:55.640+0000] {transform.py:189} INFO -    dim_thoi_gian            :        9 records
[2026-03-28T08:04:55.640+0000] {logging_mixin.py:188} WARNING - [2026-03-28 08:04:55] INFO    etl.transform :    fact_diem                :   56,173 records
[2026-03-28T08:04:55.640+0000] {transform.py:189} INFO -    fact_diem                :   56,173 records
[2026-03-28T08:04:55.641+0000] {logging_mixin.py:188} WARNING - [2026-03-28 08:04:55] INFO    etl.transform :    fact_ren_luyen           :    9,516 records
[2026-03-28T08:04:55.641+0000] {transform.py:189} INFO -    fact_ren_luyen           :    9,516 records
[2026-03-28T08:04:55.641+0000] {logging_mixin.py:188} WARNING - [2026-03-28 08:04:55] INFO    etl.transform :    fact_tai_chinh           :    9,516 records
[2026-03-28T08:04:55.641+0000] {transform.py:189} INFO -    fact_tai_chinh           :    9,516 records
[2026-03-28T08:04:55.642+0000] {logging_mixin.py:188} WARNING - [2026-03-28 08:04:55] INFO    etl.transform :    fact_tong_hop_sv         :    9,516 records
[2026-03-28T08:04:55.642+0000] {transform.py:189} INFO -    fact_tong_hop_sv         :    9,516 records
[2026-03-28T08:04:55.643+0000] {logging_mixin.py:188} WARNING - [2026-03-28 08:04:55] INFO    etl.transform : ======================================================================
[2026-03-28T08:04:55.643+0000] {transform.py:190} INFO - ======================================================================
[2026-03-28T08:04:55.664+0000] {logging_mixin.py:188} WARNING - [2026-03-28 08:04:55] INFO    utils.minio :   MinIO ↑ [staging-data] 2026-03-28_08-04/dim_hoc_ky.parquet (5.3 KB | 9 rows)
[2026-03-28T08:04:55.664+0000] {minio_client.py:142} INFO -   MinIO ↑ [staging-data] 2026-03-28_08-04/dim_hoc_ky.parquet (5.3 KB | 9 rows)
[2026-03-28T08:04:55.675+0000] {logging_mixin.py:188} WARNING - [2026-03-28 08:04:55] INFO    utils.minio :   MinIO ↑ [staging-data] 2026-03-28_08-04/dim_giang_vien.parquet (8.9 KB | 45 rows)
[2026-03-28T08:04:55.675+0000] {minio_client.py:142} INFO -   MinIO ↑ [staging-data] 2026-03-28_08-04/dim_giang_vien.parquet (8.9 KB | 45 rows)
[2026-03-28T08:04:55.687+0000] {logging_mixin.py:188} WARNING - [2026-03-28 08:04:55] INFO    utils.minio :   MinIO ↑ [staging-data] 2026-03-28_08-04/dim_hoc_phan.parquet (11.0 KB | 121 rows)
[2026-03-28T08:04:55.686+0000] {minio_client.py:142} INFO -   MinIO ↑ [staging-data] 2026-03-28_08-04/dim_hoc_phan.parquet (11.0 KB | 121 rows)
[2026-03-28T08:04:55.703+0000] {logging_mixin.py:188} WARNING - [2026-03-28 08:04:55] INFO    utils.minio :   MinIO ↑ [staging-data] 2026-03-28_08-04/dim_sinh_vien.parquet (71.3 KB | 1,695 rows)
[2026-03-28T08:04:55.702+0000] {minio_client.py:142} INFO -   MinIO ↑ [staging-data] 2026-03-28_08-04/dim_sinh_vien.parquet (71.3 KB | 1,695 rows)
[2026-03-28T08:04:55.787+0000] {logging_mixin.py:188} WARNING - [2026-03-28 08:04:55] INFO    utils.minio :   MinIO ↑ [staging-data] 2026-03-28_08-04/fact_diem.parquet (817.3 KB | 56,173 rows)
[2026-03-28T08:04:55.787+0000] {minio_client.py:142} INFO -   MinIO ↑ [staging-data] 2026-03-28_08-04/fact_diem.parquet (817.3 KB | 56,173 rows)
[2026-03-28T08:04:55.809+0000] {logging_mixin.py:188} WARNING - [2026-03-28 08:04:55] INFO    utils.minio :   MinIO ↑ [staging-data] 2026-03-28_08-04/fact_ren_luyen.parquet (40.8 KB | 9,516 rows)
[2026-03-28T08:04:55.809+0000] {minio_client.py:142} INFO -   MinIO ↑ [staging-data] 2026-03-28_08-04/fact_ren_luyen.parquet (40.8 KB | 9,516 rows)
[2026-03-28T08:04:55.826+0000] {logging_mixin.py:188} WARNING - [2026-03-28 08:04:55] INFO    utils.minio :   MinIO ↑ [staging-data] 2026-03-28_08-04/fact_tai_chinh.parquet (68.3 KB | 9,516 rows)
[2026-03-28T08:04:55.826+0000] {minio_client.py:142} INFO -   MinIO ↑ [staging-data] 2026-03-28_08-04/fact_tai_chinh.parquet (68.3 KB | 9,516 rows)
[2026-03-28T08:04:55.848+0000] {logging_mixin.py:188} WARNING - [2026-03-28 08:04:55] INFO    utils.minio :   MinIO ↑ [staging-data] 2026-03-28_08-04/fact_tong_hop_sv.parquet (119.1 KB | 9,516 rows)
[2026-03-28T08:04:55.848+0000] {minio_client.py:142} INFO -   MinIO ↑ [staging-data] 2026-03-28_08-04/fact_tong_hop_sv.parquet (119.1 KB | 9,516 rows)
[2026-03-28T08:04:55.850+0000] {logging_mixin.py:188} WARNING - [2026-03-28 08:04:55] INFO    etl.transform :   MinIO staging-data: 8/8 files OK → run_id=2026-03-28_08-04
[2026-03-28T08:04:55.850+0000] {transform.py:249} INFO -   MinIO staging-data: 8/8 files OK → run_id=2026-03-28_08-04
[2026-03-28T08:04:55.879+0000] {logging_mixin.py:188} INFO - Transform xong: {'dim_giang_vien': 45, 'dim_sinh_vien': 1695, 'dim_hoc_phan': 121, 'dim_thoi_gian': 9, 'fact_diem': 56173, 'fact_ren_luyen': 9516, 'fact_tai_chinh': 9516, 'fact_tong_hop_sv': 9516}
[2026-03-28T08:04:55.883+0000] {python.py:201} INFO - Done. Returned value was: {'dim_giang_vien': 45, 'dim_sinh_vien': 1695, 'dim_hoc_phan': 121, 'dim_thoi_gian': 9, 'fact_diem': 56173, 'fact_ren_luyen': 9516, 'fact_tai_chinh': 9516, 'fact_tong_hop_sv': 9516}
[2026-03-28T08:04:55.907+0000] {taskinstance.py:1138} INFO - Marking task as SUCCESS. dag_id=daily_student_pipeline, task_id=transform_data, execution_date=20260328T080440, start_date=20260328T080452, end_date=20260328T080455
[2026-03-28T08:04:55.976+0000] {local_task_job_runner.py:234} INFO - Task exited with return code 0
[2026-03-28T08:04:56.002+0000] {taskinstance.py:3280} INFO - 1 downstream tasks scheduled from follow-on schedule check
