[2026-04-04T05:49:04.853+0000] {taskinstance.py:1956} INFO - Dependencies all met for dep_context=non-requeueable deps ti=<TaskInstance: daily_student_pipeline.load_data scheduled__2026-04-03T02:00:00+00:00 [queued]>
[2026-04-04T05:49:04.867+0000] {taskinstance.py:1956} INFO - Dependencies all met for dep_context=requeueable deps ti=<TaskInstance: daily_student_pipeline.load_data scheduled__2026-04-03T02:00:00+00:00 [queued]>
[2026-04-04T05:49:04.869+0000] {taskinstance.py:2170} INFO - Starting attempt 1 of 1
[2026-04-04T05:49:04.891+0000] {taskinstance.py:2191} INFO - Executing <Task(PythonOperator): load_data> on 2026-04-03 02:00:00+00:00
[2026-04-04T05:49:04.901+0000] {standard_task_runner.py:60} INFO - Started process 224 to run task
[2026-04-04T05:49:04.909+0000] {standard_task_runner.py:87} INFO - Running: ['***', 'tasks', 'run', 'daily_student_pipeline', 'load_data', 'scheduled__2026-04-03T02:00:00+00:00', '--job-id', '160', '--raw', '--subdir', 'DAGS_FOLDER/daily_student_pipeline.py', '--cfg-path', '/tmp/tmpr0mvnl8q']
[2026-04-04T05:49:04.916+0000] {standard_task_runner.py:88} INFO - Job 160: Subtask load_data
[2026-04-04T05:49:05.050+0000] {task_command.py:423} INFO - Running <TaskInstance: daily_student_pipeline.load_data scheduled__2026-04-03T02:00:00+00:00 [running]> on host 1c62953c8918
[2026-04-04T05:49:05.226+0000] {taskinstance.py:2480} INFO - Exporting env vars: AIRFLOW_CTX_DAG_OWNER='nhom8' AIRFLOW_CTX_DAG_ID='daily_student_pipeline' AIRFLOW_CTX_TASK_ID='load_data' AIRFLOW_CTX_EXECUTION_DATE='2026-04-03T02:00:00+00:00' AIRFLOW_CTX_TRY_NUMBER='1' AIRFLOW_CTX_DAG_RUN_ID='scheduled__2026-04-03T02:00:00+00:00'
[2026-04-04T05:49:09.251+0000] {logging_mixin.py:188} WARNING - [2026-04-04 05:49:09] INFO    utils.minio :   MinIO run mới nhất: 2026-04-03_16-12
[2026-04-04T05:49:09.251+0000] {minio_client.py:283} INFO -   MinIO run mới nhất: 2026-04-03_16-12
[2026-04-04T05:49:09.258+0000] {logging_mixin.py:188} WARNING - [2026-04-04 05:49:09] INFO    etl.transform :   Load TransformedData từ MinIO staging: run_id=2026-04-03_16-12
[2026-04-04T05:49:09.258+0000] {transform.py:162} INFO -   Load TransformedData từ MinIO staging: run_id=2026-04-03_16-12
[2026-04-04T05:49:09.407+0000] {logging_mixin.py:188} WARNING - [2026-04-04 05:49:09] INFO    utils.minio :   MinIO ↓ [staging-data] 2026-04-03_16-12/dim_hoc_ky.parquet (9 rows)
[2026-04-04T05:49:09.407+0000] {minio_client.py:223} INFO -   MinIO ↓ [staging-data] 2026-04-03_16-12/dim_hoc_ky.parquet (9 rows)
[2026-04-04T05:49:09.434+0000] {logging_mixin.py:188} WARNING - [2026-04-04 05:49:09] INFO    utils.minio :   MinIO ↓ [staging-data] 2026-04-03_16-12/dim_giang_vien.parquet (45 rows)
[2026-04-04T05:49:09.434+0000] {minio_client.py:223} INFO -   MinIO ↓ [staging-data] 2026-04-03_16-12/dim_giang_vien.parquet (45 rows)
[2026-04-04T05:49:09.462+0000] {logging_mixin.py:188} WARNING - [2026-04-04 05:49:09] INFO    utils.minio :   MinIO ↓ [staging-data] 2026-04-03_16-12/dim_hoc_phan.parquet (121 rows)
[2026-04-04T05:49:09.462+0000] {minio_client.py:223} INFO -   MinIO ↓ [staging-data] 2026-04-03_16-12/dim_hoc_phan.parquet (121 rows)
[2026-04-04T05:49:09.503+0000] {logging_mixin.py:188} WARNING - [2026-04-04 05:49:09] INFO    utils.minio :   MinIO ↓ [staging-data] 2026-04-03_16-12/dim_sinh_vien.parquet (1,695 rows)
[2026-04-04T05:49:09.503+0000] {minio_client.py:223} INFO -   MinIO ↓ [staging-data] 2026-04-03_16-12/dim_sinh_vien.parquet (1,695 rows)
[2026-04-04T05:49:09.566+0000] {logging_mixin.py:188} WARNING - [2026-04-04 05:49:09] INFO    utils.minio :   MinIO ↓ [staging-data] 2026-04-03_16-12/fact_diem.parquet (54,529 rows)
[2026-04-04T05:49:09.566+0000] {minio_client.py:223} INFO -   MinIO ↓ [staging-data] 2026-04-03_16-12/fact_diem.parquet (54,529 rows)
[2026-04-04T05:49:09.598+0000] {logging_mixin.py:188} WARNING - [2026-04-04 05:49:09] INFO    utils.minio :   MinIO ↓ [staging-data] 2026-04-03_16-12/fact_ren_luyen.parquet (8,990 rows)
[2026-04-04T05:49:09.598+0000] {minio_client.py:223} INFO -   MinIO ↓ [staging-data] 2026-04-03_16-12/fact_ren_luyen.parquet (8,990 rows)
[2026-04-04T05:49:09.630+0000] {logging_mixin.py:188} WARNING - [2026-04-04 05:49:09] INFO    utils.minio :   MinIO ↓ [staging-data] 2026-04-03_16-12/fact_tai_chinh.parquet (8,990 rows)
[2026-04-04T05:49:09.630+0000] {minio_client.py:223} INFO -   MinIO ↓ [staging-data] 2026-04-03_16-12/fact_tai_chinh.parquet (8,990 rows)
[2026-04-04T05:49:09.641+0000] {logging_mixin.py:188} WARNING - [2026-04-04 05:49:09] WARNING utils.minio :   MinIO không tìm thấy: 2026-04-03_16-12/fact_tong_hop_sv.parquet
[2026-04-04T05:49:09.640+0000] {minio_client.py:229} WARNING -   MinIO không tìm thấy: 2026-04-03_16-12/fact_tong_hop_sv.parquet
[2026-04-04T05:49:09.644+0000] {logging_mixin.py:188} WARNING - [2026-04-04 05:49:09] INFO    etl.transform : Load from staging-data OK — run_id=2026-04-03_16-12
[2026-04-04T05:49:09.644+0000] {transform.py:175} INFO - Load from staging-data OK — run_id=2026-04-03_16-12
[2026-04-04T05:49:09.646+0000] {logging_mixin.py:188} WARNING - [2026-04-04 05:49:09] INFO    etl.load : ==BẮT ĐẦU LOAD VÀO DATA WAREHOUSE==
[2026-04-04T05:49:09.646+0000] {load.py:34} INFO - ==BẮT ĐẦU LOAD VÀO DATA WAREHOUSE==
[2026-04-04T05:49:09.648+0000] {logging_mixin.py:188} WARNING - [2026-04-04 05:49:09] INFO    etl.load : ======================================================================
[2026-04-04T05:49:09.648+0000] {load.py:35} INFO - ======================================================================
[2026-04-04T05:49:09.649+0000] {logging_mixin.py:188} WARNING - [2026-04-04 05:49:09] INFO    etl.load : 🔧 Tạo schema warehouse từ warehouse_models.py...
[2026-04-04T05:49:09.649+0000] {load.py:96} INFO - 🔧 Tạo schema warehouse từ warehouse_models.py...
[2026-04-04T05:49:09.766+0000] {logging_mixin.py:188} WARNING - [2026-04-04 05:49:09] INFO    etl.load :   Schema warehouse OK ✓
[2026-04-04T05:49:09.765+0000] {load.py:98} INFO -   Schema warehouse OK ✓
[2026-04-04T05:49:09.768+0000] {logging_mixin.py:188} WARNING - [2026-04-04 05:49:09] INFO    etl.load : ── Bước 1: Load Dimension Tables ──
[2026-04-04T05:49:09.768+0000] {load.py:41} INFO - ── Bước 1: Load Dimension Tables ──
[2026-04-04T05:49:09.856+0000] {logging_mixin.py:188} WARNING - [2026-04-04 05:49:09] INFO    etl.load :   dim_hoc_ky     →      9 records (new: 0)
[2026-04-04T05:49:09.856+0000] {load.py:185} INFO -   dim_hoc_ky     →      9 records (new: 0)
[2026-04-04T05:49:10.030+0000] {logging_mixin.py:188} WARNING - [2026-04-04 05:49:10] INFO    etl.load :   dim_giang_vien →     45 records (new: 0)
[2026-04-04T05:49:10.030+0000] {load.py:234} INFO -   dim_giang_vien →     45 records (new: 0)
[2026-04-04T05:49:10.363+0000] {logging_mixin.py:188} WARNING - [2026-04-04 05:49:10] INFO    etl.load :   dim_hoc_phan   →    121 records (new: 0)
[2026-04-04T05:49:10.362+0000] {load.py:282} INFO -   dim_hoc_phan   →    121 records (new: 0)
[2026-04-04T05:49:14.369+0000] {logging_mixin.py:188} WARNING - [2026-04-04 05:49:14] INFO    etl.load :   dim_sinh_vien →  1,695 records (new: 0, SCD2: 0, fact cascade: 0)
[2026-04-04T05:49:14.369+0000] {load.py:390} INFO -   dim_sinh_vien →  1,695 records (new: 0, SCD2: 0, fact cascade: 0)
[2026-04-04T05:49:14.372+0000] {logging_mixin.py:188} WARNING - [2026-04-04 05:49:14] INFO    etl.load : ── Bước 2: Build Surrogate Key Cache ──
[2026-04-04T05:49:14.372+0000] {load.py:47} INFO - ── Bước 2: Build Surrogate Key Cache ──
[2026-04-04T05:49:14.373+0000] {logging_mixin.py:188} WARNING - [2026-04-04 05:49:14] INFO    etl.load :  Building surrogate key caches...
[2026-04-04T05:49:14.373+0000] {load.py:101} INFO -  Building surrogate key caches...
[2026-04-04T05:49:14.392+0000] {logging_mixin.py:188} WARNING - [2026-04-04 05:49:14] INFO    etl.load :   SV=1695, HP=121, GV=45, HK=9
[2026-04-04T05:49:14.392+0000] {load.py:129} INFO -   SV=1695, HP=121, GV=45, HK=9
[2026-04-04T05:49:14.394+0000] {logging_mixin.py:188} WARNING - [2026-04-04 05:49:14] INFO    etl.load : ── Bước 3: Load Fact Tables ──
[2026-04-04T05:49:14.394+0000] {load.py:50} INFO - ── Bước 3: Load Fact Tables ──
[2026-04-04T05:50:28.747+0000] {logging_mixin.py:188} WARNING - [2026-04-04 05:50:28] INFO    etl.load :   fact_hoc_tap   →      0 records
[2026-04-04T05:50:28.747+0000] {load.py:522} INFO -   fact_hoc_tap   →      0 records
[2026-04-04T05:50:35.235+0000] {logging_mixin.py:188} WARNING - [2026-04-04 05:50:35] INFO    etl.load :   fact_ctsv      →      0 records
[2026-04-04T05:50:35.234+0000] {load.py:641} INFO -   fact_ctsv      →      0 records
[2026-04-04T05:50:44.104+0000] {logging_mixin.py:188} WARNING - [2026-04-04 05:50:44] INFO    etl.load :   fact_tai_chinh →      0 records
[2026-04-04T05:50:44.104+0000] {load.py:702} INFO -   fact_tai_chinh →      0 records
[2026-04-04T05:50:44.106+0000] {logging_mixin.py:188} WARNING - [2026-04-04 05:50:44] INFO    etl.load : ── Bước 4: Build Aggregation ──
[2026-04-04T05:50:44.106+0000] {load.py:55} INFO - ── Bước 4: Build Aggregation ──
[2026-04-04T05:50:44.108+0000] {logging_mixin.py:188} WARNING - [2026-04-04 05:50:44] INFO    etl.aggregation : == BẮT ĐẦU AGGREGATION ==
[2026-04-04T05:50:44.108+0000] {aggregation.py:12} INFO - == BẮT ĐẦU AGGREGATION ==
[2026-04-04T05:50:44.338+0000] {logging_mixin.py:188} WARNING - [2026-04-04 05:50:44] INFO    etl.aggregation :   agg_student_summary → 1,695 records
[2026-04-04T05:50:44.338+0000] {aggregation.py:142} INFO -   agg_student_summary → 1,695 records
[2026-04-04T05:50:44.341+0000] {logging_mixin.py:188} WARNING - [2026-04-04 05:50:44] INFO    etl.aggregation :  agg_student_summary rebuilt : 1,695
[2026-04-04T05:50:44.341+0000] {aggregation.py:14} INFO -  agg_student_summary rebuilt : 1,695
[2026-04-04T05:50:44.342+0000] {logging_mixin.py:188} WARNING - [2026-04-04 05:50:44] INFO    etl.aggregation : == AGGREGATION HOÀN TẤT ==
[2026-04-04T05:50:44.342+0000] {aggregation.py:15} INFO - == AGGREGATION HOÀN TẤT ==
[2026-04-04T05:50:44.343+0000] {logging_mixin.py:188} WARNING - [2026-04-04 05:50:44] INFO    etl.load : ======================================================================
[2026-04-04T05:50:44.343+0000] {load.py:59} INFO - ======================================================================
[2026-04-04T05:50:44.344+0000] {logging_mixin.py:188} WARNING - [2026-04-04 05:50:44] INFO    etl.load : LOAD HOÀN TẤT
[2026-04-04T05:50:44.344+0000] {load.py:60} INFO - LOAD HOÀN TẤT
[2026-04-04T05:50:44.345+0000] {logging_mixin.py:188} WARNING - [2026-04-04 05:50:44] INFO    etl.load :   dim_hoc_ky               :        9 records
[2026-04-04T05:50:44.345+0000] {load.py:63} INFO -   dim_hoc_ky               :        9 records
[2026-04-04T05:50:44.346+0000] {logging_mixin.py:188} WARNING - [2026-04-04 05:50:44] INFO    etl.load :   dim_giang_vien           :       45 records
[2026-04-04T05:50:44.346+0000] {load.py:63} INFO -   dim_giang_vien           :       45 records
[2026-04-04T05:50:44.347+0000] {logging_mixin.py:188} WARNING - [2026-04-04 05:50:44] INFO    etl.load :   dim_hoc_phan             :      121 records
[2026-04-04T05:50:44.347+0000] {load.py:63} INFO -   dim_hoc_phan             :      121 records
[2026-04-04T05:50:44.348+0000] {logging_mixin.py:188} WARNING - [2026-04-04 05:50:44] INFO    etl.load :   dim_sinh_vien            :        0 records
[2026-04-04T05:50:44.348+0000] {load.py:63} INFO -   dim_sinh_vien            :        0 records
[2026-04-04T05:50:44.348+0000] {logging_mixin.py:188} WARNING - [2026-04-04 05:50:44] INFO    etl.load :   fact_hoc_tap             :        0 records
[2026-04-04T05:50:44.348+0000] {load.py:63} INFO -   fact_hoc_tap             :        0 records
[2026-04-04T05:50:44.349+0000] {logging_mixin.py:188} WARNING - [2026-04-04 05:50:44] INFO    etl.load :   fact_ctsv                :        0 records
[2026-04-04T05:50:44.349+0000] {load.py:63} INFO -   fact_ctsv                :        0 records
[2026-04-04T05:50:44.350+0000] {logging_mixin.py:188} WARNING - [2026-04-04 05:50:44] INFO    etl.load :   fact_tai_chinh           :        0 records
[2026-04-04T05:50:44.350+0000] {load.py:63} INFO -   fact_tai_chinh           :        0 records
[2026-04-04T05:50:44.350+0000] {logging_mixin.py:188} WARNING - [2026-04-04 05:50:44] INFO    etl.load :   agg_student_summary      :    1,695 records
[2026-04-04T05:50:44.350+0000] {load.py:63} INFO -   agg_student_summary      :    1,695 records
[2026-04-04T05:50:44.352+0000] {logging_mixin.py:188} WARNING - [2026-04-04 05:50:44] INFO    etl.load :   TỔNG                     :    1,870 records
[2026-04-04T05:50:44.352+0000] {load.py:65} INFO -   TỔNG                     :    1,870 records
[2026-04-04T05:50:44.353+0000] {logging_mixin.py:188} WARNING - [2026-04-04 05:50:44] INFO    etl.load : ======================================================================
[2026-04-04T05:50:44.353+0000] {load.py:66} INFO - ======================================================================
[2026-04-04T05:50:44.368+0000] {logging_mixin.py:188} INFO - Load xong: {'dim_hoc_ky': 9, 'dim_giang_vien': 45, 'dim_hoc_phan': 121, 'dim_sinh_vien': 0, 'fact_hoc_tap': 0, 'fact_ctsv': 0, 'fact_tai_chinh': 0, 'agg_student_summary': 1695}
[2026-04-04T05:50:44.371+0000] {python.py:201} INFO - Done. Returned value was: {'dim_hoc_ky': 9, 'dim_giang_vien': 45, 'dim_hoc_phan': 121, 'dim_sinh_vien': 0, 'fact_hoc_tap': 0, 'fact_ctsv': 0, 'fact_tai_chinh': 0, 'agg_student_summary': 1695}
[2026-04-04T05:50:44.395+0000] {taskinstance.py:1138} INFO - Marking task as SUCCESS. dag_id=daily_student_pipeline, task_id=load_data, execution_date=20260403T020000, start_date=20260404T054904, end_date=20260404T055044
[2026-04-04T05:50:44.451+0000] {local_task_job_runner.py:234} INFO - Task exited with return code 0
[2026-04-04T05:50:44.467+0000] {taskinstance.py:3280} INFO - 0 downstream tasks scheduled from follow-on schedule check
