[2026-03-26T10:33:10.889+0000] {taskinstance.py:1956} INFO - Dependencies all met for dep_context=non-requeueable deps ti=<TaskInstance: daily_student_pipeline.extract_data manual__2026-03-26T10:33:08.763563+00:00 [queued]>
[2026-03-26T10:33:10.896+0000] {taskinstance.py:1956} INFO - Dependencies all met for dep_context=requeueable deps ti=<TaskInstance: daily_student_pipeline.extract_data manual__2026-03-26T10:33:08.763563+00:00 [queued]>
[2026-03-26T10:33:10.897+0000] {taskinstance.py:2170} INFO - Starting attempt 1 of 1
[2026-03-26T10:33:10.908+0000] {taskinstance.py:2191} INFO - Executing <Task(PythonOperator): extract_data> on 2026-03-26 10:33:08.763563+00:00
[2026-03-26T10:33:10.912+0000] {standard_task_runner.py:60} INFO - Started process 212 to run task
[2026-03-26T10:33:10.914+0000] {standard_task_runner.py:87} INFO - Running: ['***', 'tasks', 'run', 'daily_student_pipeline', 'extract_data', 'manual__2026-03-26T10:33:08.763563+00:00', '--job-id', '83', '--raw', '--subdir', 'DAGS_FOLDER/daily_student_pipeline.py', '--cfg-path', '/tmp/tmp_eha28ht']
[2026-03-26T10:33:10.917+0000] {standard_task_runner.py:88} INFO - Job 83: Subtask extract_data
[2026-03-26T10:33:11.008+0000] {task_command.py:423} INFO - Running <TaskInstance: daily_student_pipeline.extract_data manual__2026-03-26T10:33:08.763563+00:00 [running]> on host 95f9ad9683dd
[2026-03-26T10:33:11.100+0000] {taskinstance.py:2480} INFO - Exporting env vars: AIRFLOW_CTX_DAG_OWNER='nhom8' AIRFLOW_CTX_DAG_ID='daily_student_pipeline' AIRFLOW_CTX_TASK_ID='extract_data' AIRFLOW_CTX_EXECUTION_DATE='2026-03-26T10:33:08.763563+00:00' AIRFLOW_CTX_TRY_NUMBER='1' AIRFLOW_CTX_DAG_RUN_ID='manual__2026-03-26T10:33:08.763563+00:00'
[2026-03-26T10:33:12.388+0000] {logging_mixin.py:188} WARNING - [2026-03-26 10:33:12] INFO    etl.extract : 🚀 BẮT ĐẦU FULL EXTRACT
[2026-03-26T10:33:12.388+0000] {extract.py:356} INFO - 🚀 BẮT ĐẦU FULL EXTRACT
[2026-03-26T10:33:12.391+0000] {logging_mixin.py:188} WARNING - [2026-03-26 10:33:12] INFO    etl.extract : ======================================================================
[2026-03-26T10:33:12.391+0000] {extract.py:357} INFO - ======================================================================
[2026-03-26T10:33:12.396+0000] {logging_mixin.py:188} WARNING - [2026-03-26 10:33:12] INFO    etl.extract : ════════════════════════════════════════════════════════════
[2026-03-26T10:33:12.396+0000] {extract.py:120} INFO - ════════════════════════════════════════════════════════════
[2026-03-26T10:33:12.397+0000] {logging_mixin.py:188} WARNING - [2026-03-26 10:33:12] INFO    etl.extract : NGUỒN 1 — PostgreSQL (Phòng Đào tạo) | Full Extract
[2026-03-26T10:33:12.397+0000] {extract.py:121} INFO - NGUỒN 1 — PostgreSQL (Phòng Đào tạo) | Full Extract
[2026-03-26T10:33:12.399+0000] {logging_mixin.py:188} WARNING - [2026-03-26 10:33:12] INFO    etl.extract : ════════════════════════════════════════════════════════════
[2026-03-26T10:33:12.399+0000] {extract.py:122} INFO - ════════════════════════════════════════════════════════════
[2026-03-26T10:33:12.485+0000] {logging_mixin.py:188} WARNING - [2026-03-26 10:33:12] INFO    etl.extract :   PostgreSQL | khoa                      →      4 records
[2026-03-26T10:33:12.485+0000] {extract.py:98} INFO -   PostgreSQL | khoa                      →      4 records
[2026-03-26T10:33:12.511+0000] {logging_mixin.py:188} WARNING - [2026-03-26 10:33:12] INFO    etl.extract :   PostgreSQL | nganh                     →      3 records
[2026-03-26T10:33:12.511+0000] {extract.py:98} INFO -   PostgreSQL | nganh                     →      3 records
[2026-03-26T10:33:12.546+0000] {logging_mixin.py:188} WARNING - [2026-03-26 10:33:12] INFO    etl.extract :   PostgreSQL | giang_vien                →     45 records
[2026-03-26T10:33:12.546+0000] {extract.py:98} INFO -   PostgreSQL | giang_vien                →     45 records
[2026-03-26T10:33:12.593+0000] {logging_mixin.py:188} WARNING - [2026-03-26 10:33:12] INFO    etl.extract :   PostgreSQL | lop_hanh_chinh            →     48 records
[2026-03-26T10:33:12.592+0000] {extract.py:98} INFO -   PostgreSQL | lop_hanh_chinh            →     48 records
[2026-03-26T10:33:13.338+0000] {logging_mixin.py:188} WARNING - [2026-03-26 10:33:13] INFO    etl.extract :   PostgreSQL | sinh_vien                 →  1,695 records
[2026-03-26T10:33:13.338+0000] {extract.py:98} INFO -   PostgreSQL | sinh_vien                 →  1,695 records
[2026-03-26T10:33:13.363+0000] {logging_mixin.py:188} WARNING - [2026-03-26 10:33:13] INFO    etl.extract :   PostgreSQL | hoc_phan                  →    121 records
[2026-03-26T10:33:13.363+0000] {extract.py:98} INFO -   PostgreSQL | hoc_phan                  →    121 records
[2026-03-26T10:33:13.376+0000] {logging_mixin.py:188} WARNING - [2026-03-26 10:33:13] INFO    etl.extract :   PostgreSQL | hoc_ky_nam_hoc            →      9 records
[2026-03-26T10:33:13.376+0000] {extract.py:98} INFO -   PostgreSQL | hoc_ky_nam_hoc            →      9 records
[2026-03-26T10:33:14.226+0000] {logging_mixin.py:188} WARNING - [2026-03-26 10:33:14] INFO    etl.extract :   PostgreSQL | dang_ky_hoc_phan          → 46,575 records
[2026-03-26T10:33:14.226+0000] {extract.py:98} INFO -   PostgreSQL | dang_ky_hoc_phan          → 46,575 records
[2026-03-26T10:33:14.816+0000] {logging_mixin.py:188} WARNING - [2026-03-26 10:33:14] INFO    etl.extract :   PostgreSQL | diem_hoc_phan             → 46,575 records
[2026-03-26T10:33:14.816+0000] {extract.py:98} INFO -   PostgreSQL | diem_hoc_phan             → 46,575 records
[2026-03-26T10:33:14.891+0000] {logging_mixin.py:188} WARNING - [2026-03-26 10:33:14] INFO    etl.extract :   PostgreSQL | tong_hop_ket_qua          →  1,695 records
[2026-03-26T10:33:14.891+0000] {extract.py:98} INFO -   PostgreSQL | tong_hop_ket_qua          →  1,695 records
[2026-03-26T10:33:14.892+0000] {logging_mixin.py:188} WARNING - [2026-03-26 10:33:14] INFO    etl.extract :   PostgreSQL | TỔNG: 96,770 records từ 10 bảng
[2026-03-26T10:33:14.892+0000] {extract.py:129} INFO -   PostgreSQL | TỔNG: 96,770 records từ 10 bảng
[2026-03-26T10:33:14.894+0000] {logging_mixin.py:188} WARNING - [2026-03-26 10:33:14] INFO    etl.extract : ════════════════════════════════════════════════════════════
[2026-03-26T10:33:14.894+0000] {extract.py:215} INFO - ════════════════════════════════════════════════════════════
[2026-03-26T10:33:14.895+0000] {logging_mixin.py:188} WARNING - [2026-03-26 10:33:14] INFO    etl.extract : NGUỒN 2 — CSV (Phòng CTSV) | Extract
[2026-03-26T10:33:14.895+0000] {extract.py:216} INFO - NGUỒN 2 — CSV (Phòng CTSV) | Extract
[2026-03-26T10:33:14.896+0000] {logging_mixin.py:188} WARNING - [2026-03-26 10:33:14] INFO    etl.extract : ════════════════════════════════════════════════════════════
[2026-03-26T10:33:14.896+0000] {extract.py:217} INFO - ════════════════════════════════════════════════════════════
[2026-03-26T10:33:14.901+0000] {logging_mixin.py:188} WARNING - [2026-03-26 10:33:14] INFO    etl.extract :   CSV | Tìm thấy 9 file(s)
[2026-03-26T10:33:14.901+0000] {extract.py:227} INFO -   CSV | Tìm thấy 9 file(s)
[2026-03-26T10:33:14.916+0000] {logging_mixin.py:188} WARNING - [2026-03-26 10:33:14] INFO    etl.extract :   CSV | ctsv_HK1_2021_22.csv                →    390 records
[2026-03-26T10:33:14.916+0000] {extract.py:190} INFO -   CSV | ctsv_HK1_2021_22.csv                →    390 records
[2026-03-26T10:33:14.927+0000] {logging_mixin.py:188} WARNING - [2026-03-26 10:33:14] INFO    etl.extract :   CSV | ctsv_HK1_2022_23.csv                →    810 records
[2026-03-26T10:33:14.927+0000] {extract.py:190} INFO -   CSV | ctsv_HK1_2022_23.csv                →    810 records
[2026-03-26T10:33:14.940+0000] {logging_mixin.py:188} WARNING - [2026-03-26 10:33:14] INFO    etl.extract :   CSV | ctsv_HK1_2023_24.csv                →  1,245 records
[2026-03-26T10:33:14.940+0000] {extract.py:190} INFO -   CSV | ctsv_HK1_2023_24.csv                →  1,245 records
[2026-03-26T10:33:14.957+0000] {logging_mixin.py:188} WARNING - [2026-03-26 10:33:14] INFO    etl.extract :   CSV | ctsv_HK1_2024_25.csv                →  1,580 records
[2026-03-26T10:33:14.957+0000] {extract.py:190} INFO -   CSV | ctsv_HK1_2024_25.csv                →  1,580 records
[2026-03-26T10:33:14.971+0000] {logging_mixin.py:188} WARNING - [2026-03-26 10:33:14] INFO    etl.extract :   CSV | ctsv_HK1_2025_26.csv                →    125 records
[2026-03-26T10:33:14.971+0000] {extract.py:190} INFO -   CSV | ctsv_HK1_2025_26.csv                →    125 records
[2026-03-26T10:33:14.985+0000] {logging_mixin.py:188} WARNING - [2026-03-26 10:33:14] INFO    etl.extract :   CSV | ctsv_HK2_2021_22.csv                →    390 records
[2026-03-26T10:33:14.985+0000] {extract.py:190} INFO -   CSV | ctsv_HK2_2021_22.csv                →    390 records
[2026-03-26T10:33:14.996+0000] {logging_mixin.py:188} WARNING - [2026-03-26 10:33:14] INFO    etl.extract :   CSV | ctsv_HK2_2022_23.csv                →    810 records
[2026-03-26T10:33:14.996+0000] {extract.py:190} INFO -   CSV | ctsv_HK2_2022_23.csv                →    810 records
[2026-03-26T10:33:15.007+0000] {logging_mixin.py:188} WARNING - [2026-03-26 10:33:15] INFO    etl.extract :   CSV | ctsv_HK2_2023_24.csv                →  1,245 records
[2026-03-26T10:33:15.007+0000] {extract.py:190} INFO -   CSV | ctsv_HK2_2023_24.csv                →  1,245 records
[2026-03-26T10:33:15.018+0000] {logging_mixin.py:188} WARNING - [2026-03-26 10:33:15] INFO    etl.extract :   CSV | ctsv_HK2_2024_25.csv                →  1,361 records
[2026-03-26T10:33:15.018+0000] {extract.py:190} INFO -   CSV | ctsv_HK2_2024_25.csv                →  1,361 records
[2026-03-26T10:33:15.027+0000] {logging_mixin.py:188} WARNING - [2026-03-26 10:33:15] INFO    etl.extract :   CSV | TỔNG: 7,956 records từ 9 file(s)
[2026-03-26T10:33:15.027+0000] {extract.py:247} INFO -   CSV | TỔNG: 7,956 records từ 9 file(s)
[2026-03-26T10:33:15.093+0000] {logging_mixin.py:188} WARNING - [2026-03-26 10:33:15] INFO    etl.extract :   API | (JSON) taichinh_HK1_2021_22.json →    390 records
[2026-03-26T10:33:15.093+0000] {extract.py:312} INFO -   API | (JSON) taichinh_HK1_2021_22.json →    390 records
[2026-03-26T10:33:15.130+0000] {logging_mixin.py:188} WARNING - [2026-03-26 10:33:15] INFO    etl.extract :   API | (JSON) taichinh_HK1_2022_23.json →    810 records
[2026-03-26T10:33:15.130+0000] {extract.py:312} INFO -   API | (JSON) taichinh_HK1_2022_23.json →    810 records
[2026-03-26T10:33:15.172+0000] {logging_mixin.py:188} WARNING - [2026-03-26 10:33:15] INFO    etl.extract :   API | (JSON) taichinh_HK1_2023_24.json →  1,245 records
[2026-03-26T10:33:15.172+0000] {extract.py:312} INFO -   API | (JSON) taichinh_HK1_2023_24.json →  1,245 records
[2026-03-26T10:33:15.220+0000] {logging_mixin.py:188} WARNING - [2026-03-26 10:33:15] INFO    etl.extract :   API | (JSON) taichinh_HK1_2024_25.json →  1,580 records
[2026-03-26T10:33:15.220+0000] {extract.py:312} INFO -   API | (JSON) taichinh_HK1_2024_25.json →  1,580 records
[2026-03-26T10:33:15.257+0000] {logging_mixin.py:188} WARNING - [2026-03-26 10:33:15] INFO    etl.extract :   API | (JSON) taichinh_HK1_2025_26.json →    125 records
[2026-03-26T10:33:15.257+0000] {extract.py:312} INFO -   API | (JSON) taichinh_HK1_2025_26.json →    125 records
[2026-03-26T10:33:15.291+0000] {logging_mixin.py:188} WARNING - [2026-03-26 10:33:15] INFO    etl.extract :   API | (JSON) taichinh_HK2_2021_22.json →    390 records
[2026-03-26T10:33:15.291+0000] {extract.py:312} INFO -   API | (JSON) taichinh_HK2_2021_22.json →    390 records
[2026-03-26T10:33:15.324+0000] {logging_mixin.py:188} WARNING - [2026-03-26 10:33:15] INFO    etl.extract :   API | (JSON) taichinh_HK2_2022_23.json →    810 records
[2026-03-26T10:33:15.324+0000] {extract.py:312} INFO -   API | (JSON) taichinh_HK2_2022_23.json →    810 records
[2026-03-26T10:33:15.365+0000] {logging_mixin.py:188} WARNING - [2026-03-26 10:33:15] INFO    etl.extract :   API | (JSON) taichinh_HK2_2023_24.json →  1,245 records
[2026-03-26T10:33:15.365+0000] {extract.py:312} INFO -   API | (JSON) taichinh_HK2_2023_24.json →  1,245 records
[2026-03-26T10:33:15.399+0000] {logging_mixin.py:188} WARNING - [2026-03-26 10:33:15] INFO    etl.extract :   API | (JSON) taichinh_HK2_2024_25.json →  1,361 records
[2026-03-26T10:33:15.399+0000] {extract.py:312} INFO -   API | (JSON) taichinh_HK2_2024_25.json →  1,361 records
[2026-03-26T10:33:15.401+0000] {logging_mixin.py:188} WARNING - [2026-03-26 10:33:15] INFO    etl.extract :   API | TỔNG: 7,956 records từ 9 HK
[2026-03-26T10:33:15.401+0000] {extract.py:338} INFO -   API | TỔNG: 7,956 records từ 9 HK
[2026-03-26T10:33:15.754+0000] {logging_mixin.py:188} WARNING - [2026-03-26 10:33:15] INFO    utils.minio :   MinIO ↑ [raw-data] 2026-03-26_10-33/nguon1_sinh_vien.parquet (47.4 KB | 1,695 rows)
[2026-03-26T10:33:15.754+0000] {minio_client.py:142} INFO -   MinIO ↑ [raw-data] 2026-03-26_10-33/nguon1_sinh_vien.parquet (47.4 KB | 1,695 rows)
[2026-03-26T10:33:15.802+0000] {logging_mixin.py:188} WARNING - [2026-03-26 10:33:15] INFO    utils.minio :   MinIO ↑ [raw-data] 2026-03-26_10-33/nguon1_dang_ky.parquet (373.5 KB | 46,575 rows)
[2026-03-26T10:33:15.802+0000] {minio_client.py:142} INFO -   MinIO ↑ [raw-data] 2026-03-26_10-33/nguon1_dang_ky.parquet (373.5 KB | 46,575 rows)
[2026-03-26T10:33:15.844+0000] {logging_mixin.py:188} WARNING - [2026-03-26 10:33:15] INFO    utils.minio :   MinIO ↑ [raw-data] 2026-03-26_10-33/nguon1_diem.parquet (952.9 KB | 46,575 rows)
[2026-03-26T10:33:15.844+0000] {minio_client.py:142} INFO -   MinIO ↑ [raw-data] 2026-03-26_10-33/nguon1_diem.parquet (952.9 KB | 46,575 rows)
[2026-03-26T10:33:15.857+0000] {logging_mixin.py:188} WARNING - [2026-03-26 10:33:15] INFO    utils.minio :   MinIO ↑ [raw-data] 2026-03-26_10-33/nguon1_hoc_phan.parquet (10.3 KB | 121 rows)
[2026-03-26T10:33:15.857+0000] {minio_client.py:142} INFO -   MinIO ↑ [raw-data] 2026-03-26_10-33/nguon1_hoc_phan.parquet (10.3 KB | 121 rows)
[2026-03-26T10:33:15.869+0000] {logging_mixin.py:188} WARNING - [2026-03-26 10:33:15] INFO    utils.minio :   MinIO ↑ [raw-data] 2026-03-26_10-33/nguon1_hoc_ky.parquet (4.1 KB | 9 rows)
[2026-03-26T10:33:15.868+0000] {minio_client.py:142} INFO -   MinIO ↑ [raw-data] 2026-03-26_10-33/nguon1_hoc_ky.parquet (4.1 KB | 9 rows)
[2026-03-26T10:33:15.879+0000] {logging_mixin.py:188} WARNING - [2026-03-26 10:33:15] INFO    utils.minio :   MinIO ↑ [raw-data] 2026-03-26_10-33/nguon1_giang_vien.parquet (8.3 KB | 45 rows)
[2026-03-26T10:33:15.878+0000] {minio_client.py:142} INFO -   MinIO ↑ [raw-data] 2026-03-26_10-33/nguon1_giang_vien.parquet (8.3 KB | 45 rows)
[2026-03-26T10:33:15.890+0000] {logging_mixin.py:188} WARNING - [2026-03-26 10:33:15] INFO    utils.minio :   MinIO ↑ [raw-data] 2026-03-26_10-33/nguon1_khoa.parquet (2.6 KB | 4 rows)
[2026-03-26T10:33:15.890+0000] {minio_client.py:142} INFO -   MinIO ↑ [raw-data] 2026-03-26_10-33/nguon1_khoa.parquet (2.6 KB | 4 rows)
[2026-03-26T10:33:15.902+0000] {logging_mixin.py:188} WARNING - [2026-03-26 10:33:15] INFO    utils.minio :   MinIO ↑ [raw-data] 2026-03-26_10-33/nguon1_nganh.parquet (3.2 KB | 3 rows)
[2026-03-26T10:33:15.902+0000] {minio_client.py:142} INFO -   MinIO ↑ [raw-data] 2026-03-26_10-33/nguon1_nganh.parquet (3.2 KB | 3 rows)
[2026-03-26T10:33:15.913+0000] {logging_mixin.py:188} WARNING - [2026-03-26 10:33:15] INFO    utils.minio :   MinIO ↑ [raw-data] 2026-03-26_10-33/nguon1_lop_hanh_chinh.parquet (4.8 KB | 48 rows)
[2026-03-26T10:33:15.912+0000] {minio_client.py:142} INFO -   MinIO ↑ [raw-data] 2026-03-26_10-33/nguon1_lop_hanh_chinh.parquet (4.8 KB | 48 rows)
[2026-03-26T10:33:15.924+0000] {logging_mixin.py:188} WARNING - [2026-03-26 10:33:15] INFO    utils.minio :   MinIO ↑ [raw-data] 2026-03-26_10-33/nguon1_tong_hop_ket_qua.parquet (22.4 KB | 1,695 rows)
[2026-03-26T10:33:15.924+0000] {minio_client.py:142} INFO -   MinIO ↑ [raw-data] 2026-03-26_10-33/nguon1_tong_hop_ket_qua.parquet (22.4 KB | 1,695 rows)
[2026-03-26T10:33:15.940+0000] {logging_mixin.py:188} WARNING - [2026-03-26 10:33:15] INFO    utils.minio :   MinIO ↑ [raw-data] 2026-03-26_10-33/nguon2_ctsv.parquet (38.3 KB | 7,956 rows)
[2026-03-26T10:33:15.940+0000] {minio_client.py:142} INFO -   MinIO ↑ [raw-data] 2026-03-26_10-33/nguon2_ctsv.parquet (38.3 KB | 7,956 rows)
[2026-03-26T10:33:15.954+0000] {logging_mixin.py:188} WARNING - [2026-03-26 10:33:15] INFO    utils.minio :   MinIO ↑ [raw-data] 2026-03-26_10-33/nguon3_tai_chinh.parquet (65.7 KB | 7,956 rows)
[2026-03-26T10:33:15.954+0000] {minio_client.py:142} INFO -   MinIO ↑ [raw-data] 2026-03-26_10-33/nguon3_tai_chinh.parquet (65.7 KB | 7,956 rows)
[2026-03-26T10:33:15.955+0000] {logging_mixin.py:188} WARNING - [2026-03-26 10:33:15] INFO    utils.minio :   MinIO upload xong: 12/12 files | run_id=2026-03-26_10-33
[2026-03-26T10:33:15.955+0000] {minio_client.py:188} INFO -   MinIO upload xong: 12/12 files | run_id=2026-03-26_10-33
[2026-03-26T10:33:15.956+0000] {logging_mixin.py:188} WARNING - [2026-03-26 10:33:15] INFO    etl.extract :   MinIO staging: 12/12 files OK → run_id=2026-03-26_10-33
[2026-03-26T10:33:15.956+0000] {extract.py:443} INFO -   MinIO staging: 12/12 files OK → run_id=2026-03-26_10-33
[2026-03-26T10:33:15.957+0000] {logging_mixin.py:188} WARNING - [2026-03-26 10:33:15] INFO    etl.extract : ======================================================================
[2026-03-26T10:33:15.957+0000] {extract.py:383} INFO - ======================================================================
[2026-03-26T10:33:15.958+0000] {logging_mixin.py:188} WARNING - [2026-03-26 10:33:15] INFO    etl.extract : ✅ FULL EXTRACT HOÀN TẤT
[2026-03-26T10:33:15.958+0000] {extract.py:384} INFO - ✅ FULL EXTRACT HOÀN TẤT
[2026-03-26T10:33:15.960+0000] {logging_mixin.py:188} WARNING - [2026-03-26 10:33:15] INFO    etl.extract :    khoa                     :        4
[2026-03-26T10:33:15.960+0000] {extract.py:386} INFO -    khoa                     :        4
[2026-03-26T10:33:15.961+0000] {logging_mixin.py:188} WARNING - [2026-03-26 10:33:15] INFO    etl.extract :    nganh                    :        3
[2026-03-26T10:33:15.961+0000] {extract.py:386} INFO -    nganh                    :        3
[2026-03-26T10:33:15.961+0000] {logging_mixin.py:188} WARNING - [2026-03-26 10:33:15] INFO    etl.extract :    giang_vien               :       45
[2026-03-26T10:33:15.961+0000] {extract.py:386} INFO -    giang_vien               :       45
[2026-03-26T10:33:15.963+0000] {logging_mixin.py:188} WARNING - [2026-03-26 10:33:15] INFO    etl.extract :    lop_hanh_chinh           :       48
[2026-03-26T10:33:15.963+0000] {extract.py:386} INFO -    lop_hanh_chinh           :       48
[2026-03-26T10:33:15.963+0000] {logging_mixin.py:188} WARNING - [2026-03-26 10:33:15] INFO    etl.extract :    sinh_vien                :    1,695
[2026-03-26T10:33:15.963+0000] {extract.py:386} INFO -    sinh_vien                :    1,695
[2026-03-26T10:33:15.964+0000] {logging_mixin.py:188} WARNING - [2026-03-26 10:33:15] INFO    etl.extract :    hoc_phan                 :      121
[2026-03-26T10:33:15.964+0000] {extract.py:386} INFO -    hoc_phan                 :      121
[2026-03-26T10:33:15.965+0000] {logging_mixin.py:188} WARNING - [2026-03-26 10:33:15] INFO    etl.extract :    hoc_ky_nam_hoc           :        9
[2026-03-26T10:33:15.965+0000] {extract.py:386} INFO -    hoc_ky_nam_hoc           :        9
[2026-03-26T10:33:15.965+0000] {logging_mixin.py:188} WARNING - [2026-03-26 10:33:15] INFO    etl.extract :    dang_ky_hoc_phan         :   46,575
[2026-03-26T10:33:15.965+0000] {extract.py:386} INFO -    dang_ky_hoc_phan         :   46,575
[2026-03-26T10:33:15.966+0000] {logging_mixin.py:188} WARNING - [2026-03-26 10:33:15] INFO    etl.extract :    diem_hoc_phan            :   46,575
[2026-03-26T10:33:15.966+0000] {extract.py:386} INFO -    diem_hoc_phan            :   46,575
[2026-03-26T10:33:15.966+0000] {logging_mixin.py:188} WARNING - [2026-03-26 10:33:15] INFO    etl.extract :    tong_hop_ket_qua         :    1,695
[2026-03-26T10:33:15.966+0000] {extract.py:386} INFO -    tong_hop_ket_qua         :    1,695
[2026-03-26T10:33:15.967+0000] {logging_mixin.py:188} WARNING - [2026-03-26 10:33:15] INFO    etl.extract :    ctsv_data                :    7,956
[2026-03-26T10:33:15.967+0000] {extract.py:386} INFO -    ctsv_data                :    7,956
[2026-03-26T10:33:15.968+0000] {logging_mixin.py:188} WARNING - [2026-03-26 10:33:15] INFO    etl.extract :    tai_chinh_data           :    7,956
[2026-03-26T10:33:15.968+0000] {extract.py:386} INFO -    tai_chinh_data           :    7,956
[2026-03-26T10:33:15.968+0000] {logging_mixin.py:188} WARNING - [2026-03-26 10:33:15] INFO    etl.extract : ======================================================================
[2026-03-26T10:33:15.968+0000] {extract.py:387} INFO - ======================================================================
[2026-03-26T10:33:16.001+0000] {logging_mixin.py:188} INFO - Extract xong: {'khoa': 4, 'nganh': 3, 'giang_vien': 45, 'lop_hanh_chinh': 48, 'sinh_vien': 1695, 'hoc_phan': 121, 'hoc_ky_nam_hoc': 9, 'dang_ky_hoc_phan': 46575, 'diem_hoc_phan': 46575, 'tong_hop_ket_qua': 1695, 'ctsv_data': 7956, 'tai_chinh_data': 7956}
[2026-03-26T10:33:16.008+0000] {python.py:201} INFO - Done. Returned value was: {'khoa': 4, 'nganh': 3, 'giang_vien': 45, 'lop_hanh_chinh': 48, 'sinh_vien': 1695, 'hoc_phan': 121, 'hoc_ky_nam_hoc': 9, 'dang_ky_hoc_phan': 46575, 'diem_hoc_phan': 46575, 'tong_hop_ket_qua': 1695, 'ctsv_data': 7956, 'tai_chinh_data': 7956}
[2026-03-26T10:33:16.034+0000] {taskinstance.py:1138} INFO - Marking task as SUCCESS. dag_id=daily_student_pipeline, task_id=extract_data, execution_date=20260326T103308, start_date=20260326T103310, end_date=20260326T103316
[2026-03-26T10:33:16.067+0000] {local_task_job_runner.py:234} INFO - Task exited with return code 0
[2026-03-26T10:33:16.092+0000] {taskinstance.py:3280} INFO - 1 downstream tasks scheduled from follow-on schedule check
