[2026-04-21T06:55:18.993+0000] {taskinstance.py:1956} INFO - Dependencies all met for dep_context=non-requeueable deps ti=<TaskInstance: daily_student_pipeline.load_data manual__2026-04-21T06:54:56.534855+00:00 [queued]>
[2026-04-21T06:55:19.000+0000] {taskinstance.py:1956} INFO - Dependencies all met for dep_context=requeueable deps ti=<TaskInstance: daily_student_pipeline.load_data manual__2026-04-21T06:54:56.534855+00:00 [queued]>
[2026-04-21T06:55:19.001+0000] {taskinstance.py:2170} INFO - Starting attempt 1 of 1
[2026-04-21T06:55:19.012+0000] {taskinstance.py:2191} INFO - Executing <Task(PythonOperator): load_data> on 2026-04-21 06:54:56.534855+00:00
[2026-04-21T06:55:19.015+0000] {standard_task_runner.py:60} INFO - Started process 3719 to run task
[2026-04-21T06:55:19.018+0000] {standard_task_runner.py:87} INFO - Running: ['***', 'tasks', 'run', 'daily_student_pipeline', 'load_data', 'manual__2026-04-21T06:54:56.534855+00:00', '--job-id', '457', '--raw', '--subdir', 'DAGS_FOLDER/daily_student_pipeline.py', '--cfg-path', '/tmp/tmpy72_f14y']
[2026-04-21T06:55:19.020+0000] {standard_task_runner.py:88} INFO - Job 457: Subtask load_data
[2026-04-21T06:55:19.080+0000] {task_command.py:423} INFO - Running <TaskInstance: daily_student_pipeline.load_data manual__2026-04-21T06:54:56.534855+00:00 [running]> on host 759b8b5e27b5
[2026-04-21T06:55:19.164+0000] {taskinstance.py:2480} INFO - Exporting env vars: AIRFLOW_CTX_DAG_OWNER='nhom8' AIRFLOW_CTX_DAG_ID='daily_student_pipeline' AIRFLOW_CTX_TASK_ID='load_data' AIRFLOW_CTX_EXECUTION_DATE='2026-04-21T06:54:56.534855+00:00' AIRFLOW_CTX_TRY_NUMBER='1' AIRFLOW_CTX_DAG_RUN_ID='manual__2026-04-21T06:54:56.534855+00:00'
[2026-04-21T06:55:19.887+0000] {logging_mixin.py:188} WARNING - [2026-04-21 06:55:19] INFO    etl.transform :   Load TransformedData từ MinIO staging: run_id=2026-04-21_06-55
[2026-04-21T06:55:19.887+0000] {transform.py:159} INFO -   Load TransformedData từ MinIO staging: run_id=2026-04-21_06-55
[2026-04-21T06:55:19.923+0000] {logging_mixin.py:188} WARNING - [2026-04-21 06:55:19] INFO    utils.minio :   MinIO ↓ [staging-data] 2026-04-21_06-55/dim_hoc_ky.parquet (13 rows)
[2026-04-21T06:55:19.923+0000] {minio_client.py:223} INFO -   MinIO ↓ [staging-data] 2026-04-21_06-55/dim_hoc_ky.parquet (13 rows)
[2026-04-21T06:55:19.936+0000] {logging_mixin.py:188} WARNING - [2026-04-21 06:55:19] INFO    utils.minio :   MinIO ↓ [staging-data] 2026-04-21_06-55/dim_giang_vien.parquet (45 rows)
[2026-04-21T06:55:19.936+0000] {minio_client.py:223} INFO -   MinIO ↓ [staging-data] 2026-04-21_06-55/dim_giang_vien.parquet (45 rows)
[2026-04-21T06:55:19.946+0000] {logging_mixin.py:188} WARNING - [2026-04-21 06:55:19] INFO    utils.minio :   MinIO ↓ [staging-data] 2026-04-21_06-55/dim_hoc_phan.parquet (121 rows)
[2026-04-21T06:55:19.946+0000] {minio_client.py:223} INFO -   MinIO ↓ [staging-data] 2026-04-21_06-55/dim_hoc_phan.parquet (121 rows)
[2026-04-21T06:55:19.960+0000] {logging_mixin.py:188} WARNING - [2026-04-21 06:55:19] INFO    utils.minio :   MinIO ↓ [staging-data] 2026-04-21_06-55/dim_sinh_vien.parquet (1,695 rows)
[2026-04-21T06:55:19.960+0000] {minio_client.py:223} INFO -   MinIO ↓ [staging-data] 2026-04-21_06-55/dim_sinh_vien.parquet (1,695 rows)
[2026-04-21T06:55:19.978+0000] {logging_mixin.py:188} WARNING - [2026-04-21 06:55:19] INFO    utils.minio :   MinIO ↓ [staging-data] 2026-04-21_06-55/fact_diem.parquet (54,640 rows)
[2026-04-21T06:55:19.978+0000] {minio_client.py:223} INFO -   MinIO ↓ [staging-data] 2026-04-21_06-55/fact_diem.parquet (54,640 rows)
[2026-04-21T06:55:19.999+0000] {logging_mixin.py:188} WARNING - [2026-04-21 06:55:19] INFO    utils.minio :   MinIO ↓ [staging-data] 2026-04-21_06-55/fact_dang_ky.parquet (55,125 rows)
[2026-04-21T06:55:19.998+0000] {minio_client.py:223} INFO -   MinIO ↓ [staging-data] 2026-04-21_06-55/fact_dang_ky.parquet (55,125 rows)
[2026-04-21T06:55:20.012+0000] {logging_mixin.py:188} WARNING - [2026-04-21 06:55:20] INFO    utils.minio :   MinIO ↓ [staging-data] 2026-04-21_06-55/fact_ren_luyen.parquet (9,475 rows)
[2026-04-21T06:55:20.012+0000] {minio_client.py:223} INFO -   MinIO ↓ [staging-data] 2026-04-21_06-55/fact_ren_luyen.parquet (9,475 rows)
[2026-04-21T06:55:20.023+0000] {logging_mixin.py:188} WARNING - [2026-04-21 06:55:20] INFO    utils.minio :   MinIO ↓ [staging-data] 2026-04-21_06-55/fact_tai_chinh.parquet (9,182 rows)
[2026-04-21T06:55:20.023+0000] {minio_client.py:223} INFO -   MinIO ↓ [staging-data] 2026-04-21_06-55/fact_tai_chinh.parquet (9,182 rows)
[2026-04-21T06:55:20.024+0000] {logging_mixin.py:188} WARNING - [2026-04-21 06:55:20] INFO    etl.transform : Load from staging-data OK — run_id=2026-04-21_06-55
[2026-04-21T06:55:20.024+0000] {transform.py:172} INFO - Load from staging-data OK — run_id=2026-04-21_06-55
[2026-04-21T06:55:20.026+0000] {logging_mixin.py:188} WARNING - [2026-04-21 06:55:20] INFO    etl.load : ==BẮT ĐẦU LOAD VÀO DATA WAREHOUSE==
[2026-04-21T06:55:20.026+0000] {load.py:51} INFO - ==BẮT ĐẦU LOAD VÀO DATA WAREHOUSE==
[2026-04-21T06:55:20.027+0000] {logging_mixin.py:188} WARNING - [2026-04-21 06:55:20] INFO    etl.load : ======================================================================
[2026-04-21T06:55:20.027+0000] {load.py:52} INFO - ======================================================================
[2026-04-21T06:55:20.028+0000] {logging_mixin.py:188} WARNING - [2026-04-21 06:55:20] INFO    etl.load : Tạo schema warehouse từ warehouse_models.py...
[2026-04-21T06:55:20.028+0000] {load.py:121} INFO - Tạo schema warehouse từ warehouse_models.py...
[2026-04-21T06:55:20.042+0000] {logging_mixin.py:188} WARNING - [2026-04-21 06:55:20] INFO    etl.load :   Schema warehouse OK
[2026-04-21T06:55:20.042+0000] {load.py:123} INFO -   Schema warehouse OK
[2026-04-21T06:55:20.044+0000] {logging_mixin.py:188} WARNING - [2026-04-21 06:55:20] INFO    etl.load : ── Bước 1: Load Dimension Tables ──
[2026-04-21T06:55:20.044+0000] {load.py:57} INFO - ── Bước 1: Load Dimension Tables ──
[2026-04-21T06:55:20.076+0000] {logging_mixin.py:188} WARNING - [2026-04-21 06:55:20] INFO    etl.load :   dim_hoc_ky     →     13 records (new: 0)
[2026-04-21T06:55:20.076+0000] {load.py:212} INFO -   dim_hoc_ky     →     13 records (new: 0)
[2026-04-21T06:55:20.106+0000] {logging_mixin.py:188} WARNING - [2026-04-21 06:55:20] INFO    etl.load :   dim_giang_vien →     45 records (new: 0)
[2026-04-21T06:55:20.106+0000] {load.py:262} INFO -   dim_giang_vien →     45 records (new: 0)
[2026-04-21T06:55:20.172+0000] {logging_mixin.py:188} WARNING - [2026-04-21 06:55:20] INFO    etl.load :   dim_hoc_phan   →    121 records (new: 0)
[2026-04-21T06:55:20.172+0000] {load.py:310} INFO -   dim_hoc_phan   →    121 records (new: 0)
[2026-04-21T06:55:21.215+0000] {logging_mixin.py:188} WARNING - [2026-04-21 06:55:21] INFO    etl.load :   dim_sinh_vien →  1,695 records (new: 0, SCD2: 0, fact cascade: 0)
[2026-04-21T06:55:21.215+0000] {load.py:419} INFO -   dim_sinh_vien →  1,695 records (new: 0, SCD2: 0, fact cascade: 0)
[2026-04-21T06:55:21.216+0000] {logging_mixin.py:188} WARNING - [2026-04-21 06:55:21] INFO    etl.load : ── Bước 2: Build Surrogate Key Cache ──
[2026-04-21T06:55:21.216+0000] {load.py:63} INFO - ── Bước 2: Build Surrogate Key Cache ──
[2026-04-21T06:55:21.217+0000] {logging_mixin.py:188} WARNING - [2026-04-21 06:55:21] INFO    etl.load : Building surrogate key caches...
[2026-04-21T06:55:21.217+0000] {load.py:126} INFO - Building surrogate key caches...
[2026-04-21T06:55:21.231+0000] {logging_mixin.py:188} WARNING - [2026-04-21 06:55:21] INFO    etl.load :   SV=1695, HP=121, GV=45, HK=13
[2026-04-21T06:55:21.231+0000] {load.py:154} INFO -   SV=1695, HP=121, GV=45, HK=13
[2026-04-21T06:55:21.233+0000] {logging_mixin.py:188} WARNING - [2026-04-21 06:55:21] INFO    etl.load : ── Bước 3: Load Fact Tables ──
[2026-04-21T06:55:21.232+0000] {load.py:66} INFO - ── Bước 3: Load Fact Tables ──
[2026-04-21T06:55:33.187+0000] {logging_mixin.py:188} WARNING - [2026-04-21 06:55:33] INFO    etl.load :   fact_hoc_tap   → 54,640 records (upserted)
[2026-04-21T06:55:33.187+0000] {load.py:569} INFO -   fact_hoc_tap   → 54,640 records (upserted)
[2026-04-21T06:55:46.189+0000] {logging_mixin.py:188} WARNING - [2026-04-21 06:55:46] INFO    etl.load :   fact_dang_ky   → 55,125 records (upserted)
[2026-04-21T06:55:46.189+0000] {load.py:641} INFO -   fact_dang_ky   → 55,125 records (upserted)
[2026-04-21T06:55:46.199+0000] {logging_mixin.py:188} WARNING - [2026-04-21 06:55:46] WARNING etl.load :   fact_ctsv | [DEDUP Tầng 1 - DataFrame] Loại bỏ 292 bản ghi trùng (9475 → 9183)
[2026-04-21T06:55:46.199+0000] {load.py:689} WARNING -   fact_ctsv | [DEDUP Tầng 1 - DataFrame] Loại bỏ 292 bản ghi trùng (9475 → 9183)
[2026-04-21T06:55:47.999+0000] {logging_mixin.py:188} WARNING - [2026-04-21 06:55:47] INFO    etl.load :   fact_ctsv | Tiến độ: 2/2 batches (9,179/9,179 records)
[2026-04-21T06:55:47.998+0000] {load.py:842} INFO -   fact_ctsv | Tiến độ: 2/2 batches (9,179/9,179 records)
[2026-04-21T06:55:48.000+0000] {logging_mixin.py:188} WARNING - [2026-04-21 06:55:48] INFO    etl.load :   fact_ctsv      → 9,179 records (upserted) | Đã loại: 292 duplicates
[2026-04-21T06:55:48.000+0000] {load.py:850} INFO -   fact_ctsv      → 9,179 records (upserted) | Đã loại: 292 duplicates
[2026-04-21T06:55:48.012+0000] {logging_mixin.py:188} WARNING - [2026-04-21 06:55:48] INFO    etl.load :   fact_tai_chinh | Đã làm sạch 1 cột datetime (NaT → None)
[2026-04-21T06:55:48.012+0000] {load.py:900} INFO -   fact_tai_chinh | Đã làm sạch 1 cột datetime (NaT → None)
[2026-04-21T06:55:49.644+0000] {logging_mixin.py:188} WARNING - [2026-04-21 06:55:49] INFO    etl.load :   fact_tai_chinh →  9,179 records (upserted)
[2026-04-21T06:55:49.644+0000] {load.py:970} INFO -   fact_tai_chinh →  9,179 records (upserted)
[2026-04-21T06:55:49.648+0000] {logging_mixin.py:188} WARNING - [2026-04-21 06:55:49] INFO    etl.load : ── Bước 4: Build Aggregation ──
[2026-04-21T06:55:49.648+0000] {load.py:73} INFO - ── Bước 4: Build Aggregation ──
[2026-04-21T06:55:49.650+0000] {logging_mixin.py:188} WARNING - [2026-04-21 06:55:49] INFO    etl.aggregation : == BẮT ĐẦU AGGREGATION ==
[2026-04-21T06:55:49.650+0000] {aggregation.py:12} INFO - == BẮT ĐẦU AGGREGATION ==
[2026-04-21T06:55:49.900+0000] {logging_mixin.py:188} WARNING - [2026-04-21 06:55:49] INFO    etl.aggregation :   agg_student_summary → 1,695 records
[2026-04-21T06:55:49.900+0000] {aggregation.py:288} INFO -   agg_student_summary → 1,695 records
[2026-04-21T06:55:49.904+0000] {logging_mixin.py:188} WARNING - [2026-04-21 06:55:49] INFO    etl.aggregation :   agg_student_summary rebuilt : 1,695
[2026-04-21T06:55:49.904+0000] {aggregation.py:14} INFO -   agg_student_summary rebuilt : 1,695
[2026-04-21T06:55:49.906+0000] {logging_mixin.py:188} WARNING - [2026-04-21 06:55:49] INFO    etl.aggregation : == AGGREGATION HOÀN TẤT ==
[2026-04-21T06:55:49.906+0000] {aggregation.py:15} INFO - == AGGREGATION HOÀN TẤT ==
[2026-04-21T06:55:49.908+0000] {logging_mixin.py:188} WARNING - [2026-04-21 06:55:49] INFO    etl.load : ======================================================================
[2026-04-21T06:55:49.908+0000] {load.py:77} INFO - ======================================================================
[2026-04-21T06:55:49.909+0000] {logging_mixin.py:188} WARNING - [2026-04-21 06:55:49] INFO    etl.load : LOAD HOÀN TẤT
[2026-04-21T06:55:49.909+0000] {load.py:78} INFO - LOAD HOÀN TẤT
[2026-04-21T06:55:49.910+0000] {logging_mixin.py:188} WARNING - [2026-04-21 06:55:49] INFO    etl.load :   dim_hoc_ky               :       13 records
[2026-04-21T06:55:49.910+0000] {load.py:81} INFO -   dim_hoc_ky               :       13 records
[2026-04-21T06:55:49.911+0000] {logging_mixin.py:188} WARNING - [2026-04-21 06:55:49] INFO    etl.load :   dim_giang_vien           :       45 records
[2026-04-21T06:55:49.911+0000] {load.py:81} INFO -   dim_giang_vien           :       45 records
[2026-04-21T06:55:49.911+0000] {logging_mixin.py:188} WARNING - [2026-04-21 06:55:49] INFO    etl.load :   dim_hoc_phan             :      121 records
[2026-04-21T06:55:49.911+0000] {load.py:81} INFO -   dim_hoc_phan             :      121 records
[2026-04-21T06:55:49.913+0000] {logging_mixin.py:188} WARNING - [2026-04-21 06:55:49] INFO    etl.load :   dim_sinh_vien            :        0 records
[2026-04-21T06:55:49.912+0000] {load.py:81} INFO -   dim_sinh_vien            :        0 records
[2026-04-21T06:55:49.913+0000] {logging_mixin.py:188} WARNING - [2026-04-21 06:55:49] INFO    etl.load :   fact_hoc_tap             :   54,640 records
[2026-04-21T06:55:49.913+0000] {load.py:81} INFO -   fact_hoc_tap             :   54,640 records
[2026-04-21T06:55:49.914+0000] {logging_mixin.py:188} WARNING - [2026-04-21 06:55:49] INFO    etl.load :   fact_dang_ky             :   55,125 records
[2026-04-21T06:55:49.914+0000] {load.py:81} INFO -   fact_dang_ky             :   55,125 records
[2026-04-21T06:55:49.916+0000] {logging_mixin.py:188} WARNING - [2026-04-21 06:55:49] INFO    etl.load :   fact_ctsv                :    9,179 records
[2026-04-21T06:55:49.916+0000] {load.py:81} INFO -   fact_ctsv                :    9,179 records
[2026-04-21T06:55:49.916+0000] {logging_mixin.py:188} WARNING - [2026-04-21 06:55:49] INFO    etl.load :   fact_tai_chinh           :    9,179 records
[2026-04-21T06:55:49.916+0000] {load.py:81} INFO -   fact_tai_chinh           :    9,179 records
[2026-04-21T06:55:49.917+0000] {logging_mixin.py:188} WARNING - [2026-04-21 06:55:49] INFO    etl.load :   agg_student_summary      :    1,695 records
[2026-04-21T06:55:49.917+0000] {load.py:81} INFO -   agg_student_summary      :    1,695 records
[2026-04-21T06:55:49.918+0000] {logging_mixin.py:188} WARNING - [2026-04-21 06:55:49] INFO    etl.load :   TỔNG                     :  129,997 records
[2026-04-21T06:55:49.918+0000] {load.py:83} INFO -   TỔNG                     :  129,997 records
[2026-04-21T06:55:49.919+0000] {logging_mixin.py:188} WARNING - [2026-04-21 06:55:49] INFO    etl.load : ======================================================================
[2026-04-21T06:55:49.919+0000] {load.py:84} INFO - ======================================================================
[2026-04-21T06:55:49.935+0000] {logging_mixin.py:188} INFO - ============================================================
[2026-04-21T06:55:49.936+0000] {logging_mixin.py:188} INFO - LOAD HOÀN TẤT — Thống kê:
[2026-04-21T06:55:49.936+0000] {logging_mixin.py:188} INFO -   dim_hoc_ky                    :         13 records
[2026-04-21T06:55:49.936+0000] {logging_mixin.py:188} INFO -   dim_giang_vien                :         45 records
[2026-04-21T06:55:49.937+0000] {logging_mixin.py:188} INFO -   dim_hoc_phan                  :        121 records
[2026-04-21T06:55:49.937+0000] {logging_mixin.py:188} INFO -   dim_sinh_vien                 :          0 records
[2026-04-21T06:55:49.937+0000] {logging_mixin.py:188} INFO -   fact_hoc_tap                  :     54,640 records
[2026-04-21T06:55:49.938+0000] {logging_mixin.py:188} INFO -   fact_dang_ky                  :     55,125 records
[2026-04-21T06:55:49.938+0000] {logging_mixin.py:188} INFO -   fact_ctsv                     :      9,179 records
[2026-04-21T06:55:49.938+0000] {logging_mixin.py:188} INFO -   fact_tai_chinh                :      9,179 records
[2026-04-21T06:55:49.939+0000] {logging_mixin.py:188} INFO -   agg_student_summary           :      1,695 records
[2026-04-21T06:55:49.939+0000] {logging_mixin.py:188} INFO -   TỔNG                          :    129,997 records
[2026-04-21T06:55:49.940+0000] {logging_mixin.py:188} INFO - ============================================================
[2026-04-21T06:55:49.942+0000] {python.py:201} INFO - Done. Returned value was: {'dim_hoc_ky': 13, 'dim_giang_vien': 45, 'dim_hoc_phan': 121, 'dim_sinh_vien': 0, 'fact_hoc_tap': 54640, 'fact_dang_ky': 55125, 'fact_ctsv': 9179, 'fact_tai_chinh': 9179, 'agg_student_summary': 1695}
[2026-04-21T06:55:49.965+0000] {taskinstance.py:1138} INFO - Marking task as SUCCESS. dag_id=daily_student_pipeline, task_id=load_data, execution_date=20260421T065456, start_date=20260421T065518, end_date=20260421T065549
[2026-04-21T06:55:50.006+0000] {local_task_job_runner.py:234} INFO - Task exited with return code 0
[2026-04-21T06:55:50.030+0000] {taskinstance.py:3280} INFO - 1 downstream tasks scheduled from follow-on schedule check
