[2026-03-28T08:04:56.328+0000] {taskinstance.py:1956} INFO - Dependencies all met for dep_context=non-requeueable deps ti=<TaskInstance: daily_student_pipeline.load_data manual__2026-03-28T08:04:40.117245+00:00 [queued]>
[2026-03-28T08:04:56.335+0000] {taskinstance.py:1956} INFO - Dependencies all met for dep_context=requeueable deps ti=<TaskInstance: daily_student_pipeline.load_data manual__2026-03-28T08:04:40.117245+00:00 [queued]>
[2026-03-28T08:04:56.336+0000] {taskinstance.py:2170} INFO - Starting attempt 1 of 1
[2026-03-28T08:04:56.347+0000] {taskinstance.py:2191} INFO - Executing <Task(PythonOperator): load_data> on 2026-03-28 08:04:40.117245+00:00
[2026-03-28T08:04:56.351+0000] {standard_task_runner.py:60} INFO - Started process 12871 to run task
[2026-03-28T08:04:56.354+0000] {standard_task_runner.py:87} INFO - Running: ['***', 'tasks', 'run', 'daily_student_pipeline', 'load_data', 'manual__2026-03-28T08:04:40.117245+00:00', '--job-id', '42', '--raw', '--subdir', 'DAGS_FOLDER/daily_student_pipeline.py', '--cfg-path', '/tmp/tmpq1nwknht']
[2026-03-28T08:04:56.356+0000] {standard_task_runner.py:88} INFO - Job 42: Subtask load_data
[2026-03-28T08:04:56.420+0000] {task_command.py:423} INFO - Running <TaskInstance: daily_student_pipeline.load_data manual__2026-03-28T08:04:40.117245+00:00 [running]> on host 8474c56aea3d
[2026-03-28T08:04:56.511+0000] {taskinstance.py:2480} INFO - Exporting env vars: AIRFLOW_CTX_DAG_OWNER='nhom8' AIRFLOW_CTX_DAG_ID='daily_student_pipeline' AIRFLOW_CTX_TASK_ID='load_data' AIRFLOW_CTX_EXECUTION_DATE='2026-03-28T08:04:40.117245+00:00' AIRFLOW_CTX_TRY_NUMBER='1' AIRFLOW_CTX_DAG_RUN_ID='manual__2026-03-28T08:04:40.117245+00:00'
[2026-03-28T08:04:57.275+0000] {logging_mixin.py:188} WARNING - [2026-03-28 08:04:57] INFO    etl.transform :   Load TransformedData từ MinIO staging: run_id=2026-03-28_08-04
[2026-03-28T08:04:57.275+0000] {transform.py:285} INFO -   Load TransformedData từ MinIO staging: run_id=2026-03-28_08-04
[2026-03-28T08:04:57.309+0000] {logging_mixin.py:188} WARNING - [2026-03-28 08:04:57] INFO    utils.minio :   MinIO ↓ [staging-data] 2026-03-28_08-04/dim_hoc_ky.parquet (9 rows)
[2026-03-28T08:04:57.309+0000] {minio_client.py:223} INFO -   MinIO ↓ [staging-data] 2026-03-28_08-04/dim_hoc_ky.parquet (9 rows)
[2026-03-28T08:04:57.325+0000] {logging_mixin.py:188} WARNING - [2026-03-28 08:04:57] INFO    utils.minio :   MinIO ↓ [staging-data] 2026-03-28_08-04/dim_giang_vien.parquet (45 rows)
[2026-03-28T08:04:57.325+0000] {minio_client.py:223} INFO -   MinIO ↓ [staging-data] 2026-03-28_08-04/dim_giang_vien.parquet (45 rows)
[2026-03-28T08:04:57.338+0000] {logging_mixin.py:188} WARNING - [2026-03-28 08:04:57] INFO    utils.minio :   MinIO ↓ [staging-data] 2026-03-28_08-04/dim_hoc_phan.parquet (121 rows)
[2026-03-28T08:04:57.338+0000] {minio_client.py:223} INFO -   MinIO ↓ [staging-data] 2026-03-28_08-04/dim_hoc_phan.parquet (121 rows)
[2026-03-28T08:04:57.357+0000] {logging_mixin.py:188} WARNING - [2026-03-28 08:04:57] INFO    utils.minio :   MinIO ↓ [staging-data] 2026-03-28_08-04/dim_sinh_vien.parquet (1,695 rows)
[2026-03-28T08:04:57.357+0000] {minio_client.py:223} INFO -   MinIO ↓ [staging-data] 2026-03-28_08-04/dim_sinh_vien.parquet (1,695 rows)
[2026-03-28T08:04:57.396+0000] {logging_mixin.py:188} WARNING - [2026-03-28 08:04:57] INFO    utils.minio :   MinIO ↓ [staging-data] 2026-03-28_08-04/fact_diem.parquet (56,173 rows)
[2026-03-28T08:04:57.396+0000] {minio_client.py:223} INFO -   MinIO ↓ [staging-data] 2026-03-28_08-04/fact_diem.parquet (56,173 rows)
[2026-03-28T08:04:57.410+0000] {logging_mixin.py:188} WARNING - [2026-03-28 08:04:57] INFO    utils.minio :   MinIO ↓ [staging-data] 2026-03-28_08-04/fact_ren_luyen.parquet (9,516 rows)
[2026-03-28T08:04:57.410+0000] {minio_client.py:223} INFO -   MinIO ↓ [staging-data] 2026-03-28_08-04/fact_ren_luyen.parquet (9,516 rows)
[2026-03-28T08:04:57.429+0000] {logging_mixin.py:188} WARNING - [2026-03-28 08:04:57] INFO    utils.minio :   MinIO ↓ [staging-data] 2026-03-28_08-04/fact_tai_chinh.parquet (9,516 rows)
[2026-03-28T08:04:57.429+0000] {minio_client.py:223} INFO -   MinIO ↓ [staging-data] 2026-03-28_08-04/fact_tai_chinh.parquet (9,516 rows)
[2026-03-28T08:04:57.449+0000] {logging_mixin.py:188} WARNING - [2026-03-28 08:04:57] INFO    utils.minio :   MinIO ↓ [staging-data] 2026-03-28_08-04/fact_tong_hop_sv.parquet (9,516 rows)
[2026-03-28T08:04:57.448+0000] {minio_client.py:223} INFO -   MinIO ↓ [staging-data] 2026-03-28_08-04/fact_tong_hop_sv.parquet (9,516 rows)
[2026-03-28T08:04:57.450+0000] {logging_mixin.py:188} WARNING - [2026-03-28 08:04:57] INFO    etl.transform : ✅ Load from staging-data OK — run_id=2026-03-28_08-04
[2026-03-28T08:04:57.450+0000] {transform.py:298} INFO - ✅ Load from staging-data OK — run_id=2026-03-28_08-04
[2026-03-28T08:04:57.452+0000] {logging_mixin.py:188} WARNING - [2026-03-28 08:04:57] INFO    etl.load : 🚀 BẮT ĐẦU LOAD VÀO DATA WAREHOUSE
[2026-03-28T08:04:57.452+0000] {load.py:56} INFO - 🚀 BẮT ĐẦU LOAD VÀO DATA WAREHOUSE
[2026-03-28T08:04:57.453+0000] {logging_mixin.py:188} WARNING - [2026-03-28 08:04:57] INFO    etl.load : ======================================================================
[2026-03-28T08:04:57.453+0000] {load.py:57} INFO - ======================================================================
[2026-03-28T08:04:57.454+0000] {logging_mixin.py:188} WARNING - [2026-03-28 08:04:57] INFO    etl.load : 🔧 Tạo schema warehouse từ warehouse_models.py...
[2026-03-28T08:04:57.454+0000] {load.py:131} INFO - 🔧 Tạo schema warehouse từ warehouse_models.py...
[2026-03-28T08:04:57.474+0000] {logging_mixin.py:188} WARNING - [2026-03-28 08:04:57] INFO    etl.load :   Schema warehouse OK ✓
[2026-03-28T08:04:57.474+0000] {load.py:133} INFO -   Schema warehouse OK ✓
[2026-03-28T08:04:57.475+0000] {logging_mixin.py:188} WARNING - [2026-03-28 08:04:57] INFO    etl.load : ── Bước 1: Load Dimension Tables ──
[2026-03-28T08:04:57.475+0000] {load.py:65} INFO - ── Bước 1: Load Dimension Tables ──
[2026-03-28T08:04:57.497+0000] {logging_mixin.py:188} WARNING - [2026-03-28 08:04:57] INFO    etl.load :   dim_hoc_ky     →      9 records (new: 0)
[2026-03-28T08:04:57.497+0000] {load.py:234} INFO -   dim_hoc_ky     →      9 records (new: 0)
[2026-03-28T08:04:57.527+0000] {logging_mixin.py:188} WARNING - [2026-03-28 08:04:57] INFO    etl.load :   dim_giang_vien →     45 records (new: 0)
[2026-03-28T08:04:57.527+0000] {load.py:284} INFO -   dim_giang_vien →     45 records (new: 0)
[2026-03-28T08:04:57.603+0000] {logging_mixin.py:188} WARNING - [2026-03-28 08:04:57] INFO    etl.load :   dim_hoc_phan   →    121 records (new: 0)
[2026-03-28T08:04:57.603+0000] {load.py:333} INFO -   dim_hoc_phan   →    121 records (new: 0)
[2026-03-28T08:04:59.224+0000] {logging_mixin.py:188} WARNING - [2026-03-28 08:04:59] INFO    etl.load :   dim_sinh_vien →  1,695 records (new: 0, SCD2: 0, fact cascade: 0)
[2026-03-28T08:04:59.224+0000] {load.py:444} INFO -   dim_sinh_vien →  1,695 records (new: 0, SCD2: 0, fact cascade: 0)
[2026-03-28T08:04:59.225+0000] {logging_mixin.py:188} WARNING - [2026-03-28 08:04:59] INFO    etl.load : ── Bước 2: Build Surrogate Key Cache ──
[2026-03-28T08:04:59.225+0000] {load.py:72} INFO - ── Bước 2: Build Surrogate Key Cache ──
[2026-03-28T08:04:59.226+0000] {logging_mixin.py:188} WARNING - [2026-03-28 08:04:59] INFO    etl.load : 🔑 Building surrogate key caches...
[2026-03-28T08:04:59.226+0000] {load.py:141} INFO - 🔑 Building surrogate key caches...
[2026-03-28T08:04:59.240+0000] {logging_mixin.py:188} WARNING - [2026-03-28 08:04:59] INFO    etl.load :   SV=1695, HP=121, GV=45, HK=9
[2026-03-28T08:04:59.240+0000] {load.py:173} INFO -   SV=1695, HP=121, GV=45, HK=9
[2026-03-28T08:04:59.241+0000] {logging_mixin.py:188} WARNING - [2026-03-28 08:04:59] INFO    etl.load : ── Bước 3: Load Fact Tables ──
[2026-03-28T08:04:59.241+0000] {load.py:76} INFO - ── Bước 3: Load Fact Tables ──
[2026-03-28T08:06:25.197+0000] {logging_mixin.py:188} WARNING - [2026-03-28 08:06:25] INFO    etl.load :   fact_hoc_tap   →      0 records
[2026-03-28T08:06:25.196+0000] {load.py:590} INFO -   fact_hoc_tap   →      0 records
[2026-03-28T08:06:31.498+0000] {logging_mixin.py:188} WARNING - [2026-03-28 08:06:31] INFO    etl.load :   fact_ctsv      →      0 records
[2026-03-28T08:06:31.498+0000] {load.py:728} INFO -   fact_ctsv      →      0 records
[2026-03-28T08:06:40.808+0000] {logging_mixin.py:188} WARNING - [2026-03-28 08:06:40] INFO    etl.load :   fact_tai_chinh →      0 records
[2026-03-28T08:06:40.808+0000] {load.py:790} INFO -   fact_tai_chinh →      0 records
[2026-03-28T08:06:40.810+0000] {logging_mixin.py:188} WARNING - [2026-03-28 08:06:40] INFO    etl.load : ── Bước 4: Load Aggregation ──
[2026-03-28T08:06:40.810+0000] {load.py:82} INFO - ── Bước 4: Load Aggregation ──
[2026-03-28T08:06:42.323+0000] {logging_mixin.py:188} WARNING - [2026-03-28 08:06:42] INFO    etl.load :   agg_student_summary →  1,695 records
[2026-03-28T08:06:42.322+0000] {load.py:879} INFO -   agg_student_summary →  1,695 records
[2026-03-28T08:06:42.324+0000] {logging_mixin.py:188} WARNING - [2026-03-28 08:06:42] INFO    etl.load : ======================================================================
[2026-03-28T08:06:42.324+0000] {load.py:86} INFO - ======================================================================
[2026-03-28T08:06:42.325+0000] {logging_mixin.py:188} WARNING - [2026-03-28 08:06:42] INFO    etl.load : ✅ LOAD HOÀN TẤT
[2026-03-28T08:06:42.325+0000] {load.py:87} INFO - ✅ LOAD HOÀN TẤT
[2026-03-28T08:06:42.327+0000] {logging_mixin.py:188} WARNING - [2026-03-28 08:06:42] INFO    etl.load :   dim_hoc_ky               :        9 records
[2026-03-28T08:06:42.327+0000] {load.py:90} INFO -   dim_hoc_ky               :        9 records
[2026-03-28T08:06:42.328+0000] {logging_mixin.py:188} WARNING - [2026-03-28 08:06:42] INFO    etl.load :   dim_giang_vien           :       45 records
[2026-03-28T08:06:42.328+0000] {load.py:90} INFO -   dim_giang_vien           :       45 records
[2026-03-28T08:06:42.330+0000] {logging_mixin.py:188} WARNING - [2026-03-28 08:06:42] INFO    etl.load :   dim_hoc_phan             :      121 records
[2026-03-28T08:06:42.330+0000] {load.py:90} INFO -   dim_hoc_phan             :      121 records
[2026-03-28T08:06:42.330+0000] {logging_mixin.py:188} WARNING - [2026-03-28 08:06:42] INFO    etl.load :   dim_sinh_vien            :        0 records
[2026-03-28T08:06:42.330+0000] {load.py:90} INFO -   dim_sinh_vien            :        0 records
[2026-03-28T08:06:42.333+0000] {logging_mixin.py:188} WARNING - [2026-03-28 08:06:42] INFO    etl.load :   fact_hoc_tap             :        0 records
[2026-03-28T08:06:42.333+0000] {load.py:90} INFO -   fact_hoc_tap             :        0 records
[2026-03-28T08:06:42.334+0000] {logging_mixin.py:188} WARNING - [2026-03-28 08:06:42] INFO    etl.load :   fact_ctsv                :        0 records
[2026-03-28T08:06:42.334+0000] {load.py:90} INFO -   fact_ctsv                :        0 records
[2026-03-28T08:06:42.334+0000] {logging_mixin.py:188} WARNING - [2026-03-28 08:06:42] INFO    etl.load :   fact_tai_chinh           :        0 records
[2026-03-28T08:06:42.334+0000] {load.py:90} INFO -   fact_tai_chinh           :        0 records
[2026-03-28T08:06:42.335+0000] {logging_mixin.py:188} WARNING - [2026-03-28 08:06:42] INFO    etl.load :   agg_student_summary      :    1,695 records
[2026-03-28T08:06:42.335+0000] {load.py:90} INFO -   agg_student_summary      :    1,695 records
[2026-03-28T08:06:42.336+0000] {logging_mixin.py:188} WARNING - [2026-03-28 08:06:42] INFO    etl.load :   TỔNG                     :    1,870 records
[2026-03-28T08:06:42.336+0000] {load.py:92} INFO -   TỔNG                     :    1,870 records
[2026-03-28T08:06:42.337+0000] {logging_mixin.py:188} WARNING - [2026-03-28 08:06:42] INFO    etl.load : ======================================================================
[2026-03-28T08:06:42.337+0000] {load.py:93} INFO - ======================================================================
[2026-03-28T08:06:42.351+0000] {logging_mixin.py:188} INFO - Load xong: {'dim_hoc_ky': 9, 'dim_giang_vien': 45, 'dim_hoc_phan': 121, 'dim_sinh_vien': 0, 'fact_hoc_tap': 0, 'fact_ctsv': 0, 'fact_tai_chinh': 0, 'agg_student_summary': 1695}
[2026-03-28T08:06:42.353+0000] {python.py:201} INFO - Done. Returned value was: {'dim_hoc_ky': 9, 'dim_giang_vien': 45, 'dim_hoc_phan': 121, 'dim_sinh_vien': 0, 'fact_hoc_tap': 0, 'fact_ctsv': 0, 'fact_tai_chinh': 0, 'agg_student_summary': 1695}
[2026-03-28T08:06:42.375+0000] {taskinstance.py:1138} INFO - Marking task as SUCCESS. dag_id=daily_student_pipeline, task_id=load_data, execution_date=20260328T080440, start_date=20260328T080456, end_date=20260328T080642
[2026-03-28T08:06:42.425+0000] {local_task_job_runner.py:234} INFO - Task exited with return code 0
[2026-03-28T08:06:42.449+0000] {taskinstance.py:3280} INFO - 1 downstream tasks scheduled from follow-on schedule check
