[2026-03-26T09:37:41.488+0000] {taskinstance.py:1956} INFO - Dependencies all met for dep_context=non-requeueable deps ti=<TaskInstance: daily_student_pipeline.extract_data manual__2026-03-26T09:37:38.677747+00:00 [queued]>
[2026-03-26T09:37:41.496+0000] {taskinstance.py:1956} INFO - Dependencies all met for dep_context=requeueable deps ti=<TaskInstance: daily_student_pipeline.extract_data manual__2026-03-26T09:37:38.677747+00:00 [queued]>
[2026-03-26T09:37:41.497+0000] {taskinstance.py:2170} INFO - Starting attempt 1 of 1
[2026-03-26T09:37:41.512+0000] {taskinstance.py:2191} INFO - Executing <Task(PythonOperator): extract_data> on 2026-03-26 09:37:38.677747+00:00
[2026-03-26T09:37:41.518+0000] {standard_task_runner.py:60} INFO - Started process 242 to run task
[2026-03-26T09:37:41.526+0000] {standard_task_runner.py:87} INFO - Running: ['***', 'tasks', 'run', 'daily_student_pipeline', 'extract_data', 'manual__2026-03-26T09:37:38.677747+00:00', '--job-id', '67', '--raw', '--subdir', 'DAGS_FOLDER/daily_student_pipeline.py', '--cfg-path', '/tmp/tmpreu71731']
[2026-03-26T09:37:41.558+0000] {standard_task_runner.py:88} INFO - Job 67: Subtask extract_data
[2026-03-26T09:37:41.935+0000] {task_command.py:423} INFO - Running <TaskInstance: daily_student_pipeline.extract_data manual__2026-03-26T09:37:38.677747+00:00 [running]> on host 44ca04dda286
[2026-03-26T09:37:42.184+0000] {taskinstance.py:2480} INFO - Exporting env vars: AIRFLOW_CTX_DAG_OWNER='nhom8' AIRFLOW_CTX_DAG_ID='daily_student_pipeline' AIRFLOW_CTX_TASK_ID='extract_data' AIRFLOW_CTX_EXECUTION_DATE='2026-03-26T09:37:38.677747+00:00' AIRFLOW_CTX_TRY_NUMBER='1' AIRFLOW_CTX_DAG_RUN_ID='manual__2026-03-26T09:37:38.677747+00:00'
[2026-03-26T09:37:45.005+0000] {logging_mixin.py:188} WARNING - [2026-03-26 09:37:45] INFO    etl.extract : 🚀 BẮT ĐẦU FULL EXTRACT
[2026-03-26T09:37:45.005+0000] {extract.py:356} INFO - 🚀 BẮT ĐẦU FULL EXTRACT
[2026-03-26T09:37:45.011+0000] {logging_mixin.py:188} WARNING - [2026-03-26 09:37:45] INFO    etl.extract : ======================================================================
[2026-03-26T09:37:45.010+0000] {extract.py:357} INFO - ======================================================================
[2026-03-26T09:37:45.044+0000] {logging_mixin.py:188} WARNING - [2026-03-26 09:37:45] INFO    etl.extract : ════════════════════════════════════════════════════════════
[2026-03-26T09:37:45.043+0000] {extract.py:120} INFO - ════════════════════════════════════════════════════════════
[2026-03-26T09:37:45.045+0000] {logging_mixin.py:188} WARNING - [2026-03-26 09:37:45] INFO    etl.extract : NGUỒN 1 — PostgreSQL (Phòng Đào tạo) | Full Extract
[2026-03-26T09:37:45.045+0000] {extract.py:121} INFO - NGUỒN 1 — PostgreSQL (Phòng Đào tạo) | Full Extract
[2026-03-26T09:37:45.047+0000] {logging_mixin.py:188} WARNING - [2026-03-26 09:37:45] INFO    etl.extract : ════════════════════════════════════════════════════════════
[2026-03-26T09:37:45.047+0000] {extract.py:122} INFO - ════════════════════════════════════════════════════════════
[2026-03-26T09:37:45.056+0000] {logging_mixin.py:188} WARNING - [2026-03-26 09:37:45] ERROR   etl.extract :   PostgreSQL | Lỗi đọc 'khoa': (psycopg2.OperationalError) connection to server at "localhost" (::1), port 5434 failed: Connection refused
	Is the server running on that host and accepting TCP/IP connections?
connection to server at "localhost" (127.0.0.1), port 5434 failed: Connection refused
	Is the server running on that host and accepting TCP/IP connections?

(Background on this error at: https://sqlalche.me/e/14/e3q8)
[2026-03-26T09:37:45.056+0000] {extract.py:101} ERROR -   PostgreSQL | Lỗi đọc 'khoa': (psycopg2.OperationalError) connection to server at "localhost" (::1), port 5434 failed: Connection refused
	Is the server running on that host and accepting TCP/IP connections?
connection to server at "localhost" (127.0.0.1), port 5434 failed: Connection refused
	Is the server running on that host and accepting TCP/IP connections?

(Background on this error at: https://sqlalche.me/e/14/e3q8)
[2026-03-26T09:37:45.061+0000] {logging_mixin.py:188} WARNING - [2026-03-26 09:37:45] ERROR   etl.extract :   PostgreSQL | Lỗi đọc 'nganh': (psycopg2.OperationalError) connection to server at "localhost" (::1), port 5434 failed: Connection refused
	Is the server running on that host and accepting TCP/IP connections?
connection to server at "localhost" (127.0.0.1), port 5434 failed: Connection refused
	Is the server running on that host and accepting TCP/IP connections?

(Background on this error at: https://sqlalche.me/e/14/e3q8)
[2026-03-26T09:37:45.060+0000] {extract.py:101} ERROR -   PostgreSQL | Lỗi đọc 'nganh': (psycopg2.OperationalError) connection to server at "localhost" (::1), port 5434 failed: Connection refused
	Is the server running on that host and accepting TCP/IP connections?
connection to server at "localhost" (127.0.0.1), port 5434 failed: Connection refused
	Is the server running on that host and accepting TCP/IP connections?

(Background on this error at: https://sqlalche.me/e/14/e3q8)
[2026-03-26T09:37:45.063+0000] {logging_mixin.py:188} WARNING - [2026-03-26 09:37:45] ERROR   etl.extract :   PostgreSQL | Lỗi đọc 'giang_vien': (psycopg2.OperationalError) connection to server at "localhost" (::1), port 5434 failed: Connection refused
	Is the server running on that host and accepting TCP/IP connections?
connection to server at "localhost" (127.0.0.1), port 5434 failed: Connection refused
	Is the server running on that host and accepting TCP/IP connections?

(Background on this error at: https://sqlalche.me/e/14/e3q8)
[2026-03-26T09:37:45.063+0000] {extract.py:101} ERROR -   PostgreSQL | Lỗi đọc 'giang_vien': (psycopg2.OperationalError) connection to server at "localhost" (::1), port 5434 failed: Connection refused
	Is the server running on that host and accepting TCP/IP connections?
connection to server at "localhost" (127.0.0.1), port 5434 failed: Connection refused
	Is the server running on that host and accepting TCP/IP connections?

(Background on this error at: https://sqlalche.me/e/14/e3q8)
[2026-03-26T09:37:45.066+0000] {logging_mixin.py:188} WARNING - [2026-03-26 09:37:45] ERROR   etl.extract :   PostgreSQL | Lỗi đọc 'lop_hanh_chinh': (psycopg2.OperationalError) connection to server at "localhost" (::1), port 5434 failed: Connection refused
	Is the server running on that host and accepting TCP/IP connections?
connection to server at "localhost" (127.0.0.1), port 5434 failed: Connection refused
	Is the server running on that host and accepting TCP/IP connections?

(Background on this error at: https://sqlalche.me/e/14/e3q8)
[2026-03-26T09:37:45.066+0000] {extract.py:101} ERROR -   PostgreSQL | Lỗi đọc 'lop_hanh_chinh': (psycopg2.OperationalError) connection to server at "localhost" (::1), port 5434 failed: Connection refused
	Is the server running on that host and accepting TCP/IP connections?
connection to server at "localhost" (127.0.0.1), port 5434 failed: Connection refused
	Is the server running on that host and accepting TCP/IP connections?

(Background on this error at: https://sqlalche.me/e/14/e3q8)
[2026-03-26T09:37:45.068+0000] {logging_mixin.py:188} WARNING - [2026-03-26 09:37:45] ERROR   etl.extract :   PostgreSQL | Lỗi đọc 'sinh_vien': (psycopg2.OperationalError) connection to server at "localhost" (::1), port 5434 failed: Connection refused
	Is the server running on that host and accepting TCP/IP connections?
connection to server at "localhost" (127.0.0.1), port 5434 failed: Connection refused
	Is the server running on that host and accepting TCP/IP connections?

(Background on this error at: https://sqlalche.me/e/14/e3q8)
[2026-03-26T09:37:45.068+0000] {extract.py:101} ERROR -   PostgreSQL | Lỗi đọc 'sinh_vien': (psycopg2.OperationalError) connection to server at "localhost" (::1), port 5434 failed: Connection refused
	Is the server running on that host and accepting TCP/IP connections?
connection to server at "localhost" (127.0.0.1), port 5434 failed: Connection refused
	Is the server running on that host and accepting TCP/IP connections?

(Background on this error at: https://sqlalche.me/e/14/e3q8)
[2026-03-26T09:37:45.070+0000] {logging_mixin.py:188} WARNING - [2026-03-26 09:37:45] ERROR   etl.extract :   PostgreSQL | Lỗi đọc 'hoc_phan': (psycopg2.OperationalError) connection to server at "localhost" (::1), port 5434 failed: Connection refused
	Is the server running on that host and accepting TCP/IP connections?
connection to server at "localhost" (127.0.0.1), port 5434 failed: Connection refused
	Is the server running on that host and accepting TCP/IP connections?

(Background on this error at: https://sqlalche.me/e/14/e3q8)
[2026-03-26T09:37:45.070+0000] {extract.py:101} ERROR -   PostgreSQL | Lỗi đọc 'hoc_phan': (psycopg2.OperationalError) connection to server at "localhost" (::1), port 5434 failed: Connection refused
	Is the server running on that host and accepting TCP/IP connections?
connection to server at "localhost" (127.0.0.1), port 5434 failed: Connection refused
	Is the server running on that host and accepting TCP/IP connections?

(Background on this error at: https://sqlalche.me/e/14/e3q8)
[2026-03-26T09:37:45.072+0000] {logging_mixin.py:188} WARNING - [2026-03-26 09:37:45] ERROR   etl.extract :   PostgreSQL | Lỗi đọc 'hoc_ky_nam_hoc': (psycopg2.OperationalError) connection to server at "localhost" (::1), port 5434 failed: Connection refused
	Is the server running on that host and accepting TCP/IP connections?
connection to server at "localhost" (127.0.0.1), port 5434 failed: Connection refused
	Is the server running on that host and accepting TCP/IP connections?

(Background on this error at: https://sqlalche.me/e/14/e3q8)
[2026-03-26T09:37:45.072+0000] {extract.py:101} ERROR -   PostgreSQL | Lỗi đọc 'hoc_ky_nam_hoc': (psycopg2.OperationalError) connection to server at "localhost" (::1), port 5434 failed: Connection refused
	Is the server running on that host and accepting TCP/IP connections?
connection to server at "localhost" (127.0.0.1), port 5434 failed: Connection refused
	Is the server running on that host and accepting TCP/IP connections?

(Background on this error at: https://sqlalche.me/e/14/e3q8)
[2026-03-26T09:37:45.074+0000] {logging_mixin.py:188} WARNING - [2026-03-26 09:37:45] ERROR   etl.extract :   PostgreSQL | Lỗi đọc 'dang_ky_hoc_phan': (psycopg2.OperationalError) connection to server at "localhost" (::1), port 5434 failed: Connection refused
	Is the server running on that host and accepting TCP/IP connections?
connection to server at "localhost" (127.0.0.1), port 5434 failed: Connection refused
	Is the server running on that host and accepting TCP/IP connections?

(Background on this error at: https://sqlalche.me/e/14/e3q8)
[2026-03-26T09:37:45.074+0000] {extract.py:101} ERROR -   PostgreSQL | Lỗi đọc 'dang_ky_hoc_phan': (psycopg2.OperationalError) connection to server at "localhost" (::1), port 5434 failed: Connection refused
	Is the server running on that host and accepting TCP/IP connections?
connection to server at "localhost" (127.0.0.1), port 5434 failed: Connection refused
	Is the server running on that host and accepting TCP/IP connections?

(Background on this error at: https://sqlalche.me/e/14/e3q8)
[2026-03-26T09:37:45.076+0000] {logging_mixin.py:188} WARNING - [2026-03-26 09:37:45] ERROR   etl.extract :   PostgreSQL | Lỗi đọc 'diem_hoc_phan': (psycopg2.OperationalError) connection to server at "localhost" (::1), port 5434 failed: Connection refused
	Is the server running on that host and accepting TCP/IP connections?
connection to server at "localhost" (127.0.0.1), port 5434 failed: Connection refused
	Is the server running on that host and accepting TCP/IP connections?

(Background on this error at: https://sqlalche.me/e/14/e3q8)
[2026-03-26T09:37:45.076+0000] {extract.py:101} ERROR -   PostgreSQL | Lỗi đọc 'diem_hoc_phan': (psycopg2.OperationalError) connection to server at "localhost" (::1), port 5434 failed: Connection refused
	Is the server running on that host and accepting TCP/IP connections?
connection to server at "localhost" (127.0.0.1), port 5434 failed: Connection refused
	Is the server running on that host and accepting TCP/IP connections?

(Background on this error at: https://sqlalche.me/e/14/e3q8)
[2026-03-26T09:37:45.078+0000] {logging_mixin.py:188} WARNING - [2026-03-26 09:37:45] ERROR   etl.extract :   PostgreSQL | Lỗi đọc 'tong_hop_ket_qua': (psycopg2.OperationalError) connection to server at "localhost" (::1), port 5434 failed: Connection refused
	Is the server running on that host and accepting TCP/IP connections?
connection to server at "localhost" (127.0.0.1), port 5434 failed: Connection refused
	Is the server running on that host and accepting TCP/IP connections?

(Background on this error at: https://sqlalche.me/e/14/e3q8)
[2026-03-26T09:37:45.078+0000] {extract.py:101} ERROR -   PostgreSQL | Lỗi đọc 'tong_hop_ket_qua': (psycopg2.OperationalError) connection to server at "localhost" (::1), port 5434 failed: Connection refused
	Is the server running on that host and accepting TCP/IP connections?
connection to server at "localhost" (127.0.0.1), port 5434 failed: Connection refused
	Is the server running on that host and accepting TCP/IP connections?

(Background on this error at: https://sqlalche.me/e/14/e3q8)
[2026-03-26T09:37:45.080+0000] {logging_mixin.py:188} WARNING - [2026-03-26 09:37:45] INFO    etl.extract :   PostgreSQL | TỔNG: 0 records từ 10 bảng
[2026-03-26T09:37:45.080+0000] {extract.py:129} INFO -   PostgreSQL | TỔNG: 0 records từ 10 bảng
[2026-03-26T09:37:45.082+0000] {logging_mixin.py:188} WARNING - [2026-03-26 09:37:45] INFO    etl.extract : ════════════════════════════════════════════════════════════
[2026-03-26T09:37:45.081+0000] {extract.py:215} INFO - ════════════════════════════════════════════════════════════
[2026-03-26T09:37:45.083+0000] {logging_mixin.py:188} WARNING - [2026-03-26 09:37:45] INFO    etl.extract : NGUỒN 2 — CSV (Phòng CTSV) | Extract
[2026-03-26T09:37:45.083+0000] {extract.py:216} INFO - NGUỒN 2 — CSV (Phòng CTSV) | Extract
[2026-03-26T09:37:45.085+0000] {logging_mixin.py:188} WARNING - [2026-03-26 09:37:45] INFO    etl.extract : ════════════════════════════════════════════════════════════
[2026-03-26T09:37:45.085+0000] {extract.py:217} INFO - ════════════════════════════════════════════════════════════
[2026-03-26T09:37:45.089+0000] {logging_mixin.py:188} WARNING - [2026-03-26 09:37:45] INFO    etl.extract :   CSV | Tìm thấy 9 file(s)
[2026-03-26T09:37:45.089+0000] {extract.py:227} INFO -   CSV | Tìm thấy 9 file(s)
[2026-03-26T09:37:45.118+0000] {logging_mixin.py:188} WARNING - [2026-03-26 09:37:45] INFO    etl.extract :   CSV | ctsv_HK1_2021_22.csv                →    390 records
[2026-03-26T09:37:45.118+0000] {extract.py:190} INFO -   CSV | ctsv_HK1_2021_22.csv                →    390 records
[2026-03-26T09:37:45.130+0000] {logging_mixin.py:188} WARNING - [2026-03-26 09:37:45] INFO    etl.extract :   CSV | ctsv_HK1_2022_23.csv                →    810 records
[2026-03-26T09:37:45.130+0000] {extract.py:190} INFO -   CSV | ctsv_HK1_2022_23.csv                →    810 records
[2026-03-26T09:37:45.140+0000] {logging_mixin.py:188} WARNING - [2026-03-26 09:37:45] INFO    etl.extract :   CSV | ctsv_HK1_2023_24.csv                →  1,245 records
[2026-03-26T09:37:45.140+0000] {extract.py:190} INFO -   CSV | ctsv_HK1_2023_24.csv                →  1,245 records
[2026-03-26T09:37:45.152+0000] {logging_mixin.py:188} WARNING - [2026-03-26 09:37:45] INFO    etl.extract :   CSV | ctsv_HK1_2024_25.csv                →  1,580 records
[2026-03-26T09:37:45.152+0000] {extract.py:190} INFO -   CSV | ctsv_HK1_2024_25.csv                →  1,580 records
[2026-03-26T09:37:45.157+0000] {logging_mixin.py:188} WARNING - [2026-03-26 09:37:45] INFO    etl.extract :   CSV | ctsv_HK1_2025_26.csv                →    125 records
[2026-03-26T09:37:45.157+0000] {extract.py:190} INFO -   CSV | ctsv_HK1_2025_26.csv                →    125 records
[2026-03-26T09:37:45.168+0000] {logging_mixin.py:188} WARNING - [2026-03-26 09:37:45] INFO    etl.extract :   CSV | ctsv_HK2_2021_22.csv                →    390 records
[2026-03-26T09:37:45.168+0000] {extract.py:190} INFO -   CSV | ctsv_HK2_2021_22.csv                →    390 records
[2026-03-26T09:37:45.176+0000] {logging_mixin.py:188} WARNING - [2026-03-26 09:37:45] INFO    etl.extract :   CSV | ctsv_HK2_2022_23.csv                →    810 records
[2026-03-26T09:37:45.176+0000] {extract.py:190} INFO -   CSV | ctsv_HK2_2022_23.csv                →    810 records
[2026-03-26T09:37:45.186+0000] {logging_mixin.py:188} WARNING - [2026-03-26 09:37:45] INFO    etl.extract :   CSV | ctsv_HK2_2023_24.csv                →  1,245 records
[2026-03-26T09:37:45.185+0000] {extract.py:190} INFO -   CSV | ctsv_HK2_2023_24.csv                →  1,245 records
[2026-03-26T09:37:45.196+0000] {logging_mixin.py:188} WARNING - [2026-03-26 09:37:45] INFO    etl.extract :   CSV | ctsv_HK2_2024_25.csv                →  1,361 records
[2026-03-26T09:37:45.196+0000] {extract.py:190} INFO -   CSV | ctsv_HK2_2024_25.csv                →  1,361 records
[2026-03-26T09:37:45.215+0000] {logging_mixin.py:188} WARNING - [2026-03-26 09:37:45] INFO    etl.extract :   CSV | TỔNG: 7,956 records từ 9 file(s)
[2026-03-26T09:37:45.215+0000] {extract.py:247} INFO -   CSV | TỔNG: 7,956 records từ 9 file(s)
[2026-03-26T09:37:57.064+0000] {logging_mixin.py:188} WARNING - [2026-03-26 09:37:57] WARNING etl.extract :   MinIO staging thất bại (pipeline vẫn tiếp tục): Could not connect to the endpoint URL: "http://localhost:9000/raw-data"
[2026-03-26T09:37:57.064+0000] {extract.py:451} WARNING -   MinIO staging thất bại (pipeline vẫn tiếp tục): Could not connect to the endpoint URL: "http://localhost:9000/raw-data"
[2026-03-26T09:37:57.067+0000] {logging_mixin.py:188} WARNING - [2026-03-26 09:37:57] INFO    etl.extract : ======================================================================
[2026-03-26T09:37:57.067+0000] {extract.py:383} INFO - ======================================================================
[2026-03-26T09:37:57.069+0000] {logging_mixin.py:188} WARNING - [2026-03-26 09:37:57] INFO    etl.extract : ✅ FULL EXTRACT HOÀN TẤT
[2026-03-26T09:37:57.069+0000] {extract.py:384} INFO - ✅ FULL EXTRACT HOÀN TẤT
[2026-03-26T09:37:57.071+0000] {logging_mixin.py:188} WARNING - [2026-03-26 09:37:57] INFO    etl.extract :    khoa                     :        0
[2026-03-26T09:37:57.071+0000] {extract.py:386} INFO -    khoa                     :        0
[2026-03-26T09:37:57.073+0000] {logging_mixin.py:188} WARNING - [2026-03-26 09:37:57] INFO    etl.extract :    nganh                    :        0
[2026-03-26T09:37:57.073+0000] {extract.py:386} INFO -    nganh                    :        0
[2026-03-26T09:37:57.075+0000] {logging_mixin.py:188} WARNING - [2026-03-26 09:37:57] INFO    etl.extract :    giang_vien               :        0
[2026-03-26T09:37:57.075+0000] {extract.py:386} INFO -    giang_vien               :        0
[2026-03-26T09:37:57.077+0000] {logging_mixin.py:188} WARNING - [2026-03-26 09:37:57] INFO    etl.extract :    lop_hanh_chinh           :        0
[2026-03-26T09:37:57.077+0000] {extract.py:386} INFO -    lop_hanh_chinh           :        0
[2026-03-26T09:37:57.078+0000] {logging_mixin.py:188} WARNING - [2026-03-26 09:37:57] INFO    etl.extract :    sinh_vien                :        0
[2026-03-26T09:37:57.078+0000] {extract.py:386} INFO -    sinh_vien                :        0
[2026-03-26T09:37:57.079+0000] {logging_mixin.py:188} WARNING - [2026-03-26 09:37:57] INFO    etl.extract :    hoc_phan                 :        0
[2026-03-26T09:37:57.079+0000] {extract.py:386} INFO -    hoc_phan                 :        0
[2026-03-26T09:37:57.080+0000] {logging_mixin.py:188} WARNING - [2026-03-26 09:37:57] INFO    etl.extract :    hoc_ky_nam_hoc           :        0
[2026-03-26T09:37:57.080+0000] {extract.py:386} INFO -    hoc_ky_nam_hoc           :        0
[2026-03-26T09:37:57.081+0000] {logging_mixin.py:188} WARNING - [2026-03-26 09:37:57] INFO    etl.extract :    dang_ky_hoc_phan         :        0
[2026-03-26T09:37:57.080+0000] {extract.py:386} INFO -    dang_ky_hoc_phan         :        0
[2026-03-26T09:37:57.081+0000] {logging_mixin.py:188} WARNING - [2026-03-26 09:37:57] INFO    etl.extract :    diem_hoc_phan            :        0
[2026-03-26T09:37:57.081+0000] {extract.py:386} INFO -    diem_hoc_phan            :        0
[2026-03-26T09:37:57.082+0000] {logging_mixin.py:188} WARNING - [2026-03-26 09:37:57] INFO    etl.extract :    tong_hop_ket_qua         :        0
[2026-03-26T09:37:57.082+0000] {extract.py:386} INFO -    tong_hop_ket_qua         :        0
[2026-03-26T09:37:57.083+0000] {logging_mixin.py:188} WARNING - [2026-03-26 09:37:57] INFO    etl.extract :    ctsv_data                :    7,956
[2026-03-26T09:37:57.083+0000] {extract.py:386} INFO -    ctsv_data                :    7,956
[2026-03-26T09:37:57.083+0000] {logging_mixin.py:188} WARNING - [2026-03-26 09:37:57] INFO    etl.extract :    tai_chinh_data           :        0
[2026-03-26T09:37:57.083+0000] {extract.py:386} INFO -    tai_chinh_data           :        0
[2026-03-26T09:37:57.084+0000] {logging_mixin.py:188} WARNING - [2026-03-26 09:37:57] INFO    etl.extract : ======================================================================
[2026-03-26T09:37:57.084+0000] {extract.py:387} INFO - ======================================================================
[2026-03-26T09:37:57.118+0000] {logging_mixin.py:188} INFO - Extract xong: {'khoa': 0, 'nganh': 0, 'giang_vien': 0, 'lop_hanh_chinh': 0, 'sinh_vien': 0, 'hoc_phan': 0, 'hoc_ky_nam_hoc': 0, 'dang_ky_hoc_phan': 0, 'diem_hoc_phan': 0, 'tong_hop_ket_qua': 0, 'ctsv_data': 7956, 'tai_chinh_data': 0}
[2026-03-26T09:37:57.119+0000] {python.py:201} INFO - Done. Returned value was: {'khoa': 0, 'nganh': 0, 'giang_vien': 0, 'lop_hanh_chinh': 0, 'sinh_vien': 0, 'hoc_phan': 0, 'hoc_ky_nam_hoc': 0, 'dang_ky_hoc_phan': 0, 'diem_hoc_phan': 0, 'tong_hop_ket_qua': 0, 'ctsv_data': 7956, 'tai_chinh_data': 0}
[2026-03-26T09:37:57.144+0000] {taskinstance.py:1138} INFO - Marking task as SUCCESS. dag_id=daily_student_pipeline, task_id=extract_data, execution_date=20260326T093738, start_date=20260326T093741, end_date=20260326T093757
[2026-03-26T09:37:57.183+0000] {local_task_job_runner.py:234} INFO - Task exited with return code 0
[2026-03-26T09:37:57.207+0000] {taskinstance.py:3280} INFO - 1 downstream tasks scheduled from follow-on schedule check
