[2026-04-05T11:38:22.139+0000] {taskinstance.py:1956} INFO - Dependencies all met for dep_context=non-requeueable deps ti=<TaskInstance: daily_student_pipeline.alert_success manual__2026-04-05T11:36:13.094276+00:00 [queued]>
[2026-04-05T11:38:22.148+0000] {taskinstance.py:1956} INFO - Dependencies all met for dep_context=requeueable deps ti=<TaskInstance: daily_student_pipeline.alert_success manual__2026-04-05T11:36:13.094276+00:00 [queued]>
[2026-04-05T11:38:22.149+0000] {taskinstance.py:2170} INFO - Starting attempt 1 of 1
[2026-04-05T11:38:22.161+0000] {taskinstance.py:2191} INFO - Executing <Task(PythonOperator): alert_success> on 2026-04-05 11:36:13.094276+00:00
[2026-04-05T11:38:22.166+0000] {standard_task_runner.py:60} INFO - Started process 19375 to run task
[2026-04-05T11:38:22.170+0000] {standard_task_runner.py:87} INFO - Running: ['***', 'tasks', 'run', 'daily_student_pipeline', 'alert_success', 'manual__2026-04-05T11:36:13.094276+00:00', '--job-id', '232', '--raw', '--subdir', 'DAGS_FOLDER/daily_student_pipeline.py', '--cfg-path', '/tmp/tmpr7lxfpmw']
[2026-04-05T11:38:22.172+0000] {standard_task_runner.py:88} INFO - Job 232: Subtask alert_success
[2026-04-05T11:38:22.242+0000] {task_command.py:423} INFO - Running <TaskInstance: daily_student_pipeline.alert_success manual__2026-04-05T11:36:13.094276+00:00 [running]> on host 1c62953c8918
[2026-04-05T11:38:22.331+0000] {taskinstance.py:2480} INFO - Exporting env vars: AIRFLOW_CTX_DAG_OWNER='nhom8' AIRFLOW_CTX_DAG_ID='daily_student_pipeline' AIRFLOW_CTX_TASK_ID='alert_success' AIRFLOW_CTX_EXECUTION_DATE='2026-04-05T11:36:13.094276+00:00' AIRFLOW_CTX_TRY_NUMBER='1' AIRFLOW_CTX_DAG_RUN_ID='manual__2026-04-05T11:36:13.094276+00:00'
[2026-04-05T11:38:22.345+0000] {logging_mixin.py:188} INFO - ==================================================
[2026-04-05T11:38:22.346+0000] {logging_mixin.py:188} INFO - ✅ Validation Summary | run_id: 2026-04-05_11-36
[2026-04-05T11:38:22.346+0000] {logging_mixin.py:188} INFO -    Status: PASSED
[2026-04-05T11:38:22.347+0000] {logging_mixin.py:188} INFO -    Evaluated: 51
[2026-04-05T11:38:22.347+0000] {logging_mixin.py:188} INFO -    Passed:    51
[2026-04-05T11:38:22.348+0000] {logging_mixin.py:188} INFO -    Failed:    0
[2026-04-05T11:38:22.348+0000] {logging_mixin.py:188} INFO - ==================================================
[2026-04-05T11:38:22.349+0000] {python.py:201} INFO - Done. Returned value was: None
[2026-04-05T11:38:22.359+0000] {taskinstance.py:1138} INFO - Marking task as SUCCESS. dag_id=daily_student_pipeline, task_id=alert_success, execution_date=20260405T113613, start_date=20260405T113822, end_date=20260405T113822
[2026-04-05T11:38:22.381+0000] {local_task_job_runner.py:234} INFO - Task exited with return code 0
[2026-04-05T11:38:22.399+0000] {taskinstance.py:3280} INFO - 0 downstream tasks scheduled from follow-on schedule check
