[2026-04-27T02:00:18.237+0000] {taskinstance.py:1956} INFO - Dependencies all met for dep_context=non-requeueable deps ti=<TaskInstance: daily_student_pipeline.transform_data scheduled__2026-04-26T02:00:00+00:00 [queued]>
[2026-04-27T02:00:18.246+0000] {taskinstance.py:1956} INFO - Dependencies all met for dep_context=requeueable deps ti=<TaskInstance: daily_student_pipeline.transform_data scheduled__2026-04-26T02:00:00+00:00 [queued]>
[2026-04-27T02:00:18.247+0000] {taskinstance.py:2170} INFO - Starting attempt 1 of 1
[2026-04-27T02:00:18.259+0000] {taskinstance.py:2191} INFO - Executing <Task(PythonOperator): transform_data> on 2026-04-26 02:00:00+00:00
[2026-04-27T02:00:18.263+0000] {standard_task_runner.py:60} INFO - Started process 10456 to run task
[2026-04-27T02:00:18.266+0000] {standard_task_runner.py:87} INFO - Running: ['***', 'tasks', 'run', 'daily_student_pipeline', 'transform_data', 'scheduled__2026-04-26T02:00:00+00:00', '--job-id', '497', '--raw', '--subdir', 'DAGS_FOLDER/daily_student_pipeline.py', '--cfg-path', '/tmp/tmpxsu07880']
[2026-04-27T02:00:18.271+0000] {standard_task_runner.py:88} INFO - Job 497: Subtask transform_data
[2026-04-27T02:00:18.360+0000] {task_command.py:423} INFO - Running <TaskInstance: daily_student_pipeline.transform_data scheduled__2026-04-26T02:00:00+00:00 [running]> on host 759b8b5e27b5
[2026-04-27T02:00:18.545+0000] {taskinstance.py:2480} INFO - Exporting env vars: AIRFLOW_CTX_DAG_OWNER='nhom8' AIRFLOW_CTX_DAG_ID='daily_student_pipeline' AIRFLOW_CTX_TASK_ID='transform_data' AIRFLOW_CTX_EXECUTION_DATE='2026-04-26T02:00:00+00:00' AIRFLOW_CTX_TRY_NUMBER='1' AIRFLOW_CTX_DAG_RUN_ID='scheduled__2026-04-26T02:00:00+00:00'
[2026-04-27T02:00:19.351+0000] {logging_mixin.py:188} WARNING - [2026-04-27 02:00:19] INFO    etl.extract :   Load from MinIO staging: run_id=2026-04-27_02-00
[2026-04-27T02:00:19.351+0000] {extract.py:502} INFO -   Load from MinIO staging: run_id=2026-04-27_02-00
[2026-04-27T02:00:19.384+0000] {logging_mixin.py:188} WARNING - [2026-04-27 02:00:19] INFO    utils.minio :   MinIO ↓ [raw-data] 2026-04-27_02-00/nguon1_khoa.parquet (4 rows)
[2026-04-27T02:00:19.384+0000] {minio_client.py:223} INFO -   MinIO ↓ [raw-data] 2026-04-27_02-00/nguon1_khoa.parquet (4 rows)
[2026-04-27T02:00:19.398+0000] {logging_mixin.py:188} WARNING - [2026-04-27 02:00:19] INFO    utils.minio :   MinIO ↓ [raw-data] 2026-04-27_02-00/nguon1_nganh.parquet (3 rows)
[2026-04-27T02:00:19.398+0000] {minio_client.py:223} INFO -   MinIO ↓ [raw-data] 2026-04-27_02-00/nguon1_nganh.parquet (3 rows)
[2026-04-27T02:00:19.412+0000] {logging_mixin.py:188} WARNING - [2026-04-27 02:00:19] INFO    utils.minio :   MinIO ↓ [raw-data] 2026-04-27_02-00/nguon1_giang_vien.parquet (45 rows)
[2026-04-27T02:00:19.412+0000] {minio_client.py:223} INFO -   MinIO ↓ [raw-data] 2026-04-27_02-00/nguon1_giang_vien.parquet (45 rows)
[2026-04-27T02:00:19.427+0000] {logging_mixin.py:188} WARNING - [2026-04-27 02:00:19] INFO    utils.minio :   MinIO ↓ [raw-data] 2026-04-27_02-00/nguon1_lop_hanh_chinh.parquet (48 rows)
[2026-04-27T02:00:19.426+0000] {minio_client.py:223} INFO -   MinIO ↓ [raw-data] 2026-04-27_02-00/nguon1_lop_hanh_chinh.parquet (48 rows)
[2026-04-27T02:00:19.443+0000] {logging_mixin.py:188} WARNING - [2026-04-27 02:00:19] INFO    utils.minio :   MinIO ↓ [raw-data] 2026-04-27_02-00/nguon1_sinh_vien.parquet (1,695 rows)
[2026-04-27T02:00:19.443+0000] {minio_client.py:223} INFO -   MinIO ↓ [raw-data] 2026-04-27_02-00/nguon1_sinh_vien.parquet (1,695 rows)
[2026-04-27T02:00:19.457+0000] {logging_mixin.py:188} WARNING - [2026-04-27 02:00:19] INFO    utils.minio :   MinIO ↓ [raw-data] 2026-04-27_02-00/nguon1_hoc_phan.parquet (121 rows)
[2026-04-27T02:00:19.457+0000] {minio_client.py:223} INFO -   MinIO ↓ [raw-data] 2026-04-27_02-00/nguon1_hoc_phan.parquet (121 rows)
[2026-04-27T02:00:19.470+0000] {logging_mixin.py:188} WARNING - [2026-04-27 02:00:19] INFO    utils.minio :   MinIO ↓ [raw-data] 2026-04-27_02-00/nguon1_hoc_ky.parquet (13 rows)
[2026-04-27T02:00:19.470+0000] {minio_client.py:223} INFO -   MinIO ↓ [raw-data] 2026-04-27_02-00/nguon1_hoc_ky.parquet (13 rows)
[2026-04-27T02:00:19.499+0000] {logging_mixin.py:188} WARNING - [2026-04-27 02:00:19] INFO    utils.minio :   MinIO ↓ [raw-data] 2026-04-27_02-00/nguon1_dang_ky.parquet (55,971 rows)
[2026-04-27T02:00:19.498+0000] {minio_client.py:223} INFO -   MinIO ↓ [raw-data] 2026-04-27_02-00/nguon1_dang_ky.parquet (55,971 rows)
[2026-04-27T02:00:19.526+0000] {logging_mixin.py:188} WARNING - [2026-04-27 02:00:19] INFO    utils.minio :   MinIO ↓ [raw-data] 2026-04-27_02-00/nguon1_diem.parquet (55,535 rows)
[2026-04-27T02:00:19.526+0000] {minio_client.py:223} INFO -   MinIO ↓ [raw-data] 2026-04-27_02-00/nguon1_diem.parquet (55,535 rows)
[2026-04-27T02:00:19.538+0000] {logging_mixin.py:188} WARNING - [2026-04-27 02:00:19] INFO    utils.minio :   MinIO ↓ [raw-data] 2026-04-27_02-00/nguon1_tong_hop_ket_qua.parquet (1,695 rows)
[2026-04-27T02:00:19.538+0000] {minio_client.py:223} INFO -   MinIO ↓ [raw-data] 2026-04-27_02-00/nguon1_tong_hop_ket_qua.parquet (1,695 rows)
[2026-04-27T02:00:19.553+0000] {logging_mixin.py:188} WARNING - [2026-04-27 02:00:19] INFO    utils.minio :   MinIO ↓ [raw-data] 2026-04-27_02-00/nguon2_ctsv.parquet (9,962 rows)
[2026-04-27T02:00:19.552+0000] {minio_client.py:223} INFO -   MinIO ↓ [raw-data] 2026-04-27_02-00/nguon2_ctsv.parquet (9,962 rows)
[2026-04-27T02:00:19.748+0000] {logging_mixin.py:188} WARNING - [2026-04-27 02:00:19] INFO    utils.minio :   MinIO ↓ [raw-data] 2026-04-27_02-00/nguon3_tai_chinh.parquet (9,670 rows)
[2026-04-27T02:00:19.748+0000] {minio_client.py:223} INFO -   MinIO ↓ [raw-data] 2026-04-27_02-00/nguon3_tai_chinh.parquet (9,670 rows)
[2026-04-27T02:00:19.749+0000] {logging_mixin.py:188} WARNING - [2026-04-27 02:00:19] INFO    etl.extract :  Load from staging OK — run_id=2026-04-27_02-00
[2026-04-27T02:00:19.749+0000] {extract.py:519} INFO -  Load from staging OK — run_id=2026-04-27_02-00
[2026-04-27T02:00:19.751+0000] {logging_mixin.py:188} WARNING - [2026-04-27 02:00:19] INFO    etl.transform : ==BẮT ĐẦU TRANSFORM==
[2026-04-27T02:00:19.751+0000] {transform.py:75} INFO - ==BẮT ĐẦU TRANSFORM==
[2026-04-27T02:00:19.752+0000] {logging_mixin.py:188} WARNING - [2026-04-27 02:00:19] INFO    etl.transform : ======================================================================
[2026-04-27T02:00:19.752+0000] {transform.py:76} INFO - ======================================================================
[2026-04-27T02:00:19.754+0000] {logging_mixin.py:188} WARNING - [2026-04-27 02:00:19] INFO    etl.transform : ── Bước 1: Transform Dimension Tables ──
[2026-04-27T02:00:19.754+0000] {transform.py:80} INFO - ── Bước 1: Transform Dimension Tables ──
[2026-04-27T02:00:19.759+0000] {logging_mixin.py:188} WARNING - [2026-04-27 02:00:19] INFO    etl.transform :   dim_thoi_gian               →     13 records
[2026-04-27T02:00:19.759+0000] {transform.py:190} INFO -   dim_thoi_gian               →     13 records
[2026-04-27T02:00:19.763+0000] {logging_mixin.py:188} WARNING - [2026-04-27 02:00:19] INFO    etl.transform :   dim_giang_vien              →     45 records
[2026-04-27T02:00:19.762+0000] {transform.py:213} INFO -   dim_giang_vien              →     45 records
[2026-04-27T02:00:19.768+0000] {logging_mixin.py:188} WARNING - [2026-04-27 02:00:19] INFO    etl.transform :   dim_hoc_phan                →    121 records
[2026-04-27T02:00:19.768+0000] {transform.py:240} INFO -   dim_hoc_phan                →    121 records
[2026-04-27T02:00:19.786+0000] {logging_mixin.py:188} WARNING - [2026-04-27 02:00:19] INFO    etl.transform :   dim_sinh_vien               →  1,695 records
[2026-04-27T02:00:19.786+0000] {transform.py:306} INFO -   dim_sinh_vien               →  1,695 records
[2026-04-27T02:00:19.788+0000] {logging_mixin.py:188} WARNING - [2026-04-27 02:00:19] INFO    etl.transform : ── Bước 2: Transform Fact Tables ──
[2026-04-27T02:00:19.788+0000] {transform.py:96} INFO - ── Bước 2: Transform Fact Tables ──
[2026-04-27T02:00:19.858+0000] {logging_mixin.py:188} WARNING - [2026-04-27 02:00:19] INFO    etl.transform :   fact_diem                   → 55,535 records
[2026-04-27T02:00:19.858+0000] {transform.py:376} INFO -   fact_diem                   → 55,535 records
[2026-04-27T02:00:19.908+0000] {logging_mixin.py:188} WARNING - [2026-04-27 02:00:19] INFO    etl.transform :   fact_dang_ky               → 55,971 records
[2026-04-27T02:00:19.908+0000] {transform.py:413} INFO -   fact_dang_ky               → 55,971 records
[2026-04-27T02:00:19.921+0000] {logging_mixin.py:188} WARNING - [2026-04-27 02:00:19] INFO    etl.transform :   fact_ren_luyen              →  9,962 records
[2026-04-27T02:00:19.921+0000] {transform.py:445} INFO -   fact_ren_luyen              →  9,962 records
[2026-04-27T02:00:19.932+0000] {logging_mixin.py:188} WARNING - /opt/***/src/etl/transform.py:467 UserWarning: The argument 'infer_datetime_format' is deprecated and will be removed in a future version. A strict version of it is now the default, see https://pandas.pydata.org/pdeps/0004-consistent-to-datetime-parsing.html. You can safely remove this argument.
[2026-04-27T02:00:19.938+0000] {logging_mixin.py:188} WARNING - [2026-04-27 02:00:19] INFO    etl.transform :   fact_tai_chinh              →  9,670 records
[2026-04-27T02:00:19.938+0000] {transform.py:485} INFO -   fact_tai_chinh              →  9,670 records
[2026-04-27T02:00:19.939+0000] {logging_mixin.py:188} WARNING - [2026-04-27 02:00:19] INFO    etl.transform : ======================================================================
[2026-04-27T02:00:19.939+0000] {transform.py:108} INFO - ======================================================================
[2026-04-27T02:00:19.941+0000] {logging_mixin.py:188} WARNING - [2026-04-27 02:00:19] INFO    etl.transform : TRANSFORM HOÀN TẤT
[2026-04-27T02:00:19.941+0000] {transform.py:109} INFO - TRANSFORM HOÀN TẤT
[2026-04-27T02:00:19.941+0000] {logging_mixin.py:188} WARNING - [2026-04-27 02:00:19] INFO    etl.transform :    dim_giang_vien           :       45 records
[2026-04-27T02:00:19.941+0000] {transform.py:111} INFO -    dim_giang_vien           :       45 records
[2026-04-27T02:00:19.942+0000] {logging_mixin.py:188} WARNING - [2026-04-27 02:00:19] INFO    etl.transform :    dim_sinh_vien            :    1,695 records
[2026-04-27T02:00:19.942+0000] {transform.py:111} INFO -    dim_sinh_vien            :    1,695 records
[2026-04-27T02:00:19.944+0000] {logging_mixin.py:188} WARNING - [2026-04-27 02:00:19] INFO    etl.transform :    dim_hoc_phan             :      121 records
[2026-04-27T02:00:19.944+0000] {transform.py:111} INFO -    dim_hoc_phan             :      121 records
[2026-04-27T02:00:19.945+0000] {logging_mixin.py:188} WARNING - [2026-04-27 02:00:19] INFO    etl.transform :    dim_thoi_gian            :       13 records
[2026-04-27T02:00:19.945+0000] {transform.py:111} INFO -    dim_thoi_gian            :       13 records
[2026-04-27T02:00:19.946+0000] {logging_mixin.py:188} WARNING - [2026-04-27 02:00:19] INFO    etl.transform :    fact_diem                :   55,535 records
[2026-04-27T02:00:19.946+0000] {transform.py:111} INFO -    fact_diem                :   55,535 records
[2026-04-27T02:00:19.946+0000] {logging_mixin.py:188} WARNING - [2026-04-27 02:00:19] INFO    etl.transform :    fact_dang_ky             :   55,971 records
[2026-04-27T02:00:19.946+0000] {transform.py:111} INFO -    fact_dang_ky             :   55,971 records
[2026-04-27T02:00:19.947+0000] {logging_mixin.py:188} WARNING - [2026-04-27 02:00:19] INFO    etl.transform :    fact_ren_luyen           :    9,962 records
[2026-04-27T02:00:19.947+0000] {transform.py:111} INFO -    fact_ren_luyen           :    9,962 records
[2026-04-27T02:00:19.948+0000] {logging_mixin.py:188} WARNING - [2026-04-27 02:00:19] INFO    etl.transform :    fact_tai_chinh           :    9,670 records
[2026-04-27T02:00:19.948+0000] {transform.py:111} INFO -    fact_tai_chinh           :    9,670 records
[2026-04-27T02:00:19.948+0000] {logging_mixin.py:188} WARNING - [2026-04-27 02:00:19] INFO    etl.transform : ======================================================================
[2026-04-27T02:00:19.948+0000] {transform.py:112} INFO - ======================================================================
[2026-04-27T02:00:19.970+0000] {logging_mixin.py:188} WARNING - [2026-04-27 02:00:19] INFO    utils.minio :   MinIO ↑ [staging-data] 2026-04-27_02-00/dim_hoc_ky.parquet (5.4 KB | 13 rows)
[2026-04-27T02:00:19.970+0000] {minio_client.py:142} INFO -   MinIO ↑ [staging-data] 2026-04-27_02-00/dim_hoc_ky.parquet (5.4 KB | 13 rows)
[2026-04-27T02:00:19.981+0000] {logging_mixin.py:188} WARNING - [2026-04-27 02:00:19] INFO    utils.minio :   MinIO ↑ [staging-data] 2026-04-27_02-00/dim_giang_vien.parquet (8.9 KB | 45 rows)
[2026-04-27T02:00:19.981+0000] {minio_client.py:142} INFO -   MinIO ↑ [staging-data] 2026-04-27_02-00/dim_giang_vien.parquet (8.9 KB | 45 rows)
[2026-04-27T02:00:19.995+0000] {logging_mixin.py:188} WARNING - [2026-04-27 02:00:19] INFO    utils.minio :   MinIO ↑ [staging-data] 2026-04-27_02-00/dim_hoc_phan.parquet (11.0 KB | 121 rows)
[2026-04-27T02:00:19.995+0000] {minio_client.py:142} INFO -   MinIO ↑ [staging-data] 2026-04-27_02-00/dim_hoc_phan.parquet (11.0 KB | 121 rows)
[2026-04-27T02:00:20.015+0000] {logging_mixin.py:188} WARNING - [2026-04-27 02:00:20] INFO    utils.minio :   MinIO ↑ [staging-data] 2026-04-27_02-00/dim_sinh_vien.parquet (71.6 KB | 1,695 rows)
[2026-04-27T02:00:20.015+0000] {minio_client.py:142} INFO -   MinIO ↑ [staging-data] 2026-04-27_02-00/dim_sinh_vien.parquet (71.6 KB | 1,695 rows)
[2026-04-27T02:00:20.207+0000] {logging_mixin.py:188} WARNING - [2026-04-27 02:00:20] INFO    utils.minio :   MinIO ↑ [staging-data] 2026-04-27_02-00/fact_diem.parquet (844.9 KB | 55,535 rows)
[2026-04-27T02:00:20.207+0000] {minio_client.py:142} INFO -   MinIO ↑ [staging-data] 2026-04-27_02-00/fact_diem.parquet (844.9 KB | 55,535 rows)
[2026-04-27T02:00:20.251+0000] {logging_mixin.py:188} WARNING - [2026-04-27 02:00:20] INFO    utils.minio :   MinIO ↑ [staging-data] 2026-04-27_02-00/fact_dang_ky.parquet (480.5 KB | 55,971 rows)
[2026-04-27T02:00:20.251+0000] {minio_client.py:142} INFO -   MinIO ↑ [staging-data] 2026-04-27_02-00/fact_dang_ky.parquet (480.5 KB | 55,971 rows)
[2026-04-27T02:00:20.281+0000] {logging_mixin.py:188} WARNING - [2026-04-27 02:00:20] INFO    utils.minio :   MinIO ↑ [staging-data] 2026-04-27_02-00/fact_ren_luyen.parquet (42.0 KB | 9,962 rows)
[2026-04-27T02:00:20.281+0000] {minio_client.py:142} INFO -   MinIO ↑ [staging-data] 2026-04-27_02-00/fact_ren_luyen.parquet (42.0 KB | 9,962 rows)
[2026-04-27T02:00:20.310+0000] {logging_mixin.py:188} WARNING - [2026-04-27 02:00:20] INFO    utils.minio :   MinIO ↑ [staging-data] 2026-04-27_02-00/fact_tai_chinh.parquet (88.7 KB | 9,670 rows)
[2026-04-27T02:00:20.310+0000] {minio_client.py:142} INFO -   MinIO ↑ [staging-data] 2026-04-27_02-00/fact_tai_chinh.parquet (88.7 KB | 9,670 rows)
[2026-04-27T02:00:20.312+0000] {logging_mixin.py:188} WARNING - [2026-04-27 02:00:20] INFO    etl.transform :   MinIO staging-data: 8/8 files OK → run_id=2026-04-27_02-00
[2026-04-27T02:00:20.312+0000] {transform.py:141} INFO -   MinIO staging-data: 8/8 files OK → run_id=2026-04-27_02-00
[2026-04-27T02:00:20.348+0000] {logging_mixin.py:188} INFO - Transform xong: {'dim_giang_vien': 45, 'dim_sinh_vien': 1695, 'dim_hoc_phan': 121, 'dim_thoi_gian': 13, 'fact_diem': 55535, 'fact_dang_ky': 55971, 'fact_ren_luyen': 9962, 'fact_tai_chinh': 9670}
[2026-04-27T02:00:20.353+0000] {python.py:201} INFO - Done. Returned value was: {'dim_giang_vien': 45, 'dim_sinh_vien': 1695, 'dim_hoc_phan': 121, 'dim_thoi_gian': 13, 'fact_diem': 55535, 'fact_dang_ky': 55971, 'fact_ren_luyen': 9962, 'fact_tai_chinh': 9670}
[2026-04-27T02:00:20.379+0000] {taskinstance.py:1138} INFO - Marking task as SUCCESS. dag_id=daily_student_pipeline, task_id=transform_data, execution_date=20260426T020000, start_date=20260427T020018, end_date=20260427T020020
[2026-04-27T02:00:20.447+0000] {local_task_job_runner.py:234} INFO - Task exited with return code 0
[2026-04-27T02:00:20.478+0000] {taskinstance.py:3280} INFO - 1 downstream tasks scheduled from follow-on schedule check
