[2026-04-03T13:20:31.170+0000] {taskinstance.py:1956} INFO - Dependencies all met for dep_context=non-requeueable deps ti=<TaskInstance: daily_student_pipeline.alert_success manual__2026-04-03T13:20:29.851162+00:00 [queued]>
[2026-04-03T13:20:31.180+0000] {taskinstance.py:1956} INFO - Dependencies all met for dep_context=requeueable deps ti=<TaskInstance: daily_student_pipeline.alert_success manual__2026-04-03T13:20:29.851162+00:00 [queued]>
[2026-04-03T13:20:31.182+0000] {taskinstance.py:2170} INFO - Starting attempt 1 of 1
[2026-04-03T13:20:31.209+0000] {taskinstance.py:2191} INFO - Executing <Task(PythonOperator): alert_success> on 2026-04-03 13:20:29.851162+00:00
[2026-04-03T13:20:31.219+0000] {standard_task_runner.py:60} INFO - Started process 430 to run task
[2026-04-03T13:20:31.262+0000] {standard_task_runner.py:87} INFO - Running: ['***', 'tasks', 'run', 'daily_student_pipeline', 'alert_success', 'manual__2026-04-03T13:20:29.851162+00:00', '--job-id', '140', '--raw', '--subdir', 'DAGS_FOLDER/daily_student_pipeline.py', '--cfg-path', '/tmp/tmpr06ihqjz']
[2026-04-03T13:20:31.271+0000] {standard_task_runner.py:88} INFO - Job 140: Subtask alert_success
[2026-04-03T13:20:31.467+0000] {task_command.py:423} INFO - Running <TaskInstance: daily_student_pipeline.alert_success manual__2026-04-03T13:20:29.851162+00:00 [running]> on host 1c62953c8918
[2026-04-03T13:20:31.751+0000] {taskinstance.py:2480} INFO - Exporting env vars: AIRFLOW_CTX_DAG_OWNER='nhom8' AIRFLOW_CTX_DAG_ID='daily_student_pipeline' AIRFLOW_CTX_TASK_ID='alert_success' AIRFLOW_CTX_EXECUTION_DATE='2026-04-03T13:20:29.851162+00:00' AIRFLOW_CTX_TRY_NUMBER='1' AIRFLOW_CTX_DAG_RUN_ID='manual__2026-04-03T13:20:29.851162+00:00'
[2026-04-03T13:20:31.837+0000] {logging_mixin.py:188} INFO - ============================================================
[2026-04-03T13:20:31.838+0000] {logging_mixin.py:188} INFO - PIPELINE DAILY STUDENT — THANH CONG
[2026-04-03T13:20:31.839+0000] {logging_mixin.py:188} INFO - Thoi gian: 2026-04-03 13:20:31
[2026-04-03T13:20:31.839+0000] {logging_mixin.py:188} INFO - Extract  : None
[2026-04-03T13:20:31.841+0000] {taskinstance.py:2698} ERROR - Task failed with exception
Traceback (most recent call last):
  File "/home/airflow/.local/lib/python3.11/site-packages/airflow/models/taskinstance.py", line 433, in _execute_task
    result = execute_callable(context=context, **execute_callable_kwargs)
             ^^^^^^^^^^^^^^^^^^^^^^^^^^^^^^^^^^^^^^^^^^^^^^^^^^^^^^^^^^^^
  File "/home/airflow/.local/lib/python3.11/site-packages/airflow/operators/python.py", line 199, in execute
    return_value = self.execute_callable()
                   ^^^^^^^^^^^^^^^^^^^^^^^
  File "/home/airflow/.local/lib/python3.11/site-packages/airflow/operators/python.py", line 216, in execute_callable
    return self.python_callable(*self.op_args, **self.op_kwargs)
           ^^^^^^^^^^^^^^^^^^^^^^^^^^^^^^^^^^^^^^^^^^^^^^^^^^^^^
  File "/opt/airflow/dags/daily_student_pipeline.py", line 195, in task_alert_success
    f"{validation_result.get('successful_expectations','?')}/"
       ^^^^^^^^^^^^^^^^^^^^^
AttributeError: 'NoneType' object has no attribute 'get'
[2026-04-03T13:20:31.863+0000] {taskinstance.py:1138} INFO - Marking task as FAILED. dag_id=daily_student_pipeline, task_id=alert_success, execution_date=20260403T132029, start_date=20260403T132031, end_date=20260403T132031
[2026-04-03T13:20:31.886+0000] {standard_task_runner.py:107} ERROR - Failed to execute job 140 for task alert_success ('NoneType' object has no attribute 'get'; 430)
[2026-04-03T13:20:31.906+0000] {local_task_job_runner.py:234} INFO - Task exited with return code 1
[2026-04-03T13:20:31.928+0000] {taskinstance.py:3280} INFO - 0 downstream tasks scheduled from follow-on schedule check
