[2026-04-05T11:16:16.007+0000] {taskinstance.py:1956} INFO - Dependencies all met for dep_context=non-requeueable deps ti=<TaskInstance: daily_student_pipeline.alert_success manual__2026-04-05T11:14:01.766062+00:00 [queued]>
[2026-04-05T11:16:16.015+0000] {taskinstance.py:1956} INFO - Dependencies all met for dep_context=requeueable deps ti=<TaskInstance: daily_student_pipeline.alert_success manual__2026-04-05T11:14:01.766062+00:00 [queued]>
[2026-04-05T11:16:16.016+0000] {taskinstance.py:2170} INFO - Starting attempt 1 of 1
[2026-04-05T11:16:16.027+0000] {taskinstance.py:2191} INFO - Executing <Task(PythonOperator): alert_success> on 2026-04-05 11:14:01.766062+00:00
[2026-04-05T11:16:16.031+0000] {standard_task_runner.py:60} INFO - Started process 18208 to run task
[2026-04-05T11:16:16.034+0000] {standard_task_runner.py:87} INFO - Running: ['***', 'tasks', 'run', 'daily_student_pipeline', 'alert_success', 'manual__2026-04-05T11:14:01.766062+00:00', '--job-id', '226', '--raw', '--subdir', 'DAGS_FOLDER/daily_student_pipeline.py', '--cfg-path', '/tmp/tmpeq0g2r79']
[2026-04-05T11:16:16.036+0000] {standard_task_runner.py:88} INFO - Job 226: Subtask alert_success
[2026-04-05T11:16:16.112+0000] {task_command.py:423} INFO - Running <TaskInstance: daily_student_pipeline.alert_success manual__2026-04-05T11:14:01.766062+00:00 [running]> on host 1c62953c8918
[2026-04-05T11:16:16.215+0000] {taskinstance.py:2480} INFO - Exporting env vars: AIRFLOW_CTX_DAG_OWNER='nhom8' AIRFLOW_CTX_DAG_ID='daily_student_pipeline' AIRFLOW_CTX_TASK_ID='alert_success' AIRFLOW_CTX_EXECUTION_DATE='2026-04-05T11:14:01.766062+00:00' AIRFLOW_CTX_TRY_NUMBER='1' AIRFLOW_CTX_DAG_RUN_ID='manual__2026-04-05T11:14:01.766062+00:00'
[2026-04-05T11:16:16.230+0000] {logging_mixin.py:188} INFO - ==================================================
[2026-04-05T11:16:16.231+0000] {logging_mixin.py:188} INFO - ✅ Validation Summary | run_id: 2026-04-05_11-14
[2026-04-05T11:16:16.232+0000] {logging_mixin.py:188} INFO -    Status: PASSED
[2026-04-05T11:16:16.232+0000] {logging_mixin.py:188} INFO -    Evaluated: 51
[2026-04-05T11:16:16.233+0000] {logging_mixin.py:188} INFO -    Passed:    51
[2026-04-05T11:16:16.233+0000] {logging_mixin.py:188} INFO -    Failed:    0
[2026-04-05T11:16:16.234+0000] {logging_mixin.py:188} INFO - ==================================================
[2026-04-05T11:16:16.234+0000] {python.py:201} INFO - Done. Returned value was: None
[2026-04-05T11:16:16.245+0000] {taskinstance.py:1138} INFO - Marking task as SUCCESS. dag_id=daily_student_pipeline, task_id=alert_success, execution_date=20260405T111401, start_date=20260405T111616, end_date=20260405T111616
[2026-04-05T11:16:16.286+0000] {local_task_job_runner.py:234} INFO - Task exited with return code 0
[2026-04-05T11:16:16.304+0000] {taskinstance.py:3280} INFO - 0 downstream tasks scheduled from follow-on schedule check
