[2026-04-19T08:13:29.206+0000] {taskinstance.py:1956} INFO - Dependencies all met for dep_context=non-requeueable deps ti=<TaskInstance: daily_student_pipeline.extract_data manual__2026-04-19T08:13:26.634612+00:00 [queued]>
[2026-04-19T08:13:29.220+0000] {taskinstance.py:1956} INFO - Dependencies all met for dep_context=requeueable deps ti=<TaskInstance: daily_student_pipeline.extract_data manual__2026-04-19T08:13:26.634612+00:00 [queued]>
[2026-04-19T08:13:29.221+0000] {taskinstance.py:2170} INFO - Starting attempt 1 of 1
[2026-04-19T08:13:29.244+0000] {taskinstance.py:2191} INFO - Executing <Task(PythonOperator): extract_data> on 2026-04-19 08:13:26.634612+00:00
[2026-04-19T08:13:29.248+0000] {standard_task_runner.py:60} INFO - Started process 4148 to run task
[2026-04-19T08:13:29.251+0000] {standard_task_runner.py:87} INFO - Running: ['***', 'tasks', 'run', 'daily_student_pipeline', 'extract_data', 'manual__2026-04-19T08:13:26.634612+00:00', '--job-id', '337', '--raw', '--subdir', 'DAGS_FOLDER/daily_student_pipeline.py', '--cfg-path', '/tmp/tmpl21g0pgq']
[2026-04-19T08:13:29.253+0000] {standard_task_runner.py:88} INFO - Job 337: Subtask extract_data
[2026-04-19T08:13:29.337+0000] {task_command.py:423} INFO - Running <TaskInstance: daily_student_pipeline.extract_data manual__2026-04-19T08:13:26.634612+00:00 [running]> on host eb2cbdc99987
[2026-04-19T08:13:29.692+0000] {taskinstance.py:2480} INFO - Exporting env vars: AIRFLOW_CTX_DAG_OWNER='nhom8' AIRFLOW_CTX_DAG_ID='daily_student_pipeline' AIRFLOW_CTX_TASK_ID='extract_data' AIRFLOW_CTX_EXECUTION_DATE='2026-04-19T08:13:26.634612+00:00' AIRFLOW_CTX_TRY_NUMBER='1' AIRFLOW_CTX_DAG_RUN_ID='manual__2026-04-19T08:13:26.634612+00:00'
[2026-04-19T08:13:32.229+0000] {logging_mixin.py:188} WARNING - [2026-04-19 08:13:32] INFO    etl.extract : ==BẮT ĐẦU FULL EXTRACT==
[2026-04-19T08:13:32.229+0000] {extract.py:346} INFO - ==BẮT ĐẦU FULL EXTRACT==
[2026-04-19T08:13:32.231+0000] {logging_mixin.py:188} WARNING - [2026-04-19 08:13:32] INFO    etl.extract : ======================================================================
[2026-04-19T08:13:32.231+0000] {extract.py:347} INFO - ======================================================================
[2026-04-19T08:13:32.241+0000] {logging_mixin.py:188} WARNING - [2026-04-19 08:13:32] INFO    etl.extract : ════════════════════════════════════════════════════════════
[2026-04-19T08:13:32.241+0000] {extract.py:84} INFO - ════════════════════════════════════════════════════════════
[2026-04-19T08:13:32.243+0000] {logging_mixin.py:188} WARNING - [2026-04-19 08:13:32] INFO    etl.extract : NGUỒN 1 — PostgreSQL (Phòng Đào tạo) | Full Extract
[2026-04-19T08:13:32.243+0000] {extract.py:85} INFO - NGUỒN 1 — PostgreSQL (Phòng Đào tạo) | Full Extract
[2026-04-19T08:13:32.244+0000] {logging_mixin.py:188} WARNING - [2026-04-19 08:13:32] INFO    etl.extract : ════════════════════════════════════════════════════════════
[2026-04-19T08:13:32.244+0000] {extract.py:86} INFO - ════════════════════════════════════════════════════════════
[2026-04-19T08:13:32.345+0000] {logging_mixin.py:188} WARNING - [2026-04-19 08:13:32] INFO    etl.extract :   PostgreSQL | khoa                      →      4 records
[2026-04-19T08:13:32.345+0000] {extract.py:68} INFO -   PostgreSQL | khoa                      →      4 records
[2026-04-19T08:13:32.376+0000] {logging_mixin.py:188} WARNING - [2026-04-19 08:13:32] INFO    etl.extract :   PostgreSQL | nganh                     →      3 records
[2026-04-19T08:13:32.376+0000] {extract.py:68} INFO -   PostgreSQL | nganh                     →      3 records
[2026-04-19T08:13:32.409+0000] {logging_mixin.py:188} WARNING - [2026-04-19 08:13:32] INFO    etl.extract :   PostgreSQL | giang_vien                →     45 records
[2026-04-19T08:13:32.409+0000] {extract.py:68} INFO -   PostgreSQL | giang_vien                →     45 records
[2026-04-19T08:13:32.446+0000] {logging_mixin.py:188} WARNING - [2026-04-19 08:13:32] INFO    etl.extract :   PostgreSQL | lop_hanh_chinh            →     48 records
[2026-04-19T08:13:32.446+0000] {extract.py:68} INFO -   PostgreSQL | lop_hanh_chinh            →     48 records
[2026-04-19T08:13:32.523+0000] {logging_mixin.py:188} WARNING - [2026-04-19 08:13:32] INFO    etl.extract :   PostgreSQL | sinh_vien                 →  1,695 records
[2026-04-19T08:13:32.523+0000] {extract.py:68} INFO -   PostgreSQL | sinh_vien                 →  1,695 records
[2026-04-19T08:13:32.548+0000] {logging_mixin.py:188} WARNING - [2026-04-19 08:13:32] INFO    etl.extract :   PostgreSQL | hoc_phan                  →    121 records
[2026-04-19T08:13:32.548+0000] {extract.py:68} INFO -   PostgreSQL | hoc_phan                  →    121 records
[2026-04-19T08:13:32.560+0000] {logging_mixin.py:188} WARNING - [2026-04-19 08:13:32] INFO    etl.extract :   PostgreSQL | hoc_ky_nam_hoc            →      9 records
[2026-04-19T08:13:32.560+0000] {extract.py:68} INFO -   PostgreSQL | hoc_ky_nam_hoc            →      9 records
[2026-04-19T08:13:33.130+0000] {logging_mixin.py:188} WARNING - [2026-04-19 08:13:33] INFO    etl.extract :   PostgreSQL | dang_ky_hoc_phan          → 57,782 records
[2026-04-19T08:13:33.130+0000] {extract.py:68} INFO -   PostgreSQL | dang_ky_hoc_phan          → 57,782 records
[2026-04-19T08:13:36.459+0000] {logging_mixin.py:188} WARNING - [2026-04-19 08:13:36] INFO    etl.extract :   PostgreSQL | diem_hoc_phan             → 57,292 records
[2026-04-19T08:13:36.459+0000] {extract.py:68} INFO -   PostgreSQL | diem_hoc_phan             → 57,292 records
[2026-04-19T08:13:36.532+0000] {logging_mixin.py:188} WARNING - [2026-04-19 08:13:36] INFO    etl.extract :   PostgreSQL | tong_hop_ket_qua          →  1,695 records
[2026-04-19T08:13:36.532+0000] {extract.py:68} INFO -   PostgreSQL | tong_hop_ket_qua          →  1,695 records
[2026-04-19T08:13:36.534+0000] {logging_mixin.py:188} WARNING - [2026-04-19 08:13:36] INFO    etl.extract :   PostgreSQL | TỔNG: 118,694 records từ 10 bảng
[2026-04-19T08:13:36.534+0000] {extract.py:93} INFO -   PostgreSQL | TỔNG: 118,694 records từ 10 bảng
[2026-04-19T08:13:36.536+0000] {logging_mixin.py:188} WARNING - [2026-04-19 08:13:36] INFO    etl.extract : ════════════════════════════════════════════════════════════
[2026-04-19T08:13:36.536+0000] {extract.py:167} INFO - ════════════════════════════════════════════════════════════
[2026-04-19T08:13:36.538+0000] {logging_mixin.py:188} WARNING - [2026-04-19 08:13:36] INFO    etl.extract : NGUỒN 2 — CSV (Phòng CTSV) | Extract
[2026-04-19T08:13:36.538+0000] {extract.py:168} INFO - NGUỒN 2 — CSV (Phòng CTSV) | Extract
[2026-04-19T08:13:36.540+0000] {logging_mixin.py:188} WARNING - [2026-04-19 08:13:36] INFO    etl.extract : ════════════════════════════════════════════════════════════
[2026-04-19T08:13:36.540+0000] {extract.py:169} INFO - ════════════════════════════════════════════════════════════
[2026-04-19T08:13:36.545+0000] {logging_mixin.py:188} WARNING - [2026-04-19 08:13:36] INFO    etl.extract :   CSV | Tìm thấy 9 file(s)
[2026-04-19T08:13:36.544+0000] {extract.py:178} INFO -   CSV | Tìm thấy 9 file(s)
[2026-04-19T08:13:36.567+0000] {logging_mixin.py:188} WARNING - [2026-04-19 08:13:36] INFO    etl.extract :   CSV | ctsv_HK1_2021_22.csv                →    791 records
[2026-04-19T08:13:36.567+0000] {extract.py:144} INFO -   CSV | ctsv_HK1_2021_22.csv                →    791 records
[2026-04-19T08:13:36.575+0000] {logging_mixin.py:188} WARNING - [2026-04-19 08:13:36] INFO    etl.extract :   CSV | ctsv_HK1_2022_23.csv                →  1,624 records
[2026-04-19T08:13:36.575+0000] {extract.py:144} INFO -   CSV | ctsv_HK1_2022_23.csv                →  1,624 records
[2026-04-19T08:13:36.583+0000] {logging_mixin.py:188} WARNING - [2026-04-19 08:13:36] INFO    etl.extract :   CSV | ctsv_HK1_2023_24.csv                →  2,483 records
[2026-04-19T08:13:36.583+0000] {extract.py:144} INFO -   CSV | ctsv_HK1_2023_24.csv                →  2,483 records
[2026-04-19T08:13:36.592+0000] {logging_mixin.py:188} WARNING - [2026-04-19 08:13:36] INFO    etl.extract :   CSV | ctsv_HK1_2024_25.csv                →  3,341 records
[2026-04-19T08:13:36.592+0000] {extract.py:144} INFO -   CSV | ctsv_HK1_2024_25.csv                →  3,341 records
[2026-04-19T08:13:36.599+0000] {logging_mixin.py:188} WARNING - [2026-04-19 08:13:36] INFO    etl.extract :   CSV | ctsv_HK1_2025_26.csv                →  2,559 records
[2026-04-19T08:13:36.599+0000] {extract.py:144} INFO -   CSV | ctsv_HK1_2025_26.csv                →  2,559 records
[2026-04-19T08:13:36.606+0000] {logging_mixin.py:188} WARNING - [2026-04-19 08:13:36] INFO    etl.extract :   CSV | ctsv_HK2_2021_22.csv                →    789 records
[2026-04-19T08:13:36.606+0000] {extract.py:144} INFO -   CSV | ctsv_HK2_2021_22.csv                →    789 records
[2026-04-19T08:13:36.612+0000] {logging_mixin.py:188} WARNING - [2026-04-19 08:13:36] INFO    etl.extract :   CSV | ctsv_HK2_2022_23.csv                →  1,613 records
[2026-04-19T08:13:36.612+0000] {extract.py:144} INFO -   CSV | ctsv_HK2_2022_23.csv                →  1,613 records
[2026-04-19T08:13:36.621+0000] {logging_mixin.py:188} WARNING - [2026-04-19 08:13:36] INFO    etl.extract :   CSV | ctsv_HK2_2023_24.csv                →  2,480 records
[2026-04-19T08:13:36.621+0000] {extract.py:144} INFO -   CSV | ctsv_HK2_2023_24.csv                →  2,480 records
[2026-04-19T08:13:36.629+0000] {logging_mixin.py:188} WARNING - [2026-04-19 08:13:36] INFO    etl.extract :   CSV | ctsv_HK2_2024_25.csv                →  2,955 records
[2026-04-19T08:13:36.629+0000] {extract.py:144} INFO -   CSV | ctsv_HK2_2024_25.csv                →  2,955 records
[2026-04-19T08:13:36.644+0000] {logging_mixin.py:188} WARNING - [2026-04-19 08:13:36] INFO    etl.extract :   CSV | Loại bỏ 9086 bản ghi trùng
[2026-04-19T08:13:36.644+0000] {extract.py:195} INFO -   CSV | Loại bỏ 9086 bản ghi trùng
[2026-04-19T08:13:36.645+0000] {logging_mixin.py:188} WARNING - [2026-04-19 08:13:36] INFO    etl.extract :   CSV | TỔNG: 9,549 records từ 9 file(s)
[2026-04-19T08:13:36.645+0000] {extract.py:197} INFO -   CSV | TỔNG: 9,549 records từ 9 file(s)
[2026-04-19T08:13:36.740+0000] {logging_mixin.py:188} WARNING - [2026-04-19 08:13:36] INFO    etl.extract :   API | metadata: generated_at=None, schema_version=None
[2026-04-19T08:13:36.740+0000] {extract.py:232} INFO -   API | metadata: generated_at=None, schema_version=None
[2026-04-19T08:13:36.745+0000] {logging_mixin.py:188} WARNING - [2026-04-19 08:13:36] WARNING etl.extract :   API | (HTTP) HK HK1-2021-22: Loại bỏ 3 duplicate records (ma_sinh_vien, hoc_ky)
[2026-04-19T08:13:36.745+0000] {extract.py:254} WARNING -   API | (HTTP) HK HK1-2021-22: Loại bỏ 3 duplicate records (ma_sinh_vien, hoc_ky)
[2026-04-19T08:13:36.746+0000] {logging_mixin.py:188} WARNING - [2026-04-19 08:13:36] INFO    etl.extract :   API | (HTTP) HK HK1-2021-22 →    390 records
[2026-04-19T08:13:36.746+0000] {extract.py:259} INFO -   API | (HTTP) HK HK1-2021-22 →    390 records
[2026-04-19T08:13:36.765+0000] {logging_mixin.py:188} WARNING - [2026-04-19 08:13:36] INFO    etl.extract :   API | metadata: generated_at=None, schema_version=None
[2026-04-19T08:13:36.765+0000] {extract.py:232} INFO -   API | metadata: generated_at=None, schema_version=None
[2026-04-19T08:13:36.768+0000] {logging_mixin.py:188} WARNING - [2026-04-19 08:13:36] WARNING etl.extract :   API | (HTTP) HK HK1-2022-23: Loại bỏ 4 duplicate records (ma_sinh_vien, hoc_ky)
[2026-04-19T08:13:36.768+0000] {extract.py:254} WARNING -   API | (HTTP) HK HK1-2022-23: Loại bỏ 4 duplicate records (ma_sinh_vien, hoc_ky)
[2026-04-19T08:13:36.770+0000] {logging_mixin.py:188} WARNING - [2026-04-19 08:13:36] INFO    etl.extract :   API | (HTTP) HK HK1-2022-23 →    800 records
[2026-04-19T08:13:36.770+0000] {extract.py:259} INFO -   API | (HTTP) HK HK1-2022-23 →    800 records
[2026-04-19T08:13:36.802+0000] {logging_mixin.py:188} WARNING - [2026-04-19 08:13:36] INFO    etl.extract :   API | metadata: generated_at=None, schema_version=None
[2026-04-19T08:13:36.802+0000] {extract.py:232} INFO -   API | metadata: generated_at=None, schema_version=None
[2026-04-19T08:13:36.805+0000] {logging_mixin.py:188} WARNING - [2026-04-19 08:13:36] WARNING etl.extract :   API | (HTTP) HK HK1-2023-24: Loại bỏ 9 duplicate records (ma_sinh_vien, hoc_ky)
[2026-04-19T08:13:36.805+0000] {extract.py:254} WARNING -   API | (HTTP) HK HK1-2023-24: Loại bỏ 9 duplicate records (ma_sinh_vien, hoc_ky)
[2026-04-19T08:13:36.806+0000] {logging_mixin.py:188} WARNING - [2026-04-19 08:13:36] INFO    etl.extract :   API | (HTTP) HK HK1-2023-24 →  1,223 records
[2026-04-19T08:13:36.806+0000] {extract.py:259} INFO -   API | (HTTP) HK HK1-2023-24 →  1,223 records
[2026-04-19T08:13:36.835+0000] {logging_mixin.py:188} WARNING - [2026-04-19 08:13:36] INFO    etl.extract :   API | metadata: generated_at=None, schema_version=None
[2026-04-19T08:13:36.835+0000] {extract.py:232} INFO -   API | metadata: generated_at=None, schema_version=None
[2026-04-19T08:13:36.839+0000] {logging_mixin.py:188} WARNING - [2026-04-19 08:13:36] WARNING etl.extract :   API | (HTTP) HK HK1-2024-25: Loại bỏ 12 duplicate records (ma_sinh_vien, hoc_ky)
[2026-04-19T08:13:36.839+0000] {extract.py:254} WARNING -   API | (HTTP) HK HK1-2024-25: Loại bỏ 12 duplicate records (ma_sinh_vien, hoc_ky)
[2026-04-19T08:13:36.840+0000] {logging_mixin.py:188} WARNING - [2026-04-19 08:13:36] INFO    etl.extract :   API | (HTTP) HK HK1-2024-25 →  1,643 records
[2026-04-19T08:13:36.840+0000] {extract.py:259} INFO -   API | (HTTP) HK HK1-2024-25 →  1,643 records
[2026-04-19T08:13:36.862+0000] {logging_mixin.py:188} WARNING - [2026-04-19 08:13:36] INFO    etl.extract :   API | metadata: generated_at=None, schema_version=None
[2026-04-19T08:13:36.862+0000] {extract.py:232} INFO -   API | metadata: generated_at=None, schema_version=None
[2026-04-19T08:13:36.865+0000] {logging_mixin.py:188} WARNING - [2026-04-19 08:13:36] WARNING etl.extract :   API | (HTTP) HK HK1-2025-26: Loại bỏ 11 duplicate records (ma_sinh_vien, hoc_ky)
[2026-04-19T08:13:36.865+0000] {extract.py:254} WARNING -   API | (HTTP) HK HK1-2025-26: Loại bỏ 11 duplicate records (ma_sinh_vien, hoc_ky)
[2026-04-19T08:13:36.867+0000] {logging_mixin.py:188} WARNING - [2026-04-19 08:13:36] INFO    etl.extract :   API | (HTTP) HK HK1-2025-26 →  1,256 records
[2026-04-19T08:13:36.867+0000] {extract.py:259} INFO -   API | (HTTP) HK HK1-2025-26 →  1,256 records
[2026-04-19T08:13:36.879+0000] {logging_mixin.py:188} WARNING - [2026-04-19 08:13:36] INFO    etl.extract :   API | metadata: generated_at=None, schema_version=None
[2026-04-19T08:13:36.879+0000] {extract.py:232} INFO -   API | metadata: generated_at=None, schema_version=None
[2026-04-19T08:13:36.882+0000] {logging_mixin.py:188} WARNING - [2026-04-19 08:13:36] WARNING etl.extract :   API | (HTTP) HK HK2-2021-22: Loại bỏ 4 duplicate records (ma_sinh_vien, hoc_ky)
[2026-04-19T08:13:36.882+0000] {extract.py:254} WARNING -   API | (HTTP) HK HK2-2021-22: Loại bỏ 4 duplicate records (ma_sinh_vien, hoc_ky)
[2026-04-19T08:13:36.883+0000] {logging_mixin.py:188} WARNING - [2026-04-19 08:13:36] INFO    etl.extract :   API | (HTTP) HK HK2-2021-22 →    390 records
[2026-04-19T08:13:36.883+0000] {extract.py:259} INFO -   API | (HTTP) HK HK2-2021-22 →    390 records
[2026-04-19T08:13:36.903+0000] {logging_mixin.py:188} WARNING - [2026-04-19 08:13:36] INFO    etl.extract :   API | metadata: generated_at=None, schema_version=None
[2026-04-19T08:13:36.903+0000] {extract.py:232} INFO -   API | metadata: generated_at=None, schema_version=None
[2026-04-19T08:13:36.907+0000] {logging_mixin.py:188} WARNING - [2026-04-19 08:13:36] WARNING etl.extract :   API | (HTTP) HK HK2-2022-23: Loại bỏ 8 duplicate records (ma_sinh_vien, hoc_ky)
[2026-04-19T08:13:36.907+0000] {extract.py:254} WARNING -   API | (HTTP) HK HK2-2022-23: Loại bỏ 8 duplicate records (ma_sinh_vien, hoc_ky)
[2026-04-19T08:13:36.908+0000] {logging_mixin.py:188} WARNING - [2026-04-19 08:13:36] INFO    etl.extract :   API | (HTTP) HK HK2-2022-23 →    795 records
[2026-04-19T08:13:36.908+0000] {extract.py:259} INFO -   API | (HTTP) HK HK2-2022-23 →    795 records
[2026-04-19T08:13:36.932+0000] {logging_mixin.py:188} WARNING - [2026-04-19 08:13:36] INFO    etl.extract :   API | metadata: generated_at=None, schema_version=None
[2026-04-19T08:13:36.932+0000] {extract.py:232} INFO -   API | metadata: generated_at=None, schema_version=None
[2026-04-19T08:13:36.936+0000] {logging_mixin.py:188} WARNING - [2026-04-19 08:13:36] WARNING etl.extract :   API | (HTTP) HK HK2-2023-24: Loại bỏ 8 duplicate records (ma_sinh_vien, hoc_ky)
[2026-04-19T08:13:36.936+0000] {extract.py:254} WARNING -   API | (HTTP) HK HK2-2023-24: Loại bỏ 8 duplicate records (ma_sinh_vien, hoc_ky)
[2026-04-19T08:13:36.937+0000] {logging_mixin.py:188} WARNING - [2026-04-19 08:13:36] INFO    etl.extract :   API | (HTTP) HK HK2-2023-24 →  1,218 records
[2026-04-19T08:13:36.937+0000] {extract.py:259} INFO -   API | (HTTP) HK HK2-2023-24 →  1,218 records
[2026-04-19T08:13:36.963+0000] {logging_mixin.py:188} WARNING - [2026-04-19 08:13:36] INFO    etl.extract :   API | metadata: generated_at=None, schema_version=None
[2026-04-19T08:13:36.963+0000] {extract.py:232} INFO -   API | metadata: generated_at=None, schema_version=None
[2026-04-19T08:13:36.966+0000] {logging_mixin.py:188} WARNING - [2026-04-19 08:13:36] WARNING etl.extract :   API | (HTTP) HK HK2-2024-25: Loại bỏ 15 duplicate records (ma_sinh_vien, hoc_ky)
[2026-04-19T08:13:36.966+0000] {extract.py:254} WARNING -   API | (HTTP) HK HK2-2024-25: Loại bỏ 15 duplicate records (ma_sinh_vien, hoc_ky)
[2026-04-19T08:13:36.967+0000] {logging_mixin.py:188} WARNING - [2026-04-19 08:13:36] INFO    etl.extract :   API | (HTTP) HK HK2-2024-25 →  1,510 records
[2026-04-19T08:13:36.967+0000] {extract.py:259} INFO -   API | (HTTP) HK HK2-2024-25 →  1,510 records
[2026-04-19T08:13:36.968+0000] {logging_mixin.py:188} WARNING - [2026-04-19 08:13:36] INFO    etl.extract :   API | TỔNG: 9,225 records từ 9 HK
[2026-04-19T08:13:36.968+0000] {extract.py:335} INFO -   API | TỔNG: 9,225 records từ 9 HK
[2026-04-19T08:13:37.543+0000] {logging_mixin.py:188} WARNING - [2026-04-19 08:13:37] INFO    utils.minio :   MinIO ↑ [raw-data] 2026-04-19_08-13/nguon1_sinh_vien.parquet (47.6 KB | 1,695 rows)
[2026-04-19T08:13:37.543+0000] {minio_client.py:142} INFO -   MinIO ↑ [raw-data] 2026-04-19_08-13/nguon1_sinh_vien.parquet (47.6 KB | 1,695 rows)
[2026-04-19T08:13:37.707+0000] {logging_mixin.py:188} WARNING - [2026-04-19 08:13:37] INFO    utils.minio :   MinIO ↑ [raw-data] 2026-04-19_08-13/nguon1_dang_ky.parquet (505.3 KB | 57,782 rows)
[2026-04-19T08:13:37.707+0000] {minio_client.py:142} INFO -   MinIO ↑ [raw-data] 2026-04-19_08-13/nguon1_dang_ky.parquet (505.3 KB | 57,782 rows)
[2026-04-19T08:13:37.806+0000] {logging_mixin.py:188} WARNING - [2026-04-19 08:13:37] INFO    utils.minio :   MinIO ↑ [raw-data] 2026-04-19_08-13/nguon1_diem.parquet (1185.6 KB | 57,292 rows)
[2026-04-19T08:13:37.806+0000] {minio_client.py:142} INFO -   MinIO ↑ [raw-data] 2026-04-19_08-13/nguon1_diem.parquet (1185.6 KB | 57,292 rows)
[2026-04-19T08:13:37.817+0000] {logging_mixin.py:188} WARNING - [2026-04-19 08:13:37] INFO    utils.minio :   MinIO ↑ [raw-data] 2026-04-19_08-13/nguon1_hoc_phan.parquet (10.3 KB | 121 rows)
[2026-04-19T08:13:37.817+0000] {minio_client.py:142} INFO -   MinIO ↑ [raw-data] 2026-04-19_08-13/nguon1_hoc_phan.parquet (10.3 KB | 121 rows)
[2026-04-19T08:13:37.828+0000] {logging_mixin.py:188} WARNING - [2026-04-19 08:13:37] INFO    utils.minio :   MinIO ↑ [raw-data] 2026-04-19_08-13/nguon1_hoc_ky.parquet (4.1 KB | 9 rows)
[2026-04-19T08:13:37.828+0000] {minio_client.py:142} INFO -   MinIO ↑ [raw-data] 2026-04-19_08-13/nguon1_hoc_ky.parquet (4.1 KB | 9 rows)
[2026-04-19T08:13:37.839+0000] {logging_mixin.py:188} WARNING - [2026-04-19 08:13:37] INFO    utils.minio :   MinIO ↑ [raw-data] 2026-04-19_08-13/nguon1_giang_vien.parquet (8.3 KB | 45 rows)
[2026-04-19T08:13:37.839+0000] {minio_client.py:142} INFO -   MinIO ↑ [raw-data] 2026-04-19_08-13/nguon1_giang_vien.parquet (8.3 KB | 45 rows)
[2026-04-19T08:13:37.849+0000] {logging_mixin.py:188} WARNING - [2026-04-19 08:13:37] INFO    utils.minio :   MinIO ↑ [raw-data] 2026-04-19_08-13/nguon1_khoa.parquet (2.6 KB | 4 rows)
[2026-04-19T08:13:37.849+0000] {minio_client.py:142} INFO -   MinIO ↑ [raw-data] 2026-04-19_08-13/nguon1_khoa.parquet (2.6 KB | 4 rows)
[2026-04-19T08:13:37.860+0000] {logging_mixin.py:188} WARNING - [2026-04-19 08:13:37] INFO    utils.minio :   MinIO ↑ [raw-data] 2026-04-19_08-13/nguon1_nganh.parquet (3.2 KB | 3 rows)
[2026-04-19T08:13:37.860+0000] {minio_client.py:142} INFO -   MinIO ↑ [raw-data] 2026-04-19_08-13/nguon1_nganh.parquet (3.2 KB | 3 rows)
[2026-04-19T08:13:37.871+0000] {logging_mixin.py:188} WARNING - [2026-04-19 08:13:37] INFO    utils.minio :   MinIO ↑ [raw-data] 2026-04-19_08-13/nguon1_lop_hanh_chinh.parquet (4.8 KB | 48 rows)
[2026-04-19T08:13:37.871+0000] {minio_client.py:142} INFO -   MinIO ↑ [raw-data] 2026-04-19_08-13/nguon1_lop_hanh_chinh.parquet (4.8 KB | 48 rows)
[2026-04-19T08:13:37.885+0000] {logging_mixin.py:188} WARNING - [2026-04-19 08:13:37] INFO    utils.minio :   MinIO ↑ [raw-data] 2026-04-19_08-13/nguon1_tong_hop_ket_qua.parquet (22.3 KB | 1,695 rows)
[2026-04-19T08:13:37.885+0000] {minio_client.py:142} INFO -   MinIO ↑ [raw-data] 2026-04-19_08-13/nguon1_tong_hop_ket_qua.parquet (22.3 KB | 1,695 rows)
[2026-04-19T08:13:37.902+0000] {logging_mixin.py:188} WARNING - [2026-04-19 08:13:37] INFO    utils.minio :   MinIO ↑ [raw-data] 2026-04-19_08-13/nguon2_ctsv.parquet (42.4 KB | 9,549 rows)
[2026-04-19T08:13:37.902+0000] {minio_client.py:142} INFO -   MinIO ↑ [raw-data] 2026-04-19_08-13/nguon2_ctsv.parquet (42.4 KB | 9,549 rows)
[2026-04-19T08:13:37.920+0000] {logging_mixin.py:188} WARNING - [2026-04-19 08:13:37] INFO    utils.minio :   MinIO ↑ [raw-data] 2026-04-19_08-13/nguon3_tai_chinh.parquet (93.6 KB | 9,225 rows)
[2026-04-19T08:13:37.920+0000] {minio_client.py:142} INFO -   MinIO ↑ [raw-data] 2026-04-19_08-13/nguon3_tai_chinh.parquet (93.6 KB | 9,225 rows)
[2026-04-19T08:13:37.921+0000] {logging_mixin.py:188} WARNING - [2026-04-19 08:13:37] INFO    utils.minio :   MinIO upload xong: 12/12 files | run_id=2026-04-19_08-13
[2026-04-19T08:13:37.921+0000] {minio_client.py:188} INFO -   MinIO upload xong: 12/12 files | run_id=2026-04-19_08-13
[2026-04-19T08:13:37.923+0000] {logging_mixin.py:188} WARNING - [2026-04-19 08:13:37] INFO    etl.extract :   MinIO staging: 12/12 files OK → run_id=2026-04-19_08-13
[2026-04-19T08:13:37.923+0000] {extract.py:402} INFO -   MinIO staging: 12/12 files OK → run_id=2026-04-19_08-13
[2026-04-19T08:13:37.927+0000] {logging_mixin.py:188} WARNING - [2026-04-19 08:13:37] INFO    etl.extract : ======================================================================
[2026-04-19T08:13:37.927+0000] {extract.py:365} INFO - ======================================================================
[2026-04-19T08:13:37.928+0000] {logging_mixin.py:188} WARNING - [2026-04-19 08:13:37] INFO    etl.extract :  FULL EXTRACT HOÀN TẤT
[2026-04-19T08:13:37.928+0000] {extract.py:366} INFO -  FULL EXTRACT HOÀN TẤT
[2026-04-19T08:13:37.930+0000] {logging_mixin.py:188} WARNING - [2026-04-19 08:13:37] INFO    etl.extract :    khoa                     :        4
[2026-04-19T08:13:37.930+0000] {extract.py:368} INFO -    khoa                     :        4
[2026-04-19T08:13:37.930+0000] {logging_mixin.py:188} WARNING - [2026-04-19 08:13:37] INFO    etl.extract :    nganh                    :        3
[2026-04-19T08:13:37.930+0000] {extract.py:368} INFO -    nganh                    :        3
[2026-04-19T08:13:37.932+0000] {logging_mixin.py:188} WARNING - [2026-04-19 08:13:37] INFO    etl.extract :    giang_vien               :       45
[2026-04-19T08:13:37.932+0000] {extract.py:368} INFO -    giang_vien               :       45
[2026-04-19T08:13:37.934+0000] {logging_mixin.py:188} WARNING - [2026-04-19 08:13:37] INFO    etl.extract :    lop_hanh_chinh           :       48
[2026-04-19T08:13:37.934+0000] {extract.py:368} INFO -    lop_hanh_chinh           :       48
[2026-04-19T08:13:37.935+0000] {logging_mixin.py:188} WARNING - [2026-04-19 08:13:37] INFO    etl.extract :    sinh_vien                :    1,695
[2026-04-19T08:13:37.935+0000] {extract.py:368} INFO -    sinh_vien                :    1,695
[2026-04-19T08:13:37.936+0000] {logging_mixin.py:188} WARNING - [2026-04-19 08:13:37] INFO    etl.extract :    hoc_phan                 :      121
[2026-04-19T08:13:37.936+0000] {extract.py:368} INFO -    hoc_phan                 :      121
[2026-04-19T08:13:37.936+0000] {logging_mixin.py:188} WARNING - [2026-04-19 08:13:37] INFO    etl.extract :    hoc_ky_nam_hoc           :        9
[2026-04-19T08:13:37.936+0000] {extract.py:368} INFO -    hoc_ky_nam_hoc           :        9
[2026-04-19T08:13:37.937+0000] {logging_mixin.py:188} WARNING - [2026-04-19 08:13:37] INFO    etl.extract :    dang_ky_hoc_phan         :   57,782
[2026-04-19T08:13:37.937+0000] {extract.py:368} INFO -    dang_ky_hoc_phan         :   57,782
[2026-04-19T08:13:37.938+0000] {logging_mixin.py:188} WARNING - [2026-04-19 08:13:37] INFO    etl.extract :    diem_hoc_phan            :   57,292
[2026-04-19T08:13:37.938+0000] {extract.py:368} INFO -    diem_hoc_phan            :   57,292
[2026-04-19T08:13:37.939+0000] {logging_mixin.py:188} WARNING - [2026-04-19 08:13:37] INFO    etl.extract :    tong_hop_ket_qua         :    1,695
[2026-04-19T08:13:37.939+0000] {extract.py:368} INFO -    tong_hop_ket_qua         :    1,695
[2026-04-19T08:13:37.941+0000] {logging_mixin.py:188} WARNING - [2026-04-19 08:13:37] INFO    etl.extract :    ctsv_data                :    9,549
[2026-04-19T08:13:37.941+0000] {extract.py:368} INFO -    ctsv_data                :    9,549
[2026-04-19T08:13:37.942+0000] {logging_mixin.py:188} WARNING - [2026-04-19 08:13:37] INFO    etl.extract :    tai_chinh_data           :    9,225
[2026-04-19T08:13:37.942+0000] {extract.py:368} INFO -    tai_chinh_data           :    9,225
[2026-04-19T08:13:37.943+0000] {logging_mixin.py:188} WARNING - [2026-04-19 08:13:37] INFO    etl.extract : ======================================================================
[2026-04-19T08:13:37.943+0000] {extract.py:369} INFO - ======================================================================
[2026-04-19T08:13:38.085+0000] {logging_mixin.py:188} INFO - Extract xong: {'khoa': 4, 'nganh': 3, 'giang_vien': 45, 'lop_hanh_chinh': 48, 'sinh_vien': 1695, 'hoc_phan': 121, 'hoc_ky_nam_hoc': 9, 'dang_ky_hoc_phan': 57782, 'diem_hoc_phan': 57292, 'tong_hop_ket_qua': 1695, 'ctsv_data': 9549, 'tai_chinh_data': 9225}
[2026-04-19T08:13:38.096+0000] {python.py:201} INFO - Done. Returned value was: {'khoa': 4, 'nganh': 3, 'giang_vien': 45, 'lop_hanh_chinh': 48, 'sinh_vien': 1695, 'hoc_phan': 121, 'hoc_ky_nam_hoc': 9, 'dang_ky_hoc_phan': 57782, 'diem_hoc_phan': 57292, 'tong_hop_ket_qua': 1695, 'ctsv_data': 9549, 'tai_chinh_data': 9225}
[2026-04-19T08:13:38.127+0000] {taskinstance.py:1138} INFO - Marking task as SUCCESS. dag_id=daily_student_pipeline, task_id=extract_data, execution_date=20260419T081326, start_date=20260419T081329, end_date=20260419T081338
[2026-04-19T08:13:38.168+0000] {local_task_job_runner.py:234} INFO - Task exited with return code 0
[2026-04-19T08:13:38.191+0000] {taskinstance.py:3280} INFO - 1 downstream tasks scheduled from follow-on schedule check
