[2026-04-19T09:55:33.817+0000] {taskinstance.py:1956} INFO - Dependencies all met for dep_context=non-requeueable deps ti=<TaskInstance: daily_student_pipeline.transform_data manual__2026-04-19T09:55:14.353598+00:00 [queued]>
[2026-04-19T09:55:33.826+0000] {taskinstance.py:1956} INFO - Dependencies all met for dep_context=requeueable deps ti=<TaskInstance: daily_student_pipeline.transform_data manual__2026-04-19T09:55:14.353598+00:00 [queued]>
[2026-04-19T09:55:33.827+0000] {taskinstance.py:2170} INFO - Starting attempt 1 of 1
[2026-04-19T09:55:33.839+0000] {taskinstance.py:2191} INFO - Executing <Task(PythonOperator): transform_data> on 2026-04-19 09:55:14.353598+00:00
[2026-04-19T09:55:33.846+0000] {standard_task_runner.py:60} INFO - Started process 9005 to run task
[2026-04-19T09:55:33.848+0000] {standard_task_runner.py:87} INFO - Running: ['***', 'tasks', 'run', 'daily_student_pipeline', 'transform_data', 'manual__2026-04-19T09:55:14.353598+00:00', '--job-id', '349', '--raw', '--subdir', 'DAGS_FOLDER/daily_student_pipeline.py', '--cfg-path', '/tmp/tmpxf5lcg0b']
[2026-04-19T09:55:33.864+0000] {standard_task_runner.py:88} INFO - Job 349: Subtask transform_data
[2026-04-19T09:55:33.971+0000] {task_command.py:423} INFO - Running <TaskInstance: daily_student_pipeline.transform_data manual__2026-04-19T09:55:14.353598+00:00 [running]> on host eb2cbdc99987
[2026-04-19T09:55:34.100+0000] {taskinstance.py:2480} INFO - Exporting env vars: AIRFLOW_CTX_DAG_OWNER='nhom8' AIRFLOW_CTX_DAG_ID='daily_student_pipeline' AIRFLOW_CTX_TASK_ID='transform_data' AIRFLOW_CTX_EXECUTION_DATE='2026-04-19T09:55:14.353598+00:00' AIRFLOW_CTX_TRY_NUMBER='1' AIRFLOW_CTX_DAG_RUN_ID='manual__2026-04-19T09:55:14.353598+00:00'
[2026-04-19T09:55:34.760+0000] {logging_mixin.py:188} WARNING - [2026-04-19 09:55:34] INFO    etl.extract :   Load from MinIO staging: run_id=2026-04-19_09-55
[2026-04-19T09:55:34.760+0000] {extract.py:421} INFO -   Load from MinIO staging: run_id=2026-04-19_09-55
[2026-04-19T09:55:34.793+0000] {logging_mixin.py:188} WARNING - [2026-04-19 09:55:34] INFO    utils.minio :   MinIO ↓ [raw-data] 2026-04-19_09-55/nguon1_khoa.parquet (4 rows)
[2026-04-19T09:55:34.792+0000] {minio_client.py:223} INFO -   MinIO ↓ [raw-data] 2026-04-19_09-55/nguon1_khoa.parquet (4 rows)
[2026-04-19T09:55:34.803+0000] {logging_mixin.py:188} WARNING - [2026-04-19 09:55:34] INFO    utils.minio :   MinIO ↓ [raw-data] 2026-04-19_09-55/nguon1_nganh.parquet (3 rows)
[2026-04-19T09:55:34.803+0000] {minio_client.py:223} INFO -   MinIO ↓ [raw-data] 2026-04-19_09-55/nguon1_nganh.parquet (3 rows)
[2026-04-19T09:55:34.816+0000] {logging_mixin.py:188} WARNING - [2026-04-19 09:55:34] INFO    utils.minio :   MinIO ↓ [raw-data] 2026-04-19_09-55/nguon1_giang_vien.parquet (45 rows)
[2026-04-19T09:55:34.816+0000] {minio_client.py:223} INFO -   MinIO ↓ [raw-data] 2026-04-19_09-55/nguon1_giang_vien.parquet (45 rows)
[2026-04-19T09:55:34.830+0000] {logging_mixin.py:188} WARNING - [2026-04-19 09:55:34] INFO    utils.minio :   MinIO ↓ [raw-data] 2026-04-19_09-55/nguon1_lop_hanh_chinh.parquet (48 rows)
[2026-04-19T09:55:34.830+0000] {minio_client.py:223} INFO -   MinIO ↓ [raw-data] 2026-04-19_09-55/nguon1_lop_hanh_chinh.parquet (48 rows)
[2026-04-19T09:55:34.848+0000] {logging_mixin.py:188} WARNING - [2026-04-19 09:55:34] INFO    utils.minio :   MinIO ↓ [raw-data] 2026-04-19_09-55/nguon1_sinh_vien.parquet (1,695 rows)
[2026-04-19T09:55:34.848+0000] {minio_client.py:223} INFO -   MinIO ↓ [raw-data] 2026-04-19_09-55/nguon1_sinh_vien.parquet (1,695 rows)
[2026-04-19T09:55:34.863+0000] {logging_mixin.py:188} WARNING - [2026-04-19 09:55:34] INFO    utils.minio :   MinIO ↓ [raw-data] 2026-04-19_09-55/nguon1_hoc_phan.parquet (121 rows)
[2026-04-19T09:55:34.863+0000] {minio_client.py:223} INFO -   MinIO ↓ [raw-data] 2026-04-19_09-55/nguon1_hoc_phan.parquet (121 rows)
[2026-04-19T09:55:34.873+0000] {logging_mixin.py:188} WARNING - [2026-04-19 09:55:34] INFO    utils.minio :   MinIO ↓ [raw-data] 2026-04-19_09-55/nguon1_hoc_ky.parquet (9 rows)
[2026-04-19T09:55:34.873+0000] {minio_client.py:223} INFO -   MinIO ↓ [raw-data] 2026-04-19_09-55/nguon1_hoc_ky.parquet (9 rows)
[2026-04-19T09:55:34.896+0000] {logging_mixin.py:188} WARNING - [2026-04-19 09:55:34] INFO    utils.minio :   MinIO ↓ [raw-data] 2026-04-19_09-55/nguon1_dang_ky.parquet (57,784 rows)
[2026-04-19T09:55:34.896+0000] {minio_client.py:223} INFO -   MinIO ↓ [raw-data] 2026-04-19_09-55/nguon1_dang_ky.parquet (57,784 rows)
[2026-04-19T09:55:34.918+0000] {logging_mixin.py:188} WARNING - [2026-04-19 09:55:34] INFO    utils.minio :   MinIO ↓ [raw-data] 2026-04-19_09-55/nguon1_diem.parquet (57,303 rows)
[2026-04-19T09:55:34.917+0000] {minio_client.py:223} INFO -   MinIO ↓ [raw-data] 2026-04-19_09-55/nguon1_diem.parquet (57,303 rows)
[2026-04-19T09:55:34.929+0000] {logging_mixin.py:188} WARNING - [2026-04-19 09:55:34] INFO    utils.minio :   MinIO ↓ [raw-data] 2026-04-19_09-55/nguon1_tong_hop_ket_qua.parquet (1,695 rows)
[2026-04-19T09:55:34.929+0000] {minio_client.py:223} INFO -   MinIO ↓ [raw-data] 2026-04-19_09-55/nguon1_tong_hop_ket_qua.parquet (1,695 rows)
[2026-04-19T09:55:34.941+0000] {logging_mixin.py:188} WARNING - [2026-04-19 09:55:34] INFO    utils.minio :   MinIO ↓ [raw-data] 2026-04-19_09-55/nguon2_ctsv.parquet (9,529 rows)
[2026-04-19T09:55:34.940+0000] {minio_client.py:223} INFO -   MinIO ↓ [raw-data] 2026-04-19_09-55/nguon2_ctsv.parquet (9,529 rows)
[2026-04-19T09:55:34.953+0000] {logging_mixin.py:188} WARNING - [2026-04-19 09:55:34] INFO    utils.minio :   MinIO ↓ [raw-data] 2026-04-19_09-55/nguon3_tai_chinh.parquet (9,225 rows)
[2026-04-19T09:55:34.953+0000] {minio_client.py:223} INFO -   MinIO ↓ [raw-data] 2026-04-19_09-55/nguon3_tai_chinh.parquet (9,225 rows)
[2026-04-19T09:55:34.954+0000] {logging_mixin.py:188} WARNING - [2026-04-19 09:55:34] INFO    etl.extract :  Load from staging OK — run_id=2026-04-19_09-55
[2026-04-19T09:55:34.954+0000] {extract.py:438} INFO -  Load from staging OK — run_id=2026-04-19_09-55
[2026-04-19T09:55:34.955+0000] {logging_mixin.py:188} WARNING - [2026-04-19 09:55:34] INFO    etl.transform : ==BẮT ĐẦU TRANSFORM==
[2026-04-19T09:55:34.955+0000] {transform.py:75} INFO - ==BẮT ĐẦU TRANSFORM==
[2026-04-19T09:55:34.956+0000] {logging_mixin.py:188} WARNING - [2026-04-19 09:55:34] INFO    etl.transform : ======================================================================
[2026-04-19T09:55:34.956+0000] {transform.py:76} INFO - ======================================================================
[2026-04-19T09:55:34.957+0000] {logging_mixin.py:188} WARNING - [2026-04-19 09:55:34] INFO    etl.transform : ── Bước 1: Transform Dimension Tables ──
[2026-04-19T09:55:34.957+0000] {transform.py:80} INFO - ── Bước 1: Transform Dimension Tables ──
[2026-04-19T09:55:34.961+0000] {logging_mixin.py:188} WARNING - [2026-04-19 09:55:34] INFO    etl.transform :   dim_thoi_gian               →      9 records
[2026-04-19T09:55:34.961+0000] {transform.py:190} INFO -   dim_thoi_gian               →      9 records
[2026-04-19T09:55:34.966+0000] {logging_mixin.py:188} WARNING - [2026-04-19 09:55:34] INFO    etl.transform :   dim_giang_vien              →     45 records
[2026-04-19T09:55:34.966+0000] {transform.py:213} INFO -   dim_giang_vien              →     45 records
[2026-04-19T09:55:34.972+0000] {logging_mixin.py:188} WARNING - [2026-04-19 09:55:34] INFO    etl.transform :   dim_hoc_phan                →    121 records
[2026-04-19T09:55:34.972+0000] {transform.py:240} INFO -   dim_hoc_phan                →    121 records
[2026-04-19T09:55:34.985+0000] {logging_mixin.py:188} WARNING - [2026-04-19 09:55:34] INFO    etl.transform :   dim_sinh_vien               →  1,695 records
[2026-04-19T09:55:34.985+0000] {transform.py:306} INFO -   dim_sinh_vien               →  1,695 records
[2026-04-19T09:55:34.987+0000] {logging_mixin.py:188} WARNING - [2026-04-19 09:55:34] INFO    etl.transform : ── Bước 2: Transform Fact Tables ──
[2026-04-19T09:55:34.987+0000] {transform.py:96} INFO - ── Bước 2: Transform Fact Tables ──
[2026-04-19T09:55:35.053+0000] {logging_mixin.py:188} WARNING - [2026-04-19 09:55:35] INFO    etl.transform :   fact_diem                   → 57,303 records
[2026-04-19T09:55:35.053+0000] {transform.py:376} INFO -   fact_diem                   → 57,303 records
[2026-04-19T09:55:35.097+0000] {logging_mixin.py:188} WARNING - [2026-04-19 09:55:35] INFO    etl.transform :   fact_dang_ky               → 57,784 records
[2026-04-19T09:55:35.097+0000] {transform.py:413} INFO -   fact_dang_ky               → 57,784 records
[2026-04-19T09:55:35.111+0000] {logging_mixin.py:188} WARNING - [2026-04-19 09:55:35] INFO    etl.transform :   fact_ren_luyen              →  9,529 records
[2026-04-19T09:55:35.111+0000] {transform.py:445} INFO -   fact_ren_luyen              →  9,529 records
[2026-04-19T09:55:35.121+0000] {logging_mixin.py:188} WARNING - /opt/***/src/etl/transform.py:467 UserWarning: The argument 'infer_datetime_format' is deprecated and will be removed in a future version. A strict version of it is now the default, see https://pandas.pydata.org/pdeps/0004-consistent-to-datetime-parsing.html. You can safely remove this argument.
[2026-04-19T09:55:35.128+0000] {logging_mixin.py:188} WARNING - [2026-04-19 09:55:35] INFO    etl.transform :   fact_tai_chinh              →  9,225 records
[2026-04-19T09:55:35.128+0000] {transform.py:485} INFO -   fact_tai_chinh              →  9,225 records
[2026-04-19T09:55:35.130+0000] {logging_mixin.py:188} WARNING - [2026-04-19 09:55:35] INFO    etl.transform : ======================================================================
[2026-04-19T09:55:35.130+0000] {transform.py:108} INFO - ======================================================================
[2026-04-19T09:55:35.132+0000] {logging_mixin.py:188} WARNING - [2026-04-19 09:55:35] INFO    etl.transform : TRANSFORM HOÀN TẤT
[2026-04-19T09:55:35.132+0000] {transform.py:109} INFO - TRANSFORM HOÀN TẤT
[2026-04-19T09:55:35.133+0000] {logging_mixin.py:188} WARNING - [2026-04-19 09:55:35] INFO    etl.transform :    dim_giang_vien           :       45 records
[2026-04-19T09:55:35.133+0000] {transform.py:111} INFO -    dim_giang_vien           :       45 records
[2026-04-19T09:55:35.135+0000] {logging_mixin.py:188} WARNING - [2026-04-19 09:55:35] INFO    etl.transform :    dim_sinh_vien            :    1,695 records
[2026-04-19T09:55:35.135+0000] {transform.py:111} INFO -    dim_sinh_vien            :    1,695 records
[2026-04-19T09:55:35.136+0000] {logging_mixin.py:188} WARNING - [2026-04-19 09:55:35] INFO    etl.transform :    dim_hoc_phan             :      121 records
[2026-04-19T09:55:35.136+0000] {transform.py:111} INFO -    dim_hoc_phan             :      121 records
[2026-04-19T09:55:35.137+0000] {logging_mixin.py:188} WARNING - [2026-04-19 09:55:35] INFO    etl.transform :    dim_thoi_gian            :        9 records
[2026-04-19T09:55:35.137+0000] {transform.py:111} INFO -    dim_thoi_gian            :        9 records
[2026-04-19T09:55:35.138+0000] {logging_mixin.py:188} WARNING - [2026-04-19 09:55:35] INFO    etl.transform :    fact_diem                :   57,303 records
[2026-04-19T09:55:35.138+0000] {transform.py:111} INFO -    fact_diem                :   57,303 records
[2026-04-19T09:55:35.139+0000] {logging_mixin.py:188} WARNING - [2026-04-19 09:55:35] INFO    etl.transform :    fact_dang_ky             :   57,784 records
[2026-04-19T09:55:35.139+0000] {transform.py:111} INFO -    fact_dang_ky             :   57,784 records
[2026-04-19T09:55:35.140+0000] {logging_mixin.py:188} WARNING - [2026-04-19 09:55:35] INFO    etl.transform :    fact_ren_luyen           :    9,529 records
[2026-04-19T09:55:35.140+0000] {transform.py:111} INFO -    fact_ren_luyen           :    9,529 records
[2026-04-19T09:55:35.140+0000] {logging_mixin.py:188} WARNING - [2026-04-19 09:55:35] INFO    etl.transform :    fact_tai_chinh           :    9,225 records
[2026-04-19T09:55:35.140+0000] {transform.py:111} INFO -    fact_tai_chinh           :    9,225 records
[2026-04-19T09:55:35.141+0000] {logging_mixin.py:188} WARNING - [2026-04-19 09:55:35] INFO    etl.transform : ======================================================================
[2026-04-19T09:55:35.141+0000] {transform.py:112} INFO - ======================================================================
[2026-04-19T09:55:35.161+0000] {logging_mixin.py:188} WARNING - [2026-04-19 09:55:35] INFO    utils.minio :   MinIO ↑ [staging-data] 2026-04-19_09-55/dim_hoc_ky.parquet (5.3 KB | 9 rows)
[2026-04-19T09:55:35.161+0000] {minio_client.py:142} INFO -   MinIO ↑ [staging-data] 2026-04-19_09-55/dim_hoc_ky.parquet (5.3 KB | 9 rows)
[2026-04-19T09:55:35.173+0000] {logging_mixin.py:188} WARNING - [2026-04-19 09:55:35] INFO    utils.minio :   MinIO ↑ [staging-data] 2026-04-19_09-55/dim_giang_vien.parquet (8.9 KB | 45 rows)
[2026-04-19T09:55:35.173+0000] {minio_client.py:142} INFO -   MinIO ↑ [staging-data] 2026-04-19_09-55/dim_giang_vien.parquet (8.9 KB | 45 rows)
[2026-04-19T09:55:35.188+0000] {logging_mixin.py:188} WARNING - [2026-04-19 09:55:35] INFO    utils.minio :   MinIO ↑ [staging-data] 2026-04-19_09-55/dim_hoc_phan.parquet (11.0 KB | 121 rows)
[2026-04-19T09:55:35.188+0000] {minio_client.py:142} INFO -   MinIO ↑ [staging-data] 2026-04-19_09-55/dim_hoc_phan.parquet (11.0 KB | 121 rows)
[2026-04-19T09:55:35.204+0000] {logging_mixin.py:188} WARNING - [2026-04-19 09:55:35] INFO    utils.minio :   MinIO ↑ [staging-data] 2026-04-19_09-55/dim_sinh_vien.parquet (71.4 KB | 1,695 rows)
[2026-04-19T09:55:35.204+0000] {minio_client.py:142} INFO -   MinIO ↑ [staging-data] 2026-04-19_09-55/dim_sinh_vien.parquet (71.4 KB | 1,695 rows)
[2026-04-19T09:55:35.280+0000] {logging_mixin.py:188} WARNING - [2026-04-19 09:55:35] INFO    utils.minio :   MinIO ↑ [staging-data] 2026-04-19_09-55/fact_diem.parquet (865.5 KB | 57,303 rows)
[2026-04-19T09:55:35.280+0000] {minio_client.py:142} INFO -   MinIO ↑ [staging-data] 2026-04-19_09-55/fact_diem.parquet (865.5 KB | 57,303 rows)
[2026-04-19T09:55:35.327+0000] {logging_mixin.py:188} WARNING - [2026-04-19 09:55:35] INFO    utils.minio :   MinIO ↑ [staging-data] 2026-04-19_09-55/fact_dang_ky.parquet (489.0 KB | 57,784 rows)
[2026-04-19T09:55:35.327+0000] {minio_client.py:142} INFO -   MinIO ↑ [staging-data] 2026-04-19_09-55/fact_dang_ky.parquet (489.0 KB | 57,784 rows)
[2026-04-19T09:55:35.343+0000] {logging_mixin.py:188} WARNING - [2026-04-19 09:55:35] INFO    utils.minio :   MinIO ↑ [staging-data] 2026-04-19_09-55/fact_ren_luyen.parquet (41.9 KB | 9,529 rows)
[2026-04-19T09:55:35.343+0000] {minio_client.py:142} INFO -   MinIO ↑ [staging-data] 2026-04-19_09-55/fact_ren_luyen.parquet (41.9 KB | 9,529 rows)
[2026-04-19T09:55:35.358+0000] {logging_mixin.py:188} WARNING - [2026-04-19 09:55:35] INFO    utils.minio :   MinIO ↑ [staging-data] 2026-04-19_09-55/fact_tai_chinh.parquet (92.9 KB | 9,225 rows)
[2026-04-19T09:55:35.358+0000] {minio_client.py:142} INFO -   MinIO ↑ [staging-data] 2026-04-19_09-55/fact_tai_chinh.parquet (92.9 KB | 9,225 rows)
[2026-04-19T09:55:35.359+0000] {logging_mixin.py:188} WARNING - [2026-04-19 09:55:35] INFO    etl.transform :   MinIO staging-data: 8/8 files OK → run_id=2026-04-19_09-55
[2026-04-19T09:55:35.359+0000] {transform.py:141} INFO -   MinIO staging-data: 8/8 files OK → run_id=2026-04-19_09-55
[2026-04-19T09:55:35.391+0000] {logging_mixin.py:188} INFO - Transform xong: {'dim_giang_vien': 45, 'dim_sinh_vien': 1695, 'dim_hoc_phan': 121, 'dim_thoi_gian': 9, 'fact_diem': 57303, 'fact_dang_ky': 57784, 'fact_ren_luyen': 9529, 'fact_tai_chinh': 9225}
[2026-04-19T09:55:35.395+0000] {python.py:201} INFO - Done. Returned value was: {'dim_giang_vien': 45, 'dim_sinh_vien': 1695, 'dim_hoc_phan': 121, 'dim_thoi_gian': 9, 'fact_diem': 57303, 'fact_dang_ky': 57784, 'fact_ren_luyen': 9529, 'fact_tai_chinh': 9225}
[2026-04-19T09:55:35.419+0000] {taskinstance.py:1138} INFO - Marking task as SUCCESS. dag_id=daily_student_pipeline, task_id=transform_data, execution_date=20260419T095514, start_date=20260419T095533, end_date=20260419T095535
[2026-04-19T09:55:35.465+0000] {local_task_job_runner.py:234} INFO - Task exited with return code 0
[2026-04-19T09:55:35.501+0000] {taskinstance.py:3280} INFO - 1 downstream tasks scheduled from follow-on schedule check
