[2026-04-21T06:43:06.976+0000] {taskinstance.py:1956} INFO - Dependencies all met for dep_context=non-requeueable deps ti=<TaskInstance: daily_student_pipeline.transform_data manual__2026-04-21T06:42:58.085861+00:00 [queued]>
[2026-04-21T06:43:06.983+0000] {taskinstance.py:1956} INFO - Dependencies all met for dep_context=requeueable deps ti=<TaskInstance: daily_student_pipeline.transform_data manual__2026-04-21T06:42:58.085861+00:00 [queued]>
[2026-04-21T06:43:06.983+0000] {taskinstance.py:2170} INFO - Starting attempt 1 of 1
[2026-04-21T06:43:06.993+0000] {taskinstance.py:2191} INFO - Executing <Task(PythonOperator): transform_data> on 2026-04-21 06:42:58.085861+00:00
[2026-04-21T06:43:06.997+0000] {standard_task_runner.py:60} INFO - Started process 2564 to run task
[2026-04-21T06:43:06.999+0000] {standard_task_runner.py:87} INFO - Running: ['***', 'tasks', 'run', 'daily_student_pipeline', 'transform_data', 'manual__2026-04-21T06:42:58.085861+00:00', '--job-id', '444', '--raw', '--subdir', 'DAGS_FOLDER/daily_student_pipeline.py', '--cfg-path', '/tmp/tmpjxfkq5sc']
[2026-04-21T06:43:07.001+0000] {standard_task_runner.py:88} INFO - Job 444: Subtask transform_data
[2026-04-21T06:43:07.059+0000] {task_command.py:423} INFO - Running <TaskInstance: daily_student_pipeline.transform_data manual__2026-04-21T06:42:58.085861+00:00 [running]> on host 759b8b5e27b5
[2026-04-21T06:43:07.144+0000] {taskinstance.py:2480} INFO - Exporting env vars: AIRFLOW_CTX_DAG_OWNER='nhom8' AIRFLOW_CTX_DAG_ID='daily_student_pipeline' AIRFLOW_CTX_TASK_ID='transform_data' AIRFLOW_CTX_EXECUTION_DATE='2026-04-21T06:42:58.085861+00:00' AIRFLOW_CTX_TRY_NUMBER='1' AIRFLOW_CTX_DAG_RUN_ID='manual__2026-04-21T06:42:58.085861+00:00'
[2026-04-21T06:43:07.670+0000] {logging_mixin.py:188} WARNING - [2026-04-21 06:43:07] INFO    etl.extract :   Load from MinIO staging: run_id=2026-04-21_06-43
[2026-04-21T06:43:07.670+0000] {extract.py:502} INFO -   Load from MinIO staging: run_id=2026-04-21_06-43
[2026-04-21T06:43:07.694+0000] {logging_mixin.py:188} WARNING - [2026-04-21 06:43:07] INFO    utils.minio :   MinIO ↓ [raw-data] 2026-04-21_06-43/nguon1_khoa.parquet (4 rows)
[2026-04-21T06:43:07.694+0000] {minio_client.py:223} INFO -   MinIO ↓ [raw-data] 2026-04-21_06-43/nguon1_khoa.parquet (4 rows)
[2026-04-21T06:43:07.703+0000] {logging_mixin.py:188} WARNING - [2026-04-21 06:43:07] INFO    utils.minio :   MinIO ↓ [raw-data] 2026-04-21_06-43/nguon1_nganh.parquet (3 rows)
[2026-04-21T06:43:07.703+0000] {minio_client.py:223} INFO -   MinIO ↓ [raw-data] 2026-04-21_06-43/nguon1_nganh.parquet (3 rows)
[2026-04-21T06:43:07.712+0000] {logging_mixin.py:188} WARNING - [2026-04-21 06:43:07] INFO    utils.minio :   MinIO ↓ [raw-data] 2026-04-21_06-43/nguon1_giang_vien.parquet (45 rows)
[2026-04-21T06:43:07.712+0000] {minio_client.py:223} INFO -   MinIO ↓ [raw-data] 2026-04-21_06-43/nguon1_giang_vien.parquet (45 rows)
[2026-04-21T06:43:07.721+0000] {logging_mixin.py:188} WARNING - [2026-04-21 06:43:07] INFO    utils.minio :   MinIO ↓ [raw-data] 2026-04-21_06-43/nguon1_lop_hanh_chinh.parquet (48 rows)
[2026-04-21T06:43:07.721+0000] {minio_client.py:223} INFO -   MinIO ↓ [raw-data] 2026-04-21_06-43/nguon1_lop_hanh_chinh.parquet (48 rows)
[2026-04-21T06:43:07.734+0000] {logging_mixin.py:188} WARNING - [2026-04-21 06:43:07] INFO    utils.minio :   MinIO ↓ [raw-data] 2026-04-21_06-43/nguon1_sinh_vien.parquet (1,695 rows)
[2026-04-21T06:43:07.734+0000] {minio_client.py:223} INFO -   MinIO ↓ [raw-data] 2026-04-21_06-43/nguon1_sinh_vien.parquet (1,695 rows)
[2026-04-21T06:43:07.743+0000] {logging_mixin.py:188} WARNING - [2026-04-21 06:43:07] INFO    utils.minio :   MinIO ↓ [raw-data] 2026-04-21_06-43/nguon1_hoc_phan.parquet (121 rows)
[2026-04-21T06:43:07.743+0000] {minio_client.py:223} INFO -   MinIO ↓ [raw-data] 2026-04-21_06-43/nguon1_hoc_phan.parquet (121 rows)
[2026-04-21T06:43:07.752+0000] {logging_mixin.py:188} WARNING - [2026-04-21 06:43:07] INFO    utils.minio :   MinIO ↓ [raw-data] 2026-04-21_06-43/nguon1_hoc_ky.parquet (13 rows)
[2026-04-21T06:43:07.752+0000] {minio_client.py:223} INFO -   MinIO ↓ [raw-data] 2026-04-21_06-43/nguon1_hoc_ky.parquet (13 rows)
[2026-04-21T06:43:07.773+0000] {logging_mixin.py:188} WARNING - [2026-04-21 06:43:07] INFO    utils.minio :   MinIO ↓ [raw-data] 2026-04-21_06-43/nguon1_dang_ky.parquet (55,125 rows)
[2026-04-21T06:43:07.773+0000] {minio_client.py:223} INFO -   MinIO ↓ [raw-data] 2026-04-21_06-43/nguon1_dang_ky.parquet (55,125 rows)
[2026-04-21T06:43:07.793+0000] {logging_mixin.py:188} WARNING - [2026-04-21 06:43:07] INFO    utils.minio :   MinIO ↓ [raw-data] 2026-04-21_06-43/nguon1_diem.parquet (54,640 rows)
[2026-04-21T06:43:07.793+0000] {minio_client.py:223} INFO -   MinIO ↓ [raw-data] 2026-04-21_06-43/nguon1_diem.parquet (54,640 rows)
[2026-04-21T06:43:07.804+0000] {logging_mixin.py:188} WARNING - [2026-04-21 06:43:07] INFO    utils.minio :   MinIO ↓ [raw-data] 2026-04-21_06-43/nguon1_tong_hop_ket_qua.parquet (1,695 rows)
[2026-04-21T06:43:07.804+0000] {minio_client.py:223} INFO -   MinIO ↓ [raw-data] 2026-04-21_06-43/nguon1_tong_hop_ket_qua.parquet (1,695 rows)
[2026-04-21T06:43:07.816+0000] {logging_mixin.py:188} WARNING - [2026-04-21 06:43:07] INFO    utils.minio :   MinIO ↓ [raw-data] 2026-04-21_06-43/nguon2_ctsv.parquet (9,475 rows)
[2026-04-21T06:43:07.816+0000] {minio_client.py:223} INFO -   MinIO ↓ [raw-data] 2026-04-21_06-43/nguon2_ctsv.parquet (9,475 rows)
[2026-04-21T06:43:07.827+0000] {logging_mixin.py:188} WARNING - [2026-04-21 06:43:07] INFO    utils.minio :   MinIO ↓ [raw-data] 2026-04-21_06-43/nguon3_tai_chinh.parquet (9,182 rows)
[2026-04-21T06:43:07.827+0000] {minio_client.py:223} INFO -   MinIO ↓ [raw-data] 2026-04-21_06-43/nguon3_tai_chinh.parquet (9,182 rows)
[2026-04-21T06:43:07.828+0000] {logging_mixin.py:188} WARNING - [2026-04-21 06:43:07] INFO    etl.extract :  Load from staging OK — run_id=2026-04-21_06-43
[2026-04-21T06:43:07.828+0000] {extract.py:519} INFO -  Load from staging OK — run_id=2026-04-21_06-43
[2026-04-21T06:43:07.830+0000] {logging_mixin.py:188} WARNING - [2026-04-21 06:43:07] INFO    etl.transform : ==BẮT ĐẦU TRANSFORM==
[2026-04-21T06:43:07.830+0000] {transform.py:75} INFO - ==BẮT ĐẦU TRANSFORM==
[2026-04-21T06:43:07.831+0000] {logging_mixin.py:188} WARNING - [2026-04-21 06:43:07] INFO    etl.transform : ======================================================================
[2026-04-21T06:43:07.831+0000] {transform.py:76} INFO - ======================================================================
[2026-04-21T06:43:07.833+0000] {logging_mixin.py:188} WARNING - [2026-04-21 06:43:07] INFO    etl.transform : ── Bước 1: Transform Dimension Tables ──
[2026-04-21T06:43:07.833+0000] {transform.py:80} INFO - ── Bước 1: Transform Dimension Tables ──
[2026-04-21T06:43:07.837+0000] {logging_mixin.py:188} WARNING - [2026-04-21 06:43:07] INFO    etl.transform :   dim_thoi_gian               →     13 records
[2026-04-21T06:43:07.837+0000] {transform.py:190} INFO -   dim_thoi_gian               →     13 records
[2026-04-21T06:43:07.841+0000] {logging_mixin.py:188} WARNING - [2026-04-21 06:43:07] INFO    etl.transform :   dim_giang_vien              →     45 records
[2026-04-21T06:43:07.841+0000] {transform.py:213} INFO -   dim_giang_vien              →     45 records
[2026-04-21T06:43:07.844+0000] {logging_mixin.py:188} WARNING - [2026-04-21 06:43:07] INFO    etl.transform :   dim_hoc_phan                →    121 records
[2026-04-21T06:43:07.844+0000] {transform.py:240} INFO -   dim_hoc_phan                →    121 records
[2026-04-21T06:43:07.855+0000] {logging_mixin.py:188} WARNING - [2026-04-21 06:43:07] INFO    etl.transform :   dim_sinh_vien               →  1,695 records
[2026-04-21T06:43:07.855+0000] {transform.py:306} INFO -   dim_sinh_vien               →  1,695 records
[2026-04-21T06:43:07.857+0000] {logging_mixin.py:188} WARNING - [2026-04-21 06:43:07] INFO    etl.transform : ── Bước 2: Transform Fact Tables ──
[2026-04-21T06:43:07.857+0000] {transform.py:96} INFO - ── Bước 2: Transform Fact Tables ──
[2026-04-21T06:43:07.914+0000] {logging_mixin.py:188} WARNING - [2026-04-21 06:43:07] INFO    etl.transform :   fact_diem                   → 54,640 records
[2026-04-21T06:43:07.914+0000] {transform.py:376} INFO -   fact_diem                   → 54,640 records
[2026-04-21T06:43:07.950+0000] {logging_mixin.py:188} WARNING - [2026-04-21 06:43:07] INFO    etl.transform :   fact_dang_ky               → 55,125 records
[2026-04-21T06:43:07.950+0000] {transform.py:413} INFO -   fact_dang_ky               → 55,125 records
[2026-04-21T06:43:07.962+0000] {logging_mixin.py:188} WARNING - [2026-04-21 06:43:07] INFO    etl.transform :   fact_ren_luyen              →  9,475 records
[2026-04-21T06:43:07.962+0000] {transform.py:445} INFO -   fact_ren_luyen              →  9,475 records
[2026-04-21T06:43:07.969+0000] {logging_mixin.py:188} WARNING - /opt/***/src/etl/transform.py:467 UserWarning: The argument 'infer_datetime_format' is deprecated and will be removed in a future version. A strict version of it is now the default, see https://pandas.pydata.org/pdeps/0004-consistent-to-datetime-parsing.html. You can safely remove this argument.
[2026-04-21T06:43:07.976+0000] {logging_mixin.py:188} WARNING - [2026-04-21 06:43:07] INFO    etl.transform :   fact_tai_chinh              →  9,182 records
[2026-04-21T06:43:07.976+0000] {transform.py:485} INFO -   fact_tai_chinh              →  9,182 records
[2026-04-21T06:43:07.978+0000] {logging_mixin.py:188} WARNING - [2026-04-21 06:43:07] INFO    etl.transform : ======================================================================
[2026-04-21T06:43:07.978+0000] {transform.py:108} INFO - ======================================================================
[2026-04-21T06:43:07.978+0000] {logging_mixin.py:188} WARNING - [2026-04-21 06:43:07] INFO    etl.transform : TRANSFORM HOÀN TẤT
[2026-04-21T06:43:07.978+0000] {transform.py:109} INFO - TRANSFORM HOÀN TẤT
[2026-04-21T06:43:07.979+0000] {logging_mixin.py:188} WARNING - [2026-04-21 06:43:07] INFO    etl.transform :    dim_giang_vien           :       45 records
[2026-04-21T06:43:07.979+0000] {transform.py:111} INFO -    dim_giang_vien           :       45 records
[2026-04-21T06:43:07.979+0000] {logging_mixin.py:188} WARNING - [2026-04-21 06:43:07] INFO    etl.transform :    dim_sinh_vien            :    1,695 records
[2026-04-21T06:43:07.979+0000] {transform.py:111} INFO -    dim_sinh_vien            :    1,695 records
[2026-04-21T06:43:07.980+0000] {logging_mixin.py:188} WARNING - [2026-04-21 06:43:07] INFO    etl.transform :    dim_hoc_phan             :      121 records
[2026-04-21T06:43:07.980+0000] {transform.py:111} INFO -    dim_hoc_phan             :      121 records
[2026-04-21T06:43:07.980+0000] {logging_mixin.py:188} WARNING - [2026-04-21 06:43:07] INFO    etl.transform :    dim_thoi_gian            :       13 records
[2026-04-21T06:43:07.980+0000] {transform.py:111} INFO -    dim_thoi_gian            :       13 records
[2026-04-21T06:43:07.981+0000] {logging_mixin.py:188} WARNING - [2026-04-21 06:43:07] INFO    etl.transform :    fact_diem                :   54,640 records
[2026-04-21T06:43:07.981+0000] {transform.py:111} INFO -    fact_diem                :   54,640 records
[2026-04-21T06:43:07.982+0000] {logging_mixin.py:188} WARNING - [2026-04-21 06:43:07] INFO    etl.transform :    fact_dang_ky             :   55,125 records
[2026-04-21T06:43:07.982+0000] {transform.py:111} INFO -    fact_dang_ky             :   55,125 records
[2026-04-21T06:43:07.982+0000] {logging_mixin.py:188} WARNING - [2026-04-21 06:43:07] INFO    etl.transform :    fact_ren_luyen           :    9,475 records
[2026-04-21T06:43:07.982+0000] {transform.py:111} INFO -    fact_ren_luyen           :    9,475 records
[2026-04-21T06:43:07.983+0000] {logging_mixin.py:188} WARNING - [2026-04-21 06:43:07] INFO    etl.transform :    fact_tai_chinh           :    9,182 records
[2026-04-21T06:43:07.983+0000] {transform.py:111} INFO -    fact_tai_chinh           :    9,182 records
[2026-04-21T06:43:07.984+0000] {logging_mixin.py:188} WARNING - [2026-04-21 06:43:07] INFO    etl.transform : ======================================================================
[2026-04-21T06:43:07.984+0000] {transform.py:112} INFO - ======================================================================
[2026-04-21T06:43:08.001+0000] {logging_mixin.py:188} WARNING - [2026-04-21 06:43:08] INFO    utils.minio :   MinIO ↑ [staging-data] 2026-04-21_06-43/dim_hoc_ky.parquet (5.4 KB | 13 rows)
[2026-04-21T06:43:08.001+0000] {minio_client.py:142} INFO -   MinIO ↑ [staging-data] 2026-04-21_06-43/dim_hoc_ky.parquet (5.4 KB | 13 rows)
[2026-04-21T06:43:08.010+0000] {logging_mixin.py:188} WARNING - [2026-04-21 06:43:08] INFO    utils.minio :   MinIO ↑ [staging-data] 2026-04-21_06-43/dim_giang_vien.parquet (8.9 KB | 45 rows)
[2026-04-21T06:43:08.010+0000] {minio_client.py:142} INFO -   MinIO ↑ [staging-data] 2026-04-21_06-43/dim_giang_vien.parquet (8.9 KB | 45 rows)
[2026-04-21T06:43:08.019+0000] {logging_mixin.py:188} WARNING - [2026-04-21 06:43:08] INFO    utils.minio :   MinIO ↑ [staging-data] 2026-04-21_06-43/dim_hoc_phan.parquet (11.0 KB | 121 rows)
[2026-04-21T06:43:08.019+0000] {minio_client.py:142} INFO -   MinIO ↑ [staging-data] 2026-04-21_06-43/dim_hoc_phan.parquet (11.0 KB | 121 rows)
[2026-04-21T06:43:08.033+0000] {logging_mixin.py:188} WARNING - [2026-04-21 06:43:08] INFO    utils.minio :   MinIO ↑ [staging-data] 2026-04-21_06-43/dim_sinh_vien.parquet (71.7 KB | 1,695 rows)
[2026-04-21T06:43:08.033+0000] {minio_client.py:142} INFO -   MinIO ↑ [staging-data] 2026-04-21_06-43/dim_sinh_vien.parquet (71.7 KB | 1,695 rows)
[2026-04-21T06:43:08.083+0000] {logging_mixin.py:188} WARNING - [2026-04-21 06:43:08] INFO    utils.minio :   MinIO ↑ [staging-data] 2026-04-21_06-43/fact_diem.parquet (816.7 KB | 54,640 rows)
[2026-04-21T06:43:08.083+0000] {minio_client.py:142} INFO -   MinIO ↑ [staging-data] 2026-04-21_06-43/fact_diem.parquet (816.7 KB | 54,640 rows)
[2026-04-21T06:43:08.119+0000] {logging_mixin.py:188} WARNING - [2026-04-21 06:43:08] INFO    utils.minio :   MinIO ↑ [staging-data] 2026-04-21_06-43/fact_dang_ky.parquet (462.4 KB | 55,125 rows)
[2026-04-21T06:43:08.119+0000] {minio_client.py:142} INFO -   MinIO ↑ [staging-data] 2026-04-21_06-43/fact_dang_ky.parquet (462.4 KB | 55,125 rows)
[2026-04-21T06:43:08.134+0000] {logging_mixin.py:188} WARNING - [2026-04-21 06:43:08] INFO    utils.minio :   MinIO ↑ [staging-data] 2026-04-21_06-43/fact_ren_luyen.parquet (41.2 KB | 9,475 rows)
[2026-04-21T06:43:08.134+0000] {minio_client.py:142} INFO -   MinIO ↑ [staging-data] 2026-04-21_06-43/fact_ren_luyen.parquet (41.2 KB | 9,475 rows)
[2026-04-21T06:43:08.150+0000] {logging_mixin.py:188} WARNING - [2026-04-21 06:43:08] INFO    utils.minio :   MinIO ↑ [staging-data] 2026-04-21_06-43/fact_tai_chinh.parquet (86.5 KB | 9,182 rows)
[2026-04-21T06:43:08.150+0000] {minio_client.py:142} INFO -   MinIO ↑ [staging-data] 2026-04-21_06-43/fact_tai_chinh.parquet (86.5 KB | 9,182 rows)
[2026-04-21T06:43:08.151+0000] {logging_mixin.py:188} WARNING - [2026-04-21 06:43:08] INFO    etl.transform :   MinIO staging-data: 8/8 files OK → run_id=2026-04-21_06-43
[2026-04-21T06:43:08.151+0000] {transform.py:141} INFO -   MinIO staging-data: 8/8 files OK → run_id=2026-04-21_06-43
[2026-04-21T06:43:08.177+0000] {logging_mixin.py:188} INFO - Transform xong: {'dim_giang_vien': 45, 'dim_sinh_vien': 1695, 'dim_hoc_phan': 121, 'dim_thoi_gian': 13, 'fact_diem': 54640, 'fact_dang_ky': 55125, 'fact_ren_luyen': 9475, 'fact_tai_chinh': 9182}
[2026-04-21T06:43:08.180+0000] {python.py:201} INFO - Done. Returned value was: {'dim_giang_vien': 45, 'dim_sinh_vien': 1695, 'dim_hoc_phan': 121, 'dim_thoi_gian': 13, 'fact_diem': 54640, 'fact_dang_ky': 55125, 'fact_ren_luyen': 9475, 'fact_tai_chinh': 9182}
[2026-04-21T06:43:08.199+0000] {taskinstance.py:1138} INFO - Marking task as SUCCESS. dag_id=daily_student_pipeline, task_id=transform_data, execution_date=20260421T064258, start_date=20260421T064306, end_date=20260421T064308
[2026-04-21T06:43:08.254+0000] {local_task_job_runner.py:234} INFO - Task exited with return code 0
[2026-04-21T06:43:08.276+0000] {taskinstance.py:3280} INFO - 1 downstream tasks scheduled from follow-on schedule check
