[2026-04-02T13:26:36.844+0000] {taskinstance.py:1956} INFO - Dependencies all met for dep_context=non-requeueable deps ti=<TaskInstance: daily_student_pipeline.extract_data manual__2026-04-02T13:26:34.312734+00:00 [queued]>
[2026-04-02T13:26:36.853+0000] {taskinstance.py:1956} INFO - Dependencies all met for dep_context=requeueable deps ti=<TaskInstance: daily_student_pipeline.extract_data manual__2026-04-02T13:26:34.312734+00:00 [queued]>
[2026-04-02T13:26:36.854+0000] {taskinstance.py:2170} INFO - Starting attempt 1 of 1
[2026-04-02T13:26:36.867+0000] {taskinstance.py:2191} INFO - Executing <Task(PythonOperator): extract_data> on 2026-04-02 13:26:34.312734+00:00
[2026-04-02T13:26:36.871+0000] {standard_task_runner.py:60} INFO - Started process 284 to run task
[2026-04-02T13:26:36.875+0000] {standard_task_runner.py:87} INFO - Running: ['***', 'tasks', 'run', 'daily_student_pipeline', 'extract_data', 'manual__2026-04-02T13:26:34.312734+00:00', '--job-id', '105', '--raw', '--subdir', 'DAGS_FOLDER/daily_student_pipeline.py', '--cfg-path', '/tmp/tmpizsmax6_']
[2026-04-02T13:26:36.878+0000] {standard_task_runner.py:88} INFO - Job 105: Subtask extract_data
[2026-04-02T13:26:36.971+0000] {task_command.py:423} INFO - Running <TaskInstance: daily_student_pipeline.extract_data manual__2026-04-02T13:26:34.312734+00:00 [running]> on host 1c62953c8918
[2026-04-02T13:26:37.084+0000] {taskinstance.py:2480} INFO - Exporting env vars: AIRFLOW_CTX_DAG_OWNER='nhom8' AIRFLOW_CTX_DAG_ID='daily_student_pipeline' AIRFLOW_CTX_TASK_ID='extract_data' AIRFLOW_CTX_EXECUTION_DATE='2026-04-02T13:26:34.312734+00:00' AIRFLOW_CTX_TRY_NUMBER='1' AIRFLOW_CTX_DAG_RUN_ID='manual__2026-04-02T13:26:34.312734+00:00'
[2026-04-02T13:26:38.760+0000] {logging_mixin.py:188} WARNING - [2026-04-02 13:26:38] INFO    etl.extract : ==BẮT ĐẦU FULL EXTRACT==
[2026-04-02T13:26:38.759+0000] {extract.py:277} INFO - ==BẮT ĐẦU FULL EXTRACT==
[2026-04-02T13:26:38.762+0000] {logging_mixin.py:188} WARNING - [2026-04-02 13:26:38] INFO    etl.extract : ======================================================================
[2026-04-02T13:26:38.762+0000] {extract.py:278} INFO - ======================================================================
[2026-04-02T13:26:38.771+0000] {logging_mixin.py:188} WARNING - [2026-04-02 13:26:38] INFO    etl.extract : ════════════════════════════════════════════════════════════
[2026-04-02T13:26:38.771+0000] {extract.py:82} INFO - ════════════════════════════════════════════════════════════
[2026-04-02T13:26:38.773+0000] {logging_mixin.py:188} WARNING - [2026-04-02 13:26:38] INFO    etl.extract : NGUỒN 1 — PostgreSQL (Phòng Đào tạo) | Full Extract
[2026-04-02T13:26:38.773+0000] {extract.py:83} INFO - NGUỒN 1 — PostgreSQL (Phòng Đào tạo) | Full Extract
[2026-04-02T13:26:38.774+0000] {logging_mixin.py:188} WARNING - [2026-04-02 13:26:38] INFO    etl.extract : ════════════════════════════════════════════════════════════
[2026-04-02T13:26:38.774+0000] {extract.py:84} INFO - ════════════════════════════════════════════════════════════
[2026-04-02T13:26:38.849+0000] {logging_mixin.py:188} WARNING - [2026-04-02 13:26:38] INFO    etl.extract :   PostgreSQL | khoa                      →      4 records
[2026-04-02T13:26:38.849+0000] {extract.py:66} INFO -   PostgreSQL | khoa                      →      4 records
[2026-04-02T13:26:38.875+0000] {logging_mixin.py:188} WARNING - [2026-04-02 13:26:38] INFO    etl.extract :   PostgreSQL | nganh                     →      3 records
[2026-04-02T13:26:38.875+0000] {extract.py:66} INFO -   PostgreSQL | nganh                     →      3 records
[2026-04-02T13:26:38.900+0000] {logging_mixin.py:188} WARNING - [2026-04-02 13:26:38] INFO    etl.extract :   PostgreSQL | giang_vien                →     45 records
[2026-04-02T13:26:38.900+0000] {extract.py:66} INFO -   PostgreSQL | giang_vien                →     45 records
[2026-04-02T13:26:38.938+0000] {logging_mixin.py:188} WARNING - [2026-04-02 13:26:38] INFO    etl.extract :   PostgreSQL | lop_hanh_chinh            →     48 records
[2026-04-02T13:26:38.938+0000] {extract.py:66} INFO -   PostgreSQL | lop_hanh_chinh            →     48 records
[2026-04-02T13:26:39.003+0000] {logging_mixin.py:188} WARNING - [2026-04-02 13:26:39] INFO    etl.extract :   PostgreSQL | sinh_vien                 →  1,695 records
[2026-04-02T13:26:39.003+0000] {extract.py:66} INFO -   PostgreSQL | sinh_vien                 →  1,695 records
[2026-04-02T13:26:39.027+0000] {logging_mixin.py:188} WARNING - [2026-04-02 13:26:39] INFO    etl.extract :   PostgreSQL | hoc_phan                  →    121 records
[2026-04-02T13:26:39.027+0000] {extract.py:66} INFO -   PostgreSQL | hoc_phan                  →    121 records
[2026-04-02T13:26:39.040+0000] {logging_mixin.py:188} WARNING - [2026-04-02 13:26:39] INFO    etl.extract :   PostgreSQL | hoc_ky_nam_hoc            →      9 records
[2026-04-02T13:26:39.040+0000] {extract.py:66} INFO -   PostgreSQL | hoc_ky_nam_hoc            →      9 records
[2026-04-02T13:26:39.496+0000] {logging_mixin.py:188} WARNING - [2026-04-02 13:26:39] INFO    etl.extract :   PostgreSQL | dang_ky_hoc_phan          → 54,529 records
[2026-04-02T13:26:39.496+0000] {extract.py:66} INFO -   PostgreSQL | dang_ky_hoc_phan          → 54,529 records
[2026-04-02T13:26:40.158+0000] {logging_mixin.py:188} WARNING - [2026-04-02 13:26:40] INFO    etl.extract :   PostgreSQL | diem_hoc_phan             → 54,529 records
[2026-04-02T13:26:40.158+0000] {extract.py:66} INFO -   PostgreSQL | diem_hoc_phan             → 54,529 records
[2026-04-02T13:26:40.219+0000] {logging_mixin.py:188} WARNING - [2026-04-02 13:26:40] INFO    etl.extract :   PostgreSQL | tong_hop_ket_qua          →  1,695 records
[2026-04-02T13:26:40.219+0000] {extract.py:66} INFO -   PostgreSQL | tong_hop_ket_qua          →  1,695 records
[2026-04-02T13:26:40.221+0000] {logging_mixin.py:188} WARNING - [2026-04-02 13:26:40] INFO    etl.extract :   PostgreSQL | TỔNG: 112,678 records từ 10 bảng
[2026-04-02T13:26:40.221+0000] {extract.py:91} INFO -   PostgreSQL | TỔNG: 112,678 records từ 10 bảng
[2026-04-02T13:26:40.222+0000] {logging_mixin.py:188} WARNING - [2026-04-02 13:26:40] INFO    etl.extract : ════════════════════════════════════════════════════════════
[2026-04-02T13:26:40.222+0000] {extract.py:163} INFO - ════════════════════════════════════════════════════════════
[2026-04-02T13:26:40.223+0000] {logging_mixin.py:188} WARNING - [2026-04-02 13:26:40] INFO    etl.extract : NGUỒN 2 — CSV (Phòng CTSV) | Extract
[2026-04-02T13:26:40.223+0000] {extract.py:164} INFO - NGUỒN 2 — CSV (Phòng CTSV) | Extract
[2026-04-02T13:26:40.225+0000] {logging_mixin.py:188} WARNING - [2026-04-02 13:26:40] INFO    etl.extract : ════════════════════════════════════════════════════════════
[2026-04-02T13:26:40.225+0000] {extract.py:165} INFO - ════════════════════════════════════════════════════════════
[2026-04-02T13:26:40.229+0000] {logging_mixin.py:188} WARNING - [2026-04-02 13:26:40] INFO    etl.extract :   CSV | Tìm thấy 9 file(s)
[2026-04-02T13:26:40.229+0000] {extract.py:174} INFO -   CSV | Tìm thấy 9 file(s)
[2026-04-02T13:26:40.241+0000] {logging_mixin.py:188} WARNING - [2026-04-02 13:26:40] INFO    etl.extract :   CSV | ctsv_HK1_2021_22.csv                →    780 records
[2026-04-02T13:26:40.241+0000] {extract.py:140} INFO -   CSV | ctsv_HK1_2021_22.csv                →    780 records
[2026-04-02T13:26:40.248+0000] {logging_mixin.py:188} WARNING - [2026-04-02 13:26:40] INFO    etl.extract :   CSV | ctsv_HK1_2022_23.csv                →  1,580 records
[2026-04-02T13:26:40.248+0000] {extract.py:140} INFO -   CSV | ctsv_HK1_2022_23.csv                →  1,580 records
[2026-04-02T13:26:40.256+0000] {logging_mixin.py:188} WARNING - [2026-04-02 13:26:40] INFO    etl.extract :   CSV | ctsv_HK1_2023_24.csv                →  2,395 records
[2026-04-02T13:26:40.256+0000] {extract.py:140} INFO -   CSV | ctsv_HK1_2023_24.csv                →  2,395 records
[2026-04-02T13:26:40.266+0000] {logging_mixin.py:188} WARNING - [2026-04-02 13:26:40] INFO    etl.extract :   CSV | ctsv_HK1_2024_25.csv                →  3,202 records
[2026-04-02T13:26:40.266+0000] {extract.py:140} INFO -   CSV | ctsv_HK1_2024_25.csv                →  3,202 records
[2026-04-02T13:26:40.276+0000] {logging_mixin.py:188} WARNING - [2026-04-02 13:26:40] INFO    etl.extract :   CSV | ctsv_HK1_2025_26.csv                →  2,428 records
[2026-04-02T13:26:40.276+0000] {extract.py:140} INFO -   CSV | ctsv_HK1_2025_26.csv                →  2,428 records
[2026-04-02T13:26:40.284+0000] {logging_mixin.py:188} WARNING - [2026-04-02 13:26:40] INFO    etl.extract :   CSV | ctsv_HK2_2021_22.csv                →    780 records
[2026-04-02T13:26:40.284+0000] {extract.py:140} INFO -   CSV | ctsv_HK2_2021_22.csv                →    780 records
[2026-04-02T13:26:40.293+0000] {logging_mixin.py:188} WARNING - [2026-04-02 13:26:40] INFO    etl.extract :   CSV | ctsv_HK2_2022_23.csv                →  1,559 records
[2026-04-02T13:26:40.293+0000] {extract.py:140} INFO -   CSV | ctsv_HK2_2022_23.csv                →  1,559 records
[2026-04-02T13:26:40.303+0000] {logging_mixin.py:188} WARNING - [2026-04-02 13:26:40] INFO    etl.extract :   CSV | ctsv_HK2_2023_24.csv                →  2,381 records
[2026-04-02T13:26:40.303+0000] {extract.py:140} INFO -   CSV | ctsv_HK2_2023_24.csv                →  2,381 records
[2026-04-02T13:26:40.312+0000] {logging_mixin.py:188} WARNING - [2026-04-02 13:26:40] INFO    etl.extract :   CSV | ctsv_HK2_2024_25.csv                →  2,835 records
[2026-04-02T13:26:40.312+0000] {extract.py:140} INFO -   CSV | ctsv_HK2_2024_25.csv                →  2,835 records
[2026-04-02T13:26:40.325+0000] {logging_mixin.py:188} WARNING - [2026-04-02 13:26:40] INFO    etl.extract :   CSV | Loại bỏ 8950 bản ghi trùng
[2026-04-02T13:26:40.325+0000] {extract.py:191} INFO -   CSV | Loại bỏ 8950 bản ghi trùng
[2026-04-02T13:26:40.327+0000] {logging_mixin.py:188} WARNING - [2026-04-02 13:26:40] INFO    etl.extract :   CSV | TỔNG: 8,990 records từ 9 file(s)
[2026-04-02T13:26:40.326+0000] {extract.py:193} INFO -   CSV | TỔNG: 8,990 records từ 9 file(s)
[2026-04-02T13:26:40.346+0000] {logging_mixin.py:188} WARNING - [2026-04-02 13:26:40] INFO    etl.extract :   API | (JSON) taichinh_HK1_2021_22.json →    390 records
[2026-04-02T13:26:40.346+0000] {extract.py:242} INFO -   API | (JSON) taichinh_HK1_2021_22.json →    390 records
[2026-04-02T13:26:40.361+0000] {logging_mixin.py:188} WARNING - [2026-04-02 13:26:40] INFO    etl.extract :   API | (JSON) taichinh_HK1_2022_23.json →    787 records
[2026-04-02T13:26:40.361+0000] {extract.py:242} INFO -   API | (JSON) taichinh_HK1_2022_23.json →    787 records
[2026-04-02T13:26:40.380+0000] {logging_mixin.py:188} WARNING - [2026-04-02 13:26:40] INFO    etl.extract :   API | (JSON) taichinh_HK1_2023_24.json →  1,192 records
[2026-04-02T13:26:40.380+0000] {extract.py:242} INFO -   API | (JSON) taichinh_HK1_2023_24.json →  1,192 records
[2026-04-02T13:26:40.402+0000] {logging_mixin.py:188} WARNING - [2026-04-02 13:26:40] INFO    etl.extract :   API | (JSON) taichinh_HK1_2024_25.json →  1,592 records
[2026-04-02T13:26:40.402+0000] {extract.py:242} INFO -   API | (JSON) taichinh_HK1_2024_25.json →  1,592 records
[2026-04-02T13:26:40.422+0000] {logging_mixin.py:188} WARNING - [2026-04-02 13:26:40] INFO    etl.extract :   API | (JSON) taichinh_HK1_2025_26.json →  1,206 records
[2026-04-02T13:26:40.422+0000] {extract.py:242} INFO -   API | (JSON) taichinh_HK1_2025_26.json →  1,206 records
[2026-04-02T13:26:40.434+0000] {logging_mixin.py:188} WARNING - [2026-04-02 13:26:40] INFO    etl.extract :   API | (JSON) taichinh_HK2_2021_22.json →    390 records
[2026-04-02T13:26:40.434+0000] {extract.py:242} INFO -   API | (JSON) taichinh_HK2_2021_22.json →    390 records
[2026-04-02T13:26:40.449+0000] {logging_mixin.py:188} WARNING - [2026-04-02 13:26:40] INFO    etl.extract :   API | (JSON) taichinh_HK2_2022_23.json →    778 records
[2026-04-02T13:26:40.449+0000] {extract.py:242} INFO -   API | (JSON) taichinh_HK2_2022_23.json →    778 records
[2026-04-02T13:26:40.465+0000] {logging_mixin.py:188} WARNING - [2026-04-02 13:26:40] INFO    etl.extract :   API | (JSON) taichinh_HK2_2023_24.json →  1,186 records
[2026-04-02T13:26:40.465+0000] {extract.py:242} INFO -   API | (JSON) taichinh_HK2_2023_24.json →  1,186 records
[2026-04-02T13:26:40.483+0000] {logging_mixin.py:188} WARNING - [2026-04-02 13:26:40] INFO    etl.extract :   API | (JSON) taichinh_HK2_2024_25.json →  1,469 records
[2026-04-02T13:26:40.483+0000] {extract.py:242} INFO -   API | (JSON) taichinh_HK2_2024_25.json →  1,469 records
[2026-04-02T13:26:40.485+0000] {logging_mixin.py:188} WARNING - [2026-04-02 13:26:40] INFO    etl.extract :   API | TỔNG: 8,990 records từ 9 HK
[2026-04-02T13:26:40.485+0000] {extract.py:266} INFO -   API | TỔNG: 8,990 records từ 9 HK
[2026-04-02T13:26:40.831+0000] {logging_mixin.py:188} WARNING - [2026-04-02 13:26:40] INFO    utils.minio :   MinIO ↑ [raw-data] 2026-04-02_13-26/nguon1_sinh_vien.parquet (47.4 KB | 1,695 rows)
[2026-04-02T13:26:40.831+0000] {minio_client.py:142} INFO -   MinIO ↑ [raw-data] 2026-04-02_13-26/nguon1_sinh_vien.parquet (47.4 KB | 1,695 rows)
[2026-04-02T13:26:40.873+0000] {logging_mixin.py:188} WARNING - [2026-04-02 13:26:40] INFO    utils.minio :   MinIO ↑ [raw-data] 2026-04-02_13-26/nguon1_dang_ky.parquet (459.3 KB | 54,529 rows)
[2026-04-02T13:26:40.873+0000] {minio_client.py:142} INFO -   MinIO ↑ [raw-data] 2026-04-02_13-26/nguon1_dang_ky.parquet (459.3 KB | 54,529 rows)
[2026-04-02T13:26:40.912+0000] {logging_mixin.py:188} WARNING - [2026-04-02 13:26:40] INFO    utils.minio :   MinIO ↑ [raw-data] 2026-04-02_13-26/nguon1_diem.parquet (1108.6 KB | 54,529 rows)
[2026-04-02T13:26:40.911+0000] {minio_client.py:142} INFO -   MinIO ↑ [raw-data] 2026-04-02_13-26/nguon1_diem.parquet (1108.6 KB | 54,529 rows)
[2026-04-02T13:26:40.923+0000] {logging_mixin.py:188} WARNING - [2026-04-02 13:26:40] INFO    utils.minio :   MinIO ↑ [raw-data] 2026-04-02_13-26/nguon1_hoc_phan.parquet (10.3 KB | 121 rows)
[2026-04-02T13:26:40.923+0000] {minio_client.py:142} INFO -   MinIO ↑ [raw-data] 2026-04-02_13-26/nguon1_hoc_phan.parquet (10.3 KB | 121 rows)
[2026-04-02T13:26:40.932+0000] {logging_mixin.py:188} WARNING - [2026-04-02 13:26:40] INFO    utils.minio :   MinIO ↑ [raw-data] 2026-04-02_13-26/nguon1_hoc_ky.parquet (4.1 KB | 9 rows)
[2026-04-02T13:26:40.932+0000] {minio_client.py:142} INFO -   MinIO ↑ [raw-data] 2026-04-02_13-26/nguon1_hoc_ky.parquet (4.1 KB | 9 rows)
[2026-04-02T13:26:40.942+0000] {logging_mixin.py:188} WARNING - [2026-04-02 13:26:40] INFO    utils.minio :   MinIO ↑ [raw-data] 2026-04-02_13-26/nguon1_giang_vien.parquet (8.3 KB | 45 rows)
[2026-04-02T13:26:40.942+0000] {minio_client.py:142} INFO -   MinIO ↑ [raw-data] 2026-04-02_13-26/nguon1_giang_vien.parquet (8.3 KB | 45 rows)
[2026-04-02T13:26:40.950+0000] {logging_mixin.py:188} WARNING - [2026-04-02 13:26:40] INFO    utils.minio :   MinIO ↑ [raw-data] 2026-04-02_13-26/nguon1_khoa.parquet (2.6 KB | 4 rows)
[2026-04-02T13:26:40.950+0000] {minio_client.py:142} INFO -   MinIO ↑ [raw-data] 2026-04-02_13-26/nguon1_khoa.parquet (2.6 KB | 4 rows)
[2026-04-02T13:26:40.960+0000] {logging_mixin.py:188} WARNING - [2026-04-02 13:26:40] INFO    utils.minio :   MinIO ↑ [raw-data] 2026-04-02_13-26/nguon1_nganh.parquet (3.2 KB | 3 rows)
[2026-04-02T13:26:40.959+0000] {minio_client.py:142} INFO -   MinIO ↑ [raw-data] 2026-04-02_13-26/nguon1_nganh.parquet (3.2 KB | 3 rows)
[2026-04-02T13:26:40.969+0000] {logging_mixin.py:188} WARNING - [2026-04-02 13:26:40] INFO    utils.minio :   MinIO ↑ [raw-data] 2026-04-02_13-26/nguon1_lop_hanh_chinh.parquet (4.8 KB | 48 rows)
[2026-04-02T13:26:40.969+0000] {minio_client.py:142} INFO -   MinIO ↑ [raw-data] 2026-04-02_13-26/nguon1_lop_hanh_chinh.parquet (4.8 KB | 48 rows)
[2026-04-02T13:26:40.982+0000] {logging_mixin.py:188} WARNING - [2026-04-02 13:26:40] INFO    utils.minio :   MinIO ↑ [raw-data] 2026-04-02_13-26/nguon1_tong_hop_ket_qua.parquet (22.0 KB | 1,695 rows)
[2026-04-02T13:26:40.982+0000] {minio_client.py:142} INFO -   MinIO ↑ [raw-data] 2026-04-02_13-26/nguon1_tong_hop_ket_qua.parquet (22.0 KB | 1,695 rows)
[2026-04-02T13:26:40.995+0000] {logging_mixin.py:188} WARNING - [2026-04-02 13:26:40] INFO    utils.minio :   MinIO ↑ [raw-data] 2026-04-02_13-26/nguon2_ctsv.parquet (37.4 KB | 8,990 rows)
[2026-04-02T13:26:40.995+0000] {minio_client.py:142} INFO -   MinIO ↑ [raw-data] 2026-04-02_13-26/nguon2_ctsv.parquet (37.4 KB | 8,990 rows)
[2026-04-02T13:26:41.009+0000] {logging_mixin.py:188} WARNING - [2026-04-02 13:26:41] INFO    utils.minio :   MinIO ↑ [raw-data] 2026-04-02_13-26/nguon3_tai_chinh.parquet (65.0 KB | 8,990 rows)
[2026-04-02T13:26:41.009+0000] {minio_client.py:142} INFO -   MinIO ↑ [raw-data] 2026-04-02_13-26/nguon3_tai_chinh.parquet (65.0 KB | 8,990 rows)
[2026-04-02T13:26:41.010+0000] {logging_mixin.py:188} WARNING - [2026-04-02 13:26:41] INFO    utils.minio :   MinIO upload xong: 12/12 files | run_id=2026-04-02_13-26
[2026-04-02T13:26:41.010+0000] {minio_client.py:188} INFO -   MinIO upload xong: 12/12 files | run_id=2026-04-02_13-26
[2026-04-02T13:26:41.011+0000] {logging_mixin.py:188} WARNING - [2026-04-02 13:26:41] INFO    etl.extract :   MinIO staging: 12/12 files OK → run_id=2026-04-02_13-26
[2026-04-02T13:26:41.011+0000] {extract.py:333} INFO -   MinIO staging: 12/12 files OK → run_id=2026-04-02_13-26
[2026-04-02T13:26:41.013+0000] {logging_mixin.py:188} WARNING - [2026-04-02 13:26:41] INFO    etl.extract : ======================================================================
[2026-04-02T13:26:41.013+0000] {extract.py:296} INFO - ======================================================================
[2026-04-02T13:26:41.014+0000] {logging_mixin.py:188} WARNING - [2026-04-02 13:26:41] INFO    etl.extract :  FULL EXTRACT HOÀN TẤT
[2026-04-02T13:26:41.014+0000] {extract.py:297} INFO -  FULL EXTRACT HOÀN TẤT
[2026-04-02T13:26:41.015+0000] {logging_mixin.py:188} WARNING - [2026-04-02 13:26:41] INFO    etl.extract :    khoa                     :        4
[2026-04-02T13:26:41.015+0000] {extract.py:299} INFO -    khoa                     :        4
[2026-04-02T13:26:41.016+0000] {logging_mixin.py:188} WARNING - [2026-04-02 13:26:41] INFO    etl.extract :    nganh                    :        3
[2026-04-02T13:26:41.016+0000] {extract.py:299} INFO -    nganh                    :        3
[2026-04-02T13:26:41.017+0000] {logging_mixin.py:188} WARNING - [2026-04-02 13:26:41] INFO    etl.extract :    giang_vien               :       45
[2026-04-02T13:26:41.017+0000] {extract.py:299} INFO -    giang_vien               :       45
[2026-04-02T13:26:41.019+0000] {logging_mixin.py:188} WARNING - [2026-04-02 13:26:41] INFO    etl.extract :    lop_hanh_chinh           :       48
[2026-04-02T13:26:41.019+0000] {extract.py:299} INFO -    lop_hanh_chinh           :       48
[2026-04-02T13:26:41.020+0000] {logging_mixin.py:188} WARNING - [2026-04-02 13:26:41] INFO    etl.extract :    sinh_vien                :    1,695
[2026-04-02T13:26:41.020+0000] {extract.py:299} INFO -    sinh_vien                :    1,695
[2026-04-02T13:26:41.020+0000] {logging_mixin.py:188} WARNING - [2026-04-02 13:26:41] INFO    etl.extract :    hoc_phan                 :      121
[2026-04-02T13:26:41.020+0000] {extract.py:299} INFO -    hoc_phan                 :      121
[2026-04-02T13:26:41.021+0000] {logging_mixin.py:188} WARNING - [2026-04-02 13:26:41] INFO    etl.extract :    hoc_ky_nam_hoc           :        9
[2026-04-02T13:26:41.021+0000] {extract.py:299} INFO -    hoc_ky_nam_hoc           :        9
[2026-04-02T13:26:41.022+0000] {logging_mixin.py:188} WARNING - [2026-04-02 13:26:41] INFO    etl.extract :    dang_ky_hoc_phan         :   54,529
[2026-04-02T13:26:41.022+0000] {extract.py:299} INFO -    dang_ky_hoc_phan         :   54,529
[2026-04-02T13:26:41.023+0000] {logging_mixin.py:188} WARNING - [2026-04-02 13:26:41] INFO    etl.extract :    diem_hoc_phan            :   54,529
[2026-04-02T13:26:41.023+0000] {extract.py:299} INFO -    diem_hoc_phan            :   54,529
[2026-04-02T13:26:41.024+0000] {logging_mixin.py:188} WARNING - [2026-04-02 13:26:41] INFO    etl.extract :    tong_hop_ket_qua         :    1,695
[2026-04-02T13:26:41.024+0000] {extract.py:299} INFO -    tong_hop_ket_qua         :    1,695
[2026-04-02T13:26:41.025+0000] {logging_mixin.py:188} WARNING - [2026-04-02 13:26:41] INFO    etl.extract :    ctsv_data                :    8,990
[2026-04-02T13:26:41.025+0000] {extract.py:299} INFO -    ctsv_data                :    8,990
[2026-04-02T13:26:41.025+0000] {logging_mixin.py:188} WARNING - [2026-04-02 13:26:41] INFO    etl.extract :    tai_chinh_data           :    8,990
[2026-04-02T13:26:41.025+0000] {extract.py:299} INFO -    tai_chinh_data           :    8,990
[2026-04-02T13:26:41.026+0000] {logging_mixin.py:188} WARNING - [2026-04-02 13:26:41] INFO    etl.extract : ======================================================================
[2026-04-02T13:26:41.026+0000] {extract.py:300} INFO - ======================================================================
[2026-04-02T13:26:41.054+0000] {logging_mixin.py:188} INFO - Extract xong: {'khoa': 4, 'nganh': 3, 'giang_vien': 45, 'lop_hanh_chinh': 48, 'sinh_vien': 1695, 'hoc_phan': 121, 'hoc_ky_nam_hoc': 9, 'dang_ky_hoc_phan': 54529, 'diem_hoc_phan': 54529, 'tong_hop_ket_qua': 1695, 'ctsv_data': 8990, 'tai_chinh_data': 8990}
[2026-04-02T13:26:41.064+0000] {python.py:201} INFO - Done. Returned value was: {'khoa': 4, 'nganh': 3, 'giang_vien': 45, 'lop_hanh_chinh': 48, 'sinh_vien': 1695, 'hoc_phan': 121, 'hoc_ky_nam_hoc': 9, 'dang_ky_hoc_phan': 54529, 'diem_hoc_phan': 54529, 'tong_hop_ket_qua': 1695, 'ctsv_data': 8990, 'tai_chinh_data': 8990}
[2026-04-02T13:26:41.086+0000] {taskinstance.py:1138} INFO - Marking task as SUCCESS. dag_id=daily_student_pipeline, task_id=extract_data, execution_date=20260402T132634, start_date=20260402T132636, end_date=20260402T132641
[2026-04-02T13:26:41.140+0000] {local_task_job_runner.py:234} INFO - Task exited with return code 0
[2026-04-02T13:26:41.163+0000] {taskinstance.py:3280} INFO - 1 downstream tasks scheduled from follow-on schedule check
