[2026-04-21T06:00:14.928+0000] {taskinstance.py:1956} INFO - Dependencies all met for dep_context=non-requeueable deps ti=<TaskInstance: daily_student_pipeline.transform_data scheduled__2026-04-20T02:00:00+00:00 [queued]>
[2026-04-21T06:00:14.935+0000] {taskinstance.py:1956} INFO - Dependencies all met for dep_context=requeueable deps ti=<TaskInstance: daily_student_pipeline.transform_data scheduled__2026-04-20T02:00:00+00:00 [queued]>
[2026-04-21T06:00:14.936+0000] {taskinstance.py:2170} INFO - Starting attempt 1 of 1
[2026-04-21T06:00:14.948+0000] {taskinstance.py:2191} INFO - Executing <Task(PythonOperator): transform_data> on 2026-04-20 02:00:00+00:00
[2026-04-21T06:00:14.951+0000] {standard_task_runner.py:60} INFO - Started process 358 to run task
[2026-04-21T06:00:14.954+0000] {standard_task_runner.py:87} INFO - Running: ['***', 'tasks', 'run', 'daily_student_pipeline', 'transform_data', 'scheduled__2026-04-20T02:00:00+00:00', '--job-id', '434', '--raw', '--subdir', 'DAGS_FOLDER/daily_student_pipeline.py', '--cfg-path', '/tmp/tmp9xe3qj9g']
[2026-04-21T06:00:14.956+0000] {standard_task_runner.py:88} INFO - Job 434: Subtask transform_data
[2026-04-21T06:00:15.018+0000] {task_command.py:423} INFO - Running <TaskInstance: daily_student_pipeline.transform_data scheduled__2026-04-20T02:00:00+00:00 [running]> on host 759b8b5e27b5
[2026-04-21T06:00:15.096+0000] {taskinstance.py:2480} INFO - Exporting env vars: AIRFLOW_CTX_DAG_OWNER='nhom8' AIRFLOW_CTX_DAG_ID='daily_student_pipeline' AIRFLOW_CTX_TASK_ID='transform_data' AIRFLOW_CTX_EXECUTION_DATE='2026-04-20T02:00:00+00:00' AIRFLOW_CTX_TRY_NUMBER='1' AIRFLOW_CTX_DAG_RUN_ID='scheduled__2026-04-20T02:00:00+00:00'
[2026-04-21T06:00:15.650+0000] {logging_mixin.py:188} WARNING - [2026-04-21 06:00:15] INFO    etl.extract :   Load from MinIO staging: run_id=2026-04-21_06-00
[2026-04-21T06:00:15.649+0000] {extract.py:421} INFO -   Load from MinIO staging: run_id=2026-04-21_06-00
[2026-04-21T06:00:15.672+0000] {logging_mixin.py:188} WARNING - [2026-04-21 06:00:15] INFO    utils.minio :   MinIO ↓ [raw-data] 2026-04-21_06-00/nguon1_khoa.parquet (4 rows)
[2026-04-21T06:00:15.672+0000] {minio_client.py:223} INFO -   MinIO ↓ [raw-data] 2026-04-21_06-00/nguon1_khoa.parquet (4 rows)
[2026-04-21T06:00:15.682+0000] {logging_mixin.py:188} WARNING - [2026-04-21 06:00:15] INFO    utils.minio :   MinIO ↓ [raw-data] 2026-04-21_06-00/nguon1_nganh.parquet (3 rows)
[2026-04-21T06:00:15.682+0000] {minio_client.py:223} INFO -   MinIO ↓ [raw-data] 2026-04-21_06-00/nguon1_nganh.parquet (3 rows)
[2026-04-21T06:00:15.692+0000] {logging_mixin.py:188} WARNING - [2026-04-21 06:00:15] INFO    utils.minio :   MinIO ↓ [raw-data] 2026-04-21_06-00/nguon1_giang_vien.parquet (45 rows)
[2026-04-21T06:00:15.692+0000] {minio_client.py:223} INFO -   MinIO ↓ [raw-data] 2026-04-21_06-00/nguon1_giang_vien.parquet (45 rows)
[2026-04-21T06:00:15.700+0000] {logging_mixin.py:188} WARNING - [2026-04-21 06:00:15] INFO    utils.minio :   MinIO ↓ [raw-data] 2026-04-21_06-00/nguon1_lop_hanh_chinh.parquet (48 rows)
[2026-04-21T06:00:15.700+0000] {minio_client.py:223} INFO -   MinIO ↓ [raw-data] 2026-04-21_06-00/nguon1_lop_hanh_chinh.parquet (48 rows)
[2026-04-21T06:00:15.710+0000] {logging_mixin.py:188} WARNING - [2026-04-21 06:00:15] INFO    utils.minio :   MinIO ↓ [raw-data] 2026-04-21_06-00/nguon1_sinh_vien.parquet (1,695 rows)
[2026-04-21T06:00:15.710+0000] {minio_client.py:223} INFO -   MinIO ↓ [raw-data] 2026-04-21_06-00/nguon1_sinh_vien.parquet (1,695 rows)
[2026-04-21T06:00:15.719+0000] {logging_mixin.py:188} WARNING - [2026-04-21 06:00:15] INFO    utils.minio :   MinIO ↓ [raw-data] 2026-04-21_06-00/nguon1_hoc_phan.parquet (121 rows)
[2026-04-21T06:00:15.719+0000] {minio_client.py:223} INFO -   MinIO ↓ [raw-data] 2026-04-21_06-00/nguon1_hoc_phan.parquet (121 rows)
[2026-04-21T06:00:15.728+0000] {logging_mixin.py:188} WARNING - [2026-04-21 06:00:15] INFO    utils.minio :   MinIO ↓ [raw-data] 2026-04-21_06-00/nguon1_hoc_ky.parquet (13 rows)
[2026-04-21T06:00:15.728+0000] {minio_client.py:223} INFO -   MinIO ↓ [raw-data] 2026-04-21_06-00/nguon1_hoc_ky.parquet (13 rows)
[2026-04-21T06:00:15.760+0000] {logging_mixin.py:188} WARNING - [2026-04-21 06:00:15] INFO    utils.minio :   MinIO ↓ [raw-data] 2026-04-21_06-00/nguon1_dang_ky.parquet (55,125 rows)
[2026-04-21T06:00:15.760+0000] {minio_client.py:223} INFO -   MinIO ↓ [raw-data] 2026-04-21_06-00/nguon1_dang_ky.parquet (55,125 rows)
[2026-04-21T06:00:15.773+0000] {logging_mixin.py:188} WARNING - [2026-04-21 06:00:15] INFO    utils.minio :   MinIO ↓ [raw-data] 2026-04-21_06-00/nguon1_diem.parquet (54,640 rows)
[2026-04-21T06:00:15.773+0000] {minio_client.py:223} INFO -   MinIO ↓ [raw-data] 2026-04-21_06-00/nguon1_diem.parquet (54,640 rows)
[2026-04-21T06:00:15.782+0000] {logging_mixin.py:188} WARNING - [2026-04-21 06:00:15] INFO    utils.minio :   MinIO ↓ [raw-data] 2026-04-21_06-00/nguon1_tong_hop_ket_qua.parquet (1,695 rows)
[2026-04-21T06:00:15.782+0000] {minio_client.py:223} INFO -   MinIO ↓ [raw-data] 2026-04-21_06-00/nguon1_tong_hop_ket_qua.parquet (1,695 rows)
[2026-04-21T06:00:15.791+0000] {logging_mixin.py:188} WARNING - [2026-04-21 06:00:15] INFO    utils.minio :   MinIO ↓ [raw-data] 2026-04-21_06-00/nguon2_ctsv.parquet (9,475 rows)
[2026-04-21T06:00:15.791+0000] {minio_client.py:223} INFO -   MinIO ↓ [raw-data] 2026-04-21_06-00/nguon2_ctsv.parquet (9,475 rows)
[2026-04-21T06:00:15.800+0000] {logging_mixin.py:188} WARNING - [2026-04-21 06:00:15] INFO    utils.minio :   MinIO ↓ [raw-data] 2026-04-21_06-00/nguon3_tai_chinh.parquet (9,182 rows)
[2026-04-21T06:00:15.800+0000] {minio_client.py:223} INFO -   MinIO ↓ [raw-data] 2026-04-21_06-00/nguon3_tai_chinh.parquet (9,182 rows)
[2026-04-21T06:00:15.801+0000] {logging_mixin.py:188} WARNING - [2026-04-21 06:00:15] INFO    etl.extract :  Load from staging OK — run_id=2026-04-21_06-00
[2026-04-21T06:00:15.801+0000] {extract.py:438} INFO -  Load from staging OK — run_id=2026-04-21_06-00
[2026-04-21T06:00:15.802+0000] {logging_mixin.py:188} WARNING - [2026-04-21 06:00:15] INFO    etl.transform : ==BẮT ĐẦU TRANSFORM==
[2026-04-21T06:00:15.802+0000] {transform.py:75} INFO - ==BẮT ĐẦU TRANSFORM==
[2026-04-21T06:00:15.803+0000] {logging_mixin.py:188} WARNING - [2026-04-21 06:00:15] INFO    etl.transform : ======================================================================
[2026-04-21T06:00:15.803+0000] {transform.py:76} INFO - ======================================================================
[2026-04-21T06:00:15.804+0000] {logging_mixin.py:188} WARNING - [2026-04-21 06:00:15] INFO    etl.transform : ── Bước 1: Transform Dimension Tables ──
[2026-04-21T06:00:15.804+0000] {transform.py:80} INFO - ── Bước 1: Transform Dimension Tables ──
[2026-04-21T06:00:15.807+0000] {logging_mixin.py:188} WARNING - [2026-04-21 06:00:15] INFO    etl.transform :   dim_thoi_gian               →     13 records
[2026-04-21T06:00:15.807+0000] {transform.py:190} INFO -   dim_thoi_gian               →     13 records
[2026-04-21T06:00:15.810+0000] {logging_mixin.py:188} WARNING - [2026-04-21 06:00:15] INFO    etl.transform :   dim_giang_vien              →     45 records
[2026-04-21T06:00:15.810+0000] {transform.py:213} INFO -   dim_giang_vien              →     45 records
[2026-04-21T06:00:15.813+0000] {logging_mixin.py:188} WARNING - [2026-04-21 06:00:15] INFO    etl.transform :   dim_hoc_phan                →    121 records
[2026-04-21T06:00:15.813+0000] {transform.py:240} INFO -   dim_hoc_phan                →    121 records
[2026-04-21T06:00:15.823+0000] {logging_mixin.py:188} WARNING - [2026-04-21 06:00:15] INFO    etl.transform :   dim_sinh_vien               →  1,695 records
[2026-04-21T06:00:15.823+0000] {transform.py:306} INFO -   dim_sinh_vien               →  1,695 records
[2026-04-21T06:00:15.825+0000] {logging_mixin.py:188} WARNING - [2026-04-21 06:00:15] INFO    etl.transform : ── Bước 2: Transform Fact Tables ──
[2026-04-21T06:00:15.825+0000] {transform.py:96} INFO - ── Bước 2: Transform Fact Tables ──
[2026-04-21T06:00:15.875+0000] {logging_mixin.py:188} WARNING - [2026-04-21 06:00:15] INFO    etl.transform :   fact_diem                   → 54,640 records
[2026-04-21T06:00:15.875+0000] {transform.py:376} INFO -   fact_diem                   → 54,640 records
[2026-04-21T06:00:15.907+0000] {logging_mixin.py:188} WARNING - [2026-04-21 06:00:15] INFO    etl.transform :   fact_dang_ky               → 55,125 records
[2026-04-21T06:00:15.907+0000] {transform.py:413} INFO -   fact_dang_ky               → 55,125 records
[2026-04-21T06:00:15.919+0000] {logging_mixin.py:188} WARNING - [2026-04-21 06:00:15] INFO    etl.transform :   fact_ren_luyen              →  9,475 records
[2026-04-21T06:00:15.919+0000] {transform.py:445} INFO -   fact_ren_luyen              →  9,475 records
[2026-04-21T06:00:15.927+0000] {logging_mixin.py:188} WARNING - /opt/***/src/etl/transform.py:467 UserWarning: The argument 'infer_datetime_format' is deprecated and will be removed in a future version. A strict version of it is now the default, see https://pandas.pydata.org/pdeps/0004-consistent-to-datetime-parsing.html. You can safely remove this argument.
[2026-04-21T06:00:15.946+0000] {logging_mixin.py:188} WARNING - [2026-04-21 06:00:15] INFO    etl.transform :   fact_tai_chinh              →  9,182 records
[2026-04-21T06:00:15.946+0000] {transform.py:485} INFO -   fact_tai_chinh              →  9,182 records
[2026-04-21T06:00:15.948+0000] {logging_mixin.py:188} WARNING - [2026-04-21 06:00:15] INFO    etl.transform : ======================================================================
[2026-04-21T06:00:15.948+0000] {transform.py:108} INFO - ======================================================================
[2026-04-21T06:00:15.950+0000] {logging_mixin.py:188} WARNING - [2026-04-21 06:00:15] INFO    etl.transform : TRANSFORM HOÀN TẤT
[2026-04-21T06:00:15.949+0000] {transform.py:109} INFO - TRANSFORM HOÀN TẤT
[2026-04-21T06:00:15.950+0000] {logging_mixin.py:188} WARNING - [2026-04-21 06:00:15] INFO    etl.transform :    dim_giang_vien           :       45 records
[2026-04-21T06:00:15.950+0000] {transform.py:111} INFO -    dim_giang_vien           :       45 records
[2026-04-21T06:00:15.951+0000] {logging_mixin.py:188} WARNING - [2026-04-21 06:00:15] INFO    etl.transform :    dim_sinh_vien            :    1,695 records
[2026-04-21T06:00:15.951+0000] {transform.py:111} INFO -    dim_sinh_vien            :    1,695 records
[2026-04-21T06:00:15.951+0000] {logging_mixin.py:188} WARNING - [2026-04-21 06:00:15] INFO    etl.transform :    dim_hoc_phan             :      121 records
[2026-04-21T06:00:15.951+0000] {transform.py:111} INFO -    dim_hoc_phan             :      121 records
[2026-04-21T06:00:15.952+0000] {logging_mixin.py:188} WARNING - [2026-04-21 06:00:15] INFO    etl.transform :    dim_thoi_gian            :       13 records
[2026-04-21T06:00:15.952+0000] {transform.py:111} INFO -    dim_thoi_gian            :       13 records
[2026-04-21T06:00:15.952+0000] {logging_mixin.py:188} WARNING - [2026-04-21 06:00:15] INFO    etl.transform :    fact_diem                :   54,640 records
[2026-04-21T06:00:15.952+0000] {transform.py:111} INFO -    fact_diem                :   54,640 records
[2026-04-21T06:00:15.953+0000] {logging_mixin.py:188} WARNING - [2026-04-21 06:00:15] INFO    etl.transform :    fact_dang_ky             :   55,125 records
[2026-04-21T06:00:15.953+0000] {transform.py:111} INFO -    fact_dang_ky             :   55,125 records
[2026-04-21T06:00:15.953+0000] {logging_mixin.py:188} WARNING - [2026-04-21 06:00:15] INFO    etl.transform :    fact_ren_luyen           :    9,475 records
[2026-04-21T06:00:15.953+0000] {transform.py:111} INFO -    fact_ren_luyen           :    9,475 records
[2026-04-21T06:00:15.953+0000] {logging_mixin.py:188} WARNING - [2026-04-21 06:00:15] INFO    etl.transform :    fact_tai_chinh           :    9,182 records
[2026-04-21T06:00:15.953+0000] {transform.py:111} INFO -    fact_tai_chinh           :    9,182 records
[2026-04-21T06:00:15.954+0000] {logging_mixin.py:188} WARNING - [2026-04-21 06:00:15] INFO    etl.transform : ======================================================================
[2026-04-21T06:00:15.954+0000] {transform.py:112} INFO - ======================================================================
[2026-04-21T06:00:15.970+0000] {logging_mixin.py:188} WARNING - [2026-04-21 06:00:15] INFO    utils.minio :   MinIO ↑ [staging-data] 2026-04-21_06-00/dim_hoc_ky.parquet (5.4 KB | 13 rows)
[2026-04-21T06:00:15.970+0000] {minio_client.py:142} INFO -   MinIO ↑ [staging-data] 2026-04-21_06-00/dim_hoc_ky.parquet (5.4 KB | 13 rows)
[2026-04-21T06:00:15.978+0000] {logging_mixin.py:188} WARNING - [2026-04-21 06:00:15] INFO    utils.minio :   MinIO ↑ [staging-data] 2026-04-21_06-00/dim_giang_vien.parquet (8.9 KB | 45 rows)
[2026-04-21T06:00:15.978+0000] {minio_client.py:142} INFO -   MinIO ↑ [staging-data] 2026-04-21_06-00/dim_giang_vien.parquet (8.9 KB | 45 rows)
[2026-04-21T06:00:15.986+0000] {logging_mixin.py:188} WARNING - [2026-04-21 06:00:15] INFO    utils.minio :   MinIO ↑ [staging-data] 2026-04-21_06-00/dim_hoc_phan.parquet (11.0 KB | 121 rows)
[2026-04-21T06:00:15.986+0000] {minio_client.py:142} INFO -   MinIO ↑ [staging-data] 2026-04-21_06-00/dim_hoc_phan.parquet (11.0 KB | 121 rows)
[2026-04-21T06:00:15.998+0000] {logging_mixin.py:188} WARNING - [2026-04-21 06:00:15] INFO    utils.minio :   MinIO ↑ [staging-data] 2026-04-21_06-00/dim_sinh_vien.parquet (71.7 KB | 1,695 rows)
[2026-04-21T06:00:15.998+0000] {minio_client.py:142} INFO -   MinIO ↑ [staging-data] 2026-04-21_06-00/dim_sinh_vien.parquet (71.7 KB | 1,695 rows)
[2026-04-21T06:00:16.044+0000] {logging_mixin.py:188} WARNING - [2026-04-21 06:00:16] INFO    utils.minio :   MinIO ↑ [staging-data] 2026-04-21_06-00/fact_diem.parquet (816.7 KB | 54,640 rows)
[2026-04-21T06:00:16.044+0000] {minio_client.py:142} INFO -   MinIO ↑ [staging-data] 2026-04-21_06-00/fact_diem.parquet (816.7 KB | 54,640 rows)
[2026-04-21T06:00:16.075+0000] {logging_mixin.py:188} WARNING - [2026-04-21 06:00:16] INFO    utils.minio :   MinIO ↑ [staging-data] 2026-04-21_06-00/fact_dang_ky.parquet (462.4 KB | 55,125 rows)
[2026-04-21T06:00:16.075+0000] {minio_client.py:142} INFO -   MinIO ↑ [staging-data] 2026-04-21_06-00/fact_dang_ky.parquet (462.4 KB | 55,125 rows)
[2026-04-21T06:00:16.088+0000] {logging_mixin.py:188} WARNING - [2026-04-21 06:00:16] INFO    utils.minio :   MinIO ↑ [staging-data] 2026-04-21_06-00/fact_ren_luyen.parquet (41.2 KB | 9,475 rows)
[2026-04-21T06:00:16.088+0000] {minio_client.py:142} INFO -   MinIO ↑ [staging-data] 2026-04-21_06-00/fact_ren_luyen.parquet (41.2 KB | 9,475 rows)
[2026-04-21T06:00:16.101+0000] {logging_mixin.py:188} WARNING - [2026-04-21 06:00:16] INFO    utils.minio :   MinIO ↑ [staging-data] 2026-04-21_06-00/fact_tai_chinh.parquet (86.5 KB | 9,182 rows)
[2026-04-21T06:00:16.101+0000] {minio_client.py:142} INFO -   MinIO ↑ [staging-data] 2026-04-21_06-00/fact_tai_chinh.parquet (86.5 KB | 9,182 rows)
[2026-04-21T06:00:16.102+0000] {logging_mixin.py:188} WARNING - [2026-04-21 06:00:16] INFO    etl.transform :   MinIO staging-data: 8/8 files OK → run_id=2026-04-21_06-00
[2026-04-21T06:00:16.102+0000] {transform.py:141} INFO -   MinIO staging-data: 8/8 files OK → run_id=2026-04-21_06-00
[2026-04-21T06:00:16.127+0000] {logging_mixin.py:188} INFO - Transform xong: {'dim_giang_vien': 45, 'dim_sinh_vien': 1695, 'dim_hoc_phan': 121, 'dim_thoi_gian': 13, 'fact_diem': 54640, 'fact_dang_ky': 55125, 'fact_ren_luyen': 9475, 'fact_tai_chinh': 9182}
[2026-04-21T06:00:16.131+0000] {python.py:201} INFO - Done. Returned value was: {'dim_giang_vien': 45, 'dim_sinh_vien': 1695, 'dim_hoc_phan': 121, 'dim_thoi_gian': 13, 'fact_diem': 54640, 'fact_dang_ky': 55125, 'fact_ren_luyen': 9475, 'fact_tai_chinh': 9182}
[2026-04-21T06:00:16.151+0000] {taskinstance.py:1138} INFO - Marking task as SUCCESS. dag_id=daily_student_pipeline, task_id=transform_data, execution_date=20260420T020000, start_date=20260421T060014, end_date=20260421T060016
[2026-04-21T06:00:16.211+0000] {local_task_job_runner.py:234} INFO - Task exited with return code 0
[2026-04-21T06:00:16.233+0000] {taskinstance.py:3280} INFO - 1 downstream tasks scheduled from follow-on schedule check
