[2026-04-28T03:43:18.370+0000] {taskinstance.py:1956} INFO - Dependencies all met for dep_context=non-requeueable deps ti=<TaskInstance: daily_student_pipeline.extract_group.extract_api manual__2026-04-28T03:43:15.062903+00:00 [queued]>
[2026-04-28T03:43:18.377+0000] {taskinstance.py:1956} INFO - Dependencies all met for dep_context=requeueable deps ti=<TaskInstance: daily_student_pipeline.extract_group.extract_api manual__2026-04-28T03:43:15.062903+00:00 [queued]>
[2026-04-28T03:43:18.379+0000] {taskinstance.py:2170} INFO - Starting attempt 1 of 1
[2026-04-28T03:43:18.391+0000] {taskinstance.py:2191} INFO - Executing <Task(PythonOperator): extract_group.extract_api> on 2026-04-28 03:43:15.062903+00:00
[2026-04-28T03:43:18.395+0000] {standard_task_runner.py:60} INFO - Started process 914 to run task
[2026-04-28T03:43:18.398+0000] {standard_task_runner.py:87} INFO - Running: ['***', 'tasks', 'run', 'daily_student_pipeline', 'extract_group.extract_api', 'manual__2026-04-28T03:43:15.062903+00:00', '--job-id', '577', '--raw', '--subdir', 'DAGS_FOLDER/daily_student_pipeline.py', '--cfg-path', '/tmp/tmpfdkd0yub']
[2026-04-28T03:43:18.400+0000] {standard_task_runner.py:88} INFO - Job 577: Subtask extract_group.extract_api
[2026-04-28T03:43:18.464+0000] {task_command.py:423} INFO - Running <TaskInstance: daily_student_pipeline.extract_group.extract_api manual__2026-04-28T03:43:15.062903+00:00 [running]> on host 6b19557e5822
[2026-04-28T03:43:18.562+0000] {taskinstance.py:2480} INFO - Exporting env vars: AIRFLOW_CTX_DAG_OWNER='nhom8' AIRFLOW_CTX_DAG_ID='daily_student_pipeline' AIRFLOW_CTX_TASK_ID='extract_group.extract_api' AIRFLOW_CTX_EXECUTION_DATE='2026-04-28T03:43:15.062903+00:00' AIRFLOW_CTX_TRY_NUMBER='1' AIRFLOW_CTX_DAG_RUN_ID='manual__2026-04-28T03:43:15.062903+00:00'
[2026-04-28T03:43:19.123+0000] {extract.py:67} INFO -   PostgreSQL | hoc_ky_nam_hoc            →     13 records
[2026-04-28T03:43:19.124+0000] {extract.py:359} INFO - ════════════════════════════════════════════════════════════
[2026-04-28T03:43:19.124+0000] {extract.py:360} INFO - NGUỒN 3 — API/JSON (Portal Tài chính) | Extract
[2026-04-28T03:43:19.125+0000] {extract.py:361} INFO - ════════════════════════════════════════════════════════════
[2026-04-28T03:43:19.130+0000] {extract.py:245} INFO -   API | Tìm thấy 14 JSON file trong: /opt/***/data/api_json
[2026-04-28T03:43:19.227+0000] {extract.py:384} INFO -   API | (taichinh_all.json) → 9,670 records (dedup: 69)
[2026-04-28T03:43:19.320+0000] {minio_client.py:142} INFO -   MinIO ↑ [raw-data] 2026-04-28_03-43/nguon3_tai_chinh.parquet (89.3 KB | 9,670 rows)
[2026-04-28T03:43:19.324+0000] {logging_mixin.py:188} INFO - [Extract API] 9,670 records | run_id=2026-04-28_03-43
[2026-04-28T03:43:19.325+0000] {python.py:201} INFO - Done. Returned value was: 9670
[2026-04-28T03:43:19.351+0000] {taskinstance.py:1138} INFO - Marking task as SUCCESS. dag_id=daily_student_pipeline, task_id=extract_group.extract_api, execution_date=20260428T034315, start_date=20260428T034318, end_date=20260428T034319
[2026-04-28T03:43:19.371+0000] {local_task_job_runner.py:234} INFO - Task exited with return code 0
[2026-04-28T03:43:19.394+0000] {taskinstance.py:3280} INFO - 0 downstream tasks scheduled from follow-on schedule check
