[2026-04-05T15:43:10.288+0000] {taskinstance.py:1956} INFO - Dependencies all met for dep_context=non-requeueable deps ti=<TaskInstance: daily_student_pipeline.transform_data manual__2026-04-05T15:42:50.369558+00:00 [queued]>
[2026-04-05T15:43:10.295+0000] {taskinstance.py:1956} INFO - Dependencies all met for dep_context=requeueable deps ti=<TaskInstance: daily_student_pipeline.transform_data manual__2026-04-05T15:42:50.369558+00:00 [queued]>
[2026-04-05T15:43:10.296+0000] {taskinstance.py:2170} INFO - Starting attempt 1 of 1
[2026-04-05T15:43:10.306+0000] {taskinstance.py:2191} INFO - Executing <Task(PythonOperator): transform_data> on 2026-04-05 15:42:50.369558+00:00
[2026-04-05T15:43:10.312+0000] {standard_task_runner.py:60} INFO - Started process 25429 to run task
[2026-04-05T15:43:10.315+0000] {standard_task_runner.py:87} INFO - Running: ['***', 'tasks', 'run', 'daily_student_pipeline', 'transform_data', 'manual__2026-04-05T15:42:50.369558+00:00', '--job-id', '235', '--raw', '--subdir', 'DAGS_FOLDER/daily_student_pipeline.py', '--cfg-path', '/tmp/tmpj3qek1d7']
[2026-04-05T15:43:10.317+0000] {standard_task_runner.py:88} INFO - Job 235: Subtask transform_data
[2026-04-05T15:43:10.392+0000] {task_command.py:423} INFO - Running <TaskInstance: daily_student_pipeline.transform_data manual__2026-04-05T15:42:50.369558+00:00 [running]> on host 1c62953c8918
[2026-04-05T15:43:10.480+0000] {taskinstance.py:2480} INFO - Exporting env vars: AIRFLOW_CTX_DAG_OWNER='nhom8' AIRFLOW_CTX_DAG_ID='daily_student_pipeline' AIRFLOW_CTX_TASK_ID='transform_data' AIRFLOW_CTX_EXECUTION_DATE='2026-04-05T15:42:50.369558+00:00' AIRFLOW_CTX_TRY_NUMBER='1' AIRFLOW_CTX_DAG_RUN_ID='manual__2026-04-05T15:42:50.369558+00:00'
[2026-04-05T15:43:11.192+0000] {logging_mixin.py:188} WARNING - [2026-04-05 15:43:11] INFO    etl.extract :   Load from MinIO staging: run_id=2026-04-05_15-43
[2026-04-05T15:43:11.192+0000] {extract.py:352} INFO -   Load from MinIO staging: run_id=2026-04-05_15-43
[2026-04-05T15:43:11.223+0000] {logging_mixin.py:188} WARNING - [2026-04-05 15:43:11] INFO    utils.minio :   MinIO ↓ [raw-data] 2026-04-05_15-43/nguon1_khoa.parquet (4 rows)
[2026-04-05T15:43:11.223+0000] {minio_client.py:223} INFO -   MinIO ↓ [raw-data] 2026-04-05_15-43/nguon1_khoa.parquet (4 rows)
[2026-04-05T15:43:11.235+0000] {logging_mixin.py:188} WARNING - [2026-04-05 15:43:11] INFO    utils.minio :   MinIO ↓ [raw-data] 2026-04-05_15-43/nguon1_nganh.parquet (3 rows)
[2026-04-05T15:43:11.235+0000] {minio_client.py:223} INFO -   MinIO ↓ [raw-data] 2026-04-05_15-43/nguon1_nganh.parquet (3 rows)
[2026-04-05T15:43:11.248+0000] {logging_mixin.py:188} WARNING - [2026-04-05 15:43:11] INFO    utils.minio :   MinIO ↓ [raw-data] 2026-04-05_15-43/nguon1_giang_vien.parquet (45 rows)
[2026-04-05T15:43:11.248+0000] {minio_client.py:223} INFO -   MinIO ↓ [raw-data] 2026-04-05_15-43/nguon1_giang_vien.parquet (45 rows)
[2026-04-05T15:43:11.259+0000] {logging_mixin.py:188} WARNING - [2026-04-05 15:43:11] INFO    utils.minio :   MinIO ↓ [raw-data] 2026-04-05_15-43/nguon1_lop_hanh_chinh.parquet (48 rows)
[2026-04-05T15:43:11.259+0000] {minio_client.py:223} INFO -   MinIO ↓ [raw-data] 2026-04-05_15-43/nguon1_lop_hanh_chinh.parquet (48 rows)
[2026-04-05T15:43:11.275+0000] {logging_mixin.py:188} WARNING - [2026-04-05 15:43:11] INFO    utils.minio :   MinIO ↓ [raw-data] 2026-04-05_15-43/nguon1_sinh_vien.parquet (1,695 rows)
[2026-04-05T15:43:11.275+0000] {minio_client.py:223} INFO -   MinIO ↓ [raw-data] 2026-04-05_15-43/nguon1_sinh_vien.parquet (1,695 rows)
[2026-04-05T15:43:11.288+0000] {logging_mixin.py:188} WARNING - [2026-04-05 15:43:11] INFO    utils.minio :   MinIO ↓ [raw-data] 2026-04-05_15-43/nguon1_hoc_phan.parquet (121 rows)
[2026-04-05T15:43:11.288+0000] {minio_client.py:223} INFO -   MinIO ↓ [raw-data] 2026-04-05_15-43/nguon1_hoc_phan.parquet (121 rows)
[2026-04-05T15:43:11.303+0000] {logging_mixin.py:188} WARNING - [2026-04-05 15:43:11] INFO    utils.minio :   MinIO ↓ [raw-data] 2026-04-05_15-43/nguon1_hoc_ky.parquet (9 rows)
[2026-04-05T15:43:11.303+0000] {minio_client.py:223} INFO -   MinIO ↓ [raw-data] 2026-04-05_15-43/nguon1_hoc_ky.parquet (9 rows)
[2026-04-05T15:43:11.336+0000] {logging_mixin.py:188} WARNING - [2026-04-05 15:43:11] INFO    utils.minio :   MinIO ↓ [raw-data] 2026-04-05_15-43/nguon1_dang_ky.parquet (58,001 rows)
[2026-04-05T15:43:11.336+0000] {minio_client.py:223} INFO -   MinIO ↓ [raw-data] 2026-04-05_15-43/nguon1_dang_ky.parquet (58,001 rows)
[2026-04-05T15:43:11.364+0000] {logging_mixin.py:188} WARNING - [2026-04-05 15:43:11] INFO    utils.minio :   MinIO ↓ [raw-data] 2026-04-05_15-43/nguon1_diem.parquet (58,001 rows)
[2026-04-05T15:43:11.364+0000] {minio_client.py:223} INFO -   MinIO ↓ [raw-data] 2026-04-05_15-43/nguon1_diem.parquet (58,001 rows)
[2026-04-05T15:43:11.379+0000] {logging_mixin.py:188} WARNING - [2026-04-05 15:43:11] INFO    utils.minio :   MinIO ↓ [raw-data] 2026-04-05_15-43/nguon1_tong_hop_ket_qua.parquet (1,695 rows)
[2026-04-05T15:43:11.379+0000] {minio_client.py:223} INFO -   MinIO ↓ [raw-data] 2026-04-05_15-43/nguon1_tong_hop_ket_qua.parquet (1,695 rows)
[2026-04-05T15:43:11.393+0000] {logging_mixin.py:188} WARNING - [2026-04-05 15:43:11] INFO    utils.minio :   MinIO ↓ [raw-data] 2026-04-05_15-43/nguon2_ctsv.parquet (9,238 rows)
[2026-04-05T15:43:11.393+0000] {minio_client.py:223} INFO -   MinIO ↓ [raw-data] 2026-04-05_15-43/nguon2_ctsv.parquet (9,238 rows)
[2026-04-05T15:43:11.407+0000] {logging_mixin.py:188} WARNING - [2026-04-05 15:43:11] INFO    utils.minio :   MinIO ↓ [raw-data] 2026-04-05_15-43/nguon3_tai_chinh.parquet (9,238 rows)
[2026-04-05T15:43:11.407+0000] {minio_client.py:223} INFO -   MinIO ↓ [raw-data] 2026-04-05_15-43/nguon3_tai_chinh.parquet (9,238 rows)
[2026-04-05T15:43:11.408+0000] {logging_mixin.py:188} WARNING - [2026-04-05 15:43:11] INFO    etl.extract :  Load from staging OK — run_id=2026-04-05_15-43
[2026-04-05T15:43:11.408+0000] {extract.py:369} INFO -  Load from staging OK — run_id=2026-04-05_15-43
[2026-04-05T15:43:11.410+0000] {logging_mixin.py:188} WARNING - [2026-04-05 15:43:11] INFO    etl.transform : ======================================================================
[2026-04-05T15:43:11.410+0000] {transform.py:82} INFO - ======================================================================
[2026-04-05T15:43:11.411+0000] {logging_mixin.py:188} WARNING - [2026-04-05 15:43:11] INFO    etl.transform : BẮT ĐẦU TRANSFORM
[2026-04-05T15:43:11.411+0000] {transform.py:83} INFO - BẮT ĐẦU TRANSFORM
[2026-04-05T15:43:11.413+0000] {logging_mixin.py:188} WARNING - [2026-04-05 15:43:11] INFO    etl.transform : ======================================================================
[2026-04-05T15:43:11.413+0000] {transform.py:84} INFO - ======================================================================
[2026-04-05T15:43:11.415+0000] {logging_mixin.py:188} WARNING - [2026-04-05 15:43:11] INFO    etl.transform : ── Bước 1: Transform Dimension Tables ──
[2026-04-05T15:43:11.415+0000] {transform.py:89} INFO - ── Bước 1: Transform Dimension Tables ──
[2026-04-05T15:43:11.421+0000] {logging_mixin.py:188} WARNING - [2026-04-05 15:43:11] INFO    etl.transform :   dim_hoc_ky                →        9 records ✓
[2026-04-05T15:43:11.421+0000] {transform.py:908} INFO -   dim_hoc_ky                →        9 records ✓
[2026-04-05T15:43:11.427+0000] {logging_mixin.py:188} WARNING - [2026-04-05 15:43:11] INFO    etl.transform : [left_join] 'dim_giang_vien ← khoa': join OK (45 records, 0 unmatched)
[2026-04-05T15:43:11.427+0000] {transform.py:863} INFO - [left_join] 'dim_giang_vien ← khoa': join OK (45 records, 0 unmatched)
[2026-04-05T15:43:11.429+0000] {logging_mixin.py:188} WARNING - [2026-04-05 15:43:11] INFO    etl.transform :   dim_giang_vien            →       45 records ✓
[2026-04-05T15:43:11.429+0000] {transform.py:908} INFO -   dim_giang_vien            →       45 records ✓
[2026-04-05T15:43:11.433+0000] {logging_mixin.py:188} WARNING - [2026-04-05 15:43:11] WARNING etl.transform : [dim_hoc_phan] 2 records có so_tin_chi không hợp lệ (ngoài [1,10] hoặc NULL)
[2026-04-05T15:43:11.433+0000] {transform.py:282} WARNING - [dim_hoc_phan] 2 records có so_tin_chi không hợp lệ (ngoài [1,10] hoặc NULL)
[2026-04-05T15:43:11.436+0000] {logging_mixin.py:188} WARNING - [2026-04-05 15:43:11] INFO    etl.transform : [left_join] 'dim_hoc_phan ← khoa': join OK (121 records, 0 unmatched)
[2026-04-05T15:43:11.436+0000] {transform.py:863} INFO - [left_join] 'dim_hoc_phan ← khoa': join OK (121 records, 0 unmatched)
[2026-04-05T15:43:11.438+0000] {logging_mixin.py:188} WARNING - [2026-04-05 15:43:11] INFO    etl.transform :   dim_hoc_phan              →      121 records ✓
[2026-04-05T15:43:11.438+0000] {transform.py:908} INFO -   dim_hoc_phan              →      121 records ✓
[2026-04-05T15:43:11.445+0000] {logging_mixin.py:188} WARNING - [2026-04-05 15:43:11] INFO    etl.transform : [left_join] 'dim_sinh_vien ← nganh': join OK (1695 records, 0 unmatched)
[2026-04-05T15:43:11.444+0000] {transform.py:863} INFO - [left_join] 'dim_sinh_vien ← nganh': join OK (1695 records, 0 unmatched)
[2026-04-05T15:43:11.448+0000] {logging_mixin.py:188} WARNING - [2026-04-05 15:43:11] INFO    etl.transform : [left_join] 'dim_sinh_vien ← khoa': join OK (1695 records, 0 unmatched)
[2026-04-05T15:43:11.448+0000] {transform.py:863} INFO - [left_join] 'dim_sinh_vien ← khoa': join OK (1695 records, 0 unmatched)
[2026-04-05T15:43:11.453+0000] {logging_mixin.py:188} WARNING - [2026-04-05 15:43:11] INFO    etl.transform : [left_join] 'dim_sinh_vien ← lop': join OK (1695 records, 0 unmatched)
[2026-04-05T15:43:11.452+0000] {transform.py:863} INFO - [left_join] 'dim_sinh_vien ← lop': join OK (1695 records, 0 unmatched)
[2026-04-05T15:43:11.460+0000] {logging_mixin.py:188} WARNING - [2026-04-05 15:43:11] INFO    etl.transform :   dim_sinh_vien             →    1,695 records ✓
[2026-04-05T15:43:11.459+0000] {transform.py:908} INFO -   dim_sinh_vien             →    1,695 records ✓
[2026-04-05T15:43:11.461+0000] {logging_mixin.py:188} WARNING - [2026-04-05 15:43:11] INFO    etl.transform : ── Bước 2: Transform Fact Tables ──
[2026-04-05T15:43:11.461+0000] {transform.py:111} INFO - ── Bước 2: Transform Fact Tables ──
[2026-04-05T15:43:11.492+0000] {logging_mixin.py:188} WARNING - [2026-04-05 15:43:11] INFO    etl.transform : [fact_diem] Tính lại diem_tong_ket cho 1160 bản ghi
[2026-04-05T15:43:11.492+0000] {transform.py:515} INFO - [fact_diem] Tính lại diem_tong_ket cho 1160 bản ghi
[2026-04-05T15:43:11.496+0000] {taskinstance.py:2698} ERROR - Task failed with exception
Traceback (most recent call last):
  File "/home/airflow/.local/lib/python3.11/site-packages/airflow/models/taskinstance.py", line 433, in _execute_task
    result = execute_callable(context=context, **execute_callable_kwargs)
             ^^^^^^^^^^^^^^^^^^^^^^^^^^^^^^^^^^^^^^^^^^^^^^^^^^^^^^^^^^^^
  File "/home/airflow/.local/lib/python3.11/site-packages/airflow/operators/python.py", line 199, in execute
    return_value = self.execute_callable()
                   ^^^^^^^^^^^^^^^^^^^^^^^
  File "/home/airflow/.local/lib/python3.11/site-packages/airflow/operators/python.py", line 216, in execute_callable
    return self.python_callable(*self.op_args, **self.op_kwargs)
           ^^^^^^^^^^^^^^^^^^^^^^^^^^^^^^^^^^^^^^^^^^^^^^^^^^^^^
  File "/opt/airflow/dags/daily_student_pipeline.py", line 129, in task_transform
    transformed = transformer.transform_all(data)
                  ^^^^^^^^^^^^^^^^^^^^^^^^^^^^^^^
  File "/opt/airflow/src/etl/transform.py", line 113, in transform_all
    result.fact_diem      = self._transform_fact_diem(
                            ^^^^^^^^^^^^^^^^^^^^^^^^^^
  File "/opt/airflow/src/etl/transform.py", line 531, in _transform_fact_diem
    self._to_letter_grade
AttributeError: 'DataTransformer' object has no attribute '_to_letter_grade'
[2026-04-05T15:43:11.519+0000] {taskinstance.py:1138} INFO - Marking task as FAILED. dag_id=daily_student_pipeline, task_id=transform_data, execution_date=20260405T154250, start_date=20260405T154310, end_date=20260405T154311
[2026-04-05T15:43:11.538+0000] {standard_task_runner.py:107} ERROR - Failed to execute job 235 for task transform_data ('DataTransformer' object has no attribute '_to_letter_grade'; 25429)
[2026-04-05T15:43:11.573+0000] {local_task_job_runner.py:234} INFO - Task exited with return code 1
[2026-04-05T15:43:11.595+0000] {taskinstance.py:3280} INFO - 0 downstream tasks scheduled from follow-on schedule check
