[2026-04-02T12:53:00.245+0000] {taskinstance.py:1956} INFO - Dependencies all met for dep_context=non-requeueable deps ti=<TaskInstance: daily_student_pipeline.load_data manual__2026-04-02T12:52:51.091521+00:00 [queued]>
[2026-04-02T12:53:00.252+0000] {taskinstance.py:1956} INFO - Dependencies all met for dep_context=requeueable deps ti=<TaskInstance: daily_student_pipeline.load_data manual__2026-04-02T12:52:51.091521+00:00 [queued]>
[2026-04-02T12:53:00.253+0000] {taskinstance.py:2170} INFO - Starting attempt 1 of 1
[2026-04-02T12:53:00.264+0000] {taskinstance.py:2191} INFO - Executing <Task(PythonOperator): load_data> on 2026-04-02 12:52:51.091521+00:00
[2026-04-02T12:53:00.267+0000] {standard_task_runner.py:60} INFO - Started process 444 to run task
[2026-04-02T12:53:00.270+0000] {standard_task_runner.py:87} INFO - Running: ['***', 'tasks', 'run', 'daily_student_pipeline', 'load_data', 'manual__2026-04-02T12:52:51.091521+00:00', '--job-id', '94', '--raw', '--subdir', 'DAGS_FOLDER/daily_student_pipeline.py', '--cfg-path', '/tmp/tmppltj04wk']
[2026-04-02T12:53:00.272+0000] {standard_task_runner.py:88} INFO - Job 94: Subtask load_data
[2026-04-02T12:53:00.339+0000] {task_command.py:423} INFO - Running <TaskInstance: daily_student_pipeline.load_data manual__2026-04-02T12:52:51.091521+00:00 [running]> on host 8474c56aea3d
[2026-04-02T12:53:00.429+0000] {taskinstance.py:2480} INFO - Exporting env vars: AIRFLOW_CTX_DAG_OWNER='nhom8' AIRFLOW_CTX_DAG_ID='daily_student_pipeline' AIRFLOW_CTX_TASK_ID='load_data' AIRFLOW_CTX_EXECUTION_DATE='2026-04-02T12:52:51.091521+00:00' AIRFLOW_CTX_TRY_NUMBER='1' AIRFLOW_CTX_DAG_RUN_ID='manual__2026-04-02T12:52:51.091521+00:00'
[2026-04-02T12:53:01.189+0000] {logging_mixin.py:188} WARNING - [2026-04-02 12:53:01] INFO    etl.transform :   Load TransformedData từ MinIO staging: run_id=2026-04-02_12-52
[2026-04-02T12:53:01.189+0000] {transform.py:163} INFO -   Load TransformedData từ MinIO staging: run_id=2026-04-02_12-52
[2026-04-02T12:53:01.218+0000] {logging_mixin.py:188} WARNING - [2026-04-02 12:53:01] INFO    utils.minio :   MinIO ↓ [staging-data] 2026-04-02_12-52/dim_hoc_ky.parquet (9 rows)
[2026-04-02T12:53:01.218+0000] {minio_client.py:223} INFO -   MinIO ↓ [staging-data] 2026-04-02_12-52/dim_hoc_ky.parquet (9 rows)
[2026-04-02T12:53:01.230+0000] {logging_mixin.py:188} WARNING - [2026-04-02 12:53:01] INFO    utils.minio :   MinIO ↓ [staging-data] 2026-04-02_12-52/dim_giang_vien.parquet (45 rows)
[2026-04-02T12:53:01.230+0000] {minio_client.py:223} INFO -   MinIO ↓ [staging-data] 2026-04-02_12-52/dim_giang_vien.parquet (45 rows)
[2026-04-02T12:53:01.239+0000] {logging_mixin.py:188} WARNING - [2026-04-02 12:53:01] INFO    utils.minio :   MinIO ↓ [staging-data] 2026-04-02_12-52/dim_hoc_phan.parquet (121 rows)
[2026-04-02T12:53:01.239+0000] {minio_client.py:223} INFO -   MinIO ↓ [staging-data] 2026-04-02_12-52/dim_hoc_phan.parquet (121 rows)
[2026-04-02T12:53:01.252+0000] {logging_mixin.py:188} WARNING - [2026-04-02 12:53:01] INFO    utils.minio :   MinIO ↓ [staging-data] 2026-04-02_12-52/dim_sinh_vien.parquet (1,695 rows)
[2026-04-02T12:53:01.252+0000] {minio_client.py:223} INFO -   MinIO ↓ [staging-data] 2026-04-02_12-52/dim_sinh_vien.parquet (1,695 rows)
[2026-04-02T12:53:01.270+0000] {logging_mixin.py:188} WARNING - [2026-04-02 12:53:01] INFO    utils.minio :   MinIO ↓ [staging-data] 2026-04-02_12-52/fact_diem.parquet (54,529 rows)
[2026-04-02T12:53:01.270+0000] {minio_client.py:223} INFO -   MinIO ↓ [staging-data] 2026-04-02_12-52/fact_diem.parquet (54,529 rows)
[2026-04-02T12:53:01.280+0000] {logging_mixin.py:188} WARNING - [2026-04-02 12:53:01] INFO    utils.minio :   MinIO ↓ [staging-data] 2026-04-02_12-52/fact_ren_luyen.parquet (8,990 rows)
[2026-04-02T12:53:01.280+0000] {minio_client.py:223} INFO -   MinIO ↓ [staging-data] 2026-04-02_12-52/fact_ren_luyen.parquet (8,990 rows)
[2026-04-02T12:53:01.292+0000] {logging_mixin.py:188} WARNING - [2026-04-02 12:53:01] INFO    utils.minio :   MinIO ↓ [staging-data] 2026-04-02_12-52/fact_tai_chinh.parquet (8,990 rows)
[2026-04-02T12:53:01.292+0000] {minio_client.py:223} INFO -   MinIO ↓ [staging-data] 2026-04-02_12-52/fact_tai_chinh.parquet (8,990 rows)
[2026-04-02T12:53:01.300+0000] {logging_mixin.py:188} WARNING - [2026-04-02 12:53:01] WARNING utils.minio :   MinIO không tìm thấy: 2026-04-02_12-52/fact_tong_hop_sv.parquet
[2026-04-02T12:53:01.300+0000] {minio_client.py:229} WARNING -   MinIO không tìm thấy: 2026-04-02_12-52/fact_tong_hop_sv.parquet
[2026-04-02T12:53:01.303+0000] {logging_mixin.py:188} WARNING - [2026-04-02 12:53:01] INFO    etl.transform : Load from staging-data OK — run_id=2026-04-02_12-52
[2026-04-02T12:53:01.303+0000] {transform.py:176} INFO - Load from staging-data OK — run_id=2026-04-02_12-52
[2026-04-02T12:53:01.304+0000] {logging_mixin.py:188} WARNING - [2026-04-02 12:53:01] INFO    etl.load : ==BẮT ĐẦU LOAD VÀO DATA WAREHOUSE==
[2026-04-02T12:53:01.304+0000] {load.py:34} INFO - ==BẮT ĐẦU LOAD VÀO DATA WAREHOUSE==
[2026-04-02T12:53:01.306+0000] {logging_mixin.py:188} WARNING - [2026-04-02 12:53:01] INFO    etl.load : ======================================================================
[2026-04-02T12:53:01.306+0000] {load.py:35} INFO - ======================================================================
[2026-04-02T12:53:01.307+0000] {logging_mixin.py:188} WARNING - [2026-04-02 12:53:01] INFO    etl.load : 🔧 Tạo schema warehouse từ warehouse_models.py...
[2026-04-02T12:53:01.307+0000] {load.py:96} INFO - 🔧 Tạo schema warehouse từ warehouse_models.py...
[2026-04-02T12:53:01.329+0000] {logging_mixin.py:188} WARNING - [2026-04-02 12:53:01] INFO    etl.load :   Schema warehouse OK ✓
[2026-04-02T12:53:01.329+0000] {load.py:98} INFO -   Schema warehouse OK ✓
[2026-04-02T12:53:01.331+0000] {logging_mixin.py:188} WARNING - [2026-04-02 12:53:01] INFO    etl.load : ── Bước 1: Load Dimension Tables ──
[2026-04-02T12:53:01.331+0000] {load.py:41} INFO - ── Bước 1: Load Dimension Tables ──
[2026-04-02T12:53:01.358+0000] {logging_mixin.py:188} WARNING - [2026-04-02 12:53:01] INFO    etl.load :   dim_hoc_ky     →      9 records (new: 0)
[2026-04-02T12:53:01.358+0000] {load.py:185} INFO -   dim_hoc_ky     →      9 records (new: 0)
[2026-04-02T12:53:01.405+0000] {logging_mixin.py:188} WARNING - [2026-04-02 12:53:01] INFO    etl.load :   dim_giang_vien →     45 records (new: 0)
[2026-04-02T12:53:01.405+0000] {load.py:234} INFO -   dim_giang_vien →     45 records (new: 0)
[2026-04-02T12:53:01.482+0000] {logging_mixin.py:188} WARNING - [2026-04-02 12:53:01] INFO    etl.load :   dim_hoc_phan   →    121 records (new: 0)
[2026-04-02T12:53:01.482+0000] {load.py:282} INFO -   dim_hoc_phan   →    121 records (new: 0)
[2026-04-02T12:53:02.690+0000] {logging_mixin.py:188} WARNING - [2026-04-02 12:53:02] INFO    etl.load :   dim_sinh_vien →  1,695 records (new: 0, SCD2: 0, fact cascade: 0)
[2026-04-02T12:53:02.690+0000] {load.py:390} INFO -   dim_sinh_vien →  1,695 records (new: 0, SCD2: 0, fact cascade: 0)
[2026-04-02T12:53:02.693+0000] {logging_mixin.py:188} WARNING - [2026-04-02 12:53:02] INFO    etl.load : ── Bước 2: Build Surrogate Key Cache ──
[2026-04-02T12:53:02.693+0000] {load.py:47} INFO - ── Bước 2: Build Surrogate Key Cache ──
[2026-04-02T12:53:02.696+0000] {logging_mixin.py:188} WARNING - [2026-04-02 12:53:02] INFO    etl.load :  Building surrogate key caches...
[2026-04-02T12:53:02.696+0000] {load.py:101} INFO -  Building surrogate key caches...
[2026-04-02T12:53:02.718+0000] {logging_mixin.py:188} WARNING - [2026-04-02 12:53:02] INFO    etl.load :   SV=1695, HP=121, GV=45, HK=9
[2026-04-02T12:53:02.718+0000] {load.py:129} INFO -   SV=1695, HP=121, GV=45, HK=9
[2026-04-02T12:53:02.720+0000] {logging_mixin.py:188} WARNING - [2026-04-02 12:53:02] INFO    etl.load : ── Bước 3: Load Fact Tables ──
[2026-04-02T12:53:02.720+0000] {load.py:50} INFO - ── Bước 3: Load Fact Tables ──
[2026-04-02T12:54:22.049+0000] {logging_mixin.py:188} WARNING - [2026-04-02 12:54:22] INFO    etl.load :   fact_hoc_tap   →      0 records
[2026-04-02T12:54:22.048+0000] {load.py:522} INFO -   fact_hoc_tap   →      0 records
[2026-04-02T12:54:28.641+0000] {logging_mixin.py:188} WARNING - [2026-04-02 12:54:28] INFO    etl.load :   fact_ctsv      →      0 records
[2026-04-02T12:54:28.641+0000] {load.py:641} INFO -   fact_ctsv      →      0 records
[2026-04-02T12:54:36.302+0000] {logging_mixin.py:188} WARNING - [2026-04-02 12:54:36] INFO    etl.load :   fact_tai_chinh →      0 records
[2026-04-02T12:54:36.302+0000] {load.py:702} INFO -   fact_tai_chinh →      0 records
[2026-04-02T12:54:36.303+0000] {logging_mixin.py:188} WARNING - [2026-04-02 12:54:36] INFO    etl.load : ── Bước 4: Build Aggregation ──
[2026-04-02T12:54:36.303+0000] {load.py:55} INFO - ── Bước 4: Build Aggregation ──
[2026-04-02T12:54:36.304+0000] {logging_mixin.py:188} WARNING - [2026-04-02 12:54:36] INFO    etl.aggregation : == BẮT ĐẦU AGGREGATION ==
[2026-04-02T12:54:36.304+0000] {aggregation.py:13} INFO - == BẮT ĐẦU AGGREGATION ==
[2026-04-02T12:54:36.494+0000] {logging_mixin.py:188} WARNING - [2026-04-02 12:54:36] INFO    etl.aggregation :  agg_student_summary → 1,695 records
[2026-04-02T12:54:36.494+0000] {aggregation.py:171} INFO -  agg_student_summary → 1,695 records
[2026-04-02T12:54:36.495+0000] {logging_mixin.py:188} WARNING - [2026-04-02 12:54:36] INFO    etl.aggregation :  agg_student_summary rebuilt : 1,695
[2026-04-02T12:54:36.495+0000] {aggregation.py:18} INFO -  agg_student_summary rebuilt : 1,695
[2026-04-02T12:54:36.496+0000] {logging_mixin.py:188} WARNING - [2026-04-02 12:54:36] INFO    etl.aggregation : == AGGREGATION HOÀN TẤT ==
[2026-04-02T12:54:36.496+0000] {aggregation.py:19} INFO - == AGGREGATION HOÀN TẤT ==
[2026-04-02T12:54:36.498+0000] {logging_mixin.py:188} WARNING - [2026-04-02 12:54:36] INFO    etl.load : ======================================================================
[2026-04-02T12:54:36.498+0000] {load.py:59} INFO - ======================================================================
[2026-04-02T12:54:36.499+0000] {logging_mixin.py:188} WARNING - [2026-04-02 12:54:36] INFO    etl.load : LOAD HOÀN TẤT
[2026-04-02T12:54:36.499+0000] {load.py:60} INFO - LOAD HOÀN TẤT
[2026-04-02T12:54:36.500+0000] {logging_mixin.py:188} WARNING - [2026-04-02 12:54:36] INFO    etl.load :   dim_hoc_ky               :        9 records
[2026-04-02T12:54:36.500+0000] {load.py:63} INFO -   dim_hoc_ky               :        9 records
[2026-04-02T12:54:36.501+0000] {logging_mixin.py:188} WARNING - [2026-04-02 12:54:36] INFO    etl.load :   dim_giang_vien           :       45 records
[2026-04-02T12:54:36.501+0000] {load.py:63} INFO -   dim_giang_vien           :       45 records
[2026-04-02T12:54:36.502+0000] {logging_mixin.py:188} WARNING - [2026-04-02 12:54:36] INFO    etl.load :   dim_hoc_phan             :      121 records
[2026-04-02T12:54:36.502+0000] {load.py:63} INFO -   dim_hoc_phan             :      121 records
[2026-04-02T12:54:36.503+0000] {logging_mixin.py:188} WARNING - [2026-04-02 12:54:36] INFO    etl.load :   dim_sinh_vien            :        0 records
[2026-04-02T12:54:36.503+0000] {load.py:63} INFO -   dim_sinh_vien            :        0 records
[2026-04-02T12:54:36.503+0000] {logging_mixin.py:188} WARNING - [2026-04-02 12:54:36] INFO    etl.load :   fact_hoc_tap             :        0 records
[2026-04-02T12:54:36.503+0000] {load.py:63} INFO -   fact_hoc_tap             :        0 records
[2026-04-02T12:54:36.504+0000] {logging_mixin.py:188} WARNING - [2026-04-02 12:54:36] INFO    etl.load :   fact_ctsv                :        0 records
[2026-04-02T12:54:36.504+0000] {load.py:63} INFO -   fact_ctsv                :        0 records
[2026-04-02T12:54:36.505+0000] {logging_mixin.py:188} WARNING - [2026-04-02 12:54:36] INFO    etl.load :   fact_tai_chinh           :        0 records
[2026-04-02T12:54:36.505+0000] {load.py:63} INFO -   fact_tai_chinh           :        0 records
[2026-04-02T12:54:36.505+0000] {logging_mixin.py:188} WARNING - [2026-04-02 12:54:36] INFO    etl.load :   agg_student_summary      :    1,695 records
[2026-04-02T12:54:36.505+0000] {load.py:63} INFO -   agg_student_summary      :    1,695 records
[2026-04-02T12:54:36.506+0000] {logging_mixin.py:188} WARNING - [2026-04-02 12:54:36] INFO    etl.load :   TỔNG                     :    1,870 records
[2026-04-02T12:54:36.506+0000] {load.py:65} INFO -   TỔNG                     :    1,870 records
[2026-04-02T12:54:36.506+0000] {logging_mixin.py:188} WARNING - [2026-04-02 12:54:36] INFO    etl.load : ======================================================================
[2026-04-02T12:54:36.506+0000] {load.py:66} INFO - ======================================================================
[2026-04-02T12:54:36.521+0000] {logging_mixin.py:188} INFO - Load xong: {'dim_hoc_ky': 9, 'dim_giang_vien': 45, 'dim_hoc_phan': 121, 'dim_sinh_vien': 0, 'fact_hoc_tap': 0, 'fact_ctsv': 0, 'fact_tai_chinh': 0, 'agg_student_summary': 1695}
[2026-04-02T12:54:36.523+0000] {python.py:201} INFO - Done. Returned value was: {'dim_hoc_ky': 9, 'dim_giang_vien': 45, 'dim_hoc_phan': 121, 'dim_sinh_vien': 0, 'fact_hoc_tap': 0, 'fact_ctsv': 0, 'fact_tai_chinh': 0, 'agg_student_summary': 1695}
[2026-04-02T12:54:36.544+0000] {taskinstance.py:1138} INFO - Marking task as SUCCESS. dag_id=daily_student_pipeline, task_id=load_data, execution_date=20260402T125251, start_date=20260402T125300, end_date=20260402T125436
[2026-04-02T12:54:36.569+0000] {local_task_job_runner.py:234} INFO - Task exited with return code 0
[2026-04-02T12:54:36.595+0000] {taskinstance.py:3280} INFO - 1 downstream tasks scheduled from follow-on schedule check
