[2026-04-19T14:05:47.103+0000] {taskinstance.py:1956} INFO - Dependencies all met for dep_context=non-requeueable deps ti=<TaskInstance: daily_student_pipeline.extract_data manual__2026-04-19T14:05:45.543402+00:00 [queued]>
[2026-04-19T14:05:47.111+0000] {taskinstance.py:1956} INFO - Dependencies all met for dep_context=requeueable deps ti=<TaskInstance: daily_student_pipeline.extract_data manual__2026-04-19T14:05:45.543402+00:00 [queued]>
[2026-04-19T14:05:47.112+0000] {taskinstance.py:2170} INFO - Starting attempt 1 of 1
[2026-04-19T14:05:47.124+0000] {taskinstance.py:2191} INFO - Executing <Task(PythonOperator): extract_data> on 2026-04-19 14:05:45.543402+00:00
[2026-04-19T14:05:47.129+0000] {standard_task_runner.py:60} INFO - Started process 1602 to run task
[2026-04-19T14:05:47.131+0000] {standard_task_runner.py:87} INFO - Running: ['***', 'tasks', 'run', 'daily_student_pipeline', 'extract_data', 'manual__2026-04-19T14:05:45.543402+00:00', '--job-id', '360', '--raw', '--subdir', 'DAGS_FOLDER/daily_student_pipeline.py', '--cfg-path', '/tmp/tmpml_m7ptp']
[2026-04-19T14:05:47.134+0000] {standard_task_runner.py:88} INFO - Job 360: Subtask extract_data
[2026-04-19T14:05:47.206+0000] {task_command.py:423} INFO - Running <TaskInstance: daily_student_pipeline.extract_data manual__2026-04-19T14:05:45.543402+00:00 [running]> on host eb2cbdc99987
[2026-04-19T14:05:47.307+0000] {taskinstance.py:2480} INFO - Exporting env vars: AIRFLOW_CTX_DAG_OWNER='nhom8' AIRFLOW_CTX_DAG_ID='daily_student_pipeline' AIRFLOW_CTX_TASK_ID='extract_data' AIRFLOW_CTX_EXECUTION_DATE='2026-04-19T14:05:45.543402+00:00' AIRFLOW_CTX_TRY_NUMBER='1' AIRFLOW_CTX_DAG_RUN_ID='manual__2026-04-19T14:05:45.543402+00:00'
[2026-04-19T14:05:48.076+0000] {logging_mixin.py:188} WARNING - [2026-04-19 14:05:48] INFO    etl.extract : ==BẮT ĐẦU FULL EXTRACT==
[2026-04-19T14:05:48.076+0000] {extract.py:346} INFO - ==BẮT ĐẦU FULL EXTRACT==
[2026-04-19T14:05:48.078+0000] {logging_mixin.py:188} WARNING - [2026-04-19 14:05:48] INFO    etl.extract : ======================================================================
[2026-04-19T14:05:48.078+0000] {extract.py:347} INFO - ======================================================================
[2026-04-19T14:05:48.082+0000] {logging_mixin.py:188} WARNING - [2026-04-19 14:05:48] INFO    etl.extract : ════════════════════════════════════════════════════════════
[2026-04-19T14:05:48.082+0000] {extract.py:84} INFO - ════════════════════════════════════════════════════════════
[2026-04-19T14:05:48.083+0000] {logging_mixin.py:188} WARNING - [2026-04-19 14:05:48] INFO    etl.extract : NGUỒN 1 — PostgreSQL (Phòng Đào tạo) | Full Extract
[2026-04-19T14:05:48.083+0000] {extract.py:85} INFO - NGUỒN 1 — PostgreSQL (Phòng Đào tạo) | Full Extract
[2026-04-19T14:05:48.084+0000] {logging_mixin.py:188} WARNING - [2026-04-19 14:05:48] INFO    etl.extract : ════════════════════════════════════════════════════════════
[2026-04-19T14:05:48.084+0000] {extract.py:86} INFO - ════════════════════════════════════════════════════════════
[2026-04-19T14:05:48.127+0000] {logging_mixin.py:188} WARNING - [2026-04-19 14:05:48] INFO    etl.extract :   PostgreSQL | khoa                      →      4 records
[2026-04-19T14:05:48.127+0000] {extract.py:68} INFO -   PostgreSQL | khoa                      →      4 records
[2026-04-19T14:05:48.150+0000] {logging_mixin.py:188} WARNING - [2026-04-19 14:05:48] INFO    etl.extract :   PostgreSQL | nganh                     →      3 records
[2026-04-19T14:05:48.150+0000] {extract.py:68} INFO -   PostgreSQL | nganh                     →      3 records
[2026-04-19T14:05:48.176+0000] {logging_mixin.py:188} WARNING - [2026-04-19 14:05:48] INFO    etl.extract :   PostgreSQL | giang_vien                →     45 records
[2026-04-19T14:05:48.176+0000] {extract.py:68} INFO -   PostgreSQL | giang_vien                →     45 records
[2026-04-19T14:05:48.223+0000] {logging_mixin.py:188} WARNING - [2026-04-19 14:05:48] INFO    etl.extract :   PostgreSQL | lop_hanh_chinh            →     48 records
[2026-04-19T14:05:48.223+0000] {extract.py:68} INFO -   PostgreSQL | lop_hanh_chinh            →     48 records
[2026-04-19T14:05:48.293+0000] {logging_mixin.py:188} WARNING - [2026-04-19 14:05:48] INFO    etl.extract :   PostgreSQL | sinh_vien                 →  1,695 records
[2026-04-19T14:05:48.293+0000] {extract.py:68} INFO -   PostgreSQL | sinh_vien                 →  1,695 records
[2026-04-19T14:05:48.335+0000] {logging_mixin.py:188} WARNING - [2026-04-19 14:05:48] INFO    etl.extract :   PostgreSQL | hoc_phan                  →    121 records
[2026-04-19T14:05:48.335+0000] {extract.py:68} INFO -   PostgreSQL | hoc_phan                  →    121 records
[2026-04-19T14:05:48.355+0000] {logging_mixin.py:188} WARNING - [2026-04-19 14:05:48] INFO    etl.extract :   PostgreSQL | hoc_ky_nam_hoc            →     13 records
[2026-04-19T14:05:48.355+0000] {extract.py:68} INFO -   PostgreSQL | hoc_ky_nam_hoc            →     13 records
[2026-04-19T14:05:48.607+0000] {logging_mixin.py:188} WARNING - [2026-04-19 14:05:48] INFO    etl.extract :   PostgreSQL | dang_ky_hoc_phan          → 56,454 records
[2026-04-19T14:05:48.607+0000] {extract.py:68} INFO -   PostgreSQL | dang_ky_hoc_phan          → 56,454 records
[2026-04-19T14:05:49.290+0000] {logging_mixin.py:188} WARNING - [2026-04-19 14:05:49] INFO    etl.extract :   PostgreSQL | diem_hoc_phan             → 55,974 records
[2026-04-19T14:05:49.290+0000] {extract.py:68} INFO -   PostgreSQL | diem_hoc_phan             → 55,974 records
[2026-04-19T14:05:49.393+0000] {logging_mixin.py:188} WARNING - [2026-04-19 14:05:49] INFO    etl.extract :   PostgreSQL | tong_hop_ket_qua          →  1,695 records
[2026-04-19T14:05:49.393+0000] {extract.py:68} INFO -   PostgreSQL | tong_hop_ket_qua          →  1,695 records
[2026-04-19T14:05:49.395+0000] {logging_mixin.py:188} WARNING - [2026-04-19 14:05:49] INFO    etl.extract :   PostgreSQL | TỔNG: 116,052 records từ 10 bảng
[2026-04-19T14:05:49.394+0000] {extract.py:93} INFO -   PostgreSQL | TỔNG: 116,052 records từ 10 bảng
[2026-04-19T14:05:49.398+0000] {logging_mixin.py:188} WARNING - [2026-04-19 14:05:49] INFO    etl.extract : ════════════════════════════════════════════════════════════
[2026-04-19T14:05:49.398+0000] {extract.py:167} INFO - ════════════════════════════════════════════════════════════
[2026-04-19T14:05:49.400+0000] {logging_mixin.py:188} WARNING - [2026-04-19 14:05:49] INFO    etl.extract : NGUỒN 2 — CSV (Phòng CTSV) | Extract
[2026-04-19T14:05:49.399+0000] {extract.py:168} INFO - NGUỒN 2 — CSV (Phòng CTSV) | Extract
[2026-04-19T14:05:49.402+0000] {logging_mixin.py:188} WARNING - [2026-04-19 14:05:49] INFO    etl.extract : ════════════════════════════════════════════════════════════
[2026-04-19T14:05:49.401+0000] {extract.py:169} INFO - ════════════════════════════════════════════════════════════
[2026-04-19T14:05:49.409+0000] {logging_mixin.py:188} WARNING - [2026-04-19 14:05:49] INFO    etl.extract :   CSV | Tìm thấy 13 file(s)
[2026-04-19T14:05:49.409+0000] {extract.py:178} INFO -   CSV | Tìm thấy 13 file(s)
[2026-04-19T14:05:49.425+0000] {logging_mixin.py:188} WARNING - [2026-04-19 14:05:49] INFO    etl.extract :   CSV | ctsv_HK1_2021_22.csv                →    786 records
[2026-04-19T14:05:49.425+0000] {extract.py:144} INFO -   CSV | ctsv_HK1_2021_22.csv                →    786 records
[2026-04-19T14:05:49.436+0000] {logging_mixin.py:188} WARNING - [2026-04-19 14:05:49] INFO    etl.extract :   CSV | ctsv_HK1_2022_23.csv                →  1,606 records
[2026-04-19T14:05:49.436+0000] {extract.py:144} INFO -   CSV | ctsv_HK1_2022_23.csv                →  1,606 records
[2026-04-19T14:05:49.447+0000] {logging_mixin.py:188} WARNING - [2026-04-19 14:05:49] INFO    etl.extract :   CSV | ctsv_HK1_2023_24.csv                →  2,453 records
[2026-04-19T14:05:49.447+0000] {extract.py:144} INFO -   CSV | ctsv_HK1_2023_24.csv                →  2,453 records
[2026-04-19T14:05:49.461+0000] {logging_mixin.py:188} WARNING - [2026-04-19 14:05:49] INFO    etl.extract :   CSV | ctsv_HK1_2024_25.csv                →  3,293 records
[2026-04-19T14:05:49.461+0000] {extract.py:144} INFO -   CSV | ctsv_HK1_2024_25.csv                →  3,293 records
[2026-04-19T14:05:49.473+0000] {logging_mixin.py:188} WARNING - [2026-04-19 14:05:49] INFO    etl.extract :   CSV | ctsv_HK1_2025_26.csv                →  2,515 records
[2026-04-19T14:05:49.473+0000] {extract.py:144} INFO -   CSV | ctsv_HK1_2025_26.csv                →  2,515 records
[2026-04-19T14:05:49.482+0000] {logging_mixin.py:188} WARNING - [2026-04-19 14:05:49] INFO    etl.extract :   CSV | ctsv_HK2_2021_22.csv                →    789 records
[2026-04-19T14:05:49.482+0000] {extract.py:144} INFO -   CSV | ctsv_HK2_2021_22.csv                →    789 records
[2026-04-19T14:05:49.492+0000] {logging_mixin.py:188} WARNING - [2026-04-19 14:05:49] INFO    etl.extract :   CSV | ctsv_HK2_2022_23.csv                →  1,602 records
[2026-04-19T14:05:49.492+0000] {extract.py:144} INFO -   CSV | ctsv_HK2_2022_23.csv                →  1,602 records
[2026-04-19T14:05:49.504+0000] {logging_mixin.py:188} WARNING - [2026-04-19 14:05:49] INFO    etl.extract :   CSV | ctsv_HK2_2023_24.csv                →  2,447 records
[2026-04-19T14:05:49.503+0000] {extract.py:144} INFO -   CSV | ctsv_HK2_2023_24.csv                →  2,447 records
[2026-04-19T14:05:49.516+0000] {logging_mixin.py:188} WARNING - [2026-04-19 14:05:49] INFO    etl.extract :   CSV | ctsv_HK2_2024_25.csv                →  2,893 records
[2026-04-19T14:05:49.516+0000] {extract.py:144} INFO -   CSV | ctsv_HK2_2024_25.csv                →  2,893 records
[2026-04-19T14:05:49.523+0000] {logging_mixin.py:188} WARNING - [2026-04-19 14:05:49] INFO    etl.extract :   CSV | ctsv_HK3_2021_22.csv                →     51 records
[2026-04-19T14:05:49.523+0000] {extract.py:144} INFO -   CSV | ctsv_HK3_2021_22.csv                →     51 records
[2026-04-19T14:05:49.528+0000] {logging_mixin.py:188} WARNING - [2026-04-19 14:05:49] INFO    etl.extract :   CSV | ctsv_HK3_2022_23.csv                →     18 records
[2026-04-19T14:05:49.528+0000] {extract.py:144} INFO -   CSV | ctsv_HK3_2022_23.csv                →     18 records
[2026-04-19T14:05:49.534+0000] {logging_mixin.py:188} WARNING - [2026-04-19 14:05:49] INFO    etl.extract :   CSV | ctsv_HK3_2023_24.csv                →    132 records
[2026-04-19T14:05:49.534+0000] {extract.py:144} INFO -   CSV | ctsv_HK3_2023_24.csv                →    132 records
[2026-04-19T14:05:49.543+0000] {logging_mixin.py:188} WARNING - [2026-04-19 14:05:49] INFO    etl.extract :   CSV | ctsv_HK3_2024_25.csv                →     98 records
[2026-04-19T14:05:49.543+0000] {extract.py:144} INFO -   CSV | ctsv_HK3_2024_25.csv                →     98 records
[2026-04-19T14:05:49.549+0000] {logging_mixin.py:188} WARNING - [2026-04-19 14:05:49] INFO    etl.extract :   CSV | Loại bỏ 9096 bản ghi trùng
[2026-04-19T14:05:49.549+0000] {extract.py:195} INFO -   CSV | Loại bỏ 9096 bản ghi trùng
[2026-04-19T14:05:49.550+0000] {logging_mixin.py:188} WARNING - [2026-04-19 14:05:49] INFO    etl.extract :   CSV | TỔNG: 9,587 records từ 13 file(s)
[2026-04-19T14:05:49.550+0000] {extract.py:197} INFO -   CSV | TỔNG: 9,587 records từ 13 file(s)
[2026-04-19T14:05:49.579+0000] {logging_mixin.py:188} WARNING - [2026-04-19 14:05:49] INFO    etl.extract :   API | metadata: generated_at=None, schema_version=None
[2026-04-19T14:05:49.579+0000] {extract.py:232} INFO -   API | metadata: generated_at=None, schema_version=None
[2026-04-19T14:05:49.583+0000] {logging_mixin.py:188} WARNING - [2026-04-19 14:05:49] WARNING etl.extract :   API | (HTTP) HK HK1-2021-22: Loại bỏ 3 duplicate records (ma_sinh_vien, hoc_ky)
[2026-04-19T14:05:49.583+0000] {extract.py:254} WARNING -   API | (HTTP) HK HK1-2021-22: Loại bỏ 3 duplicate records (ma_sinh_vien, hoc_ky)
[2026-04-19T14:05:49.584+0000] {logging_mixin.py:188} WARNING - [2026-04-19 14:05:49] INFO    etl.extract :   API | (HTTP) HK HK1-2021-22 →    390 records
[2026-04-19T14:05:49.584+0000] {extract.py:259} INFO -   API | (HTTP) HK HK1-2021-22 →    390 records
[2026-04-19T14:05:49.604+0000] {logging_mixin.py:188} WARNING - [2026-04-19 14:05:49] INFO    etl.extract :   API | metadata: generated_at=None, schema_version=None
[2026-04-19T14:05:49.604+0000] {extract.py:232} INFO -   API | metadata: generated_at=None, schema_version=None
[2026-04-19T14:05:49.607+0000] {logging_mixin.py:188} WARNING - [2026-04-19 14:05:49] WARNING etl.extract :   API | (HTTP) HK HK1-2022-23: Loại bỏ 4 duplicate records (ma_sinh_vien, hoc_ky)
[2026-04-19T14:05:49.607+0000] {extract.py:254} WARNING -   API | (HTTP) HK HK1-2022-23: Loại bỏ 4 duplicate records (ma_sinh_vien, hoc_ky)
[2026-04-19T14:05:49.608+0000] {logging_mixin.py:188} WARNING - [2026-04-19 14:05:49] INFO    etl.extract :   API | (HTTP) HK HK1-2022-23 →    800 records
[2026-04-19T14:05:49.608+0000] {extract.py:259} INFO -   API | (HTTP) HK HK1-2022-23 →    800 records
[2026-04-19T14:05:49.629+0000] {logging_mixin.py:188} WARNING - [2026-04-19 14:05:49] INFO    etl.extract :   API | metadata: generated_at=None, schema_version=None
[2026-04-19T14:05:49.628+0000] {extract.py:232} INFO -   API | metadata: generated_at=None, schema_version=None
[2026-04-19T14:05:49.632+0000] {logging_mixin.py:188} WARNING - [2026-04-19 14:05:49] WARNING etl.extract :   API | (HTTP) HK HK1-2023-24: Loại bỏ 9 duplicate records (ma_sinh_vien, hoc_ky)
[2026-04-19T14:05:49.632+0000] {extract.py:254} WARNING -   API | (HTTP) HK HK1-2023-24: Loại bỏ 9 duplicate records (ma_sinh_vien, hoc_ky)
[2026-04-19T14:05:49.633+0000] {logging_mixin.py:188} WARNING - [2026-04-19 14:05:49] INFO    etl.extract :   API | (HTTP) HK HK1-2023-24 →  1,223 records
[2026-04-19T14:05:49.633+0000] {extract.py:259} INFO -   API | (HTTP) HK HK1-2023-24 →  1,223 records
[2026-04-19T14:05:49.662+0000] {logging_mixin.py:188} WARNING - [2026-04-19 14:05:49] INFO    etl.extract :   API | metadata: generated_at=None, schema_version=None
[2026-04-19T14:05:49.662+0000] {extract.py:232} INFO -   API | metadata: generated_at=None, schema_version=None
[2026-04-19T14:05:49.666+0000] {logging_mixin.py:188} WARNING - [2026-04-19 14:05:49] WARNING etl.extract :   API | (HTTP) HK HK1-2024-25: Loại bỏ 12 duplicate records (ma_sinh_vien, hoc_ky)
[2026-04-19T14:05:49.666+0000] {extract.py:254} WARNING -   API | (HTTP) HK HK1-2024-25: Loại bỏ 12 duplicate records (ma_sinh_vien, hoc_ky)
[2026-04-19T14:05:49.667+0000] {logging_mixin.py:188} WARNING - [2026-04-19 14:05:49] INFO    etl.extract :   API | (HTTP) HK HK1-2024-25 →  1,643 records
[2026-04-19T14:05:49.667+0000] {extract.py:259} INFO -   API | (HTTP) HK HK1-2024-25 →  1,643 records
[2026-04-19T14:05:49.686+0000] {logging_mixin.py:188} WARNING - [2026-04-19 14:05:49] INFO    etl.extract :   API | metadata: generated_at=None, schema_version=None
[2026-04-19T14:05:49.686+0000] {extract.py:232} INFO -   API | metadata: generated_at=None, schema_version=None
[2026-04-19T14:05:49.690+0000] {logging_mixin.py:188} WARNING - [2026-04-19 14:05:49] WARNING etl.extract :   API | (HTTP) HK HK1-2025-26: Loại bỏ 11 duplicate records (ma_sinh_vien, hoc_ky)
[2026-04-19T14:05:49.690+0000] {extract.py:254} WARNING -   API | (HTTP) HK HK1-2025-26: Loại bỏ 11 duplicate records (ma_sinh_vien, hoc_ky)
[2026-04-19T14:05:49.691+0000] {logging_mixin.py:188} WARNING - [2026-04-19 14:05:49] INFO    etl.extract :   API | (HTTP) HK HK1-2025-26 →  1,256 records
[2026-04-19T14:05:49.691+0000] {extract.py:259} INFO -   API | (HTTP) HK HK1-2025-26 →  1,256 records
[2026-04-19T14:05:49.718+0000] {logging_mixin.py:188} WARNING - [2026-04-19 14:05:49] INFO    etl.extract :   API | metadata: generated_at=None, schema_version=None
[2026-04-19T14:05:49.718+0000] {extract.py:232} INFO -   API | metadata: generated_at=None, schema_version=None
[2026-04-19T14:05:49.721+0000] {logging_mixin.py:188} WARNING - [2026-04-19 14:05:49] WARNING etl.extract :   API | (HTTP) HK HK2-2021-22: Loại bỏ 4 duplicate records (ma_sinh_vien, hoc_ky)
[2026-04-19T14:05:49.721+0000] {extract.py:254} WARNING -   API | (HTTP) HK HK2-2021-22: Loại bỏ 4 duplicate records (ma_sinh_vien, hoc_ky)
[2026-04-19T14:05:49.722+0000] {logging_mixin.py:188} WARNING - [2026-04-19 14:05:49] INFO    etl.extract :   API | (HTTP) HK HK2-2021-22 →    390 records
[2026-04-19T14:05:49.722+0000] {extract.py:259} INFO -   API | (HTTP) HK HK2-2021-22 →    390 records
[2026-04-19T14:05:49.742+0000] {logging_mixin.py:188} WARNING - [2026-04-19 14:05:49] INFO    etl.extract :   API | metadata: generated_at=None, schema_version=None
[2026-04-19T14:05:49.742+0000] {extract.py:232} INFO -   API | metadata: generated_at=None, schema_version=None
[2026-04-19T14:05:49.745+0000] {logging_mixin.py:188} WARNING - [2026-04-19 14:05:49] WARNING etl.extract :   API | (HTTP) HK HK2-2022-23: Loại bỏ 8 duplicate records (ma_sinh_vien, hoc_ky)
[2026-04-19T14:05:49.745+0000] {extract.py:254} WARNING -   API | (HTTP) HK HK2-2022-23: Loại bỏ 8 duplicate records (ma_sinh_vien, hoc_ky)
[2026-04-19T14:05:49.747+0000] {logging_mixin.py:188} WARNING - [2026-04-19 14:05:49] INFO    etl.extract :   API | (HTTP) HK HK2-2022-23 →    795 records
[2026-04-19T14:05:49.746+0000] {extract.py:259} INFO -   API | (HTTP) HK HK2-2022-23 →    795 records
[2026-04-19T14:05:49.770+0000] {logging_mixin.py:188} WARNING - [2026-04-19 14:05:49] INFO    etl.extract :   API | metadata: generated_at=None, schema_version=None
[2026-04-19T14:05:49.769+0000] {extract.py:232} INFO -   API | metadata: generated_at=None, schema_version=None
[2026-04-19T14:05:49.773+0000] {logging_mixin.py:188} WARNING - [2026-04-19 14:05:49] WARNING etl.extract :   API | (HTTP) HK HK2-2023-24: Loại bỏ 8 duplicate records (ma_sinh_vien, hoc_ky)
[2026-04-19T14:05:49.773+0000] {extract.py:254} WARNING -   API | (HTTP) HK HK2-2023-24: Loại bỏ 8 duplicate records (ma_sinh_vien, hoc_ky)
[2026-04-19T14:05:49.774+0000] {logging_mixin.py:188} WARNING - [2026-04-19 14:05:49] INFO    etl.extract :   API | (HTTP) HK HK2-2023-24 →  1,218 records
[2026-04-19T14:05:49.774+0000] {extract.py:259} INFO -   API | (HTTP) HK HK2-2023-24 →  1,218 records
[2026-04-19T14:05:49.805+0000] {logging_mixin.py:188} WARNING - [2026-04-19 14:05:49] INFO    etl.extract :   API | metadata: generated_at=None, schema_version=None
[2026-04-19T14:05:49.804+0000] {extract.py:232} INFO -   API | metadata: generated_at=None, schema_version=None
[2026-04-19T14:05:49.808+0000] {logging_mixin.py:188} WARNING - [2026-04-19 14:05:49] WARNING etl.extract :   API | (HTTP) HK HK2-2024-25: Loại bỏ 15 duplicate records (ma_sinh_vien, hoc_ky)
[2026-04-19T14:05:49.808+0000] {extract.py:254} WARNING -   API | (HTTP) HK HK2-2024-25: Loại bỏ 15 duplicate records (ma_sinh_vien, hoc_ky)
[2026-04-19T14:05:49.809+0000] {logging_mixin.py:188} WARNING - [2026-04-19 14:05:49] INFO    etl.extract :   API | (HTTP) HK HK2-2024-25 →  1,510 records
[2026-04-19T14:05:49.809+0000] {extract.py:259} INFO -   API | (HTTP) HK HK2-2024-25 →  1,510 records
[2026-04-19T14:05:49.821+0000] {logging_mixin.py:188} WARNING - [2026-04-19 14:05:49] INFO    etl.extract :   API | metadata: generated_at=None, schema_version=None
[2026-04-19T14:05:49.821+0000] {extract.py:232} INFO -   API | metadata: generated_at=None, schema_version=None
[2026-04-19T14:05:49.828+0000] {logging_mixin.py:188} WARNING - [2026-04-19 14:05:49] INFO    etl.extract :   API | (JSON) taichinh_HK3_2021_22.json | generated_at=2026-04-19T21:01:55
[2026-04-19T14:05:49.828+0000] {extract.py:282} INFO -   API | (JSON) taichinh_HK3_2021_22.json | generated_at=2026-04-19T21:01:55
[2026-04-19T14:05:49.830+0000] {logging_mixin.py:188} WARNING - [2026-04-19 14:05:49] INFO    etl.extract :   API | (JSON) taichinh_HK3_2021_22.json →     26 records
[2026-04-19T14:05:49.830+0000] {extract.py:310} INFO -   API | (JSON) taichinh_HK3_2021_22.json →     26 records
[2026-04-19T14:05:49.841+0000] {logging_mixin.py:188} WARNING - [2026-04-19 14:05:49] INFO    etl.extract :   API | metadata: generated_at=None, schema_version=None
[2026-04-19T14:05:49.841+0000] {extract.py:232} INFO -   API | metadata: generated_at=None, schema_version=None
[2026-04-19T14:05:49.849+0000] {logging_mixin.py:188} WARNING - [2026-04-19 14:05:49] INFO    etl.extract :   API | (JSON) taichinh_HK3_2022_23.json | generated_at=2026-04-19T21:01:55
[2026-04-19T14:05:49.849+0000] {extract.py:282} INFO -   API | (JSON) taichinh_HK3_2022_23.json | generated_at=2026-04-19T21:01:55
[2026-04-19T14:05:49.852+0000] {logging_mixin.py:188} WARNING - [2026-04-19 14:05:49] INFO    etl.extract :   API | (JSON) taichinh_HK3_2022_23.json →     10 records
[2026-04-19T14:05:49.852+0000] {extract.py:310} INFO -   API | (JSON) taichinh_HK3_2022_23.json →     10 records
[2026-04-19T14:05:49.873+0000] {logging_mixin.py:188} WARNING - [2026-04-19 14:05:49] INFO    etl.extract :   API | metadata: generated_at=None, schema_version=None
[2026-04-19T14:05:49.872+0000] {extract.py:232} INFO -   API | metadata: generated_at=None, schema_version=None
[2026-04-19T14:05:49.887+0000] {logging_mixin.py:188} WARNING - [2026-04-19 14:05:49] INFO    etl.extract :   API | (JSON) taichinh_HK3_2023_24.json | generated_at=2026-04-19T21:01:55
[2026-04-19T14:05:49.886+0000] {extract.py:282} INFO -   API | (JSON) taichinh_HK3_2023_24.json | generated_at=2026-04-19T21:01:55
[2026-04-19T14:05:49.890+0000] {logging_mixin.py:188} WARNING - [2026-04-19 14:05:49] INFO    etl.extract :   API | (JSON) taichinh_HK3_2023_24.json →     67 records
[2026-04-19T14:05:49.890+0000] {extract.py:310} INFO -   API | (JSON) taichinh_HK3_2023_24.json →     67 records
[2026-04-19T14:05:49.906+0000] {logging_mixin.py:188} WARNING - [2026-04-19 14:05:49] INFO    etl.extract :   API | metadata: generated_at=None, schema_version=None
[2026-04-19T14:05:49.906+0000] {extract.py:232} INFO -   API | metadata: generated_at=None, schema_version=None
[2026-04-19T14:05:49.917+0000] {logging_mixin.py:188} WARNING - [2026-04-19 14:05:49] INFO    etl.extract :   API | (JSON) taichinh_HK3_2024_25.json | generated_at=2026-04-19T21:01:55
[2026-04-19T14:05:49.916+0000] {extract.py:282} INFO -   API | (JSON) taichinh_HK3_2024_25.json | generated_at=2026-04-19T21:01:55
[2026-04-19T14:05:49.920+0000] {logging_mixin.py:188} WARNING - [2026-04-19 14:05:49] INFO    etl.extract :   API | (JSON) taichinh_HK3_2024_25.json →     54 records
[2026-04-19T14:05:49.920+0000] {extract.py:310} INFO -   API | (JSON) taichinh_HK3_2024_25.json →     54 records
[2026-04-19T14:05:49.924+0000] {logging_mixin.py:188} WARNING - [2026-04-19 14:05:49] INFO    etl.extract :   API | TỔNG: 9,382 records từ 13 HK
[2026-04-19T14:05:49.923+0000] {extract.py:335} INFO -   API | TỔNG: 9,382 records từ 13 HK
[2026-04-19T14:05:50.183+0000] {logging_mixin.py:188} WARNING - [2026-04-19 14:05:50] INFO    utils.minio :   MinIO ↑ [raw-data] 2026-04-19_14-05/nguon1_sinh_vien.parquet (47.6 KB | 1,695 rows)
[2026-04-19T14:05:50.183+0000] {minio_client.py:142} INFO -   MinIO ↑ [raw-data] 2026-04-19_14-05/nguon1_sinh_vien.parquet (47.6 KB | 1,695 rows)
[2026-04-19T14:05:50.235+0000] {logging_mixin.py:188} WARNING - [2026-04-19 14:05:50] INFO    utils.minio :   MinIO ↑ [raw-data] 2026-04-19_14-05/nguon1_dang_ky.parquet (485.6 KB | 56,454 rows)
[2026-04-19T14:05:50.235+0000] {minio_client.py:142} INFO -   MinIO ↑ [raw-data] 2026-04-19_14-05/nguon1_dang_ky.parquet (485.6 KB | 56,454 rows)
[2026-04-19T14:05:50.285+0000] {logging_mixin.py:188} WARNING - [2026-04-19 14:05:50] INFO    utils.minio :   MinIO ↑ [raw-data] 2026-04-19_14-05/nguon1_diem.parquet (1163.3 KB | 55,974 rows)
[2026-04-19T14:05:50.284+0000] {minio_client.py:142} INFO -   MinIO ↑ [raw-data] 2026-04-19_14-05/nguon1_diem.parquet (1163.3 KB | 55,974 rows)
[2026-04-19T14:05:50.296+0000] {logging_mixin.py:188} WARNING - [2026-04-19 14:05:50] INFO    utils.minio :   MinIO ↑ [raw-data] 2026-04-19_14-05/nguon1_hoc_phan.parquet (10.3 KB | 121 rows)
[2026-04-19T14:05:50.296+0000] {minio_client.py:142} INFO -   MinIO ↑ [raw-data] 2026-04-19_14-05/nguon1_hoc_phan.parquet (10.3 KB | 121 rows)
[2026-04-19T14:05:50.308+0000] {logging_mixin.py:188} WARNING - [2026-04-19 14:05:50] INFO    utils.minio :   MinIO ↑ [raw-data] 2026-04-19_14-05/nguon1_hoc_ky.parquet (4.2 KB | 13 rows)
[2026-04-19T14:05:50.308+0000] {minio_client.py:142} INFO -   MinIO ↑ [raw-data] 2026-04-19_14-05/nguon1_hoc_ky.parquet (4.2 KB | 13 rows)
[2026-04-19T14:05:50.318+0000] {logging_mixin.py:188} WARNING - [2026-04-19 14:05:50] INFO    utils.minio :   MinIO ↑ [raw-data] 2026-04-19_14-05/nguon1_giang_vien.parquet (8.3 KB | 45 rows)
[2026-04-19T14:05:50.318+0000] {minio_client.py:142} INFO -   MinIO ↑ [raw-data] 2026-04-19_14-05/nguon1_giang_vien.parquet (8.3 KB | 45 rows)
[2026-04-19T14:05:50.330+0000] {logging_mixin.py:188} WARNING - [2026-04-19 14:05:50] INFO    utils.minio :   MinIO ↑ [raw-data] 2026-04-19_14-05/nguon1_khoa.parquet (2.6 KB | 4 rows)
[2026-04-19T14:05:50.330+0000] {minio_client.py:142} INFO -   MinIO ↑ [raw-data] 2026-04-19_14-05/nguon1_khoa.parquet (2.6 KB | 4 rows)
[2026-04-19T14:05:50.343+0000] {logging_mixin.py:188} WARNING - [2026-04-19 14:05:50] INFO    utils.minio :   MinIO ↑ [raw-data] 2026-04-19_14-05/nguon1_nganh.parquet (3.2 KB | 3 rows)
[2026-04-19T14:05:50.343+0000] {minio_client.py:142} INFO -   MinIO ↑ [raw-data] 2026-04-19_14-05/nguon1_nganh.parquet (3.2 KB | 3 rows)
[2026-04-19T14:05:50.353+0000] {logging_mixin.py:188} WARNING - [2026-04-19 14:05:50] INFO    utils.minio :   MinIO ↑ [raw-data] 2026-04-19_14-05/nguon1_lop_hanh_chinh.parquet (4.8 KB | 48 rows)
[2026-04-19T14:05:50.353+0000] {minio_client.py:142} INFO -   MinIO ↑ [raw-data] 2026-04-19_14-05/nguon1_lop_hanh_chinh.parquet (4.8 KB | 48 rows)
[2026-04-19T14:05:50.367+0000] {logging_mixin.py:188} WARNING - [2026-04-19 14:05:50] INFO    utils.minio :   MinIO ↑ [raw-data] 2026-04-19_14-05/nguon1_tong_hop_ket_qua.parquet (22.0 KB | 1,695 rows)
[2026-04-19T14:05:50.367+0000] {minio_client.py:142} INFO -   MinIO ↑ [raw-data] 2026-04-19_14-05/nguon1_tong_hop_ket_qua.parquet (22.0 KB | 1,695 rows)
[2026-04-19T14:05:50.383+0000] {logging_mixin.py:188} WARNING - [2026-04-19 14:05:50] INFO    utils.minio :   MinIO ↑ [raw-data] 2026-04-19_14-05/nguon2_ctsv.parquet (42.3 KB | 9,587 rows)
[2026-04-19T14:05:50.383+0000] {minio_client.py:142} INFO -   MinIO ↑ [raw-data] 2026-04-19_14-05/nguon2_ctsv.parquet (42.3 KB | 9,587 rows)
[2026-04-19T14:05:50.403+0000] {logging_mixin.py:188} WARNING - [2026-04-19 14:05:50] INFO    utils.minio :   MinIO ↑ [raw-data] 2026-04-19_14-05/nguon3_tai_chinh.parquet (94.2 KB | 9,382 rows)
[2026-04-19T14:05:50.402+0000] {minio_client.py:142} INFO -   MinIO ↑ [raw-data] 2026-04-19_14-05/nguon3_tai_chinh.parquet (94.2 KB | 9,382 rows)
[2026-04-19T14:05:50.404+0000] {logging_mixin.py:188} WARNING - [2026-04-19 14:05:50] INFO    utils.minio :   MinIO upload xong: 12/12 files | run_id=2026-04-19_14-05
[2026-04-19T14:05:50.404+0000] {minio_client.py:188} INFO -   MinIO upload xong: 12/12 files | run_id=2026-04-19_14-05
[2026-04-19T14:05:50.405+0000] {logging_mixin.py:188} WARNING - [2026-04-19 14:05:50] INFO    etl.extract :   MinIO staging: 12/12 files OK → run_id=2026-04-19_14-05
[2026-04-19T14:05:50.405+0000] {extract.py:402} INFO -   MinIO staging: 12/12 files OK → run_id=2026-04-19_14-05
[2026-04-19T14:05:50.406+0000] {logging_mixin.py:188} WARNING - [2026-04-19 14:05:50] INFO    etl.extract : ======================================================================
[2026-04-19T14:05:50.406+0000] {extract.py:365} INFO - ======================================================================
[2026-04-19T14:05:50.407+0000] {logging_mixin.py:188} WARNING - [2026-04-19 14:05:50] INFO    etl.extract :  FULL EXTRACT HOÀN TẤT
[2026-04-19T14:05:50.407+0000] {extract.py:366} INFO -  FULL EXTRACT HOÀN TẤT
[2026-04-19T14:05:50.408+0000] {logging_mixin.py:188} WARNING - [2026-04-19 14:05:50] INFO    etl.extract :    khoa                     :        4
[2026-04-19T14:05:50.408+0000] {extract.py:368} INFO -    khoa                     :        4
[2026-04-19T14:05:50.409+0000] {logging_mixin.py:188} WARNING - [2026-04-19 14:05:50] INFO    etl.extract :    nganh                    :        3
[2026-04-19T14:05:50.409+0000] {extract.py:368} INFO -    nganh                    :        3
[2026-04-19T14:05:50.411+0000] {logging_mixin.py:188} WARNING - [2026-04-19 14:05:50] INFO    etl.extract :    giang_vien               :       45
[2026-04-19T14:05:50.410+0000] {extract.py:368} INFO -    giang_vien               :       45
[2026-04-19T14:05:50.412+0000] {logging_mixin.py:188} WARNING - [2026-04-19 14:05:50] INFO    etl.extract :    lop_hanh_chinh           :       48
[2026-04-19T14:05:50.412+0000] {extract.py:368} INFO -    lop_hanh_chinh           :       48
[2026-04-19T14:05:50.413+0000] {logging_mixin.py:188} WARNING - [2026-04-19 14:05:50] INFO    etl.extract :    sinh_vien                :    1,695
[2026-04-19T14:05:50.413+0000] {extract.py:368} INFO -    sinh_vien                :    1,695
[2026-04-19T14:05:50.413+0000] {logging_mixin.py:188} WARNING - [2026-04-19 14:05:50] INFO    etl.extract :    hoc_phan                 :      121
[2026-04-19T14:05:50.413+0000] {extract.py:368} INFO -    hoc_phan                 :      121
[2026-04-19T14:05:50.415+0000] {logging_mixin.py:188} WARNING - [2026-04-19 14:05:50] INFO    etl.extract :    hoc_ky_nam_hoc           :       13
[2026-04-19T14:05:50.414+0000] {extract.py:368} INFO -    hoc_ky_nam_hoc           :       13
[2026-04-19T14:05:50.416+0000] {logging_mixin.py:188} WARNING - [2026-04-19 14:05:50] INFO    etl.extract :    dang_ky_hoc_phan         :   56,454
[2026-04-19T14:05:50.416+0000] {extract.py:368} INFO -    dang_ky_hoc_phan         :   56,454
[2026-04-19T14:05:50.416+0000] {logging_mixin.py:188} WARNING - [2026-04-19 14:05:50] INFO    etl.extract :    diem_hoc_phan            :   55,974
[2026-04-19T14:05:50.416+0000] {extract.py:368} INFO -    diem_hoc_phan            :   55,974
[2026-04-19T14:05:50.417+0000] {logging_mixin.py:188} WARNING - [2026-04-19 14:05:50] INFO    etl.extract :    tong_hop_ket_qua         :    1,695
[2026-04-19T14:05:50.417+0000] {extract.py:368} INFO -    tong_hop_ket_qua         :    1,695
[2026-04-19T14:05:50.418+0000] {logging_mixin.py:188} WARNING - [2026-04-19 14:05:50] INFO    etl.extract :    ctsv_data                :    9,587
[2026-04-19T14:05:50.418+0000] {extract.py:368} INFO -    ctsv_data                :    9,587
[2026-04-19T14:05:50.419+0000] {logging_mixin.py:188} WARNING - [2026-04-19 14:05:50] INFO    etl.extract :    tai_chinh_data           :    9,382
[2026-04-19T14:05:50.419+0000] {extract.py:368} INFO -    tai_chinh_data           :    9,382
[2026-04-19T14:05:50.420+0000] {logging_mixin.py:188} WARNING - [2026-04-19 14:05:50] INFO    etl.extract : ======================================================================
[2026-04-19T14:05:50.420+0000] {extract.py:369} INFO - ======================================================================
[2026-04-19T14:05:50.447+0000] {logging_mixin.py:188} INFO - Extract xong: {'khoa': 4, 'nganh': 3, 'giang_vien': 45, 'lop_hanh_chinh': 48, 'sinh_vien': 1695, 'hoc_phan': 121, 'hoc_ky_nam_hoc': 13, 'dang_ky_hoc_phan': 56454, 'diem_hoc_phan': 55974, 'tong_hop_ket_qua': 1695, 'ctsv_data': 9587, 'tai_chinh_data': 9382}
[2026-04-19T14:05:50.457+0000] {python.py:201} INFO - Done. Returned value was: {'khoa': 4, 'nganh': 3, 'giang_vien': 45, 'lop_hanh_chinh': 48, 'sinh_vien': 1695, 'hoc_phan': 121, 'hoc_ky_nam_hoc': 13, 'dang_ky_hoc_phan': 56454, 'diem_hoc_phan': 55974, 'tong_hop_ket_qua': 1695, 'ctsv_data': 9587, 'tai_chinh_data': 9382}
[2026-04-19T14:05:50.486+0000] {taskinstance.py:1138} INFO - Marking task as SUCCESS. dag_id=daily_student_pipeline, task_id=extract_data, execution_date=20260419T140545, start_date=20260419T140547, end_date=20260419T140550
[2026-04-19T14:05:50.514+0000] {local_task_job_runner.py:234} INFO - Task exited with return code 0
[2026-04-19T14:05:50.542+0000] {taskinstance.py:3280} INFO - 1 downstream tasks scheduled from follow-on schedule check
