[2026-04-03T06:45:51.758+0000] {taskinstance.py:1956} INFO - Dependencies all met for dep_context=non-requeueable deps ti=<TaskInstance: weekly_summary_pipeline.aggregate_weekly manual__2026-04-03T06:45:49.808797+00:00 [queued]>
[2026-04-03T06:45:51.769+0000] {taskinstance.py:1956} INFO - Dependencies all met for dep_context=requeueable deps ti=<TaskInstance: weekly_summary_pipeline.aggregate_weekly manual__2026-04-03T06:45:49.808797+00:00 [queued]>
[2026-04-03T06:45:51.770+0000] {taskinstance.py:2170} INFO - Starting attempt 1 of 2
[2026-04-03T06:45:51.786+0000] {taskinstance.py:2191} INFO - Executing <Task(PythonOperator): aggregate_weekly> on 2026-04-03 06:45:49.808797+00:00
[2026-04-03T06:45:51.792+0000] {standard_task_runner.py:60} INFO - Started process 1054 to run task
[2026-04-03T06:45:51.795+0000] {standard_task_runner.py:87} INFO - Running: ['***', 'tasks', 'run', 'weekly_summary_pipeline', 'aggregate_weekly', 'manual__2026-04-03T06:45:49.808797+00:00', '--job-id', '124', '--raw', '--subdir', 'DAGS_FOLDER/weekly_summary_pipeline.py', '--cfg-path', '/tmp/tmptxe0fzkq']
[2026-04-03T06:45:51.798+0000] {standard_task_runner.py:88} INFO - Job 124: Subtask aggregate_weekly
[2026-04-03T06:45:51.885+0000] {task_command.py:423} INFO - Running <TaskInstance: weekly_summary_pipeline.aggregate_weekly manual__2026-04-03T06:45:49.808797+00:00 [running]> on host 1c62953c8918
[2026-04-03T06:45:52.087+0000] {taskinstance.py:2480} INFO - Exporting env vars: AIRFLOW_CTX_DAG_OWNER='nhom8' AIRFLOW_CTX_DAG_ID='weekly_summary_pipeline' AIRFLOW_CTX_TASK_ID='aggregate_weekly' AIRFLOW_CTX_EXECUTION_DATE='2026-04-03T06:45:49.808797+00:00' AIRFLOW_CTX_TRY_NUMBER='1' AIRFLOW_CTX_DAG_RUN_ID='manual__2026-04-03T06:45:49.808797+00:00'
[2026-04-03T06:45:52.303+0000] {logging_mixin.py:188} WARNING - [2026-04-03 06:45:52] INFO    etl.aggregation : == WeeklyAggregator: BẮT ĐẦU ==
[2026-04-03T06:45:52.303+0000] {aggregation.py:274} INFO - == WeeklyAggregator: BẮT ĐẦU ==
[2026-04-03T06:45:52.663+0000] {logging_mixin.py:188} WARNING - [2026-04-03 06:45:52] INFO    etl.aggregation :  agg_student_summary → 1,695 records
[2026-04-03T06:45:52.663+0000] {aggregation.py:208} INFO -  agg_student_summary → 1,695 records
[2026-04-03T06:45:52.694+0000] {logging_mixin.py:188} WARNING - [2026-04-03 06:45:52] INFO    etl.aggregation :  dim_sinh_vien synced → 'Thôi học' hiện tại = 138
[2026-04-03T06:45:52.694+0000] {aggregation.py:250} INFO -  dim_sinh_vien synced → 'Thôi học' hiện tại = 138
[2026-04-03T06:45:52.696+0000] {logging_mixin.py:188} WARNING - [2026-04-03 06:45:52] INFO    etl.aggregation :   agg_student_summary : 1,695 records
[2026-04-03T06:45:52.696+0000] {aggregation.py:284} INFO -   agg_student_summary : 1,695 records
[2026-04-03T06:45:52.699+0000] {logging_mixin.py:188} WARNING - [2026-04-03 06:45:52] INFO    etl.aggregation :   sv_status_synced    : 138 SV cập nhật Thôi học
[2026-04-03T06:45:52.699+0000] {aggregation.py:285} INFO -   sv_status_synced    : 138 SV cập nhật Thôi học
[2026-04-03T06:45:52.701+0000] {logging_mixin.py:188} WARNING - [2026-04-03 06:45:52] INFO    etl.aggregation : == WeeklyAggregator: HOÀN TẤT ==
[2026-04-03T06:45:52.701+0000] {aggregation.py:286} INFO - == WeeklyAggregator: HOÀN TẤT ==
[2026-04-03T06:45:52.726+0000] {logging_mixin.py:188} INFO - Weekly aggregation xong: {'agg_student_summary': 1695, 'sv_status_synced': 138}
[2026-04-03T06:45:52.726+0000] {python.py:201} INFO - Done. Returned value was: {'agg_student_summary': 1695, 'sv_status_synced': 138}
[2026-04-03T06:45:52.757+0000] {taskinstance.py:1138} INFO - Marking task as SUCCESS. dag_id=weekly_summary_pipeline, task_id=aggregate_weekly, execution_date=20260403T064549, start_date=20260403T064551, end_date=20260403T064552
[2026-04-03T06:45:52.786+0000] {local_task_job_runner.py:234} INFO - Task exited with return code 0
[2026-04-03T06:45:52.820+0000] {taskinstance.py:3280} INFO - 1 downstream tasks scheduled from follow-on schedule check
