[2026-05-01T01:48:19.950+0000] {taskinstance.py:1956} INFO - Dependencies all met for dep_context=non-requeueable deps ti=<TaskInstance: daily_student_pipeline.extract_group.extract_api scheduled__2026-04-29T02:00:00+00:00 [queued]>
[2026-05-01T01:48:19.960+0000] {taskinstance.py:1956} INFO - Dependencies all met for dep_context=requeueable deps ti=<TaskInstance: daily_student_pipeline.extract_group.extract_api scheduled__2026-04-29T02:00:00+00:00 [queued]>
[2026-05-01T01:48:19.961+0000] {taskinstance.py:2170} INFO - Starting attempt 1 of 1
[2026-05-01T01:48:19.982+0000] {taskinstance.py:2191} INFO - Executing <Task(PythonOperator): extract_group.extract_api> on 2026-04-29 02:00:00+00:00
[2026-05-01T01:48:19.988+0000] {standard_task_runner.py:60} INFO - Started process 199 to run task
[2026-05-01T01:48:19.996+0000] {standard_task_runner.py:87} INFO - Running: ['***', 'tasks', 'run', 'daily_student_pipeline', 'extract_group.extract_api', 'scheduled__2026-04-29T02:00:00+00:00', '--job-id', '588', '--raw', '--subdir', 'DAGS_FOLDER/daily_student_pipeline.py', '--cfg-path', '/tmp/tmpx1qvp4xv']
[2026-05-01T01:48:19.999+0000] {standard_task_runner.py:88} INFO - Job 588: Subtask extract_group.extract_api
[2026-05-01T01:48:20.137+0000] {task_command.py:423} INFO - Running <TaskInstance: daily_student_pipeline.extract_group.extract_api scheduled__2026-04-29T02:00:00+00:00 [running]> on host 485f600440bc
[2026-05-01T01:48:20.318+0000] {taskinstance.py:2480} INFO - Exporting env vars: AIRFLOW_CTX_DAG_OWNER='nhom8' AIRFLOW_CTX_DAG_ID='daily_student_pipeline' AIRFLOW_CTX_TASK_ID='extract_group.extract_api' AIRFLOW_CTX_EXECUTION_DATE='2026-04-29T02:00:00+00:00' AIRFLOW_CTX_TRY_NUMBER='1' AIRFLOW_CTX_DAG_RUN_ID='scheduled__2026-04-29T02:00:00+00:00'
[2026-05-01T01:48:21.432+0000] {extract.py:67} INFO -   PostgreSQL | hoc_ky_nam_hoc            →     13 records
[2026-05-01T01:48:21.433+0000] {extract.py:367} INFO - ════════════════════════════════════════════════════════════
[2026-05-01T01:48:21.434+0000] {extract.py:368} INFO - NGUỒN 3 — API/JSON (Portal Tài chính) | Extract
[2026-05-01T01:48:21.435+0000] {extract.py:369} INFO - ════════════════════════════════════════════════════════════
[2026-05-01T01:48:21.442+0000] {extract.py:253} INFO -   API | Tìm thấy 14 JSON file trong: /opt/***/data/api_json
[2026-05-01T01:48:19.418+0000] {extract.py:392} INFO -   API | (taichinh_all.json) → 9,675 records (dedup: 64)
[2026-05-01T01:48:22.956+0000] {minio_client.py:142} INFO -   MinIO ↑ [raw-data] 2026-05-01_01-48/nguon3_tai_chinh.parquet (95.6 KB | 9,675 rows)
[2026-05-01T01:48:22.968+0000] {logging_mixin.py:188} INFO - [Extract API] 9,675 records | run_id=2026-05-01_01-48
[2026-05-01T01:48:22.971+0000] {python.py:201} INFO - Done. Returned value was: 9675
[2026-05-01T01:48:23.065+0000] {taskinstance.py:1138} INFO - Marking task as SUCCESS. dag_id=daily_student_pipeline, task_id=extract_group.extract_api, execution_date=20260429T020000, start_date=20260501T014819, end_date=20260501T014823
[2026-05-01T01:48:23.166+0000] {local_task_job_runner.py:234} INFO - Task exited with return code 0
[2026-05-01T01:48:23.245+0000] {taskinstance.py:3280} INFO - 0 downstream tasks scheduled from follow-on schedule check
