[2026-04-27T02:00:21.602+0000] {taskinstance.py:1956} INFO - Dependencies all met for dep_context=non-requeueable deps ti=<TaskInstance: daily_student_pipeline.load_data scheduled__2026-04-26T02:00:00+00:00 [queued]>
[2026-04-27T02:00:21.609+0000] {taskinstance.py:1956} INFO - Dependencies all met for dep_context=requeueable deps ti=<TaskInstance: daily_student_pipeline.load_data scheduled__2026-04-26T02:00:00+00:00 [queued]>
[2026-04-27T02:00:21.610+0000] {taskinstance.py:2170} INFO - Starting attempt 1 of 1
[2026-04-27T02:00:21.623+0000] {taskinstance.py:2191} INFO - Executing <Task(PythonOperator): load_data> on 2026-04-26 02:00:00+00:00
[2026-04-27T02:00:21.628+0000] {standard_task_runner.py:60} INFO - Started process 10530 to run task
[2026-04-27T02:00:21.630+0000] {standard_task_runner.py:87} INFO - Running: ['***', 'tasks', 'run', 'daily_student_pipeline', 'load_data', 'scheduled__2026-04-26T02:00:00+00:00', '--job-id', '498', '--raw', '--subdir', 'DAGS_FOLDER/daily_student_pipeline.py', '--cfg-path', '/tmp/tmpa3zbd4o0']
[2026-04-27T02:00:21.632+0000] {standard_task_runner.py:88} INFO - Job 498: Subtask load_data
[2026-04-27T02:00:21.704+0000] {task_command.py:423} INFO - Running <TaskInstance: daily_student_pipeline.load_data scheduled__2026-04-26T02:00:00+00:00 [running]> on host 759b8b5e27b5
[2026-04-27T02:00:21.792+0000] {taskinstance.py:2480} INFO - Exporting env vars: AIRFLOW_CTX_DAG_OWNER='nhom8' AIRFLOW_CTX_DAG_ID='daily_student_pipeline' AIRFLOW_CTX_TASK_ID='load_data' AIRFLOW_CTX_EXECUTION_DATE='2026-04-26T02:00:00+00:00' AIRFLOW_CTX_TRY_NUMBER='1' AIRFLOW_CTX_DAG_RUN_ID='scheduled__2026-04-26T02:00:00+00:00'
[2026-04-27T02:00:22.498+0000] {logging_mixin.py:188} WARNING - [2026-04-27 02:00:22] INFO    etl.transform :   Load TransformedData từ MinIO staging: run_id=2026-04-27_02-00
[2026-04-27T02:00:22.498+0000] {transform.py:159} INFO -   Load TransformedData từ MinIO staging: run_id=2026-04-27_02-00
[2026-04-27T02:00:22.534+0000] {logging_mixin.py:188} WARNING - [2026-04-27 02:00:22] INFO    utils.minio :   MinIO ↓ [staging-data] 2026-04-27_02-00/dim_hoc_ky.parquet (13 rows)
[2026-04-27T02:00:22.534+0000] {minio_client.py:223} INFO -   MinIO ↓ [staging-data] 2026-04-27_02-00/dim_hoc_ky.parquet (13 rows)
[2026-04-27T02:00:22.548+0000] {logging_mixin.py:188} WARNING - [2026-04-27 02:00:22] INFO    utils.minio :   MinIO ↓ [staging-data] 2026-04-27_02-00/dim_giang_vien.parquet (45 rows)
[2026-04-27T02:00:22.548+0000] {minio_client.py:223} INFO -   MinIO ↓ [staging-data] 2026-04-27_02-00/dim_giang_vien.parquet (45 rows)
[2026-04-27T02:00:22.563+0000] {logging_mixin.py:188} WARNING - [2026-04-27 02:00:22] INFO    utils.minio :   MinIO ↓ [staging-data] 2026-04-27_02-00/dim_hoc_phan.parquet (121 rows)
[2026-04-27T02:00:22.563+0000] {minio_client.py:223} INFO -   MinIO ↓ [staging-data] 2026-04-27_02-00/dim_hoc_phan.parquet (121 rows)
[2026-04-27T02:00:22.587+0000] {logging_mixin.py:188} WARNING - [2026-04-27 02:00:22] INFO    utils.minio :   MinIO ↓ [staging-data] 2026-04-27_02-00/dim_sinh_vien.parquet (1,695 rows)
[2026-04-27T02:00:22.587+0000] {minio_client.py:223} INFO -   MinIO ↓ [staging-data] 2026-04-27_02-00/dim_sinh_vien.parquet (1,695 rows)
[2026-04-27T02:00:22.614+0000] {logging_mixin.py:188} WARNING - [2026-04-27 02:00:22] INFO    utils.minio :   MinIO ↓ [staging-data] 2026-04-27_02-00/fact_diem.parquet (55,535 rows)
[2026-04-27T02:00:22.614+0000] {minio_client.py:223} INFO -   MinIO ↓ [staging-data] 2026-04-27_02-00/fact_diem.parquet (55,535 rows)
[2026-04-27T02:00:22.639+0000] {logging_mixin.py:188} WARNING - [2026-04-27 02:00:22] INFO    utils.minio :   MinIO ↓ [staging-data] 2026-04-27_02-00/fact_dang_ky.parquet (55,971 rows)
[2026-04-27T02:00:22.638+0000] {minio_client.py:223} INFO -   MinIO ↓ [staging-data] 2026-04-27_02-00/fact_dang_ky.parquet (55,971 rows)
[2026-04-27T02:00:22.655+0000] {logging_mixin.py:188} WARNING - [2026-04-27 02:00:22] INFO    utils.minio :   MinIO ↓ [staging-data] 2026-04-27_02-00/fact_ren_luyen.parquet (9,962 rows)
[2026-04-27T02:00:22.654+0000] {minio_client.py:223} INFO -   MinIO ↓ [staging-data] 2026-04-27_02-00/fact_ren_luyen.parquet (9,962 rows)
[2026-04-27T02:00:22.672+0000] {logging_mixin.py:188} WARNING - [2026-04-27 02:00:22] INFO    utils.minio :   MinIO ↓ [staging-data] 2026-04-27_02-00/fact_tai_chinh.parquet (9,670 rows)
[2026-04-27T02:00:22.672+0000] {minio_client.py:223} INFO -   MinIO ↓ [staging-data] 2026-04-27_02-00/fact_tai_chinh.parquet (9,670 rows)
[2026-04-27T02:00:22.674+0000] {logging_mixin.py:188} WARNING - [2026-04-27 02:00:22] INFO    etl.transform : Load from staging-data OK — run_id=2026-04-27_02-00
[2026-04-27T02:00:22.674+0000] {transform.py:172} INFO - Load from staging-data OK — run_id=2026-04-27_02-00
[2026-04-27T02:00:22.676+0000] {logging_mixin.py:188} WARNING - [2026-04-27 02:00:22] INFO    etl.load : ==BẮT ĐẦU LOAD VÀO DATA WAREHOUSE==
[2026-04-27T02:00:22.676+0000] {load.py:51} INFO - ==BẮT ĐẦU LOAD VÀO DATA WAREHOUSE==
[2026-04-27T02:00:22.678+0000] {logging_mixin.py:188} WARNING - [2026-04-27 02:00:22] INFO    etl.load : ======================================================================
[2026-04-27T02:00:22.678+0000] {load.py:52} INFO - ======================================================================
[2026-04-27T02:00:22.679+0000] {logging_mixin.py:188} WARNING - [2026-04-27 02:00:22] INFO    etl.load : Tạo schema warehouse từ warehouse_models.py...
[2026-04-27T02:00:22.679+0000] {load.py:121} INFO - Tạo schema warehouse từ warehouse_models.py...
[2026-04-27T02:00:22.715+0000] {logging_mixin.py:188} WARNING - [2026-04-27 02:00:22] INFO    etl.load :   Schema warehouse OK
[2026-04-27T02:00:22.715+0000] {load.py:123} INFO -   Schema warehouse OK
[2026-04-27T02:00:22.716+0000] {logging_mixin.py:188} WARNING - [2026-04-27 02:00:22] INFO    etl.load : ── Bước 1: Load Dimension Tables ──
[2026-04-27T02:00:22.716+0000] {load.py:57} INFO - ── Bước 1: Load Dimension Tables ──
[2026-04-27T02:00:22.752+0000] {logging_mixin.py:188} WARNING - [2026-04-27 02:00:22] INFO    etl.load :   dim_hoc_ky     →     13 records (new: 0)
[2026-04-27T02:00:22.752+0000] {load.py:212} INFO -   dim_hoc_ky     →     13 records (new: 0)
[2026-04-27T02:00:22.786+0000] {logging_mixin.py:188} WARNING - [2026-04-27 02:00:22] INFO    etl.load :   dim_giang_vien →     45 records (new: 0)
[2026-04-27T02:00:22.786+0000] {load.py:262} INFO -   dim_giang_vien →     45 records (new: 0)
[2026-04-27T02:00:22.866+0000] {logging_mixin.py:188} WARNING - [2026-04-27 02:00:22] INFO    etl.load :   dim_hoc_phan   →    121 records (new: 0)
[2026-04-27T02:00:22.866+0000] {load.py:310} INFO -   dim_hoc_phan   →    121 records (new: 0)
[2026-04-27T02:00:25.244+0000] {logging_mixin.py:188} WARNING - [2026-04-27 02:00:25] INFO    etl.load :   dim_sinh_vien →  1,695 records (new: 0, SCD2: 0, fact cascade: 0)
[2026-04-27T02:00:25.244+0000] {load.py:419} INFO -   dim_sinh_vien →  1,695 records (new: 0, SCD2: 0, fact cascade: 0)
[2026-04-27T02:00:25.246+0000] {logging_mixin.py:188} WARNING - [2026-04-27 02:00:25] INFO    etl.load : ── Bước 2: Build Surrogate Key Cache ──
[2026-04-27T02:00:25.246+0000] {load.py:63} INFO - ── Bước 2: Build Surrogate Key Cache ──
[2026-04-27T02:00:25.247+0000] {logging_mixin.py:188} WARNING - [2026-04-27 02:00:25] INFO    etl.load : Building surrogate key caches...
[2026-04-27T02:00:25.247+0000] {load.py:126} INFO - Building surrogate key caches...
[2026-04-27T02:00:25.266+0000] {logging_mixin.py:188} WARNING - [2026-04-27 02:00:25] INFO    etl.load :   SV=1695, HP=121, GV=45, HK=13
[2026-04-27T02:00:25.266+0000] {load.py:154} INFO -   SV=1695, HP=121, GV=45, HK=13
[2026-04-27T02:00:25.268+0000] {logging_mixin.py:188} WARNING - [2026-04-27 02:00:25] INFO    etl.load : ── Bước 3: Load Fact Tables ──
[2026-04-27T02:00:25.268+0000] {load.py:66} INFO - ── Bước 3: Load Fact Tables ──
[2026-04-27T02:00:41.954+0000] {logging_mixin.py:188} WARNING - [2026-04-27 02:00:41] INFO    etl.load :   fact_hoc_tap   → 55,535 records (upserted)
[2026-04-27T02:00:41.954+0000] {load.py:569} INFO -   fact_hoc_tap   → 55,535 records (upserted)
[2026-04-27T02:00:52.401+0000] {logging_mixin.py:188} WARNING - [2026-04-27 02:00:52] INFO    etl.load :   fact_dang_ky   → 55,971 records (upserted)
[2026-04-27T02:00:52.401+0000] {load.py:641} INFO -   fact_dang_ky   → 55,971 records (upserted)
[2026-04-27T02:00:52.411+0000] {logging_mixin.py:188} WARNING - [2026-04-27 02:00:52] WARNING etl.load :   fact_ctsv | [DEDUP Tầng 1 - DataFrame] Loại bỏ 292 bản ghi trùng (9962 → 9670)
[2026-04-27T02:00:52.411+0000] {load.py:689} WARNING -   fact_ctsv | [DEDUP Tầng 1 - DataFrame] Loại bỏ 292 bản ghi trùng (9962 → 9670)
[2026-04-27T02:00:54.483+0000] {logging_mixin.py:188} WARNING - [2026-04-27 02:00:54] INFO    etl.load :   fact_ctsv | Tiến độ: 2/2 batches (9,665/9,665 records)
[2026-04-27T02:00:54.483+0000] {load.py:842} INFO -   fact_ctsv | Tiến độ: 2/2 batches (9,665/9,665 records)
[2026-04-27T02:00:54.485+0000] {logging_mixin.py:188} WARNING - [2026-04-27 02:00:54] INFO    etl.load :   fact_ctsv      → 9,665 records (upserted) | Đã loại: 292 duplicates
[2026-04-27T02:00:54.485+0000] {load.py:850} INFO -   fact_ctsv      → 9,665 records (upserted) | Đã loại: 292 duplicates
[2026-04-27T02:00:54.497+0000] {logging_mixin.py:188} WARNING - [2026-04-27 02:00:54] INFO    etl.load :   fact_tai_chinh | Đã làm sạch 1 cột datetime (NaT → None)
[2026-04-27T02:00:54.497+0000] {load.py:900} INFO -   fact_tai_chinh | Đã làm sạch 1 cột datetime (NaT → None)
[2026-04-27T02:00:57.273+0000] {logging_mixin.py:188} WARNING - [2026-04-27 02:00:57] INFO    etl.load :   fact_tai_chinh →  9,665 records (upserted)
[2026-04-27T02:00:57.273+0000] {load.py:970} INFO -   fact_tai_chinh →  9,665 records (upserted)
[2026-04-27T02:00:57.276+0000] {logging_mixin.py:188} WARNING - [2026-04-27 02:00:57] INFO    etl.load : ── Bước 4: Build Aggregation ──
[2026-04-27T02:00:57.276+0000] {load.py:73} INFO - ── Bước 4: Build Aggregation ──
[2026-04-27T02:00:57.277+0000] {logging_mixin.py:188} WARNING - [2026-04-27 02:00:57] INFO    etl.aggregation : == BẮT ĐẦU AGGREGATION ==
[2026-04-27T02:00:57.277+0000] {aggregation.py:12} INFO - == BẮT ĐẦU AGGREGATION ==
[2026-04-27T02:00:57.632+0000] {logging_mixin.py:188} WARNING - [2026-04-27 02:00:57] INFO    etl.aggregation :   agg_student_summary → 1,695 records
[2026-04-27T02:00:57.632+0000] {aggregation.py:288} INFO -   agg_student_summary → 1,695 records
[2026-04-27T02:00:57.633+0000] {logging_mixin.py:188} WARNING - [2026-04-27 02:00:57] INFO    etl.aggregation :   agg_student_summary rebuilt : 1,695
[2026-04-27T02:00:57.633+0000] {aggregation.py:14} INFO -   agg_student_summary rebuilt : 1,695
[2026-04-27T02:00:57.635+0000] {logging_mixin.py:188} WARNING - [2026-04-27 02:00:57] INFO    etl.aggregation : == AGGREGATION HOÀN TẤT ==
[2026-04-27T02:00:57.635+0000] {aggregation.py:15} INFO - == AGGREGATION HOÀN TẤT ==
[2026-04-27T02:00:57.636+0000] {logging_mixin.py:188} WARNING - [2026-04-27 02:00:57] INFO    etl.load : ======================================================================
[2026-04-27T02:00:57.636+0000] {load.py:77} INFO - ======================================================================
[2026-04-27T02:00:57.637+0000] {logging_mixin.py:188} WARNING - [2026-04-27 02:00:57] INFO    etl.load : LOAD HOÀN TẤT
[2026-04-27T02:00:57.637+0000] {load.py:78} INFO - LOAD HOÀN TẤT
[2026-04-27T02:00:57.637+0000] {logging_mixin.py:188} WARNING - [2026-04-27 02:00:57] INFO    etl.load :   dim_hoc_ky               :       13 records
[2026-04-27T02:00:57.637+0000] {load.py:81} INFO -   dim_hoc_ky               :       13 records
[2026-04-27T02:00:57.638+0000] {logging_mixin.py:188} WARNING - [2026-04-27 02:00:57] INFO    etl.load :   dim_giang_vien           :       45 records
[2026-04-27T02:00:57.638+0000] {load.py:81} INFO -   dim_giang_vien           :       45 records
[2026-04-27T02:00:57.639+0000] {logging_mixin.py:188} WARNING - [2026-04-27 02:00:57] INFO    etl.load :   dim_hoc_phan             :      121 records
[2026-04-27T02:00:57.639+0000] {load.py:81} INFO -   dim_hoc_phan             :      121 records
[2026-04-27T02:00:57.640+0000] {logging_mixin.py:188} WARNING - [2026-04-27 02:00:57] INFO    etl.load :   dim_sinh_vien            :        0 records
[2026-04-27T02:00:57.639+0000] {load.py:81} INFO -   dim_sinh_vien            :        0 records
[2026-04-27T02:00:57.640+0000] {logging_mixin.py:188} WARNING - [2026-04-27 02:00:57] INFO    etl.load :   fact_hoc_tap             :   55,535 records
[2026-04-27T02:00:57.640+0000] {load.py:81} INFO -   fact_hoc_tap             :   55,535 records
[2026-04-27T02:00:57.641+0000] {logging_mixin.py:188} WARNING - [2026-04-27 02:00:57] INFO    etl.load :   fact_dang_ky             :   55,971 records
[2026-04-27T02:00:57.641+0000] {load.py:81} INFO -   fact_dang_ky             :   55,971 records
[2026-04-27T02:00:57.642+0000] {logging_mixin.py:188} WARNING - [2026-04-27 02:00:57] INFO    etl.load :   fact_ctsv                :    9,665 records
[2026-04-27T02:00:57.642+0000] {load.py:81} INFO -   fact_ctsv                :    9,665 records
[2026-04-27T02:00:57.643+0000] {logging_mixin.py:188} WARNING - [2026-04-27 02:00:57] INFO    etl.load :   fact_tai_chinh           :    9,665 records
[2026-04-27T02:00:57.643+0000] {load.py:81} INFO -   fact_tai_chinh           :    9,665 records
[2026-04-27T02:00:57.644+0000] {logging_mixin.py:188} WARNING - [2026-04-27 02:00:57] INFO    etl.load :   agg_student_summary      :    1,695 records
[2026-04-27T02:00:57.644+0000] {load.py:81} INFO -   agg_student_summary      :    1,695 records
[2026-04-27T02:00:57.646+0000] {logging_mixin.py:188} WARNING - [2026-04-27 02:00:57] INFO    etl.load :   TỔNG                     :  132,710 records
[2026-04-27T02:00:57.646+0000] {load.py:83} INFO -   TỔNG                     :  132,710 records
[2026-04-27T02:00:57.646+0000] {logging_mixin.py:188} WARNING - [2026-04-27 02:00:57] INFO    etl.load : ======================================================================
[2026-04-27T02:00:57.646+0000] {load.py:84} INFO - ======================================================================
[2026-04-27T02:00:57.663+0000] {logging_mixin.py:188} INFO - ============================================================
[2026-04-27T02:00:57.664+0000] {logging_mixin.py:188} INFO - LOAD HOÀN TẤT — Thống kê:
[2026-04-27T02:00:57.665+0000] {logging_mixin.py:188} INFO -   dim_hoc_ky                    :         13 records
[2026-04-27T02:00:57.665+0000] {logging_mixin.py:188} INFO -   dim_giang_vien                :         45 records
[2026-04-27T02:00:57.666+0000] {logging_mixin.py:188} INFO -   dim_hoc_phan                  :        121 records
[2026-04-27T02:00:57.666+0000] {logging_mixin.py:188} INFO -   dim_sinh_vien                 :          0 records
[2026-04-27T02:00:57.666+0000] {logging_mixin.py:188} INFO -   fact_hoc_tap                  :     55,535 records
[2026-04-27T02:00:57.667+0000] {logging_mixin.py:188} INFO -   fact_dang_ky                  :     55,971 records
[2026-04-27T02:00:57.667+0000] {logging_mixin.py:188} INFO -   fact_ctsv                     :      9,665 records
[2026-04-27T02:00:57.667+0000] {logging_mixin.py:188} INFO -   fact_tai_chinh                :      9,665 records
[2026-04-27T02:00:57.668+0000] {logging_mixin.py:188} INFO -   agg_student_summary           :      1,695 records
[2026-04-27T02:00:57.668+0000] {logging_mixin.py:188} INFO -   TỔNG                          :    132,710 records
[2026-04-27T02:00:57.668+0000] {logging_mixin.py:188} INFO - ============================================================
[2026-04-27T02:00:57.671+0000] {python.py:201} INFO - Done. Returned value was: {'dim_hoc_ky': 13, 'dim_giang_vien': 45, 'dim_hoc_phan': 121, 'dim_sinh_vien': 0, 'fact_hoc_tap': 55535, 'fact_dang_ky': 55971, 'fact_ctsv': 9665, 'fact_tai_chinh': 9665, 'agg_student_summary': 1695}
[2026-04-27T02:00:57.694+0000] {taskinstance.py:1138} INFO - Marking task as SUCCESS. dag_id=daily_student_pipeline, task_id=load_data, execution_date=20260426T020000, start_date=20260427T020021, end_date=20260427T020057
[2026-04-27T02:00:57.729+0000] {local_task_job_runner.py:234} INFO - Task exited with return code 0
[2026-04-27T02:00:57.754+0000] {taskinstance.py:3280} INFO - 1 downstream tasks scheduled from follow-on schedule check
