[2026-04-27T12:29:29.988+0000] {taskinstance.py:1956} INFO - Dependencies all met for dep_context=non-requeueable deps ti=<TaskInstance: weekly_summary_pipeline.aggregate_weekly scheduled__2026-04-20T06:00:00+00:00 [queued]>
[2026-04-27T12:29:30.006+0000] {taskinstance.py:1956} INFO - Dependencies all met for dep_context=requeueable deps ti=<TaskInstance: weekly_summary_pipeline.aggregate_weekly scheduled__2026-04-20T06:00:00+00:00 [queued]>
[2026-04-27T12:29:30.007+0000] {taskinstance.py:2170} INFO - Starting attempt 1 of 2
[2026-04-27T12:29:30.040+0000] {taskinstance.py:2191} INFO - Executing <Task(PythonOperator): aggregate_weekly> on 2026-04-20 06:00:00+00:00
[2026-04-27T12:29:30.048+0000] {standard_task_runner.py:60} INFO - Started process 16783 to run task
[2026-04-27T12:29:30.054+0000] {standard_task_runner.py:87} INFO - Running: ['***', 'tasks', 'run', 'weekly_summary_pipeline', 'aggregate_weekly', 'scheduled__2026-04-20T06:00:00+00:00', '--job-id', '500', '--raw', '--subdir', 'DAGS_FOLDER/weekly_summary_pipeline.py', '--cfg-path', '/tmp/tmpy8raxxvt']
[2026-04-27T12:29:30.058+0000] {standard_task_runner.py:88} INFO - Job 500: Subtask aggregate_weekly
[2026-04-27T12:29:30.198+0000] {task_command.py:423} INFO - Running <TaskInstance: weekly_summary_pipeline.aggregate_weekly scheduled__2026-04-20T06:00:00+00:00 [running]> on host 759b8b5e27b5
[2026-04-27T12:29:30.465+0000] {taskinstance.py:2480} INFO - Exporting env vars: AIRFLOW_CTX_DAG_OWNER='nhom8' AIRFLOW_CTX_DAG_ID='weekly_summary_pipeline' AIRFLOW_CTX_TASK_ID='aggregate_weekly' AIRFLOW_CTX_EXECUTION_DATE='2026-04-20T06:00:00+00:00' AIRFLOW_CTX_TRY_NUMBER='1' AIRFLOW_CTX_DAG_RUN_ID='scheduled__2026-04-20T06:00:00+00:00'
[2026-04-27T12:29:38.915+0000] {logging_mixin.py:188} WARNING - [2026-04-27 12:29:38] INFO    etl.aggregation : == WeeklyAggregator: BẮT ĐẦU ==
[2026-04-27T12:29:38.915+0000] {aggregation.py:357} INFO - == WeeklyAggregator: BẮT ĐẦU ==
[2026-04-27T12:29:38.916+0000] {logging_mixin.py:188} WARNING - [2026-04-27 12:29:38] INFO    etl.aggregation :   sync_student_status | Bắt đầu đồng bộ trạng thái SV...
[2026-04-27T12:29:38.916+0000] {aggregation.py:292} INFO -   sync_student_status | Bắt đầu đồng bộ trạng thái SV...
[2026-04-27T12:29:38.954+0000] {logging_mixin.py:188} WARNING - [2026-04-27 12:29:38] INFO    etl.aggregation :   sync_student_status | Đọc 1695 SV từ Source
[2026-04-27T12:29:38.954+0000] {aggregation.py:304} INFO -   sync_student_status | Đọc 1695 SV từ Source
[2026-04-27T12:29:39.031+0000] {logging_mixin.py:188} WARNING - [2026-04-27 12:29:39] INFO    etl.aggregation :   sync_student_status | 0 SV được cập nhật
[2026-04-27T12:29:39.031+0000] {aggregation.py:348} INFO -   sync_student_status | 0 SV được cập nhật
[2026-04-27T12:29:40.675+0000] {logging_mixin.py:188} WARNING - [2026-04-27 12:29:40] INFO    etl.aggregation :   agg_student_summary → 1,695 records
[2026-04-27T12:29:40.675+0000] {aggregation.py:288} INFO -   agg_student_summary → 1,695 records
[2026-04-27T12:29:40.676+0000] {logging_mixin.py:188} WARNING - [2026-04-27 12:29:40] INFO    etl.aggregation :   sv_status_synced    : 0 SV
[2026-04-27T12:29:40.676+0000] {aggregation.py:361} INFO -   sv_status_synced    : 0 SV
[2026-04-27T12:29:40.677+0000] {logging_mixin.py:188} WARNING - [2026-04-27 12:29:40] INFO    etl.aggregation :   agg_student_summary : 1,695 records
[2026-04-27T12:29:40.677+0000] {aggregation.py:362} INFO -   agg_student_summary : 1,695 records
[2026-04-27T12:29:40.678+0000] {logging_mixin.py:188} WARNING - [2026-04-27 12:29:40] INFO    etl.aggregation : == WeeklyAggregator: HOÀN TẤT ==
[2026-04-27T12:29:40.677+0000] {aggregation.py:363} INFO - == WeeklyAggregator: HOÀN TẤT ==
[2026-04-27T12:29:40.719+0000] {logging_mixin.py:188} WARNING - [2026-04-27 12:29:40] INFO    validation.ge :   GE | DataValidator khoi tao | GE dir: /opt/***/great_expectations
[2026-04-27T12:29:40.719+0000] {ge_validation.py:162} INFO -   GE | DataValidator khoi tao | GE dir: /opt/***/great_expectations
[2026-04-27T12:29:40.722+0000] {logging_mixin.py:188} WARNING - [2026-04-27 12:29:40] INFO    validation.ge :   GE | Validate warehouse — agg_student_summary
[2026-04-27T12:29:40.721+0000] {ge_validation.py:286} INFO -   GE | Validate warehouse — agg_student_summary
[2026-04-27T12:29:40.761+0000] {logging_mixin.py:188} WARNING - [2026-04-27 12:29:40] INFO    validation.ge :   GE | agg_student_summary: 1695 records
[2026-04-27T12:29:40.761+0000] {ge_validation.py:299} INFO -   GE | agg_student_summary: 1695 records
[2026-04-27T12:29:40.801+0000] {logging_mixin.py:188} WARNING - [2026-04-27 12:29:40] INFO    validation.ge :   GE | Loaded 'warehouse_suite' (7 expectations)
[2026-04-27T12:29:40.801+0000] {ge_validation.py:43} INFO -   GE | Loaded 'warehouse_suite' (7 expectations)
[2026-04-27T12:29:40.806+0000] {data_asset.py:541} INFO - 	7 expectation(s) included in expectation_suite.
[2026-04-27T12:29:40.824+0000] {logging_mixin.py:188} WARNING - [2026-04-27 12:29:40] INFO    validation.ge :   GE | [warehouse_suite] agg_student_summary: 7/7 (OK)
[2026-04-27T12:29:40.824+0000] {ge_validation.py:93} INFO -   GE | [warehouse_suite] agg_student_summary: 7/7 (OK)
[2026-04-27T12:29:40.825+0000] {weekly_summary_pipeline.py:38} INFO - Warehouse OK: 7/7 passed
[2026-04-27T12:29:40.826+0000] {python.py:201} INFO - Done. Returned value was: None
[2026-04-27T12:29:40.840+0000] {taskinstance.py:1138} INFO - Marking task as SUCCESS. dag_id=weekly_summary_pipeline, task_id=aggregate_weekly, execution_date=20260420T060000, start_date=20260427T122929, end_date=20260427T122940
[2026-04-27T12:29:40.896+0000] {local_task_job_runner.py:234} INFO - Task exited with return code 0
[2026-04-27T12:29:40.927+0000] {taskinstance.py:3280} INFO - 1 downstream tasks scheduled from follow-on schedule check
