[2026-04-20T07:50:27.551+0000] {taskinstance.py:1956} INFO - Dependencies all met for dep_context=non-requeueable deps ti=<TaskInstance: daily_student_pipeline.transform_data scheduled__2026-04-19T02:00:00+00:00 [queued]>
[2026-04-20T07:50:27.559+0000] {taskinstance.py:1956} INFO - Dependencies all met for dep_context=requeueable deps ti=<TaskInstance: daily_student_pipeline.transform_data scheduled__2026-04-19T02:00:00+00:00 [queued]>
[2026-04-20T07:50:27.562+0000] {taskinstance.py:2170} INFO - Starting attempt 1 of 1
[2026-04-20T07:50:27.572+0000] {taskinstance.py:2191} INFO - Executing <Task(PythonOperator): transform_data> on 2026-04-19 02:00:00+00:00
[2026-04-20T07:50:27.576+0000] {standard_task_runner.py:60} INFO - Started process 310 to run task
[2026-04-20T07:50:27.578+0000] {standard_task_runner.py:87} INFO - Running: ['***', 'tasks', 'run', 'daily_student_pipeline', 'transform_data', 'scheduled__2026-04-19T02:00:00+00:00', '--job-id', '382', '--raw', '--subdir', 'DAGS_FOLDER/daily_student_pipeline.py', '--cfg-path', '/tmp/tmpt77n3v6r']
[2026-04-20T07:50:27.580+0000] {standard_task_runner.py:88} INFO - Job 382: Subtask transform_data
[2026-04-20T07:50:27.635+0000] {task_command.py:423} INFO - Running <TaskInstance: daily_student_pipeline.transform_data scheduled__2026-04-19T02:00:00+00:00 [running]> on host eb2cbdc99987
[2026-04-20T07:50:27.738+0000] {taskinstance.py:2480} INFO - Exporting env vars: AIRFLOW_CTX_DAG_OWNER='nhom8' AIRFLOW_CTX_DAG_ID='daily_student_pipeline' AIRFLOW_CTX_TASK_ID='transform_data' AIRFLOW_CTX_EXECUTION_DATE='2026-04-19T02:00:00+00:00' AIRFLOW_CTX_TRY_NUMBER='1' AIRFLOW_CTX_DAG_RUN_ID='scheduled__2026-04-19T02:00:00+00:00'
[2026-04-20T07:50:28.408+0000] {logging_mixin.py:188} WARNING - [2026-04-20 07:50:28] INFO    etl.extract :   Load from MinIO staging: run_id=2026-04-20_07-50
[2026-04-20T07:50:28.408+0000] {extract.py:421} INFO -   Load from MinIO staging: run_id=2026-04-20_07-50
[2026-04-20T07:50:28.441+0000] {logging_mixin.py:188} WARNING - [2026-04-20 07:50:28] INFO    utils.minio :   MinIO ↓ [raw-data] 2026-04-20_07-50/nguon1_khoa.parquet (4 rows)
[2026-04-20T07:50:28.440+0000] {minio_client.py:223} INFO -   MinIO ↓ [raw-data] 2026-04-20_07-50/nguon1_khoa.parquet (4 rows)
[2026-04-20T07:50:28.454+0000] {logging_mixin.py:188} WARNING - [2026-04-20 07:50:28] INFO    utils.minio :   MinIO ↓ [raw-data] 2026-04-20_07-50/nguon1_nganh.parquet (3 rows)
[2026-04-20T07:50:28.454+0000] {minio_client.py:223} INFO -   MinIO ↓ [raw-data] 2026-04-20_07-50/nguon1_nganh.parquet (3 rows)
[2026-04-20T07:50:28.468+0000] {logging_mixin.py:188} WARNING - [2026-04-20 07:50:28] INFO    utils.minio :   MinIO ↓ [raw-data] 2026-04-20_07-50/nguon1_giang_vien.parquet (45 rows)
[2026-04-20T07:50:28.468+0000] {minio_client.py:223} INFO -   MinIO ↓ [raw-data] 2026-04-20_07-50/nguon1_giang_vien.parquet (45 rows)
[2026-04-20T07:50:28.479+0000] {logging_mixin.py:188} WARNING - [2026-04-20 07:50:28] INFO    utils.minio :   MinIO ↓ [raw-data] 2026-04-20_07-50/nguon1_lop_hanh_chinh.parquet (48 rows)
[2026-04-20T07:50:28.478+0000] {minio_client.py:223} INFO -   MinIO ↓ [raw-data] 2026-04-20_07-50/nguon1_lop_hanh_chinh.parquet (48 rows)
[2026-04-20T07:50:28.491+0000] {logging_mixin.py:188} WARNING - [2026-04-20 07:50:28] INFO    utils.minio :   MinIO ↓ [raw-data] 2026-04-20_07-50/nguon1_sinh_vien.parquet (1,695 rows)
[2026-04-20T07:50:28.491+0000] {minio_client.py:223} INFO -   MinIO ↓ [raw-data] 2026-04-20_07-50/nguon1_sinh_vien.parquet (1,695 rows)
[2026-04-20T07:50:28.501+0000] {logging_mixin.py:188} WARNING - [2026-04-20 07:50:28] INFO    utils.minio :   MinIO ↓ [raw-data] 2026-04-20_07-50/nguon1_hoc_phan.parquet (121 rows)
[2026-04-20T07:50:28.501+0000] {minio_client.py:223} INFO -   MinIO ↓ [raw-data] 2026-04-20_07-50/nguon1_hoc_phan.parquet (121 rows)
[2026-04-20T07:50:28.512+0000] {logging_mixin.py:188} WARNING - [2026-04-20 07:50:28] INFO    utils.minio :   MinIO ↓ [raw-data] 2026-04-20_07-50/nguon1_hoc_ky.parquet (13 rows)
[2026-04-20T07:50:28.512+0000] {minio_client.py:223} INFO -   MinIO ↓ [raw-data] 2026-04-20_07-50/nguon1_hoc_ky.parquet (13 rows)
[2026-04-20T07:50:28.529+0000] {logging_mixin.py:188} WARNING - [2026-04-20 07:50:28] INFO    utils.minio :   MinIO ↓ [raw-data] 2026-04-20_07-50/nguon1_dang_ky.parquet (54,912 rows)
[2026-04-20T07:50:28.529+0000] {minio_client.py:223} INFO -   MinIO ↓ [raw-data] 2026-04-20_07-50/nguon1_dang_ky.parquet (54,912 rows)
[2026-04-20T07:50:28.545+0000] {logging_mixin.py:188} WARNING - [2026-04-20 07:50:28] INFO    utils.minio :   MinIO ↓ [raw-data] 2026-04-20_07-50/nguon1_diem.parquet (54,460 rows)
[2026-04-20T07:50:28.545+0000] {minio_client.py:223} INFO -   MinIO ↓ [raw-data] 2026-04-20_07-50/nguon1_diem.parquet (54,460 rows)
[2026-04-20T07:50:28.556+0000] {logging_mixin.py:188} WARNING - [2026-04-20 07:50:28] INFO    utils.minio :   MinIO ↓ [raw-data] 2026-04-20_07-50/nguon1_tong_hop_ket_qua.parquet (1,695 rows)
[2026-04-20T07:50:28.556+0000] {minio_client.py:223} INFO -   MinIO ↓ [raw-data] 2026-04-20_07-50/nguon1_tong_hop_ket_qua.parquet (1,695 rows)
[2026-04-20T07:50:28.567+0000] {logging_mixin.py:188} WARNING - [2026-04-20 07:50:28] INFO    utils.minio :   MinIO ↓ [raw-data] 2026-04-20_07-50/nguon2_ctsv.parquet (9,443 rows)
[2026-04-20T07:50:28.567+0000] {minio_client.py:223} INFO -   MinIO ↓ [raw-data] 2026-04-20_07-50/nguon2_ctsv.parquet (9,443 rows)
[2026-04-20T07:50:28.578+0000] {logging_mixin.py:188} WARNING - [2026-04-20 07:50:28] INFO    utils.minio :   MinIO ↓ [raw-data] 2026-04-20_07-50/nguon3_tai_chinh.parquet (9,146 rows)
[2026-04-20T07:50:28.578+0000] {minio_client.py:223} INFO -   MinIO ↓ [raw-data] 2026-04-20_07-50/nguon3_tai_chinh.parquet (9,146 rows)
[2026-04-20T07:50:28.579+0000] {logging_mixin.py:188} WARNING - [2026-04-20 07:50:28] INFO    etl.extract :  Load from staging OK — run_id=2026-04-20_07-50
[2026-04-20T07:50:28.579+0000] {extract.py:438} INFO -  Load from staging OK — run_id=2026-04-20_07-50
[2026-04-20T07:50:28.581+0000] {logging_mixin.py:188} WARNING - [2026-04-20 07:50:28] INFO    etl.transform : ==BẮT ĐẦU TRANSFORM==
[2026-04-20T07:50:28.581+0000] {transform.py:75} INFO - ==BẮT ĐẦU TRANSFORM==
[2026-04-20T07:50:28.582+0000] {logging_mixin.py:188} WARNING - [2026-04-20 07:50:28] INFO    etl.transform : ======================================================================
[2026-04-20T07:50:28.582+0000] {transform.py:76} INFO - ======================================================================
[2026-04-20T07:50:28.584+0000] {logging_mixin.py:188} WARNING - [2026-04-20 07:50:28] INFO    etl.transform : ── Bước 1: Transform Dimension Tables ──
[2026-04-20T07:50:28.584+0000] {transform.py:80} INFO - ── Bước 1: Transform Dimension Tables ──
[2026-04-20T07:50:28.588+0000] {logging_mixin.py:188} WARNING - [2026-04-20 07:50:28] INFO    etl.transform :   dim_thoi_gian               →     13 records
[2026-04-20T07:50:28.588+0000] {transform.py:190} INFO -   dim_thoi_gian               →     13 records
[2026-04-20T07:50:28.591+0000] {logging_mixin.py:188} WARNING - [2026-04-20 07:50:28] INFO    etl.transform :   dim_giang_vien              →     45 records
[2026-04-20T07:50:28.591+0000] {transform.py:213} INFO -   dim_giang_vien              →     45 records
[2026-04-20T07:50:28.595+0000] {logging_mixin.py:188} WARNING - [2026-04-20 07:50:28] INFO    etl.transform :   dim_hoc_phan                →    121 records
[2026-04-20T07:50:28.595+0000] {transform.py:240} INFO -   dim_hoc_phan                →    121 records
[2026-04-20T07:50:28.607+0000] {logging_mixin.py:188} WARNING - [2026-04-20 07:50:28] INFO    etl.transform :   dim_sinh_vien               →  1,695 records
[2026-04-20T07:50:28.607+0000] {transform.py:306} INFO -   dim_sinh_vien               →  1,695 records
[2026-04-20T07:50:28.610+0000] {logging_mixin.py:188} WARNING - [2026-04-20 07:50:28] INFO    etl.transform : ── Bước 2: Transform Fact Tables ──
[2026-04-20T07:50:28.610+0000] {transform.py:96} INFO - ── Bước 2: Transform Fact Tables ──
[2026-04-20T07:50:28.672+0000] {logging_mixin.py:188} WARNING - [2026-04-20 07:50:28] INFO    etl.transform :   fact_diem                   → 54,460 records
[2026-04-20T07:50:28.671+0000] {transform.py:376} INFO -   fact_diem                   → 54,460 records
[2026-04-20T07:50:28.708+0000] {logging_mixin.py:188} WARNING - [2026-04-20 07:50:28] INFO    etl.transform :   fact_dang_ky               → 54,912 records
[2026-04-20T07:50:28.707+0000] {transform.py:413} INFO -   fact_dang_ky               → 54,912 records
[2026-04-20T07:50:28.719+0000] {logging_mixin.py:188} WARNING - [2026-04-20 07:50:28] INFO    etl.transform :   fact_ren_luyen              →  9,443 records
[2026-04-20T07:50:28.719+0000] {transform.py:445} INFO -   fact_ren_luyen              →  9,443 records
[2026-04-20T07:50:28.726+0000] {logging_mixin.py:188} WARNING - /opt/***/src/etl/transform.py:467 UserWarning: The argument 'infer_datetime_format' is deprecated and will be removed in a future version. A strict version of it is now the default, see https://pandas.pydata.org/pdeps/0004-consistent-to-datetime-parsing.html. You can safely remove this argument.
[2026-04-20T07:50:28.732+0000] {logging_mixin.py:188} WARNING - [2026-04-20 07:50:28] INFO    etl.transform :   fact_tai_chinh              →  9,146 records
[2026-04-20T07:50:28.732+0000] {transform.py:485} INFO -   fact_tai_chinh              →  9,146 records
[2026-04-20T07:50:28.734+0000] {logging_mixin.py:188} WARNING - [2026-04-20 07:50:28] INFO    etl.transform : ======================================================================
[2026-04-20T07:50:28.734+0000] {transform.py:108} INFO - ======================================================================
[2026-04-20T07:50:28.736+0000] {logging_mixin.py:188} WARNING - [2026-04-20 07:50:28] INFO    etl.transform : TRANSFORM HOÀN TẤT
[2026-04-20T07:50:28.736+0000] {transform.py:109} INFO - TRANSFORM HOÀN TẤT
[2026-04-20T07:50:28.737+0000] {logging_mixin.py:188} WARNING - [2026-04-20 07:50:28] INFO    etl.transform :    dim_giang_vien           :       45 records
[2026-04-20T07:50:28.737+0000] {transform.py:111} INFO -    dim_giang_vien           :       45 records
[2026-04-20T07:50:28.739+0000] {logging_mixin.py:188} WARNING - [2026-04-20 07:50:28] INFO    etl.transform :    dim_sinh_vien            :    1,695 records
[2026-04-20T07:50:28.739+0000] {transform.py:111} INFO -    dim_sinh_vien            :    1,695 records
[2026-04-20T07:50:28.741+0000] {logging_mixin.py:188} WARNING - [2026-04-20 07:50:28] INFO    etl.transform :    dim_hoc_phan             :      121 records
[2026-04-20T07:50:28.741+0000] {transform.py:111} INFO -    dim_hoc_phan             :      121 records
[2026-04-20T07:50:28.742+0000] {logging_mixin.py:188} WARNING - [2026-04-20 07:50:28] INFO    etl.transform :    dim_thoi_gian            :       13 records
[2026-04-20T07:50:28.742+0000] {transform.py:111} INFO -    dim_thoi_gian            :       13 records
[2026-04-20T07:50:28.743+0000] {logging_mixin.py:188} WARNING - [2026-04-20 07:50:28] INFO    etl.transform :    fact_diem                :   54,460 records
[2026-04-20T07:50:28.743+0000] {transform.py:111} INFO -    fact_diem                :   54,460 records
[2026-04-20T07:50:28.744+0000] {logging_mixin.py:188} WARNING - [2026-04-20 07:50:28] INFO    etl.transform :    fact_dang_ky             :   54,912 records
[2026-04-20T07:50:28.744+0000] {transform.py:111} INFO -    fact_dang_ky             :   54,912 records
[2026-04-20T07:50:28.745+0000] {logging_mixin.py:188} WARNING - [2026-04-20 07:50:28] INFO    etl.transform :    fact_ren_luyen           :    9,443 records
[2026-04-20T07:50:28.745+0000] {transform.py:111} INFO -    fact_ren_luyen           :    9,443 records
[2026-04-20T07:50:28.746+0000] {logging_mixin.py:188} WARNING - [2026-04-20 07:50:28] INFO    etl.transform :    fact_tai_chinh           :    9,146 records
[2026-04-20T07:50:28.746+0000] {transform.py:111} INFO -    fact_tai_chinh           :    9,146 records
[2026-04-20T07:50:28.746+0000] {logging_mixin.py:188} WARNING - [2026-04-20 07:50:28] INFO    etl.transform : ======================================================================
[2026-04-20T07:50:28.746+0000] {transform.py:112} INFO - ======================================================================
[2026-04-20T07:50:28.764+0000] {logging_mixin.py:188} WARNING - [2026-04-20 07:50:28] INFO    utils.minio :   MinIO ↑ [staging-data] 2026-04-20_07-50/dim_hoc_ky.parquet (5.4 KB | 13 rows)
[2026-04-20T07:50:28.764+0000] {minio_client.py:142} INFO -   MinIO ↑ [staging-data] 2026-04-20_07-50/dim_hoc_ky.parquet (5.4 KB | 13 rows)
[2026-04-20T07:50:28.775+0000] {logging_mixin.py:188} WARNING - [2026-04-20 07:50:28] INFO    utils.minio :   MinIO ↑ [staging-data] 2026-04-20_07-50/dim_giang_vien.parquet (8.9 KB | 45 rows)
[2026-04-20T07:50:28.775+0000] {minio_client.py:142} INFO -   MinIO ↑ [staging-data] 2026-04-20_07-50/dim_giang_vien.parquet (8.9 KB | 45 rows)
[2026-04-20T07:50:28.787+0000] {logging_mixin.py:188} WARNING - [2026-04-20 07:50:28] INFO    utils.minio :   MinIO ↑ [staging-data] 2026-04-20_07-50/dim_hoc_phan.parquet (11.0 KB | 121 rows)
[2026-04-20T07:50:28.786+0000] {minio_client.py:142} INFO -   MinIO ↑ [staging-data] 2026-04-20_07-50/dim_hoc_phan.parquet (11.0 KB | 121 rows)
[2026-04-20T07:50:28.801+0000] {logging_mixin.py:188} WARNING - [2026-04-20 07:50:28] INFO    utils.minio :   MinIO ↑ [staging-data] 2026-04-20_07-50/dim_sinh_vien.parquet (71.5 KB | 1,695 rows)
[2026-04-20T07:50:28.801+0000] {minio_client.py:142} INFO -   MinIO ↑ [staging-data] 2026-04-20_07-50/dim_sinh_vien.parquet (71.5 KB | 1,695 rows)
[2026-04-20T07:50:28.852+0000] {logging_mixin.py:188} WARNING - [2026-04-20 07:50:28] INFO    utils.minio :   MinIO ↑ [staging-data] 2026-04-20_07-50/fact_diem.parquet (814.9 KB | 54,460 rows)
[2026-04-20T07:50:28.852+0000] {minio_client.py:142} INFO -   MinIO ↑ [staging-data] 2026-04-20_07-50/fact_diem.parquet (814.9 KB | 54,460 rows)
[2026-04-20T07:50:28.888+0000] {logging_mixin.py:188} WARNING - [2026-04-20 07:50:28] INFO    utils.minio :   MinIO ↑ [staging-data] 2026-04-20_07-50/fact_dang_ky.parquet (472.1 KB | 54,912 rows)
[2026-04-20T07:50:28.888+0000] {minio_client.py:142} INFO -   MinIO ↑ [staging-data] 2026-04-20_07-50/fact_dang_ky.parquet (472.1 KB | 54,912 rows)
[2026-04-20T07:50:28.904+0000] {logging_mixin.py:188} WARNING - [2026-04-20 07:50:28] INFO    utils.minio :   MinIO ↑ [staging-data] 2026-04-20_07-50/fact_ren_luyen.parquet (41.4 KB | 9,443 rows)
[2026-04-20T07:50:28.904+0000] {minio_client.py:142} INFO -   MinIO ↑ [staging-data] 2026-04-20_07-50/fact_ren_luyen.parquet (41.4 KB | 9,443 rows)
[2026-04-20T07:50:28.918+0000] {logging_mixin.py:188} WARNING - [2026-04-20 07:50:28] INFO    utils.minio :   MinIO ↑ [staging-data] 2026-04-20_07-50/fact_tai_chinh.parquet (85.1 KB | 9,146 rows)
[2026-04-20T07:50:28.918+0000] {minio_client.py:142} INFO -   MinIO ↑ [staging-data] 2026-04-20_07-50/fact_tai_chinh.parquet (85.1 KB | 9,146 rows)
[2026-04-20T07:50:28.920+0000] {logging_mixin.py:188} WARNING - [2026-04-20 07:50:28] INFO    etl.transform :   MinIO staging-data: 8/8 files OK → run_id=2026-04-20_07-50
[2026-04-20T07:50:28.920+0000] {transform.py:141} INFO -   MinIO staging-data: 8/8 files OK → run_id=2026-04-20_07-50
[2026-04-20T07:50:28.948+0000] {logging_mixin.py:188} INFO - Transform xong: {'dim_giang_vien': 45, 'dim_sinh_vien': 1695, 'dim_hoc_phan': 121, 'dim_thoi_gian': 13, 'fact_diem': 54460, 'fact_dang_ky': 54912, 'fact_ren_luyen': 9443, 'fact_tai_chinh': 9146}
[2026-04-20T07:50:28.952+0000] {python.py:201} INFO - Done. Returned value was: {'dim_giang_vien': 45, 'dim_sinh_vien': 1695, 'dim_hoc_phan': 121, 'dim_thoi_gian': 13, 'fact_diem': 54460, 'fact_dang_ky': 54912, 'fact_ren_luyen': 9443, 'fact_tai_chinh': 9146}
[2026-04-20T07:50:28.976+0000] {taskinstance.py:1138} INFO - Marking task as SUCCESS. dag_id=daily_student_pipeline, task_id=transform_data, execution_date=20260419T020000, start_date=20260420T075027, end_date=20260420T075028
[2026-04-20T07:50:29.037+0000] {local_task_job_runner.py:234} INFO - Task exited with return code 0
[2026-04-20T07:50:29.060+0000] {taskinstance.py:3280} INFO - 1 downstream tasks scheduled from follow-on schedule check
