[2026-04-05T03:27:10.408+0000] {taskinstance.py:1956} INFO - Dependencies all met for dep_context=non-requeueable deps ti=<TaskInstance: daily_student_pipeline.transform_data scheduled__2026-04-04T02:00:00+00:00 [queued]>
[2026-04-05T03:27:10.433+0000] {taskinstance.py:1956} INFO - Dependencies all met for dep_context=requeueable deps ti=<TaskInstance: daily_student_pipeline.transform_data scheduled__2026-04-04T02:00:00+00:00 [queued]>
[2026-04-05T03:27:10.434+0000] {taskinstance.py:2170} INFO - Starting attempt 1 of 1
[2026-04-05T03:27:10.464+0000] {taskinstance.py:2191} INFO - Executing <Task(PythonOperator): transform_data> on 2026-04-04 02:00:00+00:00
[2026-04-05T03:27:10.475+0000] {standard_task_runner.py:60} INFO - Started process 204 to run task
[2026-04-05T03:27:10.481+0000] {standard_task_runner.py:87} INFO - Running: ['***', 'tasks', 'run', 'daily_student_pipeline', 'transform_data', 'scheduled__2026-04-04T02:00:00+00:00', '--job-id', '184', '--raw', '--subdir', 'DAGS_FOLDER/daily_student_pipeline.py', '--cfg-path', '/tmp/tmpyte9i_j9']
[2026-04-05T03:27:10.492+0000] {standard_task_runner.py:88} INFO - Job 184: Subtask transform_data
[2026-04-05T03:27:10.616+0000] {task_command.py:423} INFO - Running <TaskInstance: daily_student_pipeline.transform_data scheduled__2026-04-04T02:00:00+00:00 [running]> on host 1c62953c8918
[2026-04-05T03:27:10.770+0000] {taskinstance.py:2480} INFO - Exporting env vars: AIRFLOW_CTX_DAG_OWNER='nhom8' AIRFLOW_CTX_DAG_ID='daily_student_pipeline' AIRFLOW_CTX_TASK_ID='transform_data' AIRFLOW_CTX_EXECUTION_DATE='2026-04-04T02:00:00+00:00' AIRFLOW_CTX_TRY_NUMBER='1' AIRFLOW_CTX_DAG_RUN_ID='scheduled__2026-04-04T02:00:00+00:00'
[2026-04-05T03:27:13.174+0000] {logging_mixin.py:188} WARNING - [2026-04-05 03:27:13] INFO    utils.minio :   MinIO run mới nhất: 2026-04-04_07-04
[2026-04-05T03:27:13.174+0000] {minio_client.py:283} INFO -   MinIO run mới nhất: 2026-04-04_07-04
[2026-04-05T03:27:13.177+0000] {logging_mixin.py:188} WARNING - [2026-04-05 03:27:13] INFO    etl.extract :   Load from MinIO staging: run_id=2026-04-04_07-04
[2026-04-05T03:27:13.177+0000] {extract.py:352} INFO -   Load from MinIO staging: run_id=2026-04-04_07-04
[2026-04-05T03:27:13.311+0000] {logging_mixin.py:188} WARNING - [2026-04-05 03:27:13] INFO    utils.minio :   MinIO ↓ [raw-data] 2026-04-04_07-04/nguon1_khoa.parquet (4 rows)
[2026-04-05T03:27:13.311+0000] {minio_client.py:223} INFO -   MinIO ↓ [raw-data] 2026-04-04_07-04/nguon1_khoa.parquet (4 rows)
[2026-04-05T03:27:13.332+0000] {logging_mixin.py:188} WARNING - [2026-04-05 03:27:13] INFO    utils.minio :   MinIO ↓ [raw-data] 2026-04-04_07-04/nguon1_nganh.parquet (3 rows)
[2026-04-05T03:27:13.332+0000] {minio_client.py:223} INFO -   MinIO ↓ [raw-data] 2026-04-04_07-04/nguon1_nganh.parquet (3 rows)
[2026-04-05T03:27:13.355+0000] {logging_mixin.py:188} WARNING - [2026-04-05 03:27:13] INFO    utils.minio :   MinIO ↓ [raw-data] 2026-04-04_07-04/nguon1_giang_vien.parquet (45 rows)
[2026-04-05T03:27:13.355+0000] {minio_client.py:223} INFO -   MinIO ↓ [raw-data] 2026-04-04_07-04/nguon1_giang_vien.parquet (45 rows)
[2026-04-05T03:27:13.372+0000] {logging_mixin.py:188} WARNING - [2026-04-05 03:27:13] INFO    utils.minio :   MinIO ↓ [raw-data] 2026-04-04_07-04/nguon1_lop_hanh_chinh.parquet (48 rows)
[2026-04-05T03:27:13.372+0000] {minio_client.py:223} INFO -   MinIO ↓ [raw-data] 2026-04-04_07-04/nguon1_lop_hanh_chinh.parquet (48 rows)
[2026-04-05T03:27:13.393+0000] {logging_mixin.py:188} WARNING - [2026-04-05 03:27:13] INFO    utils.minio :   MinIO ↓ [raw-data] 2026-04-04_07-04/nguon1_sinh_vien.parquet (1,695 rows)
[2026-04-05T03:27:13.393+0000] {minio_client.py:223} INFO -   MinIO ↓ [raw-data] 2026-04-04_07-04/nguon1_sinh_vien.parquet (1,695 rows)
[2026-04-05T03:27:13.416+0000] {logging_mixin.py:188} WARNING - [2026-04-05 03:27:13] INFO    utils.minio :   MinIO ↓ [raw-data] 2026-04-04_07-04/nguon1_hoc_phan.parquet (121 rows)
[2026-04-05T03:27:13.416+0000] {minio_client.py:223} INFO -   MinIO ↓ [raw-data] 2026-04-04_07-04/nguon1_hoc_phan.parquet (121 rows)
[2026-04-05T03:27:13.431+0000] {logging_mixin.py:188} WARNING - [2026-04-05 03:27:13] INFO    utils.minio :   MinIO ↓ [raw-data] 2026-04-04_07-04/nguon1_hoc_ky.parquet (9 rows)
[2026-04-05T03:27:13.431+0000] {minio_client.py:223} INFO -   MinIO ↓ [raw-data] 2026-04-04_07-04/nguon1_hoc_ky.parquet (9 rows)
[2026-04-05T03:27:13.463+0000] {logging_mixin.py:188} WARNING - [2026-04-05 03:27:13] INFO    utils.minio :   MinIO ↓ [raw-data] 2026-04-04_07-04/nguon1_dang_ky.parquet (58,001 rows)
[2026-04-05T03:27:13.463+0000] {minio_client.py:223} INFO -   MinIO ↓ [raw-data] 2026-04-04_07-04/nguon1_dang_ky.parquet (58,001 rows)
[2026-04-05T03:27:13.489+0000] {logging_mixin.py:188} WARNING - [2026-04-05 03:27:13] INFO    utils.minio :   MinIO ↓ [raw-data] 2026-04-04_07-04/nguon1_diem.parquet (58,001 rows)
[2026-04-05T03:27:13.489+0000] {minio_client.py:223} INFO -   MinIO ↓ [raw-data] 2026-04-04_07-04/nguon1_diem.parquet (58,001 rows)
[2026-04-05T03:27:13.524+0000] {logging_mixin.py:188} WARNING - [2026-04-05 03:27:13] INFO    utils.minio :   MinIO ↓ [raw-data] 2026-04-04_07-04/nguon1_tong_hop_ket_qua.parquet (1,695 rows)
[2026-04-05T03:27:13.524+0000] {minio_client.py:223} INFO -   MinIO ↓ [raw-data] 2026-04-04_07-04/nguon1_tong_hop_ket_qua.parquet (1,695 rows)
[2026-04-05T03:27:13.570+0000] {logging_mixin.py:188} WARNING - [2026-04-05 03:27:13] INFO    utils.minio :   MinIO ↓ [raw-data] 2026-04-04_07-04/nguon2_ctsv.parquet (9,629 rows)
[2026-04-05T03:27:13.570+0000] {minio_client.py:223} INFO -   MinIO ↓ [raw-data] 2026-04-04_07-04/nguon2_ctsv.parquet (9,629 rows)
[2026-04-05T03:27:13.589+0000] {logging_mixin.py:188} WARNING - [2026-04-05 03:27:13] INFO    utils.minio :   MinIO ↓ [raw-data] 2026-04-04_07-04/nguon3_tai_chinh.parquet (9,238 rows)
[2026-04-05T03:27:13.589+0000] {minio_client.py:223} INFO -   MinIO ↓ [raw-data] 2026-04-04_07-04/nguon3_tai_chinh.parquet (9,238 rows)
[2026-04-05T03:27:13.591+0000] {logging_mixin.py:188} WARNING - [2026-04-05 03:27:13] INFO    etl.extract :  Load from staging OK — run_id=2026-04-04_07-04
[2026-04-05T03:27:13.591+0000] {extract.py:369} INFO -  Load from staging OK — run_id=2026-04-04_07-04
[2026-04-05T03:27:13.594+0000] {logging_mixin.py:188} WARNING - [2026-04-05 03:27:13] INFO    etl.transform : ==BẮT ĐẦU TRANSFORM==
[2026-04-05T03:27:13.594+0000] {transform.py:67} INFO - ==BẮT ĐẦU TRANSFORM==
[2026-04-05T03:27:13.595+0000] {logging_mixin.py:188} WARNING - [2026-04-05 03:27:13] INFO    etl.transform : ======================================================================
[2026-04-05T03:27:13.595+0000] {transform.py:68} INFO - ======================================================================
[2026-04-05T03:27:13.599+0000] {logging_mixin.py:188} WARNING - [2026-04-05 03:27:13] INFO    etl.transform : ── Bước 1: Transform Dimension Tables ──
[2026-04-05T03:27:13.599+0000] {transform.py:72} INFO - ── Bước 1: Transform Dimension Tables ──
[2026-04-05T03:27:13.607+0000] {logging_mixin.py:188} WARNING - [2026-04-05 03:27:13] INFO    etl.transform :   dim_thoi_gian (→dim_hoc_ky)  →      9 records
[2026-04-05T03:27:13.607+0000] {transform.py:198} INFO -   dim_thoi_gian (→dim_hoc_ky)  →      9 records
[2026-04-05T03:27:13.618+0000] {logging_mixin.py:188} WARNING - [2026-04-05 03:27:13] INFO    etl.transform :   dim_giang_vien              →     45 records
[2026-04-05T03:27:13.617+0000] {transform.py:226} INFO -   dim_giang_vien              →     45 records
[2026-04-05T03:27:13.623+0000] {logging_mixin.py:188} WARNING - [2026-04-05 03:27:13] INFO    etl.transform :   dim_hoc_phan                →    121 records
[2026-04-05T03:27:13.623+0000] {transform.py:258} INFO -   dim_hoc_phan                →    121 records
[2026-04-05T03:27:13.648+0000] {logging_mixin.py:188} WARNING - [2026-04-05 03:27:13] INFO    etl.transform :   dim_sinh_vien               →  1,695 records
[2026-04-05T03:27:13.648+0000] {transform.py:336} INFO -   dim_sinh_vien               →  1,695 records
[2026-04-05T03:27:13.650+0000] {logging_mixin.py:188} WARNING - [2026-04-05 03:27:13] INFO    etl.transform : ── Bước 2: Transform Fact Tables ──
[2026-04-05T03:27:13.650+0000] {transform.py:91} INFO - ── Bước 2: Transform Fact Tables ──
[2026-04-05T03:27:13.706+0000] {logging_mixin.py:188} WARNING - [2026-04-05 03:27:13] INFO    etl.transform :   fact_diem | Tính lại điểm tổng kết cho 1160 bản ghi
[2026-04-05T03:27:13.706+0000] {transform.py:391} INFO -   fact_diem | Tính lại điểm tổng kết cho 1160 bản ghi
[2026-04-05T03:27:13.771+0000] {logging_mixin.py:188} WARNING - [2026-04-05 03:27:13] INFO    etl.transform :   fact_diem (→fact_hoc_tap)    → 58,001 records
[2026-04-05T03:27:13.771+0000] {transform.py:414} INFO -   fact_diem (→fact_hoc_tap)    → 58,001 records
[2026-04-05T03:27:13.794+0000] {logging_mixin.py:188} WARNING - [2026-04-05 03:27:13] INFO    etl.transform :   fact_ren_luyen (→fact_ctsv)  →  9,629 records
[2026-04-05T03:27:13.794+0000] {transform.py:455} INFO -   fact_ren_luyen (→fact_ctsv)  →  9,629 records
[2026-04-05T03:27:13.805+0000] {logging_mixin.py:188} WARNING - [2026-04-05 03:27:13] INFO    etl.transform :   fact_tai_chinh               →  9,238 records
[2026-04-05T03:27:13.805+0000] {transform.py:492} INFO -   fact_tai_chinh               →  9,238 records
[2026-04-05T03:27:13.809+0000] {logging_mixin.py:188} WARNING - [2026-04-05 03:27:13] INFO    etl.transform : ── Bước 3: Tổng hợp đa nguồn ──
[2026-04-05T03:27:13.809+0000] {transform.py:104} INFO - ── Bước 3: Tổng hợp đa nguồn ──
[2026-04-05T03:27:13.810+0000] {logging_mixin.py:188} WARNING - [2026-04-05 03:27:13] INFO    etl.transform : ======================================================================
[2026-04-05T03:27:13.810+0000] {transform.py:107} INFO - ======================================================================
[2026-04-05T03:27:13.812+0000] {logging_mixin.py:188} WARNING - [2026-04-05 03:27:13] INFO    etl.transform : TRANSFORM HOÀN TẤT
[2026-04-05T03:27:13.812+0000] {transform.py:108} INFO - TRANSFORM HOÀN TẤT
[2026-04-05T03:27:13.813+0000] {logging_mixin.py:188} WARNING - [2026-04-05 03:27:13] INFO    etl.transform :    dim_giang_vien           :       45 records
[2026-04-05T03:27:13.813+0000] {transform.py:110} INFO -    dim_giang_vien           :       45 records
[2026-04-05T03:27:13.815+0000] {logging_mixin.py:188} WARNING - [2026-04-05 03:27:13] INFO    etl.transform :    dim_sinh_vien            :    1,695 records
[2026-04-05T03:27:13.815+0000] {transform.py:110} INFO -    dim_sinh_vien            :    1,695 records
[2026-04-05T03:27:13.817+0000] {logging_mixin.py:188} WARNING - [2026-04-05 03:27:13] INFO    etl.transform :    dim_hoc_phan             :      121 records
[2026-04-05T03:27:13.817+0000] {transform.py:110} INFO -    dim_hoc_phan             :      121 records
[2026-04-05T03:27:13.819+0000] {logging_mixin.py:188} WARNING - [2026-04-05 03:27:13] INFO    etl.transform :    dim_thoi_gian            :        9 records
[2026-04-05T03:27:13.818+0000] {transform.py:110} INFO -    dim_thoi_gian            :        9 records
[2026-04-05T03:27:13.820+0000] {logging_mixin.py:188} WARNING - [2026-04-05 03:27:13] INFO    etl.transform :    fact_diem                :   58,001 records
[2026-04-05T03:27:13.820+0000] {transform.py:110} INFO -    fact_diem                :   58,001 records
[2026-04-05T03:27:13.822+0000] {logging_mixin.py:188} WARNING - [2026-04-05 03:27:13] INFO    etl.transform :    fact_ren_luyen           :    9,629 records
[2026-04-05T03:27:13.822+0000] {transform.py:110} INFO -    fact_ren_luyen           :    9,629 records
[2026-04-05T03:27:13.823+0000] {logging_mixin.py:188} WARNING - [2026-04-05 03:27:13] INFO    etl.transform :    fact_tai_chinh           :    9,238 records
[2026-04-05T03:27:13.823+0000] {transform.py:110} INFO -    fact_tai_chinh           :    9,238 records
[2026-04-05T03:27:13.825+0000] {logging_mixin.py:188} WARNING - [2026-04-05 03:27:13] INFO    etl.transform :    fact_tong_hop_sv         :        0 records
[2026-04-05T03:27:13.825+0000] {transform.py:110} INFO -    fact_tong_hop_sv         :        0 records
[2026-04-05T03:27:13.826+0000] {logging_mixin.py:188} WARNING - [2026-04-05 03:27:13] INFO    etl.transform : ======================================================================
[2026-04-05T03:27:13.826+0000] {transform.py:111} INFO - ======================================================================
[2026-04-05T03:27:13.865+0000] {logging_mixin.py:188} WARNING - [2026-04-05 03:27:13] INFO    utils.minio :   MinIO ↑ [staging-data] 2026-04-05_03-27/dim_hoc_ky.parquet (5.3 KB | 9 rows)
[2026-04-05T03:27:13.865+0000] {minio_client.py:142} INFO -   MinIO ↑ [staging-data] 2026-04-05_03-27/dim_hoc_ky.parquet (5.3 KB | 9 rows)
[2026-04-05T03:27:13.880+0000] {logging_mixin.py:188} WARNING - [2026-04-05 03:27:13] INFO    utils.minio :   MinIO ↑ [staging-data] 2026-04-05_03-27/dim_giang_vien.parquet (8.9 KB | 45 rows)
[2026-04-05T03:27:13.880+0000] {minio_client.py:142} INFO -   MinIO ↑ [staging-data] 2026-04-05_03-27/dim_giang_vien.parquet (8.9 KB | 45 rows)
[2026-04-05T03:27:13.895+0000] {logging_mixin.py:188} WARNING - [2026-04-05 03:27:13] INFO    utils.minio :   MinIO ↑ [staging-data] 2026-04-05_03-27/dim_hoc_phan.parquet (11.0 KB | 121 rows)
[2026-04-05T03:27:13.895+0000] {minio_client.py:142} INFO -   MinIO ↑ [staging-data] 2026-04-05_03-27/dim_hoc_phan.parquet (11.0 KB | 121 rows)
[2026-04-05T03:27:13.926+0000] {logging_mixin.py:188} WARNING - [2026-04-05 03:27:13] INFO    utils.minio :   MinIO ↑ [staging-data] 2026-04-05_03-27/dim_sinh_vien.parquet (72.9 KB | 1,695 rows)
[2026-04-05T03:27:13.926+0000] {minio_client.py:142} INFO -   MinIO ↑ [staging-data] 2026-04-05_03-27/dim_sinh_vien.parquet (72.9 KB | 1,695 rows)
[2026-04-05T03:27:14.027+0000] {logging_mixin.py:188} WARNING - [2026-04-05 03:27:14] INFO    utils.minio :   MinIO ↑ [staging-data] 2026-04-05_03-27/fact_diem.parquet (908.9 KB | 58,001 rows)
[2026-04-05T03:27:14.027+0000] {minio_client.py:142} INFO -   MinIO ↑ [staging-data] 2026-04-05_03-27/fact_diem.parquet (908.9 KB | 58,001 rows)
[2026-04-05T03:27:14.053+0000] {logging_mixin.py:188} WARNING - [2026-04-05 03:27:14] INFO    utils.minio :   MinIO ↑ [staging-data] 2026-04-05_03-27/fact_ren_luyen.parquet (47.2 KB | 9,629 rows)
[2026-04-05T03:27:14.053+0000] {minio_client.py:142} INFO -   MinIO ↑ [staging-data] 2026-04-05_03-27/fact_ren_luyen.parquet (47.2 KB | 9,629 rows)
[2026-04-05T03:27:14.075+0000] {logging_mixin.py:188} WARNING - [2026-04-05 03:27:14] INFO    utils.minio :   MinIO ↑ [staging-data] 2026-04-05_03-27/fact_tai_chinh.parquet (70.2 KB | 9,238 rows)
[2026-04-05T03:27:14.074+0000] {minio_client.py:142} INFO -   MinIO ↑ [staging-data] 2026-04-05_03-27/fact_tai_chinh.parquet (70.2 KB | 9,238 rows)
[2026-04-05T03:27:14.076+0000] {logging_mixin.py:188} WARNING - [2026-04-05 03:27:14] WARNING utils.minio :   MinIO skip (empty): fact_tong_hop_sv.parquet
[2026-04-05T03:27:14.076+0000] {minio_client.py:120} WARNING -   MinIO skip (empty): fact_tong_hop_sv.parquet
[2026-04-05T03:27:14.078+0000] {logging_mixin.py:188} WARNING - [2026-04-05 03:27:14] INFO    etl.transform :   MinIO staging-data: 8/8 files OK → run_id=2026-04-05_03-27
[2026-04-05T03:27:14.078+0000] {transform.py:143} INFO -   MinIO staging-data: 8/8 files OK → run_id=2026-04-05_03-27
[2026-04-05T03:27:14.125+0000] {logging_mixin.py:188} INFO - Transform xong: {'dim_giang_vien': 45, 'dim_sinh_vien': 1695, 'dim_hoc_phan': 121, 'dim_thoi_gian': 9, 'fact_diem': 58001, 'fact_ren_luyen': 9629, 'fact_tai_chinh': 9238, 'fact_tong_hop_sv': 0}
[2026-04-05T03:27:14.130+0000] {python.py:201} INFO - Done. Returned value was: {'dim_giang_vien': 45, 'dim_sinh_vien': 1695, 'dim_hoc_phan': 121, 'dim_thoi_gian': 9, 'fact_diem': 58001, 'fact_ren_luyen': 9629, 'fact_tai_chinh': 9238, 'fact_tong_hop_sv': 0}
[2026-04-05T03:27:14.172+0000] {taskinstance.py:1138} INFO - Marking task as SUCCESS. dag_id=daily_student_pipeline, task_id=transform_data, execution_date=20260404T020000, start_date=20260405T032710, end_date=20260405T032714
[2026-04-05T03:27:14.243+0000] {local_task_job_runner.py:234} INFO - Task exited with return code 0
[2026-04-05T03:27:14.273+0000] {taskinstance.py:3280} INFO - 0 downstream tasks scheduled from follow-on schedule check
