[2026-03-26T14:09:16.830+0000] {taskinstance.py:1956} INFO - Dependencies all met for dep_context=non-requeueable deps ti=<TaskInstance: daily_student_pipeline.transform_data scheduled__2026-03-25T02:00:00+00:00 [queued]>
[2026-03-26T14:09:16.839+0000] {taskinstance.py:1956} INFO - Dependencies all met for dep_context=requeueable deps ti=<TaskInstance: daily_student_pipeline.transform_data scheduled__2026-03-25T02:00:00+00:00 [queued]>
[2026-03-26T14:09:16.840+0000] {taskinstance.py:2170} INFO - Starting attempt 1 of 1
[2026-03-26T14:09:16.853+0000] {taskinstance.py:2191} INFO - Executing <Task(PythonOperator): transform_data> on 2026-03-25 02:00:00+00:00
[2026-03-26T14:09:16.857+0000] {standard_task_runner.py:60} INFO - Started process 1566 to run task
[2026-03-26T14:09:16.861+0000] {standard_task_runner.py:87} INFO - Running: ['***', 'tasks', 'run', 'daily_student_pipeline', 'transform_data', 'scheduled__2026-03-25T02:00:00+00:00', '--job-id', '7', '--raw', '--subdir', 'DAGS_FOLDER/daily_student_pipeline.py', '--cfg-path', '/tmp/tmp1fmbp5ok']
[2026-03-26T14:09:16.863+0000] {standard_task_runner.py:88} INFO - Job 7: Subtask transform_data
[2026-03-26T14:09:16.945+0000] {task_command.py:423} INFO - Running <TaskInstance: daily_student_pipeline.transform_data scheduled__2026-03-25T02:00:00+00:00 [running]> on host 8474c56aea3d
[2026-03-26T14:09:17.045+0000] {taskinstance.py:2480} INFO - Exporting env vars: AIRFLOW_CTX_DAG_OWNER='nhom8' AIRFLOW_CTX_DAG_ID='daily_student_pipeline' AIRFLOW_CTX_TASK_ID='transform_data' AIRFLOW_CTX_EXECUTION_DATE='2026-03-25T02:00:00+00:00' AIRFLOW_CTX_TRY_NUMBER='1' AIRFLOW_CTX_DAG_RUN_ID='scheduled__2026-03-25T02:00:00+00:00'
[2026-03-26T14:09:17.752+0000] {logging_mixin.py:188} WARNING - [2026-03-26 14:09:17] INFO    etl.extract :   Load from MinIO staging: run_id=2026-03-26_14-09
[2026-03-26T14:09:17.752+0000] {extract.py:486} INFO -   Load from MinIO staging: run_id=2026-03-26_14-09
[2026-03-26T14:09:17.793+0000] {logging_mixin.py:188} WARNING - [2026-03-26 14:09:17] INFO    utils.minio :   MinIO ↓ [raw-data] 2026-03-26_14-09/nguon1_khoa.parquet (4 rows)
[2026-03-26T14:09:17.793+0000] {minio_client.py:223} INFO -   MinIO ↓ [raw-data] 2026-03-26_14-09/nguon1_khoa.parquet (4 rows)
[2026-03-26T14:09:17.808+0000] {logging_mixin.py:188} WARNING - [2026-03-26 14:09:17] INFO    utils.minio :   MinIO ↓ [raw-data] 2026-03-26_14-09/nguon1_nganh.parquet (3 rows)
[2026-03-26T14:09:17.808+0000] {minio_client.py:223} INFO -   MinIO ↓ [raw-data] 2026-03-26_14-09/nguon1_nganh.parquet (3 rows)
[2026-03-26T14:09:17.825+0000] {logging_mixin.py:188} WARNING - [2026-03-26 14:09:17] INFO    utils.minio :   MinIO ↓ [raw-data] 2026-03-26_14-09/nguon1_giang_vien.parquet (45 rows)
[2026-03-26T14:09:17.825+0000] {minio_client.py:223} INFO -   MinIO ↓ [raw-data] 2026-03-26_14-09/nguon1_giang_vien.parquet (45 rows)
[2026-03-26T14:09:17.836+0000] {logging_mixin.py:188} WARNING - [2026-03-26 14:09:17] INFO    utils.minio :   MinIO ↓ [raw-data] 2026-03-26_14-09/nguon1_lop_hanh_chinh.parquet (48 rows)
[2026-03-26T14:09:17.836+0000] {minio_client.py:223} INFO -   MinIO ↓ [raw-data] 2026-03-26_14-09/nguon1_lop_hanh_chinh.parquet (48 rows)
[2026-03-26T14:09:17.851+0000] {logging_mixin.py:188} WARNING - [2026-03-26 14:09:17] INFO    utils.minio :   MinIO ↓ [raw-data] 2026-03-26_14-09/nguon1_sinh_vien.parquet (1,695 rows)
[2026-03-26T14:09:17.851+0000] {minio_client.py:223} INFO -   MinIO ↓ [raw-data] 2026-03-26_14-09/nguon1_sinh_vien.parquet (1,695 rows)
[2026-03-26T14:09:17.865+0000] {logging_mixin.py:188} WARNING - [2026-03-26 14:09:17] INFO    utils.minio :   MinIO ↓ [raw-data] 2026-03-26_14-09/nguon1_hoc_phan.parquet (121 rows)
[2026-03-26T14:09:17.865+0000] {minio_client.py:223} INFO -   MinIO ↓ [raw-data] 2026-03-26_14-09/nguon1_hoc_phan.parquet (121 rows)
[2026-03-26T14:09:17.878+0000] {logging_mixin.py:188} WARNING - [2026-03-26 14:09:17] INFO    utils.minio :   MinIO ↓ [raw-data] 2026-03-26_14-09/nguon1_hoc_ky.parquet (9 rows)
[2026-03-26T14:09:17.878+0000] {minio_client.py:223} INFO -   MinIO ↓ [raw-data] 2026-03-26_14-09/nguon1_hoc_ky.parquet (9 rows)
[2026-03-26T14:09:17.898+0000] {logging_mixin.py:188} WARNING - [2026-03-26 14:09:17] INFO    utils.minio :   MinIO ↓ [raw-data] 2026-03-26_14-09/nguon1_dang_ky.parquet (46,575 rows)
[2026-03-26T14:09:17.898+0000] {minio_client.py:223} INFO -   MinIO ↓ [raw-data] 2026-03-26_14-09/nguon1_dang_ky.parquet (46,575 rows)
[2026-03-26T14:09:17.930+0000] {logging_mixin.py:188} WARNING - [2026-03-26 14:09:17] INFO    utils.minio :   MinIO ↓ [raw-data] 2026-03-26_14-09/nguon1_diem.parquet (46,575 rows)
[2026-03-26T14:09:17.930+0000] {minio_client.py:223} INFO -   MinIO ↓ [raw-data] 2026-03-26_14-09/nguon1_diem.parquet (46,575 rows)
[2026-03-26T14:09:17.942+0000] {logging_mixin.py:188} WARNING - [2026-03-26 14:09:17] INFO    utils.minio :   MinIO ↓ [raw-data] 2026-03-26_14-09/nguon1_tong_hop_ket_qua.parquet (1,695 rows)
[2026-03-26T14:09:17.942+0000] {minio_client.py:223} INFO -   MinIO ↓ [raw-data] 2026-03-26_14-09/nguon1_tong_hop_ket_qua.parquet (1,695 rows)
[2026-03-26T14:09:17.955+0000] {logging_mixin.py:188} WARNING - [2026-03-26 14:09:17] INFO    utils.minio :   MinIO ↓ [raw-data] 2026-03-26_14-09/nguon2_ctsv.parquet (7,956 rows)
[2026-03-26T14:09:17.954+0000] {minio_client.py:223} INFO -   MinIO ↓ [raw-data] 2026-03-26_14-09/nguon2_ctsv.parquet (7,956 rows)
[2026-03-26T14:09:17.966+0000] {logging_mixin.py:188} WARNING - [2026-03-26 14:09:17] INFO    utils.minio :   MinIO ↓ [raw-data] 2026-03-26_14-09/nguon3_tai_chinh.parquet (7,956 rows)
[2026-03-26T14:09:17.966+0000] {minio_client.py:223} INFO -   MinIO ↓ [raw-data] 2026-03-26_14-09/nguon3_tai_chinh.parquet (7,956 rows)
[2026-03-26T14:09:17.967+0000] {logging_mixin.py:188} WARNING - [2026-03-26 14:09:17] INFO    etl.extract : ✅ Load from staging OK — run_id=2026-03-26_14-09
[2026-03-26T14:09:17.967+0000] {extract.py:504} INFO - ✅ Load from staging OK — run_id=2026-03-26_14-09
[2026-03-26T14:09:17.969+0000] {logging_mixin.py:188} WARNING - [2026-03-26 14:09:17] INFO    etl.transform : 🔄 BẮT ĐẦU TRANSFORM
[2026-03-26T14:09:17.969+0000] {transform.py:135} INFO - 🔄 BẮT ĐẦU TRANSFORM
[2026-03-26T14:09:17.970+0000] {logging_mixin.py:188} WARNING - [2026-03-26 14:09:17] INFO    etl.transform : ======================================================================
[2026-03-26T14:09:17.970+0000] {transform.py:136} INFO - ======================================================================
[2026-03-26T14:09:17.973+0000] {logging_mixin.py:188} WARNING - [2026-03-26 14:09:17] INFO    etl.transform : ── Bước 1: Transform Dimension Tables ──
[2026-03-26T14:09:17.973+0000] {transform.py:141} INFO - ── Bước 1: Transform Dimension Tables ──
[2026-03-26T14:09:17.982+0000] {logging_mixin.py:188} WARNING - [2026-03-26 14:09:17] INFO    etl.transform :   dim_thoi_gian (→dim_hoc_ky)  →      9 records
[2026-03-26T14:09:17.981+0000] {transform.py:333} INFO -   dim_thoi_gian (→dim_hoc_ky)  →      9 records
[2026-03-26T14:09:17.991+0000] {logging_mixin.py:188} WARNING - [2026-03-26 14:09:17] INFO    etl.transform :   dim_giang_vien              →     45 records
[2026-03-26T14:09:17.991+0000] {transform.py:370} INFO -   dim_giang_vien              →     45 records
[2026-03-26T14:09:17.996+0000] {logging_mixin.py:188} WARNING - [2026-03-26 14:09:17] INFO    etl.transform :   dim_hoc_phan                →    121 records
[2026-03-26T14:09:17.996+0000] {transform.py:412} INFO -   dim_hoc_phan                →    121 records
[2026-03-26T14:09:18.017+0000] {logging_mixin.py:188} WARNING - [2026-03-26 14:09:18] INFO    etl.transform :   dim_sinh_vien               →  1,695 records
[2026-03-26T14:09:18.017+0000] {transform.py:511} INFO -   dim_sinh_vien               →  1,695 records
[2026-03-26T14:09:18.018+0000] {logging_mixin.py:188} WARNING - [2026-03-26 14:09:18] INFO    etl.transform : ── Bước 2: Transform Fact Tables ──
[2026-03-26T14:09:18.018+0000] {transform.py:161} INFO - ── Bước 2: Transform Fact Tables ──
[2026-03-26T14:09:18.074+0000] {logging_mixin.py:188} WARNING - [2026-03-26 14:09:18] INFO    etl.transform :   fact_diem (→fact_hoc_tap)    → 46,575 records
[2026-03-26T14:09:18.074+0000] {transform.py:613} INFO -   fact_diem (→fact_hoc_tap)    → 46,575 records
[2026-03-26T14:09:18.085+0000] {logging_mixin.py:188} WARNING - [2026-03-26 14:09:18] INFO    etl.transform :   fact_ren_luyen (→fact_ctsv)  →  7,956 records
[2026-03-26T14:09:18.084+0000] {transform.py:671} INFO -   fact_ren_luyen (→fact_ctsv)  →  7,956 records
[2026-03-26T14:09:18.092+0000] {logging_mixin.py:188} WARNING - [2026-03-26 14:09:18] INFO    etl.transform :   fact_tai_chinh               →  7,956 records
[2026-03-26T14:09:18.092+0000] {transform.py:721} INFO -   fact_tai_chinh               →  7,956 records
[2026-03-26T14:09:18.093+0000] {logging_mixin.py:188} WARNING - [2026-03-26 14:09:18] INFO    etl.transform : ── Bước 3: Tổng hợp đa nguồn ──
[2026-03-26T14:09:18.093+0000] {transform.py:175} INFO - ── Bước 3: Tổng hợp đa nguồn ──
[2026-03-26T14:09:19.922+0000] {logging_mixin.py:188} WARNING - [2026-03-26 14:09:19] INFO    etl.transform :   agg_student_summary          →  7,956 records
[2026-03-26T14:09:19.922+0000] {transform.py:838} INFO -   agg_student_summary          →  7,956 records
[2026-03-26T14:09:19.924+0000] {logging_mixin.py:188} WARNING - [2026-03-26 14:09:19] INFO    etl.transform :     → Cảnh báo học vụ:         846
[2026-03-26T14:09:19.924+0000] {transform.py:845} INFO -     → Cảnh báo học vụ:         846
[2026-03-26T14:09:19.926+0000] {logging_mixin.py:188} WARNING - [2026-03-26 14:09:19] INFO    etl.transform :     → Đủ ĐK học bổng:        1542
[2026-03-26T14:09:19.926+0000] {transform.py:846} INFO -     → Đủ ĐK học bổng:        1542
[2026-03-26T14:09:19.926+0000] {logging_mixin.py:188} WARNING - [2026-03-26 14:09:19] INFO    etl.transform :     → Nguy cơ bỏ học:          321
[2026-03-26T14:09:19.926+0000] {transform.py:847} INFO -     → Nguy cơ bỏ học:          321
[2026-03-26T14:09:19.927+0000] {logging_mixin.py:188} WARNING - [2026-03-26 14:09:19] INFO    etl.transform : ======================================================================
[2026-03-26T14:09:19.927+0000] {transform.py:186} INFO - ======================================================================
[2026-03-26T14:09:19.928+0000] {logging_mixin.py:188} WARNING - [2026-03-26 14:09:19] INFO    etl.transform : ✅ TRANSFORM HOÀN TẤT
[2026-03-26T14:09:19.928+0000] {transform.py:187} INFO - ✅ TRANSFORM HOÀN TẤT
[2026-03-26T14:09:19.929+0000] {logging_mixin.py:188} WARNING - [2026-03-26 14:09:19] INFO    etl.transform :    dim_giang_vien           :       45 records
[2026-03-26T14:09:19.929+0000] {transform.py:189} INFO -    dim_giang_vien           :       45 records
[2026-03-26T14:09:19.930+0000] {logging_mixin.py:188} WARNING - [2026-03-26 14:09:19] INFO    etl.transform :    dim_sinh_vien            :    1,695 records
[2026-03-26T14:09:19.930+0000] {transform.py:189} INFO -    dim_sinh_vien            :    1,695 records
[2026-03-26T14:09:19.930+0000] {logging_mixin.py:188} WARNING - [2026-03-26 14:09:19] INFO    etl.transform :    dim_hoc_phan             :      121 records
[2026-03-26T14:09:19.930+0000] {transform.py:189} INFO -    dim_hoc_phan             :      121 records
[2026-03-26T14:09:19.931+0000] {logging_mixin.py:188} WARNING - [2026-03-26 14:09:19] INFO    etl.transform :    dim_thoi_gian            :        9 records
[2026-03-26T14:09:19.931+0000] {transform.py:189} INFO -    dim_thoi_gian            :        9 records
[2026-03-26T14:09:19.932+0000] {logging_mixin.py:188} WARNING - [2026-03-26 14:09:19] INFO    etl.transform :    fact_diem                :   46,575 records
[2026-03-26T14:09:19.932+0000] {transform.py:189} INFO -    fact_diem                :   46,575 records
[2026-03-26T14:09:19.933+0000] {logging_mixin.py:188} WARNING - [2026-03-26 14:09:19] INFO    etl.transform :    fact_ren_luyen           :    7,956 records
[2026-03-26T14:09:19.933+0000] {transform.py:189} INFO -    fact_ren_luyen           :    7,956 records
[2026-03-26T14:09:19.934+0000] {logging_mixin.py:188} WARNING - [2026-03-26 14:09:19] INFO    etl.transform :    fact_tai_chinh           :    7,956 records
[2026-03-26T14:09:19.934+0000] {transform.py:189} INFO -    fact_tai_chinh           :    7,956 records
[2026-03-26T14:09:19.934+0000] {logging_mixin.py:188} WARNING - [2026-03-26 14:09:19] INFO    etl.transform :    fact_tong_hop_sv         :    7,956 records
[2026-03-26T14:09:19.934+0000] {transform.py:189} INFO -    fact_tong_hop_sv         :    7,956 records
[2026-03-26T14:09:19.935+0000] {logging_mixin.py:188} WARNING - [2026-03-26 14:09:19] INFO    etl.transform : ======================================================================
[2026-03-26T14:09:19.935+0000] {transform.py:190} INFO - ======================================================================
[2026-03-26T14:09:19.959+0000] {logging_mixin.py:188} WARNING - [2026-03-26 14:09:19] INFO    utils.minio :   MinIO ↑ [staging-data] 2026-03-26_14-09/dim_hoc_ky.parquet (5.3 KB | 9 rows)
[2026-03-26T14:09:19.959+0000] {minio_client.py:142} INFO -   MinIO ↑ [staging-data] 2026-03-26_14-09/dim_hoc_ky.parquet (5.3 KB | 9 rows)
[2026-03-26T14:09:19.973+0000] {logging_mixin.py:188} WARNING - [2026-03-26 14:09:19] INFO    utils.minio :   MinIO ↑ [staging-data] 2026-03-26_14-09/dim_giang_vien.parquet (8.9 KB | 45 rows)
[2026-03-26T14:09:19.973+0000] {minio_client.py:142} INFO -   MinIO ↑ [staging-data] 2026-03-26_14-09/dim_giang_vien.parquet (8.9 KB | 45 rows)
[2026-03-26T14:09:19.985+0000] {logging_mixin.py:188} WARNING - [2026-03-26 14:09:19] INFO    utils.minio :   MinIO ↑ [staging-data] 2026-03-26_14-09/dim_hoc_phan.parquet (11.0 KB | 121 rows)
[2026-03-26T14:09:19.985+0000] {minio_client.py:142} INFO -   MinIO ↑ [staging-data] 2026-03-26_14-09/dim_hoc_phan.parquet (11.0 KB | 121 rows)
[2026-03-26T14:09:20.006+0000] {logging_mixin.py:188} WARNING - [2026-03-26 14:09:20] INFO    utils.minio :   MinIO ↑ [staging-data] 2026-03-26_14-09/dim_sinh_vien.parquet (71.7 KB | 1,695 rows)
[2026-03-26T14:09:20.005+0000] {minio_client.py:142} INFO -   MinIO ↑ [staging-data] 2026-03-26_14-09/dim_sinh_vien.parquet (71.7 KB | 1,695 rows)
[2026-03-26T14:09:20.070+0000] {logging_mixin.py:188} WARNING - [2026-03-26 14:09:20] INFO    utils.minio :   MinIO ↑ [staging-data] 2026-03-26_14-09/fact_diem.parquet (688.3 KB | 46,575 rows)
[2026-03-26T14:09:20.069+0000] {minio_client.py:142} INFO -   MinIO ↑ [staging-data] 2026-03-26_14-09/fact_diem.parquet (688.3 KB | 46,575 rows)
[2026-03-26T14:09:20.094+0000] {logging_mixin.py:188} WARNING - [2026-03-26 14:09:20] INFO    utils.minio :   MinIO ↑ [staging-data] 2026-03-26_14-09/fact_ren_luyen.parquet (40.8 KB | 7,956 rows)
[2026-03-26T14:09:20.094+0000] {minio_client.py:142} INFO -   MinIO ↑ [staging-data] 2026-03-26_14-09/fact_ren_luyen.parquet (40.8 KB | 7,956 rows)
[2026-03-26T14:09:20.121+0000] {logging_mixin.py:188} WARNING - [2026-03-26 14:09:20] INFO    utils.minio :   MinIO ↑ [staging-data] 2026-03-26_14-09/fact_tai_chinh.parquet (65.8 KB | 7,956 rows)
[2026-03-26T14:09:20.121+0000] {minio_client.py:142} INFO -   MinIO ↑ [staging-data] 2026-03-26_14-09/fact_tai_chinh.parquet (65.8 KB | 7,956 rows)
[2026-03-26T14:09:20.152+0000] {logging_mixin.py:188} WARNING - [2026-03-26 14:09:20] INFO    utils.minio :   MinIO ↑ [staging-data] 2026-03-26_14-09/fact_tong_hop_sv.parquet (118.2 KB | 7,956 rows)
[2026-03-26T14:09:20.151+0000] {minio_client.py:142} INFO -   MinIO ↑ [staging-data] 2026-03-26_14-09/fact_tong_hop_sv.parquet (118.2 KB | 7,956 rows)
[2026-03-26T14:09:20.153+0000] {logging_mixin.py:188} WARNING - [2026-03-26 14:09:20] INFO    etl.transform :   MinIO staging-data: 8/8 files OK → run_id=2026-03-26_14-09
[2026-03-26T14:09:20.153+0000] {transform.py:249} INFO -   MinIO staging-data: 8/8 files OK → run_id=2026-03-26_14-09
[2026-03-26T14:09:20.191+0000] {logging_mixin.py:188} INFO - Transform xong: {'dim_giang_vien': 45, 'dim_sinh_vien': 1695, 'dim_hoc_phan': 121, 'dim_thoi_gian': 9, 'fact_diem': 46575, 'fact_ren_luyen': 7956, 'fact_tai_chinh': 7956, 'fact_tong_hop_sv': 7956}
[2026-03-26T14:09:20.197+0000] {python.py:201} INFO - Done. Returned value was: {'dim_giang_vien': 45, 'dim_sinh_vien': 1695, 'dim_hoc_phan': 121, 'dim_thoi_gian': 9, 'fact_diem': 46575, 'fact_ren_luyen': 7956, 'fact_tai_chinh': 7956, 'fact_tong_hop_sv': 7956}
[2026-03-26T14:09:20.225+0000] {taskinstance.py:1138} INFO - Marking task as SUCCESS. dag_id=daily_student_pipeline, task_id=transform_data, execution_date=20260325T020000, start_date=20260326T140916, end_date=20260326T140920
[2026-03-26T14:09:20.283+0000] {local_task_job_runner.py:234} INFO - Task exited with return code 0
[2026-03-26T14:09:20.315+0000] {taskinstance.py:3280} INFO - 1 downstream tasks scheduled from follow-on schedule check
