[2026-04-02T08:39:51.017+0000] {taskinstance.py:1956} INFO - Dependencies all met for dep_context=non-requeueable deps ti=<TaskInstance: daily_student_pipeline.alert_success scheduled__2026-04-01T02:00:00+00:00 [queued]>
[2026-04-02T08:39:51.029+0000] {taskinstance.py:1956} INFO - Dependencies all met for dep_context=requeueable deps ti=<TaskInstance: daily_student_pipeline.alert_success scheduled__2026-04-01T02:00:00+00:00 [queued]>
[2026-04-02T08:39:51.030+0000] {taskinstance.py:2170} INFO - Starting attempt 1 of 1
[2026-04-02T08:39:51.044+0000] {taskinstance.py:2191} INFO - Executing <Task(PythonOperator): alert_success> on 2026-04-01 02:00:00+00:00
[2026-04-02T08:39:51.049+0000] {standard_task_runner.py:60} INFO - Started process 723 to run task
[2026-04-02T08:39:51.056+0000] {standard_task_runner.py:87} INFO - Running: ['***', 'tasks', 'run', 'daily_student_pipeline', 'alert_success', 'scheduled__2026-04-01T02:00:00+00:00', '--job-id', '84', '--raw', '--subdir', 'DAGS_FOLDER/daily_student_pipeline.py', '--cfg-path', '/tmp/tmphmhej4i0']
[2026-04-02T08:39:51.060+0000] {standard_task_runner.py:88} INFO - Job 84: Subtask alert_success
[2026-04-02T08:39:51.147+0000] {task_command.py:423} INFO - Running <TaskInstance: daily_student_pipeline.alert_success scheduled__2026-04-01T02:00:00+00:00 [running]> on host 8474c56aea3d
[2026-04-02T08:39:51.265+0000] {taskinstance.py:2480} INFO - Exporting env vars: AIRFLOW_CTX_DAG_OWNER='nhom8' AIRFLOW_CTX_DAG_ID='daily_student_pipeline' AIRFLOW_CTX_TASK_ID='alert_success' AIRFLOW_CTX_EXECUTION_DATE='2026-04-01T02:00:00+00:00' AIRFLOW_CTX_TRY_NUMBER='1' AIRFLOW_CTX_DAG_RUN_ID='scheduled__2026-04-01T02:00:00+00:00'
[2026-04-02T08:39:51.308+0000] {logging_mixin.py:188} INFO - ============================================================
[2026-04-02T08:39:51.309+0000] {logging_mixin.py:188} INFO - PIPELINE DAILY STUDENT — THANH CONG
[2026-04-02T08:39:51.310+0000] {logging_mixin.py:188} INFO - Thời gian: 2026-04-02 08:39:51
[2026-04-02T08:39:51.311+0000] {logging_mixin.py:188} INFO - Extract:   {'khoa': 4, 'nganh': 3, 'giang_vien': 45, 'lop_hanh_chinh': 48, 'sinh_vien': 1695, 'hoc_phan': 121, 'hoc_ky_nam_hoc': 9, 'dang_ky_hoc_phan': 54529, 'diem_hoc_phan': 54529, 'tong_hop_ket_qua': 1695, 'ctsv_data': 8990, 'tai_chinh_data': 8990}
[2026-04-02T08:39:51.312+0000] {logging_mixin.py:188} INFO - Transform: {'dim_giang_vien': 45, 'dim_sinh_vien': 1695, 'dim_hoc_phan': 121, 'dim_thoi_gian': 9, 'fact_diem': 54529, 'fact_ren_luyen': 8990, 'fact_tai_chinh': 8990, 'fact_tong_hop_sv': 0}
[2026-04-02T08:39:51.312+0000] {logging_mixin.py:188} INFO - Load:      {'dim_hoc_ky': 9, 'dim_giang_vien': 45, 'dim_hoc_phan': 121, 'dim_sinh_vien': 0, 'fact_hoc_tap': 0, 'fact_ctsv': 0, 'fact_tai_chinh': 0, 'agg_student_summary': 1695}
[2026-04-02T08:39:51.313+0000] {logging_mixin.py:188} INFO - ============================================================
[2026-04-02T08:39:51.313+0000] {python.py:201} INFO - Done. Returned value was: None
[2026-04-02T08:39:51.323+0000] {taskinstance.py:1138} INFO - Marking task as SUCCESS. dag_id=daily_student_pipeline, task_id=alert_success, execution_date=20260401T020000, start_date=20260402T083951, end_date=20260402T083951
[2026-04-02T08:39:51.348+0000] {local_task_job_runner.py:234} INFO - Task exited with return code 0
[2026-04-02T08:39:51.367+0000] {taskinstance.py:3280} INFO - 0 downstream tasks scheduled from follow-on schedule check
