[2026-04-26T09:36:14.718+0000] {taskinstance.py:1956} INFO - Dependencies all met for dep_context=non-requeueable deps ti=<TaskInstance: daily_student_pipeline.load_data manual__2026-04-26T09:35:57.155829+00:00 [queued]>
[2026-04-26T09:36:14.725+0000] {taskinstance.py:1956} INFO - Dependencies all met for dep_context=requeueable deps ti=<TaskInstance: daily_student_pipeline.load_data manual__2026-04-26T09:35:57.155829+00:00 [queued]>
[2026-04-26T09:36:14.726+0000] {taskinstance.py:2170} INFO - Starting attempt 1 of 1
[2026-04-26T09:36:14.736+0000] {taskinstance.py:2191} INFO - Executing <Task(PythonOperator): load_data> on 2026-04-26 09:35:57.155829+00:00
[2026-04-26T09:36:14.740+0000] {standard_task_runner.py:60} INFO - Started process 6459 to run task
[2026-04-26T09:36:14.743+0000] {standard_task_runner.py:87} INFO - Running: ['***', 'tasks', 'run', 'daily_student_pipeline', 'load_data', 'manual__2026-04-26T09:35:57.155829+00:00', '--job-id', '488', '--raw', '--subdir', 'DAGS_FOLDER/daily_student_pipeline.py', '--cfg-path', '/tmp/tmpzm89q4b5']
[2026-04-26T09:36:14.745+0000] {standard_task_runner.py:88} INFO - Job 488: Subtask load_data
[2026-04-26T09:36:14.802+0000] {task_command.py:423} INFO - Running <TaskInstance: daily_student_pipeline.load_data manual__2026-04-26T09:35:57.155829+00:00 [running]> on host 759b8b5e27b5
[2026-04-26T09:36:14.894+0000] {taskinstance.py:2480} INFO - Exporting env vars: AIRFLOW_CTX_DAG_OWNER='nhom8' AIRFLOW_CTX_DAG_ID='daily_student_pipeline' AIRFLOW_CTX_TASK_ID='load_data' AIRFLOW_CTX_EXECUTION_DATE='2026-04-26T09:35:57.155829+00:00' AIRFLOW_CTX_TRY_NUMBER='1' AIRFLOW_CTX_DAG_RUN_ID='manual__2026-04-26T09:35:57.155829+00:00'
[2026-04-26T09:36:15.538+0000] {logging_mixin.py:188} WARNING - [2026-04-26 09:36:15] INFO    etl.transform :   Load TransformedData từ MinIO staging: run_id=2026-04-26_09-36
[2026-04-26T09:36:15.538+0000] {transform.py:159} INFO -   Load TransformedData từ MinIO staging: run_id=2026-04-26_09-36
[2026-04-26T09:36:15.569+0000] {logging_mixin.py:188} WARNING - [2026-04-26 09:36:15] INFO    utils.minio :   MinIO ↓ [staging-data] 2026-04-26_09-36/dim_hoc_ky.parquet (13 rows)
[2026-04-26T09:36:15.568+0000] {minio_client.py:223} INFO -   MinIO ↓ [staging-data] 2026-04-26_09-36/dim_hoc_ky.parquet (13 rows)
[2026-04-26T09:36:15.582+0000] {logging_mixin.py:188} WARNING - [2026-04-26 09:36:15] INFO    utils.minio :   MinIO ↓ [staging-data] 2026-04-26_09-36/dim_giang_vien.parquet (45 rows)
[2026-04-26T09:36:15.582+0000] {minio_client.py:223} INFO -   MinIO ↓ [staging-data] 2026-04-26_09-36/dim_giang_vien.parquet (45 rows)
[2026-04-26T09:36:15.596+0000] {logging_mixin.py:188} WARNING - [2026-04-26 09:36:15] INFO    utils.minio :   MinIO ↓ [staging-data] 2026-04-26_09-36/dim_hoc_phan.parquet (121 rows)
[2026-04-26T09:36:15.595+0000] {minio_client.py:223} INFO -   MinIO ↓ [staging-data] 2026-04-26_09-36/dim_hoc_phan.parquet (121 rows)
[2026-04-26T09:36:15.611+0000] {logging_mixin.py:188} WARNING - [2026-04-26 09:36:15] INFO    utils.minio :   MinIO ↓ [staging-data] 2026-04-26_09-36/dim_sinh_vien.parquet (1,695 rows)
[2026-04-26T09:36:15.611+0000] {minio_client.py:223} INFO -   MinIO ↓ [staging-data] 2026-04-26_09-36/dim_sinh_vien.parquet (1,695 rows)
[2026-04-26T09:36:15.632+0000] {logging_mixin.py:188} WARNING - [2026-04-26 09:36:15] INFO    utils.minio :   MinIO ↓ [staging-data] 2026-04-26_09-36/fact_diem.parquet (55,503 rows)
[2026-04-26T09:36:15.632+0000] {minio_client.py:223} INFO -   MinIO ↓ [staging-data] 2026-04-26_09-36/fact_diem.parquet (55,503 rows)
[2026-04-26T09:36:15.649+0000] {logging_mixin.py:188} WARNING - [2026-04-26 09:36:15] INFO    utils.minio :   MinIO ↓ [staging-data] 2026-04-26_09-36/fact_dang_ky.parquet (55,957 rows)
[2026-04-26T09:36:15.649+0000] {minio_client.py:223} INFO -   MinIO ↓ [staging-data] 2026-04-26_09-36/fact_dang_ky.parquet (55,957 rows)
[2026-04-26T09:36:15.662+0000] {logging_mixin.py:188} WARNING - [2026-04-26 09:36:15] INFO    utils.minio :   MinIO ↓ [staging-data] 2026-04-26_09-36/fact_ren_luyen.parquet (9,963 rows)
[2026-04-26T09:36:15.662+0000] {minio_client.py:223} INFO -   MinIO ↓ [staging-data] 2026-04-26_09-36/fact_ren_luyen.parquet (9,963 rows)
[2026-04-26T09:36:15.676+0000] {logging_mixin.py:188} WARNING - [2026-04-26 09:36:15] INFO    utils.minio :   MinIO ↓ [staging-data] 2026-04-26_09-36/fact_tai_chinh.parquet (9,656 rows)
[2026-04-26T09:36:15.676+0000] {minio_client.py:223} INFO -   MinIO ↓ [staging-data] 2026-04-26_09-36/fact_tai_chinh.parquet (9,656 rows)
[2026-04-26T09:36:15.677+0000] {logging_mixin.py:188} WARNING - [2026-04-26 09:36:15] INFO    etl.transform : Load from staging-data OK — run_id=2026-04-26_09-36
[2026-04-26T09:36:15.677+0000] {transform.py:172} INFO - Load from staging-data OK — run_id=2026-04-26_09-36
[2026-04-26T09:36:15.678+0000] {logging_mixin.py:188} WARNING - [2026-04-26 09:36:15] INFO    etl.load : ==BẮT ĐẦU LOAD VÀO DATA WAREHOUSE==
[2026-04-26T09:36:15.678+0000] {load.py:51} INFO - ==BẮT ĐẦU LOAD VÀO DATA WAREHOUSE==
[2026-04-26T09:36:15.679+0000] {logging_mixin.py:188} WARNING - [2026-04-26 09:36:15] INFO    etl.load : ======================================================================
[2026-04-26T09:36:15.679+0000] {load.py:52} INFO - ======================================================================
[2026-04-26T09:36:15.680+0000] {logging_mixin.py:188} WARNING - [2026-04-26 09:36:15] INFO    etl.load : Tạo schema warehouse từ warehouse_models.py...
[2026-04-26T09:36:15.680+0000] {load.py:121} INFO - Tạo schema warehouse từ warehouse_models.py...
[2026-04-26T09:36:15.695+0000] {logging_mixin.py:188} WARNING - [2026-04-26 09:36:15] INFO    etl.load :   Schema warehouse OK
[2026-04-26T09:36:15.695+0000] {load.py:123} INFO -   Schema warehouse OK
[2026-04-26T09:36:15.696+0000] {logging_mixin.py:188} WARNING - [2026-04-26 09:36:15] INFO    etl.load : ── Bước 1: Load Dimension Tables ──
[2026-04-26T09:36:15.696+0000] {load.py:57} INFO - ── Bước 1: Load Dimension Tables ──
[2026-04-26T09:36:15.720+0000] {logging_mixin.py:188} WARNING - [2026-04-26 09:36:15] INFO    etl.load :   dim_hoc_ky     →     13 records (new: 0)
[2026-04-26T09:36:15.719+0000] {load.py:212} INFO -   dim_hoc_ky     →     13 records (new: 0)
[2026-04-26T09:36:15.766+0000] {logging_mixin.py:188} WARNING - [2026-04-26 09:36:15] INFO    etl.load :   dim_giang_vien →     45 records (new: 0)
[2026-04-26T09:36:15.766+0000] {load.py:262} INFO -   dim_giang_vien →     45 records (new: 0)
[2026-04-26T09:36:15.869+0000] {logging_mixin.py:188} WARNING - [2026-04-26 09:36:15] INFO    etl.load :   dim_hoc_phan   →    121 records (new: 0)
[2026-04-26T09:36:15.869+0000] {load.py:310} INFO -   dim_hoc_phan   →    121 records (new: 0)
[2026-04-26T09:36:24.112+0000] {logging_mixin.py:188} WARNING - [2026-04-26 09:36:24] INFO    etl.load :   dim_sinh_vien →  1,695 records (new: 0, SCD2: 937, fact cascade: 71730)
[2026-04-26T09:36:24.112+0000] {load.py:419} INFO -   dim_sinh_vien →  1,695 records (new: 0, SCD2: 937, fact cascade: 71730)
[2026-04-26T09:36:24.114+0000] {logging_mixin.py:188} WARNING - [2026-04-26 09:36:24] INFO    etl.load : ── Bước 2: Build Surrogate Key Cache ──
[2026-04-26T09:36:24.114+0000] {load.py:63} INFO - ── Bước 2: Build Surrogate Key Cache ──
[2026-04-26T09:36:24.115+0000] {logging_mixin.py:188} WARNING - [2026-04-26 09:36:24] INFO    etl.load : Building surrogate key caches...
[2026-04-26T09:36:24.115+0000] {load.py:126} INFO - Building surrogate key caches...
[2026-04-26T09:36:24.128+0000] {logging_mixin.py:188} WARNING - [2026-04-26 09:36:24] INFO    etl.load :   SV=1695, HP=121, GV=45, HK=13
[2026-04-26T09:36:24.128+0000] {load.py:154} INFO -   SV=1695, HP=121, GV=45, HK=13
[2026-04-26T09:36:24.130+0000] {logging_mixin.py:188} WARNING - [2026-04-26 09:36:24] INFO    etl.load : ── Bước 3: Load Fact Tables ──
[2026-04-26T09:36:24.130+0000] {load.py:66} INFO - ── Bước 3: Load Fact Tables ──
[2026-04-26T09:36:43.800+0000] {logging_mixin.py:188} WARNING - [2026-04-26 09:36:43] INFO    etl.load :   fact_hoc_tap   → 55,503 records (upserted)
[2026-04-26T09:36:43.799+0000] {load.py:569} INFO -   fact_hoc_tap   → 55,503 records (upserted)
[2026-04-26T09:36:53.329+0000] {logging_mixin.py:188} WARNING - [2026-04-26 09:36:53] INFO    etl.load :   fact_dang_ky   → 55,957 records (upserted)
[2026-04-26T09:36:53.329+0000] {load.py:641} INFO -   fact_dang_ky   → 55,957 records (upserted)
[2026-04-26T09:36:53.340+0000] {logging_mixin.py:188} WARNING - [2026-04-26 09:36:53] WARNING etl.load :   fact_ctsv | [DEDUP Tầng 1 - DataFrame] Loại bỏ 306 bản ghi trùng (9963 → 9657)
[2026-04-26T09:36:53.340+0000] {load.py:689} WARNING -   fact_ctsv | [DEDUP Tầng 1 - DataFrame] Loại bỏ 306 bản ghi trùng (9963 → 9657)
[2026-04-26T09:36:55.162+0000] {logging_mixin.py:188} WARNING - [2026-04-26 09:36:55] INFO    etl.load :   fact_ctsv | Tiến độ: 2/2 batches (9,653/9,653 records)
[2026-04-26T09:36:55.162+0000] {load.py:842} INFO -   fact_ctsv | Tiến độ: 2/2 batches (9,653/9,653 records)
[2026-04-26T09:36:55.164+0000] {logging_mixin.py:188} WARNING - [2026-04-26 09:36:55] INFO    etl.load :   fact_ctsv      → 9,653 records (upserted) | Đã loại: 306 duplicates
[2026-04-26T09:36:55.164+0000] {load.py:850} INFO -   fact_ctsv      → 9,653 records (upserted) | Đã loại: 306 duplicates
[2026-04-26T09:36:55.177+0000] {logging_mixin.py:188} WARNING - [2026-04-26 09:36:55] INFO    etl.load :   fact_tai_chinh | Đã làm sạch 1 cột datetime (NaT → None)
[2026-04-26T09:36:55.176+0000] {load.py:900} INFO -   fact_tai_chinh | Đã làm sạch 1 cột datetime (NaT → None)
[2026-04-26T09:36:56.980+0000] {logging_mixin.py:188} WARNING - [2026-04-26 09:36:56] INFO    etl.load :   fact_tai_chinh →  9,653 records (upserted)
[2026-04-26T09:36:56.980+0000] {load.py:970} INFO -   fact_tai_chinh →  9,653 records (upserted)
[2026-04-26T09:36:56.983+0000] {logging_mixin.py:188} WARNING - [2026-04-26 09:36:56] INFO    etl.load : ── Bước 4: Build Aggregation ──
[2026-04-26T09:36:56.983+0000] {load.py:73} INFO - ── Bước 4: Build Aggregation ──
[2026-04-26T09:36:56.984+0000] {logging_mixin.py:188} WARNING - [2026-04-26 09:36:56] INFO    etl.aggregation : == BẮT ĐẦU AGGREGATION ==
[2026-04-26T09:36:56.984+0000] {aggregation.py:12} INFO - == BẮT ĐẦU AGGREGATION ==
[2026-04-26T09:36:57.320+0000] {logging_mixin.py:188} WARNING - [2026-04-26 09:36:57] INFO    etl.aggregation :   agg_student_summary → 1,695 records
[2026-04-26T09:36:57.320+0000] {aggregation.py:288} INFO -   agg_student_summary → 1,695 records
[2026-04-26T09:36:57.321+0000] {logging_mixin.py:188} WARNING - [2026-04-26 09:36:57] INFO    etl.aggregation :   agg_student_summary rebuilt : 1,695
[2026-04-26T09:36:57.321+0000] {aggregation.py:14} INFO -   agg_student_summary rebuilt : 1,695
[2026-04-26T09:36:57.323+0000] {logging_mixin.py:188} WARNING - [2026-04-26 09:36:57] INFO    etl.aggregation : == AGGREGATION HOÀN TẤT ==
[2026-04-26T09:36:57.323+0000] {aggregation.py:15} INFO - == AGGREGATION HOÀN TẤT ==
[2026-04-26T09:36:57.324+0000] {logging_mixin.py:188} WARNING - [2026-04-26 09:36:57] INFO    etl.load : ======================================================================
[2026-04-26T09:36:57.324+0000] {load.py:77} INFO - ======================================================================
[2026-04-26T09:36:57.325+0000] {logging_mixin.py:188} WARNING - [2026-04-26 09:36:57] INFO    etl.load : LOAD HOÀN TẤT
[2026-04-26T09:36:57.325+0000] {load.py:78} INFO - LOAD HOÀN TẤT
[2026-04-26T09:36:57.326+0000] {logging_mixin.py:188} WARNING - [2026-04-26 09:36:57] INFO    etl.load :   dim_hoc_ky               :       13 records
[2026-04-26T09:36:57.326+0000] {load.py:81} INFO -   dim_hoc_ky               :       13 records
[2026-04-26T09:36:57.328+0000] {logging_mixin.py:188} WARNING - [2026-04-26 09:36:57] INFO    etl.load :   dim_giang_vien           :       45 records
[2026-04-26T09:36:57.328+0000] {load.py:81} INFO -   dim_giang_vien           :       45 records
[2026-04-26T09:36:57.329+0000] {logging_mixin.py:188} WARNING - [2026-04-26 09:36:57] INFO    etl.load :   dim_hoc_phan             :      121 records
[2026-04-26T09:36:57.329+0000] {load.py:81} INFO -   dim_hoc_phan             :      121 records
[2026-04-26T09:36:57.330+0000] {logging_mixin.py:188} WARNING - [2026-04-26 09:36:57] INFO    etl.load :   dim_sinh_vien            :      937 records
[2026-04-26T09:36:57.330+0000] {load.py:81} INFO -   dim_sinh_vien            :      937 records
[2026-04-26T09:36:57.332+0000] {logging_mixin.py:188} WARNING - [2026-04-26 09:36:57] INFO    etl.load :   fact_hoc_tap             :   55,503 records
[2026-04-26T09:36:57.331+0000] {load.py:81} INFO -   fact_hoc_tap             :   55,503 records
[2026-04-26T09:36:57.332+0000] {logging_mixin.py:188} WARNING - [2026-04-26 09:36:57] INFO    etl.load :   fact_dang_ky             :   55,957 records
[2026-04-26T09:36:57.332+0000] {load.py:81} INFO -   fact_dang_ky             :   55,957 records
[2026-04-26T09:36:57.333+0000] {logging_mixin.py:188} WARNING - [2026-04-26 09:36:57] INFO    etl.load :   fact_ctsv                :    9,653 records
[2026-04-26T09:36:57.333+0000] {load.py:81} INFO -   fact_ctsv                :    9,653 records
[2026-04-26T09:36:57.333+0000] {logging_mixin.py:188} WARNING - [2026-04-26 09:36:57] INFO    etl.load :   fact_tai_chinh           :    9,653 records
[2026-04-26T09:36:57.333+0000] {load.py:81} INFO -   fact_tai_chinh           :    9,653 records
[2026-04-26T09:36:57.335+0000] {logging_mixin.py:188} WARNING - [2026-04-26 09:36:57] INFO    etl.load :   agg_student_summary      :    1,695 records
[2026-04-26T09:36:57.335+0000] {load.py:81} INFO -   agg_student_summary      :    1,695 records
[2026-04-26T09:36:57.336+0000] {logging_mixin.py:188} WARNING - [2026-04-26 09:36:57] INFO    etl.load :   TỔNG                     :  133,577 records
[2026-04-26T09:36:57.336+0000] {load.py:83} INFO -   TỔNG                     :  133,577 records
[2026-04-26T09:36:57.337+0000] {logging_mixin.py:188} WARNING - [2026-04-26 09:36:57] INFO    etl.load : ======================================================================
[2026-04-26T09:36:57.337+0000] {load.py:84} INFO - ======================================================================
[2026-04-26T09:36:57.353+0000] {logging_mixin.py:188} INFO - ============================================================
[2026-04-26T09:36:57.353+0000] {logging_mixin.py:188} INFO - LOAD HOÀN TẤT — Thống kê:
[2026-04-26T09:36:57.354+0000] {logging_mixin.py:188} INFO -   dim_hoc_ky                    :         13 records
[2026-04-26T09:36:57.354+0000] {logging_mixin.py:188} INFO -   dim_giang_vien                :         45 records
[2026-04-26T09:36:57.355+0000] {logging_mixin.py:188} INFO -   dim_hoc_phan                  :        121 records
[2026-04-26T09:36:57.356+0000] {logging_mixin.py:188} INFO -   dim_sinh_vien                 :        937 records
[2026-04-26T09:36:57.356+0000] {logging_mixin.py:188} INFO -   fact_hoc_tap                  :     55,503 records
[2026-04-26T09:36:57.357+0000] {logging_mixin.py:188} INFO -   fact_dang_ky                  :     55,957 records
[2026-04-26T09:36:57.357+0000] {logging_mixin.py:188} INFO -   fact_ctsv                     :      9,653 records
[2026-04-26T09:36:57.358+0000] {logging_mixin.py:188} INFO -   fact_tai_chinh                :      9,653 records
[2026-04-26T09:36:57.358+0000] {logging_mixin.py:188} INFO -   agg_student_summary           :      1,695 records
[2026-04-26T09:36:57.359+0000] {logging_mixin.py:188} INFO -   TỔNG                          :    133,577 records
[2026-04-26T09:36:57.359+0000] {logging_mixin.py:188} INFO - ============================================================
[2026-04-26T09:36:57.362+0000] {python.py:201} INFO - Done. Returned value was: {'dim_hoc_ky': 13, 'dim_giang_vien': 45, 'dim_hoc_phan': 121, 'dim_sinh_vien': 937, 'fact_hoc_tap': 55503, 'fact_dang_ky': 55957, 'fact_ctsv': 9653, 'fact_tai_chinh': 9653, 'agg_student_summary': 1695}
[2026-04-26T09:36:57.384+0000] {taskinstance.py:1138} INFO - Marking task as SUCCESS. dag_id=daily_student_pipeline, task_id=load_data, execution_date=20260426T093557, start_date=20260426T093614, end_date=20260426T093657
[2026-04-26T09:36:57.427+0000] {local_task_job_runner.py:234} INFO - Task exited with return code 0
[2026-04-26T09:36:57.452+0000] {taskinstance.py:3280} INFO - 1 downstream tasks scheduled from follow-on schedule check
