[2026-04-20T10:50:25.128+0000] {taskinstance.py:1956} INFO - Dependencies all met for dep_context=non-requeueable deps ti=<TaskInstance: daily_student_pipeline.transform_data manual__2026-04-20T10:50:13.951901+00:00 [queued]>
[2026-04-20T10:50:25.135+0000] {taskinstance.py:1956} INFO - Dependencies all met for dep_context=requeueable deps ti=<TaskInstance: daily_student_pipeline.transform_data manual__2026-04-20T10:50:13.951901+00:00 [queued]>
[2026-04-20T10:50:25.136+0000] {taskinstance.py:2170} INFO - Starting attempt 1 of 1
[2026-04-20T10:50:25.146+0000] {taskinstance.py:2191} INFO - Executing <Task(PythonOperator): transform_data> on 2026-04-20 10:50:13.951901+00:00
[2026-04-20T10:50:25.149+0000] {standard_task_runner.py:60} INFO - Started process 4649 to run task
[2026-04-20T10:50:25.152+0000] {standard_task_runner.py:87} INFO - Running: ['***', 'tasks', 'run', 'daily_student_pipeline', 'transform_data', 'manual__2026-04-20T10:50:13.951901+00:00', '--job-id', '418', '--raw', '--subdir', 'DAGS_FOLDER/daily_student_pipeline.py', '--cfg-path', '/tmp/tmp6ao1gt4i']
[2026-04-20T10:50:25.154+0000] {standard_task_runner.py:88} INFO - Job 418: Subtask transform_data
[2026-04-20T10:50:25.219+0000] {task_command.py:423} INFO - Running <TaskInstance: daily_student_pipeline.transform_data manual__2026-04-20T10:50:13.951901+00:00 [running]> on host 759b8b5e27b5
[2026-04-20T10:50:25.316+0000] {taskinstance.py:2480} INFO - Exporting env vars: AIRFLOW_CTX_DAG_OWNER='nhom8' AIRFLOW_CTX_DAG_ID='daily_student_pipeline' AIRFLOW_CTX_TASK_ID='transform_data' AIRFLOW_CTX_EXECUTION_DATE='2026-04-20T10:50:13.951901+00:00' AIRFLOW_CTX_TRY_NUMBER='1' AIRFLOW_CTX_DAG_RUN_ID='manual__2026-04-20T10:50:13.951901+00:00'
[2026-04-20T10:50:25.996+0000] {logging_mixin.py:188} WARNING - [2026-04-20 10:50:25] INFO    etl.extract :   Load from MinIO staging: run_id=2026-04-20_10-50
[2026-04-20T10:50:25.996+0000] {extract.py:421} INFO -   Load from MinIO staging: run_id=2026-04-20_10-50
[2026-04-20T10:50:26.025+0000] {logging_mixin.py:188} WARNING - [2026-04-20 10:50:26] INFO    utils.minio :   MinIO ↓ [raw-data] 2026-04-20_10-50/nguon1_khoa.parquet (4 rows)
[2026-04-20T10:50:26.025+0000] {minio_client.py:223} INFO -   MinIO ↓ [raw-data] 2026-04-20_10-50/nguon1_khoa.parquet (4 rows)
[2026-04-20T10:50:26.037+0000] {logging_mixin.py:188} WARNING - [2026-04-20 10:50:26] INFO    utils.minio :   MinIO ↓ [raw-data] 2026-04-20_10-50/nguon1_nganh.parquet (3 rows)
[2026-04-20T10:50:26.037+0000] {minio_client.py:223} INFO -   MinIO ↓ [raw-data] 2026-04-20_10-50/nguon1_nganh.parquet (3 rows)
[2026-04-20T10:50:26.053+0000] {logging_mixin.py:188} WARNING - [2026-04-20 10:50:26] INFO    utils.minio :   MinIO ↓ [raw-data] 2026-04-20_10-50/nguon1_giang_vien.parquet (45 rows)
[2026-04-20T10:50:26.053+0000] {minio_client.py:223} INFO -   MinIO ↓ [raw-data] 2026-04-20_10-50/nguon1_giang_vien.parquet (45 rows)
[2026-04-20T10:50:26.067+0000] {logging_mixin.py:188} WARNING - [2026-04-20 10:50:26] INFO    utils.minio :   MinIO ↓ [raw-data] 2026-04-20_10-50/nguon1_lop_hanh_chinh.parquet (48 rows)
[2026-04-20T10:50:26.067+0000] {minio_client.py:223} INFO -   MinIO ↓ [raw-data] 2026-04-20_10-50/nguon1_lop_hanh_chinh.parquet (48 rows)
[2026-04-20T10:50:26.086+0000] {logging_mixin.py:188} WARNING - [2026-04-20 10:50:26] INFO    utils.minio :   MinIO ↓ [raw-data] 2026-04-20_10-50/nguon1_sinh_vien.parquet (1,695 rows)
[2026-04-20T10:50:26.085+0000] {minio_client.py:223} INFO -   MinIO ↓ [raw-data] 2026-04-20_10-50/nguon1_sinh_vien.parquet (1,695 rows)
[2026-04-20T10:50:26.100+0000] {logging_mixin.py:188} WARNING - [2026-04-20 10:50:26] INFO    utils.minio :   MinIO ↓ [raw-data] 2026-04-20_10-50/nguon1_hoc_phan.parquet (121 rows)
[2026-04-20T10:50:26.100+0000] {minio_client.py:223} INFO -   MinIO ↓ [raw-data] 2026-04-20_10-50/nguon1_hoc_phan.parquet (121 rows)
[2026-04-20T10:50:26.112+0000] {logging_mixin.py:188} WARNING - [2026-04-20 10:50:26] INFO    utils.minio :   MinIO ↓ [raw-data] 2026-04-20_10-50/nguon1_hoc_ky.parquet (13 rows)
[2026-04-20T10:50:26.111+0000] {minio_client.py:223} INFO -   MinIO ↓ [raw-data] 2026-04-20_10-50/nguon1_hoc_ky.parquet (13 rows)
[2026-04-20T10:50:26.130+0000] {logging_mixin.py:188} WARNING - [2026-04-20 10:50:26] INFO    utils.minio :   MinIO ↓ [raw-data] 2026-04-20_10-50/nguon1_dang_ky.parquet (55,125 rows)
[2026-04-20T10:50:26.130+0000] {minio_client.py:223} INFO -   MinIO ↓ [raw-data] 2026-04-20_10-50/nguon1_dang_ky.parquet (55,125 rows)
[2026-04-20T10:50:26.160+0000] {logging_mixin.py:188} WARNING - [2026-04-20 10:50:26] INFO    utils.minio :   MinIO ↓ [raw-data] 2026-04-20_10-50/nguon1_diem.parquet (54,640 rows)
[2026-04-20T10:50:26.160+0000] {minio_client.py:223} INFO -   MinIO ↓ [raw-data] 2026-04-20_10-50/nguon1_diem.parquet (54,640 rows)
[2026-04-20T10:50:26.171+0000] {logging_mixin.py:188} WARNING - [2026-04-20 10:50:26] INFO    utils.minio :   MinIO ↓ [raw-data] 2026-04-20_10-50/nguon1_tong_hop_ket_qua.parquet (1,695 rows)
[2026-04-20T10:50:26.171+0000] {minio_client.py:223} INFO -   MinIO ↓ [raw-data] 2026-04-20_10-50/nguon1_tong_hop_ket_qua.parquet (1,695 rows)
[2026-04-20T10:50:26.182+0000] {logging_mixin.py:188} WARNING - [2026-04-20 10:50:26] INFO    utils.minio :   MinIO ↓ [raw-data] 2026-04-20_10-50/nguon2_ctsv.parquet (9,475 rows)
[2026-04-20T10:50:26.182+0000] {minio_client.py:223} INFO -   MinIO ↓ [raw-data] 2026-04-20_10-50/nguon2_ctsv.parquet (9,475 rows)
[2026-04-20T10:50:26.194+0000] {logging_mixin.py:188} WARNING - [2026-04-20 10:50:26] INFO    utils.minio :   MinIO ↓ [raw-data] 2026-04-20_10-50/nguon3_tai_chinh.parquet (9,146 rows)
[2026-04-20T10:50:26.193+0000] {minio_client.py:223} INFO -   MinIO ↓ [raw-data] 2026-04-20_10-50/nguon3_tai_chinh.parquet (9,146 rows)
[2026-04-20T10:50:26.195+0000] {logging_mixin.py:188} WARNING - [2026-04-20 10:50:26] INFO    etl.extract :  Load from staging OK — run_id=2026-04-20_10-50
[2026-04-20T10:50:26.195+0000] {extract.py:438} INFO -  Load from staging OK — run_id=2026-04-20_10-50
[2026-04-20T10:50:26.196+0000] {logging_mixin.py:188} WARNING - [2026-04-20 10:50:26] INFO    etl.transform : ==BẮT ĐẦU TRANSFORM==
[2026-04-20T10:50:26.196+0000] {transform.py:75} INFO - ==BẮT ĐẦU TRANSFORM==
[2026-04-20T10:50:26.197+0000] {logging_mixin.py:188} WARNING - [2026-04-20 10:50:26] INFO    etl.transform : ======================================================================
[2026-04-20T10:50:26.197+0000] {transform.py:76} INFO - ======================================================================
[2026-04-20T10:50:26.198+0000] {logging_mixin.py:188} WARNING - [2026-04-20 10:50:26] INFO    etl.transform : ── Bước 1: Transform Dimension Tables ──
[2026-04-20T10:50:26.198+0000] {transform.py:80} INFO - ── Bước 1: Transform Dimension Tables ──
[2026-04-20T10:50:26.202+0000] {logging_mixin.py:188} WARNING - [2026-04-20 10:50:26] INFO    etl.transform :   dim_thoi_gian               →     13 records
[2026-04-20T10:50:26.202+0000] {transform.py:190} INFO -   dim_thoi_gian               →     13 records
[2026-04-20T10:50:26.205+0000] {logging_mixin.py:188} WARNING - [2026-04-20 10:50:26] INFO    etl.transform :   dim_giang_vien              →     45 records
[2026-04-20T10:50:26.205+0000] {transform.py:213} INFO -   dim_giang_vien              →     45 records
[2026-04-20T10:50:26.211+0000] {logging_mixin.py:188} WARNING - [2026-04-20 10:50:26] INFO    etl.transform :   dim_hoc_phan                →    121 records
[2026-04-20T10:50:26.211+0000] {transform.py:240} INFO -   dim_hoc_phan                →    121 records
[2026-04-20T10:50:26.224+0000] {logging_mixin.py:188} WARNING - [2026-04-20 10:50:26] INFO    etl.transform :   dim_sinh_vien               →  1,695 records
[2026-04-20T10:50:26.224+0000] {transform.py:306} INFO -   dim_sinh_vien               →  1,695 records
[2026-04-20T10:50:26.226+0000] {logging_mixin.py:188} WARNING - [2026-04-20 10:50:26] INFO    etl.transform : ── Bước 2: Transform Fact Tables ──
[2026-04-20T10:50:26.226+0000] {transform.py:96} INFO - ── Bước 2: Transform Fact Tables ──
[2026-04-20T10:50:26.284+0000] {logging_mixin.py:188} WARNING - [2026-04-20 10:50:26] INFO    etl.transform :   fact_diem                   → 54,640 records
[2026-04-20T10:50:26.284+0000] {transform.py:376} INFO -   fact_diem                   → 54,640 records
[2026-04-20T10:50:26.322+0000] {logging_mixin.py:188} WARNING - [2026-04-20 10:50:26] INFO    etl.transform :   fact_dang_ky               → 55,125 records
[2026-04-20T10:50:26.322+0000] {transform.py:413} INFO -   fact_dang_ky               → 55,125 records
[2026-04-20T10:50:26.334+0000] {logging_mixin.py:188} WARNING - [2026-04-20 10:50:26] INFO    etl.transform :   fact_ren_luyen              →  9,475 records
[2026-04-20T10:50:26.334+0000] {transform.py:445} INFO -   fact_ren_luyen              →  9,475 records
[2026-04-20T10:50:26.342+0000] {logging_mixin.py:188} WARNING - /opt/***/src/etl/transform.py:467 UserWarning: The argument 'infer_datetime_format' is deprecated and will be removed in a future version. A strict version of it is now the default, see https://pandas.pydata.org/pdeps/0004-consistent-to-datetime-parsing.html. You can safely remove this argument.
[2026-04-20T10:50:26.347+0000] {logging_mixin.py:188} WARNING - [2026-04-20 10:50:26] INFO    etl.transform :   fact_tai_chinh              →  9,146 records
[2026-04-20T10:50:26.347+0000] {transform.py:485} INFO -   fact_tai_chinh              →  9,146 records
[2026-04-20T10:50:26.349+0000] {logging_mixin.py:188} WARNING - [2026-04-20 10:50:26] INFO    etl.transform : ======================================================================
[2026-04-20T10:50:26.349+0000] {transform.py:108} INFO - ======================================================================
[2026-04-20T10:50:26.350+0000] {logging_mixin.py:188} WARNING - [2026-04-20 10:50:26] INFO    etl.transform : TRANSFORM HOÀN TẤT
[2026-04-20T10:50:26.350+0000] {transform.py:109} INFO - TRANSFORM HOÀN TẤT
[2026-04-20T10:50:26.351+0000] {logging_mixin.py:188} WARNING - [2026-04-20 10:50:26] INFO    etl.transform :    dim_giang_vien           :       45 records
[2026-04-20T10:50:26.351+0000] {transform.py:111} INFO -    dim_giang_vien           :       45 records
[2026-04-20T10:50:26.352+0000] {logging_mixin.py:188} WARNING - [2026-04-20 10:50:26] INFO    etl.transform :    dim_sinh_vien            :    1,695 records
[2026-04-20T10:50:26.352+0000] {transform.py:111} INFO -    dim_sinh_vien            :    1,695 records
[2026-04-20T10:50:26.353+0000] {logging_mixin.py:188} WARNING - [2026-04-20 10:50:26] INFO    etl.transform :    dim_hoc_phan             :      121 records
[2026-04-20T10:50:26.353+0000] {transform.py:111} INFO -    dim_hoc_phan             :      121 records
[2026-04-20T10:50:26.357+0000] {logging_mixin.py:188} WARNING - [2026-04-20 10:50:26] INFO    etl.transform :    dim_thoi_gian            :       13 records
[2026-04-20T10:50:26.357+0000] {transform.py:111} INFO -    dim_thoi_gian            :       13 records
[2026-04-20T10:50:26.358+0000] {logging_mixin.py:188} WARNING - [2026-04-20 10:50:26] INFO    etl.transform :    fact_diem                :   54,640 records
[2026-04-20T10:50:26.358+0000] {transform.py:111} INFO -    fact_diem                :   54,640 records
[2026-04-20T10:50:26.359+0000] {logging_mixin.py:188} WARNING - [2026-04-20 10:50:26] INFO    etl.transform :    fact_dang_ky             :   55,125 records
[2026-04-20T10:50:26.359+0000] {transform.py:111} INFO -    fact_dang_ky             :   55,125 records
[2026-04-20T10:50:26.361+0000] {logging_mixin.py:188} WARNING - [2026-04-20 10:50:26] INFO    etl.transform :    fact_ren_luyen           :    9,475 records
[2026-04-20T10:50:26.361+0000] {transform.py:111} INFO -    fact_ren_luyen           :    9,475 records
[2026-04-20T10:50:26.363+0000] {logging_mixin.py:188} WARNING - [2026-04-20 10:50:26] INFO    etl.transform :    fact_tai_chinh           :    9,146 records
[2026-04-20T10:50:26.363+0000] {transform.py:111} INFO -    fact_tai_chinh           :    9,146 records
[2026-04-20T10:50:26.364+0000] {logging_mixin.py:188} WARNING - [2026-04-20 10:50:26] INFO    etl.transform : ======================================================================
[2026-04-20T10:50:26.364+0000] {transform.py:112} INFO - ======================================================================
[2026-04-20T10:50:26.391+0000] {logging_mixin.py:188} WARNING - [2026-04-20 10:50:26] INFO    utils.minio :   MinIO ↑ [staging-data] 2026-04-20_10-50/dim_hoc_ky.parquet (5.4 KB | 13 rows)
[2026-04-20T10:50:26.391+0000] {minio_client.py:142} INFO -   MinIO ↑ [staging-data] 2026-04-20_10-50/dim_hoc_ky.parquet (5.4 KB | 13 rows)
[2026-04-20T10:50:26.401+0000] {logging_mixin.py:188} WARNING - [2026-04-20 10:50:26] INFO    utils.minio :   MinIO ↑ [staging-data] 2026-04-20_10-50/dim_giang_vien.parquet (8.9 KB | 45 rows)
[2026-04-20T10:50:26.401+0000] {minio_client.py:142} INFO -   MinIO ↑ [staging-data] 2026-04-20_10-50/dim_giang_vien.parquet (8.9 KB | 45 rows)
[2026-04-20T10:50:26.411+0000] {logging_mixin.py:188} WARNING - [2026-04-20 10:50:26] INFO    utils.minio :   MinIO ↑ [staging-data] 2026-04-20_10-50/dim_hoc_phan.parquet (11.0 KB | 121 rows)
[2026-04-20T10:50:26.411+0000] {minio_client.py:142} INFO -   MinIO ↑ [staging-data] 2026-04-20_10-50/dim_hoc_phan.parquet (11.0 KB | 121 rows)
[2026-04-20T10:50:26.425+0000] {logging_mixin.py:188} WARNING - [2026-04-20 10:50:26] INFO    utils.minio :   MinIO ↑ [staging-data] 2026-04-20_10-50/dim_sinh_vien.parquet (71.7 KB | 1,695 rows)
[2026-04-20T10:50:26.424+0000] {minio_client.py:142} INFO -   MinIO ↑ [staging-data] 2026-04-20_10-50/dim_sinh_vien.parquet (71.7 KB | 1,695 rows)
[2026-04-20T10:50:26.481+0000] {logging_mixin.py:188} WARNING - [2026-04-20 10:50:26] INFO    utils.minio :   MinIO ↑ [staging-data] 2026-04-20_10-50/fact_diem.parquet (816.7 KB | 54,640 rows)
[2026-04-20T10:50:26.481+0000] {minio_client.py:142} INFO -   MinIO ↑ [staging-data] 2026-04-20_10-50/fact_diem.parquet (816.7 KB | 54,640 rows)
[2026-04-20T10:50:26.520+0000] {logging_mixin.py:188} WARNING - [2026-04-20 10:50:26] INFO    utils.minio :   MinIO ↑ [staging-data] 2026-04-20_10-50/fact_dang_ky.parquet (462.4 KB | 55,125 rows)
[2026-04-20T10:50:26.520+0000] {minio_client.py:142} INFO -   MinIO ↑ [staging-data] 2026-04-20_10-50/fact_dang_ky.parquet (462.4 KB | 55,125 rows)
[2026-04-20T10:50:26.536+0000] {logging_mixin.py:188} WARNING - [2026-04-20 10:50:26] INFO    utils.minio :   MinIO ↑ [staging-data] 2026-04-20_10-50/fact_ren_luyen.parquet (41.2 KB | 9,475 rows)
[2026-04-20T10:50:26.536+0000] {minio_client.py:142} INFO -   MinIO ↑ [staging-data] 2026-04-20_10-50/fact_ren_luyen.parquet (41.2 KB | 9,475 rows)
[2026-04-20T10:50:26.552+0000] {logging_mixin.py:188} WARNING - [2026-04-20 10:50:26] INFO    utils.minio :   MinIO ↑ [staging-data] 2026-04-20_10-50/fact_tai_chinh.parquet (85.1 KB | 9,146 rows)
[2026-04-20T10:50:26.552+0000] {minio_client.py:142} INFO -   MinIO ↑ [staging-data] 2026-04-20_10-50/fact_tai_chinh.parquet (85.1 KB | 9,146 rows)
[2026-04-20T10:50:26.553+0000] {logging_mixin.py:188} WARNING - [2026-04-20 10:50:26] INFO    etl.transform :   MinIO staging-data: 8/8 files OK → run_id=2026-04-20_10-50
[2026-04-20T10:50:26.553+0000] {transform.py:141} INFO -   MinIO staging-data: 8/8 files OK → run_id=2026-04-20_10-50
[2026-04-20T10:50:26.585+0000] {logging_mixin.py:188} INFO - Transform xong: {'dim_giang_vien': 45, 'dim_sinh_vien': 1695, 'dim_hoc_phan': 121, 'dim_thoi_gian': 13, 'fact_diem': 54640, 'fact_dang_ky': 55125, 'fact_ren_luyen': 9475, 'fact_tai_chinh': 9146}
[2026-04-20T10:50:26.589+0000] {python.py:201} INFO - Done. Returned value was: {'dim_giang_vien': 45, 'dim_sinh_vien': 1695, 'dim_hoc_phan': 121, 'dim_thoi_gian': 13, 'fact_diem': 54640, 'fact_dang_ky': 55125, 'fact_ren_luyen': 9475, 'fact_tai_chinh': 9146}
[2026-04-20T10:50:26.611+0000] {taskinstance.py:1138} INFO - Marking task as SUCCESS. dag_id=daily_student_pipeline, task_id=transform_data, execution_date=20260420T105013, start_date=20260420T105025, end_date=20260420T105026
[2026-04-20T10:50:26.648+0000] {local_task_job_runner.py:234} INFO - Task exited with return code 0
[2026-04-20T10:50:26.675+0000] {taskinstance.py:3280} INFO - 1 downstream tasks scheduled from follow-on schedule check
