[2026-04-27T01:30:35.389+0000] {taskinstance.py:1956} INFO - Dependencies all met for dep_context=non-requeueable deps ti=<TaskInstance: daily_student_pipeline.load_data manual__2026-04-27T01:30:16.423221+00:00 [queued]>
[2026-04-27T01:30:35.397+0000] {taskinstance.py:1956} INFO - Dependencies all met for dep_context=requeueable deps ti=<TaskInstance: daily_student_pipeline.load_data manual__2026-04-27T01:30:16.423221+00:00 [queued]>
[2026-04-27T01:30:35.398+0000] {taskinstance.py:2170} INFO - Starting attempt 1 of 1
[2026-04-27T01:30:35.408+0000] {taskinstance.py:2191} INFO - Executing <Task(PythonOperator): load_data> on 2026-04-27 01:30:16.423221+00:00
[2026-04-27T01:30:35.413+0000] {standard_task_runner.py:60} INFO - Started process 9070 to run task
[2026-04-27T01:30:35.415+0000] {standard_task_runner.py:87} INFO - Running: ['***', 'tasks', 'run', 'daily_student_pipeline', 'load_data', 'manual__2026-04-27T01:30:16.423221+00:00', '--job-id', '493', '--raw', '--subdir', 'DAGS_FOLDER/daily_student_pipeline.py', '--cfg-path', '/tmp/tmpnvtnubrj']
[2026-04-27T01:30:35.417+0000] {standard_task_runner.py:88} INFO - Job 493: Subtask load_data
[2026-04-27T01:30:35.484+0000] {task_command.py:423} INFO - Running <TaskInstance: daily_student_pipeline.load_data manual__2026-04-27T01:30:16.423221+00:00 [running]> on host 759b8b5e27b5
[2026-04-27T01:30:35.583+0000] {taskinstance.py:2480} INFO - Exporting env vars: AIRFLOW_CTX_DAG_OWNER='nhom8' AIRFLOW_CTX_DAG_ID='daily_student_pipeline' AIRFLOW_CTX_TASK_ID='load_data' AIRFLOW_CTX_EXECUTION_DATE='2026-04-27T01:30:16.423221+00:00' AIRFLOW_CTX_TRY_NUMBER='1' AIRFLOW_CTX_DAG_RUN_ID='manual__2026-04-27T01:30:16.423221+00:00'
[2026-04-27T01:30:36.319+0000] {logging_mixin.py:188} WARNING - [2026-04-27 01:30:36] INFO    etl.transform :   Load TransformedData từ MinIO staging: run_id=2026-04-27_01-30
[2026-04-27T01:30:36.319+0000] {transform.py:159} INFO -   Load TransformedData từ MinIO staging: run_id=2026-04-27_01-30
[2026-04-27T01:30:36.351+0000] {logging_mixin.py:188} WARNING - [2026-04-27 01:30:36] INFO    utils.minio :   MinIO ↓ [staging-data] 2026-04-27_01-30/dim_hoc_ky.parquet (13 rows)
[2026-04-27T01:30:36.351+0000] {minio_client.py:223} INFO -   MinIO ↓ [staging-data] 2026-04-27_01-30/dim_hoc_ky.parquet (13 rows)
[2026-04-27T01:30:36.364+0000] {logging_mixin.py:188} WARNING - [2026-04-27 01:30:36] INFO    utils.minio :   MinIO ↓ [staging-data] 2026-04-27_01-30/dim_giang_vien.parquet (45 rows)
[2026-04-27T01:30:36.364+0000] {minio_client.py:223} INFO -   MinIO ↓ [staging-data] 2026-04-27_01-30/dim_giang_vien.parquet (45 rows)
[2026-04-27T01:30:36.377+0000] {logging_mixin.py:188} WARNING - [2026-04-27 01:30:36] INFO    utils.minio :   MinIO ↓ [staging-data] 2026-04-27_01-30/dim_hoc_phan.parquet (121 rows)
[2026-04-27T01:30:36.377+0000] {minio_client.py:223} INFO -   MinIO ↓ [staging-data] 2026-04-27_01-30/dim_hoc_phan.parquet (121 rows)
[2026-04-27T01:30:36.396+0000] {logging_mixin.py:188} WARNING - [2026-04-27 01:30:36] INFO    utils.minio :   MinIO ↓ [staging-data] 2026-04-27_01-30/dim_sinh_vien.parquet (1,695 rows)
[2026-04-27T01:30:36.396+0000] {minio_client.py:223} INFO -   MinIO ↓ [staging-data] 2026-04-27_01-30/dim_sinh_vien.parquet (1,695 rows)
[2026-04-27T01:30:36.424+0000] {logging_mixin.py:188} WARNING - [2026-04-27 01:30:36] INFO    utils.minio :   MinIO ↓ [staging-data] 2026-04-27_01-30/fact_diem.parquet (55,535 rows)
[2026-04-27T01:30:36.424+0000] {minio_client.py:223} INFO -   MinIO ↓ [staging-data] 2026-04-27_01-30/fact_diem.parquet (55,535 rows)
[2026-04-27T01:30:36.449+0000] {logging_mixin.py:188} WARNING - [2026-04-27 01:30:36] INFO    utils.minio :   MinIO ↓ [staging-data] 2026-04-27_01-30/fact_dang_ky.parquet (55,971 rows)
[2026-04-27T01:30:36.449+0000] {minio_client.py:223} INFO -   MinIO ↓ [staging-data] 2026-04-27_01-30/fact_dang_ky.parquet (55,971 rows)
[2026-04-27T01:30:36.464+0000] {logging_mixin.py:188} WARNING - [2026-04-27 01:30:36] INFO    utils.minio :   MinIO ↓ [staging-data] 2026-04-27_01-30/fact_ren_luyen.parquet (9,962 rows)
[2026-04-27T01:30:36.464+0000] {minio_client.py:223} INFO -   MinIO ↓ [staging-data] 2026-04-27_01-30/fact_ren_luyen.parquet (9,962 rows)
[2026-04-27T01:30:36.480+0000] {logging_mixin.py:188} WARNING - [2026-04-27 01:30:36] INFO    utils.minio :   MinIO ↓ [staging-data] 2026-04-27_01-30/fact_tai_chinh.parquet (9,670 rows)
[2026-04-27T01:30:36.480+0000] {minio_client.py:223} INFO -   MinIO ↓ [staging-data] 2026-04-27_01-30/fact_tai_chinh.parquet (9,670 rows)
[2026-04-27T01:30:36.482+0000] {logging_mixin.py:188} WARNING - [2026-04-27 01:30:36] INFO    etl.transform : Load from staging-data OK — run_id=2026-04-27_01-30
[2026-04-27T01:30:36.482+0000] {transform.py:172} INFO - Load from staging-data OK — run_id=2026-04-27_01-30
[2026-04-27T01:30:36.484+0000] {logging_mixin.py:188} WARNING - [2026-04-27 01:30:36] INFO    etl.load : ==BẮT ĐẦU LOAD VÀO DATA WAREHOUSE==
[2026-04-27T01:30:36.484+0000] {load.py:51} INFO - ==BẮT ĐẦU LOAD VÀO DATA WAREHOUSE==
[2026-04-27T01:30:36.485+0000] {logging_mixin.py:188} WARNING - [2026-04-27 01:30:36] INFO    etl.load : ======================================================================
[2026-04-27T01:30:36.485+0000] {load.py:52} INFO - ======================================================================
[2026-04-27T01:30:36.487+0000] {logging_mixin.py:188} WARNING - [2026-04-27 01:30:36] INFO    etl.load : Tạo schema warehouse từ warehouse_models.py...
[2026-04-27T01:30:36.487+0000] {load.py:121} INFO - Tạo schema warehouse từ warehouse_models.py...
[2026-04-27T01:30:36.504+0000] {logging_mixin.py:188} WARNING - [2026-04-27 01:30:36] INFO    etl.load :   Schema warehouse OK
[2026-04-27T01:30:36.504+0000] {load.py:123} INFO -   Schema warehouse OK
[2026-04-27T01:30:36.505+0000] {logging_mixin.py:188} WARNING - [2026-04-27 01:30:36] INFO    etl.load : ── Bước 1: Load Dimension Tables ──
[2026-04-27T01:30:36.505+0000] {load.py:57} INFO - ── Bước 1: Load Dimension Tables ──
[2026-04-27T01:30:36.532+0000] {logging_mixin.py:188} WARNING - [2026-04-27 01:30:36] INFO    etl.load :   dim_hoc_ky     →     13 records (new: 0)
[2026-04-27T01:30:36.532+0000] {load.py:212} INFO -   dim_hoc_ky     →     13 records (new: 0)
[2026-04-27T01:30:36.564+0000] {logging_mixin.py:188} WARNING - [2026-04-27 01:30:36] INFO    etl.load :   dim_giang_vien →     45 records (new: 0)
[2026-04-27T01:30:36.564+0000] {load.py:262} INFO -   dim_giang_vien →     45 records (new: 0)
[2026-04-27T01:30:36.640+0000] {logging_mixin.py:188} WARNING - [2026-04-27 01:30:36] INFO    etl.load :   dim_hoc_phan   →    121 records (new: 0)
[2026-04-27T01:30:36.640+0000] {load.py:310} INFO -   dim_hoc_phan   →    121 records (new: 0)
[2026-04-27T01:30:49.016+0000] {logging_mixin.py:188} WARNING - [2026-04-27 01:30:49] INFO    etl.load :   dim_sinh_vien →  1,695 records (new: 0, SCD2: 928, fact cascade: 78277)
[2026-04-27T01:30:49.016+0000] {load.py:419} INFO -   dim_sinh_vien →  1,695 records (new: 0, SCD2: 928, fact cascade: 78277)
[2026-04-27T01:30:49.018+0000] {logging_mixin.py:188} WARNING - [2026-04-27 01:30:49] INFO    etl.load : ── Bước 2: Build Surrogate Key Cache ──
[2026-04-27T01:30:49.018+0000] {load.py:63} INFO - ── Bước 2: Build Surrogate Key Cache ──
[2026-04-27T01:30:49.020+0000] {logging_mixin.py:188} WARNING - [2026-04-27 01:30:49] INFO    etl.load : Building surrogate key caches...
[2026-04-27T01:30:49.020+0000] {load.py:126} INFO - Building surrogate key caches...
[2026-04-27T01:30:49.037+0000] {logging_mixin.py:188} WARNING - [2026-04-27 01:30:49] INFO    etl.load :   SV=1695, HP=121, GV=45, HK=13
[2026-04-27T01:30:49.037+0000] {load.py:154} INFO -   SV=1695, HP=121, GV=45, HK=13
[2026-04-27T01:30:49.038+0000] {logging_mixin.py:188} WARNING - [2026-04-27 01:30:49] INFO    etl.load : ── Bước 3: Load Fact Tables ──
[2026-04-27T01:30:49.038+0000] {load.py:66} INFO - ── Bước 3: Load Fact Tables ──
[2026-04-27T01:31:03.888+0000] {logging_mixin.py:188} WARNING - [2026-04-27 01:31:03] INFO    etl.load :   fact_hoc_tap   → 55,535 records (upserted)
[2026-04-27T01:31:03.888+0000] {load.py:569} INFO -   fact_hoc_tap   → 55,535 records (upserted)
[2026-04-27T01:31:16.380+0000] {logging_mixin.py:188} WARNING - [2026-04-27 01:31:16] INFO    etl.load :   fact_dang_ky   → 55,971 records (upserted)
[2026-04-27T01:31:16.380+0000] {load.py:641} INFO -   fact_dang_ky   → 55,971 records (upserted)
[2026-04-27T01:31:16.395+0000] {logging_mixin.py:188} WARNING - [2026-04-27 01:31:16] WARNING etl.load :   fact_ctsv | [DEDUP Tầng 1 - DataFrame] Loại bỏ 292 bản ghi trùng (9962 → 9670)
[2026-04-27T01:31:16.395+0000] {load.py:689} WARNING -   fact_ctsv | [DEDUP Tầng 1 - DataFrame] Loại bỏ 292 bản ghi trùng (9962 → 9670)
[2026-04-27T01:31:18.236+0000] {logging_mixin.py:188} WARNING - [2026-04-27 01:31:18] INFO    etl.load :   fact_ctsv | Tiến độ: 2/2 batches (9,665/9,665 records)
[2026-04-27T01:31:18.236+0000] {load.py:842} INFO -   fact_ctsv | Tiến độ: 2/2 batches (9,665/9,665 records)
[2026-04-27T01:31:18.237+0000] {logging_mixin.py:188} WARNING - [2026-04-27 01:31:18] INFO    etl.load :   fact_ctsv      → 9,665 records (upserted) | Đã loại: 292 duplicates
[2026-04-27T01:31:18.237+0000] {load.py:850} INFO -   fact_ctsv      → 9,665 records (upserted) | Đã loại: 292 duplicates
[2026-04-27T01:31:18.249+0000] {logging_mixin.py:188} WARNING - [2026-04-27 01:31:18] INFO    etl.load :   fact_tai_chinh | Đã làm sạch 1 cột datetime (NaT → None)
[2026-04-27T01:31:18.248+0000] {load.py:900} INFO -   fact_tai_chinh | Đã làm sạch 1 cột datetime (NaT → None)
[2026-04-27T01:31:19.994+0000] {logging_mixin.py:188} WARNING - [2026-04-27 01:31:19] INFO    etl.load :   fact_tai_chinh →  9,665 records (upserted)
[2026-04-27T01:31:19.994+0000] {load.py:970} INFO -   fact_tai_chinh →  9,665 records (upserted)
[2026-04-27T01:31:19.997+0000] {logging_mixin.py:188} WARNING - [2026-04-27 01:31:19] INFO    etl.load : ── Bước 4: Build Aggregation ──
[2026-04-27T01:31:19.997+0000] {load.py:73} INFO - ── Bước 4: Build Aggregation ──
[2026-04-27T01:31:19.999+0000] {logging_mixin.py:188} WARNING - [2026-04-27 01:31:19] INFO    etl.aggregation : == BẮT ĐẦU AGGREGATION ==
[2026-04-27T01:31:19.999+0000] {aggregation.py:12} INFO - == BẮT ĐẦU AGGREGATION ==
[2026-04-27T01:31:20.278+0000] {logging_mixin.py:188} WARNING - [2026-04-27 01:31:20] INFO    etl.aggregation :   agg_student_summary → 1,695 records
[2026-04-27T01:31:20.278+0000] {aggregation.py:288} INFO -   agg_student_summary → 1,695 records
[2026-04-27T01:31:20.279+0000] {logging_mixin.py:188} WARNING - [2026-04-27 01:31:20] INFO    etl.aggregation :   agg_student_summary rebuilt : 1,695
[2026-04-27T01:31:20.279+0000] {aggregation.py:14} INFO -   agg_student_summary rebuilt : 1,695
[2026-04-27T01:31:20.281+0000] {logging_mixin.py:188} WARNING - [2026-04-27 01:31:20] INFO    etl.aggregation : == AGGREGATION HOÀN TẤT ==
[2026-04-27T01:31:20.281+0000] {aggregation.py:15} INFO - == AGGREGATION HOÀN TẤT ==
[2026-04-27T01:31:20.282+0000] {logging_mixin.py:188} WARNING - [2026-04-27 01:31:20] INFO    etl.load : ======================================================================
[2026-04-27T01:31:20.282+0000] {load.py:77} INFO - ======================================================================
[2026-04-27T01:31:20.283+0000] {logging_mixin.py:188} WARNING - [2026-04-27 01:31:20] INFO    etl.load : LOAD HOÀN TẤT
[2026-04-27T01:31:20.283+0000] {load.py:78} INFO - LOAD HOÀN TẤT
[2026-04-27T01:31:20.284+0000] {logging_mixin.py:188} WARNING - [2026-04-27 01:31:20] INFO    etl.load :   dim_hoc_ky               :       13 records
[2026-04-27T01:31:20.284+0000] {load.py:81} INFO -   dim_hoc_ky               :       13 records
[2026-04-27T01:31:20.285+0000] {logging_mixin.py:188} WARNING - [2026-04-27 01:31:20] INFO    etl.load :   dim_giang_vien           :       45 records
[2026-04-27T01:31:20.285+0000] {load.py:81} INFO -   dim_giang_vien           :       45 records
[2026-04-27T01:31:20.286+0000] {logging_mixin.py:188} WARNING - [2026-04-27 01:31:20] INFO    etl.load :   dim_hoc_phan             :      121 records
[2026-04-27T01:31:20.286+0000] {load.py:81} INFO -   dim_hoc_phan             :      121 records
[2026-04-27T01:31:20.288+0000] {logging_mixin.py:188} WARNING - [2026-04-27 01:31:20] INFO    etl.load :   dim_sinh_vien            :      928 records
[2026-04-27T01:31:20.287+0000] {load.py:81} INFO -   dim_sinh_vien            :      928 records
[2026-04-27T01:31:20.288+0000] {logging_mixin.py:188} WARNING - [2026-04-27 01:31:20] INFO    etl.load :   fact_hoc_tap             :   55,535 records
[2026-04-27T01:31:20.288+0000] {load.py:81} INFO -   fact_hoc_tap             :   55,535 records
[2026-04-27T01:31:20.289+0000] {logging_mixin.py:188} WARNING - [2026-04-27 01:31:20] INFO    etl.load :   fact_dang_ky             :   55,971 records
[2026-04-27T01:31:20.289+0000] {load.py:81} INFO -   fact_dang_ky             :   55,971 records
[2026-04-27T01:31:20.290+0000] {logging_mixin.py:188} WARNING - [2026-04-27 01:31:20] INFO    etl.load :   fact_ctsv                :    9,665 records
[2026-04-27T01:31:20.290+0000] {load.py:81} INFO -   fact_ctsv                :    9,665 records
[2026-04-27T01:31:20.291+0000] {logging_mixin.py:188} WARNING - [2026-04-27 01:31:20] INFO    etl.load :   fact_tai_chinh           :    9,665 records
[2026-04-27T01:31:20.291+0000] {load.py:81} INFO -   fact_tai_chinh           :    9,665 records
[2026-04-27T01:31:20.291+0000] {logging_mixin.py:188} WARNING - [2026-04-27 01:31:20] INFO    etl.load :   agg_student_summary      :    1,695 records
[2026-04-27T01:31:20.291+0000] {load.py:81} INFO -   agg_student_summary      :    1,695 records
[2026-04-27T01:31:20.292+0000] {logging_mixin.py:188} WARNING - [2026-04-27 01:31:20] INFO    etl.load :   TỔNG                     :  133,638 records
[2026-04-27T01:31:20.292+0000] {load.py:83} INFO -   TỔNG                     :  133,638 records
[2026-04-27T01:31:20.293+0000] {logging_mixin.py:188} WARNING - [2026-04-27 01:31:20] INFO    etl.load : ======================================================================
[2026-04-27T01:31:20.293+0000] {load.py:84} INFO - ======================================================================
[2026-04-27T01:31:20.308+0000] {logging_mixin.py:188} INFO - ============================================================
[2026-04-27T01:31:20.310+0000] {logging_mixin.py:188} INFO - LOAD HOÀN TẤT — Thống kê:
[2026-04-27T01:31:20.311+0000] {logging_mixin.py:188} INFO -   dim_hoc_ky                    :         13 records
[2026-04-27T01:31:20.311+0000] {logging_mixin.py:188} INFO -   dim_giang_vien                :         45 records
[2026-04-27T01:31:20.311+0000] {logging_mixin.py:188} INFO -   dim_hoc_phan                  :        121 records
[2026-04-27T01:31:20.312+0000] {logging_mixin.py:188} INFO -   dim_sinh_vien                 :        928 records
[2026-04-27T01:31:20.312+0000] {logging_mixin.py:188} INFO -   fact_hoc_tap                  :     55,535 records
[2026-04-27T01:31:20.312+0000] {logging_mixin.py:188} INFO -   fact_dang_ky                  :     55,971 records
[2026-04-27T01:31:20.312+0000] {logging_mixin.py:188} INFO -   fact_ctsv                     :      9,665 records
[2026-04-27T01:31:20.313+0000] {logging_mixin.py:188} INFO -   fact_tai_chinh                :      9,665 records
[2026-04-27T01:31:20.313+0000] {logging_mixin.py:188} INFO -   agg_student_summary           :      1,695 records
[2026-04-27T01:31:20.313+0000] {logging_mixin.py:188} INFO -   TỔNG                          :    133,638 records
[2026-04-27T01:31:20.313+0000] {logging_mixin.py:188} INFO - ============================================================
[2026-04-27T01:31:20.316+0000] {python.py:201} INFO - Done. Returned value was: {'dim_hoc_ky': 13, 'dim_giang_vien': 45, 'dim_hoc_phan': 121, 'dim_sinh_vien': 928, 'fact_hoc_tap': 55535, 'fact_dang_ky': 55971, 'fact_ctsv': 9665, 'fact_tai_chinh': 9665, 'agg_student_summary': 1695}
[2026-04-27T01:31:20.338+0000] {taskinstance.py:1138} INFO - Marking task as SUCCESS. dag_id=daily_student_pipeline, task_id=load_data, execution_date=20260427T013016, start_date=20260427T013035, end_date=20260427T013120
[2026-04-27T01:31:20.407+0000] {local_task_job_runner.py:234} INFO - Task exited with return code 0
[2026-04-27T01:31:20.433+0000] {taskinstance.py:3280} INFO - 1 downstream tasks scheduled from follow-on schedule check
