[2026-04-21T06:26:14.983+0000] {taskinstance.py:1956} INFO - Dependencies all met for dep_context=non-requeueable deps ti=<TaskInstance: daily_student_pipeline.transform_data manual__2026-04-21T06:25:53.312622+00:00 [queued]>
[2026-04-21T06:26:14.991+0000] {taskinstance.py:1956} INFO - Dependencies all met for dep_context=requeueable deps ti=<TaskInstance: daily_student_pipeline.transform_data manual__2026-04-21T06:25:53.312622+00:00 [queued]>
[2026-04-21T06:26:14.991+0000] {taskinstance.py:2170} INFO - Starting attempt 1 of 1
[2026-04-21T06:26:15.002+0000] {taskinstance.py:2191} INFO - Executing <Task(PythonOperator): transform_data> on 2026-04-21 06:25:53.312622+00:00
[2026-04-21T06:26:15.006+0000] {standard_task_runner.py:60} INFO - Started process 1660 to run task
[2026-04-21T06:26:15.009+0000] {standard_task_runner.py:87} INFO - Running: ['***', 'tasks', 'run', 'daily_student_pipeline', 'transform_data', 'manual__2026-04-21T06:25:53.312622+00:00', '--job-id', '439', '--raw', '--subdir', 'DAGS_FOLDER/daily_student_pipeline.py', '--cfg-path', '/tmp/tmpivewnz1h']
[2026-04-21T06:26:15.011+0000] {standard_task_runner.py:88} INFO - Job 439: Subtask transform_data
[2026-04-21T06:26:15.072+0000] {task_command.py:423} INFO - Running <TaskInstance: daily_student_pipeline.transform_data manual__2026-04-21T06:25:53.312622+00:00 [running]> on host 759b8b5e27b5
[2026-04-21T06:26:19.523+0000] {taskinstance.py:2480} INFO - Exporting env vars: AIRFLOW_CTX_DAG_OWNER='nhom8' AIRFLOW_CTX_DAG_ID='daily_student_pipeline' AIRFLOW_CTX_TASK_ID='transform_data' AIRFLOW_CTX_EXECUTION_DATE='2026-04-21T06:25:53.312622+00:00' AIRFLOW_CTX_TRY_NUMBER='1' AIRFLOW_CTX_DAG_RUN_ID='manual__2026-04-21T06:25:53.312622+00:00'
[2026-04-21T06:26:20.103+0000] {logging_mixin.py:188} WARNING - [2026-04-21 06:26:20] INFO    etl.extract :   Load from MinIO staging: run_id=2026-04-21_06-26
[2026-04-21T06:26:20.103+0000] {extract.py:502} INFO -   Load from MinIO staging: run_id=2026-04-21_06-26
[2026-04-21T06:26:20.160+0000] {logging_mixin.py:188} WARNING - [2026-04-21 06:26:20] INFO    utils.minio :   MinIO ↓ [raw-data] 2026-04-21_06-26/nguon1_khoa.parquet (4 rows)
[2026-04-21T06:26:20.159+0000] {minio_client.py:223} INFO -   MinIO ↓ [raw-data] 2026-04-21_06-26/nguon1_khoa.parquet (4 rows)
[2026-04-21T06:26:20.179+0000] {logging_mixin.py:188} WARNING - [2026-04-21 06:26:20] INFO    utils.minio :   MinIO ↓ [raw-data] 2026-04-21_06-26/nguon1_nganh.parquet (3 rows)
[2026-04-21T06:26:20.179+0000] {minio_client.py:223} INFO -   MinIO ↓ [raw-data] 2026-04-21_06-26/nguon1_nganh.parquet (3 rows)
[2026-04-21T06:26:20.199+0000] {logging_mixin.py:188} WARNING - [2026-04-21 06:26:20] INFO    utils.minio :   MinIO ↓ [raw-data] 2026-04-21_06-26/nguon1_giang_vien.parquet (45 rows)
[2026-04-21T06:26:20.198+0000] {minio_client.py:223} INFO -   MinIO ↓ [raw-data] 2026-04-21_06-26/nguon1_giang_vien.parquet (45 rows)
[2026-04-21T06:26:20.216+0000] {logging_mixin.py:188} WARNING - [2026-04-21 06:26:20] INFO    utils.minio :   MinIO ↓ [raw-data] 2026-04-21_06-26/nguon1_lop_hanh_chinh.parquet (48 rows)
[2026-04-21T06:26:20.216+0000] {minio_client.py:223} INFO -   MinIO ↓ [raw-data] 2026-04-21_06-26/nguon1_lop_hanh_chinh.parquet (48 rows)
[2026-04-21T06:26:20.231+0000] {logging_mixin.py:188} WARNING - [2026-04-21 06:26:20] INFO    utils.minio :   MinIO ↓ [raw-data] 2026-04-21_06-26/nguon1_sinh_vien.parquet (1,695 rows)
[2026-04-21T06:26:20.230+0000] {minio_client.py:223} INFO -   MinIO ↓ [raw-data] 2026-04-21_06-26/nguon1_sinh_vien.parquet (1,695 rows)
[2026-04-21T06:26:20.252+0000] {logging_mixin.py:188} WARNING - [2026-04-21 06:26:20] INFO    utils.minio :   MinIO ↓ [raw-data] 2026-04-21_06-26/nguon1_hoc_phan.parquet (121 rows)
[2026-04-21T06:26:20.252+0000] {minio_client.py:223} INFO -   MinIO ↓ [raw-data] 2026-04-21_06-26/nguon1_hoc_phan.parquet (121 rows)
[2026-04-21T06:26:20.270+0000] {logging_mixin.py:188} WARNING - [2026-04-21 06:26:20] INFO    utils.minio :   MinIO ↓ [raw-data] 2026-04-21_06-26/nguon1_hoc_ky.parquet (13 rows)
[2026-04-21T06:26:20.270+0000] {minio_client.py:223} INFO -   MinIO ↓ [raw-data] 2026-04-21_06-26/nguon1_hoc_ky.parquet (13 rows)
[2026-04-21T06:26:20.306+0000] {logging_mixin.py:188} WARNING - [2026-04-21 06:26:20] INFO    utils.minio :   MinIO ↓ [raw-data] 2026-04-21_06-26/nguon1_dang_ky.parquet (55,125 rows)
[2026-04-21T06:26:20.305+0000] {minio_client.py:223} INFO -   MinIO ↓ [raw-data] 2026-04-21_06-26/nguon1_dang_ky.parquet (55,125 rows)
[2026-04-21T06:26:20.328+0000] {logging_mixin.py:188} WARNING - [2026-04-21 06:26:20] INFO    utils.minio :   MinIO ↓ [raw-data] 2026-04-21_06-26/nguon1_diem.parquet (54,640 rows)
[2026-04-21T06:26:20.327+0000] {minio_client.py:223} INFO -   MinIO ↓ [raw-data] 2026-04-21_06-26/nguon1_diem.parquet (54,640 rows)
[2026-04-21T06:26:20.337+0000] {logging_mixin.py:188} WARNING - [2026-04-21 06:26:20] INFO    utils.minio :   MinIO ↓ [raw-data] 2026-04-21_06-26/nguon1_tong_hop_ket_qua.parquet (1,695 rows)
[2026-04-21T06:26:20.337+0000] {minio_client.py:223} INFO -   MinIO ↓ [raw-data] 2026-04-21_06-26/nguon1_tong_hop_ket_qua.parquet (1,695 rows)
[2026-04-21T06:26:20.348+0000] {logging_mixin.py:188} WARNING - [2026-04-21 06:26:20] INFO    utils.minio :   MinIO ↓ [raw-data] 2026-04-21_06-26/nguon2_ctsv.parquet (9,475 rows)
[2026-04-21T06:26:20.348+0000] {minio_client.py:223} INFO -   MinIO ↓ [raw-data] 2026-04-21_06-26/nguon2_ctsv.parquet (9,475 rows)
[2026-04-21T06:26:20.359+0000] {logging_mixin.py:188} WARNING - [2026-04-21 06:26:20] INFO    utils.minio :   MinIO ↓ [raw-data] 2026-04-21_06-26/nguon3_tai_chinh.parquet (9,182 rows)
[2026-04-21T06:26:20.359+0000] {minio_client.py:223} INFO -   MinIO ↓ [raw-data] 2026-04-21_06-26/nguon3_tai_chinh.parquet (9,182 rows)
[2026-04-21T06:26:20.360+0000] {logging_mixin.py:188} WARNING - [2026-04-21 06:26:20] INFO    etl.extract :  Load from staging OK — run_id=2026-04-21_06-26
[2026-04-21T06:26:20.360+0000] {extract.py:519} INFO -  Load from staging OK — run_id=2026-04-21_06-26
[2026-04-21T06:26:20.361+0000] {logging_mixin.py:188} WARNING - [2026-04-21 06:26:20] INFO    etl.transform : ==BẮT ĐẦU TRANSFORM==
[2026-04-21T06:26:20.361+0000] {transform.py:75} INFO - ==BẮT ĐẦU TRANSFORM==
[2026-04-21T06:26:20.362+0000] {logging_mixin.py:188} WARNING - [2026-04-21 06:26:20] INFO    etl.transform : ======================================================================
[2026-04-21T06:26:20.362+0000] {transform.py:76} INFO - ======================================================================
[2026-04-21T06:26:20.364+0000] {logging_mixin.py:188} WARNING - [2026-04-21 06:26:20] INFO    etl.transform : ── Bước 1: Transform Dimension Tables ──
[2026-04-21T06:26:20.364+0000] {transform.py:80} INFO - ── Bước 1: Transform Dimension Tables ──
[2026-04-21T06:26:20.369+0000] {logging_mixin.py:188} WARNING - [2026-04-21 06:26:20] INFO    etl.transform :   dim_thoi_gian               →     13 records
[2026-04-21T06:26:20.368+0000] {transform.py:190} INFO -   dim_thoi_gian               →     13 records
[2026-04-21T06:26:20.373+0000] {logging_mixin.py:188} WARNING - [2026-04-21 06:26:20] INFO    etl.transform :   dim_giang_vien              →     45 records
[2026-04-21T06:26:20.373+0000] {transform.py:213} INFO -   dim_giang_vien              →     45 records
[2026-04-21T06:26:20.377+0000] {logging_mixin.py:188} WARNING - [2026-04-21 06:26:20] INFO    etl.transform :   dim_hoc_phan                →    121 records
[2026-04-21T06:26:20.376+0000] {transform.py:240} INFO -   dim_hoc_phan                →    121 records
[2026-04-21T06:26:20.409+0000] {logging_mixin.py:188} WARNING - [2026-04-21 06:26:20] INFO    etl.transform :   dim_sinh_vien               →  1,695 records
[2026-04-21T06:26:20.408+0000] {transform.py:306} INFO -   dim_sinh_vien               →  1,695 records
[2026-04-21T06:26:20.411+0000] {logging_mixin.py:188} WARNING - [2026-04-21 06:26:20] INFO    etl.transform : ── Bước 2: Transform Fact Tables ──
[2026-04-21T06:26:20.411+0000] {transform.py:96} INFO - ── Bước 2: Transform Fact Tables ──
[2026-04-21T06:26:20.478+0000] {logging_mixin.py:188} WARNING - [2026-04-21 06:26:20] INFO    etl.transform :   fact_diem                   → 54,640 records
[2026-04-21T06:26:20.477+0000] {transform.py:376} INFO -   fact_diem                   → 54,640 records
[2026-04-21T06:26:20.514+0000] {logging_mixin.py:188} WARNING - [2026-04-21 06:26:20] INFO    etl.transform :   fact_dang_ky               → 55,125 records
[2026-04-21T06:26:20.514+0000] {transform.py:413} INFO -   fact_dang_ky               → 55,125 records
[2026-04-21T06:26:20.531+0000] {logging_mixin.py:188} WARNING - [2026-04-21 06:26:20] INFO    etl.transform :   fact_ren_luyen              →  9,475 records
[2026-04-21T06:26:20.531+0000] {transform.py:445} INFO -   fact_ren_luyen              →  9,475 records
[2026-04-21T06:26:20.538+0000] {logging_mixin.py:188} WARNING - /opt/***/src/etl/transform.py:467 UserWarning: The argument 'infer_datetime_format' is deprecated and will be removed in a future version. A strict version of it is now the default, see https://pandas.pydata.org/pdeps/0004-consistent-to-datetime-parsing.html. You can safely remove this argument.
[2026-04-21T06:26:20.545+0000] {logging_mixin.py:188} WARNING - [2026-04-21 06:26:20] INFO    etl.transform :   fact_tai_chinh              →  9,182 records
[2026-04-21T06:26:20.545+0000] {transform.py:485} INFO -   fact_tai_chinh              →  9,182 records
[2026-04-21T06:26:20.546+0000] {logging_mixin.py:188} WARNING - [2026-04-21 06:26:20] INFO    etl.transform : ======================================================================
[2026-04-21T06:26:20.546+0000] {transform.py:108} INFO - ======================================================================
[2026-04-21T06:26:20.547+0000] {logging_mixin.py:188} WARNING - [2026-04-21 06:26:20] INFO    etl.transform : TRANSFORM HOÀN TẤT
[2026-04-21T06:26:20.547+0000] {transform.py:109} INFO - TRANSFORM HOÀN TẤT
[2026-04-21T06:26:20.549+0000] {logging_mixin.py:188} WARNING - [2026-04-21 06:26:20] INFO    etl.transform :    dim_giang_vien           :       45 records
[2026-04-21T06:26:20.549+0000] {transform.py:111} INFO -    dim_giang_vien           :       45 records
[2026-04-21T06:26:20.550+0000] {logging_mixin.py:188} WARNING - [2026-04-21 06:26:20] INFO    etl.transform :    dim_sinh_vien            :    1,695 records
[2026-04-21T06:26:20.550+0000] {transform.py:111} INFO -    dim_sinh_vien            :    1,695 records
[2026-04-21T06:26:20.551+0000] {logging_mixin.py:188} WARNING - [2026-04-21 06:26:20] INFO    etl.transform :    dim_hoc_phan             :      121 records
[2026-04-21T06:26:20.551+0000] {transform.py:111} INFO -    dim_hoc_phan             :      121 records
[2026-04-21T06:26:20.552+0000] {logging_mixin.py:188} WARNING - [2026-04-21 06:26:20] INFO    etl.transform :    dim_thoi_gian            :       13 records
[2026-04-21T06:26:20.552+0000] {transform.py:111} INFO -    dim_thoi_gian            :       13 records
[2026-04-21T06:26:20.553+0000] {logging_mixin.py:188} WARNING - [2026-04-21 06:26:20] INFO    etl.transform :    fact_diem                :   54,640 records
[2026-04-21T06:26:20.553+0000] {transform.py:111} INFO -    fact_diem                :   54,640 records
[2026-04-21T06:26:20.554+0000] {logging_mixin.py:188} WARNING - [2026-04-21 06:26:20] INFO    etl.transform :    fact_dang_ky             :   55,125 records
[2026-04-21T06:26:20.554+0000] {transform.py:111} INFO -    fact_dang_ky             :   55,125 records
[2026-04-21T06:26:20.555+0000] {logging_mixin.py:188} WARNING - [2026-04-21 06:26:20] INFO    etl.transform :    fact_ren_luyen           :    9,475 records
[2026-04-21T06:26:20.555+0000] {transform.py:111} INFO -    fact_ren_luyen           :    9,475 records
[2026-04-21T06:26:20.556+0000] {logging_mixin.py:188} WARNING - [2026-04-21 06:26:20] INFO    etl.transform :    fact_tai_chinh           :    9,182 records
[2026-04-21T06:26:20.556+0000] {transform.py:111} INFO -    fact_tai_chinh           :    9,182 records
[2026-04-21T06:26:20.557+0000] {logging_mixin.py:188} WARNING - [2026-04-21 06:26:20] INFO    etl.transform : ======================================================================
[2026-04-21T06:26:20.557+0000] {transform.py:112} INFO - ======================================================================
[2026-04-21T06:26:20.575+0000] {logging_mixin.py:188} WARNING - [2026-04-21 06:26:20] INFO    utils.minio :   MinIO ↑ [staging-data] 2026-04-21_06-26/dim_hoc_ky.parquet (5.4 KB | 13 rows)
[2026-04-21T06:26:20.575+0000] {minio_client.py:142} INFO -   MinIO ↑ [staging-data] 2026-04-21_06-26/dim_hoc_ky.parquet (5.4 KB | 13 rows)
[2026-04-21T06:26:20.585+0000] {logging_mixin.py:188} WARNING - [2026-04-21 06:26:20] INFO    utils.minio :   MinIO ↑ [staging-data] 2026-04-21_06-26/dim_giang_vien.parquet (8.9 KB | 45 rows)
[2026-04-21T06:26:20.585+0000] {minio_client.py:142} INFO -   MinIO ↑ [staging-data] 2026-04-21_06-26/dim_giang_vien.parquet (8.9 KB | 45 rows)
[2026-04-21T06:26:20.594+0000] {logging_mixin.py:188} WARNING - [2026-04-21 06:26:20] INFO    utils.minio :   MinIO ↑ [staging-data] 2026-04-21_06-26/dim_hoc_phan.parquet (11.0 KB | 121 rows)
[2026-04-21T06:26:20.594+0000] {minio_client.py:142} INFO -   MinIO ↑ [staging-data] 2026-04-21_06-26/dim_hoc_phan.parquet (11.0 KB | 121 rows)
[2026-04-21T06:26:20.610+0000] {logging_mixin.py:188} WARNING - [2026-04-21 06:26:20] INFO    utils.minio :   MinIO ↑ [staging-data] 2026-04-21_06-26/dim_sinh_vien.parquet (71.7 KB | 1,695 rows)
[2026-04-21T06:26:20.610+0000] {minio_client.py:142} INFO -   MinIO ↑ [staging-data] 2026-04-21_06-26/dim_sinh_vien.parquet (71.7 KB | 1,695 rows)
[2026-04-21T06:26:20.668+0000] {logging_mixin.py:188} WARNING - [2026-04-21 06:26:20] INFO    utils.minio :   MinIO ↑ [staging-data] 2026-04-21_06-26/fact_diem.parquet (816.7 KB | 54,640 rows)
[2026-04-21T06:26:20.668+0000] {minio_client.py:142} INFO -   MinIO ↑ [staging-data] 2026-04-21_06-26/fact_diem.parquet (816.7 KB | 54,640 rows)
[2026-04-21T06:26:20.705+0000] {logging_mixin.py:188} WARNING - [2026-04-21 06:26:20] INFO    utils.minio :   MinIO ↑ [staging-data] 2026-04-21_06-26/fact_dang_ky.parquet (462.4 KB | 55,125 rows)
[2026-04-21T06:26:20.705+0000] {minio_client.py:142} INFO -   MinIO ↑ [staging-data] 2026-04-21_06-26/fact_dang_ky.parquet (462.4 KB | 55,125 rows)
[2026-04-21T06:26:20.719+0000] {logging_mixin.py:188} WARNING - [2026-04-21 06:26:20] INFO    utils.minio :   MinIO ↑ [staging-data] 2026-04-21_06-26/fact_ren_luyen.parquet (41.2 KB | 9,475 rows)
[2026-04-21T06:26:20.719+0000] {minio_client.py:142} INFO -   MinIO ↑ [staging-data] 2026-04-21_06-26/fact_ren_luyen.parquet (41.2 KB | 9,475 rows)
[2026-04-21T06:26:20.733+0000] {logging_mixin.py:188} WARNING - [2026-04-21 06:26:20] INFO    utils.minio :   MinIO ↑ [staging-data] 2026-04-21_06-26/fact_tai_chinh.parquet (86.5 KB | 9,182 rows)
[2026-04-21T06:26:20.733+0000] {minio_client.py:142} INFO -   MinIO ↑ [staging-data] 2026-04-21_06-26/fact_tai_chinh.parquet (86.5 KB | 9,182 rows)
[2026-04-21T06:26:20.734+0000] {logging_mixin.py:188} WARNING - [2026-04-21 06:26:20] INFO    etl.transform :   MinIO staging-data: 8/8 files OK → run_id=2026-04-21_06-26
[2026-04-21T06:26:20.734+0000] {transform.py:141} INFO -   MinIO staging-data: 8/8 files OK → run_id=2026-04-21_06-26
[2026-04-21T06:26:20.760+0000] {logging_mixin.py:188} INFO - Transform xong: {'dim_giang_vien': 45, 'dim_sinh_vien': 1695, 'dim_hoc_phan': 121, 'dim_thoi_gian': 13, 'fact_diem': 54640, 'fact_dang_ky': 55125, 'fact_ren_luyen': 9475, 'fact_tai_chinh': 9182}
[2026-04-21T06:26:20.763+0000] {python.py:201} INFO - Done. Returned value was: {'dim_giang_vien': 45, 'dim_sinh_vien': 1695, 'dim_hoc_phan': 121, 'dim_thoi_gian': 13, 'fact_diem': 54640, 'fact_dang_ky': 55125, 'fact_ren_luyen': 9475, 'fact_tai_chinh': 9182}
[2026-04-21T06:26:20.783+0000] {taskinstance.py:1138} INFO - Marking task as SUCCESS. dag_id=daily_student_pipeline, task_id=transform_data, execution_date=20260421T062553, start_date=20260421T062614, end_date=20260421T062620
[2026-04-21T06:26:20.844+0000] {local_task_job_runner.py:234} INFO - Task exited with return code 0
[2026-04-21T06:26:20.865+0000] {taskinstance.py:3280} INFO - 1 downstream tasks scheduled from follow-on schedule check
