[2026-04-20T08:38:55.343+0000] {taskinstance.py:1956} INFO - Dependencies all met for dep_context=non-requeueable deps ti=<TaskInstance: daily_student_pipeline.extract_data manual__2026-04-20T08:38:52.446959+00:00 [queued]>
[2026-04-20T08:38:55.357+0000] {taskinstance.py:1956} INFO - Dependencies all met for dep_context=requeueable deps ti=<TaskInstance: daily_student_pipeline.extract_data manual__2026-04-20T08:38:52.446959+00:00 [queued]>
[2026-04-20T08:38:55.358+0000] {taskinstance.py:2170} INFO - Starting attempt 1 of 1
[2026-04-20T08:38:55.374+0000] {taskinstance.py:2191} INFO - Executing <Task(PythonOperator): extract_data> on 2026-04-20 08:38:52.446959+00:00
[2026-04-20T08:38:55.378+0000] {standard_task_runner.py:60} INFO - Started process 1058 to run task
[2026-04-20T08:38:55.381+0000] {standard_task_runner.py:87} INFO - Running: ['***', 'tasks', 'run', 'daily_student_pipeline', 'extract_data', 'manual__2026-04-20T08:38:52.446959+00:00', '--job-id', '386', '--raw', '--subdir', 'DAGS_FOLDER/daily_student_pipeline.py', '--cfg-path', '/tmp/tmp8plp2q07']
[2026-04-20T08:38:55.384+0000] {standard_task_runner.py:88} INFO - Job 386: Subtask extract_data
[2026-04-20T08:38:55.473+0000] {task_command.py:423} INFO - Running <TaskInstance: daily_student_pipeline.extract_data manual__2026-04-20T08:38:52.446959+00:00 [running]> on host c15505f4cce3
[2026-04-20T08:38:55.852+0000] {taskinstance.py:2480} INFO - Exporting env vars: AIRFLOW_CTX_DAG_OWNER='nhom8' AIRFLOW_CTX_DAG_ID='daily_student_pipeline' AIRFLOW_CTX_TASK_ID='extract_data' AIRFLOW_CTX_EXECUTION_DATE='2026-04-20T08:38:52.446959+00:00' AIRFLOW_CTX_TRY_NUMBER='1' AIRFLOW_CTX_DAG_RUN_ID='manual__2026-04-20T08:38:52.446959+00:00'
[2026-04-20T08:39:00.585+0000] {logging_mixin.py:188} WARNING - [2026-04-20 08:39:00] INFO    etl.extract : ==BẮT ĐẦU FULL EXTRACT==
[2026-04-20T08:39:00.585+0000] {extract.py:346} INFO - ==BẮT ĐẦU FULL EXTRACT==
[2026-04-20T08:39:00.587+0000] {logging_mixin.py:188} WARNING - [2026-04-20 08:39:00] INFO    etl.extract : ======================================================================
[2026-04-20T08:39:00.587+0000] {extract.py:347} INFO - ======================================================================
[2026-04-20T08:39:00.607+0000] {logging_mixin.py:188} WARNING - [2026-04-20 08:39:00] INFO    etl.extract : ════════════════════════════════════════════════════════════
[2026-04-20T08:39:00.606+0000] {extract.py:84} INFO - ════════════════════════════════════════════════════════════
[2026-04-20T08:39:00.608+0000] {logging_mixin.py:188} WARNING - [2026-04-20 08:39:00] INFO    etl.extract : NGUỒN 1 — PostgreSQL (Phòng Đào tạo) | Full Extract
[2026-04-20T08:39:00.608+0000] {extract.py:85} INFO - NGUỒN 1 — PostgreSQL (Phòng Đào tạo) | Full Extract
[2026-04-20T08:39:00.609+0000] {logging_mixin.py:188} WARNING - [2026-04-20 08:39:00] INFO    etl.extract : ════════════════════════════════════════════════════════════
[2026-04-20T08:39:00.609+0000] {extract.py:86} INFO - ════════════════════════════════════════════════════════════
[2026-04-20T08:39:00.809+0000] {logging_mixin.py:188} WARNING - [2026-04-20 08:39:00] INFO    etl.extract :   PostgreSQL | khoa                      →      4 records
[2026-04-20T08:39:00.809+0000] {extract.py:68} INFO -   PostgreSQL | khoa                      →      4 records
[2026-04-20T08:39:00.836+0000] {logging_mixin.py:188} WARNING - [2026-04-20 08:39:00] INFO    etl.extract :   PostgreSQL | nganh                     →      3 records
[2026-04-20T08:39:00.836+0000] {extract.py:68} INFO -   PostgreSQL | nganh                     →      3 records
[2026-04-20T08:39:00.867+0000] {logging_mixin.py:188} WARNING - [2026-04-20 08:39:00] INFO    etl.extract :   PostgreSQL | giang_vien                →     45 records
[2026-04-20T08:39:00.866+0000] {extract.py:68} INFO -   PostgreSQL | giang_vien                →     45 records
[2026-04-20T08:39:00.903+0000] {logging_mixin.py:188} WARNING - [2026-04-20 08:39:00] INFO    etl.extract :   PostgreSQL | lop_hanh_chinh            →     48 records
[2026-04-20T08:39:00.903+0000] {extract.py:68} INFO -   PostgreSQL | lop_hanh_chinh            →     48 records
[2026-04-20T08:39:00.980+0000] {logging_mixin.py:188} WARNING - [2026-04-20 08:39:00] INFO    etl.extract :   PostgreSQL | sinh_vien                 →  1,695 records
[2026-04-20T08:39:00.980+0000] {extract.py:68} INFO -   PostgreSQL | sinh_vien                 →  1,695 records
[2026-04-20T08:39:01.019+0000] {logging_mixin.py:188} WARNING - [2026-04-20 08:39:01] INFO    etl.extract :   PostgreSQL | hoc_phan                  →    121 records
[2026-04-20T08:39:01.019+0000] {extract.py:68} INFO -   PostgreSQL | hoc_phan                  →    121 records
[2026-04-20T08:39:01.033+0000] {logging_mixin.py:188} WARNING - [2026-04-20 08:39:01] INFO    etl.extract :   PostgreSQL | hoc_ky_nam_hoc            →     13 records
[2026-04-20T08:39:01.033+0000] {extract.py:68} INFO -   PostgreSQL | hoc_ky_nam_hoc            →     13 records
[2026-04-20T08:39:01.793+0000] {logging_mixin.py:188} WARNING - [2026-04-20 08:39:01] INFO    etl.extract :   PostgreSQL | dang_ky_hoc_phan          → 54,912 records
[2026-04-20T08:39:01.793+0000] {extract.py:68} INFO -   PostgreSQL | dang_ky_hoc_phan          → 54,912 records
[2026-04-20T08:39:02.442+0000] {logging_mixin.py:188} WARNING - [2026-04-20 08:39:02] INFO    etl.extract :   PostgreSQL | diem_hoc_phan             → 54,460 records
[2026-04-20T08:39:02.442+0000] {extract.py:68} INFO -   PostgreSQL | diem_hoc_phan             → 54,460 records
[2026-04-20T08:39:02.500+0000] {logging_mixin.py:188} WARNING - [2026-04-20 08:39:02] INFO    etl.extract :   PostgreSQL | tong_hop_ket_qua          →  1,695 records
[2026-04-20T08:39:02.500+0000] {extract.py:68} INFO -   PostgreSQL | tong_hop_ket_qua          →  1,695 records
[2026-04-20T08:39:02.502+0000] {logging_mixin.py:188} WARNING - [2026-04-20 08:39:02] INFO    etl.extract :   PostgreSQL | TỔNG: 112,996 records từ 10 bảng
[2026-04-20T08:39:02.501+0000] {extract.py:93} INFO -   PostgreSQL | TỔNG: 112,996 records từ 10 bảng
[2026-04-20T08:39:02.503+0000] {logging_mixin.py:188} WARNING - [2026-04-20 08:39:02] INFO    etl.extract : ════════════════════════════════════════════════════════════
[2026-04-20T08:39:02.503+0000] {extract.py:167} INFO - ════════════════════════════════════════════════════════════
[2026-04-20T08:39:02.503+0000] {logging_mixin.py:188} WARNING - [2026-04-20 08:39:02] INFO    etl.extract : NGUỒN 2 — CSV (Phòng CTSV) | Extract
[2026-04-20T08:39:02.503+0000] {extract.py:168} INFO - NGUỒN 2 — CSV (Phòng CTSV) | Extract
[2026-04-20T08:39:02.504+0000] {logging_mixin.py:188} WARNING - [2026-04-20 08:39:02] INFO    etl.extract : ════════════════════════════════════════════════════════════
[2026-04-20T08:39:02.504+0000] {extract.py:169} INFO - ════════════════════════════════════════════════════════════
[2026-04-20T08:39:02.509+0000] {logging_mixin.py:188} WARNING - [2026-04-20 08:39:02] INFO    etl.extract :   CSV | Tìm thấy 13 file(s)
[2026-04-20T08:39:02.509+0000] {extract.py:178} INFO -   CSV | Tìm thấy 13 file(s)
[2026-04-20T08:39:02.527+0000] {logging_mixin.py:188} WARNING - [2026-04-20 08:39:02] INFO    etl.extract :   CSV | ctsv_HK1_2021_22.csv                →    791 records
[2026-04-20T08:39:02.527+0000] {extract.py:144} INFO -   CSV | ctsv_HK1_2021_22.csv                →    791 records
[2026-04-20T08:39:02.537+0000] {logging_mixin.py:188} WARNING - [2026-04-20 08:39:02] INFO    etl.extract :   CSV | ctsv_HK1_2022_23.csv                →  1,586 records
[2026-04-20T08:39:02.537+0000] {extract.py:144} INFO -   CSV | ctsv_HK1_2022_23.csv                →  1,586 records
[2026-04-20T08:39:02.544+0000] {logging_mixin.py:188} WARNING - [2026-04-20 08:39:02] INFO    etl.extract :   CSV | ctsv_HK1_2023_24.csv                →  2,391 records
[2026-04-20T08:39:02.544+0000] {extract.py:144} INFO -   CSV | ctsv_HK1_2023_24.csv                →  2,391 records
[2026-04-20T08:39:02.553+0000] {logging_mixin.py:188} WARNING - [2026-04-20 08:39:02] INFO    etl.extract :   CSV | ctsv_HK1_2024_25.csv                →  3,246 records
[2026-04-20T08:39:02.553+0000] {extract.py:144} INFO -   CSV | ctsv_HK1_2024_25.csv                →  3,246 records
[2026-04-20T08:39:02.561+0000] {logging_mixin.py:188} WARNING - [2026-04-20 08:39:02] INFO    etl.extract :   CSV | ctsv_HK1_2025_26.csv                →  2,449 records
[2026-04-20T08:39:02.561+0000] {extract.py:144} INFO -   CSV | ctsv_HK1_2025_26.csv                →  2,449 records
[2026-04-20T08:39:02.569+0000] {logging_mixin.py:188} WARNING - [2026-04-20 08:39:02] INFO    etl.extract :   CSV | ctsv_HK2_2021_22.csv                →    788 records
[2026-04-20T08:39:02.569+0000] {extract.py:144} INFO -   CSV | ctsv_HK2_2021_22.csv                →    788 records
[2026-04-20T08:39:02.576+0000] {logging_mixin.py:188} WARNING - [2026-04-20 08:39:02] INFO    etl.extract :   CSV | ctsv_HK2_2022_23.csv                →  1,574 records
[2026-04-20T08:39:02.576+0000] {extract.py:144} INFO -   CSV | ctsv_HK2_2022_23.csv                →  1,574 records
[2026-04-20T08:39:02.583+0000] {logging_mixin.py:188} WARNING - [2026-04-20 08:39:02] INFO    etl.extract :   CSV | ctsv_HK2_2023_24.csv                →  2,397 records
[2026-04-20T08:39:02.583+0000] {extract.py:144} INFO -   CSV | ctsv_HK2_2023_24.csv                →  2,397 records
[2026-04-20T08:39:02.592+0000] {logging_mixin.py:188} WARNING - [2026-04-20 08:39:02] INFO    etl.extract :   CSV | ctsv_HK2_2024_25.csv                →  2,870 records
[2026-04-20T08:39:02.592+0000] {extract.py:144} INFO -   CSV | ctsv_HK2_2024_25.csv                →  2,870 records
[2026-04-20T08:39:02.600+0000] {logging_mixin.py:188} WARNING - [2026-04-20 08:39:02] INFO    etl.extract :   CSV | ctsv_HK3_2021_22.csv                →     44 records
[2026-04-20T08:39:02.599+0000] {extract.py:144} INFO -   CSV | ctsv_HK3_2021_22.csv                →     44 records
[2026-04-20T08:39:02.605+0000] {logging_mixin.py:188} WARNING - [2026-04-20 08:39:02] INFO    etl.extract :   CSV | ctsv_HK3_2022_23.csv                →     70 records
[2026-04-20T08:39:02.605+0000] {extract.py:144} INFO -   CSV | ctsv_HK3_2022_23.csv                →     70 records
[2026-04-20T08:39:02.613+0000] {logging_mixin.py:188} WARNING - [2026-04-20 08:39:02] INFO    etl.extract :   CSV | ctsv_HK3_2023_24.csv                →    129 records
[2026-04-20T08:39:02.613+0000] {extract.py:144} INFO -   CSV | ctsv_HK3_2023_24.csv                →    129 records
[2026-04-20T08:39:02.620+0000] {logging_mixin.py:188} WARNING - [2026-04-20 08:39:02] INFO    etl.extract :   CSV | ctsv_HK3_2024_25.csv                →     71 records
[2026-04-20T08:39:02.620+0000] {extract.py:144} INFO -   CSV | ctsv_HK3_2024_25.csv                →     71 records
[2026-04-20T08:39:02.630+0000] {logging_mixin.py:188} WARNING - [2026-04-20 08:39:02] INFO    etl.extract :   CSV | Loại bỏ 8963 bản ghi trùng
[2026-04-20T08:39:02.630+0000] {extract.py:195} INFO -   CSV | Loại bỏ 8963 bản ghi trùng
[2026-04-20T08:39:02.631+0000] {logging_mixin.py:188} WARNING - [2026-04-20 08:39:02] INFO    etl.extract :   CSV | TỔNG: 9,443 records từ 13 file(s)
[2026-04-20T08:39:02.631+0000] {extract.py:197} INFO -   CSV | TỔNG: 9,443 records từ 13 file(s)
[2026-04-20T08:39:02.765+0000] {logging_mixin.py:188} WARNING - [2026-04-20 08:39:02] INFO    etl.extract :   API | metadata: generated_at=None, schema_version=None
[2026-04-20T08:39:02.765+0000] {extract.py:232} INFO -   API | metadata: generated_at=None, schema_version=None
[2026-04-20T08:39:02.770+0000] {logging_mixin.py:188} WARNING - [2026-04-20 08:39:02] WARNING etl.extract :   API | (HTTP) HK HK1-2021-22: Loại bỏ 2 duplicate records (ma_sinh_vien, hoc_ky)
[2026-04-20T08:39:02.770+0000] {extract.py:254} WARNING -   API | (HTTP) HK HK1-2021-22: Loại bỏ 2 duplicate records (ma_sinh_vien, hoc_ky)
[2026-04-20T08:39:02.771+0000] {logging_mixin.py:188} WARNING - [2026-04-20 08:39:02] INFO    etl.extract :   API | (HTTP) HK HK1-2021-22 →    390 records
[2026-04-20T08:39:02.771+0000] {extract.py:259} INFO -   API | (HTTP) HK HK1-2021-22 →    390 records
[2026-04-20T08:39:02.789+0000] {logging_mixin.py:188} WARNING - [2026-04-20 08:39:02] INFO    etl.extract :   API | metadata: generated_at=None, schema_version=None
[2026-04-20T08:39:02.789+0000] {extract.py:232} INFO -   API | metadata: generated_at=None, schema_version=None
[2026-04-20T08:39:02.792+0000] {logging_mixin.py:188} WARNING - [2026-04-20 08:39:02] WARNING etl.extract :   API | (HTTP) HK HK1-2022-23: Loại bỏ 6 duplicate records (ma_sinh_vien, hoc_ky)
[2026-04-20T08:39:02.792+0000] {extract.py:254} WARNING -   API | (HTTP) HK HK1-2022-23: Loại bỏ 6 duplicate records (ma_sinh_vien, hoc_ky)
[2026-04-20T08:39:02.793+0000] {logging_mixin.py:188} WARNING - [2026-04-20 08:39:02] INFO    etl.extract :   API | (HTTP) HK HK1-2022-23 →    776 records
[2026-04-20T08:39:02.793+0000] {extract.py:259} INFO -   API | (HTTP) HK HK1-2022-23 →    776 records
[2026-04-20T08:39:02.818+0000] {logging_mixin.py:188} WARNING - [2026-04-20 08:39:02] INFO    etl.extract :   API | metadata: generated_at=None, schema_version=None
[2026-04-20T08:39:02.818+0000] {extract.py:232} INFO -   API | metadata: generated_at=None, schema_version=None
[2026-04-20T08:39:02.822+0000] {logging_mixin.py:188} WARNING - [2026-04-20 08:39:02] WARNING etl.extract :   API | (HTTP) HK HK1-2023-24: Loại bỏ 10 duplicate records (ma_sinh_vien, hoc_ky)
[2026-04-20T08:39:02.821+0000] {extract.py:254} WARNING -   API | (HTTP) HK HK1-2023-24: Loại bỏ 10 duplicate records (ma_sinh_vien, hoc_ky)
[2026-04-20T08:39:02.823+0000] {logging_mixin.py:188} WARNING - [2026-04-20 08:39:02] INFO    etl.extract :   API | (HTTP) HK HK1-2023-24 →  1,182 records
[2026-04-20T08:39:02.823+0000] {extract.py:259} INFO -   API | (HTTP) HK HK1-2023-24 →  1,182 records
[2026-04-20T08:39:02.852+0000] {logging_mixin.py:188} WARNING - [2026-04-20 08:39:02] INFO    etl.extract :   API | metadata: generated_at=None, schema_version=None
[2026-04-20T08:39:02.852+0000] {extract.py:232} INFO -   API | metadata: generated_at=None, schema_version=None
[2026-04-20T08:39:02.856+0000] {logging_mixin.py:188} WARNING - [2026-04-20 08:39:02] WARNING etl.extract :   API | (HTTP) HK HK1-2024-25: Loại bỏ 14 duplicate records (ma_sinh_vien, hoc_ky)
[2026-04-20T08:39:02.856+0000] {extract.py:254} WARNING -   API | (HTTP) HK HK1-2024-25: Loại bỏ 14 duplicate records (ma_sinh_vien, hoc_ky)
[2026-04-20T08:39:02.857+0000] {logging_mixin.py:188} WARNING - [2026-04-20 08:39:02] INFO    etl.extract :   API | (HTTP) HK HK1-2024-25 →  1,596 records
[2026-04-20T08:39:02.857+0000] {extract.py:259} INFO -   API | (HTTP) HK HK1-2024-25 →  1,596 records
[2026-04-20T08:39:02.883+0000] {logging_mixin.py:188} WARNING - [2026-04-20 08:39:02] INFO    etl.extract :   API | metadata: generated_at=None, schema_version=None
[2026-04-20T08:39:02.883+0000] {extract.py:232} INFO -   API | metadata: generated_at=None, schema_version=None
[2026-04-20T08:39:02.886+0000] {logging_mixin.py:188} WARNING - [2026-04-20 08:39:02] WARNING etl.extract :   API | (HTTP) HK HK1-2025-26: Loại bỏ 12 duplicate records (ma_sinh_vien, hoc_ky)
[2026-04-20T08:39:02.886+0000] {extract.py:254} WARNING -   API | (HTTP) HK HK1-2025-26: Loại bỏ 12 duplicate records (ma_sinh_vien, hoc_ky)
[2026-04-20T08:39:02.888+0000] {logging_mixin.py:188} WARNING - [2026-04-20 08:39:02] INFO    etl.extract :   API | (HTTP) HK HK1-2025-26 →  1,216 records
[2026-04-20T08:39:02.887+0000] {extract.py:259} INFO -   API | (HTTP) HK HK1-2025-26 →  1,216 records
[2026-04-20T08:39:02.911+0000] {logging_mixin.py:188} WARNING - [2026-04-20 08:39:02] INFO    etl.extract :   API | metadata: generated_at=None, schema_version=None
[2026-04-20T08:39:02.911+0000] {extract.py:232} INFO -   API | metadata: generated_at=None, schema_version=None
[2026-04-20T08:39:02.914+0000] {logging_mixin.py:188} WARNING - [2026-04-20 08:39:02] WARNING etl.extract :   API | (HTTP) HK HK2-2021-22: Loại bỏ 1 duplicate records (ma_sinh_vien, hoc_ky)
[2026-04-20T08:39:02.914+0000] {extract.py:254} WARNING -   API | (HTTP) HK HK2-2021-22: Loại bỏ 1 duplicate records (ma_sinh_vien, hoc_ky)
[2026-04-20T08:39:02.915+0000] {logging_mixin.py:188} WARNING - [2026-04-20 08:39:02] INFO    etl.extract :   API | (HTTP) HK HK2-2021-22 →    390 records
[2026-04-20T08:39:02.915+0000] {extract.py:259} INFO -   API | (HTTP) HK HK2-2021-22 →    390 records
[2026-04-20T08:39:02.936+0000] {logging_mixin.py:188} WARNING - [2026-04-20 08:39:02] INFO    etl.extract :   API | metadata: generated_at=None, schema_version=None
[2026-04-20T08:39:02.936+0000] {extract.py:232} INFO -   API | metadata: generated_at=None, schema_version=None
[2026-04-20T08:39:02.939+0000] {logging_mixin.py:188} WARNING - [2026-04-20 08:39:02] WARNING etl.extract :   API | (HTTP) HK HK2-2022-23: Loại bỏ 8 duplicate records (ma_sinh_vien, hoc_ky)
[2026-04-20T08:39:02.939+0000] {extract.py:254} WARNING -   API | (HTTP) HK HK2-2022-23: Loại bỏ 8 duplicate records (ma_sinh_vien, hoc_ky)
[2026-04-20T08:39:02.940+0000] {logging_mixin.py:188} WARNING - [2026-04-20 08:39:02] INFO    etl.extract :   API | (HTTP) HK HK2-2022-23 →    776 records
[2026-04-20T08:39:02.940+0000] {extract.py:259} INFO -   API | (HTTP) HK HK2-2022-23 →    776 records
[2026-04-20T08:39:02.973+0000] {logging_mixin.py:188} WARNING - [2026-04-20 08:39:02] INFO    etl.extract :   API | metadata: generated_at=None, schema_version=None
[2026-04-20T08:39:02.973+0000] {extract.py:232} INFO -   API | metadata: generated_at=None, schema_version=None
[2026-04-20T08:39:02.977+0000] {logging_mixin.py:188} WARNING - [2026-04-20 08:39:02] WARNING etl.extract :   API | (HTTP) HK HK2-2023-24: Loại bỏ 8 duplicate records (ma_sinh_vien, hoc_ky)
[2026-04-20T08:39:02.977+0000] {extract.py:254} WARNING -   API | (HTTP) HK HK2-2023-24: Loại bỏ 8 duplicate records (ma_sinh_vien, hoc_ky)
[2026-04-20T08:39:02.978+0000] {logging_mixin.py:188} WARNING - [2026-04-20 08:39:02] INFO    etl.extract :   API | (HTTP) HK HK2-2023-24 →  1,183 records
[2026-04-20T08:39:02.978+0000] {extract.py:259} INFO -   API | (HTTP) HK HK2-2023-24 →  1,183 records
[2026-04-20T08:39:03.010+0000] {logging_mixin.py:188} WARNING - [2026-04-20 08:39:03] INFO    etl.extract :   API | metadata: generated_at=None, schema_version=None
[2026-04-20T08:39:03.010+0000] {extract.py:232} INFO -   API | metadata: generated_at=None, schema_version=None
[2026-04-20T08:39:03.014+0000] {logging_mixin.py:188} WARNING - [2026-04-20 08:39:03] WARNING etl.extract :   API | (HTTP) HK HK2-2024-25: Loại bỏ 21 duplicate records (ma_sinh_vien, hoc_ky)
[2026-04-20T08:39:03.014+0000] {extract.py:254} WARNING -   API | (HTTP) HK HK2-2024-25: Loại bỏ 21 duplicate records (ma_sinh_vien, hoc_ky)
[2026-04-20T08:39:03.015+0000] {logging_mixin.py:188} WARNING - [2026-04-20 08:39:03] INFO    etl.extract :   API | (HTTP) HK HK2-2024-25 →  1,475 records
[2026-04-20T08:39:03.015+0000] {extract.py:259} INFO -   API | (HTTP) HK HK2-2024-25 →  1,475 records
[2026-04-20T08:39:03.024+0000] {logging_mixin.py:188} WARNING - [2026-04-20 08:39:03] INFO    etl.extract :   API | metadata: generated_at=None, schema_version=None
[2026-04-20T08:39:03.024+0000] {extract.py:232} INFO -   API | metadata: generated_at=None, schema_version=None
[2026-04-20T08:39:03.026+0000] {logging_mixin.py:188} WARNING - [2026-04-20 08:39:03] INFO    etl.extract :   API | (HTTP) HK HK3-2021-22 →     23 records
[2026-04-20T08:39:03.026+0000] {extract.py:259} INFO -   API | (HTTP) HK HK3-2021-22 →     23 records
[2026-04-20T08:39:03.036+0000] {logging_mixin.py:188} WARNING - [2026-04-20 08:39:03] INFO    etl.extract :   API | metadata: generated_at=None, schema_version=None
[2026-04-20T08:39:03.035+0000] {extract.py:232} INFO -   API | metadata: generated_at=None, schema_version=None
[2026-04-20T08:39:03.038+0000] {logging_mixin.py:188} WARNING - [2026-04-20 08:39:03] INFO    etl.extract :   API | (HTTP) HK HK3-2022-23 →     37 records
[2026-04-20T08:39:03.038+0000] {extract.py:259} INFO -   API | (HTTP) HK HK3-2022-23 →     37 records
[2026-04-20T08:39:03.050+0000] {logging_mixin.py:188} WARNING - [2026-04-20 08:39:03] INFO    etl.extract :   API | metadata: generated_at=None, schema_version=None
[2026-04-20T08:39:03.050+0000] {extract.py:232} INFO -   API | metadata: generated_at=None, schema_version=None
[2026-04-20T08:39:03.053+0000] {logging_mixin.py:188} WARNING - [2026-04-20 08:39:03] INFO    etl.extract :   API | (HTTP) HK HK3-2023-24 →     61 records
[2026-04-20T08:39:03.053+0000] {extract.py:259} INFO -   API | (HTTP) HK HK3-2023-24 →     61 records
[2026-04-20T08:39:03.064+0000] {logging_mixin.py:188} WARNING - [2026-04-20 08:39:03] INFO    etl.extract :   API | metadata: generated_at=None, schema_version=None
[2026-04-20T08:39:03.064+0000] {extract.py:232} INFO -   API | metadata: generated_at=None, schema_version=None
[2026-04-20T08:39:03.066+0000] {logging_mixin.py:188} WARNING - [2026-04-20 08:39:03] INFO    etl.extract :   API | (HTTP) HK HK3-2024-25 →     41 records
[2026-04-20T08:39:03.066+0000] {extract.py:259} INFO -   API | (HTTP) HK HK3-2024-25 →     41 records
[2026-04-20T08:39:03.068+0000] {logging_mixin.py:188} WARNING - [2026-04-20 08:39:03] INFO    etl.extract :   API | TỔNG: 9,146 records từ 13 HK
[2026-04-20T08:39:03.068+0000] {extract.py:335} INFO -   API | TỔNG: 9,146 records từ 13 HK
[2026-04-20T08:39:03.663+0000] {logging_mixin.py:188} WARNING - [2026-04-20 08:39:03] INFO    utils.minio :   MinIO ↑ [raw-data] 2026-04-20_08-39/nguon1_sinh_vien.parquet (47.3 KB | 1,695 rows)
[2026-04-20T08:39:03.663+0000] {minio_client.py:142} INFO -   MinIO ↑ [raw-data] 2026-04-20_08-39/nguon1_sinh_vien.parquet (47.3 KB | 1,695 rows)
[2026-04-20T08:39:03.716+0000] {logging_mixin.py:188} WARNING - [2026-04-20 08:39:03] INFO    utils.minio :   MinIO ↑ [raw-data] 2026-04-20_08-39/nguon1_dang_ky.parquet (472.1 KB | 54,912 rows)
[2026-04-20T08:39:03.716+0000] {minio_client.py:142} INFO -   MinIO ↑ [raw-data] 2026-04-20_08-39/nguon1_dang_ky.parquet (472.1 KB | 54,912 rows)
[2026-04-20T08:39:03.763+0000] {logging_mixin.py:188} WARNING - [2026-04-20 08:39:03] INFO    utils.minio :   MinIO ↑ [raw-data] 2026-04-20_08-39/nguon1_diem.parquet (1131.6 KB | 54,460 rows)
[2026-04-20T08:39:03.763+0000] {minio_client.py:142} INFO -   MinIO ↑ [raw-data] 2026-04-20_08-39/nguon1_diem.parquet (1131.6 KB | 54,460 rows)
[2026-04-20T08:39:03.773+0000] {logging_mixin.py:188} WARNING - [2026-04-20 08:39:03] INFO    utils.minio :   MinIO ↑ [raw-data] 2026-04-20_08-39/nguon1_hoc_phan.parquet (10.3 KB | 121 rows)
[2026-04-20T08:39:03.773+0000] {minio_client.py:142} INFO -   MinIO ↑ [raw-data] 2026-04-20_08-39/nguon1_hoc_phan.parquet (10.3 KB | 121 rows)
[2026-04-20T08:39:03.782+0000] {logging_mixin.py:188} WARNING - [2026-04-20 08:39:03] INFO    utils.minio :   MinIO ↑ [raw-data] 2026-04-20_08-39/nguon1_hoc_ky.parquet (4.2 KB | 13 rows)
[2026-04-20T08:39:03.782+0000] {minio_client.py:142} INFO -   MinIO ↑ [raw-data] 2026-04-20_08-39/nguon1_hoc_ky.parquet (4.2 KB | 13 rows)
[2026-04-20T08:39:03.793+0000] {logging_mixin.py:188} WARNING - [2026-04-20 08:39:03] INFO    utils.minio :   MinIO ↑ [raw-data] 2026-04-20_08-39/nguon1_giang_vien.parquet (8.3 KB | 45 rows)
[2026-04-20T08:39:03.793+0000] {minio_client.py:142} INFO -   MinIO ↑ [raw-data] 2026-04-20_08-39/nguon1_giang_vien.parquet (8.3 KB | 45 rows)
[2026-04-20T08:39:03.803+0000] {logging_mixin.py:188} WARNING - [2026-04-20 08:39:03] INFO    utils.minio :   MinIO ↑ [raw-data] 2026-04-20_08-39/nguon1_khoa.parquet (2.6 KB | 4 rows)
[2026-04-20T08:39:03.803+0000] {minio_client.py:142} INFO -   MinIO ↑ [raw-data] 2026-04-20_08-39/nguon1_khoa.parquet (2.6 KB | 4 rows)
[2026-04-20T08:39:03.813+0000] {logging_mixin.py:188} WARNING - [2026-04-20 08:39:03] INFO    utils.minio :   MinIO ↑ [raw-data] 2026-04-20_08-39/nguon1_nganh.parquet (3.2 KB | 3 rows)
[2026-04-20T08:39:03.812+0000] {minio_client.py:142} INFO -   MinIO ↑ [raw-data] 2026-04-20_08-39/nguon1_nganh.parquet (3.2 KB | 3 rows)
[2026-04-20T08:39:03.828+0000] {logging_mixin.py:188} WARNING - [2026-04-20 08:39:03] INFO    utils.minio :   MinIO ↑ [raw-data] 2026-04-20_08-39/nguon1_lop_hanh_chinh.parquet (4.8 KB | 48 rows)
[2026-04-20T08:39:03.827+0000] {minio_client.py:142} INFO -   MinIO ↑ [raw-data] 2026-04-20_08-39/nguon1_lop_hanh_chinh.parquet (4.8 KB | 48 rows)
[2026-04-20T08:39:03.841+0000] {logging_mixin.py:188} WARNING - [2026-04-20 08:39:03] INFO    utils.minio :   MinIO ↑ [raw-data] 2026-04-20_08-39/nguon1_tong_hop_ket_qua.parquet (21.5 KB | 1,695 rows)
[2026-04-20T08:39:03.841+0000] {minio_client.py:142} INFO -   MinIO ↑ [raw-data] 2026-04-20_08-39/nguon1_tong_hop_ket_qua.parquet (21.5 KB | 1,695 rows)
[2026-04-20T08:39:03.857+0000] {logging_mixin.py:188} WARNING - [2026-04-20 08:39:03] INFO    utils.minio :   MinIO ↑ [raw-data] 2026-04-20_08-39/nguon2_ctsv.parquet (41.9 KB | 9,443 rows)
[2026-04-20T08:39:03.857+0000] {minio_client.py:142} INFO -   MinIO ↑ [raw-data] 2026-04-20_08-39/nguon2_ctsv.parquet (41.9 KB | 9,443 rows)
[2026-04-20T08:39:03.874+0000] {logging_mixin.py:188} WARNING - [2026-04-20 08:39:03] INFO    utils.minio :   MinIO ↑ [raw-data] 2026-04-20_08-39/nguon3_tai_chinh.parquet (85.6 KB | 9,146 rows)
[2026-04-20T08:39:03.874+0000] {minio_client.py:142} INFO -   MinIO ↑ [raw-data] 2026-04-20_08-39/nguon3_tai_chinh.parquet (85.6 KB | 9,146 rows)
[2026-04-20T08:39:03.875+0000] {logging_mixin.py:188} WARNING - [2026-04-20 08:39:03] INFO    utils.minio :   MinIO upload xong: 12/12 files | run_id=2026-04-20_08-39
[2026-04-20T08:39:03.875+0000] {minio_client.py:188} INFO -   MinIO upload xong: 12/12 files | run_id=2026-04-20_08-39
[2026-04-20T08:39:03.876+0000] {logging_mixin.py:188} WARNING - [2026-04-20 08:39:03] INFO    etl.extract :   MinIO staging: 12/12 files OK → run_id=2026-04-20_08-39
[2026-04-20T08:39:03.876+0000] {extract.py:402} INFO -   MinIO staging: 12/12 files OK → run_id=2026-04-20_08-39
[2026-04-20T08:39:03.879+0000] {logging_mixin.py:188} WARNING - [2026-04-20 08:39:03] INFO    etl.extract : ======================================================================
[2026-04-20T08:39:03.879+0000] {extract.py:365} INFO - ======================================================================
[2026-04-20T08:39:03.880+0000] {logging_mixin.py:188} WARNING - [2026-04-20 08:39:03] INFO    etl.extract :  FULL EXTRACT HOÀN TẤT
[2026-04-20T08:39:03.880+0000] {extract.py:366} INFO -  FULL EXTRACT HOÀN TẤT
[2026-04-20T08:39:03.881+0000] {logging_mixin.py:188} WARNING - [2026-04-20 08:39:03] INFO    etl.extract :    khoa                     :        4
[2026-04-20T08:39:03.881+0000] {extract.py:368} INFO -    khoa                     :        4
[2026-04-20T08:39:03.882+0000] {logging_mixin.py:188} WARNING - [2026-04-20 08:39:03] INFO    etl.extract :    nganh                    :        3
[2026-04-20T08:39:03.881+0000] {extract.py:368} INFO -    nganh                    :        3
[2026-04-20T08:39:03.882+0000] {logging_mixin.py:188} WARNING - [2026-04-20 08:39:03] INFO    etl.extract :    giang_vien               :       45
[2026-04-20T08:39:03.882+0000] {extract.py:368} INFO -    giang_vien               :       45
[2026-04-20T08:39:03.883+0000] {logging_mixin.py:188} WARNING - [2026-04-20 08:39:03] INFO    etl.extract :    lop_hanh_chinh           :       48
[2026-04-20T08:39:03.883+0000] {extract.py:368} INFO -    lop_hanh_chinh           :       48
[2026-04-20T08:39:03.883+0000] {logging_mixin.py:188} WARNING - [2026-04-20 08:39:03] INFO    etl.extract :    sinh_vien                :    1,695
[2026-04-20T08:39:03.883+0000] {extract.py:368} INFO -    sinh_vien                :    1,695
[2026-04-20T08:39:03.885+0000] {logging_mixin.py:188} WARNING - [2026-04-20 08:39:03] INFO    etl.extract :    hoc_phan                 :      121
[2026-04-20T08:39:03.885+0000] {extract.py:368} INFO -    hoc_phan                 :      121
[2026-04-20T08:39:03.885+0000] {logging_mixin.py:188} WARNING - [2026-04-20 08:39:03] INFO    etl.extract :    hoc_ky_nam_hoc           :       13
[2026-04-20T08:39:03.885+0000] {extract.py:368} INFO -    hoc_ky_nam_hoc           :       13
[2026-04-20T08:39:03.886+0000] {logging_mixin.py:188} WARNING - [2026-04-20 08:39:03] INFO    etl.extract :    dang_ky_hoc_phan         :   54,912
[2026-04-20T08:39:03.886+0000] {extract.py:368} INFO -    dang_ky_hoc_phan         :   54,912
[2026-04-20T08:39:03.886+0000] {logging_mixin.py:188} WARNING - [2026-04-20 08:39:03] INFO    etl.extract :    diem_hoc_phan            :   54,460
[2026-04-20T08:39:03.886+0000] {extract.py:368} INFO -    diem_hoc_phan            :   54,460
[2026-04-20T08:39:03.887+0000] {logging_mixin.py:188} WARNING - [2026-04-20 08:39:03] INFO    etl.extract :    tong_hop_ket_qua         :    1,695
[2026-04-20T08:39:03.887+0000] {extract.py:368} INFO -    tong_hop_ket_qua         :    1,695
[2026-04-20T08:39:03.887+0000] {logging_mixin.py:188} WARNING - [2026-04-20 08:39:03] INFO    etl.extract :    ctsv_data                :    9,443
[2026-04-20T08:39:03.887+0000] {extract.py:368} INFO -    ctsv_data                :    9,443
[2026-04-20T08:39:03.889+0000] {logging_mixin.py:188} WARNING - [2026-04-20 08:39:03] INFO    etl.extract :    tai_chinh_data           :    9,146
[2026-04-20T08:39:03.889+0000] {extract.py:368} INFO -    tai_chinh_data           :    9,146
[2026-04-20T08:39:03.889+0000] {logging_mixin.py:188} WARNING - [2026-04-20 08:39:03] INFO    etl.extract : ======================================================================
[2026-04-20T08:39:03.889+0000] {extract.py:369} INFO - ======================================================================
[2026-04-20T08:39:03.922+0000] {logging_mixin.py:188} INFO - Extract xong: {'khoa': 4, 'nganh': 3, 'giang_vien': 45, 'lop_hanh_chinh': 48, 'sinh_vien': 1695, 'hoc_phan': 121, 'hoc_ky_nam_hoc': 13, 'dang_ky_hoc_phan': 54912, 'diem_hoc_phan': 54460, 'tong_hop_ket_qua': 1695, 'ctsv_data': 9443, 'tai_chinh_data': 9146}
[2026-04-20T08:39:03.935+0000] {python.py:201} INFO - Done. Returned value was: {'khoa': 4, 'nganh': 3, 'giang_vien': 45, 'lop_hanh_chinh': 48, 'sinh_vien': 1695, 'hoc_phan': 121, 'hoc_ky_nam_hoc': 13, 'dang_ky_hoc_phan': 54912, 'diem_hoc_phan': 54460, 'tong_hop_ket_qua': 1695, 'ctsv_data': 9443, 'tai_chinh_data': 9146}
[2026-04-20T08:39:03.958+0000] {taskinstance.py:1138} INFO - Marking task as SUCCESS. dag_id=daily_student_pipeline, task_id=extract_data, execution_date=20260420T083852, start_date=20260420T083855, end_date=20260420T083903
[2026-04-20T08:39:04.016+0000] {local_task_job_runner.py:234} INFO - Task exited with return code 0
[2026-04-20T08:39:04.039+0000] {taskinstance.py:3280} INFO - 1 downstream tasks scheduled from follow-on schedule check
