[2026-03-28T08:06:43.507+0000] {taskinstance.py:1956} INFO - Dependencies all met for dep_context=non-requeueable deps ti=<TaskInstance: daily_student_pipeline.alert_success manual__2026-03-28T08:04:40.117245+00:00 [queued]>
[2026-03-28T08:06:43.515+0000] {taskinstance.py:1956} INFO - Dependencies all met for dep_context=requeueable deps ti=<TaskInstance: daily_student_pipeline.alert_success manual__2026-03-28T08:04:40.117245+00:00 [queued]>
[2026-03-28T08:06:43.516+0000] {taskinstance.py:2170} INFO - Starting attempt 1 of 1
[2026-03-28T08:06:43.526+0000] {taskinstance.py:2191} INFO - Executing <Task(PythonOperator): alert_success> on 2026-03-28 08:04:40.117245+00:00
[2026-03-28T08:06:43.531+0000] {standard_task_runner.py:60} INFO - Started process 12985 to run task
[2026-03-28T08:06:43.534+0000] {standard_task_runner.py:87} INFO - Running: ['***', 'tasks', 'run', 'daily_student_pipeline', 'alert_success', 'manual__2026-03-28T08:04:40.117245+00:00', '--job-id', '43', '--raw', '--subdir', 'DAGS_FOLDER/daily_student_pipeline.py', '--cfg-path', '/tmp/tmpqg7swunt']
[2026-03-28T08:06:43.536+0000] {standard_task_runner.py:88} INFO - Job 43: Subtask alert_success
[2026-03-28T08:06:43.606+0000] {task_command.py:423} INFO - Running <TaskInstance: daily_student_pipeline.alert_success manual__2026-03-28T08:04:40.117245+00:00 [running]> on host 8474c56aea3d
[2026-03-28T08:06:43.687+0000] {taskinstance.py:2480} INFO - Exporting env vars: AIRFLOW_CTX_DAG_OWNER='nhom8' AIRFLOW_CTX_DAG_ID='daily_student_pipeline' AIRFLOW_CTX_TASK_ID='alert_success' AIRFLOW_CTX_EXECUTION_DATE='2026-03-28T08:04:40.117245+00:00' AIRFLOW_CTX_TRY_NUMBER='1' AIRFLOW_CTX_DAG_RUN_ID='manual__2026-03-28T08:04:40.117245+00:00'
[2026-03-28T08:06:43.720+0000] {logging_mixin.py:188} INFO - ============================================================
[2026-03-28T08:06:43.722+0000] {logging_mixin.py:188} INFO - PIPELINE DAILY STUDENT — THANH CONG
[2026-03-28T08:06:43.722+0000] {logging_mixin.py:188} INFO - Thời gian: 2026-03-28 08:06:43
[2026-03-28T08:06:43.723+0000] {logging_mixin.py:188} INFO - Extract:   {'khoa': 4, 'nganh': 3, 'giang_vien': 45, 'lop_hanh_chinh': 48, 'sinh_vien': 1695, 'hoc_phan': 121, 'hoc_ky_nam_hoc': 9, 'dang_ky_hoc_phan': 56173, 'diem_hoc_phan': 56173, 'tong_hop_ket_qua': 1695, 'ctsv_data': 9516, 'tai_chinh_data': 9516}
[2026-03-28T08:06:43.723+0000] {logging_mixin.py:188} INFO - Transform: {'dim_giang_vien': 45, 'dim_sinh_vien': 1695, 'dim_hoc_phan': 121, 'dim_thoi_gian': 9, 'fact_diem': 56173, 'fact_ren_luyen': 9516, 'fact_tai_chinh': 9516, 'fact_tong_hop_sv': 9516}
[2026-03-28T08:06:43.724+0000] {logging_mixin.py:188} INFO - Load:      {'dim_hoc_ky': 9, 'dim_giang_vien': 45, 'dim_hoc_phan': 121, 'dim_sinh_vien': 0, 'fact_hoc_tap': 0, 'fact_ctsv': 0, 'fact_tai_chinh': 0, 'agg_student_summary': 1695}
[2026-03-28T08:06:43.724+0000] {logging_mixin.py:188} INFO - ============================================================
[2026-03-28T08:06:43.724+0000] {python.py:201} INFO - Done. Returned value was: None
[2026-03-28T08:06:43.734+0000] {taskinstance.py:1138} INFO - Marking task as SUCCESS. dag_id=daily_student_pipeline, task_id=alert_success, execution_date=20260328T080440, start_date=20260328T080643, end_date=20260328T080643
[2026-03-28T08:06:43.786+0000] {local_task_job_runner.py:234} INFO - Task exited with return code 0
[2026-03-28T08:06:43.805+0000] {taskinstance.py:3280} INFO - 0 downstream tasks scheduled from follow-on schedule check
