[2026-04-05T03:27:10.393+0000] {taskinstance.py:1956} INFO - Dependencies all met for dep_context=non-requeueable deps ti=<TaskInstance: daily_student_pipeline.load_data scheduled__2026-04-04T02:00:00+00:00 [queued]>
[2026-04-05T03:27:10.410+0000] {taskinstance.py:1956} INFO - Dependencies all met for dep_context=requeueable deps ti=<TaskInstance: daily_student_pipeline.load_data scheduled__2026-04-04T02:00:00+00:00 [queued]>
[2026-04-05T03:27:10.411+0000] {taskinstance.py:2170} INFO - Starting attempt 1 of 1
[2026-04-05T03:27:10.434+0000] {taskinstance.py:2191} INFO - Executing <Task(PythonOperator): load_data> on 2026-04-04 02:00:00+00:00
[2026-04-05T03:27:10.450+0000] {standard_task_runner.py:60} INFO - Started process 202 to run task
[2026-04-05T03:27:10.457+0000] {standard_task_runner.py:87} INFO - Running: ['***', 'tasks', 'run', 'daily_student_pipeline', 'load_data', 'scheduled__2026-04-04T02:00:00+00:00', '--job-id', '183', '--raw', '--subdir', 'DAGS_FOLDER/daily_student_pipeline.py', '--cfg-path', '/tmp/tmpos838450']
[2026-04-05T03:27:10.463+0000] {standard_task_runner.py:88} INFO - Job 183: Subtask load_data
[2026-04-05T03:27:10.605+0000] {task_command.py:423} INFO - Running <TaskInstance: daily_student_pipeline.load_data scheduled__2026-04-04T02:00:00+00:00 [running]> on host 1c62953c8918
[2026-04-05T03:27:10.770+0000] {taskinstance.py:2480} INFO - Exporting env vars: AIRFLOW_CTX_DAG_OWNER='nhom8' AIRFLOW_CTX_DAG_ID='daily_student_pipeline' AIRFLOW_CTX_TASK_ID='load_data' AIRFLOW_CTX_EXECUTION_DATE='2026-04-04T02:00:00+00:00' AIRFLOW_CTX_TRY_NUMBER='1' AIRFLOW_CTX_DAG_RUN_ID='scheduled__2026-04-04T02:00:00+00:00'
[2026-04-05T03:27:13.174+0000] {logging_mixin.py:188} WARNING - [2026-04-05 03:27:13] INFO    utils.minio :   MinIO run mới nhất: 2026-04-04_07-03
[2026-04-05T03:27:13.174+0000] {minio_client.py:283} INFO -   MinIO run mới nhất: 2026-04-04_07-03
[2026-04-05T03:27:13.177+0000] {logging_mixin.py:188} WARNING - [2026-04-05 03:27:13] INFO    etl.transform :   Load TransformedData từ MinIO staging: run_id=2026-04-04_07-03
[2026-04-05T03:27:13.177+0000] {transform.py:162} INFO -   Load TransformedData từ MinIO staging: run_id=2026-04-04_07-03
[2026-04-05T03:27:13.311+0000] {logging_mixin.py:188} WARNING - [2026-04-05 03:27:13] INFO    utils.minio :   MinIO ↓ [staging-data] 2026-04-04_07-03/dim_hoc_ky.parquet (9 rows)
[2026-04-05T03:27:13.311+0000] {minio_client.py:223} INFO -   MinIO ↓ [staging-data] 2026-04-04_07-03/dim_hoc_ky.parquet (9 rows)
[2026-04-05T03:27:13.334+0000] {logging_mixin.py:188} WARNING - [2026-04-05 03:27:13] INFO    utils.minio :   MinIO ↓ [staging-data] 2026-04-04_07-03/dim_giang_vien.parquet (45 rows)
[2026-04-05T03:27:13.334+0000] {minio_client.py:223} INFO -   MinIO ↓ [staging-data] 2026-04-04_07-03/dim_giang_vien.parquet (45 rows)
[2026-04-05T03:27:13.354+0000] {logging_mixin.py:188} WARNING - [2026-04-05 03:27:13] INFO    utils.minio :   MinIO ↓ [staging-data] 2026-04-04_07-03/dim_hoc_phan.parquet (121 rows)
[2026-04-05T03:27:13.354+0000] {minio_client.py:223} INFO -   MinIO ↓ [staging-data] 2026-04-04_07-03/dim_hoc_phan.parquet (121 rows)
[2026-04-05T03:27:13.380+0000] {logging_mixin.py:188} WARNING - [2026-04-05 03:27:13] INFO    utils.minio :   MinIO ↓ [staging-data] 2026-04-04_07-03/dim_sinh_vien.parquet (1,695 rows)
[2026-04-05T03:27:13.379+0000] {minio_client.py:223} INFO -   MinIO ↓ [staging-data] 2026-04-04_07-03/dim_sinh_vien.parquet (1,695 rows)
[2026-04-05T03:27:13.414+0000] {logging_mixin.py:188} WARNING - [2026-04-05 03:27:13] INFO    utils.minio :   MinIO ↓ [staging-data] 2026-04-04_07-03/fact_diem.parquet (58,001 rows)
[2026-04-05T03:27:13.414+0000] {minio_client.py:223} INFO -   MinIO ↓ [staging-data] 2026-04-04_07-03/fact_diem.parquet (58,001 rows)
[2026-04-05T03:27:13.433+0000] {logging_mixin.py:188} WARNING - [2026-04-05 03:27:13] INFO    utils.minio :   MinIO ↓ [staging-data] 2026-04-04_07-03/fact_ren_luyen.parquet (9,238 rows)
[2026-04-05T03:27:13.433+0000] {minio_client.py:223} INFO -   MinIO ↓ [staging-data] 2026-04-04_07-03/fact_ren_luyen.parquet (9,238 rows)
[2026-04-05T03:27:13.454+0000] {logging_mixin.py:188} WARNING - [2026-04-05 03:27:13] INFO    utils.minio :   MinIO ↓ [staging-data] 2026-04-04_07-03/fact_tai_chinh.parquet (9,238 rows)
[2026-04-05T03:27:13.454+0000] {minio_client.py:223} INFO -   MinIO ↓ [staging-data] 2026-04-04_07-03/fact_tai_chinh.parquet (9,238 rows)
[2026-04-05T03:27:13.462+0000] {logging_mixin.py:188} WARNING - [2026-04-05 03:27:13] WARNING utils.minio :   MinIO không tìm thấy: 2026-04-04_07-03/fact_tong_hop_sv.parquet
[2026-04-05T03:27:13.462+0000] {minio_client.py:229} WARNING -   MinIO không tìm thấy: 2026-04-04_07-03/fact_tong_hop_sv.parquet
[2026-04-05T03:27:13.465+0000] {logging_mixin.py:188} WARNING - [2026-04-05 03:27:13] INFO    etl.transform : Load from staging-data OK — run_id=2026-04-04_07-03
[2026-04-05T03:27:13.465+0000] {transform.py:175} INFO - Load from staging-data OK — run_id=2026-04-04_07-03
[2026-04-05T03:27:13.467+0000] {logging_mixin.py:188} WARNING - [2026-04-05 03:27:13] INFO    etl.load : ==BẮT ĐẦU LOAD VÀO DATA WAREHOUSE==
[2026-04-05T03:27:13.467+0000] {load.py:34} INFO - ==BẮT ĐẦU LOAD VÀO DATA WAREHOUSE==
[2026-04-05T03:27:13.469+0000] {logging_mixin.py:188} WARNING - [2026-04-05 03:27:13] INFO    etl.load : ======================================================================
[2026-04-05T03:27:13.469+0000] {load.py:35} INFO - ======================================================================
[2026-04-05T03:27:13.471+0000] {logging_mixin.py:188} WARNING - [2026-04-05 03:27:13] INFO    etl.load : 🔧 Tạo schema warehouse từ warehouse_models.py...
[2026-04-05T03:27:13.470+0000] {load.py:96} INFO - 🔧 Tạo schema warehouse từ warehouse_models.py...
[2026-04-05T03:27:13.569+0000] {logging_mixin.py:188} WARNING - [2026-04-05 03:27:13] INFO    etl.load :   Schema warehouse OK ✓
[2026-04-05T03:27:13.569+0000] {load.py:98} INFO -   Schema warehouse OK ✓
[2026-04-05T03:27:13.571+0000] {logging_mixin.py:188} WARNING - [2026-04-05 03:27:13] INFO    etl.load : ── Bước 1: Load Dimension Tables ──
[2026-04-05T03:27:13.571+0000] {load.py:41} INFO - ── Bước 1: Load Dimension Tables ──
[2026-04-05T03:27:13.622+0000] {logging_mixin.py:188} WARNING - [2026-04-05 03:27:13] INFO    etl.load :   dim_hoc_ky     →      9 records (new: 0)
[2026-04-05T03:27:13.622+0000] {load.py:185} INFO -   dim_hoc_ky     →      9 records (new: 0)
[2026-04-05T03:27:13.708+0000] {logging_mixin.py:188} WARNING - [2026-04-05 03:27:13] INFO    etl.load :   dim_giang_vien →     45 records (new: 0)
[2026-04-05T03:27:13.707+0000] {load.py:234} INFO -   dim_giang_vien →     45 records (new: 0)
[2026-04-05T03:27:13.899+0000] {logging_mixin.py:188} WARNING - [2026-04-05 03:27:13] INFO    etl.load :   dim_hoc_phan   →    121 records (new: 0)
[2026-04-05T03:27:13.899+0000] {load.py:282} INFO -   dim_hoc_phan   →    121 records (new: 0)
[2026-04-05T03:27:17.707+0000] {logging_mixin.py:188} WARNING - [2026-04-05 03:27:17] INFO    etl.load :   dim_sinh_vien →  1,695 records (new: 0, SCD2: 25, fact cascade: 1174)
[2026-04-05T03:27:17.707+0000] {load.py:390} INFO -   dim_sinh_vien →  1,695 records (new: 0, SCD2: 25, fact cascade: 1174)
[2026-04-05T03:27:17.709+0000] {logging_mixin.py:188} WARNING - [2026-04-05 03:27:17] INFO    etl.load : ── Bước 2: Build Surrogate Key Cache ──
[2026-04-05T03:27:17.708+0000] {load.py:47} INFO - ── Bước 2: Build Surrogate Key Cache ──
[2026-04-05T03:27:17.710+0000] {logging_mixin.py:188} WARNING - [2026-04-05 03:27:17] INFO    etl.load :  Building surrogate key caches...
[2026-04-05T03:27:17.710+0000] {load.py:101} INFO -  Building surrogate key caches...
[2026-04-05T03:27:17.731+0000] {logging_mixin.py:188} WARNING - [2026-04-05 03:27:17] INFO    etl.load :   SV=1695, HP=121, GV=45, HK=9
[2026-04-05T03:27:17.731+0000] {load.py:129} INFO -   SV=1695, HP=121, GV=45, HK=9
[2026-04-05T03:27:17.733+0000] {logging_mixin.py:188} WARNING - [2026-04-05 03:27:17] INFO    etl.load : ── Bước 3: Load Fact Tables ──
[2026-04-05T03:27:17.733+0000] {load.py:50} INFO - ── Bước 3: Load Fact Tables ──
[2026-04-05T03:28:45.866+0000] {logging_mixin.py:188} WARNING - [2026-04-05 03:28:45] INFO    etl.load :   fact_hoc_tap   →      0 records
[2026-04-05T03:28:45.866+0000] {load.py:522} INFO -   fact_hoc_tap   →      0 records
[2026-04-05T03:28:53.491+0000] {logging_mixin.py:188} WARNING - [2026-04-05 03:28:53] INFO    etl.load :   fact_ctsv      →      0 records
[2026-04-05T03:28:53.490+0000] {load.py:641} INFO -   fact_ctsv      →      0 records
[2026-04-05T03:29:03.393+0000] {logging_mixin.py:188} WARNING - [2026-04-05 03:29:03] INFO    etl.load :   fact_tai_chinh →      0 records
[2026-04-05T03:29:03.393+0000] {load.py:702} INFO -   fact_tai_chinh →      0 records
[2026-04-05T03:29:03.395+0000] {logging_mixin.py:188} WARNING - [2026-04-05 03:29:03] INFO    etl.load : ── Bước 4: Build Aggregation ──
[2026-04-05T03:29:03.395+0000] {load.py:55} INFO - ── Bước 4: Build Aggregation ──
[2026-04-05T03:29:03.396+0000] {logging_mixin.py:188} WARNING - [2026-04-05 03:29:03] INFO    etl.aggregation : == BẮT ĐẦU AGGREGATION ==
[2026-04-05T03:29:03.396+0000] {aggregation.py:12} INFO - == BẮT ĐẦU AGGREGATION ==
[2026-04-05T03:29:03.631+0000] {logging_mixin.py:188} WARNING - [2026-04-05 03:29:03] INFO    etl.aggregation :   agg_student_summary → 1,695 records
[2026-04-05T03:29:03.631+0000] {aggregation.py:142} INFO -   agg_student_summary → 1,695 records
[2026-04-05T03:29:03.634+0000] {logging_mixin.py:188} WARNING - [2026-04-05 03:29:03] INFO    etl.aggregation :  agg_student_summary rebuilt : 1,695
[2026-04-05T03:29:03.634+0000] {aggregation.py:14} INFO -  agg_student_summary rebuilt : 1,695
[2026-04-05T03:29:03.635+0000] {logging_mixin.py:188} WARNING - [2026-04-05 03:29:03] INFO    etl.aggregation : == AGGREGATION HOÀN TẤT ==
[2026-04-05T03:29:03.635+0000] {aggregation.py:15} INFO - == AGGREGATION HOÀN TẤT ==
[2026-04-05T03:29:03.637+0000] {logging_mixin.py:188} WARNING - [2026-04-05 03:29:03] INFO    etl.load : ======================================================================
[2026-04-05T03:29:03.637+0000] {load.py:59} INFO - ======================================================================
[2026-04-05T03:29:03.638+0000] {logging_mixin.py:188} WARNING - [2026-04-05 03:29:03] INFO    etl.load : LOAD HOÀN TẤT
[2026-04-05T03:29:03.638+0000] {load.py:60} INFO - LOAD HOÀN TẤT
[2026-04-05T03:29:03.639+0000] {logging_mixin.py:188} WARNING - [2026-04-05 03:29:03] INFO    etl.load :   dim_hoc_ky               :        9 records
[2026-04-05T03:29:03.639+0000] {load.py:63} INFO -   dim_hoc_ky               :        9 records
[2026-04-05T03:29:03.640+0000] {logging_mixin.py:188} WARNING - [2026-04-05 03:29:03] INFO    etl.load :   dim_giang_vien           :       45 records
[2026-04-05T03:29:03.640+0000] {load.py:63} INFO -   dim_giang_vien           :       45 records
[2026-04-05T03:29:03.641+0000] {logging_mixin.py:188} WARNING - [2026-04-05 03:29:03] INFO    etl.load :   dim_hoc_phan             :      121 records
[2026-04-05T03:29:03.641+0000] {load.py:63} INFO -   dim_hoc_phan             :      121 records
[2026-04-05T03:29:03.642+0000] {logging_mixin.py:188} WARNING - [2026-04-05 03:29:03] INFO    etl.load :   dim_sinh_vien            :       25 records
[2026-04-05T03:29:03.642+0000] {load.py:63} INFO -   dim_sinh_vien            :       25 records
[2026-04-05T03:29:03.643+0000] {logging_mixin.py:188} WARNING - [2026-04-05 03:29:03] INFO    etl.load :   fact_hoc_tap             :        0 records
[2026-04-05T03:29:03.643+0000] {load.py:63} INFO -   fact_hoc_tap             :        0 records
[2026-04-05T03:29:03.644+0000] {logging_mixin.py:188} WARNING - [2026-04-05 03:29:03] INFO    etl.load :   fact_ctsv                :        0 records
[2026-04-05T03:29:03.644+0000] {load.py:63} INFO -   fact_ctsv                :        0 records
[2026-04-05T03:29:03.644+0000] {logging_mixin.py:188} WARNING - [2026-04-05 03:29:03] INFO    etl.load :   fact_tai_chinh           :        0 records
[2026-04-05T03:29:03.644+0000] {load.py:63} INFO -   fact_tai_chinh           :        0 records
[2026-04-05T03:29:03.645+0000] {logging_mixin.py:188} WARNING - [2026-04-05 03:29:03] INFO    etl.load :   agg_student_summary      :    1,695 records
[2026-04-05T03:29:03.645+0000] {load.py:63} INFO -   agg_student_summary      :    1,695 records
[2026-04-05T03:29:03.645+0000] {logging_mixin.py:188} WARNING - [2026-04-05 03:29:03] INFO    etl.load :   TỔNG                     :    1,895 records
[2026-04-05T03:29:03.645+0000] {load.py:65} INFO -   TỔNG                     :    1,895 records
[2026-04-05T03:29:03.646+0000] {logging_mixin.py:188} WARNING - [2026-04-05 03:29:03] INFO    etl.load : ======================================================================
[2026-04-05T03:29:03.646+0000] {load.py:66} INFO - ======================================================================
[2026-04-05T03:29:03.660+0000] {logging_mixin.py:188} INFO - Load xong: {'dim_hoc_ky': 9, 'dim_giang_vien': 45, 'dim_hoc_phan': 121, 'dim_sinh_vien': 25, 'fact_hoc_tap': 0, 'fact_ctsv': 0, 'fact_tai_chinh': 0, 'agg_student_summary': 1695}
[2026-04-05T03:29:03.662+0000] {python.py:201} INFO - Done. Returned value was: {'dim_hoc_ky': 9, 'dim_giang_vien': 45, 'dim_hoc_phan': 121, 'dim_sinh_vien': 25, 'fact_hoc_tap': 0, 'fact_ctsv': 0, 'fact_tai_chinh': 0, 'agg_student_summary': 1695}
[2026-04-05T03:29:03.686+0000] {taskinstance.py:1138} INFO - Marking task as SUCCESS. dag_id=daily_student_pipeline, task_id=load_data, execution_date=20260404T020000, start_date=20260405T032710, end_date=20260405T032903
[2026-04-05T03:29:03.747+0000] {local_task_job_runner.py:234} INFO - Task exited with return code 0
[2026-04-05T03:29:03.779+0000] {taskinstance.py:3280} INFO - 0 downstream tasks scheduled from follow-on schedule check
