[2026-05-01T01:48:19.910+0000] {taskinstance.py:1956} INFO - Dependencies all met for dep_context=non-requeueable deps ti=<TaskInstance: daily_student_pipeline.extract_group.extract_csv scheduled__2026-04-29T02:00:00+00:00 [queued]>
[2026-05-01T01:48:19.939+0000] {taskinstance.py:1956} INFO - Dependencies all met for dep_context=requeueable deps ti=<TaskInstance: daily_student_pipeline.extract_group.extract_csv scheduled__2026-04-29T02:00:00+00:00 [queued]>
[2026-05-01T01:48:19.941+0000] {taskinstance.py:2170} INFO - Starting attempt 1 of 1
[2026-05-01T01:48:19.954+0000] {taskinstance.py:2191} INFO - Executing <Task(PythonOperator): extract_group.extract_csv> on 2026-04-29 02:00:00+00:00
[2026-05-01T01:48:19.962+0000] {standard_task_runner.py:60} INFO - Started process 197 to run task
[2026-05-01T01:48:19.965+0000] {standard_task_runner.py:87} INFO - Running: ['***', 'tasks', 'run', 'daily_student_pipeline', 'extract_group.extract_csv', 'scheduled__2026-04-29T02:00:00+00:00', '--job-id', '586', '--raw', '--subdir', 'DAGS_FOLDER/daily_student_pipeline.py', '--cfg-path', '/tmp/tmpbgctnqk7']
[2026-05-01T01:48:19.968+0000] {standard_task_runner.py:88} INFO - Job 586: Subtask extract_group.extract_csv
[2026-05-01T01:48:20.116+0000] {task_command.py:423} INFO - Running <TaskInstance: daily_student_pipeline.extract_group.extract_csv scheduled__2026-04-29T02:00:00+00:00 [running]> on host 485f600440bc
[2026-05-01T01:48:20.290+0000] {taskinstance.py:2480} INFO - Exporting env vars: AIRFLOW_CTX_DAG_OWNER='nhom8' AIRFLOW_CTX_DAG_ID='daily_student_pipeline' AIRFLOW_CTX_TASK_ID='extract_group.extract_csv' AIRFLOW_CTX_EXECUTION_DATE='2026-04-29T02:00:00+00:00' AIRFLOW_CTX_TRY_NUMBER='1' AIRFLOW_CTX_DAG_RUN_ID='scheduled__2026-04-29T02:00:00+00:00'
[2026-05-01T01:48:19.457+0000] {extract.py:195} INFO - ════════════════════════════════════════════════════════════
[2026-05-01T01:48:19.459+0000] {extract.py:196} INFO - NGUỒN 2 — CSV (Phòng CTSV) | Extract
[2026-05-01T01:48:19.461+0000] {extract.py:197} INFO - ════════════════════════════════════════════════════════════
[2026-05-01T01:48:19.471+0000] {extract.py:149} INFO -   CSV | Tìm thấy 14 file trong: /opt/***/data/csv
[2026-05-01T01:48:19.472+0000] {extract.py:201} INFO -   CSV | Đang đọc từ: /opt/***/data/csv
[2026-05-01T01:48:19.491+0000] {extract.py:211} INFO -   CSV | Tìm thấy 13 file(s)
[2026-05-01T01:48:21.797+0000] {extract.py:171} INFO -   CSV | ctsv_HK1_2021_22.csv                →    826 records
[2026-05-01T01:48:21.823+0000] {extract.py:171} INFO -   CSV | ctsv_HK1_2022_23.csv                →  1,662 records
[2026-05-01T01:48:21.850+0000] {extract.py:171} INFO -   CSV | ctsv_HK1_2023_24.csv                →  2,521 records
[2026-05-01T01:48:21.875+0000] {extract.py:171} INFO -   CSV | ctsv_HK1_2024_25.csv                →  3,375 records
[2026-05-01T01:48:21.901+0000] {extract.py:171} INFO -   CSV | ctsv_HK1_2025_26.csv                →  2,546 records
[2026-05-01T01:48:21.927+0000] {extract.py:171} INFO -   CSV | ctsv_HK2_2021_22.csv                →    827 records
[2026-05-01T01:48:21.989+0000] {extract.py:171} INFO -   CSV | ctsv_HK2_2022_23.csv                →  1,644 records
[2026-05-01T01:48:22.019+0000] {extract.py:171} INFO -   CSV | ctsv_HK2_2023_24.csv                →  2,504 records
[2026-05-01T01:48:22.074+0000] {extract.py:171} INFO -   CSV | ctsv_HK2_2024_25.csv                →  3,001 records
[2026-05-01T01:48:22.105+0000] {extract.py:171} INFO -   CSV | ctsv_HK3_2021_22.csv                →    133 records
[2026-05-01T01:48:22.131+0000] {extract.py:171} INFO -   CSV | ctsv_HK3_2022_23.csv                →    228 records
[2026-05-01T01:48:22.163+0000] {extract.py:171} INFO -   CSV | ctsv_HK3_2023_24.csv                →    465 records
[2026-05-01T01:48:22.195+0000] {extract.py:171} INFO -   CSV | ctsv_HK3_2024_25.csv                →    521 records
[2026-05-01T01:48:22.213+0000] {extract.py:228} INFO -   CSV | Loại bỏ 9173 bản ghi trùng
[2026-05-01T01:48:22.214+0000] {extract.py:230} INFO -   CSV | TỔNG: 11,080 records từ 13 file(s)
[2026-05-01T01:48:22.936+0000] {minio_client.py:142} INFO -   MinIO ↑ [raw-data] 2026-05-01_01-48/nguon2_ctsv.parquet (56.8 KB | 11,080 rows)
[2026-05-01T01:48:22.958+0000] {logging_mixin.py:188} INFO - [Extract CSV] 11,080 records | run_id=2026-05-01_01-48
[2026-05-01T01:48:22.963+0000] {python.py:201} INFO - Done. Returned value was: 11080
[2026-05-01T01:48:23.034+0000] {taskinstance.py:1138} INFO - Marking task as SUCCESS. dag_id=daily_student_pipeline, task_id=extract_group.extract_csv, execution_date=20260429T020000, start_date=20260501T014819, end_date=20260501T014823
[2026-05-01T01:48:23.080+0000] {local_task_job_runner.py:234} INFO - Task exited with return code 0
[2026-05-01T01:48:23.132+0000] {taskinstance.py:3280} INFO - 0 downstream tasks scheduled from follow-on schedule check
