[2026-05-02T05:46:18.981+0000] {taskinstance.py:1956} INFO - Dependencies all met for dep_context=non-requeueable deps ti=<TaskInstance: daily_student_pipeline.extract_group.extract_csv manual__2026-05-02T05:46:14.512288+00:00 [queued]>
[2026-05-02T05:46:18.989+0000] {taskinstance.py:1956} INFO - Dependencies all met for dep_context=requeueable deps ti=<TaskInstance: daily_student_pipeline.extract_group.extract_csv manual__2026-05-02T05:46:14.512288+00:00 [queued]>
[2026-05-02T05:46:18.990+0000] {taskinstance.py:2170} INFO - Starting attempt 1 of 1
[2026-05-02T05:46:19.003+0000] {taskinstance.py:2191} INFO - Executing <Task(PythonOperator): extract_group.extract_csv> on 2026-05-02 05:46:14.512288+00:00
[2026-05-02T05:46:19.013+0000] {standard_task_runner.py:60} INFO - Started process 19134 to run task
[2026-05-02T05:46:19.017+0000] {standard_task_runner.py:87} INFO - Running: ['***', 'tasks', 'run', 'daily_student_pipeline', 'extract_group.extract_csv', 'manual__2026-05-02T05:46:14.512288+00:00', '--job-id', '628', '--raw', '--subdir', 'DAGS_FOLDER/daily_student_pipeline.py', '--cfg-path', '/tmp/tmp16q4wf6e']
[2026-05-02T05:46:19.020+0000] {standard_task_runner.py:88} INFO - Job 628: Subtask extract_group.extract_csv
[2026-05-02T05:46:19.103+0000] {task_command.py:423} INFO - Running <TaskInstance: daily_student_pipeline.extract_group.extract_csv manual__2026-05-02T05:46:14.512288+00:00 [running]> on host 485f600440bc
[2026-05-02T05:46:19.208+0000] {taskinstance.py:2480} INFO - Exporting env vars: AIRFLOW_CTX_DAG_OWNER='nhom8' AIRFLOW_CTX_DAG_ID='daily_student_pipeline' AIRFLOW_CTX_TASK_ID='extract_group.extract_csv' AIRFLOW_CTX_EXECUTION_DATE='2026-05-02T05:46:14.512288+00:00' AIRFLOW_CTX_TRY_NUMBER='1' AIRFLOW_CTX_DAG_RUN_ID='manual__2026-05-02T05:46:14.512288+00:00'
[2026-05-02T05:46:19.859+0000] {extract.py:195} INFO - ════════════════════════════════════════════════════════════
[2026-05-02T05:46:19.860+0000] {extract.py:196} INFO - NGUỒN 2 — CSV (Phòng CTSV) | Extract
[2026-05-02T05:46:19.861+0000] {extract.py:197} INFO - ════════════════════════════════════════════════════════════
[2026-05-02T05:46:19.868+0000] {extract.py:149} INFO -   CSV | Tìm thấy 14 file trong: /opt/***/data/csv
[2026-05-02T05:46:19.869+0000] {extract.py:201} INFO -   CSV | Đang đọc từ: /opt/***/data/csv
[2026-05-02T05:46:19.872+0000] {extract.py:211} INFO -   CSV | Tìm thấy 13 file(s)
[2026-05-02T05:46:19.897+0000] {extract.py:171} INFO -   CSV | ctsv_HK1_2021_22.csv                →    794 records
[2026-05-02T05:46:19.904+0000] {extract.py:171} INFO -   CSV | ctsv_HK1_2022_23.csv                →  1,584 records
[2026-05-02T05:46:19.921+0000] {extract.py:171} INFO -   CSV | ctsv_HK1_2023_24.csv                →  2,398 records
[2026-05-02T05:46:19.934+0000] {extract.py:171} INFO -   CSV | ctsv_HK1_2024_25.csv                →  3,251 records
[2026-05-02T05:46:19.951+0000] {extract.py:171} INFO -   CSV | ctsv_HK1_2025_26.csv                →  2,479 records
[2026-05-02T05:46:19.965+0000] {extract.py:171} INFO -   CSV | ctsv_HK2_2021_22.csv                →    784 records
[2026-05-02T05:46:19.990+0000] {extract.py:171} INFO -   CSV | ctsv_HK2_2022_23.csv                →  1,579 records
[2026-05-02T05:46:20.003+0000] {extract.py:171} INFO -   CSV | ctsv_HK2_2023_24.csv                →  2,399 records
[2026-05-02T05:46:20.013+0000] {extract.py:171} INFO -   CSV | ctsv_HK2_2024_25.csv                →  2,898 records
[2026-05-02T05:46:20.026+0000] {extract.py:171} INFO -   CSV | ctsv_HK3_2021_22.csv                →    112 records
[2026-05-02T05:46:20.036+0000] {extract.py:171} INFO -   CSV | ctsv_HK3_2022_23.csv                →    302 records
[2026-05-02T05:46:20.046+0000] {extract.py:171} INFO -   CSV | ctsv_HK3_2023_24.csv                →    503 records
[2026-05-02T05:46:20.055+0000] {extract.py:171} INFO -   CSV | ctsv_HK3_2024_25.csv                →    608 records
[2026-05-02T05:46:20.064+0000] {extract.py:228} INFO -   CSV | Loại bỏ 9623 bản ghi trùng
[2026-05-02T05:46:20.064+0000] {extract.py:230} INFO -   CSV | TỔNG: 10,068 records từ 13 file(s)
[2026-05-02T05:46:20.314+0000] {minio_client.py:142} INFO -   MinIO ↑ [raw-data] 2026-05-02_05-46/nguon2_ctsv.parquet (43.7 KB | 10,068 rows)
[2026-05-02T05:46:20.323+0000] {logging_mixin.py:188} INFO - [Extract CSV] 10,068 records | run_id=2026-05-02_05-46
[2026-05-02T05:46:20.325+0000] {python.py:201} INFO - Done. Returned value was: 10068
[2026-05-02T05:46:20.357+0000] {taskinstance.py:1138} INFO - Marking task as SUCCESS. dag_id=daily_student_pipeline, task_id=extract_group.extract_csv, execution_date=20260502T054614, start_date=20260502T054618, end_date=20260502T054620
[2026-05-02T05:46:20.393+0000] {local_task_job_runner.py:234} INFO - Task exited with return code 0
[2026-05-02T05:46:20.418+0000] {taskinstance.py:3280} INFO - 0 downstream tasks scheduled from follow-on schedule check
