[2026-05-01T02:00:03.482+0000] {taskinstance.py:1956} INFO - Dependencies all met for dep_context=non-requeueable deps ti=<TaskInstance: daily_student_pipeline.extract_group.extract_csv scheduled__2026-04-30T02:00:00+00:00 [queued]>
[2026-05-01T02:00:03.491+0000] {taskinstance.py:1956} INFO - Dependencies all met for dep_context=requeueable deps ti=<TaskInstance: daily_student_pipeline.extract_group.extract_csv scheduled__2026-04-30T02:00:00+00:00 [queued]>
[2026-05-01T02:00:03.492+0000] {taskinstance.py:2170} INFO - Starting attempt 1 of 1
[2026-05-01T02:00:03.505+0000] {taskinstance.py:2191} INFO - Executing <Task(PythonOperator): extract_group.extract_csv> on 2026-04-30 02:00:00+00:00
[2026-05-01T02:00:03.510+0000] {standard_task_runner.py:60} INFO - Started process 765 to run task
[2026-05-01T02:00:03.513+0000] {standard_task_runner.py:87} INFO - Running: ['***', 'tasks', 'run', 'daily_student_pipeline', 'extract_group.extract_csv', 'scheduled__2026-04-30T02:00:00+00:00', '--job-id', '591', '--raw', '--subdir', 'DAGS_FOLDER/daily_student_pipeline.py', '--cfg-path', '/tmp/tmpv_de8vch']
[2026-05-01T02:00:03.515+0000] {standard_task_runner.py:88} INFO - Job 591: Subtask extract_group.extract_csv
[2026-05-01T02:00:03.580+0000] {task_command.py:423} INFO - Running <TaskInstance: daily_student_pipeline.extract_group.extract_csv scheduled__2026-04-30T02:00:00+00:00 [running]> on host 485f600440bc
[2026-05-01T02:00:03.665+0000] {taskinstance.py:2480} INFO - Exporting env vars: AIRFLOW_CTX_DAG_OWNER='nhom8' AIRFLOW_CTX_DAG_ID='daily_student_pipeline' AIRFLOW_CTX_TASK_ID='extract_group.extract_csv' AIRFLOW_CTX_EXECUTION_DATE='2026-04-30T02:00:00+00:00' AIRFLOW_CTX_TRY_NUMBER='1' AIRFLOW_CTX_DAG_RUN_ID='scheduled__2026-04-30T02:00:00+00:00'
[2026-05-01T02:00:06.613+0000] {extract.py:195} INFO - ════════════════════════════════════════════════════════════
[2026-05-01T02:00:06.615+0000] {extract.py:196} INFO - NGUỒN 2 — CSV (Phòng CTSV) | Extract
[2026-05-01T02:00:06.616+0000] {extract.py:197} INFO - ════════════════════════════════════════════════════════════
[2026-05-01T02:00:06.621+0000] {extract.py:149} INFO -   CSV | Tìm thấy 14 file trong: /opt/***/data/csv
[2026-05-01T02:00:06.623+0000] {extract.py:201} INFO -   CSV | Đang đọc từ: /opt/***/data/csv
[2026-05-01T02:00:06.628+0000] {extract.py:211} INFO -   CSV | Tìm thấy 13 file(s)
[2026-05-01T02:00:06.644+0000] {extract.py:171} INFO -   CSV | ctsv_HK1_2021_22.csv                →    826 records
[2026-05-01T02:00:06.655+0000] {extract.py:171} INFO -   CSV | ctsv_HK1_2022_23.csv                →  1,662 records
[2026-05-01T02:00:06.662+0000] {extract.py:171} INFO -   CSV | ctsv_HK1_2023_24.csv                →  2,521 records
[2026-05-01T02:00:06.671+0000] {extract.py:171} INFO -   CSV | ctsv_HK1_2024_25.csv                →  3,375 records
[2026-05-01T02:00:06.682+0000] {extract.py:171} INFO -   CSV | ctsv_HK1_2025_26.csv                →  2,546 records
[2026-05-01T02:00:06.688+0000] {extract.py:171} INFO -   CSV | ctsv_HK2_2021_22.csv                →    827 records
[2026-05-01T02:00:06.696+0000] {extract.py:171} INFO -   CSV | ctsv_HK2_2022_23.csv                →  1,644 records
[2026-05-01T02:00:06.706+0000] {extract.py:171} INFO -   CSV | ctsv_HK2_2023_24.csv                →  2,504 records
[2026-05-01T02:00:06.716+0000] {extract.py:171} INFO -   CSV | ctsv_HK2_2024_25.csv                →  3,001 records
[2026-05-01T02:00:06.724+0000] {extract.py:171} INFO -   CSV | ctsv_HK3_2021_22.csv                →    133 records
[2026-05-01T02:00:06.732+0000] {extract.py:171} INFO -   CSV | ctsv_HK3_2022_23.csv                →    228 records
[2026-05-01T02:00:06.743+0000] {extract.py:171} INFO -   CSV | ctsv_HK3_2023_24.csv                →    465 records
[2026-05-01T02:00:06.750+0000] {extract.py:171} INFO -   CSV | ctsv_HK3_2024_25.csv                →    521 records
[2026-05-01T02:00:06.757+0000] {extract.py:228} INFO -   CSV | Loại bỏ 9173 bản ghi trùng
[2026-05-01T02:00:06.757+0000] {extract.py:230} INFO -   CSV | TỔNG: 11,080 records từ 13 file(s)
[2026-05-01T02:00:06.858+0000] {minio_client.py:142} INFO -   MinIO ↑ [raw-data] 2026-05-01_02-00/nguon2_ctsv.parquet (56.8 KB | 11,080 rows)
[2026-05-01T02:00:06.861+0000] {logging_mixin.py:188} INFO - [Extract CSV] 11,080 records | run_id=2026-05-01_02-00
[2026-05-01T02:00:06.863+0000] {python.py:201} INFO - Done. Returned value was: 11080
[2026-05-01T02:00:06.891+0000] {taskinstance.py:1138} INFO - Marking task as SUCCESS. dag_id=daily_student_pipeline, task_id=extract_group.extract_csv, execution_date=20260430T020000, start_date=20260501T020003, end_date=20260501T020006
[2026-05-01T02:00:06.913+0000] {local_task_job_runner.py:234} INFO - Task exited with return code 0
[2026-05-01T02:00:06.946+0000] {taskinstance.py:3280} INFO - 0 downstream tasks scheduled from follow-on schedule check
