[2026-04-19T08:56:32.924+0000] {taskinstance.py:1956} INFO - Dependencies all met for dep_context=non-requeueable deps ti=<TaskInstance: daily_student_pipeline.transform_data manual__2026-04-19T08:56:09.973442+00:00 [queued]>
[2026-04-19T08:56:32.932+0000] {taskinstance.py:1956} INFO - Dependencies all met for dep_context=requeueable deps ti=<TaskInstance: daily_student_pipeline.transform_data manual__2026-04-19T08:56:09.973442+00:00 [queued]>
[2026-04-19T08:56:32.932+0000] {taskinstance.py:2170} INFO - Starting attempt 1 of 1
[2026-04-19T08:56:32.943+0000] {taskinstance.py:2191} INFO - Executing <Task(PythonOperator): transform_data> on 2026-04-19 08:56:09.973442+00:00
[2026-04-19T08:56:32.948+0000] {standard_task_runner.py:60} INFO - Started process 6282 to run task
[2026-04-19T08:56:32.950+0000] {standard_task_runner.py:87} INFO - Running: ['***', 'tasks', 'run', 'daily_student_pipeline', 'transform_data', 'manual__2026-04-19T08:56:09.973442+00:00', '--job-id', '344', '--raw', '--subdir', 'DAGS_FOLDER/daily_student_pipeline.py', '--cfg-path', '/tmp/tmph29m2hyn']
[2026-04-19T08:56:32.953+0000] {standard_task_runner.py:88} INFO - Job 344: Subtask transform_data
[2026-04-19T08:56:33.015+0000] {task_command.py:423} INFO - Running <TaskInstance: daily_student_pipeline.transform_data manual__2026-04-19T08:56:09.973442+00:00 [running]> on host eb2cbdc99987
[2026-04-19T08:56:33.107+0000] {taskinstance.py:2480} INFO - Exporting env vars: AIRFLOW_CTX_DAG_OWNER='nhom8' AIRFLOW_CTX_DAG_ID='daily_student_pipeline' AIRFLOW_CTX_TASK_ID='transform_data' AIRFLOW_CTX_EXECUTION_DATE='2026-04-19T08:56:09.973442+00:00' AIRFLOW_CTX_TRY_NUMBER='1' AIRFLOW_CTX_DAG_RUN_ID='manual__2026-04-19T08:56:09.973442+00:00'
[2026-04-19T08:56:34.157+0000] {logging_mixin.py:188} WARNING - [2026-04-19 08:56:34] INFO    etl.extract :   Load from MinIO staging: run_id=2026-04-19_08-56
[2026-04-19T08:56:34.157+0000] {extract.py:421} INFO -   Load from MinIO staging: run_id=2026-04-19_08-56
[2026-04-19T08:56:34.205+0000] {logging_mixin.py:188} WARNING - [2026-04-19 08:56:34] INFO    utils.minio :   MinIO ↓ [raw-data] 2026-04-19_08-56/nguon1_khoa.parquet (4 rows)
[2026-04-19T08:56:34.205+0000] {minio_client.py:223} INFO -   MinIO ↓ [raw-data] 2026-04-19_08-56/nguon1_khoa.parquet (4 rows)
[2026-04-19T08:56:34.216+0000] {logging_mixin.py:188} WARNING - [2026-04-19 08:56:34] INFO    utils.minio :   MinIO ↓ [raw-data] 2026-04-19_08-56/nguon1_nganh.parquet (3 rows)
[2026-04-19T08:56:34.216+0000] {minio_client.py:223} INFO -   MinIO ↓ [raw-data] 2026-04-19_08-56/nguon1_nganh.parquet (3 rows)
[2026-04-19T08:56:34.229+0000] {logging_mixin.py:188} WARNING - [2026-04-19 08:56:34] INFO    utils.minio :   MinIO ↓ [raw-data] 2026-04-19_08-56/nguon1_giang_vien.parquet (45 rows)
[2026-04-19T08:56:34.229+0000] {minio_client.py:223} INFO -   MinIO ↓ [raw-data] 2026-04-19_08-56/nguon1_giang_vien.parquet (45 rows)
[2026-04-19T08:56:34.240+0000] {logging_mixin.py:188} WARNING - [2026-04-19 08:56:34] INFO    utils.minio :   MinIO ↓ [raw-data] 2026-04-19_08-56/nguon1_lop_hanh_chinh.parquet (48 rows)
[2026-04-19T08:56:34.240+0000] {minio_client.py:223} INFO -   MinIO ↓ [raw-data] 2026-04-19_08-56/nguon1_lop_hanh_chinh.parquet (48 rows)
[2026-04-19T08:56:34.262+0000] {logging_mixin.py:188} WARNING - [2026-04-19 08:56:34] INFO    utils.minio :   MinIO ↓ [raw-data] 2026-04-19_08-56/nguon1_sinh_vien.parquet (1,695 rows)
[2026-04-19T08:56:34.262+0000] {minio_client.py:223} INFO -   MinIO ↓ [raw-data] 2026-04-19_08-56/nguon1_sinh_vien.parquet (1,695 rows)
[2026-04-19T08:56:34.272+0000] {logging_mixin.py:188} WARNING - [2026-04-19 08:56:34] INFO    utils.minio :   MinIO ↓ [raw-data] 2026-04-19_08-56/nguon1_hoc_phan.parquet (121 rows)
[2026-04-19T08:56:34.272+0000] {minio_client.py:223} INFO -   MinIO ↓ [raw-data] 2026-04-19_08-56/nguon1_hoc_phan.parquet (121 rows)
[2026-04-19T08:56:34.281+0000] {logging_mixin.py:188} WARNING - [2026-04-19 08:56:34] INFO    utils.minio :   MinIO ↓ [raw-data] 2026-04-19_08-56/nguon1_hoc_ky.parquet (9 rows)
[2026-04-19T08:56:34.281+0000] {minio_client.py:223} INFO -   MinIO ↓ [raw-data] 2026-04-19_08-56/nguon1_hoc_ky.parquet (9 rows)
[2026-04-19T08:56:34.303+0000] {logging_mixin.py:188} WARNING - [2026-04-19 08:56:34] INFO    utils.minio :   MinIO ↓ [raw-data] 2026-04-19_08-56/nguon1_dang_ky.parquet (57,991 rows)
[2026-04-19T08:56:34.302+0000] {minio_client.py:223} INFO -   MinIO ↓ [raw-data] 2026-04-19_08-56/nguon1_dang_ky.parquet (57,991 rows)
[2026-04-19T08:56:34.329+0000] {logging_mixin.py:188} WARNING - [2026-04-19 08:56:34] INFO    utils.minio :   MinIO ↓ [raw-data] 2026-04-19_08-56/nguon1_diem.parquet (57,531 rows)
[2026-04-19T08:56:34.329+0000] {minio_client.py:223} INFO -   MinIO ↓ [raw-data] 2026-04-19_08-56/nguon1_diem.parquet (57,531 rows)
[2026-04-19T08:56:34.342+0000] {logging_mixin.py:188} WARNING - [2026-04-19 08:56:34] INFO    utils.minio :   MinIO ↓ [raw-data] 2026-04-19_08-56/nguon1_tong_hop_ket_qua.parquet (1,695 rows)
[2026-04-19T08:56:34.342+0000] {minio_client.py:223} INFO -   MinIO ↓ [raw-data] 2026-04-19_08-56/nguon1_tong_hop_ket_qua.parquet (1,695 rows)
[2026-04-19T08:56:34.356+0000] {logging_mixin.py:188} WARNING - [2026-04-19 08:56:34] INFO    utils.minio :   MinIO ↓ [raw-data] 2026-04-19_08-56/nguon2_ctsv.parquet (9,542 rows)
[2026-04-19T08:56:34.356+0000] {minio_client.py:223} INFO -   MinIO ↓ [raw-data] 2026-04-19_08-56/nguon2_ctsv.parquet (9,542 rows)
[2026-04-19T08:56:34.368+0000] {logging_mixin.py:188} WARNING - [2026-04-19 08:56:34] INFO    utils.minio :   MinIO ↓ [raw-data] 2026-04-19_08-56/nguon3_tai_chinh.parquet (9,225 rows)
[2026-04-19T08:56:34.368+0000] {minio_client.py:223} INFO -   MinIO ↓ [raw-data] 2026-04-19_08-56/nguon3_tai_chinh.parquet (9,225 rows)
[2026-04-19T08:56:34.369+0000] {logging_mixin.py:188} WARNING - [2026-04-19 08:56:34] INFO    etl.extract :  Load from staging OK — run_id=2026-04-19_08-56
[2026-04-19T08:56:34.369+0000] {extract.py:438} INFO -  Load from staging OK — run_id=2026-04-19_08-56
[2026-04-19T08:56:34.370+0000] {logging_mixin.py:188} WARNING - [2026-04-19 08:56:34] INFO    etl.transform : ==BẮT ĐẦU TRANSFORM==
[2026-04-19T08:56:34.370+0000] {transform.py:75} INFO - ==BẮT ĐẦU TRANSFORM==
[2026-04-19T08:56:34.371+0000] {logging_mixin.py:188} WARNING - [2026-04-19 08:56:34] INFO    etl.transform : ======================================================================
[2026-04-19T08:56:34.371+0000] {transform.py:76} INFO - ======================================================================
[2026-04-19T08:56:34.374+0000] {logging_mixin.py:188} WARNING - [2026-04-19 08:56:34] INFO    etl.transform : ── Bước 1: Transform Dimension Tables ──
[2026-04-19T08:56:34.374+0000] {transform.py:80} INFO - ── Bước 1: Transform Dimension Tables ──
[2026-04-19T08:56:34.378+0000] {logging_mixin.py:188} WARNING - [2026-04-19 08:56:34] INFO    etl.transform :   dim_thoi_gian               →      9 records
[2026-04-19T08:56:34.378+0000] {transform.py:190} INFO -   dim_thoi_gian               →      9 records
[2026-04-19T08:56:34.382+0000] {logging_mixin.py:188} WARNING - [2026-04-19 08:56:34] INFO    etl.transform :   dim_giang_vien              →     45 records
[2026-04-19T08:56:34.382+0000] {transform.py:213} INFO -   dim_giang_vien              →     45 records
[2026-04-19T08:56:34.387+0000] {logging_mixin.py:188} WARNING - [2026-04-19 08:56:34] INFO    etl.transform :   dim_hoc_phan                →    121 records
[2026-04-19T08:56:34.387+0000] {transform.py:240} INFO -   dim_hoc_phan                →    121 records
[2026-04-19T08:56:34.405+0000] {logging_mixin.py:188} WARNING - [2026-04-19 08:56:34] INFO    etl.transform :   dim_sinh_vien               →  1,695 records
[2026-04-19T08:56:34.404+0000] {transform.py:306} INFO -   dim_sinh_vien               →  1,695 records
[2026-04-19T08:56:34.407+0000] {logging_mixin.py:188} WARNING - [2026-04-19 08:56:34] INFO    etl.transform : ── Bước 2: Transform Fact Tables ──
[2026-04-19T08:56:34.407+0000] {transform.py:96} INFO - ── Bước 2: Transform Fact Tables ──
[2026-04-19T08:56:34.495+0000] {logging_mixin.py:188} WARNING - [2026-04-19 08:56:34] INFO    etl.transform :   fact_diem                   → 57,531 records
[2026-04-19T08:56:34.495+0000] {transform.py:376} INFO -   fact_diem                   → 57,531 records
[2026-04-19T08:56:34.535+0000] {logging_mixin.py:188} WARNING - [2026-04-19 08:56:34] INFO    etl.transform :   fact_dang_ky               → 57,991 records
[2026-04-19T08:56:34.535+0000] {transform.py:413} INFO -   fact_dang_ky               → 57,991 records
[2026-04-19T08:56:34.549+0000] {logging_mixin.py:188} WARNING - [2026-04-19 08:56:34] INFO    etl.transform :   fact_ren_luyen              →  9,542 records
[2026-04-19T08:56:34.549+0000] {transform.py:445} INFO -   fact_ren_luyen              →  9,542 records
[2026-04-19T08:56:34.556+0000] {logging_mixin.py:188} WARNING - /opt/***/src/etl/transform.py:467 UserWarning: The argument 'infer_datetime_format' is deprecated and will be removed in a future version. A strict version of it is now the default, see https://pandas.pydata.org/pdeps/0004-consistent-to-datetime-parsing.html. You can safely remove this argument.
[2026-04-19T08:56:34.565+0000] {logging_mixin.py:188} WARNING - [2026-04-19 08:56:34] INFO    etl.transform :   fact_tai_chinh              →  9,225 records
[2026-04-19T08:56:34.565+0000] {transform.py:485} INFO -   fact_tai_chinh              →  9,225 records
[2026-04-19T08:56:34.567+0000] {logging_mixin.py:188} WARNING - [2026-04-19 08:56:34] INFO    etl.transform : ======================================================================
[2026-04-19T08:56:34.567+0000] {transform.py:108} INFO - ======================================================================
[2026-04-19T08:56:34.568+0000] {logging_mixin.py:188} WARNING - [2026-04-19 08:56:34] INFO    etl.transform : TRANSFORM HOÀN TẤT
[2026-04-19T08:56:34.568+0000] {transform.py:109} INFO - TRANSFORM HOÀN TẤT
[2026-04-19T08:56:34.569+0000] {logging_mixin.py:188} WARNING - [2026-04-19 08:56:34] INFO    etl.transform :    dim_giang_vien           :       45 records
[2026-04-19T08:56:34.569+0000] {transform.py:111} INFO -    dim_giang_vien           :       45 records
[2026-04-19T08:56:34.570+0000] {logging_mixin.py:188} WARNING - [2026-04-19 08:56:34] INFO    etl.transform :    dim_sinh_vien            :    1,695 records
[2026-04-19T08:56:34.570+0000] {transform.py:111} INFO -    dim_sinh_vien            :    1,695 records
[2026-04-19T08:56:34.572+0000] {logging_mixin.py:188} WARNING - [2026-04-19 08:56:34] INFO    etl.transform :    dim_hoc_phan             :      121 records
[2026-04-19T08:56:34.572+0000] {transform.py:111} INFO -    dim_hoc_phan             :      121 records
[2026-04-19T08:56:34.573+0000] {logging_mixin.py:188} WARNING - [2026-04-19 08:56:34] INFO    etl.transform :    dim_thoi_gian            :        9 records
[2026-04-19T08:56:34.573+0000] {transform.py:111} INFO -    dim_thoi_gian            :        9 records
[2026-04-19T08:56:34.574+0000] {logging_mixin.py:188} WARNING - [2026-04-19 08:56:34] INFO    etl.transform :    fact_diem                :   57,531 records
[2026-04-19T08:56:34.574+0000] {transform.py:111} INFO -    fact_diem                :   57,531 records
[2026-04-19T08:56:34.575+0000] {logging_mixin.py:188} WARNING - [2026-04-19 08:56:34] INFO    etl.transform :    fact_dang_ky             :   57,991 records
[2026-04-19T08:56:34.575+0000] {transform.py:111} INFO -    fact_dang_ky             :   57,991 records
[2026-04-19T08:56:34.575+0000] {logging_mixin.py:188} WARNING - [2026-04-19 08:56:34] INFO    etl.transform :    fact_ren_luyen           :    9,542 records
[2026-04-19T08:56:34.575+0000] {transform.py:111} INFO -    fact_ren_luyen           :    9,542 records
[2026-04-19T08:56:34.576+0000] {logging_mixin.py:188} WARNING - [2026-04-19 08:56:34] INFO    etl.transform :    fact_tai_chinh           :    9,225 records
[2026-04-19T08:56:34.576+0000] {transform.py:111} INFO -    fact_tai_chinh           :    9,225 records
[2026-04-19T08:56:34.577+0000] {logging_mixin.py:188} WARNING - [2026-04-19 08:56:34] INFO    etl.transform : ======================================================================
[2026-04-19T08:56:34.577+0000] {transform.py:112} INFO - ======================================================================
[2026-04-19T08:56:34.600+0000] {logging_mixin.py:188} WARNING - [2026-04-19 08:56:34] INFO    utils.minio :   MinIO ↑ [staging-data] 2026-04-19_08-56/dim_hoc_ky.parquet (5.3 KB | 9 rows)
[2026-04-19T08:56:34.600+0000] {minio_client.py:142} INFO -   MinIO ↑ [staging-data] 2026-04-19_08-56/dim_hoc_ky.parquet (5.3 KB | 9 rows)
[2026-04-19T08:56:34.612+0000] {logging_mixin.py:188} WARNING - [2026-04-19 08:56:34] INFO    utils.minio :   MinIO ↑ [staging-data] 2026-04-19_08-56/dim_giang_vien.parquet (8.9 KB | 45 rows)
[2026-04-19T08:56:34.612+0000] {minio_client.py:142} INFO -   MinIO ↑ [staging-data] 2026-04-19_08-56/dim_giang_vien.parquet (8.9 KB | 45 rows)
[2026-04-19T08:56:34.622+0000] {logging_mixin.py:188} WARNING - [2026-04-19 08:56:34] INFO    utils.minio :   MinIO ↑ [staging-data] 2026-04-19_08-56/dim_hoc_phan.parquet (11.0 KB | 121 rows)
[2026-04-19T08:56:34.622+0000] {minio_client.py:142} INFO -   MinIO ↑ [staging-data] 2026-04-19_08-56/dim_hoc_phan.parquet (11.0 KB | 121 rows)
[2026-04-19T08:56:34.636+0000] {logging_mixin.py:188} WARNING - [2026-04-19 08:56:34] INFO    utils.minio :   MinIO ↑ [staging-data] 2026-04-19_08-56/dim_sinh_vien.parquet (71.5 KB | 1,695 rows)
[2026-04-19T08:56:34.635+0000] {minio_client.py:142} INFO -   MinIO ↑ [staging-data] 2026-04-19_08-56/dim_sinh_vien.parquet (71.5 KB | 1,695 rows)
[2026-04-19T08:56:34.713+0000] {logging_mixin.py:188} WARNING - [2026-04-19 08:56:34] INFO    utils.minio :   MinIO ↑ [staging-data] 2026-04-19_08-56/fact_diem.parquet (852.2 KB | 57,531 rows)
[2026-04-19T08:56:34.713+0000] {minio_client.py:142} INFO -   MinIO ↑ [staging-data] 2026-04-19_08-56/fact_diem.parquet (852.2 KB | 57,531 rows)
[2026-04-19T08:56:34.751+0000] {logging_mixin.py:188} WARNING - [2026-04-19 08:56:34] INFO    utils.minio :   MinIO ↑ [staging-data] 2026-04-19_08-56/fact_dang_ky.parquet (474.8 KB | 57,991 rows)
[2026-04-19T08:56:34.751+0000] {minio_client.py:142} INFO -   MinIO ↑ [staging-data] 2026-04-19_08-56/fact_dang_ky.parquet (474.8 KB | 57,991 rows)
[2026-04-19T08:56:34.767+0000] {logging_mixin.py:188} WARNING - [2026-04-19 08:56:34] INFO    utils.minio :   MinIO ↑ [staging-data] 2026-04-19_08-56/fact_ren_luyen.parquet (42.0 KB | 9,542 rows)
[2026-04-19T08:56:34.767+0000] {minio_client.py:142} INFO -   MinIO ↑ [staging-data] 2026-04-19_08-56/fact_ren_luyen.parquet (42.0 KB | 9,542 rows)
[2026-04-19T08:56:34.782+0000] {logging_mixin.py:188} WARNING - [2026-04-19 08:56:34] INFO    utils.minio :   MinIO ↑ [staging-data] 2026-04-19_08-56/fact_tai_chinh.parquet (92.9 KB | 9,225 rows)
[2026-04-19T08:56:34.782+0000] {minio_client.py:142} INFO -   MinIO ↑ [staging-data] 2026-04-19_08-56/fact_tai_chinh.parquet (92.9 KB | 9,225 rows)
[2026-04-19T08:56:34.783+0000] {logging_mixin.py:188} WARNING - [2026-04-19 08:56:34] INFO    etl.transform :   MinIO staging-data: 8/8 files OK → run_id=2026-04-19_08-56
[2026-04-19T08:56:34.783+0000] {transform.py:141} INFO -   MinIO staging-data: 8/8 files OK → run_id=2026-04-19_08-56
[2026-04-19T08:56:34.831+0000] {logging_mixin.py:188} INFO - Transform xong: {'dim_giang_vien': 45, 'dim_sinh_vien': 1695, 'dim_hoc_phan': 121, 'dim_thoi_gian': 9, 'fact_diem': 57531, 'fact_dang_ky': 57991, 'fact_ren_luyen': 9542, 'fact_tai_chinh': 9225}
[2026-04-19T08:56:34.836+0000] {python.py:201} INFO - Done. Returned value was: {'dim_giang_vien': 45, 'dim_sinh_vien': 1695, 'dim_hoc_phan': 121, 'dim_thoi_gian': 9, 'fact_diem': 57531, 'fact_dang_ky': 57991, 'fact_ren_luyen': 9542, 'fact_tai_chinh': 9225}
[2026-04-19T08:56:34.861+0000] {taskinstance.py:1138} INFO - Marking task as SUCCESS. dag_id=daily_student_pipeline, task_id=transform_data, execution_date=20260419T085609, start_date=20260419T085632, end_date=20260419T085634
[2026-04-19T08:56:34.928+0000] {local_task_job_runner.py:234} INFO - Task exited with return code 0
[2026-04-19T08:56:34.954+0000] {taskinstance.py:3280} INFO - 1 downstream tasks scheduled from follow-on schedule check
