[2026-03-28T03:04:41.734+0000] {taskinstance.py:1956} INFO - Dependencies all met for dep_context=non-requeueable deps ti=<TaskInstance: daily_student_pipeline.alert_success scheduled__2026-03-27T02:00:00+00:00 [queued]>
[2026-03-28T03:04:41.742+0000] {taskinstance.py:1956} INFO - Dependencies all met for dep_context=requeueable deps ti=<TaskInstance: daily_student_pipeline.alert_success scheduled__2026-03-27T02:00:00+00:00 [queued]>
[2026-03-28T03:04:41.743+0000] {taskinstance.py:2170} INFO - Starting attempt 1 of 1
[2026-03-28T03:04:41.757+0000] {taskinstance.py:2191} INFO - Executing <Task(PythonOperator): alert_success> on 2026-03-27 02:00:00+00:00
[2026-03-28T03:04:41.761+0000] {standard_task_runner.py:60} INFO - Started process 500 to run task
[2026-03-28T03:04:41.764+0000] {standard_task_runner.py:87} INFO - Running: ['***', 'tasks', 'run', 'daily_student_pipeline', 'alert_success', 'scheduled__2026-03-27T02:00:00+00:00', '--job-id', '32', '--raw', '--subdir', 'DAGS_FOLDER/daily_student_pipeline.py', '--cfg-path', '/tmp/tmp_gpl65kg']
[2026-03-28T03:04:41.766+0000] {standard_task_runner.py:88} INFO - Job 32: Subtask alert_success
[2026-03-28T03:04:41.844+0000] {task_command.py:423} INFO - Running <TaskInstance: daily_student_pipeline.alert_success scheduled__2026-03-27T02:00:00+00:00 [running]> on host 8474c56aea3d
[2026-03-28T03:04:41.929+0000] {taskinstance.py:2480} INFO - Exporting env vars: AIRFLOW_CTX_DAG_OWNER='nhom8' AIRFLOW_CTX_DAG_ID='daily_student_pipeline' AIRFLOW_CTX_TASK_ID='alert_success' AIRFLOW_CTX_EXECUTION_DATE='2026-03-27T02:00:00+00:00' AIRFLOW_CTX_TRY_NUMBER='1' AIRFLOW_CTX_DAG_RUN_ID='scheduled__2026-03-27T02:00:00+00:00'
[2026-03-28T03:04:41.962+0000] {logging_mixin.py:188} INFO - ============================================================
[2026-03-28T03:04:41.962+0000] {logging_mixin.py:188} INFO - PIPELINE DAILY STUDENT — THANH CONG
[2026-03-28T03:04:41.963+0000] {logging_mixin.py:188} INFO - Thời gian: 2026-03-28 03:04:41
[2026-03-28T03:04:41.966+0000] {logging_mixin.py:188} INFO - Extract:   {'khoa': 4, 'nganh': 3, 'giang_vien': 45, 'lop_hanh_chinh': 48, 'sinh_vien': 1695, 'hoc_phan': 121, 'hoc_ky_nam_hoc': 9, 'dang_ky_hoc_phan': 47969, 'diem_hoc_phan': 47969, 'tong_hop_ket_qua': 1695, 'ctsv_data': 8247, 'tai_chinh_data': 8247}
[2026-03-28T03:04:41.966+0000] {logging_mixin.py:188} INFO - Transform: {'dim_giang_vien': 45, 'dim_sinh_vien': 1695, 'dim_hoc_phan': 121, 'dim_thoi_gian': 9, 'fact_diem': 47969, 'fact_ren_luyen': 8247, 'fact_tai_chinh': 8247, 'fact_tong_hop_sv': 8247}
[2026-03-28T03:04:41.967+0000] {logging_mixin.py:188} INFO - Load:      {'dim_hoc_ky': 9, 'dim_giang_vien': 45, 'dim_hoc_phan': 121, 'dim_sinh_vien': 0, 'fact_hoc_tap': 0, 'fact_ctsv': 469, 'fact_tai_chinh': 0, 'agg_student_summary': 1695}
[2026-03-28T03:04:41.967+0000] {logging_mixin.py:188} INFO - ============================================================
[2026-03-28T03:04:41.968+0000] {python.py:201} INFO - Done. Returned value was: None
[2026-03-28T03:04:41.978+0000] {taskinstance.py:1138} INFO - Marking task as SUCCESS. dag_id=daily_student_pipeline, task_id=alert_success, execution_date=20260327T020000, start_date=20260328T030441, end_date=20260328T030441
[2026-03-28T03:04:42.019+0000] {local_task_job_runner.py:234} INFO - Task exited with return code 0
[2026-03-28T03:04:42.036+0000] {taskinstance.py:3280} INFO - 0 downstream tasks scheduled from follow-on schedule check
