[2026-03-28T03:02:23.474+0000] {taskinstance.py:1956} INFO - Dependencies all met for dep_context=non-requeueable deps ti=<TaskInstance: daily_student_pipeline.extract_data scheduled__2026-03-27T02:00:00+00:00 [queued]>
[2026-03-28T03:02:23.489+0000] {taskinstance.py:1956} INFO - Dependencies all met for dep_context=requeueable deps ti=<TaskInstance: daily_student_pipeline.extract_data scheduled__2026-03-27T02:00:00+00:00 [queued]>
[2026-03-28T03:02:23.490+0000] {taskinstance.py:2170} INFO - Starting attempt 1 of 1
[2026-03-28T03:02:23.509+0000] {taskinstance.py:2191} INFO - Executing <Task(PythonOperator): extract_data> on 2026-03-27 02:00:00+00:00
[2026-03-28T03:02:23.518+0000] {standard_task_runner.py:60} INFO - Started process 222 to run task
[2026-03-28T03:02:23.522+0000] {standard_task_runner.py:87} INFO - Running: ['***', 'tasks', 'run', 'daily_student_pipeline', 'extract_data', 'scheduled__2026-03-27T02:00:00+00:00', '--job-id', '28', '--raw', '--subdir', 'DAGS_FOLDER/daily_student_pipeline.py', '--cfg-path', '/tmp/tmpi4eu88so']
[2026-03-28T03:02:23.525+0000] {standard_task_runner.py:88} INFO - Job 28: Subtask extract_data
[2026-03-28T03:02:23.635+0000] {task_command.py:423} INFO - Running <TaskInstance: daily_student_pipeline.extract_data scheduled__2026-03-27T02:00:00+00:00 [running]> on host 8474c56aea3d
[2026-03-28T03:02:23.737+0000] {taskinstance.py:2480} INFO - Exporting env vars: AIRFLOW_CTX_DAG_OWNER='nhom8' AIRFLOW_CTX_DAG_ID='daily_student_pipeline' AIRFLOW_CTX_TASK_ID='extract_data' AIRFLOW_CTX_EXECUTION_DATE='2026-03-27T02:00:00+00:00' AIRFLOW_CTX_TRY_NUMBER='1' AIRFLOW_CTX_DAG_RUN_ID='scheduled__2026-03-27T02:00:00+00:00'
[2026-03-28T03:02:25.166+0000] {logging_mixin.py:188} WARNING - [2026-03-28 03:02:25] INFO    etl.extract : 🚀 BẮT ĐẦU FULL EXTRACT
[2026-03-28T03:02:25.166+0000] {extract.py:356} INFO - 🚀 BẮT ĐẦU FULL EXTRACT
[2026-03-28T03:02:25.169+0000] {logging_mixin.py:188} WARNING - [2026-03-28 03:02:25] INFO    etl.extract : ======================================================================
[2026-03-28T03:02:25.169+0000] {extract.py:357} INFO - ======================================================================
[2026-03-28T03:02:25.178+0000] {logging_mixin.py:188} WARNING - [2026-03-28 03:02:25] INFO    etl.extract : ════════════════════════════════════════════════════════════
[2026-03-28T03:02:25.178+0000] {extract.py:120} INFO - ════════════════════════════════════════════════════════════
[2026-03-28T03:02:25.180+0000] {logging_mixin.py:188} WARNING - [2026-03-28 03:02:25] INFO    etl.extract : NGUỒN 1 — PostgreSQL (Phòng Đào tạo) | Full Extract
[2026-03-28T03:02:25.180+0000] {extract.py:121} INFO - NGUỒN 1 — PostgreSQL (Phòng Đào tạo) | Full Extract
[2026-03-28T03:02:25.182+0000] {logging_mixin.py:188} WARNING - [2026-03-28 03:02:25] INFO    etl.extract : ════════════════════════════════════════════════════════════
[2026-03-28T03:02:25.182+0000] {extract.py:122} INFO - ════════════════════════════════════════════════════════════
[2026-03-28T03:02:25.352+0000] {logging_mixin.py:188} WARNING - [2026-03-28 03:02:25] INFO    etl.extract :   PostgreSQL | khoa                      →      4 records
[2026-03-28T03:02:25.351+0000] {extract.py:98} INFO -   PostgreSQL | khoa                      →      4 records
[2026-03-28T03:02:25.398+0000] {logging_mixin.py:188} WARNING - [2026-03-28 03:02:25] INFO    etl.extract :   PostgreSQL | nganh                     →      3 records
[2026-03-28T03:02:25.398+0000] {extract.py:98} INFO -   PostgreSQL | nganh                     →      3 records
[2026-03-28T03:02:25.454+0000] {logging_mixin.py:188} WARNING - [2026-03-28 03:02:25] INFO    etl.extract :   PostgreSQL | giang_vien                →     45 records
[2026-03-28T03:02:25.453+0000] {extract.py:98} INFO -   PostgreSQL | giang_vien                →     45 records
[2026-03-28T03:02:25.529+0000] {logging_mixin.py:188} WARNING - [2026-03-28 03:02:25] INFO    etl.extract :   PostgreSQL | lop_hanh_chinh            →     48 records
[2026-03-28T03:02:25.529+0000] {extract.py:98} INFO -   PostgreSQL | lop_hanh_chinh            →     48 records
[2026-03-28T03:02:25.641+0000] {logging_mixin.py:188} WARNING - [2026-03-28 03:02:25] INFO    etl.extract :   PostgreSQL | sinh_vien                 →  1,695 records
[2026-03-28T03:02:25.641+0000] {extract.py:98} INFO -   PostgreSQL | sinh_vien                 →  1,695 records
[2026-03-28T03:02:25.684+0000] {logging_mixin.py:188} WARNING - [2026-03-28 03:02:25] INFO    etl.extract :   PostgreSQL | hoc_phan                  →    121 records
[2026-03-28T03:02:25.684+0000] {extract.py:98} INFO -   PostgreSQL | hoc_phan                  →    121 records
[2026-03-28T03:02:25.708+0000] {logging_mixin.py:188} WARNING - [2026-03-28 03:02:25] INFO    etl.extract :   PostgreSQL | hoc_ky_nam_hoc            →      9 records
[2026-03-28T03:02:25.708+0000] {extract.py:98} INFO -   PostgreSQL | hoc_ky_nam_hoc            →      9 records
[2026-03-28T03:02:26.023+0000] {logging_mixin.py:188} WARNING - [2026-03-28 03:02:26] INFO    etl.extract :   PostgreSQL | dang_ky_hoc_phan          → 47,969 records
[2026-03-28T03:02:26.023+0000] {extract.py:98} INFO -   PostgreSQL | dang_ky_hoc_phan          → 47,969 records
[2026-03-28T03:02:33.905+0000] {logging_mixin.py:188} WARNING - [2026-03-28 03:02:33] INFO    etl.extract :   PostgreSQL | diem_hoc_phan             → 47,969 records
[2026-03-28T03:02:33.905+0000] {extract.py:98} INFO -   PostgreSQL | diem_hoc_phan             → 47,969 records
[2026-03-28T03:02:34.062+0000] {logging_mixin.py:188} WARNING - [2026-03-28 03:02:34] INFO    etl.extract :   PostgreSQL | tong_hop_ket_qua          →  1,695 records
[2026-03-28T03:02:34.062+0000] {extract.py:98} INFO -   PostgreSQL | tong_hop_ket_qua          →  1,695 records
[2026-03-28T03:02:34.064+0000] {logging_mixin.py:188} WARNING - [2026-03-28 03:02:34] INFO    etl.extract :   PostgreSQL | TỔNG: 99,558 records từ 10 bảng
[2026-03-28T03:02:34.064+0000] {extract.py:129} INFO -   PostgreSQL | TỔNG: 99,558 records từ 10 bảng
[2026-03-28T03:02:34.065+0000] {logging_mixin.py:188} WARNING - [2026-03-28 03:02:34] INFO    etl.extract : ════════════════════════════════════════════════════════════
[2026-03-28T03:02:34.065+0000] {extract.py:215} INFO - ════════════════════════════════════════════════════════════
[2026-03-28T03:02:34.067+0000] {logging_mixin.py:188} WARNING - [2026-03-28 03:02:34] INFO    etl.extract : NGUỒN 2 — CSV (Phòng CTSV) | Extract
[2026-03-28T03:02:34.067+0000] {extract.py:216} INFO - NGUỒN 2 — CSV (Phòng CTSV) | Extract
[2026-03-28T03:02:34.068+0000] {logging_mixin.py:188} WARNING - [2026-03-28 03:02:34] INFO    etl.extract : ════════════════════════════════════════════════════════════
[2026-03-28T03:02:34.068+0000] {extract.py:217} INFO - ════════════════════════════════════════════════════════════
[2026-03-28T03:02:34.073+0000] {logging_mixin.py:188} WARNING - [2026-03-28 03:02:34] INFO    etl.extract :   CSV | Tìm thấy 9 file(s)
[2026-03-28T03:02:34.073+0000] {extract.py:227} INFO -   CSV | Tìm thấy 9 file(s)
[2026-03-28T03:02:34.084+0000] {logging_mixin.py:188} WARNING - [2026-03-28 03:02:34] INFO    etl.extract :   CSV | ctsv_HK1_2021_22.csv                →    390 records
[2026-03-28T03:02:34.084+0000] {extract.py:190} INFO -   CSV | ctsv_HK1_2021_22.csv                →    390 records
[2026-03-28T03:02:34.093+0000] {logging_mixin.py:188} WARNING - [2026-03-28 03:02:34] INFO    etl.extract :   CSV | ctsv_HK1_2022_23.csv                →    800 records
[2026-03-28T03:02:34.093+0000] {extract.py:190} INFO -   CSV | ctsv_HK1_2022_23.csv                →    800 records
[2026-03-28T03:02:34.102+0000] {logging_mixin.py:188} WARNING - [2026-03-28 03:02:34] INFO    etl.extract :   CSV | ctsv_HK1_2023_24.csv                →  1,229 records
[2026-03-28T03:02:34.102+0000] {extract.py:190} INFO -   CSV | ctsv_HK1_2023_24.csv                →  1,229 records
[2026-03-28T03:02:34.112+0000] {logging_mixin.py:188} WARNING - [2026-03-28 03:02:34] INFO    etl.extract :   CSV | ctsv_HK1_2024_25.csv                →  1,663 records
[2026-03-28T03:02:34.112+0000] {extract.py:190} INFO -   CSV | ctsv_HK1_2024_25.csv                →  1,663 records
[2026-03-28T03:02:34.121+0000] {logging_mixin.py:188} WARNING - [2026-03-28 03:02:34] INFO    etl.extract :   CSV | ctsv_HK1_2025_26.csv                →    196 records
[2026-03-28T03:02:34.121+0000] {extract.py:190} INFO -   CSV | ctsv_HK1_2025_26.csv                →    196 records
[2026-03-28T03:02:34.129+0000] {logging_mixin.py:188} WARNING - [2026-03-28 03:02:34] INFO    etl.extract :   CSV | ctsv_HK2_2021_22.csv                →    383 records
[2026-03-28T03:02:34.129+0000] {extract.py:190} INFO -   CSV | ctsv_HK2_2021_22.csv                →    383 records
[2026-03-28T03:02:34.137+0000] {logging_mixin.py:188} WARNING - [2026-03-28 03:02:34] INFO    etl.extract :   CSV | ctsv_HK2_2022_23.csv                →    796 records
[2026-03-28T03:02:34.137+0000] {extract.py:190} INFO -   CSV | ctsv_HK2_2022_23.csv                →    796 records
[2026-03-28T03:02:34.147+0000] {logging_mixin.py:188} WARNING - [2026-03-28 03:02:34] INFO    etl.extract :   CSV | ctsv_HK2_2023_24.csv                →  1,220 records
[2026-03-28T03:02:34.146+0000] {extract.py:190} INFO -   CSV | ctsv_HK2_2023_24.csv                →  1,220 records
[2026-03-28T03:02:34.162+0000] {logging_mixin.py:188} WARNING - [2026-03-28 03:02:34] INFO    etl.extract :   CSV | ctsv_HK2_2024_25.csv                →  1,570 records
[2026-03-28T03:02:34.162+0000] {extract.py:190} INFO -   CSV | ctsv_HK2_2024_25.csv                →  1,570 records
[2026-03-28T03:02:34.168+0000] {logging_mixin.py:188} WARNING - [2026-03-28 03:02:34] INFO    etl.extract :   CSV | TỔNG: 8,247 records từ 9 file(s)
[2026-03-28T03:02:34.168+0000] {extract.py:247} INFO -   CSV | TỔNG: 8,247 records từ 9 file(s)
[2026-03-28T03:02:34.195+0000] {logging_mixin.py:188} WARNING - [2026-03-28 03:02:34] INFO    etl.extract :   API | (JSON) taichinh_HK1_2021_22.json →    390 records
[2026-03-28T03:02:34.195+0000] {extract.py:312} INFO -   API | (JSON) taichinh_HK1_2021_22.json →    390 records
[2026-03-28T03:02:34.217+0000] {logging_mixin.py:188} WARNING - [2026-03-28 03:02:34] INFO    etl.extract :   API | (JSON) taichinh_HK1_2022_23.json →    800 records
[2026-03-28T03:02:34.217+0000] {extract.py:312} INFO -   API | (JSON) taichinh_HK1_2022_23.json →    800 records
[2026-03-28T03:02:34.240+0000] {logging_mixin.py:188} WARNING - [2026-03-28 03:02:34] INFO    etl.extract :   API | (JSON) taichinh_HK1_2023_24.json →  1,229 records
[2026-03-28T03:02:34.239+0000] {extract.py:312} INFO -   API | (JSON) taichinh_HK1_2023_24.json →  1,229 records
[2026-03-28T03:02:34.263+0000] {logging_mixin.py:188} WARNING - [2026-03-28 03:02:34] INFO    etl.extract :   API | (JSON) taichinh_HK1_2024_25.json →  1,663 records
[2026-03-28T03:02:34.263+0000] {extract.py:312} INFO -   API | (JSON) taichinh_HK1_2024_25.json →  1,663 records
[2026-03-28T03:02:34.283+0000] {logging_mixin.py:188} WARNING - [2026-03-28 03:02:34] INFO    etl.extract :   API | (JSON) taichinh_HK1_2025_26.json →    196 records
[2026-03-28T03:02:34.283+0000] {extract.py:312} INFO -   API | (JSON) taichinh_HK1_2025_26.json →    196 records
[2026-03-28T03:02:34.300+0000] {logging_mixin.py:188} WARNING - [2026-03-28 03:02:34] INFO    etl.extract :   API | (JSON) taichinh_HK2_2021_22.json →    383 records
[2026-03-28T03:02:34.300+0000] {extract.py:312} INFO -   API | (JSON) taichinh_HK2_2021_22.json →    383 records
[2026-03-28T03:02:34.319+0000] {logging_mixin.py:188} WARNING - [2026-03-28 03:02:34] INFO    etl.extract :   API | (JSON) taichinh_HK2_2022_23.json →    796 records
[2026-03-28T03:02:34.319+0000] {extract.py:312} INFO -   API | (JSON) taichinh_HK2_2022_23.json →    796 records
[2026-03-28T03:02:34.342+0000] {logging_mixin.py:188} WARNING - [2026-03-28 03:02:34] INFO    etl.extract :   API | (JSON) taichinh_HK2_2023_24.json →  1,220 records
[2026-03-28T03:02:34.342+0000] {extract.py:312} INFO -   API | (JSON) taichinh_HK2_2023_24.json →  1,220 records
[2026-03-28T03:02:34.370+0000] {logging_mixin.py:188} WARNING - [2026-03-28 03:02:34] INFO    etl.extract :   API | (JSON) taichinh_HK2_2024_25.json →  1,570 records
[2026-03-28T03:02:34.370+0000] {extract.py:312} INFO -   API | (JSON) taichinh_HK2_2024_25.json →  1,570 records
[2026-03-28T03:02:34.373+0000] {logging_mixin.py:188} WARNING - [2026-03-28 03:02:34] INFO    etl.extract :   API | TỔNG: 8,247 records từ 9 HK
[2026-03-28T03:02:34.373+0000] {extract.py:338} INFO -   API | TỔNG: 8,247 records từ 9 HK
[2026-03-28T03:02:35.248+0000] {logging_mixin.py:188} WARNING - [2026-03-28 03:02:35] INFO    utils.minio :   MinIO ↑ [raw-data] 2026-03-28_03-02/nguon1_sinh_vien.parquet (47.2 KB | 1,695 rows)
[2026-03-28T03:02:35.248+0000] {minio_client.py:142} INFO -   MinIO ↑ [raw-data] 2026-03-28_03-02/nguon1_sinh_vien.parquet (47.2 KB | 1,695 rows)
[2026-03-28T03:02:35.393+0000] {logging_mixin.py:188} WARNING - [2026-03-28 03:02:35] INFO    utils.minio :   MinIO ↑ [raw-data] 2026-03-28_03-02/nguon1_dang_ky.parquet (382.5 KB | 47,969 rows)
[2026-03-28T03:02:35.393+0000] {minio_client.py:142} INFO -   MinIO ↑ [raw-data] 2026-03-28_03-02/nguon1_dang_ky.parquet (382.5 KB | 47,969 rows)
[2026-03-28T03:02:35.452+0000] {logging_mixin.py:188} WARNING - [2026-03-28 03:02:35] INFO    utils.minio :   MinIO ↑ [raw-data] 2026-03-28_03-02/nguon1_diem.parquet (978.1 KB | 47,969 rows)
[2026-03-28T03:02:35.451+0000] {minio_client.py:142} INFO -   MinIO ↑ [raw-data] 2026-03-28_03-02/nguon1_diem.parquet (978.1 KB | 47,969 rows)
[2026-03-28T03:02:35.503+0000] {logging_mixin.py:188} WARNING - [2026-03-28 03:02:35] INFO    utils.minio :   MinIO ↑ [raw-data] 2026-03-28_03-02/nguon1_hoc_phan.parquet (10.3 KB | 121 rows)
[2026-03-28T03:02:35.503+0000] {minio_client.py:142} INFO -   MinIO ↑ [raw-data] 2026-03-28_03-02/nguon1_hoc_phan.parquet (10.3 KB | 121 rows)
[2026-03-28T03:02:35.517+0000] {logging_mixin.py:188} WARNING - [2026-03-28 03:02:35] INFO    utils.minio :   MinIO ↑ [raw-data] 2026-03-28_03-02/nguon1_hoc_ky.parquet (4.1 KB | 9 rows)
[2026-03-28T03:02:35.517+0000] {minio_client.py:142} INFO -   MinIO ↑ [raw-data] 2026-03-28_03-02/nguon1_hoc_ky.parquet (4.1 KB | 9 rows)
[2026-03-28T03:02:35.530+0000] {logging_mixin.py:188} WARNING - [2026-03-28 03:02:35] INFO    utils.minio :   MinIO ↑ [raw-data] 2026-03-28_03-02/nguon1_giang_vien.parquet (8.3 KB | 45 rows)
[2026-03-28T03:02:35.530+0000] {minio_client.py:142} INFO -   MinIO ↑ [raw-data] 2026-03-28_03-02/nguon1_giang_vien.parquet (8.3 KB | 45 rows)
[2026-03-28T03:02:35.544+0000] {logging_mixin.py:188} WARNING - [2026-03-28 03:02:35] INFO    utils.minio :   MinIO ↑ [raw-data] 2026-03-28_03-02/nguon1_khoa.parquet (2.6 KB | 4 rows)
[2026-03-28T03:02:35.543+0000] {minio_client.py:142} INFO -   MinIO ↑ [raw-data] 2026-03-28_03-02/nguon1_khoa.parquet (2.6 KB | 4 rows)
[2026-03-28T03:02:35.558+0000] {logging_mixin.py:188} WARNING - [2026-03-28 03:02:35] INFO    utils.minio :   MinIO ↑ [raw-data] 2026-03-28_03-02/nguon1_nganh.parquet (3.2 KB | 3 rows)
[2026-03-28T03:02:35.558+0000] {minio_client.py:142} INFO -   MinIO ↑ [raw-data] 2026-03-28_03-02/nguon1_nganh.parquet (3.2 KB | 3 rows)
[2026-03-28T03:02:35.573+0000] {logging_mixin.py:188} WARNING - [2026-03-28 03:02:35] INFO    utils.minio :   MinIO ↑ [raw-data] 2026-03-28_03-02/nguon1_lop_hanh_chinh.parquet (4.8 KB | 48 rows)
[2026-03-28T03:02:35.573+0000] {minio_client.py:142} INFO -   MinIO ↑ [raw-data] 2026-03-28_03-02/nguon1_lop_hanh_chinh.parquet (4.8 KB | 48 rows)
[2026-03-28T03:02:35.591+0000] {logging_mixin.py:188} WARNING - [2026-03-28 03:02:35] INFO    utils.minio :   MinIO ↑ [raw-data] 2026-03-28_03-02/nguon1_tong_hop_ket_qua.parquet (22.1 KB | 1,695 rows)
[2026-03-28T03:02:35.591+0000] {minio_client.py:142} INFO -   MinIO ↑ [raw-data] 2026-03-28_03-02/nguon1_tong_hop_ket_qua.parquet (22.1 KB | 1,695 rows)
[2026-03-28T03:02:35.614+0000] {logging_mixin.py:188} WARNING - [2026-03-28 03:02:35] INFO    utils.minio :   MinIO ↑ [raw-data] 2026-03-28_03-02/nguon2_ctsv.parquet (35.9 KB | 8,247 rows)
[2026-03-28T03:02:35.614+0000] {minio_client.py:142} INFO -   MinIO ↑ [raw-data] 2026-03-28_03-02/nguon2_ctsv.parquet (35.9 KB | 8,247 rows)
[2026-03-28T03:02:35.636+0000] {logging_mixin.py:188} WARNING - [2026-03-28 03:02:35] INFO    utils.minio :   MinIO ↑ [raw-data] 2026-03-28_03-02/nguon3_tai_chinh.parquet (59.7 KB | 8,247 rows)
[2026-03-28T03:02:35.636+0000] {minio_client.py:142} INFO -   MinIO ↑ [raw-data] 2026-03-28_03-02/nguon3_tai_chinh.parquet (59.7 KB | 8,247 rows)
[2026-03-28T03:02:35.638+0000] {logging_mixin.py:188} WARNING - [2026-03-28 03:02:35] INFO    utils.minio :   MinIO upload xong: 12/12 files | run_id=2026-03-28_03-02
[2026-03-28T03:02:35.638+0000] {minio_client.py:188} INFO -   MinIO upload xong: 12/12 files | run_id=2026-03-28_03-02
[2026-03-28T03:02:35.639+0000] {logging_mixin.py:188} WARNING - [2026-03-28 03:02:35] INFO    etl.extract :   MinIO staging: 12/12 files OK → run_id=2026-03-28_03-02
[2026-03-28T03:02:35.639+0000] {extract.py:443} INFO -   MinIO staging: 12/12 files OK → run_id=2026-03-28_03-02
[2026-03-28T03:02:35.642+0000] {logging_mixin.py:188} WARNING - [2026-03-28 03:02:35] INFO    etl.extract : ======================================================================
[2026-03-28T03:02:35.641+0000] {extract.py:383} INFO - ======================================================================
[2026-03-28T03:02:35.644+0000] {logging_mixin.py:188} WARNING - [2026-03-28 03:02:35] INFO    etl.extract : ✅ FULL EXTRACT HOÀN TẤT
[2026-03-28T03:02:35.643+0000] {extract.py:384} INFO - ✅ FULL EXTRACT HOÀN TẤT
[2026-03-28T03:02:35.645+0000] {logging_mixin.py:188} WARNING - [2026-03-28 03:02:35] INFO    etl.extract :    khoa                     :        4
[2026-03-28T03:02:35.645+0000] {extract.py:386} INFO -    khoa                     :        4
[2026-03-28T03:02:35.646+0000] {logging_mixin.py:188} WARNING - [2026-03-28 03:02:35] INFO    etl.extract :    nganh                    :        3
[2026-03-28T03:02:35.646+0000] {extract.py:386} INFO -    nganh                    :        3
[2026-03-28T03:02:35.648+0000] {logging_mixin.py:188} WARNING - [2026-03-28 03:02:35] INFO    etl.extract :    giang_vien               :       45
[2026-03-28T03:02:35.648+0000] {extract.py:386} INFO -    giang_vien               :       45
[2026-03-28T03:02:35.649+0000] {logging_mixin.py:188} WARNING - [2026-03-28 03:02:35] INFO    etl.extract :    lop_hanh_chinh           :       48
[2026-03-28T03:02:35.649+0000] {extract.py:386} INFO -    lop_hanh_chinh           :       48
[2026-03-28T03:02:35.651+0000] {logging_mixin.py:188} WARNING - [2026-03-28 03:02:35] INFO    etl.extract :    sinh_vien                :    1,695
[2026-03-28T03:02:35.651+0000] {extract.py:386} INFO -    sinh_vien                :    1,695
[2026-03-28T03:02:35.652+0000] {logging_mixin.py:188} WARNING - [2026-03-28 03:02:35] INFO    etl.extract :    hoc_phan                 :      121
[2026-03-28T03:02:35.652+0000] {extract.py:386} INFO -    hoc_phan                 :      121
[2026-03-28T03:02:35.654+0000] {logging_mixin.py:188} WARNING - [2026-03-28 03:02:35] INFO    etl.extract :    hoc_ky_nam_hoc           :        9
[2026-03-28T03:02:35.654+0000] {extract.py:386} INFO -    hoc_ky_nam_hoc           :        9
[2026-03-28T03:02:35.655+0000] {logging_mixin.py:188} WARNING - [2026-03-28 03:02:35] INFO    etl.extract :    dang_ky_hoc_phan         :   47,969
[2026-03-28T03:02:35.655+0000] {extract.py:386} INFO -    dang_ky_hoc_phan         :   47,969
[2026-03-28T03:02:35.656+0000] {logging_mixin.py:188} WARNING - [2026-03-28 03:02:35] INFO    etl.extract :    diem_hoc_phan            :   47,969
[2026-03-28T03:02:35.656+0000] {extract.py:386} INFO -    diem_hoc_phan            :   47,969
[2026-03-28T03:02:35.657+0000] {logging_mixin.py:188} WARNING - [2026-03-28 03:02:35] INFO    etl.extract :    tong_hop_ket_qua         :    1,695
[2026-03-28T03:02:35.657+0000] {extract.py:386} INFO -    tong_hop_ket_qua         :    1,695
[2026-03-28T03:02:35.659+0000] {logging_mixin.py:188} WARNING - [2026-03-28 03:02:35] INFO    etl.extract :    ctsv_data                :    8,247
[2026-03-28T03:02:35.659+0000] {extract.py:386} INFO -    ctsv_data                :    8,247
[2026-03-28T03:02:35.660+0000] {logging_mixin.py:188} WARNING - [2026-03-28 03:02:35] INFO    etl.extract :    tai_chinh_data           :    8,247
[2026-03-28T03:02:35.660+0000] {extract.py:386} INFO -    tai_chinh_data           :    8,247
[2026-03-28T03:02:35.661+0000] {logging_mixin.py:188} WARNING - [2026-03-28 03:02:35] INFO    etl.extract : ======================================================================
[2026-03-28T03:02:35.661+0000] {extract.py:387} INFO - ======================================================================
[2026-03-28T03:02:35.721+0000] {logging_mixin.py:188} INFO - Extract xong: {'khoa': 4, 'nganh': 3, 'giang_vien': 45, 'lop_hanh_chinh': 48, 'sinh_vien': 1695, 'hoc_phan': 121, 'hoc_ky_nam_hoc': 9, 'dang_ky_hoc_phan': 47969, 'diem_hoc_phan': 47969, 'tong_hop_ket_qua': 1695, 'ctsv_data': 8247, 'tai_chinh_data': 8247}
[2026-03-28T03:02:35.733+0000] {python.py:201} INFO - Done. Returned value was: {'khoa': 4, 'nganh': 3, 'giang_vien': 45, 'lop_hanh_chinh': 48, 'sinh_vien': 1695, 'hoc_phan': 121, 'hoc_ky_nam_hoc': 9, 'dang_ky_hoc_phan': 47969, 'diem_hoc_phan': 47969, 'tong_hop_ket_qua': 1695, 'ctsv_data': 8247, 'tai_chinh_data': 8247}
[2026-03-28T03:02:35.769+0000] {taskinstance.py:1138} INFO - Marking task as SUCCESS. dag_id=daily_student_pipeline, task_id=extract_data, execution_date=20260327T020000, start_date=20260328T030223, end_date=20260328T030235
[2026-03-28T03:02:35.817+0000] {local_task_job_runner.py:234} INFO - Task exited with return code 0
[2026-03-28T03:02:35.852+0000] {taskinstance.py:3280} INFO - 1 downstream tasks scheduled from follow-on schedule check
