[2026-04-03T07:26:38.519+0000] {taskinstance.py:1956} INFO - Dependencies all met for dep_context=non-requeueable deps ti=<TaskInstance: daily_student_pipeline.load_data manual__2026-04-03T07:26:22.170220+00:00 [queued]>
[2026-04-03T07:26:38.527+0000] {taskinstance.py:1956} INFO - Dependencies all met for dep_context=requeueable deps ti=<TaskInstance: daily_student_pipeline.load_data manual__2026-04-03T07:26:22.170220+00:00 [queued]>
[2026-04-03T07:26:38.528+0000] {taskinstance.py:2170} INFO - Starting attempt 1 of 1
[2026-04-03T07:26:38.539+0000] {taskinstance.py:2191} INFO - Executing <Task(PythonOperator): load_data> on 2026-04-03 07:26:22.170220+00:00
[2026-04-03T07:26:38.544+0000] {standard_task_runner.py:60} INFO - Started process 3036 to run task
[2026-04-03T07:26:38.547+0000] {standard_task_runner.py:87} INFO - Running: ['***', 'tasks', 'run', 'daily_student_pipeline', 'load_data', 'manual__2026-04-03T07:26:22.170220+00:00', '--job-id', '129', '--raw', '--subdir', 'DAGS_FOLDER/daily_student_pipeline.py', '--cfg-path', '/tmp/tmp7us3u6oq']
[2026-04-03T07:26:38.549+0000] {standard_task_runner.py:88} INFO - Job 129: Subtask load_data
[2026-04-03T07:26:38.620+0000] {task_command.py:423} INFO - Running <TaskInstance: daily_student_pipeline.load_data manual__2026-04-03T07:26:22.170220+00:00 [running]> on host 1c62953c8918
[2026-04-03T07:26:38.709+0000] {taskinstance.py:2480} INFO - Exporting env vars: AIRFLOW_CTX_DAG_OWNER='nhom8' AIRFLOW_CTX_DAG_ID='daily_student_pipeline' AIRFLOW_CTX_TASK_ID='load_data' AIRFLOW_CTX_EXECUTION_DATE='2026-04-03T07:26:22.170220+00:00' AIRFLOW_CTX_TRY_NUMBER='1' AIRFLOW_CTX_DAG_RUN_ID='manual__2026-04-03T07:26:22.170220+00:00'
[2026-04-03T07:26:39.486+0000] {logging_mixin.py:188} WARNING - [2026-04-03 07:26:39] INFO    etl.transform :   Load TransformedData từ MinIO staging: run_id=2026-04-03_07-26
[2026-04-03T07:26:39.486+0000] {transform.py:163} INFO -   Load TransformedData từ MinIO staging: run_id=2026-04-03_07-26
[2026-04-03T07:26:39.529+0000] {logging_mixin.py:188} WARNING - [2026-04-03 07:26:39] INFO    utils.minio :   MinIO ↓ [staging-data] 2026-04-03_07-26/dim_hoc_ky.parquet (9 rows)
[2026-04-03T07:26:39.529+0000] {minio_client.py:223} INFO -   MinIO ↓ [staging-data] 2026-04-03_07-26/dim_hoc_ky.parquet (9 rows)
[2026-04-03T07:26:39.544+0000] {logging_mixin.py:188} WARNING - [2026-04-03 07:26:39] INFO    utils.minio :   MinIO ↓ [staging-data] 2026-04-03_07-26/dim_giang_vien.parquet (45 rows)
[2026-04-03T07:26:39.544+0000] {minio_client.py:223} INFO -   MinIO ↓ [staging-data] 2026-04-03_07-26/dim_giang_vien.parquet (45 rows)
[2026-04-03T07:26:39.561+0000] {logging_mixin.py:188} WARNING - [2026-04-03 07:26:39] INFO    utils.minio :   MinIO ↓ [staging-data] 2026-04-03_07-26/dim_hoc_phan.parquet (121 rows)
[2026-04-03T07:26:39.561+0000] {minio_client.py:223} INFO -   MinIO ↓ [staging-data] 2026-04-03_07-26/dim_hoc_phan.parquet (121 rows)
[2026-04-03T07:26:39.579+0000] {logging_mixin.py:188} WARNING - [2026-04-03 07:26:39] INFO    utils.minio :   MinIO ↓ [staging-data] 2026-04-03_07-26/dim_sinh_vien.parquet (1,695 rows)
[2026-04-03T07:26:39.579+0000] {minio_client.py:223} INFO -   MinIO ↓ [staging-data] 2026-04-03_07-26/dim_sinh_vien.parquet (1,695 rows)
[2026-04-03T07:26:39.602+0000] {logging_mixin.py:188} WARNING - [2026-04-03 07:26:39] INFO    utils.minio :   MinIO ↓ [staging-data] 2026-04-03_07-26/fact_diem.parquet (54,529 rows)
[2026-04-03T07:26:39.602+0000] {minio_client.py:223} INFO -   MinIO ↓ [staging-data] 2026-04-03_07-26/fact_diem.parquet (54,529 rows)
[2026-04-03T07:26:39.621+0000] {logging_mixin.py:188} WARNING - [2026-04-03 07:26:39] INFO    utils.minio :   MinIO ↓ [staging-data] 2026-04-03_07-26/fact_ren_luyen.parquet (8,990 rows)
[2026-04-03T07:26:39.621+0000] {minio_client.py:223} INFO -   MinIO ↓ [staging-data] 2026-04-03_07-26/fact_ren_luyen.parquet (8,990 rows)
[2026-04-03T07:26:39.635+0000] {logging_mixin.py:188} WARNING - [2026-04-03 07:26:39] INFO    utils.minio :   MinIO ↓ [staging-data] 2026-04-03_07-26/fact_tai_chinh.parquet (8,990 rows)
[2026-04-03T07:26:39.635+0000] {minio_client.py:223} INFO -   MinIO ↓ [staging-data] 2026-04-03_07-26/fact_tai_chinh.parquet (8,990 rows)
[2026-04-03T07:26:39.642+0000] {logging_mixin.py:188} WARNING - [2026-04-03 07:26:39] WARNING utils.minio :   MinIO không tìm thấy: 2026-04-03_07-26/fact_tong_hop_sv.parquet
[2026-04-03T07:26:39.642+0000] {minio_client.py:229} WARNING -   MinIO không tìm thấy: 2026-04-03_07-26/fact_tong_hop_sv.parquet
[2026-04-03T07:26:39.644+0000] {logging_mixin.py:188} WARNING - [2026-04-03 07:26:39] INFO    etl.transform : Load from staging-data OK — run_id=2026-04-03_07-26
[2026-04-03T07:26:39.644+0000] {transform.py:176} INFO - Load from staging-data OK — run_id=2026-04-03_07-26
[2026-04-03T07:26:39.645+0000] {logging_mixin.py:188} WARNING - [2026-04-03 07:26:39] INFO    etl.load : ==BẮT ĐẦU LOAD VÀO DATA WAREHOUSE==
[2026-04-03T07:26:39.645+0000] {load.py:34} INFO - ==BẮT ĐẦU LOAD VÀO DATA WAREHOUSE==
[2026-04-03T07:26:39.646+0000] {logging_mixin.py:188} WARNING - [2026-04-03 07:26:39] INFO    etl.load : ======================================================================
[2026-04-03T07:26:39.646+0000] {load.py:35} INFO - ======================================================================
[2026-04-03T07:26:39.647+0000] {logging_mixin.py:188} WARNING - [2026-04-03 07:26:39] INFO    etl.load : 🔧 Tạo schema warehouse từ warehouse_models.py...
[2026-04-03T07:26:39.647+0000] {load.py:96} INFO - 🔧 Tạo schema warehouse từ warehouse_models.py...
[2026-04-03T07:26:39.665+0000] {logging_mixin.py:188} WARNING - [2026-04-03 07:26:39] INFO    etl.load :   Schema warehouse OK ✓
[2026-04-03T07:26:39.665+0000] {load.py:98} INFO -   Schema warehouse OK ✓
[2026-04-03T07:26:39.667+0000] {logging_mixin.py:188} WARNING - [2026-04-03 07:26:39] INFO    etl.load : ── Bước 1: Load Dimension Tables ──
[2026-04-03T07:26:39.667+0000] {load.py:41} INFO - ── Bước 1: Load Dimension Tables ──
[2026-04-03T07:26:39.692+0000] {logging_mixin.py:188} WARNING - [2026-04-03 07:26:39] INFO    etl.load :   dim_hoc_ky     →      9 records (new: 0)
[2026-04-03T07:26:39.692+0000] {load.py:185} INFO -   dim_hoc_ky     →      9 records (new: 0)
[2026-04-03T07:26:39.734+0000] {logging_mixin.py:188} WARNING - [2026-04-03 07:26:39] INFO    etl.load :   dim_giang_vien →     45 records (new: 0)
[2026-04-03T07:26:39.734+0000] {load.py:234} INFO -   dim_giang_vien →     45 records (new: 0)
[2026-04-03T07:26:39.840+0000] {logging_mixin.py:188} WARNING - [2026-04-03 07:26:39] INFO    etl.load :   dim_hoc_phan   →    121 records (new: 0)
[2026-04-03T07:26:39.840+0000] {load.py:282} INFO -   dim_hoc_phan   →    121 records (new: 0)
[2026-04-03T07:26:41.712+0000] {logging_mixin.py:188} WARNING - [2026-04-03 07:26:41] INFO    etl.load :   dim_sinh_vien →  1,695 records (new: 0, SCD2: 20, fact cascade: 931)
[2026-04-03T07:26:41.712+0000] {load.py:390} INFO -   dim_sinh_vien →  1,695 records (new: 0, SCD2: 20, fact cascade: 931)
[2026-04-03T07:26:41.713+0000] {logging_mixin.py:188} WARNING - [2026-04-03 07:26:41] INFO    etl.load : ── Bước 2: Build Surrogate Key Cache ──
[2026-04-03T07:26:41.713+0000] {load.py:47} INFO - ── Bước 2: Build Surrogate Key Cache ──
[2026-04-03T07:26:41.714+0000] {logging_mixin.py:188} WARNING - [2026-04-03 07:26:41] INFO    etl.load :  Building surrogate key caches...
[2026-04-03T07:26:41.714+0000] {load.py:101} INFO -  Building surrogate key caches...
[2026-04-03T07:26:41.727+0000] {logging_mixin.py:188} WARNING - [2026-04-03 07:26:41] INFO    etl.load :   SV=1695, HP=121, GV=45, HK=9
[2026-04-03T07:26:41.727+0000] {load.py:129} INFO -   SV=1695, HP=121, GV=45, HK=9
[2026-04-03T07:26:41.729+0000] {logging_mixin.py:188} WARNING - [2026-04-03 07:26:41] INFO    etl.load : ── Bước 3: Load Fact Tables ──
[2026-04-03T07:26:41.729+0000] {load.py:50} INFO - ── Bước 3: Load Fact Tables ──
[2026-04-03T07:27:58.569+0000] {logging_mixin.py:188} WARNING - [2026-04-03 07:27:58] INFO    etl.load :   fact_hoc_tap   →      0 records
[2026-04-03T07:27:58.569+0000] {load.py:522} INFO -   fact_hoc_tap   →      0 records
[2026-04-03T07:28:04.412+0000] {logging_mixin.py:188} WARNING - [2026-04-03 07:28:04] INFO    etl.load :   fact_ctsv      →      0 records
[2026-04-03T07:28:04.411+0000] {load.py:641} INFO -   fact_ctsv      →      0 records
[2026-04-03T07:28:14.190+0000] {logging_mixin.py:188} WARNING - [2026-04-03 07:28:14] INFO    etl.load :   fact_tai_chinh →      0 records
[2026-04-03T07:28:14.190+0000] {load.py:702} INFO -   fact_tai_chinh →      0 records
[2026-04-03T07:28:14.192+0000] {logging_mixin.py:188} WARNING - [2026-04-03 07:28:14] INFO    etl.load : ── Bước 4: Build Aggregation ──
[2026-04-03T07:28:14.192+0000] {load.py:55} INFO - ── Bước 4: Build Aggregation ──
[2026-04-03T07:28:14.194+0000] {logging_mixin.py:188} WARNING - [2026-04-03 07:28:14] INFO    etl.aggregation : == BẮT ĐẦU AGGREGATION ==
[2026-04-03T07:28:14.194+0000] {aggregation.py:35} INFO - == BẮT ĐẦU AGGREGATION ==
[2026-04-03T07:28:14.463+0000] {logging_mixin.py:188} WARNING - [2026-04-03 07:28:14] INFO    etl.aggregation :  agg_student_summary → 1,695 records
[2026-04-03T07:28:14.463+0000] {aggregation.py:208} INFO -  agg_student_summary → 1,695 records
[2026-04-03T07:28:14.465+0000] {logging_mixin.py:188} WARNING - [2026-04-03 07:28:14] INFO    etl.aggregation :  agg_student_summary rebuilt : 1,695
[2026-04-03T07:28:14.465+0000] {aggregation.py:37} INFO -  agg_student_summary rebuilt : 1,695
[2026-04-03T07:28:14.466+0000] {logging_mixin.py:188} WARNING - [2026-04-03 07:28:14] INFO    etl.aggregation : == AGGREGATION HOÀN TẤT ==
[2026-04-03T07:28:14.466+0000] {aggregation.py:38} INFO - == AGGREGATION HOÀN TẤT ==
[2026-04-03T07:28:14.467+0000] {logging_mixin.py:188} WARNING - [2026-04-03 07:28:14] INFO    etl.load : ======================================================================
[2026-04-03T07:28:14.467+0000] {load.py:59} INFO - ======================================================================
[2026-04-03T07:28:14.468+0000] {logging_mixin.py:188} WARNING - [2026-04-03 07:28:14] INFO    etl.load : LOAD HOÀN TẤT
[2026-04-03T07:28:14.468+0000] {load.py:60} INFO - LOAD HOÀN TẤT
[2026-04-03T07:28:14.470+0000] {logging_mixin.py:188} WARNING - [2026-04-03 07:28:14] INFO    etl.load :   dim_hoc_ky               :        9 records
[2026-04-03T07:28:14.470+0000] {load.py:63} INFO -   dim_hoc_ky               :        9 records
[2026-04-03T07:28:14.470+0000] {logging_mixin.py:188} WARNING - [2026-04-03 07:28:14] INFO    etl.load :   dim_giang_vien           :       45 records
[2026-04-03T07:28:14.470+0000] {load.py:63} INFO -   dim_giang_vien           :       45 records
[2026-04-03T07:28:14.471+0000] {logging_mixin.py:188} WARNING - [2026-04-03 07:28:14] INFO    etl.load :   dim_hoc_phan             :      121 records
[2026-04-03T07:28:14.471+0000] {load.py:63} INFO -   dim_hoc_phan             :      121 records
[2026-04-03T07:28:14.472+0000] {logging_mixin.py:188} WARNING - [2026-04-03 07:28:14] INFO    etl.load :   dim_sinh_vien            :       20 records
[2026-04-03T07:28:14.472+0000] {load.py:63} INFO -   dim_sinh_vien            :       20 records
[2026-04-03T07:28:14.473+0000] {logging_mixin.py:188} WARNING - [2026-04-03 07:28:14] INFO    etl.load :   fact_hoc_tap             :        0 records
[2026-04-03T07:28:14.473+0000] {load.py:63} INFO -   fact_hoc_tap             :        0 records
[2026-04-03T07:28:14.474+0000] {logging_mixin.py:188} WARNING - [2026-04-03 07:28:14] INFO    etl.load :   fact_ctsv                :        0 records
[2026-04-03T07:28:14.474+0000] {load.py:63} INFO -   fact_ctsv                :        0 records
[2026-04-03T07:28:14.474+0000] {logging_mixin.py:188} WARNING - [2026-04-03 07:28:14] INFO    etl.load :   fact_tai_chinh           :        0 records
[2026-04-03T07:28:14.474+0000] {load.py:63} INFO -   fact_tai_chinh           :        0 records
[2026-04-03T07:28:14.475+0000] {logging_mixin.py:188} WARNING - [2026-04-03 07:28:14] INFO    etl.load :   agg_student_summary      :    1,695 records
[2026-04-03T07:28:14.475+0000] {load.py:63} INFO -   agg_student_summary      :    1,695 records
[2026-04-03T07:28:14.476+0000] {logging_mixin.py:188} WARNING - [2026-04-03 07:28:14] INFO    etl.load :   TỔNG                     :    1,890 records
[2026-04-03T07:28:14.476+0000] {load.py:65} INFO -   TỔNG                     :    1,890 records
[2026-04-03T07:28:14.477+0000] {logging_mixin.py:188} WARNING - [2026-04-03 07:28:14] INFO    etl.load : ======================================================================
[2026-04-03T07:28:14.477+0000] {load.py:66} INFO - ======================================================================
[2026-04-03T07:28:14.493+0000] {logging_mixin.py:188} INFO - Load xong: {'dim_hoc_ky': 9, 'dim_giang_vien': 45, 'dim_hoc_phan': 121, 'dim_sinh_vien': 20, 'fact_hoc_tap': 0, 'fact_ctsv': 0, 'fact_tai_chinh': 0, 'agg_student_summary': 1695}
[2026-04-03T07:28:14.496+0000] {python.py:201} INFO - Done. Returned value was: {'dim_hoc_ky': 9, 'dim_giang_vien': 45, 'dim_hoc_phan': 121, 'dim_sinh_vien': 20, 'fact_hoc_tap': 0, 'fact_ctsv': 0, 'fact_tai_chinh': 0, 'agg_student_summary': 1695}
[2026-04-03T07:28:14.526+0000] {taskinstance.py:1138} INFO - Marking task as SUCCESS. dag_id=daily_student_pipeline, task_id=load_data, execution_date=20260403T072622, start_date=20260403T072638, end_date=20260403T072814
[2026-04-03T07:28:14.567+0000] {local_task_job_runner.py:234} INFO - Task exited with return code 0
[2026-04-03T07:28:14.606+0000] {taskinstance.py:3280} INFO - 1 downstream tasks scheduled from follow-on schedule check
