[2026-04-04T06:35:34.801+0000] {taskinstance.py:1956} INFO - Dependencies all met for dep_context=non-requeueable deps ti=<TaskInstance: daily_student_pipeline.load_data manual__2026-04-04T06:35:32.260989+00:00 [queued]>
[2026-04-04T06:35:34.818+0000] {taskinstance.py:1956} INFO - Dependencies all met for dep_context=requeueable deps ti=<TaskInstance: daily_student_pipeline.load_data manual__2026-04-04T06:35:32.260989+00:00 [queued]>
[2026-04-04T06:35:34.819+0000] {taskinstance.py:2170} INFO - Starting attempt 1 of 1
[2026-04-04T06:35:34.858+0000] {taskinstance.py:2191} INFO - Executing <Task(PythonOperator): load_data> on 2026-04-04 06:35:32.260989+00:00
[2026-04-04T06:35:34.883+0000] {standard_task_runner.py:60} INFO - Started process 2471 to run task
[2026-04-04T06:35:34.907+0000] {standard_task_runner.py:87} INFO - Running: ['***', 'tasks', 'run', 'daily_student_pipeline', 'load_data', 'manual__2026-04-04T06:35:32.260989+00:00', '--job-id', '166', '--raw', '--subdir', 'DAGS_FOLDER/daily_student_pipeline.py', '--cfg-path', '/tmp/tmpvl8ejl5m']
[2026-04-04T06:35:34.939+0000] {standard_task_runner.py:88} INFO - Job 166: Subtask load_data
[2026-04-04T06:35:35.361+0000] {task_command.py:423} INFO - Running <TaskInstance: daily_student_pipeline.load_data manual__2026-04-04T06:35:32.260989+00:00 [running]> on host 1c62953c8918
[2026-04-04T06:35:35.779+0000] {taskinstance.py:2480} INFO - Exporting env vars: AIRFLOW_CTX_DAG_OWNER='nhom8' AIRFLOW_CTX_DAG_ID='daily_student_pipeline' AIRFLOW_CTX_TASK_ID='load_data' AIRFLOW_CTX_EXECUTION_DATE='2026-04-04T06:35:32.260989+00:00' AIRFLOW_CTX_TRY_NUMBER='1' AIRFLOW_CTX_DAG_RUN_ID='manual__2026-04-04T06:35:32.260989+00:00'
[2026-04-04T06:35:39.855+0000] {logging_mixin.py:188} WARNING - [2026-04-04 06:35:39] INFO    utils.minio :   MinIO run mới nhất: 2026-04-04_05-49
[2026-04-04T06:35:39.855+0000] {minio_client.py:283} INFO -   MinIO run mới nhất: 2026-04-04_05-49
[2026-04-04T06:35:39.857+0000] {logging_mixin.py:188} WARNING - [2026-04-04 06:35:39] INFO    etl.transform :   Load TransformedData từ MinIO staging: run_id=2026-04-04_05-49
[2026-04-04T06:35:39.857+0000] {transform.py:162} INFO -   Load TransformedData từ MinIO staging: run_id=2026-04-04_05-49
[2026-04-04T06:35:40.324+0000] {logging_mixin.py:188} WARNING - [2026-04-04 06:35:40] INFO    utils.minio :   MinIO ↓ [staging-data] 2026-04-04_05-49/dim_hoc_ky.parquet (9 rows)
[2026-04-04T06:35:40.324+0000] {minio_client.py:223} INFO -   MinIO ↓ [staging-data] 2026-04-04_05-49/dim_hoc_ky.parquet (9 rows)
[2026-04-04T06:35:40.366+0000] {logging_mixin.py:188} WARNING - [2026-04-04 06:35:40] INFO    utils.minio :   MinIO ↓ [staging-data] 2026-04-04_05-49/dim_giang_vien.parquet (45 rows)
[2026-04-04T06:35:40.366+0000] {minio_client.py:223} INFO -   MinIO ↓ [staging-data] 2026-04-04_05-49/dim_giang_vien.parquet (45 rows)
[2026-04-04T06:35:40.393+0000] {logging_mixin.py:188} WARNING - [2026-04-04 06:35:40] INFO    utils.minio :   MinIO ↓ [staging-data] 2026-04-04_05-49/dim_hoc_phan.parquet (121 rows)
[2026-04-04T06:35:40.393+0000] {minio_client.py:223} INFO -   MinIO ↓ [staging-data] 2026-04-04_05-49/dim_hoc_phan.parquet (121 rows)
[2026-04-04T06:35:40.498+0000] {logging_mixin.py:188} WARNING - [2026-04-04 06:35:40] INFO    utils.minio :   MinIO ↓ [staging-data] 2026-04-04_05-49/dim_sinh_vien.parquet (1,695 rows)
[2026-04-04T06:35:40.498+0000] {minio_client.py:223} INFO -   MinIO ↓ [staging-data] 2026-04-04_05-49/dim_sinh_vien.parquet (1,695 rows)
[2026-04-04T06:35:40.839+0000] {logging_mixin.py:188} WARNING - [2026-04-04 06:35:40] INFO    utils.minio :   MinIO ↓ [staging-data] 2026-04-04_05-49/fact_diem.parquet (58,001 rows)
[2026-04-04T06:35:40.838+0000] {minio_client.py:223} INFO -   MinIO ↓ [staging-data] 2026-04-04_05-49/fact_diem.parquet (58,001 rows)
[2026-04-04T06:35:40.881+0000] {logging_mixin.py:188} WARNING - [2026-04-04 06:35:40] INFO    utils.minio :   MinIO ↓ [staging-data] 2026-04-04_05-49/fact_ren_luyen.parquet (9,238 rows)
[2026-04-04T06:35:40.880+0000] {minio_client.py:223} INFO -   MinIO ↓ [staging-data] 2026-04-04_05-49/fact_ren_luyen.parquet (9,238 rows)
[2026-04-04T06:35:40.929+0000] {logging_mixin.py:188} WARNING - [2026-04-04 06:35:40] INFO    utils.minio :   MinIO ↓ [staging-data] 2026-04-04_05-49/fact_tai_chinh.parquet (9,238 rows)
[2026-04-04T06:35:40.929+0000] {minio_client.py:223} INFO -   MinIO ↓ [staging-data] 2026-04-04_05-49/fact_tai_chinh.parquet (9,238 rows)
[2026-04-04T06:35:40.945+0000] {logging_mixin.py:188} WARNING - [2026-04-04 06:35:40] WARNING utils.minio :   MinIO không tìm thấy: 2026-04-04_05-49/fact_tong_hop_sv.parquet
[2026-04-04T06:35:40.944+0000] {minio_client.py:229} WARNING -   MinIO không tìm thấy: 2026-04-04_05-49/fact_tong_hop_sv.parquet
[2026-04-04T06:35:40.948+0000] {logging_mixin.py:188} WARNING - [2026-04-04 06:35:40] INFO    etl.transform : Load from staging-data OK — run_id=2026-04-04_05-49
[2026-04-04T06:35:40.948+0000] {transform.py:175} INFO - Load from staging-data OK — run_id=2026-04-04_05-49
[2026-04-04T06:35:40.950+0000] {logging_mixin.py:188} WARNING - [2026-04-04 06:35:40] INFO    etl.load : ==BẮT ĐẦU LOAD VÀO DATA WAREHOUSE==
[2026-04-04T06:35:40.949+0000] {load.py:34} INFO - ==BẮT ĐẦU LOAD VÀO DATA WAREHOUSE==
[2026-04-04T06:35:40.951+0000] {logging_mixin.py:188} WARNING - [2026-04-04 06:35:40] INFO    etl.load : ======================================================================
[2026-04-04T06:35:40.951+0000] {load.py:35} INFO - ======================================================================
[2026-04-04T06:35:40.952+0000] {logging_mixin.py:188} WARNING - [2026-04-04 06:35:40] INFO    etl.load : 🔧 Tạo schema warehouse từ warehouse_models.py...
[2026-04-04T06:35:40.952+0000] {load.py:96} INFO - 🔧 Tạo schema warehouse từ warehouse_models.py...
[2026-04-04T06:35:41.074+0000] {logging_mixin.py:188} WARNING - [2026-04-04 06:35:41] INFO    etl.load :   Schema warehouse OK ✓
[2026-04-04T06:35:41.073+0000] {load.py:98} INFO -   Schema warehouse OK ✓
[2026-04-04T06:35:41.075+0000] {logging_mixin.py:188} WARNING - [2026-04-04 06:35:41] INFO    etl.load : ── Bước 1: Load Dimension Tables ──
[2026-04-04T06:35:41.075+0000] {load.py:41} INFO - ── Bước 1: Load Dimension Tables ──
[2026-04-04T06:35:41.221+0000] {logging_mixin.py:188} WARNING - [2026-04-04 06:35:41] INFO    etl.load :   dim_hoc_ky     →      9 records (new: 0)
[2026-04-04T06:35:41.221+0000] {load.py:185} INFO -   dim_hoc_ky     →      9 records (new: 0)
[2026-04-04T06:35:41.332+0000] {logging_mixin.py:188} WARNING - [2026-04-04 06:35:41] INFO    etl.load :   dim_giang_vien →     45 records (new: 0)
[2026-04-04T06:35:41.332+0000] {load.py:234} INFO -   dim_giang_vien →     45 records (new: 0)
[2026-04-04T06:35:41.493+0000] {logging_mixin.py:188} WARNING - [2026-04-04 06:35:41] INFO    etl.load :   dim_hoc_phan   →    121 records (new: 0)
[2026-04-04T06:35:41.493+0000] {load.py:282} INFO -   dim_hoc_phan   →    121 records (new: 0)
[2026-04-04T06:35:51.918+0000] {logging_mixin.py:188} WARNING - [2026-04-04 06:35:51] INFO    etl.load :   dim_sinh_vien →  1,695 records (new: 0, SCD2: 947, fact cascade: 44784)
[2026-04-04T06:35:51.918+0000] {load.py:390} INFO -   dim_sinh_vien →  1,695 records (new: 0, SCD2: 947, fact cascade: 44784)
[2026-04-04T06:35:51.920+0000] {logging_mixin.py:188} WARNING - [2026-04-04 06:35:51] INFO    etl.load : ── Bước 2: Build Surrogate Key Cache ──
[2026-04-04T06:35:51.920+0000] {load.py:47} INFO - ── Bước 2: Build Surrogate Key Cache ──
[2026-04-04T06:35:51.921+0000] {logging_mixin.py:188} WARNING - [2026-04-04 06:35:51] INFO    etl.load :  Building surrogate key caches...
[2026-04-04T06:35:51.921+0000] {load.py:101} INFO -  Building surrogate key caches...
[2026-04-04T06:35:51.937+0000] {logging_mixin.py:188} WARNING - [2026-04-04 06:35:51] INFO    etl.load :   SV=1695, HP=121, GV=45, HK=9
[2026-04-04T06:35:51.937+0000] {load.py:129} INFO -   SV=1695, HP=121, GV=45, HK=9
[2026-04-04T06:35:51.939+0000] {logging_mixin.py:188} WARNING - [2026-04-04 06:35:51] INFO    etl.load : ── Bước 3: Load Fact Tables ──
[2026-04-04T06:35:51.939+0000] {load.py:50} INFO - ── Bước 3: Load Fact Tables ──
[2026-04-04T06:36:54.755+0000] {logging_mixin.py:188} WARNING - [2026-04-04 06:36:54] INFO    etl.load :   fact_hoc_tap   →  1,861 records
[2026-04-04T06:36:54.755+0000] {load.py:522} INFO -   fact_hoc_tap   →  1,861 records
[2026-04-04T06:37:04.015+0000] {logging_mixin.py:188} WARNING - [2026-04-04 06:37:04] INFO    etl.load :   fact_ctsv      →      2 records
[2026-04-04T06:37:04.015+0000] {load.py:641} INFO -   fact_ctsv      →      2 records
[2026-04-04T06:37:12.437+0000] {logging_mixin.py:188} WARNING - [2026-04-04 06:37:12] INFO    etl.load :   fact_tai_chinh →      2 records
[2026-04-04T06:37:12.437+0000] {load.py:702} INFO -   fact_tai_chinh →      2 records
[2026-04-04T06:37:12.439+0000] {logging_mixin.py:188} WARNING - [2026-04-04 06:37:12] INFO    etl.load : ── Bước 4: Build Aggregation ──
[2026-04-04T06:37:12.439+0000] {load.py:55} INFO - ── Bước 4: Build Aggregation ──
[2026-04-04T06:37:12.441+0000] {logging_mixin.py:188} WARNING - [2026-04-04 06:37:12] INFO    etl.aggregation : == BẮT ĐẦU AGGREGATION ==
[2026-04-04T06:37:12.440+0000] {aggregation.py:12} INFO - == BẮT ĐẦU AGGREGATION ==
[2026-04-04T06:37:12.667+0000] {logging_mixin.py:188} WARNING - [2026-04-04 06:37:12] INFO    etl.aggregation :   agg_student_summary → 1,695 records
[2026-04-04T06:37:12.667+0000] {aggregation.py:142} INFO -   agg_student_summary → 1,695 records
[2026-04-04T06:37:12.669+0000] {logging_mixin.py:188} WARNING - [2026-04-04 06:37:12] INFO    etl.aggregation :  agg_student_summary rebuilt : 1,695
[2026-04-04T06:37:12.669+0000] {aggregation.py:14} INFO -  agg_student_summary rebuilt : 1,695
[2026-04-04T06:37:12.671+0000] {logging_mixin.py:188} WARNING - [2026-04-04 06:37:12] INFO    etl.aggregation : == AGGREGATION HOÀN TẤT ==
[2026-04-04T06:37:12.671+0000] {aggregation.py:15} INFO - == AGGREGATION HOÀN TẤT ==
[2026-04-04T06:37:12.674+0000] {logging_mixin.py:188} WARNING - [2026-04-04 06:37:12] INFO    etl.load : ======================================================================
[2026-04-04T06:37:12.674+0000] {load.py:59} INFO - ======================================================================
[2026-04-04T06:37:12.676+0000] {logging_mixin.py:188} WARNING - [2026-04-04 06:37:12] INFO    etl.load : LOAD HOÀN TẤT
[2026-04-04T06:37:12.676+0000] {load.py:60} INFO - LOAD HOÀN TẤT
[2026-04-04T06:37:12.677+0000] {logging_mixin.py:188} WARNING - [2026-04-04 06:37:12] INFO    etl.load :   dim_hoc_ky               :        9 records
[2026-04-04T06:37:12.677+0000] {load.py:63} INFO -   dim_hoc_ky               :        9 records
[2026-04-04T06:37:12.677+0000] {logging_mixin.py:188} WARNING - [2026-04-04 06:37:12] INFO    etl.load :   dim_giang_vien           :       45 records
[2026-04-04T06:37:12.677+0000] {load.py:63} INFO -   dim_giang_vien           :       45 records
[2026-04-04T06:37:12.678+0000] {logging_mixin.py:188} WARNING - [2026-04-04 06:37:12] INFO    etl.load :   dim_hoc_phan             :      121 records
[2026-04-04T06:37:12.678+0000] {load.py:63} INFO -   dim_hoc_phan             :      121 records
[2026-04-04T06:37:12.678+0000] {logging_mixin.py:188} WARNING - [2026-04-04 06:37:12] INFO    etl.load :   dim_sinh_vien            :      947 records
[2026-04-04T06:37:12.678+0000] {load.py:63} INFO -   dim_sinh_vien            :      947 records
[2026-04-04T06:37:12.679+0000] {logging_mixin.py:188} WARNING - [2026-04-04 06:37:12] INFO    etl.load :   fact_hoc_tap             :    1,861 records
[2026-04-04T06:37:12.679+0000] {load.py:63} INFO -   fact_hoc_tap             :    1,861 records
[2026-04-04T06:37:12.680+0000] {logging_mixin.py:188} WARNING - [2026-04-04 06:37:12] INFO    etl.load :   fact_ctsv                :        2 records
[2026-04-04T06:37:12.680+0000] {load.py:63} INFO -   fact_ctsv                :        2 records
[2026-04-04T06:37:12.681+0000] {logging_mixin.py:188} WARNING - [2026-04-04 06:37:12] INFO    etl.load :   fact_tai_chinh           :        2 records
[2026-04-04T06:37:12.681+0000] {load.py:63} INFO -   fact_tai_chinh           :        2 records
[2026-04-04T06:37:12.682+0000] {logging_mixin.py:188} WARNING - [2026-04-04 06:37:12] INFO    etl.load :   agg_student_summary      :    1,695 records
[2026-04-04T06:37:12.682+0000] {load.py:63} INFO -   agg_student_summary      :    1,695 records
[2026-04-04T06:37:12.683+0000] {logging_mixin.py:188} WARNING - [2026-04-04 06:37:12] INFO    etl.load :   TỔNG                     :    4,682 records
[2026-04-04T06:37:12.683+0000] {load.py:65} INFO -   TỔNG                     :    4,682 records
[2026-04-04T06:37:12.684+0000] {logging_mixin.py:188} WARNING - [2026-04-04 06:37:12] INFO    etl.load : ======================================================================
[2026-04-04T06:37:12.684+0000] {load.py:66} INFO - ======================================================================
[2026-04-04T06:37:12.699+0000] {logging_mixin.py:188} INFO - Load xong: {'dim_hoc_ky': 9, 'dim_giang_vien': 45, 'dim_hoc_phan': 121, 'dim_sinh_vien': 947, 'fact_hoc_tap': 1861, 'fact_ctsv': 2, 'fact_tai_chinh': 2, 'agg_student_summary': 1695}
[2026-04-04T06:37:12.701+0000] {python.py:201} INFO - Done. Returned value was: {'dim_hoc_ky': 9, 'dim_giang_vien': 45, 'dim_hoc_phan': 121, 'dim_sinh_vien': 947, 'fact_hoc_tap': 1861, 'fact_ctsv': 2, 'fact_tai_chinh': 2, 'agg_student_summary': 1695}
[2026-04-04T06:37:12.724+0000] {taskinstance.py:1138} INFO - Marking task as SUCCESS. dag_id=daily_student_pipeline, task_id=load_data, execution_date=20260404T063532, start_date=20260404T063534, end_date=20260404T063712
[2026-04-04T06:37:12.768+0000] {local_task_job_runner.py:234} INFO - Task exited with return code 0
[2026-04-04T06:37:12.786+0000] {taskinstance.py:3280} INFO - 0 downstream tasks scheduled from follow-on schedule check
