[2026-04-02T13:33:06.594+0000] {taskinstance.py:1956} INFO - Dependencies all met for dep_context=non-requeueable deps ti=<TaskInstance: daily_student_pipeline.transform_data manual__2026-04-02T13:32:56.117045+00:00 [queued]>
[2026-04-02T13:33:06.602+0000] {taskinstance.py:1956} INFO - Dependencies all met for dep_context=requeueable deps ti=<TaskInstance: daily_student_pipeline.transform_data manual__2026-04-02T13:32:56.117045+00:00 [queued]>
[2026-04-02T13:33:06.603+0000] {taskinstance.py:2170} INFO - Starting attempt 1 of 1
[2026-04-02T13:33:06.614+0000] {taskinstance.py:2191} INFO - Executing <Task(PythonOperator): transform_data> on 2026-04-02 13:32:56.117045+00:00
[2026-04-02T13:33:06.618+0000] {standard_task_runner.py:60} INFO - Started process 827 to run task
[2026-04-02T13:33:06.621+0000] {standard_task_runner.py:87} INFO - Running: ['***', 'tasks', 'run', 'daily_student_pipeline', 'transform_data', 'manual__2026-04-02T13:32:56.117045+00:00', '--job-id', '112', '--raw', '--subdir', 'DAGS_FOLDER/daily_student_pipeline.py', '--cfg-path', '/tmp/tmpca39n2hp']
[2026-04-02T13:33:06.623+0000] {standard_task_runner.py:88} INFO - Job 112: Subtask transform_data
[2026-04-02T13:33:06.693+0000] {task_command.py:423} INFO - Running <TaskInstance: daily_student_pipeline.transform_data manual__2026-04-02T13:32:56.117045+00:00 [running]> on host 1c62953c8918
[2026-04-02T13:33:06.784+0000] {taskinstance.py:2480} INFO - Exporting env vars: AIRFLOW_CTX_DAG_OWNER='nhom8' AIRFLOW_CTX_DAG_ID='daily_student_pipeline' AIRFLOW_CTX_TASK_ID='transform_data' AIRFLOW_CTX_EXECUTION_DATE='2026-04-02T13:32:56.117045+00:00' AIRFLOW_CTX_TRY_NUMBER='1' AIRFLOW_CTX_DAG_RUN_ID='manual__2026-04-02T13:32:56.117045+00:00'
[2026-04-02T13:33:07.406+0000] {logging_mixin.py:188} WARNING - [2026-04-02 13:33:07] INFO    etl.extract :   Load from MinIO staging: run_id=2026-04-02_13-33
[2026-04-02T13:33:07.406+0000] {extract.py:352} INFO -   Load from MinIO staging: run_id=2026-04-02_13-33
[2026-04-02T13:33:07.438+0000] {logging_mixin.py:188} WARNING - [2026-04-02 13:33:07] INFO    utils.minio :   MinIO ↓ [raw-data] 2026-04-02_13-33/nguon1_khoa.parquet (4 rows)
[2026-04-02T13:33:07.438+0000] {minio_client.py:223} INFO -   MinIO ↓ [raw-data] 2026-04-02_13-33/nguon1_khoa.parquet (4 rows)
[2026-04-02T13:33:07.450+0000] {logging_mixin.py:188} WARNING - [2026-04-02 13:33:07] INFO    utils.minio :   MinIO ↓ [raw-data] 2026-04-02_13-33/nguon1_nganh.parquet (3 rows)
[2026-04-02T13:33:07.449+0000] {minio_client.py:223} INFO -   MinIO ↓ [raw-data] 2026-04-02_13-33/nguon1_nganh.parquet (3 rows)
[2026-04-02T13:33:07.467+0000] {logging_mixin.py:188} WARNING - [2026-04-02 13:33:07] INFO    utils.minio :   MinIO ↓ [raw-data] 2026-04-02_13-33/nguon1_giang_vien.parquet (45 rows)
[2026-04-02T13:33:07.467+0000] {minio_client.py:223} INFO -   MinIO ↓ [raw-data] 2026-04-02_13-33/nguon1_giang_vien.parquet (45 rows)
[2026-04-02T13:33:07.481+0000] {logging_mixin.py:188} WARNING - [2026-04-02 13:33:07] INFO    utils.minio :   MinIO ↓ [raw-data] 2026-04-02_13-33/nguon1_lop_hanh_chinh.parquet (48 rows)
[2026-04-02T13:33:07.481+0000] {minio_client.py:223} INFO -   MinIO ↓ [raw-data] 2026-04-02_13-33/nguon1_lop_hanh_chinh.parquet (48 rows)
[2026-04-02T13:33:07.494+0000] {logging_mixin.py:188} WARNING - [2026-04-02 13:33:07] INFO    utils.minio :   MinIO ↓ [raw-data] 2026-04-02_13-33/nguon1_sinh_vien.parquet (1,695 rows)
[2026-04-02T13:33:07.494+0000] {minio_client.py:223} INFO -   MinIO ↓ [raw-data] 2026-04-02_13-33/nguon1_sinh_vien.parquet (1,695 rows)
[2026-04-02T13:33:07.505+0000] {logging_mixin.py:188} WARNING - [2026-04-02 13:33:07] INFO    utils.minio :   MinIO ↓ [raw-data] 2026-04-02_13-33/nguon1_hoc_phan.parquet (121 rows)
[2026-04-02T13:33:07.505+0000] {minio_client.py:223} INFO -   MinIO ↓ [raw-data] 2026-04-02_13-33/nguon1_hoc_phan.parquet (121 rows)
[2026-04-02T13:33:07.516+0000] {logging_mixin.py:188} WARNING - [2026-04-02 13:33:07] INFO    utils.minio :   MinIO ↓ [raw-data] 2026-04-02_13-33/nguon1_hoc_ky.parquet (9 rows)
[2026-04-02T13:33:07.516+0000] {minio_client.py:223} INFO -   MinIO ↓ [raw-data] 2026-04-02_13-33/nguon1_hoc_ky.parquet (9 rows)
[2026-04-02T13:33:07.537+0000] {logging_mixin.py:188} WARNING - [2026-04-02 13:33:07] INFO    utils.minio :   MinIO ↓ [raw-data] 2026-04-02_13-33/nguon1_dang_ky.parquet (54,529 rows)
[2026-04-02T13:33:07.537+0000] {minio_client.py:223} INFO -   MinIO ↓ [raw-data] 2026-04-02_13-33/nguon1_dang_ky.parquet (54,529 rows)
[2026-04-02T13:33:07.564+0000] {logging_mixin.py:188} WARNING - [2026-04-02 13:33:07] INFO    utils.minio :   MinIO ↓ [raw-data] 2026-04-02_13-33/nguon1_diem.parquet (54,529 rows)
[2026-04-02T13:33:07.564+0000] {minio_client.py:223} INFO -   MinIO ↓ [raw-data] 2026-04-02_13-33/nguon1_diem.parquet (54,529 rows)
[2026-04-02T13:33:07.586+0000] {logging_mixin.py:188} WARNING - [2026-04-02 13:33:07] INFO    utils.minio :   MinIO ↓ [raw-data] 2026-04-02_13-33/nguon1_tong_hop_ket_qua.parquet (1,695 rows)
[2026-04-02T13:33:07.586+0000] {minio_client.py:223} INFO -   MinIO ↓ [raw-data] 2026-04-02_13-33/nguon1_tong_hop_ket_qua.parquet (1,695 rows)
[2026-04-02T13:33:07.605+0000] {logging_mixin.py:188} WARNING - [2026-04-02 13:33:07] INFO    utils.minio :   MinIO ↓ [raw-data] 2026-04-02_13-33/nguon2_ctsv.parquet (8,990 rows)
[2026-04-02T13:33:07.605+0000] {minio_client.py:223} INFO -   MinIO ↓ [raw-data] 2026-04-02_13-33/nguon2_ctsv.parquet (8,990 rows)
[2026-04-02T13:33:07.623+0000] {logging_mixin.py:188} WARNING - [2026-04-02 13:33:07] INFO    utils.minio :   MinIO ↓ [raw-data] 2026-04-02_13-33/nguon3_tai_chinh.parquet (8,990 rows)
[2026-04-02T13:33:07.623+0000] {minio_client.py:223} INFO -   MinIO ↓ [raw-data] 2026-04-02_13-33/nguon3_tai_chinh.parquet (8,990 rows)
[2026-04-02T13:33:07.625+0000] {logging_mixin.py:188} WARNING - [2026-04-02 13:33:07] INFO    etl.extract :  Load from staging OK — run_id=2026-04-02_13-33
[2026-04-02T13:33:07.625+0000] {extract.py:369} INFO -  Load from staging OK — run_id=2026-04-02_13-33
[2026-04-02T13:33:07.627+0000] {logging_mixin.py:188} WARNING - [2026-04-02 13:33:07] INFO    etl.transform : ==BẮT ĐẦU TRANSFORM==
[2026-04-02T13:33:07.627+0000] {transform.py:68} INFO - ==BẮT ĐẦU TRANSFORM==
[2026-04-02T13:33:07.628+0000] {logging_mixin.py:188} WARNING - [2026-04-02 13:33:07] INFO    etl.transform : ======================================================================
[2026-04-02T13:33:07.628+0000] {transform.py:69} INFO - ======================================================================
[2026-04-02T13:33:07.631+0000] {logging_mixin.py:188} WARNING - [2026-04-02 13:33:07] INFO    etl.transform : ── Bước 1: Transform Dimension Tables ──
[2026-04-02T13:33:07.631+0000] {transform.py:73} INFO - ── Bước 1: Transform Dimension Tables ──
[2026-04-02T13:33:07.637+0000] {logging_mixin.py:188} WARNING - [2026-04-02 13:33:07] INFO    etl.transform :   dim_thoi_gian (→dim_hoc_ky)  →      9 records
[2026-04-02T13:33:07.637+0000] {transform.py:199} INFO -   dim_thoi_gian (→dim_hoc_ky)  →      9 records
[2026-04-02T13:33:07.643+0000] {logging_mixin.py:188} WARNING - [2026-04-02 13:33:07] INFO    etl.transform :   dim_giang_vien              →     45 records
[2026-04-02T13:33:07.642+0000] {transform.py:227} INFO -   dim_giang_vien              →     45 records
[2026-04-02T13:33:07.646+0000] {logging_mixin.py:188} WARNING - [2026-04-02 13:33:07] INFO    etl.transform :   dim_hoc_phan                →    121 records
[2026-04-02T13:33:07.646+0000] {transform.py:259} INFO -   dim_hoc_phan                →    121 records
[2026-04-02T13:33:07.663+0000] {logging_mixin.py:188} WARNING - [2026-04-02 13:33:07] INFO    etl.transform :   dim_sinh_vien               →  1,695 records
[2026-04-02T13:33:07.663+0000] {transform.py:337} INFO -   dim_sinh_vien               →  1,695 records
[2026-04-02T13:33:07.665+0000] {logging_mixin.py:188} WARNING - [2026-04-02 13:33:07] INFO    etl.transform : ── Bước 2: Transform Fact Tables ──
[2026-04-02T13:33:07.665+0000] {transform.py:92} INFO - ── Bước 2: Transform Fact Tables ──
[2026-04-02T13:33:07.732+0000] {logging_mixin.py:188} WARNING - [2026-04-02 13:33:07] INFO    etl.transform :   fact_diem (→fact_hoc_tap)    → 54,529 records
[2026-04-02T13:33:07.732+0000] {transform.py:415} INFO -   fact_diem (→fact_hoc_tap)    → 54,529 records
[2026-04-02T13:33:07.748+0000] {logging_mixin.py:188} WARNING - [2026-04-02 13:33:07] INFO    etl.transform :   fact_ren_luyen (→fact_ctsv)  →  8,990 records
[2026-04-02T13:33:07.748+0000] {transform.py:456} INFO -   fact_ren_luyen (→fact_ctsv)  →  8,990 records
[2026-04-02T13:33:07.758+0000] {logging_mixin.py:188} WARNING - [2026-04-02 13:33:07] INFO    etl.transform :   fact_tai_chinh               →  8,990 records
[2026-04-02T13:33:07.758+0000] {transform.py:493} INFO -   fact_tai_chinh               →  8,990 records
[2026-04-02T13:33:07.760+0000] {logging_mixin.py:188} WARNING - [2026-04-02 13:33:07] INFO    etl.transform : ── Bước 3: Tổng hợp đa nguồn ──
[2026-04-02T13:33:07.760+0000] {transform.py:105} INFO - ── Bước 3: Tổng hợp đa nguồn ──
[2026-04-02T13:33:07.762+0000] {logging_mixin.py:188} WARNING - [2026-04-02 13:33:07] INFO    etl.transform : ======================================================================
[2026-04-02T13:33:07.762+0000] {transform.py:108} INFO - ======================================================================
[2026-04-02T13:33:07.764+0000] {logging_mixin.py:188} WARNING - [2026-04-02 13:33:07] INFO    etl.transform : TRANSFORM HOÀN TẤT
[2026-04-02T13:33:07.764+0000] {transform.py:109} INFO - TRANSFORM HOÀN TẤT
[2026-04-02T13:33:07.766+0000] {logging_mixin.py:188} WARNING - [2026-04-02 13:33:07] INFO    etl.transform :    dim_giang_vien           :       45 records
[2026-04-02T13:33:07.766+0000] {transform.py:111} INFO -    dim_giang_vien           :       45 records
[2026-04-02T13:33:07.771+0000] {logging_mixin.py:188} WARNING - [2026-04-02 13:33:07] INFO    etl.transform :    dim_sinh_vien            :    1,695 records
[2026-04-02T13:33:07.771+0000] {transform.py:111} INFO -    dim_sinh_vien            :    1,695 records
[2026-04-02T13:33:07.774+0000] {logging_mixin.py:188} WARNING - [2026-04-02 13:33:07] INFO    etl.transform :    dim_hoc_phan             :      121 records
[2026-04-02T13:33:07.774+0000] {transform.py:111} INFO -    dim_hoc_phan             :      121 records
[2026-04-02T13:33:07.777+0000] {logging_mixin.py:188} WARNING - [2026-04-02 13:33:07] INFO    etl.transform :    dim_thoi_gian            :        9 records
[2026-04-02T13:33:07.777+0000] {transform.py:111} INFO -    dim_thoi_gian            :        9 records
[2026-04-02T13:33:07.783+0000] {logging_mixin.py:188} WARNING - [2026-04-02 13:33:07] INFO    etl.transform :    fact_diem                :   54,529 records
[2026-04-02T13:33:07.782+0000] {transform.py:111} INFO -    fact_diem                :   54,529 records
[2026-04-02T13:33:07.785+0000] {logging_mixin.py:188} WARNING - [2026-04-02 13:33:07] INFO    etl.transform :    fact_ren_luyen           :    8,990 records
[2026-04-02T13:33:07.784+0000] {transform.py:111} INFO -    fact_ren_luyen           :    8,990 records
[2026-04-02T13:33:07.786+0000] {logging_mixin.py:188} WARNING - [2026-04-02 13:33:07] INFO    etl.transform :    fact_tai_chinh           :    8,990 records
[2026-04-02T13:33:07.786+0000] {transform.py:111} INFO -    fact_tai_chinh           :    8,990 records
[2026-04-02T13:33:07.788+0000] {logging_mixin.py:188} WARNING - [2026-04-02 13:33:07] INFO    etl.transform :    fact_tong_hop_sv         :        0 records
[2026-04-02T13:33:07.788+0000] {transform.py:111} INFO -    fact_tong_hop_sv         :        0 records
[2026-04-02T13:33:07.789+0000] {logging_mixin.py:188} WARNING - [2026-04-02 13:33:07] INFO    etl.transform : ======================================================================
[2026-04-02T13:33:07.789+0000] {transform.py:112} INFO - ======================================================================
[2026-04-02T13:33:07.815+0000] {logging_mixin.py:188} WARNING - [2026-04-02 13:33:07] INFO    utils.minio :   MinIO ↑ [staging-data] 2026-04-02_13-33/dim_hoc_ky.parquet (5.3 KB | 9 rows)
[2026-04-02T13:33:07.815+0000] {minio_client.py:142} INFO -   MinIO ↑ [staging-data] 2026-04-02_13-33/dim_hoc_ky.parquet (5.3 KB | 9 rows)
[2026-04-02T13:33:07.829+0000] {logging_mixin.py:188} WARNING - [2026-04-02 13:33:07] INFO    utils.minio :   MinIO ↑ [staging-data] 2026-04-02_13-33/dim_giang_vien.parquet (8.9 KB | 45 rows)
[2026-04-02T13:33:07.829+0000] {minio_client.py:142} INFO -   MinIO ↑ [staging-data] 2026-04-02_13-33/dim_giang_vien.parquet (8.9 KB | 45 rows)
[2026-04-02T13:33:07.841+0000] {logging_mixin.py:188} WARNING - [2026-04-02 13:33:07] INFO    utils.minio :   MinIO ↑ [staging-data] 2026-04-02_13-33/dim_hoc_phan.parquet (11.0 KB | 121 rows)
[2026-04-02T13:33:07.841+0000] {minio_client.py:142} INFO -   MinIO ↑ [staging-data] 2026-04-02_13-33/dim_hoc_phan.parquet (11.0 KB | 121 rows)
[2026-04-02T13:33:07.857+0000] {logging_mixin.py:188} WARNING - [2026-04-02 13:33:07] INFO    utils.minio :   MinIO ↑ [staging-data] 2026-04-02_13-33/dim_sinh_vien.parquet (71.7 KB | 1,695 rows)
[2026-04-02T13:33:07.857+0000] {minio_client.py:142} INFO -   MinIO ↑ [staging-data] 2026-04-02_13-33/dim_sinh_vien.parquet (71.7 KB | 1,695 rows)
[2026-04-02T13:33:07.913+0000] {logging_mixin.py:188} WARNING - [2026-04-02 13:33:07] INFO    utils.minio :   MinIO ↑ [staging-data] 2026-04-02_13-33/fact_diem.parquet (821.9 KB | 54,529 rows)
[2026-04-02T13:33:07.913+0000] {minio_client.py:142} INFO -   MinIO ↑ [staging-data] 2026-04-02_13-33/fact_diem.parquet (821.9 KB | 54,529 rows)
[2026-04-02T13:33:07.931+0000] {logging_mixin.py:188} WARNING - [2026-04-02 13:33:07] INFO    utils.minio :   MinIO ↑ [staging-data] 2026-04-02_13-33/fact_ren_luyen.parquet (38.8 KB | 8,990 rows)
[2026-04-02T13:33:07.930+0000] {minio_client.py:142} INFO -   MinIO ↑ [staging-data] 2026-04-02_13-33/fact_ren_luyen.parquet (38.8 KB | 8,990 rows)
[2026-04-02T13:33:07.948+0000] {logging_mixin.py:188} WARNING - [2026-04-02 13:33:07] INFO    utils.minio :   MinIO ↑ [staging-data] 2026-04-02_13-33/fact_tai_chinh.parquet (65.1 KB | 8,990 rows)
[2026-04-02T13:33:07.948+0000] {minio_client.py:142} INFO -   MinIO ↑ [staging-data] 2026-04-02_13-33/fact_tai_chinh.parquet (65.1 KB | 8,990 rows)
[2026-04-02T13:33:07.949+0000] {logging_mixin.py:188} WARNING - [2026-04-02 13:33:07] WARNING utils.minio :   MinIO skip (empty): fact_tong_hop_sv.parquet
[2026-04-02T13:33:07.949+0000] {minio_client.py:120} WARNING -   MinIO skip (empty): fact_tong_hop_sv.parquet
[2026-04-02T13:33:07.950+0000] {logging_mixin.py:188} WARNING - [2026-04-02 13:33:07] INFO    etl.transform :   MinIO staging-data: 8/8 files OK → run_id=2026-04-02_13-33
[2026-04-02T13:33:07.950+0000] {transform.py:144} INFO -   MinIO staging-data: 8/8 files OK → run_id=2026-04-02_13-33
[2026-04-02T13:33:07.981+0000] {logging_mixin.py:188} INFO - Transform xong: {'dim_giang_vien': 45, 'dim_sinh_vien': 1695, 'dim_hoc_phan': 121, 'dim_thoi_gian': 9, 'fact_diem': 54529, 'fact_ren_luyen': 8990, 'fact_tai_chinh': 8990, 'fact_tong_hop_sv': 0}
[2026-04-02T13:33:07.984+0000] {python.py:201} INFO - Done. Returned value was: {'dim_giang_vien': 45, 'dim_sinh_vien': 1695, 'dim_hoc_phan': 121, 'dim_thoi_gian': 9, 'fact_diem': 54529, 'fact_ren_luyen': 8990, 'fact_tai_chinh': 8990, 'fact_tong_hop_sv': 0}
[2026-04-02T13:33:08.007+0000] {taskinstance.py:1138} INFO - Marking task as SUCCESS. dag_id=daily_student_pipeline, task_id=transform_data, execution_date=20260402T133256, start_date=20260402T133306, end_date=20260402T133308
[2026-04-02T13:33:08.037+0000] {local_task_job_runner.py:234} INFO - Task exited with return code 0
[2026-04-02T13:33:08.061+0000] {taskinstance.py:3280} INFO - 1 downstream tasks scheduled from follow-on schedule check
