[2026-03-31T13:52:01.636+0000] {taskinstance.py:1956} INFO - Dependencies all met for dep_context=non-requeueable deps ti=<TaskInstance: daily_student_pipeline.load_data scheduled__2026-03-29T02:00:00+00:00 [queued]>
[2026-03-31T13:52:01.646+0000] {taskinstance.py:1956} INFO - Dependencies all met for dep_context=requeueable deps ti=<TaskInstance: daily_student_pipeline.load_data scheduled__2026-03-29T02:00:00+00:00 [queued]>
[2026-03-31T13:52:01.647+0000] {taskinstance.py:2170} INFO - Starting attempt 1 of 1
[2026-03-31T13:52:01.662+0000] {taskinstance.py:2191} INFO - Executing <Task(PythonOperator): load_data> on 2026-03-29 02:00:00+00:00
[2026-03-31T13:52:01.667+0000] {standard_task_runner.py:60} INFO - Started process 494 to run task
[2026-03-31T13:52:01.670+0000] {standard_task_runner.py:87} INFO - Running: ['***', 'tasks', 'run', 'daily_student_pipeline', 'load_data', 'scheduled__2026-03-29T02:00:00+00:00', '--job-id', '70', '--raw', '--subdir', 'DAGS_FOLDER/daily_student_pipeline.py', '--cfg-path', '/tmp/tmpx4m5lfpc']
[2026-03-31T13:52:01.674+0000] {standard_task_runner.py:88} INFO - Job 70: Subtask load_data
[2026-03-31T13:52:01.769+0000] {task_command.py:423} INFO - Running <TaskInstance: daily_student_pipeline.load_data scheduled__2026-03-29T02:00:00+00:00 [running]> on host 8474c56aea3d
[2026-03-31T13:52:01.871+0000] {taskinstance.py:2480} INFO - Exporting env vars: AIRFLOW_CTX_DAG_OWNER='nhom8' AIRFLOW_CTX_DAG_ID='daily_student_pipeline' AIRFLOW_CTX_TASK_ID='load_data' AIRFLOW_CTX_EXECUTION_DATE='2026-03-29T02:00:00+00:00' AIRFLOW_CTX_TRY_NUMBER='1' AIRFLOW_CTX_DAG_RUN_ID='scheduled__2026-03-29T02:00:00+00:00'
[2026-03-31T13:52:02.773+0000] {logging_mixin.py:188} WARNING - [2026-03-31 13:52:02] INFO    etl.transform :   Load TransformedData từ MinIO staging: run_id=2026-03-31_13-51
[2026-03-31T13:52:02.773+0000] {transform.py:163} INFO -   Load TransformedData từ MinIO staging: run_id=2026-03-31_13-51
[2026-03-31T13:52:02.808+0000] {logging_mixin.py:188} WARNING - [2026-03-31 13:52:02] INFO    utils.minio :   MinIO ↓ [staging-data] 2026-03-31_13-51/dim_hoc_ky.parquet (9 rows)
[2026-03-31T13:52:02.808+0000] {minio_client.py:223} INFO -   MinIO ↓ [staging-data] 2026-03-31_13-51/dim_hoc_ky.parquet (9 rows)
[2026-03-31T13:52:02.822+0000] {logging_mixin.py:188} WARNING - [2026-03-31 13:52:02] INFO    utils.minio :   MinIO ↓ [staging-data] 2026-03-31_13-51/dim_giang_vien.parquet (45 rows)
[2026-03-31T13:52:02.822+0000] {minio_client.py:223} INFO -   MinIO ↓ [staging-data] 2026-03-31_13-51/dim_giang_vien.parquet (45 rows)
[2026-03-31T13:52:02.834+0000] {logging_mixin.py:188} WARNING - [2026-03-31 13:52:02] INFO    utils.minio :   MinIO ↓ [staging-data] 2026-03-31_13-51/dim_hoc_phan.parquet (121 rows)
[2026-03-31T13:52:02.834+0000] {minio_client.py:223} INFO -   MinIO ↓ [staging-data] 2026-03-31_13-51/dim_hoc_phan.parquet (121 rows)
[2026-03-31T13:52:02.856+0000] {logging_mixin.py:188} WARNING - [2026-03-31 13:52:02] INFO    utils.minio :   MinIO ↓ [staging-data] 2026-03-31_13-51/dim_sinh_vien.parquet (1,695 rows)
[2026-03-31T13:52:02.855+0000] {minio_client.py:223} INFO -   MinIO ↓ [staging-data] 2026-03-31_13-51/dim_sinh_vien.parquet (1,695 rows)
[2026-03-31T13:52:02.912+0000] {logging_mixin.py:188} WARNING - [2026-03-31 13:52:02] INFO    utils.minio :   MinIO ↓ [staging-data] 2026-03-31_13-51/fact_diem.parquet (54,529 rows)
[2026-03-31T13:52:02.911+0000] {minio_client.py:223} INFO -   MinIO ↓ [staging-data] 2026-03-31_13-51/fact_diem.parquet (54,529 rows)
[2026-03-31T13:52:02.928+0000] {logging_mixin.py:188} WARNING - [2026-03-31 13:52:02] INFO    utils.minio :   MinIO ↓ [staging-data] 2026-03-31_13-51/fact_ren_luyen.parquet (8,990 rows)
[2026-03-31T13:52:02.928+0000] {minio_client.py:223} INFO -   MinIO ↓ [staging-data] 2026-03-31_13-51/fact_ren_luyen.parquet (8,990 rows)
[2026-03-31T13:52:02.941+0000] {logging_mixin.py:188} WARNING - [2026-03-31 13:52:02] INFO    utils.minio :   MinIO ↓ [staging-data] 2026-03-31_13-51/fact_tai_chinh.parquet (8,990 rows)
[2026-03-31T13:52:02.941+0000] {minio_client.py:223} INFO -   MinIO ↓ [staging-data] 2026-03-31_13-51/fact_tai_chinh.parquet (8,990 rows)
[2026-03-31T13:52:02.948+0000] {logging_mixin.py:188} WARNING - [2026-03-31 13:52:02] WARNING utils.minio :   MinIO không tìm thấy: 2026-03-31_13-51/fact_tong_hop_sv.parquet
[2026-03-31T13:52:02.948+0000] {minio_client.py:229} WARNING -   MinIO không tìm thấy: 2026-03-31_13-51/fact_tong_hop_sv.parquet
[2026-03-31T13:52:02.952+0000] {logging_mixin.py:188} WARNING - [2026-03-31 13:52:02] INFO    etl.transform : Load from staging-data OK — run_id=2026-03-31_13-51
[2026-03-31T13:52:02.952+0000] {transform.py:176} INFO - Load from staging-data OK — run_id=2026-03-31_13-51
[2026-03-31T13:52:02.953+0000] {logging_mixin.py:188} WARNING - [2026-03-31 13:52:02] INFO    etl.load : ==BẮT ĐẦU LOAD VÀO DATA WAREHOUSE==
[2026-03-31T13:52:02.953+0000] {load.py:34} INFO - ==BẮT ĐẦU LOAD VÀO DATA WAREHOUSE==
[2026-03-31T13:52:02.954+0000] {logging_mixin.py:188} WARNING - [2026-03-31 13:52:02] INFO    etl.load : ======================================================================
[2026-03-31T13:52:02.953+0000] {load.py:35} INFO - ======================================================================
[2026-03-31T13:52:02.954+0000] {logging_mixin.py:188} WARNING - [2026-03-31 13:52:02] INFO    etl.load : 🔧 Tạo schema warehouse từ warehouse_models.py...
[2026-03-31T13:52:02.954+0000] {load.py:96} INFO - 🔧 Tạo schema warehouse từ warehouse_models.py...
[2026-03-31T13:52:02.999+0000] {logging_mixin.py:188} WARNING - [2026-03-31 13:52:02] INFO    etl.load :   Schema warehouse OK ✓
[2026-03-31T13:52:02.999+0000] {load.py:98} INFO -   Schema warehouse OK ✓
[2026-03-31T13:52:03.001+0000] {logging_mixin.py:188} WARNING - [2026-03-31 13:52:03] INFO    etl.load : ── Bước 1: Load Dimension Tables ──
[2026-03-31T13:52:03.001+0000] {load.py:41} INFO - ── Bước 1: Load Dimension Tables ──
[2026-03-31T13:52:03.048+0000] {logging_mixin.py:188} WARNING - [2026-03-31 13:52:03] INFO    etl.load :   dim_hoc_ky     →      9 records (new: 0)
[2026-03-31T13:52:03.048+0000] {load.py:185} INFO -   dim_hoc_ky     →      9 records (new: 0)
[2026-03-31T13:52:03.098+0000] {logging_mixin.py:188} WARNING - [2026-03-31 13:52:03] INFO    etl.load :   dim_giang_vien →     45 records (new: 0)
[2026-03-31T13:52:03.098+0000] {load.py:234} INFO -   dim_giang_vien →     45 records (new: 0)
[2026-03-31T13:52:03.232+0000] {logging_mixin.py:188} WARNING - [2026-03-31 13:52:03] INFO    etl.load :   dim_hoc_phan   →    121 records (new: 0)
[2026-03-31T13:52:03.232+0000] {load.py:282} INFO -   dim_hoc_phan   →    121 records (new: 0)
[2026-03-31T13:52:04.924+0000] {logging_mixin.py:188} WARNING - [2026-03-31 13:52:04] INFO    etl.load :   dim_sinh_vien →  1,695 records (new: 0, SCD2: 0, fact cascade: 0)
[2026-03-31T13:52:04.924+0000] {load.py:390} INFO -   dim_sinh_vien →  1,695 records (new: 0, SCD2: 0, fact cascade: 0)
[2026-03-31T13:52:04.926+0000] {logging_mixin.py:188} WARNING - [2026-03-31 13:52:04] INFO    etl.load : ── Bước 2: Build Surrogate Key Cache ──
[2026-03-31T13:52:04.926+0000] {load.py:47} INFO - ── Bước 2: Build Surrogate Key Cache ──
[2026-03-31T13:52:04.927+0000] {logging_mixin.py:188} WARNING - [2026-03-31 13:52:04] INFO    etl.load :  Building surrogate key caches...
[2026-03-31T13:52:04.927+0000] {load.py:101} INFO -  Building surrogate key caches...
[2026-03-31T13:52:04.939+0000] {logging_mixin.py:188} WARNING - [2026-03-31 13:52:04] INFO    etl.load :   SV=1695, HP=121, GV=45, HK=9
[2026-03-31T13:52:04.939+0000] {load.py:129} INFO -   SV=1695, HP=121, GV=45, HK=9
[2026-03-31T13:52:04.941+0000] {logging_mixin.py:188} WARNING - [2026-03-31 13:52:04] INFO    etl.load : ── Bước 3: Load Fact Tables ──
[2026-03-31T13:52:04.940+0000] {load.py:50} INFO - ── Bước 3: Load Fact Tables ──
[2026-03-31T13:53:38.625+0000] {logging_mixin.py:188} WARNING - [2026-03-31 13:53:38] INFO    etl.load :   fact_hoc_tap   →      0 records
[2026-03-31T13:53:38.625+0000] {load.py:522} INFO -   fact_hoc_tap   →      0 records
[2026-03-31T13:53:46.860+0000] {logging_mixin.py:188} WARNING - [2026-03-31 13:53:46] INFO    etl.load :   fact_ctsv      →      0 records
[2026-03-31T13:53:46.860+0000] {load.py:641} INFO -   fact_ctsv      →      0 records
[2026-03-31T13:53:58.103+0000] {logging_mixin.py:188} WARNING - [2026-03-31 13:53:58] INFO    etl.load :   fact_tai_chinh →      0 records
[2026-03-31T13:53:58.103+0000] {load.py:702} INFO -   fact_tai_chinh →      0 records
[2026-03-31T13:53:58.104+0000] {logging_mixin.py:188} WARNING - [2026-03-31 13:53:58] INFO    etl.load : ── Bước 4: Build Aggregation ──
[2026-03-31T13:53:58.104+0000] {load.py:55} INFO - ── Bước 4: Build Aggregation ──
[2026-03-31T13:53:58.106+0000] {logging_mixin.py:188} WARNING - [2026-03-31 13:53:58] INFO    etl.aggregation : == BẮT ĐẦU AGGREGATION ==
[2026-03-31T13:53:58.106+0000] {aggregation.py:13} INFO - == BẮT ĐẦU AGGREGATION ==
[2026-03-31T13:53:58.368+0000] {logging_mixin.py:188} WARNING - [2026-03-31 13:53:58] INFO    etl.aggregation :  agg_student_summary → 1,695 records
[2026-03-31T13:53:58.368+0000] {aggregation.py:171} INFO -  agg_student_summary → 1,695 records
[2026-03-31T13:53:58.370+0000] {logging_mixin.py:188} WARNING - [2026-03-31 13:53:58] INFO    etl.aggregation :  agg_student_summary rebuilt : 1,695
[2026-03-31T13:53:58.370+0000] {aggregation.py:18} INFO -  agg_student_summary rebuilt : 1,695
[2026-03-31T13:53:58.372+0000] {logging_mixin.py:188} WARNING - [2026-03-31 13:53:58] INFO    etl.aggregation : == AGGREGATION HOÀN TẤT ==
[2026-03-31T13:53:58.372+0000] {aggregation.py:19} INFO - == AGGREGATION HOÀN TẤT ==
[2026-03-31T13:53:58.373+0000] {logging_mixin.py:188} WARNING - [2026-03-31 13:53:58] INFO    etl.load : ======================================================================
[2026-03-31T13:53:58.372+0000] {load.py:59} INFO - ======================================================================
[2026-03-31T13:53:58.374+0000] {logging_mixin.py:188} WARNING - [2026-03-31 13:53:58] INFO    etl.load : LOAD HOÀN TẤT
[2026-03-31T13:53:58.374+0000] {load.py:60} INFO - LOAD HOÀN TẤT
[2026-03-31T13:53:58.375+0000] {logging_mixin.py:188} WARNING - [2026-03-31 13:53:58] INFO    etl.load :   dim_hoc_ky               :        9 records
[2026-03-31T13:53:58.375+0000] {load.py:63} INFO -   dim_hoc_ky               :        9 records
[2026-03-31T13:53:58.376+0000] {logging_mixin.py:188} WARNING - [2026-03-31 13:53:58] INFO    etl.load :   dim_giang_vien           :       45 records
[2026-03-31T13:53:58.376+0000] {load.py:63} INFO -   dim_giang_vien           :       45 records
[2026-03-31T13:53:58.377+0000] {logging_mixin.py:188} WARNING - [2026-03-31 13:53:58] INFO    etl.load :   dim_hoc_phan             :      121 records
[2026-03-31T13:53:58.377+0000] {load.py:63} INFO -   dim_hoc_phan             :      121 records
[2026-03-31T13:53:58.378+0000] {logging_mixin.py:188} WARNING - [2026-03-31 13:53:58] INFO    etl.load :   dim_sinh_vien            :        0 records
[2026-03-31T13:53:58.378+0000] {load.py:63} INFO -   dim_sinh_vien            :        0 records
[2026-03-31T13:53:58.379+0000] {logging_mixin.py:188} WARNING - [2026-03-31 13:53:58] INFO    etl.load :   fact_hoc_tap             :        0 records
[2026-03-31T13:53:58.379+0000] {load.py:63} INFO -   fact_hoc_tap             :        0 records
[2026-03-31T13:53:58.380+0000] {logging_mixin.py:188} WARNING - [2026-03-31 13:53:58] INFO    etl.load :   fact_ctsv                :        0 records
[2026-03-31T13:53:58.380+0000] {load.py:63} INFO -   fact_ctsv                :        0 records
[2026-03-31T13:53:58.381+0000] {logging_mixin.py:188} WARNING - [2026-03-31 13:53:58] INFO    etl.load :   fact_tai_chinh           :        0 records
[2026-03-31T13:53:58.381+0000] {load.py:63} INFO -   fact_tai_chinh           :        0 records
[2026-03-31T13:53:58.381+0000] {logging_mixin.py:188} WARNING - [2026-03-31 13:53:58] INFO    etl.load :   agg_student_summary      :    1,695 records
[2026-03-31T13:53:58.381+0000] {load.py:63} INFO -   agg_student_summary      :    1,695 records
[2026-03-31T13:53:58.382+0000] {logging_mixin.py:188} WARNING - [2026-03-31 13:53:58] INFO    etl.load :   TỔNG                     :    1,870 records
[2026-03-31T13:53:58.382+0000] {load.py:65} INFO -   TỔNG                     :    1,870 records
[2026-03-31T13:53:58.383+0000] {logging_mixin.py:188} WARNING - [2026-03-31 13:53:58] INFO    etl.load : ======================================================================
[2026-03-31T13:53:58.383+0000] {load.py:66} INFO - ======================================================================
[2026-03-31T13:53:58.396+0000] {logging_mixin.py:188} INFO - Load xong: {'dim_hoc_ky': 9, 'dim_giang_vien': 45, 'dim_hoc_phan': 121, 'dim_sinh_vien': 0, 'fact_hoc_tap': 0, 'fact_ctsv': 0, 'fact_tai_chinh': 0, 'agg_student_summary': 1695}
[2026-03-31T13:53:58.400+0000] {python.py:201} INFO - Done. Returned value was: {'dim_hoc_ky': 9, 'dim_giang_vien': 45, 'dim_hoc_phan': 121, 'dim_sinh_vien': 0, 'fact_hoc_tap': 0, 'fact_ctsv': 0, 'fact_tai_chinh': 0, 'agg_student_summary': 1695}
[2026-03-31T13:53:58.424+0000] {taskinstance.py:1138} INFO - Marking task as SUCCESS. dag_id=daily_student_pipeline, task_id=load_data, execution_date=20260329T020000, start_date=20260331T135201, end_date=20260331T135358
[2026-03-31T13:53:58.456+0000] {local_task_job_runner.py:234} INFO - Task exited with return code 0
[2026-03-31T13:53:58.487+0000] {taskinstance.py:3280} INFO - 1 downstream tasks scheduled from follow-on schedule check
