[2026-04-28T03:37:07.751+0000] {taskinstance.py:1956} INFO - Dependencies all met for dep_context=non-requeueable deps ti=<TaskInstance: daily_student_pipeline.extract_group.extract_csv manual__2026-04-28T03:37:04.301001+00:00 [queued]>
[2026-04-28T03:37:07.758+0000] {taskinstance.py:1956} INFO - Dependencies all met for dep_context=requeueable deps ti=<TaskInstance: daily_student_pipeline.extract_group.extract_csv manual__2026-04-28T03:37:04.301001+00:00 [queued]>
[2026-04-28T03:37:07.758+0000] {taskinstance.py:2170} INFO - Starting attempt 1 of 1
[2026-04-28T03:37:07.772+0000] {taskinstance.py:2191} INFO - Executing <Task(PythonOperator): extract_group.extract_csv> on 2026-04-28 03:37:04.301001+00:00
[2026-04-28T03:37:07.777+0000] {standard_task_runner.py:60} INFO - Started process 470 to run task
[2026-04-28T03:37:07.780+0000] {standard_task_runner.py:87} INFO - Running: ['***', 'tasks', 'run', 'daily_student_pipeline', 'extract_group.extract_csv', 'manual__2026-04-28T03:37:04.301001+00:00', '--job-id', '567', '--raw', '--subdir', 'DAGS_FOLDER/daily_student_pipeline.py', '--cfg-path', '/tmp/tmp7hcmr8dq']
[2026-04-28T03:37:07.783+0000] {standard_task_runner.py:88} INFO - Job 567: Subtask extract_group.extract_csv
[2026-04-28T03:37:07.843+0000] {task_command.py:423} INFO - Running <TaskInstance: daily_student_pipeline.extract_group.extract_csv manual__2026-04-28T03:37:04.301001+00:00 [running]> on host 6b19557e5822
[2026-04-28T03:37:07.931+0000] {taskinstance.py:2480} INFO - Exporting env vars: AIRFLOW_CTX_DAG_OWNER='nhom8' AIRFLOW_CTX_DAG_ID='daily_student_pipeline' AIRFLOW_CTX_TASK_ID='extract_group.extract_csv' AIRFLOW_CTX_EXECUTION_DATE='2026-04-28T03:37:04.301001+00:00' AIRFLOW_CTX_TRY_NUMBER='1' AIRFLOW_CTX_DAG_RUN_ID='manual__2026-04-28T03:37:04.301001+00:00'
[2026-04-28T03:37:08.512+0000] {extract.py:187} INFO - ════════════════════════════════════════════════════════════
[2026-04-28T03:37:08.513+0000] {extract.py:188} INFO - NGUỒN 2 — CSV (Phòng CTSV) | Extract
[2026-04-28T03:37:08.513+0000] {extract.py:189} INFO - ════════════════════════════════════════════════════════════
[2026-04-28T03:37:08.519+0000] {extract.py:141} INFO -   CSV | Tìm thấy 14 file trong: /opt/***/data/csv
[2026-04-28T03:37:08.521+0000] {extract.py:193} INFO -   CSV | Đang đọc từ: /opt/***/data/csv
[2026-04-28T03:37:08.524+0000] {extract.py:203} INFO -   CSV | Tìm thấy 13 file(s)
[2026-04-28T03:37:08.677+0000] {extract.py:163} INFO -   CSV | ctsv_HK1_2021_22.csv                →    791 records
[2026-04-28T03:37:08.695+0000] {extract.py:163} INFO -   CSV | ctsv_HK1_2022_23.csv                →  1,591 records
[2026-04-28T03:37:08.726+0000] {extract.py:163} INFO -   CSV | ctsv_HK1_2023_24.csv                →  2,412 records
[2026-04-28T03:37:08.790+0000] {extract.py:163} INFO -   CSV | ctsv_HK1_2024_25.csv                →  3,229 records
[2026-04-28T03:37:08.810+0000] {extract.py:163} INFO -   CSV | ctsv_HK1_2025_26.csv                →  2,436 records
[2026-04-28T03:37:08.830+0000] {extract.py:163} INFO -   CSV | ctsv_HK2_2021_22.csv                →    792 records
[2026-04-28T03:37:08.849+0000] {extract.py:163} INFO -   CSV | ctsv_HK2_2022_23.csv                →  1,574 records
[2026-04-28T03:37:08.866+0000] {extract.py:163} INFO -   CSV | ctsv_HK2_2023_24.csv                →  2,396 records
[2026-04-28T03:37:08.912+0000] {extract.py:163} INFO -   CSV | ctsv_HK2_2024_25.csv                →  2,871 records
[2026-04-28T03:37:08.930+0000] {extract.py:163} INFO -   CSV | ctsv_HK3_2021_22.csv                →    130 records
[2026-04-28T03:37:08.949+0000] {extract.py:163} INFO -   CSV | ctsv_HK3_2022_23.csv                →    219 records
[2026-04-28T03:37:08.969+0000] {extract.py:163} INFO -   CSV | ctsv_HK3_2023_24.csv                →    447 records
[2026-04-28T03:37:08.992+0000] {extract.py:163} INFO -   CSV | ctsv_HK3_2024_25.csv                →    500 records
[2026-04-28T03:37:09.001+0000] {extract.py:220} INFO -   CSV | Loại bỏ 9426 bản ghi trùng
[2026-04-28T03:37:09.002+0000] {extract.py:222} INFO -   CSV | TỔNG: 9,962 records từ 13 file(s)
[2026-04-28T03:37:09.420+0000] {minio_client.py:142} INFO -   MinIO ↑ [raw-data] 2026-04-28_03-37/nguon2_ctsv.parquet (42.5 KB | 9,962 rows)
[2026-04-28T03:37:09.426+0000] {logging_mixin.py:188} INFO - [Extract CSV] 9,962 records | run_id=2026-04-28_03-37
[2026-04-28T03:37:09.428+0000] {python.py:201} INFO - Done. Returned value was: 9962
[2026-04-28T03:37:09.467+0000] {taskinstance.py:1138} INFO - Marking task as SUCCESS. dag_id=daily_student_pipeline, task_id=extract_group.extract_csv, execution_date=20260428T033704, start_date=20260428T033707, end_date=20260428T033709
[2026-04-28T03:37:09.496+0000] {local_task_job_runner.py:234} INFO - Task exited with return code 0
[2026-04-28T03:37:09.532+0000] {taskinstance.py:3280} INFO - 0 downstream tasks scheduled from follow-on schedule check
