[2026-04-04T05:49:04.360+0000] {processor.py:161} INFO - Started process (PID=203) to work on /opt/airflow/dags/daily_student_pipeline.py
[2026-04-04T05:49:04.363+0000] {processor.py:830} INFO - Processing file /opt/airflow/dags/daily_student_pipeline.py for tasks to queue
[2026-04-04T05:49:04.365+0000] {logging_mixin.py:188} INFO - [2026-04-04T05:49:04.365+0000] {dagbag.py:538} INFO - Filling up the DagBag from /opt/airflow/dags/daily_student_pipeline.py
[2026-04-04T05:49:04.435+0000] {processor.py:840} INFO - DAG(s) 'daily_student_pipeline' retrieved from /opt/airflow/dags/daily_student_pipeline.py
[2026-04-04T05:49:04.581+0000] {logging_mixin.py:188} INFO - [2026-04-04T05:49:04.580+0000] {dag.py:3036} INFO - Sync 1 DAGs
[2026-04-04T05:49:04.635+0000] {logging_mixin.py:188} INFO - [2026-04-04T05:49:04.635+0000] {dag.py:3823} INFO - Setting next_dagrun for daily_student_pipeline to 2026-04-04 02:00:00+00:00, run_after=2026-04-05 02:00:00+00:00
[2026-04-04T05:49:04.681+0000] {processor.py:183} INFO - Processing /opt/airflow/dags/daily_student_pipeline.py took 0.326 seconds
[2026-04-04T05:49:34.885+0000] {processor.py:161} INFO - Started process (PID=421) to work on /opt/airflow/dags/daily_student_pipeline.py
[2026-04-04T05:49:34.886+0000] {processor.py:830} INFO - Processing file /opt/airflow/dags/daily_student_pipeline.py for tasks to queue
[2026-04-04T05:49:34.891+0000] {logging_mixin.py:188} INFO - [2026-04-04T05:49:34.888+0000] {dagbag.py:538} INFO - Filling up the DagBag from /opt/airflow/dags/daily_student_pipeline.py
[2026-04-04T05:49:34.968+0000] {processor.py:840} INFO - DAG(s) 'daily_student_pipeline' retrieved from /opt/airflow/dags/daily_student_pipeline.py
[2026-04-04T05:49:34.986+0000] {logging_mixin.py:188} INFO - [2026-04-04T05:49:34.986+0000] {dag.py:3036} INFO - Sync 1 DAGs
[2026-04-04T05:49:35.070+0000] {logging_mixin.py:188} INFO - [2026-04-04T05:49:35.070+0000] {dag.py:3823} INFO - Setting next_dagrun for daily_student_pipeline to 2026-04-04 02:00:00+00:00, run_after=2026-04-05 02:00:00+00:00
[2026-04-04T05:49:35.093+0000] {processor.py:183} INFO - Processing /opt/airflow/dags/daily_student_pipeline.py took 0.213 seconds
[2026-04-04T05:50:05.870+0000] {processor.py:161} INFO - Started process (PID=444) to work on /opt/airflow/dags/daily_student_pipeline.py
[2026-04-04T05:50:05.872+0000] {processor.py:830} INFO - Processing file /opt/airflow/dags/daily_student_pipeline.py for tasks to queue
[2026-04-04T05:50:05.873+0000] {logging_mixin.py:188} INFO - [2026-04-04T05:50:05.872+0000] {dagbag.py:538} INFO - Filling up the DagBag from /opt/airflow/dags/daily_student_pipeline.py
[2026-04-04T05:50:05.893+0000] {processor.py:840} INFO - DAG(s) 'daily_student_pipeline' retrieved from /opt/airflow/dags/daily_student_pipeline.py
[2026-04-04T05:50:06.044+0000] {logging_mixin.py:188} INFO - [2026-04-04T05:50:06.044+0000] {dag.py:3036} INFO - Sync 1 DAGs
[2026-04-04T05:50:06.065+0000] {logging_mixin.py:188} INFO - [2026-04-04T05:50:06.065+0000] {dag.py:3823} INFO - Setting next_dagrun for daily_student_pipeline to 2026-04-04 02:00:00+00:00, run_after=2026-04-05 02:00:00+00:00
[2026-04-04T05:50:06.085+0000] {processor.py:183} INFO - Processing /opt/airflow/dags/daily_student_pipeline.py took 0.218 seconds
[2026-04-04T05:50:36.225+0000] {processor.py:161} INFO - Started process (PID=467) to work on /opt/airflow/dags/daily_student_pipeline.py
[2026-04-04T05:50:36.226+0000] {processor.py:830} INFO - Processing file /opt/airflow/dags/daily_student_pipeline.py for tasks to queue
[2026-04-04T05:50:36.227+0000] {logging_mixin.py:188} INFO - [2026-04-04T05:50:36.227+0000] {dagbag.py:538} INFO - Filling up the DagBag from /opt/airflow/dags/daily_student_pipeline.py
[2026-04-04T05:50:36.246+0000] {processor.py:840} INFO - DAG(s) 'daily_student_pipeline' retrieved from /opt/airflow/dags/daily_student_pipeline.py
[2026-04-04T05:50:36.274+0000] {logging_mixin.py:188} INFO - [2026-04-04T05:50:36.273+0000] {dag.py:3036} INFO - Sync 1 DAGs
[2026-04-04T05:50:36.296+0000] {logging_mixin.py:188} INFO - [2026-04-04T05:50:36.296+0000] {dag.py:3823} INFO - Setting next_dagrun for daily_student_pipeline to 2026-04-04 02:00:00+00:00, run_after=2026-04-05 02:00:00+00:00
[2026-04-04T05:50:36.329+0000] {processor.py:183} INFO - Processing /opt/airflow/dags/daily_student_pipeline.py took 0.107 seconds
[2026-04-04T05:51:06.644+0000] {processor.py:161} INFO - Started process (PID=490) to work on /opt/airflow/dags/daily_student_pipeline.py
[2026-04-04T05:51:06.646+0000] {processor.py:830} INFO - Processing file /opt/airflow/dags/daily_student_pipeline.py for tasks to queue
[2026-04-04T05:51:06.647+0000] {logging_mixin.py:188} INFO - [2026-04-04T05:51:06.646+0000] {dagbag.py:538} INFO - Filling up the DagBag from /opt/airflow/dags/daily_student_pipeline.py
[2026-04-04T05:51:06.666+0000] {processor.py:840} INFO - DAG(s) 'daily_student_pipeline' retrieved from /opt/airflow/dags/daily_student_pipeline.py
[2026-04-04T05:51:06.697+0000] {logging_mixin.py:188} INFO - [2026-04-04T05:51:06.697+0000] {dag.py:3036} INFO - Sync 1 DAGs
[2026-04-04T05:51:06.720+0000] {logging_mixin.py:188} INFO - [2026-04-04T05:51:06.720+0000] {dag.py:3823} INFO - Setting next_dagrun for daily_student_pipeline to 2026-04-04 02:00:00+00:00, run_after=2026-04-05 02:00:00+00:00
[2026-04-04T05:51:06.742+0000] {processor.py:183} INFO - Processing /opt/airflow/dags/daily_student_pipeline.py took 0.100 seconds
[2026-04-04T05:51:37.297+0000] {processor.py:161} INFO - Started process (PID=513) to work on /opt/airflow/dags/daily_student_pipeline.py
[2026-04-04T05:51:37.298+0000] {processor.py:830} INFO - Processing file /opt/airflow/dags/daily_student_pipeline.py for tasks to queue
[2026-04-04T05:51:37.300+0000] {logging_mixin.py:188} INFO - [2026-04-04T05:51:37.300+0000] {dagbag.py:538} INFO - Filling up the DagBag from /opt/airflow/dags/daily_student_pipeline.py
[2026-04-04T05:51:37.335+0000] {processor.py:840} INFO - DAG(s) 'daily_student_pipeline' retrieved from /opt/airflow/dags/daily_student_pipeline.py
[2026-04-04T05:51:37.380+0000] {logging_mixin.py:188} INFO - [2026-04-04T05:51:37.380+0000] {dag.py:3036} INFO - Sync 1 DAGs
[2026-04-04T05:51:37.406+0000] {logging_mixin.py:188} INFO - [2026-04-04T05:51:37.406+0000] {dag.py:3823} INFO - Setting next_dagrun for daily_student_pipeline to 2026-04-04 02:00:00+00:00, run_after=2026-04-05 02:00:00+00:00
[2026-04-04T05:51:37.426+0000] {processor.py:183} INFO - Processing /opt/airflow/dags/daily_student_pipeline.py took 0.134 seconds
[2026-04-04T05:52:08.331+0000] {processor.py:161} INFO - Started process (PID=536) to work on /opt/airflow/dags/daily_student_pipeline.py
[2026-04-04T05:52:08.332+0000] {processor.py:830} INFO - Processing file /opt/airflow/dags/daily_student_pipeline.py for tasks to queue
[2026-04-04T05:52:08.333+0000] {logging_mixin.py:188} INFO - [2026-04-04T05:52:08.332+0000] {dagbag.py:538} INFO - Filling up the DagBag from /opt/airflow/dags/daily_student_pipeline.py
[2026-04-04T05:52:08.350+0000] {processor.py:840} INFO - DAG(s) 'daily_student_pipeline' retrieved from /opt/airflow/dags/daily_student_pipeline.py
[2026-04-04T05:52:08.383+0000] {logging_mixin.py:188} INFO - [2026-04-04T05:52:08.383+0000] {dag.py:3036} INFO - Sync 1 DAGs
[2026-04-04T05:52:08.405+0000] {logging_mixin.py:188} INFO - [2026-04-04T05:52:08.404+0000] {dag.py:3823} INFO - Setting next_dagrun for daily_student_pipeline to 2026-04-04 02:00:00+00:00, run_after=2026-04-05 02:00:00+00:00
[2026-04-04T05:52:08.425+0000] {processor.py:183} INFO - Processing /opt/airflow/dags/daily_student_pipeline.py took 0.098 seconds
[2026-04-04T05:52:38.481+0000] {processor.py:161} INFO - Started process (PID=559) to work on /opt/airflow/dags/daily_student_pipeline.py
[2026-04-04T05:52:38.482+0000] {processor.py:830} INFO - Processing file /opt/airflow/dags/daily_student_pipeline.py for tasks to queue
[2026-04-04T05:52:38.483+0000] {logging_mixin.py:188} INFO - [2026-04-04T05:52:38.483+0000] {dagbag.py:538} INFO - Filling up the DagBag from /opt/airflow/dags/daily_student_pipeline.py
[2026-04-04T05:52:38.510+0000] {processor.py:840} INFO - DAG(s) 'daily_student_pipeline' retrieved from /opt/airflow/dags/daily_student_pipeline.py
[2026-04-04T05:52:38.538+0000] {logging_mixin.py:188} INFO - [2026-04-04T05:52:38.537+0000] {dag.py:3036} INFO - Sync 1 DAGs
[2026-04-04T05:52:38.560+0000] {logging_mixin.py:188} INFO - [2026-04-04T05:52:38.560+0000] {dag.py:3823} INFO - Setting next_dagrun for daily_student_pipeline to 2026-04-04 02:00:00+00:00, run_after=2026-04-05 02:00:00+00:00
[2026-04-04T05:52:38.584+0000] {processor.py:183} INFO - Processing /opt/airflow/dags/daily_student_pipeline.py took 0.106 seconds
[2026-04-04T05:53:09.536+0000] {processor.py:161} INFO - Started process (PID=582) to work on /opt/airflow/dags/daily_student_pipeline.py
[2026-04-04T05:53:09.537+0000] {processor.py:830} INFO - Processing file /opt/airflow/dags/daily_student_pipeline.py for tasks to queue
[2026-04-04T05:53:09.539+0000] {logging_mixin.py:188} INFO - [2026-04-04T05:53:09.538+0000] {dagbag.py:538} INFO - Filling up the DagBag from /opt/airflow/dags/daily_student_pipeline.py
[2026-04-04T05:53:09.568+0000] {processor.py:840} INFO - DAG(s) 'daily_student_pipeline' retrieved from /opt/airflow/dags/daily_student_pipeline.py
[2026-04-04T05:53:09.602+0000] {logging_mixin.py:188} INFO - [2026-04-04T05:53:09.602+0000] {dag.py:3036} INFO - Sync 1 DAGs
[2026-04-04T05:53:09.631+0000] {logging_mixin.py:188} INFO - [2026-04-04T05:53:09.627+0000] {dag.py:3823} INFO - Setting next_dagrun for daily_student_pipeline to 2026-04-04 02:00:00+00:00, run_after=2026-04-05 02:00:00+00:00
[2026-04-04T05:53:09.658+0000] {processor.py:183} INFO - Processing /opt/airflow/dags/daily_student_pipeline.py took 0.125 seconds
[2026-04-04T05:53:40.596+0000] {processor.py:161} INFO - Started process (PID=605) to work on /opt/airflow/dags/daily_student_pipeline.py
[2026-04-04T05:53:40.599+0000] {processor.py:830} INFO - Processing file /opt/airflow/dags/daily_student_pipeline.py for tasks to queue
[2026-04-04T05:53:40.601+0000] {logging_mixin.py:188} INFO - [2026-04-04T05:53:40.600+0000] {dagbag.py:538} INFO - Filling up the DagBag from /opt/airflow/dags/daily_student_pipeline.py
[2026-04-04T05:53:40.637+0000] {processor.py:840} INFO - DAG(s) 'daily_student_pipeline' retrieved from /opt/airflow/dags/daily_student_pipeline.py
[2026-04-04T05:53:40.688+0000] {logging_mixin.py:188} INFO - [2026-04-04T05:53:40.688+0000] {dag.py:3036} INFO - Sync 1 DAGs
[2026-04-04T05:53:40.717+0000] {logging_mixin.py:188} INFO - [2026-04-04T05:53:40.716+0000] {dag.py:3823} INFO - Setting next_dagrun for daily_student_pipeline to 2026-04-04 02:00:00+00:00, run_after=2026-04-05 02:00:00+00:00
[2026-04-04T05:53:40.740+0000] {processor.py:183} INFO - Processing /opt/airflow/dags/daily_student_pipeline.py took 0.147 seconds
[2026-04-04T05:54:10.927+0000] {processor.py:161} INFO - Started process (PID=628) to work on /opt/airflow/dags/daily_student_pipeline.py
[2026-04-04T05:54:10.929+0000] {processor.py:830} INFO - Processing file /opt/airflow/dags/daily_student_pipeline.py for tasks to queue
[2026-04-04T05:54:10.930+0000] {logging_mixin.py:188} INFO - [2026-04-04T05:54:10.930+0000] {dagbag.py:538} INFO - Filling up the DagBag from /opt/airflow/dags/daily_student_pipeline.py
[2026-04-04T05:54:10.994+0000] {processor.py:840} INFO - DAG(s) 'daily_student_pipeline' retrieved from /opt/airflow/dags/daily_student_pipeline.py
[2026-04-04T05:54:11.082+0000] {logging_mixin.py:188} INFO - [2026-04-04T05:54:11.081+0000] {dag.py:3036} INFO - Sync 1 DAGs
[2026-04-04T05:54:11.127+0000] {logging_mixin.py:188} INFO - [2026-04-04T05:54:11.127+0000] {dag.py:3823} INFO - Setting next_dagrun for daily_student_pipeline to 2026-04-04 02:00:00+00:00, run_after=2026-04-05 02:00:00+00:00
[2026-04-04T05:54:11.167+0000] {processor.py:183} INFO - Processing /opt/airflow/dags/daily_student_pipeline.py took 0.244 seconds
[2026-04-04T05:54:41.247+0000] {processor.py:161} INFO - Started process (PID=651) to work on /opt/airflow/dags/daily_student_pipeline.py
[2026-04-04T05:54:41.249+0000] {processor.py:830} INFO - Processing file /opt/airflow/dags/daily_student_pipeline.py for tasks to queue
[2026-04-04T05:54:41.249+0000] {logging_mixin.py:188} INFO - [2026-04-04T05:54:41.249+0000] {dagbag.py:538} INFO - Filling up the DagBag from /opt/airflow/dags/daily_student_pipeline.py
[2026-04-04T05:54:41.269+0000] {processor.py:840} INFO - DAG(s) 'daily_student_pipeline' retrieved from /opt/airflow/dags/daily_student_pipeline.py
[2026-04-04T05:54:41.297+0000] {logging_mixin.py:188} INFO - [2026-04-04T05:54:41.297+0000] {dag.py:3036} INFO - Sync 1 DAGs
[2026-04-04T05:54:41.319+0000] {logging_mixin.py:188} INFO - [2026-04-04T05:54:41.319+0000] {dag.py:3823} INFO - Setting next_dagrun for daily_student_pipeline to 2026-04-04 02:00:00+00:00, run_after=2026-04-05 02:00:00+00:00
[2026-04-04T05:54:41.349+0000] {processor.py:183} INFO - Processing /opt/airflow/dags/daily_student_pipeline.py took 0.105 seconds
[2026-04-04T05:55:11.393+0000] {processor.py:161} INFO - Started process (PID=674) to work on /opt/airflow/dags/daily_student_pipeline.py
[2026-04-04T05:55:11.394+0000] {processor.py:830} INFO - Processing file /opt/airflow/dags/daily_student_pipeline.py for tasks to queue
[2026-04-04T05:55:11.395+0000] {logging_mixin.py:188} INFO - [2026-04-04T05:55:11.395+0000] {dagbag.py:538} INFO - Filling up the DagBag from /opt/airflow/dags/daily_student_pipeline.py
[2026-04-04T05:55:11.416+0000] {processor.py:840} INFO - DAG(s) 'daily_student_pipeline' retrieved from /opt/airflow/dags/daily_student_pipeline.py
[2026-04-04T05:55:11.444+0000] {logging_mixin.py:188} INFO - [2026-04-04T05:55:11.444+0000] {dag.py:3036} INFO - Sync 1 DAGs
[2026-04-04T05:55:11.465+0000] {logging_mixin.py:188} INFO - [2026-04-04T05:55:11.465+0000] {dag.py:3823} INFO - Setting next_dagrun for daily_student_pipeline to 2026-04-04 02:00:00+00:00, run_after=2026-04-05 02:00:00+00:00
[2026-04-04T05:55:11.490+0000] {processor.py:183} INFO - Processing /opt/airflow/dags/daily_student_pipeline.py took 0.100 seconds
[2026-04-04T05:55:42.419+0000] {processor.py:161} INFO - Started process (PID=697) to work on /opt/airflow/dags/daily_student_pipeline.py
[2026-04-04T05:55:42.420+0000] {processor.py:830} INFO - Processing file /opt/airflow/dags/daily_student_pipeline.py for tasks to queue
[2026-04-04T05:55:42.421+0000] {logging_mixin.py:188} INFO - [2026-04-04T05:55:42.421+0000] {dagbag.py:538} INFO - Filling up the DagBag from /opt/airflow/dags/daily_student_pipeline.py
[2026-04-04T05:55:42.448+0000] {processor.py:840} INFO - DAG(s) 'daily_student_pipeline' retrieved from /opt/airflow/dags/daily_student_pipeline.py
[2026-04-04T05:55:42.482+0000] {logging_mixin.py:188} INFO - [2026-04-04T05:55:42.482+0000] {dag.py:3036} INFO - Sync 1 DAGs
[2026-04-04T05:55:42.505+0000] {logging_mixin.py:188} INFO - [2026-04-04T05:55:42.505+0000] {dag.py:3823} INFO - Setting next_dagrun for daily_student_pipeline to 2026-04-04 02:00:00+00:00, run_after=2026-04-05 02:00:00+00:00
[2026-04-04T05:55:42.541+0000] {processor.py:183} INFO - Processing /opt/airflow/dags/daily_student_pipeline.py took 0.125 seconds
[2026-04-04T05:56:13.352+0000] {processor.py:161} INFO - Started process (PID=720) to work on /opt/airflow/dags/daily_student_pipeline.py
[2026-04-04T05:56:13.354+0000] {processor.py:830} INFO - Processing file /opt/airflow/dags/daily_student_pipeline.py for tasks to queue
[2026-04-04T05:56:13.355+0000] {logging_mixin.py:188} INFO - [2026-04-04T05:56:13.355+0000] {dagbag.py:538} INFO - Filling up the DagBag from /opt/airflow/dags/daily_student_pipeline.py
[2026-04-04T05:56:13.393+0000] {processor.py:840} INFO - DAG(s) 'daily_student_pipeline' retrieved from /opt/airflow/dags/daily_student_pipeline.py
[2026-04-04T05:56:13.427+0000] {logging_mixin.py:188} INFO - [2026-04-04T05:56:13.427+0000] {dag.py:3036} INFO - Sync 1 DAGs
[2026-04-04T05:56:13.457+0000] {logging_mixin.py:188} INFO - [2026-04-04T05:56:13.456+0000] {dag.py:3823} INFO - Setting next_dagrun for daily_student_pipeline to 2026-04-04 02:00:00+00:00, run_after=2026-04-05 02:00:00+00:00
[2026-04-04T05:56:13.482+0000] {processor.py:183} INFO - Processing /opt/airflow/dags/daily_student_pipeline.py took 0.135 seconds
[2026-04-04T05:56:43.802+0000] {processor.py:161} INFO - Started process (PID=743) to work on /opt/airflow/dags/daily_student_pipeline.py
[2026-04-04T05:56:43.803+0000] {processor.py:830} INFO - Processing file /opt/airflow/dags/daily_student_pipeline.py for tasks to queue
[2026-04-04T05:56:43.804+0000] {logging_mixin.py:188} INFO - [2026-04-04T05:56:43.804+0000] {dagbag.py:538} INFO - Filling up the DagBag from /opt/airflow/dags/daily_student_pipeline.py
[2026-04-04T05:56:43.822+0000] {processor.py:840} INFO - DAG(s) 'daily_student_pipeline' retrieved from /opt/airflow/dags/daily_student_pipeline.py
[2026-04-04T05:56:43.862+0000] {logging_mixin.py:188} INFO - [2026-04-04T05:56:43.862+0000] {dag.py:3036} INFO - Sync 1 DAGs
[2026-04-04T05:56:43.883+0000] {logging_mixin.py:188} INFO - [2026-04-04T05:56:43.883+0000] {dag.py:3823} INFO - Setting next_dagrun for daily_student_pipeline to 2026-04-04 02:00:00+00:00, run_after=2026-04-05 02:00:00+00:00
[2026-04-04T05:56:43.921+0000] {processor.py:183} INFO - Processing /opt/airflow/dags/daily_student_pipeline.py took 0.122 seconds
[2026-04-04T05:57:14.740+0000] {processor.py:161} INFO - Started process (PID=766) to work on /opt/airflow/dags/daily_student_pipeline.py
[2026-04-04T05:57:14.742+0000] {processor.py:830} INFO - Processing file /opt/airflow/dags/daily_student_pipeline.py for tasks to queue
[2026-04-04T05:57:14.743+0000] {logging_mixin.py:188} INFO - [2026-04-04T05:57:14.743+0000] {dagbag.py:538} INFO - Filling up the DagBag from /opt/airflow/dags/daily_student_pipeline.py
[2026-04-04T05:57:14.768+0000] {processor.py:840} INFO - DAG(s) 'daily_student_pipeline' retrieved from /opt/airflow/dags/daily_student_pipeline.py
[2026-04-04T05:57:14.809+0000] {logging_mixin.py:188} INFO - [2026-04-04T05:57:14.809+0000] {dag.py:3036} INFO - Sync 1 DAGs
[2026-04-04T05:57:14.834+0000] {logging_mixin.py:188} INFO - [2026-04-04T05:57:14.834+0000] {dag.py:3823} INFO - Setting next_dagrun for daily_student_pipeline to 2026-04-04 02:00:00+00:00, run_after=2026-04-05 02:00:00+00:00
[2026-04-04T05:57:14.862+0000] {processor.py:183} INFO - Processing /opt/airflow/dags/daily_student_pipeline.py took 0.125 seconds
[2026-04-04T05:57:45.545+0000] {processor.py:161} INFO - Started process (PID=789) to work on /opt/airflow/dags/daily_student_pipeline.py
[2026-04-04T05:57:45.546+0000] {processor.py:830} INFO - Processing file /opt/airflow/dags/daily_student_pipeline.py for tasks to queue
[2026-04-04T05:57:45.547+0000] {logging_mixin.py:188} INFO - [2026-04-04T05:57:45.547+0000] {dagbag.py:538} INFO - Filling up the DagBag from /opt/airflow/dags/daily_student_pipeline.py
[2026-04-04T05:57:45.572+0000] {processor.py:840} INFO - DAG(s) 'daily_student_pipeline' retrieved from /opt/airflow/dags/daily_student_pipeline.py
[2026-04-04T05:57:45.601+0000] {logging_mixin.py:188} INFO - [2026-04-04T05:57:45.601+0000] {dag.py:3036} INFO - Sync 1 DAGs
[2026-04-04T05:57:45.626+0000] {logging_mixin.py:188} INFO - [2026-04-04T05:57:45.625+0000] {dag.py:3823} INFO - Setting next_dagrun for daily_student_pipeline to 2026-04-04 02:00:00+00:00, run_after=2026-04-05 02:00:00+00:00
[2026-04-04T05:57:45.648+0000] {processor.py:183} INFO - Processing /opt/airflow/dags/daily_student_pipeline.py took 0.107 seconds
[2026-04-04T05:58:16.552+0000] {processor.py:161} INFO - Started process (PID=812) to work on /opt/airflow/dags/daily_student_pipeline.py
[2026-04-04T05:58:16.556+0000] {processor.py:830} INFO - Processing file /opt/airflow/dags/daily_student_pipeline.py for tasks to queue
[2026-04-04T05:58:16.557+0000] {logging_mixin.py:188} INFO - [2026-04-04T05:58:16.557+0000] {dagbag.py:538} INFO - Filling up the DagBag from /opt/airflow/dags/daily_student_pipeline.py
[2026-04-04T05:58:16.629+0000] {processor.py:840} INFO - DAG(s) 'daily_student_pipeline' retrieved from /opt/airflow/dags/daily_student_pipeline.py
[2026-04-04T05:58:16.727+0000] {logging_mixin.py:188} INFO - [2026-04-04T05:58:16.727+0000] {dag.py:3036} INFO - Sync 1 DAGs
[2026-04-04T05:58:16.773+0000] {logging_mixin.py:188} INFO - [2026-04-04T05:58:16.773+0000] {dag.py:3823} INFO - Setting next_dagrun for daily_student_pipeline to 2026-04-04 02:00:00+00:00, run_after=2026-04-05 02:00:00+00:00
[2026-04-04T05:58:16.805+0000] {processor.py:183} INFO - Processing /opt/airflow/dags/daily_student_pipeline.py took 0.260 seconds
[2026-04-04T05:58:47.863+0000] {processor.py:161} INFO - Started process (PID=835) to work on /opt/airflow/dags/daily_student_pipeline.py
[2026-04-04T05:58:47.864+0000] {processor.py:830} INFO - Processing file /opt/airflow/dags/daily_student_pipeline.py for tasks to queue
[2026-04-04T05:58:47.866+0000] {logging_mixin.py:188} INFO - [2026-04-04T05:58:47.866+0000] {dagbag.py:538} INFO - Filling up the DagBag from /opt/airflow/dags/daily_student_pipeline.py
[2026-04-04T05:58:47.896+0000] {processor.py:840} INFO - DAG(s) 'daily_student_pipeline' retrieved from /opt/airflow/dags/daily_student_pipeline.py
[2026-04-04T05:58:47.934+0000] {logging_mixin.py:188} INFO - [2026-04-04T05:58:47.934+0000] {dag.py:3036} INFO - Sync 1 DAGs
[2026-04-04T05:58:47.987+0000] {logging_mixin.py:188} INFO - [2026-04-04T05:58:47.987+0000] {dag.py:3823} INFO - Setting next_dagrun for daily_student_pipeline to 2026-04-04 02:00:00+00:00, run_after=2026-04-05 02:00:00+00:00
[2026-04-04T05:58:48.029+0000] {processor.py:183} INFO - Processing /opt/airflow/dags/daily_student_pipeline.py took 0.170 seconds
[2026-04-04T05:59:18.867+0000] {processor.py:161} INFO - Started process (PID=858) to work on /opt/airflow/dags/daily_student_pipeline.py
[2026-04-04T05:59:18.868+0000] {processor.py:830} INFO - Processing file /opt/airflow/dags/daily_student_pipeline.py for tasks to queue
[2026-04-04T05:59:18.869+0000] {logging_mixin.py:188} INFO - [2026-04-04T05:59:18.869+0000] {dagbag.py:538} INFO - Filling up the DagBag from /opt/airflow/dags/daily_student_pipeline.py
[2026-04-04T05:59:18.893+0000] {processor.py:840} INFO - DAG(s) 'daily_student_pipeline' retrieved from /opt/airflow/dags/daily_student_pipeline.py
[2026-04-04T05:59:18.926+0000] {logging_mixin.py:188} INFO - [2026-04-04T05:59:18.925+0000] {dag.py:3036} INFO - Sync 1 DAGs
[2026-04-04T05:59:18.949+0000] {logging_mixin.py:188} INFO - [2026-04-04T05:59:18.949+0000] {dag.py:3823} INFO - Setting next_dagrun for daily_student_pipeline to 2026-04-04 02:00:00+00:00, run_after=2026-04-05 02:00:00+00:00
[2026-04-04T05:59:18.971+0000] {processor.py:183} INFO - Processing /opt/airflow/dags/daily_student_pipeline.py took 0.108 seconds
[2026-04-04T05:59:49.836+0000] {processor.py:161} INFO - Started process (PID=881) to work on /opt/airflow/dags/daily_student_pipeline.py
[2026-04-04T05:59:49.837+0000] {processor.py:830} INFO - Processing file /opt/airflow/dags/daily_student_pipeline.py for tasks to queue
[2026-04-04T05:59:49.838+0000] {logging_mixin.py:188} INFO - [2026-04-04T05:59:49.838+0000] {dagbag.py:538} INFO - Filling up the DagBag from /opt/airflow/dags/daily_student_pipeline.py
[2026-04-04T05:59:49.862+0000] {processor.py:840} INFO - DAG(s) 'daily_student_pipeline' retrieved from /opt/airflow/dags/daily_student_pipeline.py
[2026-04-04T05:59:49.893+0000] {logging_mixin.py:188} INFO - [2026-04-04T05:59:49.893+0000] {dag.py:3036} INFO - Sync 1 DAGs
[2026-04-04T05:59:49.918+0000] {logging_mixin.py:188} INFO - [2026-04-04T05:59:49.918+0000] {dag.py:3823} INFO - Setting next_dagrun for daily_student_pipeline to 2026-04-04 02:00:00+00:00, run_after=2026-04-05 02:00:00+00:00
[2026-04-04T05:59:49.940+0000] {processor.py:183} INFO - Processing /opt/airflow/dags/daily_student_pipeline.py took 0.107 seconds
[2026-04-04T06:00:20.625+0000] {processor.py:161} INFO - Started process (PID=896) to work on /opt/airflow/dags/daily_student_pipeline.py
[2026-04-04T06:00:20.626+0000] {processor.py:830} INFO - Processing file /opt/airflow/dags/daily_student_pipeline.py for tasks to queue
[2026-04-04T06:00:20.627+0000] {logging_mixin.py:188} INFO - [2026-04-04T06:00:20.627+0000] {dagbag.py:538} INFO - Filling up the DagBag from /opt/airflow/dags/daily_student_pipeline.py
[2026-04-04T06:00:20.650+0000] {processor.py:840} INFO - DAG(s) 'daily_student_pipeline' retrieved from /opt/airflow/dags/daily_student_pipeline.py
[2026-04-04T06:00:20.680+0000] {logging_mixin.py:188} INFO - [2026-04-04T06:00:20.680+0000] {dag.py:3036} INFO - Sync 1 DAGs
[2026-04-04T06:00:20.702+0000] {logging_mixin.py:188} INFO - [2026-04-04T06:00:20.702+0000] {dag.py:3823} INFO - Setting next_dagrun for daily_student_pipeline to 2026-04-04 02:00:00+00:00, run_after=2026-04-05 02:00:00+00:00
[2026-04-04T06:00:20.725+0000] {processor.py:183} INFO - Processing /opt/airflow/dags/daily_student_pipeline.py took 0.103 seconds
[2026-04-04T06:00:51.504+0000] {processor.py:161} INFO - Started process (PID=919) to work on /opt/airflow/dags/daily_student_pipeline.py
[2026-04-04T06:00:51.505+0000] {processor.py:830} INFO - Processing file /opt/airflow/dags/daily_student_pipeline.py for tasks to queue
[2026-04-04T06:00:51.506+0000] {logging_mixin.py:188} INFO - [2026-04-04T06:00:51.506+0000] {dagbag.py:538} INFO - Filling up the DagBag from /opt/airflow/dags/daily_student_pipeline.py
[2026-04-04T06:00:51.527+0000] {processor.py:840} INFO - DAG(s) 'daily_student_pipeline' retrieved from /opt/airflow/dags/daily_student_pipeline.py
[2026-04-04T06:00:51.558+0000] {logging_mixin.py:188} INFO - [2026-04-04T06:00:51.558+0000] {dag.py:3036} INFO - Sync 1 DAGs
[2026-04-04T06:00:51.582+0000] {logging_mixin.py:188} INFO - [2026-04-04T06:00:51.582+0000] {dag.py:3823} INFO - Setting next_dagrun for daily_student_pipeline to 2026-04-04 02:00:00+00:00, run_after=2026-04-05 02:00:00+00:00
[2026-04-04T06:00:51.605+0000] {processor.py:183} INFO - Processing /opt/airflow/dags/daily_student_pipeline.py took 0.103 seconds
[2026-04-04T06:01:22.415+0000] {processor.py:161} INFO - Started process (PID=942) to work on /opt/airflow/dags/daily_student_pipeline.py
[2026-04-04T06:01:22.416+0000] {processor.py:830} INFO - Processing file /opt/airflow/dags/daily_student_pipeline.py for tasks to queue
[2026-04-04T06:01:22.417+0000] {logging_mixin.py:188} INFO - [2026-04-04T06:01:22.417+0000] {dagbag.py:538} INFO - Filling up the DagBag from /opt/airflow/dags/daily_student_pipeline.py
[2026-04-04T06:01:22.447+0000] {processor.py:840} INFO - DAG(s) 'daily_student_pipeline' retrieved from /opt/airflow/dags/daily_student_pipeline.py
[2026-04-04T06:01:22.483+0000] {logging_mixin.py:188} INFO - [2026-04-04T06:01:22.482+0000] {dag.py:3036} INFO - Sync 1 DAGs
[2026-04-04T06:01:22.511+0000] {logging_mixin.py:188} INFO - [2026-04-04T06:01:22.511+0000] {dag.py:3823} INFO - Setting next_dagrun for daily_student_pipeline to 2026-04-04 02:00:00+00:00, run_after=2026-04-05 02:00:00+00:00
[2026-04-04T06:01:22.534+0000] {processor.py:183} INFO - Processing /opt/airflow/dags/daily_student_pipeline.py took 0.122 seconds
[2026-04-04T06:01:53.433+0000] {processor.py:161} INFO - Started process (PID=965) to work on /opt/airflow/dags/daily_student_pipeline.py
[2026-04-04T06:01:53.434+0000] {processor.py:830} INFO - Processing file /opt/airflow/dags/daily_student_pipeline.py for tasks to queue
[2026-04-04T06:01:53.438+0000] {logging_mixin.py:188} INFO - [2026-04-04T06:01:53.437+0000] {dagbag.py:538} INFO - Filling up the DagBag from /opt/airflow/dags/daily_student_pipeline.py
[2026-04-04T06:01:53.487+0000] {processor.py:840} INFO - DAG(s) 'daily_student_pipeline' retrieved from /opt/airflow/dags/daily_student_pipeline.py
[2026-04-04T06:01:53.554+0000] {logging_mixin.py:188} INFO - [2026-04-04T06:01:53.554+0000] {dag.py:3036} INFO - Sync 1 DAGs
[2026-04-04T06:01:53.605+0000] {logging_mixin.py:188} INFO - [2026-04-04T06:01:53.604+0000] {dag.py:3823} INFO - Setting next_dagrun for daily_student_pipeline to 2026-04-04 02:00:00+00:00, run_after=2026-04-05 02:00:00+00:00
[2026-04-04T06:01:53.660+0000] {processor.py:183} INFO - Processing /opt/airflow/dags/daily_student_pipeline.py took 0.234 seconds
[2026-04-04T06:02:23.867+0000] {processor.py:161} INFO - Started process (PID=988) to work on /opt/airflow/dags/daily_student_pipeline.py
[2026-04-04T06:02:23.868+0000] {processor.py:830} INFO - Processing file /opt/airflow/dags/daily_student_pipeline.py for tasks to queue
[2026-04-04T06:02:23.869+0000] {logging_mixin.py:188} INFO - [2026-04-04T06:02:23.868+0000] {dagbag.py:538} INFO - Filling up the DagBag from /opt/airflow/dags/daily_student_pipeline.py
[2026-04-04T06:02:23.904+0000] {processor.py:840} INFO - DAG(s) 'daily_student_pipeline' retrieved from /opt/airflow/dags/daily_student_pipeline.py
[2026-04-04T06:02:23.951+0000] {logging_mixin.py:188} INFO - [2026-04-04T06:02:23.951+0000] {dag.py:3036} INFO - Sync 1 DAGs
[2026-04-04T06:02:23.980+0000] {logging_mixin.py:188} INFO - [2026-04-04T06:02:23.980+0000] {dag.py:3823} INFO - Setting next_dagrun for daily_student_pipeline to 2026-04-04 02:00:00+00:00, run_after=2026-04-05 02:00:00+00:00
[2026-04-04T06:02:24.007+0000] {processor.py:183} INFO - Processing /opt/airflow/dags/daily_student_pipeline.py took 0.143 seconds
[2026-04-04T06:02:54.772+0000] {processor.py:161} INFO - Started process (PID=1011) to work on /opt/airflow/dags/daily_student_pipeline.py
[2026-04-04T06:02:54.774+0000] {processor.py:830} INFO - Processing file /opt/airflow/dags/daily_student_pipeline.py for tasks to queue
[2026-04-04T06:02:54.775+0000] {logging_mixin.py:188} INFO - [2026-04-04T06:02:54.775+0000] {dagbag.py:538} INFO - Filling up the DagBag from /opt/airflow/dags/daily_student_pipeline.py
[2026-04-04T06:02:54.798+0000] {processor.py:840} INFO - DAG(s) 'daily_student_pipeline' retrieved from /opt/airflow/dags/daily_student_pipeline.py
[2026-04-04T06:02:54.834+0000] {logging_mixin.py:188} INFO - [2026-04-04T06:02:54.834+0000] {dag.py:3036} INFO - Sync 1 DAGs
[2026-04-04T06:02:54.860+0000] {logging_mixin.py:188} INFO - [2026-04-04T06:02:54.860+0000] {dag.py:3823} INFO - Setting next_dagrun for daily_student_pipeline to 2026-04-04 02:00:00+00:00, run_after=2026-04-05 02:00:00+00:00
[2026-04-04T06:02:54.883+0000] {processor.py:183} INFO - Processing /opt/airflow/dags/daily_student_pipeline.py took 0.113 seconds
[2026-04-04T06:03:25.712+0000] {processor.py:161} INFO - Started process (PID=1034) to work on /opt/airflow/dags/daily_student_pipeline.py
[2026-04-04T06:03:25.713+0000] {processor.py:830} INFO - Processing file /opt/airflow/dags/daily_student_pipeline.py for tasks to queue
[2026-04-04T06:03:25.715+0000] {logging_mixin.py:188} INFO - [2026-04-04T06:03:25.714+0000] {dagbag.py:538} INFO - Filling up the DagBag from /opt/airflow/dags/daily_student_pipeline.py
[2026-04-04T06:03:25.754+0000] {processor.py:840} INFO - DAG(s) 'daily_student_pipeline' retrieved from /opt/airflow/dags/daily_student_pipeline.py
[2026-04-04T06:03:25.786+0000] {logging_mixin.py:188} INFO - [2026-04-04T06:03:25.786+0000] {dag.py:3036} INFO - Sync 1 DAGs
[2026-04-04T06:03:25.811+0000] {logging_mixin.py:188} INFO - [2026-04-04T06:03:25.811+0000] {dag.py:3823} INFO - Setting next_dagrun for daily_student_pipeline to 2026-04-04 02:00:00+00:00, run_after=2026-04-05 02:00:00+00:00
[2026-04-04T06:03:25.834+0000] {processor.py:183} INFO - Processing /opt/airflow/dags/daily_student_pipeline.py took 0.126 seconds
[2026-04-04T06:03:56.022+0000] {processor.py:161} INFO - Started process (PID=1057) to work on /opt/airflow/dags/daily_student_pipeline.py
[2026-04-04T06:03:56.027+0000] {processor.py:830} INFO - Processing file /opt/airflow/dags/daily_student_pipeline.py for tasks to queue
[2026-04-04T06:03:56.035+0000] {logging_mixin.py:188} INFO - [2026-04-04T06:03:56.031+0000] {dagbag.py:538} INFO - Filling up the DagBag from /opt/airflow/dags/daily_student_pipeline.py
[2026-04-04T06:03:56.115+0000] {processor.py:840} INFO - DAG(s) 'daily_student_pipeline' retrieved from /opt/airflow/dags/daily_student_pipeline.py
[2026-04-04T06:03:56.251+0000] {logging_mixin.py:188} INFO - [2026-04-04T06:03:56.251+0000] {dag.py:3036} INFO - Sync 1 DAGs
[2026-04-04T06:03:56.294+0000] {logging_mixin.py:188} INFO - [2026-04-04T06:03:56.293+0000] {dag.py:3823} INFO - Setting next_dagrun for daily_student_pipeline to 2026-04-04 02:00:00+00:00, run_after=2026-04-05 02:00:00+00:00
[2026-04-04T06:03:56.343+0000] {processor.py:183} INFO - Processing /opt/airflow/dags/daily_student_pipeline.py took 0.326 seconds
[2026-04-04T06:04:27.173+0000] {processor.py:161} INFO - Started process (PID=1080) to work on /opt/airflow/dags/daily_student_pipeline.py
[2026-04-04T06:04:27.175+0000] {processor.py:830} INFO - Processing file /opt/airflow/dags/daily_student_pipeline.py for tasks to queue
[2026-04-04T06:04:27.176+0000] {logging_mixin.py:188} INFO - [2026-04-04T06:04:27.176+0000] {dagbag.py:538} INFO - Filling up the DagBag from /opt/airflow/dags/daily_student_pipeline.py
[2026-04-04T06:04:27.208+0000] {processor.py:840} INFO - DAG(s) 'daily_student_pipeline' retrieved from /opt/airflow/dags/daily_student_pipeline.py
[2026-04-04T06:04:27.247+0000] {logging_mixin.py:188} INFO - [2026-04-04T06:04:27.247+0000] {dag.py:3036} INFO - Sync 1 DAGs
[2026-04-04T06:04:27.271+0000] {logging_mixin.py:188} INFO - [2026-04-04T06:04:27.271+0000] {dag.py:3823} INFO - Setting next_dagrun for daily_student_pipeline to 2026-04-04 02:00:00+00:00, run_after=2026-04-05 02:00:00+00:00
[2026-04-04T06:04:27.291+0000] {processor.py:183} INFO - Processing /opt/airflow/dags/daily_student_pipeline.py took 0.121 seconds
[2026-04-04T06:04:57.403+0000] {processor.py:161} INFO - Started process (PID=1103) to work on /opt/airflow/dags/daily_student_pipeline.py
[2026-04-04T06:04:57.404+0000] {processor.py:830} INFO - Processing file /opt/airflow/dags/daily_student_pipeline.py for tasks to queue
[2026-04-04T06:04:57.405+0000] {logging_mixin.py:188} INFO - [2026-04-04T06:04:57.405+0000] {dagbag.py:538} INFO - Filling up the DagBag from /opt/airflow/dags/daily_student_pipeline.py
[2026-04-04T06:04:57.428+0000] {processor.py:840} INFO - DAG(s) 'daily_student_pipeline' retrieved from /opt/airflow/dags/daily_student_pipeline.py
[2026-04-04T06:04:57.473+0000] {logging_mixin.py:188} INFO - [2026-04-04T06:04:57.473+0000] {dag.py:3036} INFO - Sync 1 DAGs
[2026-04-04T06:04:57.504+0000] {logging_mixin.py:188} INFO - [2026-04-04T06:04:57.504+0000] {dag.py:3823} INFO - Setting next_dagrun for daily_student_pipeline to 2026-04-04 02:00:00+00:00, run_after=2026-04-05 02:00:00+00:00
[2026-04-04T06:04:57.549+0000] {processor.py:183} INFO - Processing /opt/airflow/dags/daily_student_pipeline.py took 0.149 seconds
[2026-04-04T06:05:28.282+0000] {processor.py:161} INFO - Started process (PID=1126) to work on /opt/airflow/dags/daily_student_pipeline.py
[2026-04-04T06:05:28.283+0000] {processor.py:830} INFO - Processing file /opt/airflow/dags/daily_student_pipeline.py for tasks to queue
[2026-04-04T06:05:28.284+0000] {logging_mixin.py:188} INFO - [2026-04-04T06:05:28.283+0000] {dagbag.py:538} INFO - Filling up the DagBag from /opt/airflow/dags/daily_student_pipeline.py
[2026-04-04T06:05:28.308+0000] {processor.py:840} INFO - DAG(s) 'daily_student_pipeline' retrieved from /opt/airflow/dags/daily_student_pipeline.py
[2026-04-04T06:05:28.344+0000] {logging_mixin.py:188} INFO - [2026-04-04T06:05:28.343+0000] {dag.py:3036} INFO - Sync 1 DAGs
[2026-04-04T06:05:28.372+0000] {logging_mixin.py:188} INFO - [2026-04-04T06:05:28.372+0000] {dag.py:3823} INFO - Setting next_dagrun for daily_student_pipeline to 2026-04-04 02:00:00+00:00, run_after=2026-04-05 02:00:00+00:00
[2026-04-04T06:05:28.399+0000] {processor.py:183} INFO - Processing /opt/airflow/dags/daily_student_pipeline.py took 0.120 seconds
[2026-04-04T06:05:59.328+0000] {processor.py:161} INFO - Started process (PID=1149) to work on /opt/airflow/dags/daily_student_pipeline.py
[2026-04-04T06:05:59.329+0000] {processor.py:830} INFO - Processing file /opt/airflow/dags/daily_student_pipeline.py for tasks to queue
[2026-04-04T06:05:59.330+0000] {logging_mixin.py:188} INFO - [2026-04-04T06:05:59.330+0000] {dagbag.py:538} INFO - Filling up the DagBag from /opt/airflow/dags/daily_student_pipeline.py
[2026-04-04T06:05:59.353+0000] {processor.py:840} INFO - DAG(s) 'daily_student_pipeline' retrieved from /opt/airflow/dags/daily_student_pipeline.py
[2026-04-04T06:05:59.392+0000] {logging_mixin.py:188} INFO - [2026-04-04T06:05:59.391+0000] {dag.py:3036} INFO - Sync 1 DAGs
[2026-04-04T06:05:59.417+0000] {logging_mixin.py:188} INFO - [2026-04-04T06:05:59.417+0000] {dag.py:3823} INFO - Setting next_dagrun for daily_student_pipeline to 2026-04-04 02:00:00+00:00, run_after=2026-04-05 02:00:00+00:00
[2026-04-04T06:05:59.440+0000] {processor.py:183} INFO - Processing /opt/airflow/dags/daily_student_pipeline.py took 0.116 seconds
[2026-04-04T06:06:30.238+0000] {processor.py:161} INFO - Started process (PID=1172) to work on /opt/airflow/dags/daily_student_pipeline.py
[2026-04-04T06:06:30.239+0000] {processor.py:830} INFO - Processing file /opt/airflow/dags/daily_student_pipeline.py for tasks to queue
[2026-04-04T06:06:30.240+0000] {logging_mixin.py:188} INFO - [2026-04-04T06:06:30.240+0000] {dagbag.py:538} INFO - Filling up the DagBag from /opt/airflow/dags/daily_student_pipeline.py
[2026-04-04T06:06:30.261+0000] {processor.py:840} INFO - DAG(s) 'daily_student_pipeline' retrieved from /opt/airflow/dags/daily_student_pipeline.py
[2026-04-04T06:06:30.294+0000] {logging_mixin.py:188} INFO - [2026-04-04T06:06:30.293+0000] {dag.py:3036} INFO - Sync 1 DAGs
[2026-04-04T06:06:30.318+0000] {logging_mixin.py:188} INFO - [2026-04-04T06:06:30.318+0000] {dag.py:3823} INFO - Setting next_dagrun for daily_student_pipeline to 2026-04-04 02:00:00+00:00, run_after=2026-04-05 02:00:00+00:00
[2026-04-04T06:06:30.345+0000] {processor.py:183} INFO - Processing /opt/airflow/dags/daily_student_pipeline.py took 0.110 seconds
[2026-04-04T06:07:01.027+0000] {processor.py:161} INFO - Started process (PID=1195) to work on /opt/airflow/dags/daily_student_pipeline.py
[2026-04-04T06:07:01.029+0000] {processor.py:830} INFO - Processing file /opt/airflow/dags/daily_student_pipeline.py for tasks to queue
[2026-04-04T06:07:01.029+0000] {logging_mixin.py:188} INFO - [2026-04-04T06:07:01.029+0000] {dagbag.py:538} INFO - Filling up the DagBag from /opt/airflow/dags/daily_student_pipeline.py
[2026-04-04T06:07:01.051+0000] {processor.py:840} INFO - DAG(s) 'daily_student_pipeline' retrieved from /opt/airflow/dags/daily_student_pipeline.py
[2026-04-04T06:07:01.082+0000] {logging_mixin.py:188} INFO - [2026-04-04T06:07:01.082+0000] {dag.py:3036} INFO - Sync 1 DAGs
[2026-04-04T06:07:01.105+0000] {logging_mixin.py:188} INFO - [2026-04-04T06:07:01.105+0000] {dag.py:3823} INFO - Setting next_dagrun for daily_student_pipeline to 2026-04-04 02:00:00+00:00, run_after=2026-04-05 02:00:00+00:00
[2026-04-04T06:07:01.124+0000] {processor.py:183} INFO - Processing /opt/airflow/dags/daily_student_pipeline.py took 0.100 seconds
[2026-04-04T06:07:32.073+0000] {processor.py:161} INFO - Started process (PID=1218) to work on /opt/airflow/dags/daily_student_pipeline.py
[2026-04-04T06:07:32.074+0000] {processor.py:830} INFO - Processing file /opt/airflow/dags/daily_student_pipeline.py for tasks to queue
[2026-04-04T06:07:32.075+0000] {logging_mixin.py:188} INFO - [2026-04-04T06:07:32.075+0000] {dagbag.py:538} INFO - Filling up the DagBag from /opt/airflow/dags/daily_student_pipeline.py
[2026-04-04T06:07:32.128+0000] {processor.py:840} INFO - DAG(s) 'daily_student_pipeline' retrieved from /opt/airflow/dags/daily_student_pipeline.py
[2026-04-04T06:07:32.178+0000] {logging_mixin.py:188} INFO - [2026-04-04T06:07:32.177+0000] {dag.py:3036} INFO - Sync 1 DAGs
[2026-04-04T06:07:32.202+0000] {logging_mixin.py:188} INFO - [2026-04-04T06:07:32.202+0000] {dag.py:3823} INFO - Setting next_dagrun for daily_student_pipeline to 2026-04-04 02:00:00+00:00, run_after=2026-04-05 02:00:00+00:00
[2026-04-04T06:07:32.228+0000] {processor.py:183} INFO - Processing /opt/airflow/dags/daily_student_pipeline.py took 0.158 seconds
[2026-04-04T06:08:03.045+0000] {processor.py:161} INFO - Started process (PID=1241) to work on /opt/airflow/dags/daily_student_pipeline.py
[2026-04-04T06:08:03.046+0000] {processor.py:830} INFO - Processing file /opt/airflow/dags/daily_student_pipeline.py for tasks to queue
[2026-04-04T06:08:03.047+0000] {logging_mixin.py:188} INFO - [2026-04-04T06:08:03.047+0000] {dagbag.py:538} INFO - Filling up the DagBag from /opt/airflow/dags/daily_student_pipeline.py
[2026-04-04T06:08:03.068+0000] {processor.py:840} INFO - DAG(s) 'daily_student_pipeline' retrieved from /opt/airflow/dags/daily_student_pipeline.py
[2026-04-04T06:08:03.097+0000] {logging_mixin.py:188} INFO - [2026-04-04T06:08:03.097+0000] {dag.py:3036} INFO - Sync 1 DAGs
[2026-04-04T06:08:03.122+0000] {logging_mixin.py:188} INFO - [2026-04-04T06:08:03.122+0000] {dag.py:3823} INFO - Setting next_dagrun for daily_student_pipeline to 2026-04-04 02:00:00+00:00, run_after=2026-04-05 02:00:00+00:00
[2026-04-04T06:08:03.148+0000] {processor.py:183} INFO - Processing /opt/airflow/dags/daily_student_pipeline.py took 0.106 seconds
[2026-04-04T06:08:33.841+0000] {processor.py:161} INFO - Started process (PID=1264) to work on /opt/airflow/dags/daily_student_pipeline.py
[2026-04-04T06:08:33.842+0000] {processor.py:830} INFO - Processing file /opt/airflow/dags/daily_student_pipeline.py for tasks to queue
[2026-04-04T06:08:33.843+0000] {logging_mixin.py:188} INFO - [2026-04-04T06:08:33.843+0000] {dagbag.py:538} INFO - Filling up the DagBag from /opt/airflow/dags/daily_student_pipeline.py
[2026-04-04T06:08:33.870+0000] {processor.py:840} INFO - DAG(s) 'daily_student_pipeline' retrieved from /opt/airflow/dags/daily_student_pipeline.py
[2026-04-04T06:08:33.903+0000] {logging_mixin.py:188} INFO - [2026-04-04T06:08:33.903+0000] {dag.py:3036} INFO - Sync 1 DAGs
[2026-04-04T06:08:33.930+0000] {logging_mixin.py:188} INFO - [2026-04-04T06:08:33.930+0000] {dag.py:3823} INFO - Setting next_dagrun for daily_student_pipeline to 2026-04-04 02:00:00+00:00, run_after=2026-04-05 02:00:00+00:00
[2026-04-04T06:08:33.957+0000] {processor.py:183} INFO - Processing /opt/airflow/dags/daily_student_pipeline.py took 0.119 seconds
[2026-04-04T06:09:04.232+0000] {processor.py:161} INFO - Started process (PID=1287) to work on /opt/airflow/dags/daily_student_pipeline.py
[2026-04-04T06:09:04.234+0000] {processor.py:830} INFO - Processing file /opt/airflow/dags/daily_student_pipeline.py for tasks to queue
[2026-04-04T06:09:04.235+0000] {logging_mixin.py:188} INFO - [2026-04-04T06:09:04.235+0000] {dagbag.py:538} INFO - Filling up the DagBag from /opt/airflow/dags/daily_student_pipeline.py
[2026-04-04T06:09:04.260+0000] {processor.py:840} INFO - DAG(s) 'daily_student_pipeline' retrieved from /opt/airflow/dags/daily_student_pipeline.py
[2026-04-04T06:09:04.294+0000] {logging_mixin.py:188} INFO - [2026-04-04T06:09:04.293+0000] {dag.py:3036} INFO - Sync 1 DAGs
[2026-04-04T06:09:04.320+0000] {logging_mixin.py:188} INFO - [2026-04-04T06:09:04.320+0000] {dag.py:3823} INFO - Setting next_dagrun for daily_student_pipeline to 2026-04-04 02:00:00+00:00, run_after=2026-04-05 02:00:00+00:00
[2026-04-04T06:09:04.344+0000] {processor.py:183} INFO - Processing /opt/airflow/dags/daily_student_pipeline.py took 0.116 seconds
[2026-04-04T06:09:35.106+0000] {processor.py:161} INFO - Started process (PID=1310) to work on /opt/airflow/dags/daily_student_pipeline.py
[2026-04-04T06:09:35.108+0000] {processor.py:830} INFO - Processing file /opt/airflow/dags/daily_student_pipeline.py for tasks to queue
[2026-04-04T06:09:35.110+0000] {logging_mixin.py:188} INFO - [2026-04-04T06:09:35.109+0000] {dagbag.py:538} INFO - Filling up the DagBag from /opt/airflow/dags/daily_student_pipeline.py
[2026-04-04T06:09:35.144+0000] {processor.py:840} INFO - DAG(s) 'daily_student_pipeline' retrieved from /opt/airflow/dags/daily_student_pipeline.py
[2026-04-04T06:09:35.216+0000] {logging_mixin.py:188} INFO - [2026-04-04T06:09:35.216+0000] {dag.py:3036} INFO - Sync 1 DAGs
[2026-04-04T06:09:35.259+0000] {logging_mixin.py:188} INFO - [2026-04-04T06:09:35.258+0000] {dag.py:3823} INFO - Setting next_dagrun for daily_student_pipeline to 2026-04-04 02:00:00+00:00, run_after=2026-04-05 02:00:00+00:00
[2026-04-04T06:09:35.300+0000] {processor.py:183} INFO - Processing /opt/airflow/dags/daily_student_pipeline.py took 0.200 seconds
[2026-04-04T06:10:06.170+0000] {processor.py:161} INFO - Started process (PID=1333) to work on /opt/airflow/dags/daily_student_pipeline.py
[2026-04-04T06:10:06.172+0000] {processor.py:830} INFO - Processing file /opt/airflow/dags/daily_student_pipeline.py for tasks to queue
[2026-04-04T06:10:06.173+0000] {logging_mixin.py:188} INFO - [2026-04-04T06:10:06.173+0000] {dagbag.py:538} INFO - Filling up the DagBag from /opt/airflow/dags/daily_student_pipeline.py
[2026-04-04T06:10:06.199+0000] {processor.py:840} INFO - DAG(s) 'daily_student_pipeline' retrieved from /opt/airflow/dags/daily_student_pipeline.py
[2026-04-04T06:10:06.228+0000] {logging_mixin.py:188} INFO - [2026-04-04T06:10:06.228+0000] {dag.py:3036} INFO - Sync 1 DAGs
[2026-04-04T06:10:06.262+0000] {logging_mixin.py:188} INFO - [2026-04-04T06:10:06.261+0000] {dag.py:3823} INFO - Setting next_dagrun for daily_student_pipeline to 2026-04-04 02:00:00+00:00, run_after=2026-04-05 02:00:00+00:00
[2026-04-04T06:10:06.282+0000] {processor.py:183} INFO - Processing /opt/airflow/dags/daily_student_pipeline.py took 0.115 seconds
[2026-04-04T06:10:37.052+0000] {processor.py:161} INFO - Started process (PID=1356) to work on /opt/airflow/dags/daily_student_pipeline.py
[2026-04-04T06:10:37.053+0000] {processor.py:830} INFO - Processing file /opt/airflow/dags/daily_student_pipeline.py for tasks to queue
[2026-04-04T06:10:37.054+0000] {logging_mixin.py:188} INFO - [2026-04-04T06:10:37.053+0000] {dagbag.py:538} INFO - Filling up the DagBag from /opt/airflow/dags/daily_student_pipeline.py
[2026-04-04T06:10:37.072+0000] {processor.py:840} INFO - DAG(s) 'daily_student_pipeline' retrieved from /opt/airflow/dags/daily_student_pipeline.py
[2026-04-04T06:10:37.106+0000] {logging_mixin.py:188} INFO - [2026-04-04T06:10:37.106+0000] {dag.py:3036} INFO - Sync 1 DAGs
[2026-04-04T06:10:37.132+0000] {logging_mixin.py:188} INFO - [2026-04-04T06:10:37.132+0000] {dag.py:3823} INFO - Setting next_dagrun for daily_student_pipeline to 2026-04-04 02:00:00+00:00, run_after=2026-04-05 02:00:00+00:00
[2026-04-04T06:10:37.157+0000] {processor.py:183} INFO - Processing /opt/airflow/dags/daily_student_pipeline.py took 0.108 seconds
[2026-04-04T06:11:07.892+0000] {processor.py:161} INFO - Started process (PID=1379) to work on /opt/airflow/dags/daily_student_pipeline.py
[2026-04-04T06:11:07.893+0000] {processor.py:830} INFO - Processing file /opt/airflow/dags/daily_student_pipeline.py for tasks to queue
[2026-04-04T06:11:07.894+0000] {logging_mixin.py:188} INFO - [2026-04-04T06:11:07.894+0000] {dagbag.py:538} INFO - Filling up the DagBag from /opt/airflow/dags/daily_student_pipeline.py
[2026-04-04T06:11:07.916+0000] {processor.py:840} INFO - DAG(s) 'daily_student_pipeline' retrieved from /opt/airflow/dags/daily_student_pipeline.py
[2026-04-04T06:11:07.947+0000] {logging_mixin.py:188} INFO - [2026-04-04T06:11:07.947+0000] {dag.py:3036} INFO - Sync 1 DAGs
[2026-04-04T06:11:07.972+0000] {logging_mixin.py:188} INFO - [2026-04-04T06:11:07.972+0000] {dag.py:3823} INFO - Setting next_dagrun for daily_student_pipeline to 2026-04-04 02:00:00+00:00, run_after=2026-04-05 02:00:00+00:00
[2026-04-04T06:11:07.993+0000] {processor.py:183} INFO - Processing /opt/airflow/dags/daily_student_pipeline.py took 0.104 seconds
[2026-04-04T06:11:38.640+0000] {processor.py:161} INFO - Started process (PID=1402) to work on /opt/airflow/dags/daily_student_pipeline.py
[2026-04-04T06:11:38.641+0000] {processor.py:830} INFO - Processing file /opt/airflow/dags/daily_student_pipeline.py for tasks to queue
[2026-04-04T06:11:38.642+0000] {logging_mixin.py:188} INFO - [2026-04-04T06:11:38.642+0000] {dagbag.py:538} INFO - Filling up the DagBag from /opt/airflow/dags/daily_student_pipeline.py
[2026-04-04T06:11:38.672+0000] {processor.py:840} INFO - DAG(s) 'daily_student_pipeline' retrieved from /opt/airflow/dags/daily_student_pipeline.py
[2026-04-04T06:11:38.712+0000] {logging_mixin.py:188} INFO - [2026-04-04T06:11:38.711+0000] {dag.py:3036} INFO - Sync 1 DAGs
[2026-04-04T06:11:38.742+0000] {logging_mixin.py:188} INFO - [2026-04-04T06:11:38.741+0000] {dag.py:3823} INFO - Setting next_dagrun for daily_student_pipeline to 2026-04-04 02:00:00+00:00, run_after=2026-04-05 02:00:00+00:00
[2026-04-04T06:11:38.764+0000] {processor.py:183} INFO - Processing /opt/airflow/dags/daily_student_pipeline.py took 0.127 seconds
[2026-04-04T06:12:09.125+0000] {processor.py:161} INFO - Started process (PID=1425) to work on /opt/airflow/dags/daily_student_pipeline.py
[2026-04-04T06:12:09.126+0000] {processor.py:830} INFO - Processing file /opt/airflow/dags/daily_student_pipeline.py for tasks to queue
[2026-04-04T06:12:09.128+0000] {logging_mixin.py:188} INFO - [2026-04-04T06:12:09.127+0000] {dagbag.py:538} INFO - Filling up the DagBag from /opt/airflow/dags/daily_student_pipeline.py
[2026-04-04T06:12:09.153+0000] {processor.py:840} INFO - DAG(s) 'daily_student_pipeline' retrieved from /opt/airflow/dags/daily_student_pipeline.py
[2026-04-04T06:12:09.186+0000] {logging_mixin.py:188} INFO - [2026-04-04T06:12:09.186+0000] {dag.py:3036} INFO - Sync 1 DAGs
[2026-04-04T06:12:09.211+0000] {logging_mixin.py:188} INFO - [2026-04-04T06:12:09.211+0000] {dag.py:3823} INFO - Setting next_dagrun for daily_student_pipeline to 2026-04-04 02:00:00+00:00, run_after=2026-04-05 02:00:00+00:00
[2026-04-04T06:12:09.234+0000] {processor.py:183} INFO - Processing /opt/airflow/dags/daily_student_pipeline.py took 0.113 seconds
[2026-04-04T06:12:40.080+0000] {processor.py:161} INFO - Started process (PID=1448) to work on /opt/airflow/dags/daily_student_pipeline.py
[2026-04-04T06:12:40.085+0000] {processor.py:830} INFO - Processing file /opt/airflow/dags/daily_student_pipeline.py for tasks to queue
[2026-04-04T06:12:40.086+0000] {logging_mixin.py:188} INFO - [2026-04-04T06:12:40.086+0000] {dagbag.py:538} INFO - Filling up the DagBag from /opt/airflow/dags/daily_student_pipeline.py
[2026-04-04T06:12:40.115+0000] {processor.py:840} INFO - DAG(s) 'daily_student_pipeline' retrieved from /opt/airflow/dags/daily_student_pipeline.py
[2026-04-04T06:12:40.153+0000] {logging_mixin.py:188} INFO - [2026-04-04T06:12:40.153+0000] {dag.py:3036} INFO - Sync 1 DAGs
[2026-04-04T06:12:40.181+0000] {logging_mixin.py:188} INFO - [2026-04-04T06:12:40.180+0000] {dag.py:3823} INFO - Setting next_dagrun for daily_student_pipeline to 2026-04-04 02:00:00+00:00, run_after=2026-04-05 02:00:00+00:00
[2026-04-04T06:12:40.207+0000] {processor.py:183} INFO - Processing /opt/airflow/dags/daily_student_pipeline.py took 0.133 seconds
[2026-04-04T06:13:10.918+0000] {processor.py:161} INFO - Started process (PID=1471) to work on /opt/airflow/dags/daily_student_pipeline.py
[2026-04-04T06:13:10.919+0000] {processor.py:830} INFO - Processing file /opt/airflow/dags/daily_student_pipeline.py for tasks to queue
[2026-04-04T06:13:10.921+0000] {logging_mixin.py:188} INFO - [2026-04-04T06:13:10.920+0000] {dagbag.py:538} INFO - Filling up the DagBag from /opt/airflow/dags/daily_student_pipeline.py
[2026-04-04T06:13:10.948+0000] {processor.py:840} INFO - DAG(s) 'daily_student_pipeline' retrieved from /opt/airflow/dags/daily_student_pipeline.py
[2026-04-04T06:13:10.986+0000] {logging_mixin.py:188} INFO - [2026-04-04T06:13:10.986+0000] {dag.py:3036} INFO - Sync 1 DAGs
[2026-04-04T06:13:11.012+0000] {logging_mixin.py:188} INFO - [2026-04-04T06:13:11.012+0000] {dag.py:3823} INFO - Setting next_dagrun for daily_student_pipeline to 2026-04-04 02:00:00+00:00, run_after=2026-04-05 02:00:00+00:00
[2026-04-04T06:13:11.040+0000] {processor.py:183} INFO - Processing /opt/airflow/dags/daily_student_pipeline.py took 0.125 seconds
[2026-04-04T06:13:41.784+0000] {processor.py:161} INFO - Started process (PID=1494) to work on /opt/airflow/dags/daily_student_pipeline.py
[2026-04-04T06:13:41.785+0000] {processor.py:830} INFO - Processing file /opt/airflow/dags/daily_student_pipeline.py for tasks to queue
[2026-04-04T06:13:41.786+0000] {logging_mixin.py:188} INFO - [2026-04-04T06:13:41.786+0000] {dagbag.py:538} INFO - Filling up the DagBag from /opt/airflow/dags/daily_student_pipeline.py
[2026-04-04T06:13:41.810+0000] {processor.py:840} INFO - DAG(s) 'daily_student_pipeline' retrieved from /opt/airflow/dags/daily_student_pipeline.py
[2026-04-04T06:13:41.843+0000] {logging_mixin.py:188} INFO - [2026-04-04T06:13:41.842+0000] {dag.py:3036} INFO - Sync 1 DAGs
[2026-04-04T06:13:41.872+0000] {logging_mixin.py:188} INFO - [2026-04-04T06:13:41.872+0000] {dag.py:3823} INFO - Setting next_dagrun for daily_student_pipeline to 2026-04-04 02:00:00+00:00, run_after=2026-04-05 02:00:00+00:00
[2026-04-04T06:13:41.899+0000] {processor.py:183} INFO - Processing /opt/airflow/dags/daily_student_pipeline.py took 0.118 seconds
[2026-04-04T06:14:12.602+0000] {processor.py:161} INFO - Started process (PID=1517) to work on /opt/airflow/dags/daily_student_pipeline.py
[2026-04-04T06:14:12.603+0000] {processor.py:830} INFO - Processing file /opt/airflow/dags/daily_student_pipeline.py for tasks to queue
[2026-04-04T06:14:12.604+0000] {logging_mixin.py:188} INFO - [2026-04-04T06:14:12.604+0000] {dagbag.py:538} INFO - Filling up the DagBag from /opt/airflow/dags/daily_student_pipeline.py
[2026-04-04T06:14:12.632+0000] {processor.py:840} INFO - DAG(s) 'daily_student_pipeline' retrieved from /opt/airflow/dags/daily_student_pipeline.py
[2026-04-04T06:14:12.679+0000] {logging_mixin.py:188} INFO - [2026-04-04T06:14:12.679+0000] {dag.py:3036} INFO - Sync 1 DAGs
[2026-04-04T06:14:12.713+0000] {logging_mixin.py:188} INFO - [2026-04-04T06:14:12.713+0000] {dag.py:3823} INFO - Setting next_dagrun for daily_student_pipeline to 2026-04-04 02:00:00+00:00, run_after=2026-04-05 02:00:00+00:00
[2026-04-04T06:14:12.739+0000] {processor.py:183} INFO - Processing /opt/airflow/dags/daily_student_pipeline.py took 0.140 seconds
[2026-04-04T06:14:43.507+0000] {processor.py:161} INFO - Started process (PID=1540) to work on /opt/airflow/dags/daily_student_pipeline.py
[2026-04-04T06:14:43.509+0000] {processor.py:830} INFO - Processing file /opt/airflow/dags/daily_student_pipeline.py for tasks to queue
[2026-04-04T06:14:43.510+0000] {logging_mixin.py:188} INFO - [2026-04-04T06:14:43.509+0000] {dagbag.py:538} INFO - Filling up the DagBag from /opt/airflow/dags/daily_student_pipeline.py
[2026-04-04T06:14:43.544+0000] {processor.py:840} INFO - DAG(s) 'daily_student_pipeline' retrieved from /opt/airflow/dags/daily_student_pipeline.py
[2026-04-04T06:14:43.581+0000] {logging_mixin.py:188} INFO - [2026-04-04T06:14:43.581+0000] {dag.py:3036} INFO - Sync 1 DAGs
[2026-04-04T06:14:43.617+0000] {logging_mixin.py:188} INFO - [2026-04-04T06:14:43.617+0000] {dag.py:3823} INFO - Setting next_dagrun for daily_student_pipeline to 2026-04-04 02:00:00+00:00, run_after=2026-04-05 02:00:00+00:00
[2026-04-04T06:14:43.649+0000] {processor.py:183} INFO - Processing /opt/airflow/dags/daily_student_pipeline.py took 0.154 seconds
[2026-04-04T06:15:14.419+0000] {processor.py:161} INFO - Started process (PID=1563) to work on /opt/airflow/dags/daily_student_pipeline.py
[2026-04-04T06:15:14.420+0000] {processor.py:830} INFO - Processing file /opt/airflow/dags/daily_student_pipeline.py for tasks to queue
[2026-04-04T06:15:14.421+0000] {logging_mixin.py:188} INFO - [2026-04-04T06:15:14.421+0000] {dagbag.py:538} INFO - Filling up the DagBag from /opt/airflow/dags/daily_student_pipeline.py
[2026-04-04T06:15:14.442+0000] {processor.py:840} INFO - DAG(s) 'daily_student_pipeline' retrieved from /opt/airflow/dags/daily_student_pipeline.py
[2026-04-04T06:15:14.472+0000] {logging_mixin.py:188} INFO - [2026-04-04T06:15:14.472+0000] {dag.py:3036} INFO - Sync 1 DAGs
[2026-04-04T06:15:14.496+0000] {logging_mixin.py:188} INFO - [2026-04-04T06:15:14.495+0000] {dag.py:3823} INFO - Setting next_dagrun for daily_student_pipeline to 2026-04-04 02:00:00+00:00, run_after=2026-04-05 02:00:00+00:00
[2026-04-04T06:15:14.520+0000] {processor.py:183} INFO - Processing /opt/airflow/dags/daily_student_pipeline.py took 0.105 seconds
[2026-04-04T06:15:45.211+0000] {processor.py:161} INFO - Started process (PID=1586) to work on /opt/airflow/dags/daily_student_pipeline.py
[2026-04-04T06:15:45.212+0000] {processor.py:830} INFO - Processing file /opt/airflow/dags/daily_student_pipeline.py for tasks to queue
[2026-04-04T06:15:45.213+0000] {logging_mixin.py:188} INFO - [2026-04-04T06:15:45.212+0000] {dagbag.py:538} INFO - Filling up the DagBag from /opt/airflow/dags/daily_student_pipeline.py
[2026-04-04T06:15:45.236+0000] {processor.py:840} INFO - DAG(s) 'daily_student_pipeline' retrieved from /opt/airflow/dags/daily_student_pipeline.py
[2026-04-04T06:15:45.270+0000] {logging_mixin.py:188} INFO - [2026-04-04T06:15:45.270+0000] {dag.py:3036} INFO - Sync 1 DAGs
[2026-04-04T06:15:45.294+0000] {logging_mixin.py:188} INFO - [2026-04-04T06:15:45.294+0000] {dag.py:3823} INFO - Setting next_dagrun for daily_student_pipeline to 2026-04-04 02:00:00+00:00, run_after=2026-04-05 02:00:00+00:00
[2026-04-04T06:15:45.316+0000] {processor.py:183} INFO - Processing /opt/airflow/dags/daily_student_pipeline.py took 0.109 seconds
[2026-04-04T06:16:16.007+0000] {processor.py:161} INFO - Started process (PID=1609) to work on /opt/airflow/dags/daily_student_pipeline.py
[2026-04-04T06:16:16.009+0000] {processor.py:830} INFO - Processing file /opt/airflow/dags/daily_student_pipeline.py for tasks to queue
[2026-04-04T06:16:16.010+0000] {logging_mixin.py:188} INFO - [2026-04-04T06:16:16.009+0000] {dagbag.py:538} INFO - Filling up the DagBag from /opt/airflow/dags/daily_student_pipeline.py
[2026-04-04T06:16:16.039+0000] {processor.py:840} INFO - DAG(s) 'daily_student_pipeline' retrieved from /opt/airflow/dags/daily_student_pipeline.py
[2026-04-04T06:16:16.077+0000] {logging_mixin.py:188} INFO - [2026-04-04T06:16:16.077+0000] {dag.py:3036} INFO - Sync 1 DAGs
[2026-04-04T06:16:16.111+0000] {logging_mixin.py:188} INFO - [2026-04-04T06:16:16.110+0000] {dag.py:3823} INFO - Setting next_dagrun for daily_student_pipeline to 2026-04-04 02:00:00+00:00, run_after=2026-04-05 02:00:00+00:00
[2026-04-04T06:16:16.144+0000] {processor.py:183} INFO - Processing /opt/airflow/dags/daily_student_pipeline.py took 0.140 seconds
[2026-04-04T06:16:46.921+0000] {processor.py:161} INFO - Started process (PID=1632) to work on /opt/airflow/dags/daily_student_pipeline.py
[2026-04-04T06:16:46.922+0000] {processor.py:830} INFO - Processing file /opt/airflow/dags/daily_student_pipeline.py for tasks to queue
[2026-04-04T06:16:46.923+0000] {logging_mixin.py:188} INFO - [2026-04-04T06:16:46.923+0000] {dagbag.py:538} INFO - Filling up the DagBag from /opt/airflow/dags/daily_student_pipeline.py
[2026-04-04T06:16:46.943+0000] {processor.py:840} INFO - DAG(s) 'daily_student_pipeline' retrieved from /opt/airflow/dags/daily_student_pipeline.py
[2026-04-04T06:16:46.985+0000] {logging_mixin.py:188} INFO - [2026-04-04T06:16:46.985+0000] {dag.py:3036} INFO - Sync 1 DAGs
[2026-04-04T06:16:47.013+0000] {logging_mixin.py:188} INFO - [2026-04-04T06:16:47.013+0000] {dag.py:3823} INFO - Setting next_dagrun for daily_student_pipeline to 2026-04-04 02:00:00+00:00, run_after=2026-04-05 02:00:00+00:00
[2026-04-04T06:16:47.038+0000] {processor.py:183} INFO - Processing /opt/airflow/dags/daily_student_pipeline.py took 0.120 seconds
[2026-04-04T06:17:17.772+0000] {processor.py:161} INFO - Started process (PID=1655) to work on /opt/airflow/dags/daily_student_pipeline.py
[2026-04-04T06:17:17.773+0000] {processor.py:830} INFO - Processing file /opt/airflow/dags/daily_student_pipeline.py for tasks to queue
[2026-04-04T06:17:17.774+0000] {logging_mixin.py:188} INFO - [2026-04-04T06:17:17.774+0000] {dagbag.py:538} INFO - Filling up the DagBag from /opt/airflow/dags/daily_student_pipeline.py
[2026-04-04T06:17:17.795+0000] {processor.py:840} INFO - DAG(s) 'daily_student_pipeline' retrieved from /opt/airflow/dags/daily_student_pipeline.py
[2026-04-04T06:17:17.833+0000] {logging_mixin.py:188} INFO - [2026-04-04T06:17:17.833+0000] {dag.py:3036} INFO - Sync 1 DAGs
[2026-04-04T06:17:17.856+0000] {logging_mixin.py:188} INFO - [2026-04-04T06:17:17.856+0000] {dag.py:3823} INFO - Setting next_dagrun for daily_student_pipeline to 2026-04-04 02:00:00+00:00, run_after=2026-04-05 02:00:00+00:00
[2026-04-04T06:17:17.880+0000] {processor.py:183} INFO - Processing /opt/airflow/dags/daily_student_pipeline.py took 0.111 seconds
[2026-04-04T06:17:48.577+0000] {processor.py:161} INFO - Started process (PID=1678) to work on /opt/airflow/dags/daily_student_pipeline.py
[2026-04-04T06:17:48.578+0000] {processor.py:830} INFO - Processing file /opt/airflow/dags/daily_student_pipeline.py for tasks to queue
[2026-04-04T06:17:48.579+0000] {logging_mixin.py:188} INFO - [2026-04-04T06:17:48.579+0000] {dagbag.py:538} INFO - Filling up the DagBag from /opt/airflow/dags/daily_student_pipeline.py
[2026-04-04T06:17:48.604+0000] {processor.py:840} INFO - DAG(s) 'daily_student_pipeline' retrieved from /opt/airflow/dags/daily_student_pipeline.py
[2026-04-04T06:17:48.638+0000] {logging_mixin.py:188} INFO - [2026-04-04T06:17:48.638+0000] {dag.py:3036} INFO - Sync 1 DAGs
[2026-04-04T06:17:48.665+0000] {logging_mixin.py:188} INFO - [2026-04-04T06:17:48.665+0000] {dag.py:3823} INFO - Setting next_dagrun for daily_student_pipeline to 2026-04-04 02:00:00+00:00, run_after=2026-04-05 02:00:00+00:00
[2026-04-04T06:17:48.689+0000] {processor.py:183} INFO - Processing /opt/airflow/dags/daily_student_pipeline.py took 0.115 seconds
[2026-04-04T06:18:19.447+0000] {processor.py:161} INFO - Started process (PID=1701) to work on /opt/airflow/dags/daily_student_pipeline.py
[2026-04-04T06:18:19.448+0000] {processor.py:830} INFO - Processing file /opt/airflow/dags/daily_student_pipeline.py for tasks to queue
[2026-04-04T06:18:19.449+0000] {logging_mixin.py:188} INFO - [2026-04-04T06:18:19.449+0000] {dagbag.py:538} INFO - Filling up the DagBag from /opt/airflow/dags/daily_student_pipeline.py
[2026-04-04T06:18:19.473+0000] {processor.py:840} INFO - DAG(s) 'daily_student_pipeline' retrieved from /opt/airflow/dags/daily_student_pipeline.py
[2026-04-04T06:18:19.499+0000] {logging_mixin.py:188} INFO - [2026-04-04T06:18:19.499+0000] {dag.py:3036} INFO - Sync 1 DAGs
[2026-04-04T06:18:19.521+0000] {logging_mixin.py:188} INFO - [2026-04-04T06:18:19.520+0000] {dag.py:3823} INFO - Setting next_dagrun for daily_student_pipeline to 2026-04-04 02:00:00+00:00, run_after=2026-04-05 02:00:00+00:00
[2026-04-04T06:18:19.542+0000] {processor.py:183} INFO - Processing /opt/airflow/dags/daily_student_pipeline.py took 0.097 seconds
[2026-04-04T06:18:50.296+0000] {processor.py:161} INFO - Started process (PID=1723) to work on /opt/airflow/dags/daily_student_pipeline.py
[2026-04-04T06:18:50.298+0000] {processor.py:830} INFO - Processing file /opt/airflow/dags/daily_student_pipeline.py for tasks to queue
[2026-04-04T06:18:50.300+0000] {logging_mixin.py:188} INFO - [2026-04-04T06:18:50.299+0000] {dagbag.py:538} INFO - Filling up the DagBag from /opt/airflow/dags/daily_student_pipeline.py
[2026-04-04T06:18:50.403+0000] {processor.py:840} INFO - DAG(s) 'daily_student_pipeline' retrieved from /opt/airflow/dags/daily_student_pipeline.py
[2026-04-04T06:18:50.515+0000] {logging_mixin.py:188} INFO - [2026-04-04T06:18:50.515+0000] {dag.py:3036} INFO - Sync 1 DAGs
[2026-04-04T06:18:50.556+0000] {logging_mixin.py:188} INFO - [2026-04-04T06:18:50.556+0000] {dag.py:3823} INFO - Setting next_dagrun for daily_student_pipeline to 2026-04-04 02:00:00+00:00, run_after=2026-04-05 02:00:00+00:00
[2026-04-04T06:18:50.585+0000] {processor.py:183} INFO - Processing /opt/airflow/dags/daily_student_pipeline.py took 0.298 seconds
[2026-04-04T06:19:20.718+0000] {processor.py:161} INFO - Started process (PID=1746) to work on /opt/airflow/dags/daily_student_pipeline.py
[2026-04-04T06:19:20.719+0000] {processor.py:830} INFO - Processing file /opt/airflow/dags/daily_student_pipeline.py for tasks to queue
[2026-04-04T06:19:20.721+0000] {logging_mixin.py:188} INFO - [2026-04-04T06:19:20.720+0000] {dagbag.py:538} INFO - Filling up the DagBag from /opt/airflow/dags/daily_student_pipeline.py
[2026-04-04T06:19:20.741+0000] {processor.py:840} INFO - DAG(s) 'daily_student_pipeline' retrieved from /opt/airflow/dags/daily_student_pipeline.py
[2026-04-04T06:19:20.775+0000] {logging_mixin.py:188} INFO - [2026-04-04T06:19:20.775+0000] {dag.py:3036} INFO - Sync 1 DAGs
[2026-04-04T06:19:20.798+0000] {logging_mixin.py:188} INFO - [2026-04-04T06:19:20.798+0000] {dag.py:3823} INFO - Setting next_dagrun for daily_student_pipeline to 2026-04-04 02:00:00+00:00, run_after=2026-04-05 02:00:00+00:00
[2026-04-04T06:19:20.818+0000] {processor.py:183} INFO - Processing /opt/airflow/dags/daily_student_pipeline.py took 0.105 seconds
[2026-04-04T06:19:51.473+0000] {processor.py:161} INFO - Started process (PID=1761) to work on /opt/airflow/dags/daily_student_pipeline.py
[2026-04-04T06:19:51.475+0000] {processor.py:830} INFO - Processing file /opt/airflow/dags/daily_student_pipeline.py for tasks to queue
[2026-04-04T06:19:51.476+0000] {logging_mixin.py:188} INFO - [2026-04-04T06:19:51.475+0000] {dagbag.py:538} INFO - Filling up the DagBag from /opt/airflow/dags/daily_student_pipeline.py
[2026-04-04T06:19:51.498+0000] {processor.py:840} INFO - DAG(s) 'daily_student_pipeline' retrieved from /opt/airflow/dags/daily_student_pipeline.py
[2026-04-04T06:19:51.531+0000] {logging_mixin.py:188} INFO - [2026-04-04T06:19:51.531+0000] {dag.py:3036} INFO - Sync 1 DAGs
[2026-04-04T06:19:51.557+0000] {logging_mixin.py:188} INFO - [2026-04-04T06:19:51.557+0000] {dag.py:3823} INFO - Setting next_dagrun for daily_student_pipeline to 2026-04-04 02:00:00+00:00, run_after=2026-04-05 02:00:00+00:00
[2026-04-04T06:19:51.582+0000] {processor.py:183} INFO - Processing /opt/airflow/dags/daily_student_pipeline.py took 0.112 seconds
[2026-04-04T06:20:22.280+0000] {processor.py:161} INFO - Started process (PID=1784) to work on /opt/airflow/dags/daily_student_pipeline.py
[2026-04-04T06:20:22.281+0000] {processor.py:830} INFO - Processing file /opt/airflow/dags/daily_student_pipeline.py for tasks to queue
[2026-04-04T06:20:22.282+0000] {logging_mixin.py:188} INFO - [2026-04-04T06:20:22.282+0000] {dagbag.py:538} INFO - Filling up the DagBag from /opt/airflow/dags/daily_student_pipeline.py
[2026-04-04T06:20:22.301+0000] {processor.py:840} INFO - DAG(s) 'daily_student_pipeline' retrieved from /opt/airflow/dags/daily_student_pipeline.py
[2026-04-04T06:20:22.333+0000] {logging_mixin.py:188} INFO - [2026-04-04T06:20:22.333+0000] {dag.py:3036} INFO - Sync 1 DAGs
[2026-04-04T06:20:22.360+0000] {logging_mixin.py:188} INFO - [2026-04-04T06:20:22.360+0000] {dag.py:3823} INFO - Setting next_dagrun for daily_student_pipeline to 2026-04-04 02:00:00+00:00, run_after=2026-04-05 02:00:00+00:00
[2026-04-04T06:20:22.384+0000] {processor.py:183} INFO - Processing /opt/airflow/dags/daily_student_pipeline.py took 0.107 seconds
[2026-04-04T06:20:52.452+0000] {processor.py:161} INFO - Started process (PID=1807) to work on /opt/airflow/dags/daily_student_pipeline.py
[2026-04-04T06:20:52.453+0000] {processor.py:830} INFO - Processing file /opt/airflow/dags/daily_student_pipeline.py for tasks to queue
[2026-04-04T06:20:52.454+0000] {logging_mixin.py:188} INFO - [2026-04-04T06:20:52.454+0000] {dagbag.py:538} INFO - Filling up the DagBag from /opt/airflow/dags/daily_student_pipeline.py
[2026-04-04T06:20:52.475+0000] {processor.py:840} INFO - DAG(s) 'daily_student_pipeline' retrieved from /opt/airflow/dags/daily_student_pipeline.py
[2026-04-04T06:20:52.505+0000] {logging_mixin.py:188} INFO - [2026-04-04T06:20:52.504+0000] {dag.py:3036} INFO - Sync 1 DAGs
[2026-04-04T06:20:52.529+0000] {logging_mixin.py:188} INFO - [2026-04-04T06:20:52.529+0000] {dag.py:3823} INFO - Setting next_dagrun for daily_student_pipeline to 2026-04-04 02:00:00+00:00, run_after=2026-04-05 02:00:00+00:00
[2026-04-04T06:20:52.553+0000] {processor.py:183} INFO - Processing /opt/airflow/dags/daily_student_pipeline.py took 0.103 seconds
[2026-04-04T06:21:23.207+0000] {processor.py:161} INFO - Started process (PID=1830) to work on /opt/airflow/dags/daily_student_pipeline.py
[2026-04-04T06:21:23.208+0000] {processor.py:830} INFO - Processing file /opt/airflow/dags/daily_student_pipeline.py for tasks to queue
[2026-04-04T06:21:23.209+0000] {logging_mixin.py:188} INFO - [2026-04-04T06:21:23.209+0000] {dagbag.py:538} INFO - Filling up the DagBag from /opt/airflow/dags/daily_student_pipeline.py
[2026-04-04T06:21:23.230+0000] {processor.py:840} INFO - DAG(s) 'daily_student_pipeline' retrieved from /opt/airflow/dags/daily_student_pipeline.py
[2026-04-04T06:21:23.263+0000] {logging_mixin.py:188} INFO - [2026-04-04T06:21:23.263+0000] {dag.py:3036} INFO - Sync 1 DAGs
[2026-04-04T06:21:23.295+0000] {logging_mixin.py:188} INFO - [2026-04-04T06:21:23.294+0000] {dag.py:3823} INFO - Setting next_dagrun for daily_student_pipeline to 2026-04-04 02:00:00+00:00, run_after=2026-04-05 02:00:00+00:00
[2026-04-04T06:21:23.314+0000] {processor.py:183} INFO - Processing /opt/airflow/dags/daily_student_pipeline.py took 0.110 seconds
[2026-04-04T06:21:53.451+0000] {processor.py:161} INFO - Started process (PID=1853) to work on /opt/airflow/dags/daily_student_pipeline.py
[2026-04-04T06:21:53.452+0000] {processor.py:830} INFO - Processing file /opt/airflow/dags/daily_student_pipeline.py for tasks to queue
[2026-04-04T06:21:53.453+0000] {logging_mixin.py:188} INFO - [2026-04-04T06:21:53.452+0000] {dagbag.py:538} INFO - Filling up the DagBag from /opt/airflow/dags/daily_student_pipeline.py
[2026-04-04T06:21:53.474+0000] {processor.py:840} INFO - DAG(s) 'daily_student_pipeline' retrieved from /opt/airflow/dags/daily_student_pipeline.py
[2026-04-04T06:21:53.505+0000] {logging_mixin.py:188} INFO - [2026-04-04T06:21:53.505+0000] {dag.py:3036} INFO - Sync 1 DAGs
[2026-04-04T06:21:53.531+0000] {logging_mixin.py:188} INFO - [2026-04-04T06:21:53.530+0000] {dag.py:3823} INFO - Setting next_dagrun for daily_student_pipeline to 2026-04-04 02:00:00+00:00, run_after=2026-04-05 02:00:00+00:00
[2026-04-04T06:21:53.557+0000] {processor.py:183} INFO - Processing /opt/airflow/dags/daily_student_pipeline.py took 0.110 seconds
[2026-04-04T06:22:24.268+0000] {processor.py:161} INFO - Started process (PID=1876) to work on /opt/airflow/dags/daily_student_pipeline.py
[2026-04-04T06:22:24.269+0000] {processor.py:830} INFO - Processing file /opt/airflow/dags/daily_student_pipeline.py for tasks to queue
[2026-04-04T06:22:24.270+0000] {logging_mixin.py:188} INFO - [2026-04-04T06:22:24.270+0000] {dagbag.py:538} INFO - Filling up the DagBag from /opt/airflow/dags/daily_student_pipeline.py
[2026-04-04T06:22:24.294+0000] {processor.py:840} INFO - DAG(s) 'daily_student_pipeline' retrieved from /opt/airflow/dags/daily_student_pipeline.py
[2026-04-04T06:22:24.328+0000] {logging_mixin.py:188} INFO - [2026-04-04T06:22:24.328+0000] {dag.py:3036} INFO - Sync 1 DAGs
[2026-04-04T06:22:24.353+0000] {logging_mixin.py:188} INFO - [2026-04-04T06:22:24.353+0000] {dag.py:3823} INFO - Setting next_dagrun for daily_student_pipeline to 2026-04-04 02:00:00+00:00, run_after=2026-04-05 02:00:00+00:00
[2026-04-04T06:22:24.376+0000] {processor.py:183} INFO - Processing /opt/airflow/dags/daily_student_pipeline.py took 0.111 seconds
[2026-04-04T06:22:54.857+0000] {processor.py:161} INFO - Started process (PID=1899) to work on /opt/airflow/dags/daily_student_pipeline.py
[2026-04-04T06:22:54.859+0000] {processor.py:830} INFO - Processing file /opt/airflow/dags/daily_student_pipeline.py for tasks to queue
[2026-04-04T06:22:54.860+0000] {logging_mixin.py:188} INFO - [2026-04-04T06:22:54.859+0000] {dagbag.py:538} INFO - Filling up the DagBag from /opt/airflow/dags/daily_student_pipeline.py
[2026-04-04T06:22:54.880+0000] {processor.py:840} INFO - DAG(s) 'daily_student_pipeline' retrieved from /opt/airflow/dags/daily_student_pipeline.py
[2026-04-04T06:22:54.918+0000] {logging_mixin.py:188} INFO - [2026-04-04T06:22:54.918+0000] {dag.py:3036} INFO - Sync 1 DAGs
[2026-04-04T06:22:54.948+0000] {logging_mixin.py:188} INFO - [2026-04-04T06:22:54.948+0000] {dag.py:3823} INFO - Setting next_dagrun for daily_student_pipeline to 2026-04-04 02:00:00+00:00, run_after=2026-04-05 02:00:00+00:00
[2026-04-04T06:22:54.971+0000] {processor.py:183} INFO - Processing /opt/airflow/dags/daily_student_pipeline.py took 0.116 seconds
